makeproject-1       | Updating project files in data volume...
makeproject-1       | Waiting for MySQL server to start...
makeproject-1       | Creating database...
makeproject-1       | added platform: (create_time, name, user_friendly_name) values (1789575722, 'windows_intelx86', 'Microsoft Windows (98 or later) running on an Intel x86-compatible CPU')
makeproject-1       | added platform: (create_time, name, user_friendly_name) values (1789575722, 'windows_x86_64', 'Microsoft Windows running on an AMD x86_64 or Intel EM64T CPU')
client-desktop-1    | 16-Sep-2026 16:23:36 [---] Starting BOINC client version 7.20.5 for aarch64-unknown-linux-gnu
client-desktop-1    | 16-Sep-2026 16:23:36 [---] This a development version of BOINC and may not function properly
makeproject-1       | added platform: (create_time, name, user_friendly_name) values (1789575722, 'windows_arm64', 'Microsoft Windows running on ARM 64-bit')
makeproject-1       | added platform: (create_time, name, user_friendly_name) values (1789575722, 'i686-pc-linux-gnu', 'Linux running on an Intel x86-compatible CPU')
makeproject-1       | added platform: (create_time, name, user_friendly_name) values (1789575722, 'x86_64-pc-linux-gnu', 'Linux running on an AMD x86_64 or Intel EM64T CPU')
makeproject-1       | added platform: (create_time, name, user_friendly_name) values (1789575722, 'powerpc-apple-darwin', 'Mac OS X 10.3 or later running on Motorola PowerPC')
apache-1            | /usr/lib/python2.7/dist-packages/supervisor/options.py:461: UserWarning: Supervisord is running as root and it is searching for its configuration file in default locations (including its current working directory); you probably want to specify a "-c" argument specifying an absolute path to a configuration file for improved security.
apache-1            |   'Supervisord is running as root and it is searching '
client-desktop-1    | 16-Sep-2026 16:23:36 [---] log flags: file_xfer, sched_ops, task
client-desktop-1    | 16-Sep-2026 16:23:36 [---] Libraries: libcurl/7.88.1 OpenSSL/3.0.20 zlib/1.2.13 brotli/1.0.9 zstd/1.5.4 libidn2/2.3.3 libpsl/0.21.2 (+libidn2/2.3.3) libssh2/1.10.0 nghttp2/1.52.0 librtmp/2.3 OpenLDAP/2.5.13
client-desktop-1    | 16-Sep-2026 16:23:36 [---] Data directory: /var/lib/boinc-client
client-desktop-1    | 16-Sep-2026 16:23:36 [---] No usable GPUs found
client-desktop-1    | 16-Sep-2026 16:23:36 [---] Creating new client state file
client-low-power-1  | 16-Sep-2026 16:23:31 [---] Starting BOINC client version 7.20.5 for aarch64-unknown-linux-gnu
client-low-power-1  | 16-Sep-2026 16:23:31 [---] This a development version of BOINC and may not function properly
client-low-power-1  | 16-Sep-2026 16:23:31 [---] log flags: file_xfer, sched_ops, task
client-low-power-1  | 16-Sep-2026 16:23:31 [---] Libraries: libcurl/7.88.1 OpenSSL/3.0.20 zlib/1.2.13 brotli/1.0.9 zstd/1.5.4 libidn2/2.3.3 libpsl/0.21.2 (+libidn2/2.3.3) libssh2/1.10.0 nghttp2/1.52.0 librtmp/2.3 OpenLDAP/2.5.13
client-low-power-1  | 16-Sep-2026 16:23:31 [---] Data directory: /var/lib/boinc-client
client-low-power-1  | 16-Sep-2026 16:23:31 [---] No usable GPUs found
makeproject-1       | added platform: (create_time, name, user_friendly_name) values (1789575722, 'i686-apple-darwin', 'Mac OS 10.4 or later running on Intel')
makeproject-1       | added platform: (create_time, name, user_friendly_name) values (1789575722, 'x86_64-apple-darwin', 'Intel 64-bit Mac OS 10.5 or later')
makeproject-1       | added platform: (create_time, name, user_friendly_name) values (1789575722, 'arm64-apple-darwin', 'Mac OS running on ARM')
makeproject-1       | added platform: (create_time, name, user_friendly_name) values (1789575722, 'sparc-sun-solaris2.7', 'Solaris 2.7 running on a SPARC-compatible CPU')
mysql-1             | Initializing database
mysql-1             | 
mysql-1             | 
mysql-1             | PLEASE REMEMBER TO SET A PASSWORD FOR THE MariaDB root USER !
mysql-1             | To do so, start the server, then issue the following commands:
mysql-1             | 
mysql-1             | '/usr/bin/mysqladmin' -u root password 'new-password'
mysql-1             | '/usr/bin/mysqladmin' -u root -h  password 'new-password'
mysql-1             | 
mysql-1             | Alternatively you can run:
mysql-1             | '/usr/bin/mysql_secure_installation'
mysql-1             | 
mysql-1             | which will also give you the option of removing the test
makeproject-1       | added platform: (create_time, name, user_friendly_name) values (1789575722, 'sparc-sun-solaris', 'Solaris 2.8 or later running on a SPARC-compatible CPU')
makeproject-1       | added platform: (create_time, name, user_friendly_name) values (1789575722, 'sparc64-sun-solaris', 'Solaris 2.8 or later running on a SPARC 64-bit CPU')
client-desktop-1    | 16-Sep-2026 16:23:36 [---] libc:  version 2.36
client-desktop-1    | 16-Sep-2026 16:23:36 [---] Host name: desktop-01
client-desktop-1    | 16-Sep-2026 16:23:36 [---] Processor: 2 ARM  [Impl 0x61 Arch 8 Variant 0x0 Part 0x000 Rev 0]
apache-1            | 2026-09-16 16:21:46,936 CRIT Supervisor is running as root.  Privileges were not dropped because no user is specified in the config file.  If you intend to run as root, you can set user=root in the config file to avoid this message.
apache-1            | 2026-09-16 16:21:46,936 INFO Included extra file "/etc/supervisor/conf.d/supervisord.conf" during parsing
apache-1            | 2026-09-16 16:21:46,940 INFO RPC interface 'supervisor' initialized
apache-1            | 2026-09-16 16:21:46,940 CRIT Server 'unix_http_server' running without any HTTP authentication checking
apache-1            | 2026-09-16 16:21:46,940 INFO supervisord started with pid 1
apache-1            | 2026-09-16 16:21:47,944 INFO spawned: 'cron' with pid 10
client-low-power-1  | 16-Sep-2026 16:23:31 [---] Creating new client state file
client-low-power-1  | 16-Sep-2026 16:23:31 [---] libc:  version 2.36
mysql-1             | databases and anonymous user created by default.  This is
mysql-1             | strongly recommended for production servers.
mysql-1             | 
mysql-1             | See the MariaDB Knowledgebase at http://mariadb.com/kb or the
apache-1            | 2026-09-16 16:21:47,946 INFO spawned: 'start' with pid 11
apache-1            | 2026-09-16 16:21:47,947 INFO spawned: 'rsyslogd' with pid 12
apache-1            | 2026-09-16 16:21:47,948 INFO spawned: 'apache2' with pid 13
makeproject-1       | added platform: (create_time, name, user_friendly_name) values (1789575722, 'powerpc64-ps3-linux-gnu', 'Sony Playstation 3 running Linux')
makeproject-1       | added platform: (create_time, name, user_friendly_name) values (1789575722, 'arm-android-linux-gnu', 'Android running on ARM armeabi-v7a')
client-cluster-2-1  | 16-Sep-2026 16:23:31 [---] Starting BOINC client version 7.20.5 for aarch64-unknown-linux-gnu
client-cluster-2-1  | 16-Sep-2026 16:23:31 [---] This a development version of BOINC and may not function properly
client-cluster-2-1  | 16-Sep-2026 16:23:31 [---] log flags: file_xfer, sched_ops, task
apache-1            | 2026-09-16 16:21:49,929 INFO success: cron entered RUNNING state, process has stayed up for > than 1 seconds (startsecs)
apache-1            | 2026-09-16 16:21:49,929 INFO success: start entered RUNNING state, process has stayed up for > than 1 seconds (startsecs)
apache-1            | 2026-09-16 16:21:49,929 INFO success: rsyslogd entered RUNNING state, process has stayed up for > than 1 seconds (startsecs)
apache-1            | 2026-09-16 16:21:49,929 INFO success: apache2 entered RUNNING state, process has stayed up for > than 1 seconds (startsecs)
makeproject-1       | added platform: (create_time, name, user_friendly_name) values (1789575722, 'aarch64-android-linux-gnu', 'Android running on ARM 64-bit arm64-v8a')
apache-1            | 2026-09-16 16:22:08,458 INFO reaped unknown pid 70
apache-1            | 2026-09-16 16:22:08,459 INFO reaped unknown pid 78
apache-1            | 2026-09-16 16:22:08,459 INFO reaped unknown pid 80
apache-1            | 2026-09-16 16:22:19,128 INFO reaped unknown pid 79
apache-1            | 2026-09-16 16:22:19,128 INFO reaped unknown pid 81
apache-1            | 2026-09-16 16:22:19,130 INFO reaped unknown pid 71
apache-1            | 2026-09-16 16:22:27,364 INFO reaped unknown pid 160
apache-1            | 2026-09-16 16:22:27,364 INFO reaped unknown pid 162
apache-1            | 2026-09-16 16:22:27,364 INFO reaped unknown pid 164
apache-1            | 2026-09-16 16:22:27,364 INFO reaped unknown pid 166
apache-1            | 2026-09-16 16:22:27,364 INFO reaped unknown pid 168
apache-1            | 2026-09-16 16:25:01,991 INFO reaped unknown pid 448
apache-1            | 2026-09-16 16:25:02,097 INFO reaped unknown pid 450
apache-1            | 2026-09-16 16:25:02,200 INFO reaped unknown pid 452
apache-1            | 2026-09-16 16:25:02,302 INFO reaped unknown pid 454
client-phone-2-1    | 16-Sep-2026 16:23:31 [---] Starting BOINC client version 7.20.5 for aarch64-unknown-linux-gnu
client-phone-2-1    | 16-Sep-2026 16:23:31 [---] This a development version of BOINC and may not function properly
client-phone-2-1    | 16-Sep-2026 16:23:31 [---] log flags: file_xfer, sched_ops, task
client-phone-1      | 16-Sep-2026 16:23:31 [---] Starting BOINC client version 7.20.5 for aarch64-unknown-linux-gnu
client-phone-1      | 16-Sep-2026 16:23:31 [---] This a development version of BOINC and may not function properly
client-phone-1      | 16-Sep-2026 16:23:31 [---] log flags: file_xfer, sched_ops, task
client-phone-1      | 16-Sep-2026 16:23:31 [---] Libraries: libcurl/7.88.1 OpenSSL/3.0.20 zlib/1.2.13 brotli/1.0.9 zstd/1.5.4 libidn2/2.3.3 libpsl/0.21.2 (+libidn2/2.3.3) libssh2/1.10.0 nghttp2/1.52.0 librtmp/2.3 OpenLDAP/2.5.13
makeproject-1       | added platform: (create_time, name, user_friendly_name) values (1789575722, 'x86_64-android-linux-gnu', 'Android running on Intel x64 compatible')
makeproject-1       | added platform: (create_time, name, user_friendly_name) values (1789575722, 'x86-android-linux-gnu', 'Android running on Intel x86 compatible')
makeproject-1       | added platform: (create_time, name, user_friendly_name) values (1789575722, 'arm-unknown-linux-gnueabihf', 'Linux running on ARM, hardware FP')
makeproject-1       | added platform: (create_time, name, user_friendly_name) values (1789575722, 'aarch64-unknown-linux-gnu', 'Linux running on ARM64')
makeproject-1       | added platform: (create_time, name, user_friendly_name) values (1789575722, 'anonymous', 'anonymous')
makeproject-1       | 
client-phone-1      | 16-Sep-2026 16:23:31 [---] Data directory: /var/lib/boinc-client
client-phone-1      | 16-Sep-2026 16:23:31 [---] No usable GPUs found
client-phone-1      | 16-Sep-2026 16:23:31 [---] Creating new client state file
client-phone-1      | 16-Sep-2026 16:23:31 [---] libc:  version 2.36
apache-1            | 2026-09-16 16:25:02,403 INFO reaped unknown pid 456
apache-1            | 2026-09-16 16:25:03,416 INFO reaped unknown pid 447
apache-1            | 2026-09-16 16:25:03,416 INFO reaped unknown pid 449
apache-1            | 2026-09-16 16:25:03,416 INFO reaped unknown pid 451
apache-1            | 2026-09-16 16:25:03,416 INFO reaped unknown pid 453
apache-1            | 2026-09-16 16:25:03,416 INFO reaped unknown pid 455
apache-1            | 2026-09-16 16:25:03,416 INFO reaped unknown pid 457
apache-1            | 2026-09-16 16:25:03,416 INFO reaped unknown pid 458
client-cluster-2-1  | 16-Sep-2026 16:23:31 [---] Libraries: libcurl/7.88.1 OpenSSL/3.0.20 zlib/1.2.13 brotli/1.0.9 zstd/1.5.4 libidn2/2.3.3 libpsl/0.21.2 (+libidn2/2.3.3) libssh2/1.10.0 nghttp2/1.52.0 librtmp/2.3 OpenLDAP/2.5.13
client-cluster-2-1  | 16-Sep-2026 16:23:31 [---] Data directory: /var/lib/boinc-client
client-cluster-2-1  | 16-Sep-2026 16:23:31 [---] No usable GPUs found
client-cluster-2-1  | 16-Sep-2026 16:23:31 [---] Creating new client state file
client-cluster-2-1  | 16-Sep-2026 16:23:31 [---] libc:  version 2.36
apache-1            | 2026-09-16 16:25:03,416 INFO reaped unknown pid 462
apache-1            | 2026-09-16 16:25:03,416 INFO reaped unknown pid 464
apache-1            | 2026-09-16 16:25:03,416 INFO reaped unknown pid 467
apache-1            | 2026-09-16 16:25:03,416 INFO reaped unknown pid 469
apache-1            | 2026-09-16 16:25:03,416 INFO reaped unknown pid 471
apache-1            | 2026-09-16 16:25:03,416 INFO reaped unknown pid 473
apache-1            | 2026-09-16 16:25:07,944 INFO reaped unknown pid 465
client-phone-1      | 16-Sep-2026 16:23:31 [---] Host name: phone-01
client-phone-1      | 16-Sep-2026 16:23:31 [---] Processor: 1 ARM  [Impl 0x61 Arch 8 Variant 0x0 Part 0x000 Rev 0]
client-cluster-2-1  | 16-Sep-2026 16:23:31 [---] Host name: cluster-02
client-phone-2-1    | 16-Sep-2026 16:23:31 [---] Libraries: libcurl/7.88.1 OpenSSL/3.0.20 zlib/1.2.13 brotli/1.0.9 zstd/1.5.4 libidn2/2.3.3 libpsl/0.21.2 (+libidn2/2.3.3) libssh2/1.10.0 nghttp2/1.52.0 librtmp/2.3 OpenLDAP/2.5.13
client-phone-2-1    | 16-Sep-2026 16:23:31 [---] Data directory: /var/lib/boinc-client
client-phone-2-1    | 16-Sep-2026 16:23:31 [---] No usable GPUs found
client-phone-2-1    | 16-Sep-2026 16:23:31 [---] Creating new client state file
client-low-power-1  | 16-Sep-2026 16:23:31 [---] Host name: low-power-01
client-low-power-1  | 16-Sep-2026 16:23:31 [---] Processor: 1 ARM  [Impl 0x61 Arch 8 Variant 0x0 Part 0x000 Rev 0]
client-phone-2-1    | 16-Sep-2026 16:23:31 [---] libc:  version 2.36
mysql-1             | MySQL manual for more instructions.
mysql-1             | 
mysql-1             | Please report any problems at http://mariadb.org/jira
mysql-1             | 
mysql-1             | The latest information about MariaDB is available at http://mariadb.org/.
mysql-1             | You can find additional information about the MySQL part at:
client-desktop-1    | 16-Sep-2026 16:23:36 [---] Processor features: fp asimd evtstrm aes pmull sha1 sha2 crc32 atomics fphp asimdhp cpuid asimdrdm jscvt fcma lrcpc dcpop sha3 asimddp sha512 asimdfhm dit uscat ilrcpc flagm sb paca pacg dcpodp flagm2 frint i8mm bf16 bti afp
client-desktop-1    | 16-Sep-2026 16:23:36 [---] OS: Linux Debian GNU/Linux: Debian GNU/Linux 12 (bookworm) [6.8.0-100-generic|libc 2.36]
client-desktop-1    | 16-Sep-2026 16:23:36 [---] Memory: 9.69 GB physical, 0 bytes virtual
client-low-power-1  | 16-Sep-2026 16:23:31 [---] Processor features: fp asimd evtstrm aes pmull sha1 sha2 crc32 atomics fphp asimdhp cpuid asimdrdm jscvt fcma lrcpc dcpop sha3 asimddp sha512 asimdfhm dit uscat ilrcpc flagm sb paca pacg dcpodp flagm2 frint i8mm bf16 bti afp
client-low-power-1  | 16-Sep-2026 16:23:31 [---] OS: Linux Debian GNU/Linux: Debian GNU/Linux 12 (bookworm) [6.8.0-100-generic|libc 2.36]
client-low-power-1  | 16-Sep-2026 16:23:31 [---] Memory: 9.69 GB physical, 0 bytes virtual
client-low-power-1  | 16-Sep-2026 16:23:31 [---] Disk: 18.33 GB total, 15.61 GB free
client-low-power-1  | 16-Sep-2026 16:23:31 [---] Local time is UTC +0 hours
client-low-power-1  | 16-Sep-2026 16:23:31 [---] Config: GUI RPC allowed from any host
client-low-power-1  | 16-Sep-2026 16:23:31 [---] Config: simulate 1 CPUs
client-desktop-1    | 16-Sep-2026 16:23:36 [---] Disk: 18.33 GB total, 15.61 GB free
client-desktop-1    | 16-Sep-2026 16:23:36 [---] Local time is UTC +0 hours
client-desktop-1    | 16-Sep-2026 16:23:36 [---] Config: GUI RPC allowed from any host
client-desktop-1    | 16-Sep-2026 16:23:36 [---] Config: simulate 2 CPUs
client-desktop-1    | 16-Sep-2026 16:23:36 [---] Config: report completed tasks immediately
client-desktop-1    | dir_open: Could not open directory 'slots' from '/var/lib/boinc-client'.
client-desktop-1    | 16-Sep-2026 16:23:36 [---] No general preferences found - using defaults
client-desktop-1    | 16-Sep-2026 16:23:36 [---] Reading preferences override file
mysql-1             | http://dev.mysql.com
mysql-1             | Consider joining MariaDB's strong and vibrant community:
mysql-1             | https://mariadb.org/get-involved/
mysql-1             | 
client-desktop-1    | 16-Sep-2026 16:23:36 [---] Preferences:
client-desktop-1    | 16-Sep-2026 16:23:36 [---]    max memory usage when active: 8929.14 MB
client-cluster-1    | 16-Sep-2026 16:23:36 [---] Starting BOINC client version 7.20.5 for aarch64-unknown-linux-gnu
client-cluster-1    | 16-Sep-2026 16:23:36 [---] This a development version of BOINC and may not function properly
client-cluster-1    | 16-Sep-2026 16:23:36 [---] log flags: file_xfer, sched_ops, task
client-phone-2-1    | 16-Sep-2026 16:23:31 [---] Host name: phone-02
client-phone-2-1    | 16-Sep-2026 16:23:31 [---] Processor: 1 ARM  [Impl 0x61 Arch 8 Variant 0x0 Part 0x000 Rev 0]
client-phone-2-1    | 16-Sep-2026 16:23:31 [---] Processor features: fp asimd evtstrm aes pmull sha1 sha2 crc32 atomics fphp asimdhp cpuid asimdrdm jscvt fcma lrcpc dcpop sha3 asimddp sha512 asimdfhm dit uscat ilrcpc flagm sb paca pacg dcpodp flagm2 frint i8mm bf16 bti afp
client-phone-2-1    | 16-Sep-2026 16:23:31 [---] OS: Linux Debian GNU/Linux: Debian GNU/Linux 12 (bookworm) [6.8.0-100-generic|libc 2.36]
client-phone-2-1    | 16-Sep-2026 16:23:31 [---] Memory: 9.69 GB physical, 0 bytes virtual
client-phone-2-1    | 16-Sep-2026 16:23:31 [---] Disk: 18.33 GB total, 15.61 GB free
client-phone-2-1    | 16-Sep-2026 16:23:31 [---] Local time is UTC +0 hours
client-low-power-1  | 16-Sep-2026 16:23:31 [---] Config: report completed tasks immediately
client-low-power-1  | 16-Sep-2026 16:23:31 [---] No general preferences found - using defaults
client-low-power-1  | 16-Sep-2026 16:23:31 [---] Reading preferences override file
client-low-power-1  | 16-Sep-2026 16:23:31 [---] Preferences:
client-low-power-1  | 16-Sep-2026 16:23:31 [---]    max memory usage when active: 8929.14 MB
client-low-power-1  | 16-Sep-2026 16:23:31 [---]    max memory usage when idle: 8929.14 MB
client-low-power-1  | 16-Sep-2026 16:23:31 [---]    max disk usage: 2.00 GB
client-low-power-1  | 16-Sep-2026 16:23:31 [---]    don't use GPU while active
client-cluster-2-1  | 16-Sep-2026 16:23:31 [---] Processor: 4 ARM  [Impl 0x61 Arch 8 Variant 0x0 Part 0x000 Rev 0]
client-cluster-2-1  | 16-Sep-2026 16:23:31 [---] Processor features: fp asimd evtstrm aes pmull sha1 sha2 crc32 atomics fphp asimdhp cpuid asimdrdm jscvt fcma lrcpc dcpop sha3 asimddp sha512 asimdfhm dit uscat ilrcpc flagm sb paca pacg dcpodp flagm2 frint i8mm bf16 bti afp
client-cluster-2-1  | 16-Sep-2026 16:23:31 [---] OS: Linux Debian GNU/Linux: Debian GNU/Linux 12 (bookworm) [6.8.0-100-generic|libc 2.36]
client-cluster-2-1  | 16-Sep-2026 16:23:31 [---] Memory: 9.69 GB physical, 0 bytes virtual
client-low-power-1  | 16-Sep-2026 16:23:31 [---]    suspend work if non-BOINC CPU load exceeds 25%
client-low-power-1  | 16-Sep-2026 16:23:31 [---]    (to change preferences, visit a project web site or select Preferences in the Manager)
client-phone-2-1    | 16-Sep-2026 16:23:31 [---] Config: GUI RPC allowed from any host
client-phone-2-1    | 16-Sep-2026 16:23:31 [---] Config: simulate 1 CPUs
client-phone-2-1    | 16-Sep-2026 16:23:31 [---] Config: report completed tasks immediately
client-phone-2-1    | 16-Sep-2026 16:23:31 [---] No general preferences found - using defaults
client-phone-2-1    | 16-Sep-2026 16:23:31 [---] Reading preferences override file
client-phone-2-1    | 16-Sep-2026 16:23:31 [---] Preferences:
client-phone-2-1    | 16-Sep-2026 16:23:31 [---]    max memory usage when active: 8929.14 MB
client-phone-2-1    | 16-Sep-2026 16:23:31 [---]    max memory usage when idle: 8929.14 MB
client-phone-1      | 16-Sep-2026 16:23:31 [---] Processor features: fp asimd evtstrm aes pmull sha1 sha2 crc32 atomics fphp asimdhp cpuid asimdrdm jscvt fcma lrcpc dcpop sha3 asimddp sha512 asimdfhm dit uscat ilrcpc flagm sb paca pacg dcpodp flagm2 frint i8mm bf16 bti afp
client-phone-1      | 16-Sep-2026 16:23:31 [---] OS: Linux Debian GNU/Linux: Debian GNU/Linux 12 (bookworm) [6.8.0-100-generic|libc 2.36]
client-phone-1      | 16-Sep-2026 16:23:31 [---] Memory: 9.69 GB physical, 0 bytes virtual
client-phone-1      | 16-Sep-2026 16:23:31 [---] Disk: 18.33 GB total, 15.61 GB free
client-phone-1      | 16-Sep-2026 16:23:31 [---] Local time is UTC +0 hours
client-phone-1      | 16-Sep-2026 16:23:31 [---] Config: GUI RPC allowed from any host
client-phone-1      | 16-Sep-2026 16:23:31 [---] Config: simulate 1 CPUs
client-phone-1      | 16-Sep-2026 16:23:31 [---] Config: report completed tasks immediately
client-phone-1      | 16-Sep-2026 16:23:31 [---] No general preferences found - using defaults
client-phone-1      | 16-Sep-2026 16:23:31 [---] Reading preferences override file
client-phone-1      | 16-Sep-2026 16:23:31 [---] Preferences:
client-phone-1      | 16-Sep-2026 16:23:31 [---]    max memory usage when active: 8929.14 MB
client-cluster-1    | 16-Sep-2026 16:23:36 [---] Libraries: libcurl/7.88.1 OpenSSL/3.0.20 zlib/1.2.13 brotli/1.0.9 zstd/1.5.4 libidn2/2.3.3 libpsl/0.21.2 (+libidn2/2.3.3) libssh2/1.10.0 nghttp2/1.52.0 librtmp/2.3 OpenLDAP/2.5.13
client-cluster-1    | 16-Sep-2026 16:23:36 [---] Data directory: /var/lib/boinc-client
client-desktop-1    | 16-Sep-2026 16:23:36 [---]    max memory usage when idle: 8929.14 MB
client-desktop-1    | 16-Sep-2026 16:23:36 [---]    max disk usage: 2.00 GB
client-desktop-1    | 16-Sep-2026 16:23:36 [---]    don't use GPU while active
client-low-power-1  | 16-Sep-2026 16:23:31 [---] Setting up project and slot directories
client-low-power-1  | dir_open: Could not open directory 'slots' from '/var/lib/boinc-client'.
client-low-power-1  | 16-Sep-2026 16:23:31 [---] Checking active tasks
client-low-power-1  | 16-Sep-2026 16:23:31 [---] Setting up GUI RPC socket
client-cluster-2-1  | 16-Sep-2026 16:23:31 [---] Disk: 18.33 GB total, 15.61 GB free
client-cluster-2-1  | 16-Sep-2026 16:23:31 [---] Local time is UTC +0 hours
client-phone-1      | 16-Sep-2026 16:23:31 [---]    max memory usage when idle: 8929.14 MB
client-phone-1      | 16-Sep-2026 16:23:31 [---]    max disk usage: 2.00 GB
client-phone-1      | 16-Sep-2026 16:23:31 [---]    don't use GPU while active
client-desktop-1    | 16-Sep-2026 16:23:36 [---]    suspend work if non-BOINC CPU load exceeds 25%
client-desktop-1    | 16-Sep-2026 16:23:36 [---]    (to change preferences, visit a project web site or select Preferences in the Manager)
mysql-1             | Database initialized
mysql-1             | MySQL init process in progress...
client-phone-2-1    | dir_open: Could not open directory 'slots' from '/var/lib/boinc-client'.
client-phone-2-1    | 16-Sep-2026 16:23:31 [---]    max disk usage: 2.00 GB
client-phone-2-1    | 16-Sep-2026 16:23:31 [---]    don't use GPU while active
client-phone-2-1    | 16-Sep-2026 16:23:31 [---]    suspend work if non-BOINC CPU load exceeds 25%
client-phone-2-1    | 16-Sep-2026 16:23:31 [---]    (to change preferences, visit a project web site or select Preferences in the Manager)
client-phone-2-1    | 16-Sep-2026 16:23:31 [---] Setting up project and slot directories
mysql-1             | 2026-09-16 16:21:48 0 [Note] mysqld (mysqld 10.3.8-MariaDB-1:10.3.8+maria~bionic) starting as process 104 ...
mysql-1             | 2026-09-16 16:21:48 0 [Note] InnoDB: Using Linux native AIO
mysql-1             | 2026-09-16 16:21:48 0 [Note] InnoDB: Mutexes and rw_locks use GCC atomic builtins
mysql-1             | 2026-09-16 16:21:48 0 [Note] InnoDB: Uses event mutexes
mysql-1             | 2026-09-16 16:21:48 0 [Note] InnoDB: Compressed tables use zlib 1.2.11
client-desktop-1    | 16-Sep-2026 16:23:36 [---] Setting up project and slot directories
client-desktop-1    | 16-Sep-2026 16:23:36 [---] Checking active tasks
client-low-power-1  | 16-Sep-2026 16:23:31 [---] Checking presence of 0 project files
client-low-power-1  | 16-Sep-2026 16:23:31 [---] This computer is not attached to any projects
client-cluster-1    | 16-Sep-2026 16:23:36 [---] No usable GPUs found
client-cluster-1    | 16-Sep-2026 16:23:36 [---] Creating new client state file
client-cluster-1    | 16-Sep-2026 16:23:36 [---] libc:  version 2.36
client-cluster-1    | 16-Sep-2026 16:23:36 [---] Host name: cluster-01
client-cluster-1    | 16-Sep-2026 16:23:36 [---] Processor: 4 ARM  [Impl 0x61 Arch 8 Variant 0x0 Part 0x000 Rev 0]
client-cluster-1    | 16-Sep-2026 16:23:36 [---] Processor features: fp asimd evtstrm aes pmull sha1 sha2 crc32 atomics fphp asimdhp cpuid asimdrdm jscvt fcma lrcpc dcpop sha3 asimddp sha512 asimdfhm dit uscat ilrcpc flagm sb paca pacg dcpodp flagm2 frint i8mm bf16 bti afp
client-cluster-1    | 16-Sep-2026 16:23:36 [---] OS: Linux Debian GNU/Linux: Debian GNU/Linux 12 (bookworm) [6.8.0-100-generic|libc 2.36]
mysql-1             | 2026-09-16 16:21:48 0 [Note] InnoDB: Number of pools: 1
mysql-1             | 2026-09-16 16:21:48 0 [Note] InnoDB: Using generic crc32 instructions
client-cluster-2-1  | 16-Sep-2026 16:23:31 [---] Config: GUI RPC allowed from any host
client-cluster-2-1  | 16-Sep-2026 16:23:31 [---] Config: simulate 4 CPUs
client-cluster-2-1  | 16-Sep-2026 16:23:31 [---] Config: report completed tasks immediately
client-cluster-2-1  | 16-Sep-2026 16:23:31 [---] No general preferences found - using defaults
client-cluster-2-1  | 16-Sep-2026 16:23:31 [---] Reading preferences override file
client-cluster-1    | 16-Sep-2026 16:23:36 [---] Memory: 9.69 GB physical, 0 bytes virtual
client-cluster-1    | 16-Sep-2026 16:23:36 [---] Disk: 18.33 GB total, 15.61 GB free
client-desktop-1    | 16-Sep-2026 16:23:36 [---] Setting up GUI RPC socket
client-desktop-1    | 16-Sep-2026 16:23:36 [---] Checking presence of 0 project files
client-desktop-1    | 16-Sep-2026 16:23:36 [---] This computer is not attached to any projects
client-desktop-1    | 16-Sep-2026 16:23:36 Initialization completed
client-desktop-1    | dir_open: Could not open directory 'projects/boincserver.local_boincserver' from '/var/lib/boinc-client'.
client-cluster-2-1  | 16-Sep-2026 16:23:31 [---] Preferences:
client-cluster-2-1  | 16-Sep-2026 16:23:31 [---]    max memory usage when active: 8929.14 MB
client-cluster-2-1  | 16-Sep-2026 16:23:31 [---]    max memory usage when idle: 8929.14 MB
client-low-power-1  | 16-Sep-2026 16:23:31 Initialization completed
client-low-power-1  | dir_open: Could not open directory 'projects/boincserver.local_boincserver' from '/var/lib/boinc-client'.
client-cluster-1    | 16-Sep-2026 16:23:36 [---] Local time is UTC +0 hours
client-cluster-1    | 16-Sep-2026 16:23:36 [---] Config: GUI RPC allowed from any host
client-cluster-1    | 16-Sep-2026 16:23:36 [---] Config: simulate 4 CPUs
client-cluster-1    | 16-Sep-2026 16:23:36 [---] Config: report completed tasks immediately
client-cluster-1    | 16-Sep-2026 16:23:36 [---] No general preferences found - using defaults
client-cluster-1    | 16-Sep-2026 16:23:36 [---] Reading preferences override file
client-cluster-1    | 16-Sep-2026 16:23:36 [---] Preferences:
client-cluster-1    | 16-Sep-2026 16:23:36 [---]    max memory usage when active: 8929.14 MB
client-cluster-1    | 16-Sep-2026 16:23:36 [---]    max memory usage when idle: 8929.14 MB
client-cluster-1    | dir_open: Could not open directory 'slots' from '/var/lib/boinc-client'.
client-cluster-1    | 16-Sep-2026 16:23:36 [---]    max disk usage: 2.00 GB
client-cluster-1    | 16-Sep-2026 16:23:36 [---]    don't use GPU while active
client-cluster-1    | 16-Sep-2026 16:23:36 [---]    suspend work if non-BOINC CPU load exceeds 25%
client-cluster-1    | 16-Sep-2026 16:23:36 [---]    (to change preferences, visit a project web site or select Preferences in the Manager)
client-cluster-1    | 16-Sep-2026 16:23:36 [---] Setting up project and slot directories
client-phone-1      | 16-Sep-2026 16:23:31 [---]    suspend work if non-BOINC CPU load exceeds 25%
client-phone-1      | 16-Sep-2026 16:23:31 [---]    (to change preferences, visit a project web site or select Preferences in the Manager)
client-phone-1      | 16-Sep-2026 16:23:31 [---] Setting up project and slot directories
client-low-power-1  | 16-Sep-2026 16:23:32 [---] No general preferences found - using defaults
client-low-power-1  | 16-Sep-2026 16:23:32 [---] Reading preferences override file
client-phone-2-1    | 16-Sep-2026 16:23:31 [---] Checking active tasks
client-phone-2-1    | 16-Sep-2026 16:23:31 [---] Setting up GUI RPC socket
client-phone-2-1    | 16-Sep-2026 16:23:31 [---] Checking presence of 0 project files
client-phone-2-1    | 16-Sep-2026 16:23:31 [---] This computer is not attached to any projects
client-phone-2-1    | 16-Sep-2026 16:23:31 Initialization completed
client-phone-2-1    | dir_open: Could not open directory 'projects/boincserver.local_boincserver' from '/var/lib/boinc-client'.
client-low-power-1  | 16-Sep-2026 16:23:32 [---] Preferences:
client-low-power-1  | 16-Sep-2026 16:23:32 [---]    max memory usage when active: 8929.14 MB
client-cluster-2-1  | 16-Sep-2026 16:23:31 [---]    max disk usage: 2.00 GB
client-cluster-2-1  | 16-Sep-2026 16:23:31 [---]    don't use GPU while active
client-cluster-2-1  | 16-Sep-2026 16:23:31 [---]    suspend work if non-BOINC CPU load exceeds 25%
client-cluster-2-1  | 16-Sep-2026 16:23:31 [---]    (to change preferences, visit a project web site or select Preferences in the Manager)
client-cluster-2-1  | dir_open: Could not open directory 'slots' from '/var/lib/boinc-client'.
client-cluster-1    | 16-Sep-2026 16:23:36 [---] Checking active tasks
client-cluster-1    | 16-Sep-2026 16:23:36 [---] Setting up GUI RPC socket
client-cluster-1    | 16-Sep-2026 16:23:36 [---] Checking presence of 0 project files
client-cluster-1    | 16-Sep-2026 16:23:36 [---] This computer is not attached to any projects
client-cluster-1    | 16-Sep-2026 16:23:36 Initialization completed
client-cluster-1    | dir_open: Could not open directory 'projects/boincserver.local_boincserver' from '/var/lib/boinc-client'.
client-cluster-1    | 16-Sep-2026 16:23:37 [---] No general preferences found - using defaults
client-cluster-1    | 16-Sep-2026 16:23:37 [---] Reading preferences override file
client-cluster-1    | 16-Sep-2026 16:23:37 [---] Preferences:
client-cluster-1    | 16-Sep-2026 16:23:37 [---]    max memory usage when active: 8929.14 MB
client-cluster-1    | 16-Sep-2026 16:23:37 [---]    max memory usage when idle: 8929.14 MB
client-cluster-1    | 16-Sep-2026 16:23:37 [---]    max disk usage: 2.00 GB
client-cluster-1    | 16-Sep-2026 16:23:37 [---]    don't use GPU while active
client-cluster-1    | 16-Sep-2026 16:23:37 [---]    suspend work if non-BOINC CPU load exceeds 25%
client-cluster-2-1  | 16-Sep-2026 16:23:31 [---] Setting up project and slot directories
client-cluster-2-1  | 16-Sep-2026 16:23:31 [---] Checking active tasks
client-cluster-2-1  | 16-Sep-2026 16:23:31 [---] Setting up GUI RPC socket
client-cluster-2-1  | 16-Sep-2026 16:23:31 [---] Checking presence of 0 project files
client-cluster-2-1  | 16-Sep-2026 16:23:31 [---] This computer is not attached to any projects
client-cluster-2-1  | 16-Sep-2026 16:23:31 Initialization completed
client-cluster-2-1  | dir_open: Could not open directory 'projects/boincserver.local_boincserver' from '/var/lib/boinc-client'.
client-cluster-2-1  | 16-Sep-2026 16:23:32 [---] No general preferences found - using defaults
client-desktop-1    | 16-Sep-2026 16:23:37 [---] No general preferences found - using defaults
client-desktop-1    | 16-Sep-2026 16:23:37 [---] Reading preferences override file
client-desktop-1    | 16-Sep-2026 16:23:37 [---] Preferences:
client-desktop-1    | 16-Sep-2026 16:23:37 [---]    max memory usage when active: 8929.14 MB
client-desktop-1    | 16-Sep-2026 16:23:37 [---]    max memory usage when idle: 8929.14 MB
client-desktop-1    | 16-Sep-2026 16:23:37 [---]    max disk usage: 2.00 GB
client-desktop-1    | 16-Sep-2026 16:23:37 [---]    don't use GPU while active
client-desktop-1    | 16-Sep-2026 16:23:37 [---]    suspend work if non-BOINC CPU load exceeds 25%
client-desktop-1    | 16-Sep-2026 16:23:37 [---]    (to change preferences, visit a project web site or select Preferences in the Manager)
client-desktop-1    | 16-Sep-2026 16:23:41 [http://boincserver.local/boincserver/] Fetching scheduler list
client-desktop-1    | 16-Sep-2026 16:23:43 [http://boincserver.local/boincserver/] Master file download succeeded
client-desktop-1    | 16-Sep-2026 16:23:48 [http://boincserver.local/boincserver/] Sending scheduler request: Project initialization.
client-desktop-1    | 16-Sep-2026 16:23:48 [http://boincserver.local/boincserver/] Requesting new tasks for CPU
client-desktop-1    | 16-Sep-2026 16:23:50 [boincserver] Scheduler request completed: got 1 new tasks
client-desktop-1    | 16-Sep-2026 16:23:50 [boincserver] Project requested delay of 7 seconds
client-desktop-1    | 16-Sep-2026 16:23:52 [boincserver] Started download of hybrid_synthetic_1.0_aarch64-unknown-linux-gnu
client-low-power-1  | 16-Sep-2026 16:23:32 [---]    max memory usage when idle: 8929.14 MB
client-low-power-1  | 16-Sep-2026 16:23:32 [---]    max disk usage: 2.00 GB
client-low-power-1  | 16-Sep-2026 16:23:32 [---]    don't use GPU while active
client-low-power-1  | 16-Sep-2026 16:23:32 [---]    suspend work if non-BOINC CPU load exceeds 25%
client-low-power-1  | 16-Sep-2026 16:23:32 [---]    (to change preferences, visit a project web site or select Preferences in the Manager)
client-low-power-1  | 16-Sep-2026 16:23:36 [http://boincserver.local/boincserver/] Fetching scheduler list
client-phone-1      | dir_open: Could not open directory 'slots' from '/var/lib/boinc-client'.
client-phone-1      | 16-Sep-2026 16:23:31 [---] Checking active tasks
client-phone-1      | 16-Sep-2026 16:23:31 [---] Setting up GUI RPC socket
client-phone-1      | 16-Sep-2026 16:23:31 [---] Checking presence of 0 project files
client-phone-1      | 16-Sep-2026 16:23:31 [---] This computer is not attached to any projects
client-cluster-1    | 16-Sep-2026 16:23:37 [---]    (to change preferences, visit a project web site or select Preferences in the Manager)
client-cluster-1    | 16-Sep-2026 16:23:41 [http://boincserver.local/boincserver/] Fetching scheduler list
client-cluster-1    | 16-Sep-2026 16:23:43 [http://boincserver.local/boincserver/] Master file download succeeded
client-cluster-1    | 16-Sep-2026 16:23:48 [http://boincserver.local/boincserver/] Sending scheduler request: Project initialization.
client-cluster-1    | 16-Sep-2026 16:23:48 [http://boincserver.local/boincserver/] Requesting new tasks for CPU
client-cluster-1    | 16-Sep-2026 16:23:50 [boincserver] Scheduler request completed: got 1 new tasks
client-cluster-1    | 16-Sep-2026 16:23:50 [boincserver] Project requested delay of 7 seconds
client-cluster-1    | 16-Sep-2026 16:23:52 [boincserver] Started download of hybrid_synthetic_1.0_aarch64-unknown-linux-gnu
client-cluster-1    | 16-Sep-2026 16:23:52 [boincserver] Started download of hybrid_synthetic_input.txt
client-cluster-1    | 16-Sep-2026 16:23:54 [boincserver] Finished download of hybrid_synthetic_1.0_aarch64-unknown-linux-gnu
client-cluster-1    | 16-Sep-2026 16:23:54 [boincserver] Finished download of hybrid_synthetic_input.txt
client-phone-1      | 16-Sep-2026 16:23:31 Initialization completed
client-phone-1      | dir_open: Could not open directory 'projects/boincserver.local_boincserver' from '/var/lib/boinc-client'.
client-low-power-1  | 16-Sep-2026 16:23:38 [http://boincserver.local/boincserver/] Master file download succeeded
client-low-power-1  | 16-Sep-2026 16:23:43 [http://boincserver.local/boincserver/] Sending scheduler request: Project initialization.
client-low-power-1  | 16-Sep-2026 16:23:43 [http://boincserver.local/boincserver/] Requesting new tasks for CPU
client-low-power-1  | 16-Sep-2026 16:23:50 [boincserver] Scheduler request completed: got 1 new tasks
client-low-power-1  | 16-Sep-2026 16:23:50 [boincserver] Project requested delay of 7 seconds
client-cluster-2-1  | 16-Sep-2026 16:23:32 [---] Reading preferences override file
client-cluster-2-1  | 16-Sep-2026 16:23:32 [---] Preferences:
client-desktop-1    | 16-Sep-2026 16:23:52 [boincserver] Started download of hybrid_synthetic_input.txt
client-desktop-1    | 16-Sep-2026 16:23:54 [boincserver] Finished download of hybrid_synthetic_1.0_aarch64-unknown-linux-gnu
client-desktop-1    | 16-Sep-2026 16:23:54 [boincserver] Finished download of hybrid_synthetic_input.txt
client-desktop-1    | 16-Sep-2026 16:23:54 [boincserver] Elapsed time limit 50.000000 < 120.000000; setting to 43200.000000
client-desktop-1    | 16-Sep-2026 16:23:54 [boincserver] Starting task exp_20260916T154418Z_weighted_least_loaded_short_5_0
client-desktop-1    | 16-Sep-2026 16:24:00 [boincserver] Sending scheduler request: To fetch work.
client-desktop-1    | 16-Sep-2026 16:24:00 [boincserver] Requesting new tasks for CPU
client-desktop-1    | 16-Sep-2026 16:24:02 [boincserver] Computation for task exp_20260916T154418Z_weighted_least_loaded_short_5_0 finished
client-desktop-1    | 16-Sep-2026 16:24:04 [boincserver] Started upload of exp_20260916T154418Z_weighted_least_loaded_short_5_0_r1028426660_0
client-desktop-1    | 16-Sep-2026 16:24:06 [boincserver] Finished upload of exp_20260916T154418Z_weighted_least_loaded_short_5_0_r1028426660_0
client-desktop-1    | 16-Sep-2026 16:24:07 [boincserver] Scheduler request completed: got 2 new tasks
client-phone-1      | 16-Sep-2026 16:23:32 [---] No general preferences found - using defaults
client-phone-1      | 16-Sep-2026 16:23:32 [---] Reading preferences override file
client-phone-1      | 16-Sep-2026 16:23:32 [---] Preferences:
client-phone-1      | 16-Sep-2026 16:23:32 [---]    max memory usage when active: 8929.14 MB
client-phone-1      | 16-Sep-2026 16:23:32 [---]    max memory usage when idle: 8929.14 MB
client-low-power-1  | 16-Sep-2026 16:23:52 [boincserver] Started download of hybrid_synthetic_1.0_aarch64-unknown-linux-gnu
client-low-power-1  | 16-Sep-2026 16:23:52 [boincserver] Started download of hybrid_synthetic_input.txt
client-cluster-2-1  | 16-Sep-2026 16:23:32 [---]    max memory usage when active: 8929.14 MB
client-cluster-2-1  | 16-Sep-2026 16:23:32 [---]    max memory usage when idle: 8929.14 MB
client-cluster-2-1  | 16-Sep-2026 16:23:32 [---]    max disk usage: 2.00 GB
client-cluster-2-1  | 16-Sep-2026 16:23:32 [---]    don't use GPU while active
client-cluster-2-1  | 16-Sep-2026 16:23:32 [---]    suspend work if non-BOINC CPU load exceeds 25%
client-cluster-2-1  | 16-Sep-2026 16:23:32 [---]    (to change preferences, visit a project web site or select Preferences in the Manager)
client-cluster-2-1  | 16-Sep-2026 16:23:36 [http://boincserver.local/boincserver/] Fetching scheduler list
client-cluster-2-1  | 16-Sep-2026 16:23:38 [http://boincserver.local/boincserver/] Master file download succeeded
client-cluster-2-1  | 16-Sep-2026 16:23:43 [http://boincserver.local/boincserver/] Sending scheduler request: Project initialization.
client-cluster-2-1  | 16-Sep-2026 16:23:43 [http://boincserver.local/boincserver/] Requesting new tasks for CPU
client-cluster-1    | 16-Sep-2026 16:23:54 [boincserver] Elapsed time limit 50.000000 < 120.000000; setting to 43200.000000
client-cluster-1    | 16-Sep-2026 16:23:54 [boincserver] Starting task exp_20260916T154418Z_weighted_least_loaded_short_6_0
client-low-power-1  | 16-Sep-2026 16:23:54 [boincserver] Finished download of hybrid_synthetic_1.0_aarch64-unknown-linux-gnu
client-low-power-1  | 16-Sep-2026 16:23:54 [boincserver] Finished download of hybrid_synthetic_input.txt
client-low-power-1  | 16-Sep-2026 16:23:54 [boincserver] Elapsed time limit 50.000000 < 120.000000; setting to 43200.000000
client-low-power-1  | 16-Sep-2026 16:23:54 [boincserver] Starting task exp_20260916T154418Z_weighted_least_loaded_short_2_0
client-low-power-1  | 16-Sep-2026 16:24:00 [boincserver] Sending scheduler request: To fetch work.
client-low-power-1  | 16-Sep-2026 16:24:00 [boincserver] Requesting new tasks for CPU
client-low-power-1  | 16-Sep-2026 16:24:02 [boincserver] Computation for task exp_20260916T154418Z_weighted_least_loaded_short_2_0 finished
client-low-power-1  | 16-Sep-2026 16:24:02 [boincserver] Scheduler request completed: got 1 new tasks
client-low-power-1  | 16-Sep-2026 16:24:02 [boincserver] Project requested delay of 7 seconds
client-low-power-1  | 16-Sep-2026 16:24:04 [boincserver] Started upload of exp_20260916T154418Z_weighted_least_loaded_short_2_0_r2021617665_0
client-low-power-1  | 16-Sep-2026 16:24:04 [boincserver] Elapsed time limit 50.000000 < 120.000000; setting to 43200.000000
client-low-power-1  | 16-Sep-2026 16:24:04 [boincserver] Starting task exp_20260916T154418Z_weighted_least_loaded_short_10_0
client-cluster-1    | 16-Sep-2026 16:24:00 [boincserver] Sending scheduler request: To fetch work.
client-cluster-1    | 16-Sep-2026 16:24:00 [boincserver] Requesting new tasks for CPU
client-cluster-1    | 16-Sep-2026 16:24:02 [boincserver] Computation for task exp_20260916T154418Z_weighted_least_loaded_short_6_0 finished
client-cluster-2-1  | 16-Sep-2026 16:23:45 [boincserver] Scheduler request completed: got 1 new tasks
client-cluster-2-1  | 16-Sep-2026 16:23:45 [boincserver] Project requested delay of 7 seconds
client-cluster-2-1  | 16-Sep-2026 16:23:47 [boincserver] Started download of hybrid_synthetic_1.0_aarch64-unknown-linux-gnu
client-cluster-2-1  | 16-Sep-2026 16:23:47 [boincserver] Started download of hybrid_synthetic_input.txt
client-cluster-2-1  | 16-Sep-2026 16:23:49 [boincserver] Finished download of hybrid_synthetic_1.0_aarch64-unknown-linux-gnu
mysql-1             | 2026-09-16 16:21:48 0 [Note] InnoDB: Initializing buffer pool, total size = 256M, instances = 1, chunk size = 128M
mysql-1             | 2026-09-16 16:21:48 0 [Note] InnoDB: Completed initialization of buffer pool
client-desktop-1    | 16-Sep-2026 16:24:07 [boincserver] Project requested delay of 7 seconds
client-desktop-1    | 16-Sep-2026 16:24:09 [boincserver] Elapsed time limit 50.000000 < 120.000000; setting to 43200.000000
client-desktop-1    | 16-Sep-2026 16:24:09 [boincserver] Elapsed time limit 50.000000 < 120.000000; setting to 43200.000000
client-low-power-1  | 16-Sep-2026 16:24:06 [boincserver] Finished upload of exp_20260916T154418Z_weighted_least_loaded_short_2_0_r2021617665_0
client-low-power-1  | 16-Sep-2026 16:24:12 [boincserver] Computation for task exp_20260916T154418Z_weighted_least_loaded_short_10_0 finished
client-low-power-1  | 16-Sep-2026 16:24:12 [boincserver] Sending scheduler request: To report completed tasks.
client-low-power-1  | 16-Sep-2026 16:24:12 [boincserver] Reporting 1 completed tasks
client-cluster-1    | 16-Sep-2026 16:24:04 [boincserver] Started upload of exp_20260916T154418Z_weighted_least_loaded_short_6_0_r306814379_0
client-cluster-1    | 16-Sep-2026 16:24:06 [boincserver] Finished upload of exp_20260916T154418Z_weighted_least_loaded_short_6_0_r306814379_0
client-cluster-1    | 16-Sep-2026 16:24:07 [boincserver] Scheduler request completed: got 4 new tasks
client-cluster-1    | 16-Sep-2026 16:24:07 [boincserver] Project requested delay of 7 seconds
client-cluster-1    | 16-Sep-2026 16:24:09 [boincserver] Elapsed time limit 50.000000 < 120.000000; setting to 43200.000000
client-low-power-1  | 16-Sep-2026 16:24:12 [boincserver] Requesting new tasks for CPU
client-low-power-1  | 16-Sep-2026 16:24:14 [boincserver] Started upload of exp_20260916T154418Z_weighted_least_loaded_short_10_0_r1401349765_0
client-phone-1      | 16-Sep-2026 16:23:32 [---]    max disk usage: 2.00 GB
client-phone-1      | 16-Sep-2026 16:23:32 [---]    don't use GPU while active
client-phone-2-1    | 16-Sep-2026 16:23:32 [---] No general preferences found - using defaults
client-phone-2-1    | 16-Sep-2026 16:23:32 [---] Reading preferences override file
client-phone-2-1    | 16-Sep-2026 16:23:32 [---] Preferences:
client-phone-2-1    | 16-Sep-2026 16:23:32 [---]    max memory usage when active: 8929.14 MB
client-phone-2-1    | 16-Sep-2026 16:23:32 [---]    max memory usage when idle: 8929.14 MB
client-phone-2-1    | 16-Sep-2026 16:23:32 [---]    max disk usage: 2.00 GB
client-phone-2-1    | 16-Sep-2026 16:23:32 [---]    don't use GPU while active
client-phone-2-1    | 16-Sep-2026 16:23:32 [---]    suspend work if non-BOINC CPU load exceeds 25%
client-phone-2-1    | 16-Sep-2026 16:23:32 [---]    (to change preferences, visit a project web site or select Preferences in the Manager)
client-phone-2-1    | 16-Sep-2026 16:23:36 [http://boincserver.local/boincserver/] Fetching scheduler list
client-phone-2-1    | 16-Sep-2026 16:23:42 [http://boincserver.local/boincserver/] Master file download succeeded
client-low-power-1  | 16-Sep-2026 16:24:14 [boincserver] Scheduler request completed: got 1 new tasks
client-low-power-1  | 16-Sep-2026 16:24:14 [boincserver] Project requested delay of 7 seconds
client-cluster-1    | 16-Sep-2026 16:24:09 [boincserver] Elapsed time limit 50.000000 < 120.000000; setting to 43200.000000
client-cluster-1    | 16-Sep-2026 16:24:09 [boincserver] Elapsed time limit 50.000000 < 120.000000; setting to 43200.000000
client-cluster-1    | 16-Sep-2026 16:24:09 [boincserver] Starting task exp_20260916T154418Z_weighted_least_loaded_short_17_0
client-cluster-1    | 16-Sep-2026 16:24:09 [boincserver] Starting task exp_20260916T154418Z_weighted_least_loaded_medium_1_0
client-cluster-1    | 16-Sep-2026 16:24:09 [boincserver] Starting task exp_20260916T154418Z_weighted_least_loaded_short_18_0
client-cluster-1    | 16-Sep-2026 16:24:09 [boincserver] Starting task exp_20260916T154418Z_weighted_least_loaded_short_11_0
client-cluster-1    | 16-Sep-2026 16:24:17 [boincserver] Computation for task exp_20260916T154418Z_weighted_least_loaded_short_17_0 finished
client-cluster-1    | 16-Sep-2026 16:24:17 [boincserver] Sending scheduler request: To report completed tasks.
client-cluster-1    | 16-Sep-2026 16:24:17 [boincserver] Reporting 1 completed tasks
client-cluster-1    | 16-Sep-2026 16:24:17 [boincserver] Requesting new tasks for CPU
client-cluster-1    | 16-Sep-2026 16:24:18 [boincserver] Computation for task exp_20260916T154418Z_weighted_least_loaded_short_18_0 finished
client-cluster-1    | 16-Sep-2026 16:24:19 [boincserver] Started upload of exp_20260916T154418Z_weighted_least_loaded_short_17_0_r1489981456_0
client-cluster-1    | 16-Sep-2026 16:24:19 [boincserver] Computation for task exp_20260916T154418Z_weighted_least_loaded_short_11_0 finished
client-cluster-1    | 16-Sep-2026 16:24:19 [boincserver] Scheduler request completed: got 4 new tasks
client-cluster-1    | 16-Sep-2026 16:24:19 [boincserver] Project requested delay of 7 seconds
client-cluster-1    | 16-Sep-2026 16:24:20 [boincserver] Started upload of exp_20260916T154418Z_weighted_least_loaded_short_18_0_r1272444308_0
client-cluster-1    | 16-Sep-2026 16:24:21 [boincserver] Finished upload of exp_20260916T154418Z_weighted_least_loaded_short_17_0_r1489981456_0
client-cluster-1    | 16-Sep-2026 16:24:21 [boincserver] Finished upload of exp_20260916T154418Z_weighted_least_loaded_short_18_0_r1272444308_0
client-cluster-1    | 16-Sep-2026 16:24:21 [boincserver] Started upload of exp_20260916T154418Z_weighted_least_loaded_short_11_0_r1694494377_0
client-cluster-1    | 16-Sep-2026 16:24:21 [boincserver] Starting task exp_20260916T154418Z_weighted_least_loaded_long_1_0
client-cluster-1    | 16-Sep-2026 16:24:21 [boincserver] Starting task exp_20260916T154418Z_weighted_least_loaded_long_2_0
client-cluster-1    | 16-Sep-2026 16:24:21 [boincserver] Starting task exp_20260916T154418Z_weighted_least_loaded_medium_10_0
client-cluster-1    | 16-Sep-2026 16:24:23 [boincserver] Finished upload of exp_20260916T154418Z_weighted_least_loaded_short_11_0_r1694494377_0
client-cluster-1    | 16-Sep-2026 16:24:29 [boincserver] Sending scheduler request: To report completed tasks.
client-cluster-1    | 16-Sep-2026 16:24:29 [boincserver] Reporting 3 completed tasks
client-cluster-1    | 16-Sep-2026 16:24:29 [boincserver] Requesting new tasks for CPU
client-cluster-1    | 16-Sep-2026 16:24:31 [boincserver] Scheduler request completed: got 0 new tasks
client-cluster-1    | 16-Sep-2026 16:24:31 [boincserver] Project has no tasks available
client-cluster-1    | 16-Sep-2026 16:24:31 [boincserver] Project requested delay of 7 seconds
client-cluster-1    | 16-Sep-2026 16:24:41 [boincserver] Sending scheduler request: To fetch work.
client-cluster-1    | 16-Sep-2026 16:24:41 [boincserver] Requesting new tasks for CPU
client-low-power-1  | 16-Sep-2026 16:24:16 [boincserver] Finished upload of exp_20260916T154418Z_weighted_least_loaded_short_10_0_r1401349765_0
client-low-power-1  | 16-Sep-2026 16:24:16 [boincserver] Starting task exp_20260916T154418Z_weighted_least_loaded_medium_2_0
client-phone-2-1    | 16-Sep-2026 16:23:47 [http://boincserver.local/boincserver/] Sending scheduler request: Project initialization.
client-phone-2-1    | 16-Sep-2026 16:23:47 [http://boincserver.local/boincserver/] Requesting new tasks for CPU
client-cluster-2-1  | 16-Sep-2026 16:23:49 [boincserver] Finished download of hybrid_synthetic_input.txt
client-cluster-2-1  | 16-Sep-2026 16:23:49 [boincserver] Elapsed time limit 50.000000 < 120.000000; setting to 43200.000000
client-cluster-2-1  | 16-Sep-2026 16:23:49 [boincserver] Starting task exp_20260916T154418Z_weighted_least_loaded_short_1_0
client-cluster-2-1  | 16-Sep-2026 16:23:55 [boincserver] Sending scheduler request: To fetch work.
client-cluster-2-1  | 16-Sep-2026 16:23:55 [boincserver] Requesting new tasks for CPU
client-low-power-1  | 16-Sep-2026 16:24:24 [boincserver] Sending scheduler request: To report completed tasks.
client-low-power-1  | 16-Sep-2026 16:24:24 [boincserver] Reporting 1 completed tasks
client-cluster-1    | 16-Sep-2026 16:24:43 [boincserver] Computation for task exp_20260916T154418Z_weighted_least_loaded_medium_1_0 finished
client-cluster-1    | 16-Sep-2026 16:24:43 [boincserver] Starting task exp_20260916T154418Z_weighted_least_loaded_medium_11_0
client-cluster-1    | 16-Sep-2026 16:24:43 [boincserver] Scheduler request completed: got 0 new tasks
client-cluster-1    | 16-Sep-2026 16:24:43 [boincserver] Project has no tasks available
client-cluster-1    | 16-Sep-2026 16:24:43 [boincserver] Project requested delay of 7 seconds
client-cluster-1    | 16-Sep-2026 16:24:46 [boincserver] Started upload of exp_20260916T154418Z_weighted_least_loaded_medium_1_0_r555400445_0
client-cluster-1    | 16-Sep-2026 16:24:48 [boincserver] Finished upload of exp_20260916T154418Z_weighted_least_loaded_medium_1_0_r555400445_0
client-cluster-1    | 16-Sep-2026 16:24:54 [boincserver] Sending scheduler request: To report completed tasks.
client-desktop-1    | 16-Sep-2026 16:24:09 [boincserver] Starting task exp_20260916T154418Z_weighted_least_loaded_short_16_0
client-desktop-1    | 16-Sep-2026 16:24:09 [boincserver] Starting task exp_20260916T154418Z_weighted_least_loaded_short_9_0
client-phone-2-1    | 16-Sep-2026 16:23:54 [boincserver] Scheduler request completed: got 1 new tasks
client-phone-2-1    | 16-Sep-2026 16:23:54 [boincserver] Project requested delay of 7 seconds
client-phone-2-1    | 16-Sep-2026 16:23:56 [boincserver] Started download of hybrid_synthetic_1.0_aarch64-unknown-linux-gnu
client-phone-2-1    | 16-Sep-2026 16:23:56 [boincserver] Started download of hybrid_synthetic_input.txt
client-phone-2-1    | 16-Sep-2026 16:23:58 [boincserver] Finished download of hybrid_synthetic_1.0_aarch64-unknown-linux-gnu
client-phone-2-1    | 16-Sep-2026 16:23:58 [boincserver] Finished download of hybrid_synthetic_input.txt
client-desktop-1    | 16-Sep-2026 16:24:17 [boincserver] Computation for task exp_20260916T154418Z_weighted_least_loaded_short_16_0 finished
client-desktop-1    | 16-Sep-2026 16:24:17 [boincserver] Sending scheduler request: To report completed tasks.
client-desktop-1    | 16-Sep-2026 16:24:17 [boincserver] Reporting 1 completed tasks
client-low-power-1  | 16-Sep-2026 16:24:24 [boincserver] Requesting new tasks for CPU
client-low-power-1  | 16-Sep-2026 16:24:26 [boincserver] Scheduler request completed: got 1 new tasks
client-low-power-1  | 16-Sep-2026 16:24:26 [boincserver] Project requested delay of 7 seconds
client-low-power-1  | 16-Sep-2026 16:24:36 [boincserver] Sending scheduler request: To fetch work.
client-low-power-1  | 16-Sep-2026 16:24:36 [boincserver] Requesting new tasks for CPU
client-desktop-1    | 16-Sep-2026 16:24:17 [boincserver] Requesting new tasks for CPU
client-desktop-1    | 16-Sep-2026 16:24:18 [boincserver] Computation for task exp_20260916T154418Z_weighted_least_loaded_short_9_0 finished
client-desktop-1    | 16-Sep-2026 16:24:19 [boincserver] Started upload of exp_20260916T154418Z_weighted_least_loaded_short_16_0_r1478437262_0
client-cluster-2-1  | 16-Sep-2026 16:23:57 [boincserver] Computation for task exp_20260916T154418Z_weighted_least_loaded_short_1_0 finished
client-cluster-2-1  | 16-Sep-2026 16:23:59 [boincserver] Started upload of exp_20260916T154418Z_weighted_least_loaded_short_1_0_r1607475376_0
client-cluster-2-1  | 16-Sep-2026 16:24:01 [boincserver] Finished upload of exp_20260916T154418Z_weighted_least_loaded_short_1_0_r1607475376_0
client-cluster-2-1  | 16-Sep-2026 16:24:02 [boincserver] Scheduler request completed: got 4 new tasks
client-cluster-2-1  | 16-Sep-2026 16:24:02 [boincserver] Project requested delay of 7 seconds
client-cluster-2-1  | 16-Sep-2026 16:24:04 [boincserver] Elapsed time limit 50.000000 < 120.000000; setting to 43200.000000
client-cluster-2-1  | 16-Sep-2026 16:24:04 [boincserver] Elapsed time limit 50.000000 < 120.000000; setting to 43200.000000
client-cluster-2-1  | 16-Sep-2026 16:24:04 [boincserver] Elapsed time limit 50.000000 < 120.000000; setting to 43200.000000
client-cluster-2-1  | 16-Sep-2026 16:24:04 [boincserver] Elapsed time limit 50.000000 < 120.000000; setting to 43200.000000
client-cluster-2-1  | 16-Sep-2026 16:24:04 [boincserver] Starting task exp_20260916T154418Z_weighted_least_loaded_short_14_0
client-cluster-2-1  | 16-Sep-2026 16:24:04 [boincserver] Starting task exp_20260916T154418Z_weighted_least_loaded_short_7_0
client-cluster-2-1  | 16-Sep-2026 16:24:04 [boincserver] Starting task exp_20260916T154418Z_weighted_least_loaded_short_13_0
client-cluster-2-1  | 16-Sep-2026 16:24:04 [boincserver] Starting task exp_20260916T154418Z_weighted_least_loaded_short_12_0
client-cluster-2-1  | 16-Sep-2026 16:24:11 [boincserver] Computation for task exp_20260916T154418Z_weighted_least_loaded_short_14_0 finished
client-cluster-2-1  | 16-Sep-2026 16:24:12 [boincserver] Computation for task exp_20260916T154418Z_weighted_least_loaded_short_7_0 finished
client-cluster-2-1  | 16-Sep-2026 16:24:12 [boincserver] Sending scheduler request: To report completed tasks.
client-cluster-2-1  | 16-Sep-2026 16:24:12 [boincserver] Reporting 1 completed tasks
client-cluster-2-1  | 16-Sep-2026 16:24:12 [boincserver] Requesting new tasks for CPU
client-cluster-2-1  | 16-Sep-2026 16:24:13 [boincserver] Started upload of exp_20260916T154418Z_weighted_least_loaded_short_14_0_r714901316_0
client-cluster-2-1  | 16-Sep-2026 16:24:13 [boincserver] Computation for task exp_20260916T154418Z_weighted_least_loaded_short_13_0 finished
client-desktop-1    | 16-Sep-2026 16:24:19 [boincserver] Scheduler request completed: got 2 new tasks
client-desktop-1    | 16-Sep-2026 16:24:19 [boincserver] Project requested delay of 7 seconds
client-desktop-1    | 16-Sep-2026 16:24:20 [boincserver] Started upload of exp_20260916T154418Z_weighted_least_loaded_short_9_0_r1237999729_0
client-cluster-1    | 16-Sep-2026 16:24:54 [boincserver] Reporting 1 completed tasks
client-cluster-1    | 16-Sep-2026 16:24:54 [boincserver] Requesting new tasks for CPU
client-cluster-1    | 16-Sep-2026 16:24:56 [boincserver] Computation for task exp_20260916T154418Z_weighted_least_loaded_medium_10_0 finished
client-cluster-1    | 16-Sep-2026 16:24:58 [boincserver] Started upload of exp_20260916T154418Z_weighted_least_loaded_medium_10_0_r595419602_0
client-phone-1      | 16-Sep-2026 16:23:32 [---]    suspend work if non-BOINC CPU load exceeds 25%
client-phone-1      | 16-Sep-2026 16:23:32 [---]    (to change preferences, visit a project web site or select Preferences in the Manager)
client-phone-1      | 16-Sep-2026 16:23:36 [http://boincserver.local/boincserver/] Fetching scheduler list
client-phone-1      | 16-Sep-2026 16:23:42 [http://boincserver.local/boincserver/] Master file download succeeded
client-phone-1      | 16-Sep-2026 16:23:47 [http://boincserver.local/boincserver/] Sending scheduler request: Project initialization.
client-phone-1      | 16-Sep-2026 16:23:47 [http://boincserver.local/boincserver/] Requesting new tasks for CPU
client-cluster-1    | 16-Sep-2026 16:25:00 [boincserver] Finished upload of exp_20260916T154418Z_weighted_least_loaded_medium_10_0_r595419602_0
client-cluster-1    | 16-Sep-2026 16:25:01 [boincserver] Scheduler request completed: got 0 new tasks
client-cluster-1    | 16-Sep-2026 16:25:01 [boincserver] Project has no tasks available
client-cluster-1    | 16-Sep-2026 16:25:01 [boincserver] Project requested delay of 7 seconds
client-cluster-1    | 16-Sep-2026 16:25:11 [boincserver] Sending scheduler request: To report completed tasks.
client-phone-2-1    | 16-Sep-2026 16:23:58 [boincserver] Elapsed time limit 50.000000 < 120.000000; setting to 43200.000000
client-phone-2-1    | 16-Sep-2026 16:23:58 [boincserver] Starting task exp_20260916T154418Z_weighted_least_loaded_short_4_0
client-desktop-1    | 16-Sep-2026 16:24:21 [boincserver] Finished upload of exp_20260916T154418Z_weighted_least_loaded_short_16_0_r1478437262_0
client-desktop-1    | 16-Sep-2026 16:24:21 [boincserver] Finished upload of exp_20260916T154418Z_weighted_least_loaded_short_9_0_r1237999729_0
mysql-1             | 2026-09-16 16:21:48 0 [Note] InnoDB: If the mysqld execution user is authorized, page cleaner thread priority can be changed. See the man page of setpriority().
mysql-1             | 2026-09-16 16:21:48 0 [Note] InnoDB: 128 out of 128 rollback segments are active.
client-cluster-1    | 16-Sep-2026 16:25:11 [boincserver] Reporting 1 completed tasks
client-cluster-1    | 16-Sep-2026 16:25:11 [boincserver] Requesting new tasks for CPU
client-cluster-1    | 16-Sep-2026 16:25:13 [boincserver] Scheduler request completed: got 0 new tasks
client-cluster-1    | 16-Sep-2026 16:25:13 [boincserver] Project has no tasks available
client-cluster-1    | 16-Sep-2026 16:25:13 [boincserver] Project requested delay of 7 seconds
client-cluster-1    | 16-Sep-2026 16:25:17 [boincserver] Computation for task exp_20260916T154418Z_weighted_least_loaded_medium_11_0 finished
mysql-1             | 2026-09-16 16:21:48 0 [Note] InnoDB: Creating shared tablespace for temporary tables
mysql-1             | 2026-09-16 16:21:48 0 [Note] InnoDB: Setting file './ibtmp1' size to 12 MB. Physically writing the file full; Please wait ...
client-phone-2-1    | 16-Sep-2026 16:24:04 [boincserver] Sending scheduler request: To fetch work.
client-phone-2-1    | 16-Sep-2026 16:24:04 [boincserver] Requesting new tasks for CPU
client-phone-2-1    | 16-Sep-2026 16:24:06 [boincserver] Computation for task exp_20260916T154418Z_weighted_least_loaded_short_4_0 finished
client-phone-2-1    | 16-Sep-2026 16:24:06 [boincserver] Scheduler request completed: got 1 new tasks
client-phone-2-1    | 16-Sep-2026 16:24:06 [boincserver] Project requested delay of 7 seconds
client-phone-2-1    | 16-Sep-2026 16:24:08 [boincserver] Started upload of exp_20260916T154418Z_weighted_least_loaded_short_4_0_r1005181726_0
client-phone-2-1    | 16-Sep-2026 16:24:08 [boincserver] Elapsed time limit 50.000000 < 120.000000; setting to 43200.000000
client-phone-2-1    | 16-Sep-2026 16:24:08 [boincserver] Starting task exp_20260916T154418Z_weighted_least_loaded_short_15_0
client-phone-2-1    | 16-Sep-2026 16:24:10 [boincserver] Finished upload of exp_20260916T154418Z_weighted_least_loaded_short_4_0_r1005181726_0
client-phone-2-1    | 16-Sep-2026 16:24:16 [boincserver] Sending scheduler request: To report completed tasks.
client-phone-2-1    | 16-Sep-2026 16:24:16 [boincserver] Reporting 1 completed tasks
client-phone-1      | 16-Sep-2026 16:23:49 [boincserver] Scheduler request completed: got 1 new tasks
client-phone-1      | 16-Sep-2026 16:23:49 [boincserver] Project requested delay of 7 seconds
client-phone-1      | 16-Sep-2026 16:23:51 [boincserver] Started download of hybrid_synthetic_1.0_aarch64-unknown-linux-gnu
client-phone-1      | 16-Sep-2026 16:23:51 [boincserver] Started download of hybrid_synthetic_input.txt
client-phone-1      | 16-Sep-2026 16:23:53 [boincserver] Finished download of hybrid_synthetic_1.0_aarch64-unknown-linux-gnu
client-phone-1      | 16-Sep-2026 16:23:53 [boincserver] Finished download of hybrid_synthetic_input.txt
client-phone-1      | 16-Sep-2026 16:23:53 [boincserver] Elapsed time limit 50.000000 < 120.000000; setting to 43200.000000
client-phone-1      | 16-Sep-2026 16:23:53 [boincserver] Starting task exp_20260916T154418Z_weighted_least_loaded_short_3_0
client-phone-1      | 16-Sep-2026 16:23:59 [boincserver] Sending scheduler request: To fetch work.
client-phone-1      | 16-Sep-2026 16:23:59 [boincserver] Requesting new tasks for CPU
client-phone-1      | 16-Sep-2026 16:24:01 [boincserver] Computation for task exp_20260916T154418Z_weighted_least_loaded_short_3_0 finished
client-low-power-1  | 16-Sep-2026 16:24:38 [boincserver] Scheduler request completed: got 0 new tasks
client-low-power-1  | 16-Sep-2026 16:24:38 [boincserver] Project has no tasks available
client-low-power-1  | 16-Sep-2026 16:24:38 [boincserver] Project requested delay of 7 seconds
client-low-power-1  | 16-Sep-2026 16:24:49 [boincserver] Computation for task exp_20260916T154418Z_weighted_least_loaded_medium_2_0 finished
client-low-power-1  | 16-Sep-2026 16:24:49 [boincserver] Starting task exp_20260916T154418Z_weighted_least_loaded_long_3_0
client-low-power-1  | 16-Sep-2026 16:24:51 [boincserver] Started upload of exp_20260916T154418Z_weighted_least_loaded_medium_2_0_r817430772_0
client-low-power-1  | 16-Sep-2026 16:24:53 [boincserver] Finished upload of exp_20260916T154418Z_weighted_least_loaded_medium_2_0_r817430772_0
client-phone-2-1    | 16-Sep-2026 16:24:16 [boincserver] Requesting new tasks for CPU
client-phone-2-1    | 16-Sep-2026 16:24:17 [boincserver] Computation for task exp_20260916T154418Z_weighted_least_loaded_short_15_0 finished
client-cluster-2-1  | 16-Sep-2026 16:24:14 [boincserver] Finished upload of exp_20260916T154418Z_weighted_least_loaded_short_14_0_r714901316_0
client-cluster-2-1  | 16-Sep-2026 16:24:14 [boincserver] Started upload of exp_20260916T154418Z_weighted_least_loaded_short_7_0_r1407555660_0
client-phone-1      | 16-Sep-2026 16:24:03 [boincserver] Started upload of exp_20260916T154418Z_weighted_least_loaded_short_3_0_r1344333794_0
client-phone-1      | 16-Sep-2026 16:24:05 [boincserver] Finished upload of exp_20260916T154418Z_weighted_least_loaded_short_3_0_r1344333794_0
client-phone-1      | 16-Sep-2026 16:24:06 [boincserver] Scheduler request completed: got 1 new tasks
client-phone-1      | 16-Sep-2026 16:24:06 [boincserver] Project requested delay of 7 seconds
client-phone-1      | 16-Sep-2026 16:24:08 [boincserver] Elapsed time limit 50.000000 < 120.000000; setting to 43200.000000
client-phone-1      | 16-Sep-2026 16:24:08 [boincserver] Starting task exp_20260916T154418Z_weighted_least_loaded_short_8_0
client-phone-1      | 16-Sep-2026 16:24:16 [boincserver] Sending scheduler request: To report completed tasks.
client-phone-1      | 16-Sep-2026 16:24:16 [boincserver] Reporting 1 completed tasks
client-phone-1      | 16-Sep-2026 16:24:16 [boincserver] Requesting new tasks for CPU
client-cluster-1    | 16-Sep-2026 16:25:19 [boincserver] Started upload of exp_20260916T154418Z_weighted_least_loaded_medium_11_0_r1213753036_0
client-cluster-1    | 16-Sep-2026 16:25:21 [boincserver] Finished upload of exp_20260916T154418Z_weighted_least_loaded_medium_11_0_r1213753036_0
client-cluster-1    | 16-Sep-2026 16:25:23 [boincserver] Sending scheduler request: To report completed tasks.
client-cluster-1    | 16-Sep-2026 16:25:23 [boincserver] Reporting 1 completed tasks
client-cluster-1    | 16-Sep-2026 16:25:23 [boincserver] Requesting new tasks for CPU
client-cluster-1    | 16-Sep-2026 16:25:25 [boincserver] Scheduler request completed: got 0 new tasks
client-cluster-1    | 16-Sep-2026 16:25:25 [boincserver] Project has no tasks available
client-cluster-1    | 16-Sep-2026 16:25:25 [boincserver] Project requested delay of 7 seconds
client-cluster-1    | 16-Sep-2026 16:25:35 [boincserver] Sending scheduler request: To fetch work.
client-cluster-1    | 16-Sep-2026 16:25:35 [boincserver] Requesting new tasks for CPU
client-cluster-1    | 16-Sep-2026 16:25:37 [boincserver] Scheduler request completed: got 0 new tasks
client-cluster-1    | 16-Sep-2026 16:25:37 [boincserver] Project has no tasks available
client-cluster-1    | 16-Sep-2026 16:25:37 [boincserver] Project requested delay of 7 seconds
client-cluster-1    | 16-Sep-2026 16:26:24 [boincserver] Computation for task exp_20260916T154418Z_weighted_least_loaded_long_1_0 finished
client-desktop-1    | 16-Sep-2026 16:24:21 [boincserver] Starting task exp_20260916T154418Z_weighted_least_loaded_medium_12_0
client-desktop-1    | 16-Sep-2026 16:24:21 [boincserver] Starting task exp_20260916T154418Z_weighted_least_loaded_medium_9_0
client-desktop-1    | 16-Sep-2026 16:24:29 [boincserver] Sending scheduler request: To report completed tasks.
client-desktop-1    | 16-Sep-2026 16:24:29 [boincserver] Reporting 2 completed tasks
client-desktop-1    | 16-Sep-2026 16:24:29 [boincserver] Requesting new tasks for CPU
client-desktop-1    | 16-Sep-2026 16:24:31 [boincserver] Scheduler request completed: got 0 new tasks
client-desktop-1    | 16-Sep-2026 16:24:31 [boincserver] Project has no tasks available
mysql-1             | 2026-09-16 16:21:48 0 [Note] InnoDB: File './ibtmp1' size is now 12 MB.
mysql-1             | 2026-09-16 16:21:48 0 [Note] InnoDB: 10.3.8 started; log sequence number 1630815; transaction id 21
client-low-power-1  | 16-Sep-2026 16:24:53 [boincserver] Sending scheduler request: To report completed tasks.
client-low-power-1  | 16-Sep-2026 16:24:53 [boincserver] Reporting 1 completed tasks
client-low-power-1  | 16-Sep-2026 16:24:53 [boincserver] Requesting new tasks for CPU
client-low-power-1  | 16-Sep-2026 16:24:55 [boincserver] Scheduler request completed: got 0 new tasks
client-phone-1      | 16-Sep-2026 16:24:17 [boincserver] Computation for task exp_20260916T154418Z_weighted_least_loaded_short_8_0 finished
client-phone-1      | 16-Sep-2026 16:24:18 [boincserver] Scheduler request completed: got 1 new tasks
mysql-1             | 2026-09-16 16:21:48 0 [Note] InnoDB: Loading buffer pool(s) from /var/lib/mysql/ib_buffer_pool
mysql-1             | 2026-09-16 16:21:48 0 [Note] Plugin 'FEEDBACK' is disabled.
mysql-1             | 2026-09-16 16:21:48 0 [Note] InnoDB: Buffer pool(s) load completed at 260916 16:21:48
mysql-1             | 2026-09-16 16:21:48 0 [Warning] 'user' entry 'root@e115cc3626fb' ignored in --skip-name-resolve mode.
mysql-1             | 2026-09-16 16:21:48 0 [Warning] 'user' entry '@e115cc3626fb' ignored in --skip-name-resolve mode.
mysql-1             | 2026-09-16 16:21:48 0 [Warning] 'proxies_priv' entry '@% root@e115cc3626fb' ignored in --skip-name-resolve mode.
mysql-1             | 2026-09-16 16:21:48 0 [Note] Reading of all Master_info entries succeded
mysql-1             | 2026-09-16 16:21:48 0 [Note] Added new Master_info '' to hash table
mysql-1             | 2026-09-16 16:21:48 0 [Note] mysqld: ready for connections.
mysql-1             | Version: '10.3.8-MariaDB-1:10.3.8+maria~bionic'  socket: '/var/run/mysqld/mysqld.sock'  port: 0  mariadb.org binary distribution
mysql-1             | Warning: Unable to load '/usr/share/zoneinfo/leap-seconds.list' as time zone. Skipping it.
client-desktop-1    | 16-Sep-2026 16:24:31 [boincserver] Project requested delay of 7 seconds
client-desktop-1    | 16-Sep-2026 16:24:41 [boincserver] Sending scheduler request: To fetch work.
client-cluster-2-1  | 16-Sep-2026 16:24:14 [boincserver] Computation for task exp_20260916T154418Z_weighted_least_loaded_short_12_0 finished
client-cluster-2-1  | 16-Sep-2026 16:24:14 [boincserver] Scheduler request completed: got 4 new tasks
client-cluster-2-1  | 16-Sep-2026 16:24:14 [boincserver] Project requested delay of 7 seconds
client-cluster-2-1  | 16-Sep-2026 16:24:15 [boincserver] Started upload of exp_20260916T154418Z_weighted_least_loaded_short_13_0_r1800081773_0
client-cluster-2-1  | 16-Sep-2026 16:24:16 [boincserver] Finished upload of exp_20260916T154418Z_weighted_least_loaded_short_7_0_r1407555660_0
client-cluster-2-1  | 16-Sep-2026 16:24:16 [boincserver] Finished upload of exp_20260916T154418Z_weighted_least_loaded_short_13_0_r1800081773_0
client-desktop-1    | 16-Sep-2026 16:24:41 [boincserver] Requesting new tasks for CPU
client-desktop-1    | 16-Sep-2026 16:24:43 [boincserver] Scheduler request completed: got 0 new tasks
client-desktop-1    | 16-Sep-2026 16:24:43 [boincserver] Project has no tasks available
client-desktop-1    | 16-Sep-2026 16:24:43 [boincserver] Project requested delay of 7 seconds
client-desktop-1    | 16-Sep-2026 16:24:54 [boincserver] Computation for task exp_20260916T154418Z_weighted_least_loaded_medium_12_0 finished
client-desktop-1    | 16-Sep-2026 16:24:55 [boincserver] Computation for task exp_20260916T154418Z_weighted_least_loaded_medium_9_0 finished
client-desktop-1    | 16-Sep-2026 16:24:56 [boincserver] Started upload of exp_20260916T154418Z_weighted_least_loaded_medium_12_0_r2074401275_0
client-desktop-1    | 16-Sep-2026 16:24:57 [boincserver] Started upload of exp_20260916T154418Z_weighted_least_loaded_medium_9_0_r1738913898_0
client-phone-2-1    | 16-Sep-2026 16:24:18 [boincserver] Scheduler request completed: got 1 new tasks
client-phone-2-1    | 16-Sep-2026 16:24:18 [boincserver] Project requested delay of 7 seconds
client-phone-2-1    | 16-Sep-2026 16:24:19 [boincserver] Started upload of exp_20260916T154418Z_weighted_least_loaded_short_15_0_r1872429849_0
client-phone-2-1    | 16-Sep-2026 16:24:20 [boincserver] Starting task exp_20260916T154418Z_weighted_least_loaded_medium_7_0
client-phone-2-1    | 16-Sep-2026 16:24:21 [boincserver] Finished upload of exp_20260916T154418Z_weighted_least_loaded_short_15_0_r1872429849_0
client-phone-2-1    | 16-Sep-2026 16:24:28 [boincserver] Sending scheduler request: To report completed tasks.
client-cluster-1    | 16-Sep-2026 16:26:25 [boincserver] Computation for task exp_20260916T154418Z_weighted_least_loaded_long_2_0 finished
client-cluster-1    | 16-Sep-2026 16:26:26 [boincserver] Started upload of exp_20260916T154418Z_weighted_least_loaded_long_1_0_r706975039_0
mysql-1             | 2026-09-16 16:21:50 10 [Warning] 'proxies_priv' entry '@% root@e115cc3626fb' ignored in --skip-name-resolve mode.
mysql-1             | 
mysql-1             | 2026-09-16 16:21:50 0 [Note] mysqld (initiated by: unknown): Normal shutdown
mysql-1             | 2026-09-16 16:21:50 0 [Note] Event Scheduler: Purging the queue. 0 events
mysql-1             | 2026-09-16 16:21:50 0 [Note] InnoDB: FTS optimize thread exiting.
mysql-1             | 2026-09-16 16:21:50 0 [Note] InnoDB: Starting shutdown...
client-desktop-1    | 16-Sep-2026 16:24:58 [boincserver] Finished upload of exp_20260916T154418Z_weighted_least_loaded_medium_12_0_r2074401275_0
client-desktop-1    | 16-Sep-2026 16:24:58 [boincserver] Finished upload of exp_20260916T154418Z_weighted_least_loaded_medium_9_0_r1738913898_0
client-desktop-1    | 16-Sep-2026 16:24:58 [boincserver] Sending scheduler request: To report completed tasks.
client-desktop-1    | 16-Sep-2026 16:24:58 [boincserver] Reporting 2 completed tasks
mysql-1             | 2026-09-16 16:21:50 0 [Note] InnoDB: Dumping buffer pool(s) to /var/lib/mysql/ib_buffer_pool
mysql-1             | 2026-09-16 16:21:50 0 [Note] InnoDB: Buffer pool(s) dump completed at 260916 16:21:50
mysql-1             | 2026-09-16 16:21:51 0 [Note] InnoDB: Shutdown completed; log sequence number 1630824; transaction id 24
mysql-1             | 2026-09-16 16:21:51 0 [Note] InnoDB: Removed temporary tablespace data file: "ibtmp1"
mysql-1             | 2026-09-16 16:21:51 0 [Note] mysqld: Shutdown complete
client-low-power-1  | 16-Sep-2026 16:24:55 [boincserver] Project has no tasks available
client-low-power-1  | 16-Sep-2026 16:24:55 [boincserver] Project requested delay of 7 seconds
client-low-power-1  | 16-Sep-2026 16:25:06 [boincserver] Sending scheduler request: To fetch work.
client-low-power-1  | 16-Sep-2026 16:25:06 [boincserver] Requesting new tasks for CPU
client-low-power-1  | 16-Sep-2026 16:25:08 [boincserver] Scheduler request completed: got 0 new tasks
client-low-power-1  | 16-Sep-2026 16:25:08 [boincserver] Project has no tasks available
client-low-power-1  | 16-Sep-2026 16:25:08 [boincserver] Project requested delay of 7 seconds
mysql-1             | 
mysql-1             | 
client-phone-2-1    | 16-Sep-2026 16:24:28 [boincserver] Reporting 1 completed tasks
client-phone-2-1    | 16-Sep-2026 16:24:28 [boincserver] Requesting new tasks for CPU
client-phone-2-1    | 16-Sep-2026 16:24:30 [boincserver] Scheduler request completed: got 0 new tasks
client-phone-2-1    | 16-Sep-2026 16:24:30 [boincserver] Project has no tasks available
client-phone-2-1    | 16-Sep-2026 16:24:30 [boincserver] Project requested delay of 7 seconds
client-phone-2-1    | 16-Sep-2026 16:24:40 [boincserver] Sending scheduler request: To fetch work.
client-phone-1      | 16-Sep-2026 16:24:18 [boincserver] Project requested delay of 7 seconds
client-phone-1      | 16-Sep-2026 16:24:19 [boincserver] Started upload of exp_20260916T154418Z_weighted_least_loaded_short_8_0_r1067349974_0
client-phone-1      | 16-Sep-2026 16:24:20 [boincserver] Starting task exp_20260916T154418Z_weighted_least_loaded_medium_8_0
client-phone-1      | 16-Sep-2026 16:24:21 [boincserver] Finished upload of exp_20260916T154418Z_weighted_least_loaded_short_8_0_r1067349974_0
client-phone-1      | 16-Sep-2026 16:24:28 [boincserver] Sending scheduler request: To report completed tasks.
client-cluster-1    | 16-Sep-2026 16:26:27 [boincserver] Started upload of exp_20260916T154418Z_weighted_least_loaded_long_2_0_r1785105498_0
client-cluster-1    | 16-Sep-2026 16:26:28 [boincserver] Finished upload of exp_20260916T154418Z_weighted_least_loaded_long_1_0_r706975039_0
client-cluster-1    | 16-Sep-2026 16:26:28 [boincserver] Finished upload of exp_20260916T154418Z_weighted_least_loaded_long_2_0_r1785105498_0
client-cluster-1    | 16-Sep-2026 16:26:32 [boincserver] Sending scheduler request: To report completed tasks.
client-cluster-1    | 16-Sep-2026 16:26:32 [boincserver] Reporting 2 completed tasks
client-low-power-1  | 16-Sep-2026 16:26:53 [boincserver] Computation for task exp_20260916T154418Z_weighted_least_loaded_long_3_0 finished
client-low-power-1  | 16-Sep-2026 16:26:55 [boincserver] Started upload of exp_20260916T154418Z_weighted_least_loaded_long_3_0_r1908977694_0
client-desktop-1    | 16-Sep-2026 16:24:58 [boincserver] Requesting new tasks for CPU
client-desktop-1    | 16-Sep-2026 16:25:05 [boincserver] Scheduler request completed: got 0 new tasks
client-desktop-1    | 16-Sep-2026 16:25:05 [boincserver] Project has no tasks available
client-desktop-1    | 16-Sep-2026 16:25:05 [boincserver] Project requested delay of 7 seconds
client-desktop-1    | 16-Sep-2026 16:25:16 [boincserver] Sending scheduler request: To fetch work.
client-phone-2-1    | 16-Sep-2026 16:24:40 [boincserver] Requesting new tasks for CPU
client-phone-2-1    | 16-Sep-2026 16:24:47 [boincserver] Scheduler request completed: got 0 new tasks
mysql-1             | MySQL init process done. Ready for start up.
mysql-1             | 
mysql-1             | 2026-09-16 16:21:51 0 [Note] mysqld (mysqld 10.3.8-MariaDB-1:10.3.8+maria~bionic) starting as process 1 ...
mysql-1             | 2026-09-16 16:21:51 0 [Note] InnoDB: Using Linux native AIO
mysql-1             | 2026-09-16 16:21:51 0 [Note] InnoDB: Mutexes and rw_locks use GCC atomic builtins
client-phone-2-1    | 16-Sep-2026 16:24:47 [boincserver] Project has no tasks available
mysql-1             | 2026-09-16 16:21:51 0 [Note] InnoDB: Uses event mutexes
mysql-1             | 2026-09-16 16:21:51 0 [Note] InnoDB: Compressed tables use zlib 1.2.11
client-phone-1      | 16-Sep-2026 16:24:28 [boincserver] Reporting 1 completed tasks
client-desktop-1    | 16-Sep-2026 16:25:16 [boincserver] Requesting new tasks for CPU
client-desktop-1    | 16-Sep-2026 16:25:18 [boincserver] Scheduler request completed: got 0 new tasks
client-desktop-1    | 16-Sep-2026 16:25:18 [boincserver] Project has no tasks available
client-desktop-1    | 16-Sep-2026 16:25:18 [boincserver] Project requested delay of 7 seconds
client-phone-2-1    | 16-Sep-2026 16:24:47 [boincserver] Project requested delay of 7 seconds
client-phone-2-1    | 16-Sep-2026 16:24:56 [boincserver] Computation for task exp_20260916T154418Z_weighted_least_loaded_medium_7_0 finished
client-phone-2-1    | 16-Sep-2026 16:24:58 [boincserver] Started upload of exp_20260916T154418Z_weighted_least_loaded_medium_7_0_r985107795_0
client-phone-2-1    | 16-Sep-2026 16:25:00 [boincserver] Finished upload of exp_20260916T154418Z_weighted_least_loaded_medium_7_0_r985107795_0
client-phone-2-1    | 16-Sep-2026 16:25:03 [boincserver] Sending scheduler request: To report completed tasks.
client-phone-2-1    | 16-Sep-2026 16:25:03 [boincserver] Reporting 1 completed tasks
client-phone-2-1    | 16-Sep-2026 16:25:03 [boincserver] Requesting new tasks for CPU
client-phone-2-1    | 16-Sep-2026 16:25:10 [boincserver] Scheduler request completed: got 0 new tasks
client-phone-2-1    | 16-Sep-2026 16:25:10 [boincserver] Project has no tasks available
client-phone-2-1    | 16-Sep-2026 16:25:10 [boincserver] Project requested delay of 7 seconds
client-phone-2-1    | 16-Sep-2026 16:25:20 [boincserver] Sending scheduler request: To fetch work.
client-phone-1      | 16-Sep-2026 16:24:28 [boincserver] Requesting new tasks for CPU
client-phone-1      | 16-Sep-2026 16:24:35 [boincserver] Scheduler request completed: got 0 new tasks
client-phone-1      | 16-Sep-2026 16:24:35 [boincserver] Project has no tasks available
client-phone-1      | 16-Sep-2026 16:24:35 [boincserver] Project requested delay of 7 seconds
client-phone-1      | 16-Sep-2026 16:24:45 [boincserver] Sending scheduler request: To fetch work.
client-phone-1      | 16-Sep-2026 16:24:45 [boincserver] Requesting new tasks for CPU
client-phone-1      | 16-Sep-2026 16:24:47 [boincserver] Scheduler request completed: got 0 new tasks
client-phone-2-1    | 16-Sep-2026 16:25:20 [boincserver] Requesting new tasks for CPU
client-phone-2-1    | 16-Sep-2026 16:25:22 [boincserver] Scheduler request completed: got 0 new tasks
client-phone-2-1    | 16-Sep-2026 16:25:22 [boincserver] Project has no tasks available
client-phone-2-1    | 16-Sep-2026 16:25:22 [boincserver] Project requested delay of 7 seconds
client-phone-1      | 16-Sep-2026 16:24:47 [boincserver] Project has no tasks available
client-phone-1      | 16-Sep-2026 16:24:47 [boincserver] Project requested delay of 7 seconds
client-phone-1      | 16-Sep-2026 16:24:53 [boincserver] Computation for task exp_20260916T154418Z_weighted_least_loaded_medium_8_0 finished
client-phone-1      | 16-Sep-2026 16:24:55 [boincserver] Started upload of exp_20260916T154418Z_weighted_least_loaded_medium_8_0_r2032467913_0
client-phone-1      | 16-Sep-2026 16:24:57 [boincserver] Finished upload of exp_20260916T154418Z_weighted_least_loaded_medium_8_0_r2032467913_0
client-phone-1      | 16-Sep-2026 16:24:57 [boincserver] Sending scheduler request: To report completed tasks.
client-cluster-2-1  | 16-Sep-2026 16:24:16 [boincserver] Started upload of exp_20260916T154418Z_weighted_least_loaded_short_12_0_r389996525_0
client-cluster-2-1  | 16-Sep-2026 16:24:16 [boincserver] Starting task exp_20260916T154418Z_weighted_least_loaded_medium_3_0
client-cluster-2-1  | 16-Sep-2026 16:24:16 [boincserver] Starting task exp_20260916T154418Z_weighted_least_loaded_medium_5_0
client-phone-1      | 16-Sep-2026 16:24:57 [boincserver] Reporting 1 completed tasks
client-phone-1      | 16-Sep-2026 16:24:57 [boincserver] Requesting new tasks for CPU
client-phone-1      | 16-Sep-2026 16:25:04 [boincserver] Scheduler request completed: got 0 new tasks
client-phone-1      | 16-Sep-2026 16:25:04 [boincserver] Project has no tasks available
client-phone-1      | 16-Sep-2026 16:25:04 [boincserver] Project requested delay of 7 seconds
client-cluster-1    | 16-Sep-2026 16:26:32 [boincserver] Requesting new tasks for CPU
client-cluster-1    | 16-Sep-2026 16:26:39 [boincserver] Scheduler request completed: got 0 new tasks
client-cluster-1    | 16-Sep-2026 16:26:39 [boincserver] Project has no tasks available
client-cluster-1    | 16-Sep-2026 16:26:39 [boincserver] Project requested delay of 7 seconds
client-cluster-1    | 16-Sep-2026 16:26:49 [boincserver] Sending scheduler request: To fetch work.
client-cluster-1    | 16-Sep-2026 16:26:49 [boincserver] Requesting new tasks for CPU
client-low-power-1  | 16-Sep-2026 16:26:57 [boincserver] Finished upload of exp_20260916T154418Z_weighted_least_loaded_long_3_0_r1908977694_0
client-low-power-1  | 16-Sep-2026 16:26:58 [boincserver] Sending scheduler request: To report completed tasks.
client-low-power-1  | 16-Sep-2026 16:26:58 [boincserver] Reporting 1 completed tasks
client-cluster-2-1  | 16-Sep-2026 16:24:16 [boincserver] Starting task exp_20260916T154418Z_weighted_least_loaded_medium_4_0
client-cluster-2-1  | 16-Sep-2026 16:24:16 [boincserver] Starting task exp_20260916T154418Z_weighted_least_loaded_medium_6_0
client-cluster-2-1  | 16-Sep-2026 16:24:18 [boincserver] Finished upload of exp_20260916T154418Z_weighted_least_loaded_short_12_0_r389996525_0
client-cluster-1    | 16-Sep-2026 16:26:51 [boincserver] Scheduler request completed: got 0 new tasks
client-cluster-1    | 16-Sep-2026 16:26:51 [boincserver] Project has no tasks available
client-cluster-1    | 16-Sep-2026 16:26:51 [boincserver] Project requested delay of 7 seconds
client-phone-1      | 16-Sep-2026 16:25:14 [boincserver] Sending scheduler request: To fetch work.
client-phone-1      | 16-Sep-2026 16:25:14 [boincserver] Requesting new tasks for CPU
client-phone-1      | 16-Sep-2026 16:25:21 [boincserver] Scheduler request completed: got 0 new tasks
client-phone-1      | 16-Sep-2026 16:25:21 [boincserver] Project has no tasks available
client-phone-1      | 16-Sep-2026 16:25:21 [boincserver] Project requested delay of 7 seconds
client-cluster-2-1  | 16-Sep-2026 16:24:24 [boincserver] Sending scheduler request: To report completed tasks.
mysql-1             | 2026-09-16 16:21:51 0 [Note] InnoDB: Number of pools: 1
mysql-1             | 2026-09-16 16:21:51 0 [Note] InnoDB: Using generic crc32 instructions
mysql-1             | 2026-09-16 16:21:51 0 [Note] InnoDB: Initializing buffer pool, total size = 256M, instances = 1, chunk size = 128M
mysql-1             | 2026-09-16 16:21:51 0 [Note] InnoDB: Completed initialization of buffer pool
mysql-1             | 2026-09-16 16:21:51 0 [Note] InnoDB: If the mysqld execution user is authorized, page cleaner thread priority can be changed. See the man page of setpriority().
mysql-1             | 2026-09-16 16:21:51 0 [Note] InnoDB: 128 out of 128 rollback segments are active.
mysql-1             | 2026-09-16 16:21:51 0 [Note] InnoDB: Creating shared tablespace for temporary tables
mysql-1             | 2026-09-16 16:21:51 0 [Note] InnoDB: Setting file './ibtmp1' size to 12 MB. Physically writing the file full; Please wait ...
client-low-power-1  | 16-Sep-2026 16:26:58 [boincserver] Requesting new tasks for CPU
client-low-power-1  | 16-Sep-2026 16:27:00 [boincserver] Scheduler request completed: got 0 new tasks
mysql-1             | 2026-09-16 16:21:51 0 [Note] InnoDB: File './ibtmp1' size is now 12 MB.
mysql-1             | 2026-09-16 16:21:51 0 [Note] InnoDB: Waiting for purge to start
mysql-1             | 2026-09-16 16:21:51 0 [Note] InnoDB: 10.3.8 started; log sequence number 1630824; transaction id 21
mysql-1             | 2026-09-16 16:21:51 0 [Note] InnoDB: Loading buffer pool(s) from /var/lib/mysql/ib_buffer_pool
mysql-1             | 2026-09-16 16:21:51 0 [Note] Plugin 'FEEDBACK' is disabled.
mysql-1             | 2026-09-16 16:21:51 0 [Note] InnoDB: Buffer pool(s) load completed at 260916 16:21:51
mysql-1             | 2026-09-16 16:21:51 0 [Note] Server socket created on IP: '::'.
client-cluster-2-1  | 16-Sep-2026 16:24:24 [boincserver] Reporting 4 completed tasks
client-cluster-2-1  | 16-Sep-2026 16:24:24 [boincserver] Requesting new tasks for CPU
client-cluster-2-1  | 16-Sep-2026 16:24:26 [boincserver] Scheduler request completed: got 3 new tasks
client-low-power-1  | 16-Sep-2026 16:27:00 [boincserver] Project has no tasks available
client-low-power-1  | 16-Sep-2026 16:27:00 [boincserver] Project requested delay of 7 seconds
client-low-power-1  | 16-Sep-2026 16:27:10 [boincserver] Sending scheduler request: To fetch work.
client-low-power-1  | 16-Sep-2026 16:27:10 [boincserver] Requesting new tasks for CPU
client-low-power-1  | 16-Sep-2026 16:27:12 [boincserver] Scheduler request completed: got 0 new tasks
client-low-power-1  | 16-Sep-2026 16:27:12 [boincserver] Project has no tasks available
client-cluster-2-1  | 16-Sep-2026 16:24:26 [boincserver] Project requested delay of 7 seconds
client-cluster-2-1  | 16-Sep-2026 16:24:36 [boincserver] Sending scheduler request: To fetch work.
client-cluster-2-1  | 16-Sep-2026 16:24:36 [boincserver] Requesting new tasks for CPU
client-cluster-2-1  | 16-Sep-2026 16:24:38 [boincserver] Scheduler request completed: got 0 new tasks
client-cluster-2-1  | 16-Sep-2026 16:24:38 [boincserver] Project has no tasks available
client-cluster-2-1  | 16-Sep-2026 16:24:38 [boincserver] Project requested delay of 7 seconds
client-cluster-2-1  | 16-Sep-2026 16:24:48 [boincserver] Computation for task exp_20260916T154418Z_weighted_least_loaded_medium_3_0 finished
client-cluster-2-1  | 16-Sep-2026 16:24:48 [boincserver] Starting task exp_20260916T154418Z_weighted_least_loaded_long_6_0
client-cluster-2-1  | 16-Sep-2026 16:24:49 [boincserver] Computation for task exp_20260916T154418Z_weighted_least_loaded_medium_4_0 finished
client-cluster-2-1  | 16-Sep-2026 16:24:49 [boincserver] Starting task exp_20260916T154418Z_weighted_least_loaded_long_4_0
client-cluster-2-1  | 16-Sep-2026 16:24:50 [boincserver] Started upload of exp_20260916T154418Z_weighted_least_loaded_medium_3_0_r6229812_0
client-cluster-2-1  | 16-Sep-2026 16:24:50 [boincserver] Computation for task exp_20260916T154418Z_weighted_least_loaded_medium_5_0 finished
client-cluster-2-1  | 16-Sep-2026 16:24:50 [boincserver] Starting task exp_20260916T154418Z_weighted_least_loaded_long_5_0
mysql-1             | 2026-09-16 16:21:51 0 [Warning] 'proxies_priv' entry '@% root@e115cc3626fb' ignored in --skip-name-resolve mode.
mysql-1             | 2026-09-16 16:21:51 0 [Note] Reading of all Master_info entries succeded
mysql-1             | 2026-09-16 16:21:51 0 [Note] Added new Master_info '' to hash table
mysql-1             | 2026-09-16 16:21:51 0 [Note] mysqld: ready for connections.
mysql-1             | Version: '10.3.8-MariaDB-1:10.3.8+maria~bionic'  socket: '/var/run/mysqld/mysqld.sock'  port: 3306  mariadb.org binary distribution
mysql-1             | 2026-09-16 16:21:52 8 [Warning] Access denied for user 'boincadm'@'172.21.0.3' (using password: NO)
client-low-power-1  | 16-Sep-2026 16:27:12 [boincserver] Project requested delay of 7 seconds
mysql-1             | 2026-09-16 16:22:19 18 [Warning] Aborted connection 18 to db: 'boincserver' user: 'root' host: '172.21.0.4' (Got an error reading communication packets)
mysql-1             | 2026-09-16 16:22:19 19 [Warning] Aborted connection 19 to db: 'boincserver' user: 'root' host: '172.21.0.4' (Got an error reading communication packets)
mysql-1             | 2026-09-16 16:22:19 16 [Warning] Aborted connection 16 to db: 'boincserver' user: 'root' host: '172.21.0.4' (Got an error reading communication packets)
mysql-1             | 2026-09-16 16:25:02 138 [Warning] Aborted connection 138 to db: 'boincserver' user: 'root' host: '172.21.0.4' (Got an error reading communication packets)
mysql-1             | 2026-09-16 16:25:02 141 [Warning] Aborted connection 141 to db: 'boincserver' user: 'root' host: '172.21.0.4' (Got an error reading communication packets)
client-cluster-2-1  | 16-Sep-2026 16:24:52 [boincserver] Started upload of exp_20260916T154418Z_weighted_least_loaded_medium_4_0_r852380753_0
client-cluster-2-1  | 16-Sep-2026 16:24:52 [boincserver] Computation for task exp_20260916T154418Z_weighted_least_loaded_medium_6_0 finished
client-cluster-2-1  | 16-Sep-2026 16:24:53 [boincserver] Finished upload of exp_20260916T154418Z_weighted_least_loaded_medium_3_0_r6229812_0
client-cluster-2-1  | 16-Sep-2026 16:24:53 [boincserver] Finished upload of exp_20260916T154418Z_weighted_least_loaded_medium_4_0_r852380753_0
client-cluster-2-1  | 16-Sep-2026 16:24:53 [boincserver] Started upload of exp_20260916T154418Z_weighted_least_loaded_medium_5_0_r1249491254_0
client-cluster-2-1  | 16-Sep-2026 16:24:54 [boincserver] Started upload of exp_20260916T154418Z_weighted_least_loaded_medium_6_0_r1143838890_0
client-cluster-2-1  | 16-Sep-2026 16:24:54 [boincserver] Sending scheduler request: To fetch work.
client-cluster-2-1  | 16-Sep-2026 16:24:54 [boincserver] Reporting 2 completed tasks
client-cluster-2-1  | 16-Sep-2026 16:24:54 [boincserver] Requesting new tasks for CPU
client-cluster-2-1  | 16-Sep-2026 16:24:55 [boincserver] Finished upload of exp_20260916T154418Z_weighted_least_loaded_medium_5_0_r1249491254_0
client-cluster-2-1  | 16-Sep-2026 16:24:55 [boincserver] Finished upload of exp_20260916T154418Z_weighted_least_loaded_medium_6_0_r1143838890_0
client-cluster-2-1  | 16-Sep-2026 16:25:00 [boincserver] Scheduler request completed: got 0 new tasks
client-cluster-2-1  | 16-Sep-2026 16:25:00 [boincserver] Project has no tasks available
client-cluster-2-1  | 16-Sep-2026 16:25:00 [boincserver] Project requested delay of 7 seconds
client-cluster-2-1  | 16-Sep-2026 16:25:10 [boincserver] Sending scheduler request: To report completed tasks.
client-cluster-2-1  | 16-Sep-2026 16:25:10 [boincserver] Reporting 2 completed tasks
client-cluster-2-1  | 16-Sep-2026 16:25:10 [boincserver] Requesting new tasks for CPU
client-cluster-2-1  | 16-Sep-2026 16:25:12 [boincserver] Scheduler request completed: got 0 new tasks
client-cluster-2-1  | 16-Sep-2026 16:25:12 [boincserver] Project has no tasks available
client-cluster-2-1  | 16-Sep-2026 16:25:12 [boincserver] Project requested delay of 7 seconds
client-cluster-2-1  | 16-Sep-2026 16:26:51 [boincserver] Computation for task exp_20260916T154418Z_weighted_least_loaded_long_6_0 finished
client-cluster-2-1  | 16-Sep-2026 16:26:52 [boincserver] Computation for task exp_20260916T154418Z_weighted_least_loaded_long_4_0 finished
client-cluster-2-1  | 16-Sep-2026 16:26:53 [boincserver] Started upload of exp_20260916T154418Z_weighted_least_loaded_long_6_0_r1929072455_0
client-cluster-2-1  | 16-Sep-2026 16:26:54 [boincserver] Started upload of exp_20260916T154418Z_weighted_least_loaded_long_4_0_r563625689_0
client-cluster-2-1  | 16-Sep-2026 16:26:54 [boincserver] Computation for task exp_20260916T154418Z_weighted_least_loaded_long_5_0 finished
client-cluster-2-1  | 16-Sep-2026 16:26:55 [boincserver] Finished upload of exp_20260916T154418Z_weighted_least_loaded_long_6_0_r1929072455_0
client-cluster-2-1  | 16-Sep-2026 16:26:55 [boincserver] Finished upload of exp_20260916T154418Z_weighted_least_loaded_long_4_0_r563625689_0
client-cluster-2-1  | 16-Sep-2026 16:26:56 [boincserver] Started upload of exp_20260916T154418Z_weighted_least_loaded_long_5_0_r90423966_0
client-cluster-2-1  | 16-Sep-2026 16:26:57 [boincserver] Sending scheduler request: To fetch work.
client-cluster-2-1  | 16-Sep-2026 16:26:57 [boincserver] Reporting 2 completed tasks
client-cluster-2-1  | 16-Sep-2026 16:26:57 [boincserver] Requesting new tasks for CPU
client-cluster-2-1  | 16-Sep-2026 16:26:58 [boincserver] Finished upload of exp_20260916T154418Z_weighted_least_loaded_long_5_0_r90423966_0
client-cluster-2-1  | 16-Sep-2026 16:26:58 [boincserver] Scheduler request completed: got 0 new tasks
client-cluster-2-1  | 16-Sep-2026 16:26:58 [boincserver] Project has no tasks available
client-cluster-2-1  | 16-Sep-2026 16:26:58 [boincserver] Project requested delay of 7 seconds
client-cluster-2-1  | 16-Sep-2026 16:27:08 [boincserver] Sending scheduler request: To report completed tasks.
client-cluster-2-1  | 16-Sep-2026 16:27:08 [boincserver] Reporting 1 completed tasks
client-cluster-2-1  | 16-Sep-2026 16:27:08 [boincserver] Requesting new tasks for CPU
client-cluster-2-1  | 16-Sep-2026 16:27:10 [boincserver] Scheduler request completed: got 0 new tasks
client-cluster-2-1  | 16-Sep-2026 16:27:10 [boincserver] Project has no tasks available
client-cluster-2-1  | 16-Sep-2026 16:27:10 [boincserver] Project requested delay of 7 seconds
