mysql-1  | Initializing database
mysql-1  | 
mysql-1  | 
mysql-1  | PLEASE REMEMBER TO SET A PASSWORD FOR THE MariaDB root USER !
mysql-1  | To do so, start the server, then issue the following commands:
mysql-1  | 
mysql-1  | '/usr/bin/mysqladmin' -u root password 'new-password'
mysql-1  | '/usr/bin/mysqladmin' -u root -h  password 'new-password'
mysql-1  | 
mysql-1  | Alternatively you can run:
mysql-1  | '/usr/bin/mysql_secure_installation'
mysql-1  | 
mysql-1  | which will also give you the option of removing the test
mysql-1  | databases and anonymous user created by default.  This is
mysql-1  | strongly recommended for production servers.
mysql-1  | 
mysql-1  | See the MariaDB Knowledgebase at http://mariadb.com/kb or the
mysql-1  | MySQL manual for more instructions.
mysql-1  | 
mysql-1  | Please report any problems at http://mariadb.org/jira
mysql-1  | 
mysql-1  | The latest information about MariaDB is available at http://mariadb.org/.
mysql-1  | You can find additional information about the MySQL part at:
mysql-1  | http://dev.mysql.com
mysql-1  | Consider joining MariaDB's strong and vibrant community:
mysql-1  | https://mariadb.org/get-involved/
mysql-1  | 
mysql-1  | Database initialized
mysql-1  | MySQL init process in progress...
mysql-1  | 2026-09-17  9:29:48 0 [Note] mysqld (mysqld 10.3.8-MariaDB-1:10.3.8+maria~bionic) starting as process 103 ...
mysql-1  | 2026-09-17  9:29:48 0 [Note] InnoDB: Using Linux native AIO
mysql-1  | 2026-09-17  9:29:48 0 [Note] InnoDB: Mutexes and rw_locks use GCC atomic builtins
mysql-1  | 2026-09-17  9:29:48 0 [Note] InnoDB: Uses event mutexes
mysql-1  | 2026-09-17  9:29:48 0 [Note] InnoDB: Compressed tables use zlib 1.2.11
mysql-1  | 2026-09-17  9:29:48 0 [Note] InnoDB: Number of pools: 1
mysql-1  | 2026-09-17  9:29:48 0 [Note] InnoDB: Using generic crc32 instructions
mysql-1  | 2026-09-17  9:29:48 0 [Note] InnoDB: Initializing buffer pool, total size = 256M, instances = 1, chunk size = 128M
mysql-1  | 2026-09-17  9:29:48 0 [Note] InnoDB: Completed initialization of buffer pool
mysql-1  | 2026-09-17  9:29:48 0 [Note] InnoDB: If the mysqld execution user is authorized, page cleaner thread priority can be changed. See the man page of setpriority().
mysql-1  | 2026-09-17  9:29:48 0 [Note] InnoDB: 128 out of 128 rollback segments are active.
mysql-1  | 2026-09-17  9:29:48 0 [Note] InnoDB: Creating shared tablespace for temporary tables
mysql-1  | 2026-09-17  9:29:48 0 [Note] InnoDB: Setting file './ibtmp1' size to 12 MB. Physically writing the file full; Please wait ...
mysql-1  | 2026-09-17  9:29:48 0 [Note] InnoDB: File './ibtmp1' size is now 12 MB.
mysql-1  | 2026-09-17  9:29:48 0 [Note] InnoDB: Waiting for purge to start
mysql-1  | 2026-09-17  9:29:48 0 [Note] InnoDB: 10.3.8 started; log sequence number 1630815; transaction id 21
mysql-1  | 2026-09-17  9:29:48 0 [Note] InnoDB: Loading buffer pool(s) from /var/lib/mysql/ib_buffer_pool
mysql-1  | 2026-09-17  9:29:48 0 [Note] Plugin 'FEEDBACK' is disabled.
mysql-1  | 2026-09-17  9:29:48 0 [Note] InnoDB: Buffer pool(s) load completed at 260917  9:29:48
mysql-1  | 2026-09-17  9:29:48 0 [Warning] 'user' entry 'root@3f6f77c31e81' ignored in --skip-name-resolve mode.
mysql-1  | 2026-09-17  9:29:48 0 [Warning] 'user' entry '@3f6f77c31e81' ignored in --skip-name-resolve mode.
mysql-1  | 2026-09-17  9:29:48 0 [Warning] 'proxies_priv' entry '@% root@3f6f77c31e81' ignored in --skip-name-resolve mode.
mysql-1  | 2026-09-17  9:29:48 0 [Note] Reading of all Master_info entries succeded
mysql-1  | 2026-09-17  9:29:48 0 [Note] Added new Master_info '' to hash table
mysql-1  | 2026-09-17  9:29:48 0 [Note] mysqld: ready for connections.
mysql-1  | Version: '10.3.8-MariaDB-1:10.3.8+maria~bionic'  socket: '/var/run/mysqld/mysqld.sock'  port: 0  mariadb.org binary distribution
mysql-1  | Warning: Unable to load '/usr/share/zoneinfo/leap-seconds.list' as time zone. Skipping it.
mysql-1  | 2026-09-17  9:29:50 10 [Warning] 'proxies_priv' entry '@% root@3f6f77c31e81' ignored in --skip-name-resolve mode.
mysql-1  | 
mysql-1  | 2026-09-17  9:29:50 0 [Note] mysqld (initiated by: unknown): Normal shutdown
mysql-1  | 2026-09-17  9:29:50 0 [Note] Event Scheduler: Purging the queue. 0 events
mysql-1  | 2026-09-17  9:29:50 0 [Note] InnoDB: FTS optimize thread exiting.
mysql-1  | 2026-09-17  9:29:50 0 [Note] InnoDB: Starting shutdown...
mysql-1  | 2026-09-17  9:29:50 0 [Note] InnoDB: Dumping buffer pool(s) to /var/lib/mysql/ib_buffer_pool
mysql-1  | 2026-09-17  9:29:50 0 [Note] InnoDB: Buffer pool(s) dump completed at 260917  9:29:50
mysql-1  | 2026-09-17  9:29:51 0 [Note] InnoDB: Shutdown completed; log sequence number 1630824; transaction id 24
mysql-1  | 2026-09-17  9:29:51 0 [Note] InnoDB: Removed temporary tablespace data file: "ibtmp1"
mysql-1  | 2026-09-17  9:29:51 0 [Note] mysqld: Shutdown complete
mysql-1  | 
mysql-1  | 
mysql-1  | MySQL init process done. Ready for start up.
mysql-1  | 
mysql-1  | 2026-09-17  9:29:51 0 [Note] mysqld (mysqld 10.3.8-MariaDB-1:10.3.8+maria~bionic) starting as process 1 ...
mysql-1  | 2026-09-17  9:29:51 0 [Note] InnoDB: Using Linux native AIO
mysql-1  | 2026-09-17  9:29:51 0 [Note] InnoDB: Mutexes and rw_locks use GCC atomic builtins
mysql-1  | 2026-09-17  9:29:51 0 [Note] InnoDB: Uses event mutexes
mysql-1  | 2026-09-17  9:29:51 0 [Note] InnoDB: Compressed tables use zlib 1.2.11
mysql-1  | 2026-09-17  9:29:51 0 [Note] InnoDB: Number of pools: 1
mysql-1  | 2026-09-17  9:29:51 0 [Note] InnoDB: Using generic crc32 instructions
mysql-1  | 2026-09-17  9:29:51 0 [Note] InnoDB: Initializing buffer pool, total size = 256M, instances = 1, chunk size = 128M
mysql-1  | 2026-09-17  9:29:51 0 [Note] InnoDB: Completed initialization of buffer pool
mysql-1  | 2026-09-17  9:29:51 0 [Note] InnoDB: If the mysqld execution user is authorized, page cleaner thread priority can be changed. See the man page of setpriority().
mysql-1  | 2026-09-17  9:29:51 0 [Note] InnoDB: 128 out of 128 rollback segments are active.
mysql-1  | 2026-09-17  9:29:51 0 [Note] InnoDB: Creating shared tablespace for temporary tables
mysql-1  | 2026-09-17  9:29:51 0 [Note] InnoDB: Setting file './ibtmp1' size to 12 MB. Physically writing the file full; Please wait ...
mysql-1  | 2026-09-17  9:29:51 0 [Note] InnoDB: File './ibtmp1' size is now 12 MB.
mysql-1  | 2026-09-17  9:29:51 0 [Note] InnoDB: 10.3.8 started; log sequence number 1630824; transaction id 21
mysql-1  | 2026-09-17  9:29:51 0 [Note] InnoDB: Loading buffer pool(s) from /var/lib/mysql/ib_buffer_pool
mysql-1  | 2026-09-17  9:29:51 0 [Note] Plugin 'FEEDBACK' is disabled.
mysql-1  | 2026-09-17  9:29:51 0 [Note] InnoDB: Buffer pool(s) load completed at 260917  9:29:51
mysql-1  | 2026-09-17  9:29:51 0 [Note] Server socket created on IP: '::'.
mysql-1  | 2026-09-17  9:29:51 0 [Warning] 'proxies_priv' entry '@% root@3f6f77c31e81' ignored in --skip-name-resolve mode.
mysql-1  | 2026-09-17  9:29:51 0 [Note] Reading of all Master_info entries succeded
mysql-1  | 2026-09-17  9:29:51 0 [Note] Added new Master_info '' to hash table
mysql-1  | 2026-09-17  9:29:51 0 [Note] mysqld: ready for connections.
mysql-1  | Version: '10.3.8-MariaDB-1:10.3.8+maria~bionic'  socket: '/var/run/mysqld/mysqld.sock'  port: 3306  mariadb.org binary distribution
mysql-1  | 2026-09-17  9:29:51 8 [Warning] Access denied for user 'boincadm'@'172.21.0.2' (using password: NO)
mysql-1  | 2026-09-17  9:30:20 16 [Warning] Aborted connection 16 to db: 'boincserver' user: 'root' host: '172.21.0.4' (Got an error reading communication packets)
mysql-1  | 2026-09-17  9:30:20 15 [Warning] Aborted connection 15 to db: 'boincserver' user: 'root' host: '172.21.0.4' (Got an error reading communication packets)
mysql-1  | 2026-09-17  9:30:20 17 [Warning] Aborted connection 17 to db: 'boincserver' user: 'root' host: '172.21.0.4' (Got an error reading communication packets)
mysql-1  | 2026-09-17  9:35:07 186 [Warning] Aborted connection 186 to db: 'boincserver' user: 'root' host: '172.21.0.4' (Got an error reading communication packets)
mysql-1  | 2026-09-17  9:35:07 188 [Warning] Aborted connection 188 to db: 'boincserver' user: 'root' host: '172.21.0.4' (Got an error reading communication packets)
client-cluster-1  | 17-Sep-2026 09:31:37 [---] Starting BOINC client version 7.20.5 for aarch64-unknown-linux-gnu
client-cluster-1  | 17-Sep-2026 09:31:37 [---] This a development version of BOINC and may not function properly
client-cluster-1  | 17-Sep-2026 09:31:37 [---] log flags: file_xfer, sched_ops, task
client-cluster-1  | 17-Sep-2026 09:31:37 [---] Libraries: libcurl/7.88.1 OpenSSL/3.0.20 zlib/1.2.13 brotli/1.0.9 zstd/1.5.4 libidn2/2.3.3 libpsl/0.21.2 (+libidn2/2.3.3) libssh2/1.10.0 nghttp2/1.52.0 librtmp/2.3 OpenLDAP/2.5.13
client-cluster-1  | 17-Sep-2026 09:31:37 [---] Data directory: /var/lib/boinc-client
client-cluster-1  | 17-Sep-2026 09:31:37 [---] No usable GPUs found
client-cluster-1  | 17-Sep-2026 09:31:37 [---] Creating new client state file
client-cluster-1  | 17-Sep-2026 09:31:37 [---] libc:  version 2.36
client-cluster-1  | 17-Sep-2026 09:31:37 [---] Host name: cluster-01
client-cluster-1  | 17-Sep-2026 09:31:37 [---] Processor: 4 ARM  [Impl 0x61 Arch 8 Variant 0x0 Part 0x000 Rev 0]
client-cluster-1  | 17-Sep-2026 09:31:37 [---] Processor features: fp asimd evtstrm aes pmull sha1 sha2 crc32 atomics fphp asimdhp cpuid asimdrdm jscvt fcma lrcpc dcpop sha3 asimddp sha512 asimdfhm dit uscat ilrcpc flagm sb paca pacg dcpodp flagm2 frint i8mm bf16 bti afp
client-cluster-1  | 17-Sep-2026 09:31:37 [---] OS: Linux Debian GNU/Linux: Debian GNU/Linux 12 (bookworm) [6.8.0-100-generic|libc 2.36]
client-cluster-1  | 17-Sep-2026 09:31:37 [---] Memory: 9.69 GB physical, 0 bytes virtual
client-cluster-1  | 17-Sep-2026 09:31:37 [---] Disk: 18.33 GB total, 15.32 GB free
client-cluster-1  | 17-Sep-2026 09:31:37 [---] Local time is UTC +0 hours
client-cluster-1  | 17-Sep-2026 09:31:37 [---] Config: GUI RPC allowed from any host
client-cluster-1  | 17-Sep-2026 09:31:37 [---] Config: simulate 4 CPUs
client-cluster-1  | 17-Sep-2026 09:31:37 [---] Config: report completed tasks immediately
client-cluster-1  | 17-Sep-2026 09:31:37 [---] No general preferences found - using defaults
client-cluster-1  | 17-Sep-2026 09:31:37 [---] Reading preferences override file
client-cluster-1  | 17-Sep-2026 09:31:37 [---] Preferences:
client-cluster-1  | 17-Sep-2026 09:31:37 [---]    max memory usage when active: 8929.14 MB
client-cluster-1  | 17-Sep-2026 09:31:37 [---]    max memory usage when idle: 8929.14 MB
client-desktop-1  | 17-Sep-2026 09:31:32 [---] Starting BOINC client version 7.20.5 for aarch64-unknown-linux-gnu
client-desktop-1  | 17-Sep-2026 09:31:32 [---] This a development version of BOINC and may not function properly
client-desktop-1  | 17-Sep-2026 09:31:32 [---] log flags: file_xfer, sched_ops, task
client-desktop-1  | 17-Sep-2026 09:31:32 [---] Libraries: libcurl/7.88.1 OpenSSL/3.0.20 zlib/1.2.13 brotli/1.0.9 zstd/1.5.4 libidn2/2.3.3 libpsl/0.21.2 (+libidn2/2.3.3) libssh2/1.10.0 nghttp2/1.52.0 librtmp/2.3 OpenLDAP/2.5.13
client-desktop-1  | 17-Sep-2026 09:31:32 [---] Data directory: /var/lib/boinc-client
client-desktop-1  | 17-Sep-2026 09:31:32 [---] No usable GPUs found
client-desktop-1  | 17-Sep-2026 09:31:32 [---] Creating new client state file
client-desktop-1  | 17-Sep-2026 09:31:32 [---] libc:  version 2.36
client-desktop-1  | 17-Sep-2026 09:31:32 [---] Host name: desktop-01
client-desktop-1  | 17-Sep-2026 09:31:32 [---] Processor: 2 ARM  [Impl 0x61 Arch 8 Variant 0x0 Part 0x000 Rev 0]
client-cluster-1  | 17-Sep-2026 09:31:37 [---]    max disk usage: 2.00 GB
client-cluster-1  | 17-Sep-2026 09:31:37 [---]    don't use GPU while active
client-cluster-1  | 17-Sep-2026 09:31:37 [---]    suspend work if non-BOINC CPU load exceeds 25%
client-cluster-1  | 17-Sep-2026 09:31:37 [---]    (to change preferences, visit a project web site or select Preferences in the Manager)
client-cluster-1  | 17-Sep-2026 09:31:37 [---] Setting up project and slot directories
client-cluster-1  | 17-Sep-2026 09:31:37 [---] Checking active tasks
client-cluster-1  | 17-Sep-2026 09:31:37 [---] Setting up GUI RPC socket
client-cluster-1  | dir_open: Could not open directory 'slots' from '/var/lib/boinc-client'.
client-cluster-1  | 17-Sep-2026 09:31:37 [---] Checking presence of 0 project files
client-cluster-1  | 17-Sep-2026 09:31:37 [---] This computer is not attached to any projects
client-cluster-1  | 17-Sep-2026 09:31:37 Initialization completed
client-desktop-1  | 17-Sep-2026 09:31:32 [---] Processor features: fp asimd evtstrm aes pmull sha1 sha2 crc32 atomics fphp asimdhp cpuid asimdrdm jscvt fcma lrcpc dcpop sha3 asimddp sha512 asimdfhm dit uscat ilrcpc flagm sb paca pacg dcpodp flagm2 frint i8mm bf16 bti afp
client-desktop-1  | 17-Sep-2026 09:31:32 [---] OS: Linux Debian GNU/Linux: Debian GNU/Linux 12 (bookworm) [6.8.0-100-generic|libc 2.36]
client-cluster-1  | dir_open: Could not open directory 'projects/boincserver.local_boincserver' from '/var/lib/boinc-client'.
client-cluster-1  | 17-Sep-2026 09:31:38 [---] No general preferences found - using defaults
client-cluster-1  | 17-Sep-2026 09:31:38 [---] Reading preferences override file
client-cluster-1  | 17-Sep-2026 09:31:38 [---] Preferences:
client-cluster-1  | 17-Sep-2026 09:31:38 [---]    max memory usage when active: 8929.14 MB
client-cluster-1  | 17-Sep-2026 09:31:38 [---]    max memory usage when idle: 8929.14 MB
client-cluster-1  | 17-Sep-2026 09:31:38 [---]    max disk usage: 2.00 GB
client-cluster-1  | 17-Sep-2026 09:31:38 [---]    don't use GPU while active
client-cluster-1  | 17-Sep-2026 09:31:38 [---]    suspend work if non-BOINC CPU load exceeds 25%
client-cluster-1  | 17-Sep-2026 09:31:38 [---]    (to change preferences, visit a project web site or select Preferences in the Manager)
client-cluster-1  | 17-Sep-2026 09:31:42 [http://boincserver.local/boincserver/] Fetching scheduler list
client-cluster-1  | 17-Sep-2026 09:31:49 [http://boincserver.local/boincserver/] Master file download succeeded
client-cluster-1  | 17-Sep-2026 09:31:54 [http://boincserver.local/boincserver/] Sending scheduler request: Project initialization.
client-cluster-1  | 17-Sep-2026 09:31:54 [http://boincserver.local/boincserver/] Requesting new tasks for CPU
client-cluster-1  | 17-Sep-2026 09:31:56 [boincserver] Scheduler request completed: got 1 new tasks
client-cluster-1  | 17-Sep-2026 09:31:56 [boincserver] Project requested delay of 7 seconds
client-cluster-1  | 17-Sep-2026 09:31:58 [boincserver] Started download of hybrid_synthetic_1.0_aarch64-unknown-linux-gnu
client-cluster-1  | 17-Sep-2026 09:31:58 [boincserver] Started download of hybrid_synthetic_input.txt
client-cluster-1  | 17-Sep-2026 09:32:00 [boincserver] Finished download of hybrid_synthetic_1.0_aarch64-unknown-linux-gnu
client-cluster-1  | 17-Sep-2026 09:32:00 [boincserver] Finished download of hybrid_synthetic_input.txt
client-cluster-1  | 17-Sep-2026 09:32:00 [boincserver] Elapsed time limit 50.000000 < 120.000000; setting to 43200.000000
client-cluster-1  | 17-Sep-2026 09:32:00 [boincserver] Starting task exp_20260917T092942Z_baseline_short_17_0
client-cluster-1  | 17-Sep-2026 09:32:06 [boincserver] Sending scheduler request: To fetch work.
client-cluster-1  | 17-Sep-2026 09:32:06 [boincserver] Requesting new tasks for CPU
client-cluster-2-1  | 17-Sep-2026 09:31:37 [---] Starting BOINC client version 7.20.5 for aarch64-unknown-linux-gnu
client-cluster-2-1  | 17-Sep-2026 09:31:37 [---] This a development version of BOINC and may not function properly
client-cluster-2-1  | 17-Sep-2026 09:31:37 [---] log flags: file_xfer, sched_ops, task
client-phone-1    | 17-Sep-2026 09:31:32 [---] Starting BOINC client version 7.20.5 for aarch64-unknown-linux-gnu
client-phone-1      | 17-Sep-2026 09:31:32 [---] This a development version of BOINC and may not function properly
client-cluster-2-1  | 17-Sep-2026 09:31:37 [---] Libraries: libcurl/7.88.1 OpenSSL/3.0.20 zlib/1.2.13 brotli/1.0.9 zstd/1.5.4 libidn2/2.3.3 libpsl/0.21.2 (+libidn2/2.3.3) libssh2/1.10.0 nghttp2/1.52.0 librtmp/2.3 OpenLDAP/2.5.13
client-cluster-2-1  | 17-Sep-2026 09:31:37 [---] Data directory: /var/lib/boinc-client
client-cluster-2-1  | 17-Sep-2026 09:31:37 [---] No usable GPUs found
client-cluster-2-1  | 17-Sep-2026 09:31:37 [---] Creating new client state file
client-cluster-2-1  | 17-Sep-2026 09:31:37 [---] libc:  version 2.36
client-cluster-2-1  | 17-Sep-2026 09:31:37 [---] Host name: cluster-02
client-cluster-2-1  | 17-Sep-2026 09:31:37 [---] Processor: 4 ARM  [Impl 0x61 Arch 8 Variant 0x0 Part 0x000 Rev 0]
client-cluster-2-1  | 17-Sep-2026 09:31:37 [---] Processor features: fp asimd evtstrm aes pmull sha1 sha2 crc32 atomics fphp asimdhp cpuid asimdrdm jscvt fcma lrcpc dcpop sha3 asimddp sha512 asimdfhm dit uscat ilrcpc flagm sb paca pacg dcpodp flagm2 frint i8mm bf16 bti afp
client-cluster-2-1  | 17-Sep-2026 09:31:37 [---] OS: Linux Debian GNU/Linux: Debian GNU/Linux 12 (bookworm) [6.8.0-100-generic|libc 2.36]
client-cluster-2-1  | 17-Sep-2026 09:31:37 [---] Memory: 9.69 GB physical, 0 bytes virtual
client-cluster-2-1  | 17-Sep-2026 09:31:37 [---] Disk: 18.33 GB total, 15.32 GB free
client-cluster-2-1  | 17-Sep-2026 09:31:37 [---] Local time is UTC +0 hours
client-cluster-2-1  | 17-Sep-2026 09:31:37 [---] Config: GUI RPC allowed from any host
client-cluster-2-1  | 17-Sep-2026 09:31:37 [---] Config: simulate 4 CPUs
client-cluster-2-1  | 17-Sep-2026 09:31:37 [---] Config: report completed tasks immediately
client-cluster-2-1  | 17-Sep-2026 09:31:37 [---] No general preferences found - using defaults
client-cluster-2-1  | 17-Sep-2026 09:31:37 [---] Reading preferences override file
client-cluster-2-1  | 17-Sep-2026 09:31:37 [---] Preferences:
client-cluster-2-1  | 17-Sep-2026 09:31:37 [---]    max memory usage when active: 8929.14 MB
client-cluster-2-1  | 17-Sep-2026 09:31:37 [---]    max memory usage when idle: 8929.14 MB
client-cluster-2-1  | 17-Sep-2026 09:31:37 [---]    max disk usage: 2.00 GB
client-cluster-2-1  | 17-Sep-2026 09:31:37 [---]    don't use GPU while active
client-cluster-2-1  | 17-Sep-2026 09:31:37 [---]    suspend work if non-BOINC CPU load exceeds 25%
client-cluster-2-1  | 17-Sep-2026 09:31:37 [---]    (to change preferences, visit a project web site or select Preferences in the Manager)
client-cluster-2-1  | 17-Sep-2026 09:31:37 [---] Setting up project and slot directories
client-cluster-1    | 17-Sep-2026 09:32:08 [boincserver] Computation for task exp_20260917T092942Z_baseline_short_17_0 finished
client-cluster-1    | 17-Sep-2026 09:32:08 [boincserver] Scheduler request completed: got 4 new tasks
client-cluster-1    | 17-Sep-2026 09:32:08 [boincserver] Project requested delay of 7 seconds
client-cluster-1    | 17-Sep-2026 09:32:10 [boincserver] Started upload of exp_20260917T092942Z_baseline_short_17_0_r789649086_0
client-cluster-1    | 17-Sep-2026 09:32:10 [boincserver] Elapsed time limit 50.000000 < 120.000000; setting to 43200.000000
client-desktop-1  | 17-Sep-2026 09:31:32 [---] Memory: 9.69 GB physical, 0 bytes virtual
client-desktop-1    | 17-Sep-2026 09:31:32 [---] Disk: 18.33 GB total, 15.33 GB free
client-desktop-1    | 17-Sep-2026 09:31:32 [---] Local time is UTC +0 hours
client-desktop-1    | 17-Sep-2026 09:31:32 [---] Config: GUI RPC allowed from any host
client-desktop-1    | 17-Sep-2026 09:31:32 [---] Config: simulate 2 CPUs
client-desktop-1    | 17-Sep-2026 09:31:32 [---] Config: report completed tasks immediately
client-desktop-1    | 17-Sep-2026 09:31:32 [---] No general preferences found - using defaults
client-phone-1      | 17-Sep-2026 09:31:32 [---] log flags: file_xfer, sched_ops, task
client-phone-1      | 17-Sep-2026 09:31:32 [---] Libraries: libcurl/7.88.1 OpenSSL/3.0.20 zlib/1.2.13 brotli/1.0.9 zstd/1.5.4 libidn2/2.3.3 libpsl/0.21.2 (+libidn2/2.3.3) libssh2/1.10.0 nghttp2/1.52.0 librtmp/2.3 OpenLDAP/2.5.13
client-phone-1      | 17-Sep-2026 09:31:32 [---] Data directory: /var/lib/boinc-client
client-phone-1      | 17-Sep-2026 09:31:32 [---] No usable GPUs found
client-phone-1      | 17-Sep-2026 09:31:32 [---] Creating new client state file
client-low-power-1  | 17-Sep-2026 09:31:37 [---] Starting BOINC client version 7.20.5 for aarch64-unknown-linux-gnu
client-low-power-1  | 17-Sep-2026 09:31:37 [---] This a development version of BOINC and may not function properly
client-cluster-1    | 17-Sep-2026 09:32:10 [boincserver] Starting task exp_20260917T092942Z_baseline_medium_11_0
client-cluster-1    | 17-Sep-2026 09:32:10 [boincserver] Starting task exp_20260917T092942Z_baseline_short_14_0
client-cluster-1    | 17-Sep-2026 09:32:10 [boincserver] Starting task exp_20260917T092942Z_baseline_medium_12_0
client-cluster-1    | 17-Sep-2026 09:32:10 [boincserver] Starting task exp_20260917T092942Z_baseline_long_2_0
client-cluster-1    | 17-Sep-2026 09:32:12 [boincserver] Finished upload of exp_20260917T092942Z_baseline_short_17_0_r789649086_0
client-cluster-1    | 17-Sep-2026 09:32:44 [boincserver] Sending scheduler request: To report completed tasks.
client-cluster-1    | 17-Sep-2026 09:32:44 [boincserver] Reporting 1 completed tasks
client-cluster-1    | 17-Sep-2026 09:32:44 [boincserver] Requesting new tasks for CPU
client-cluster-1    | 17-Sep-2026 09:32:46 [boincserver] Computation for task exp_20260917T092942Z_baseline_medium_11_0 finished
client-cluster-1    | 17-Sep-2026 09:32:46 [boincserver] Scheduler request completed: got 4 new tasks
client-cluster-1    | 17-Sep-2026 09:32:46 [boincserver] Project requested delay of 7 seconds
client-cluster-1    | 17-Sep-2026 09:32:47 [boincserver] Computation for task exp_20260917T092942Z_baseline_short_14_0 finished
client-cluster-1    | 17-Sep-2026 09:32:48 [boincserver] Started upload of exp_20260917T092942Z_baseline_medium_11_0_r1665109178_0
client-cluster-1    | 17-Sep-2026 09:32:48 [boincserver] Computation for task exp_20260917T092942Z_baseline_medium_12_0 finished
client-cluster-1    | 17-Sep-2026 09:32:48 [boincserver] Starting task exp_20260917T092942Z_baseline_medium_4_0
client-cluster-1    | 17-Sep-2026 09:32:48 [boincserver] Starting task exp_20260917T092942Z_baseline_medium_5_0
client-cluster-1    | 17-Sep-2026 09:32:48 [boincserver] Starting task exp_20260917T092942Z_baseline_medium_6_0
client-cluster-1    | 17-Sep-2026 09:32:49 [boincserver] Started upload of exp_20260917T092942Z_baseline_short_14_0_r66992866_0
client-phone-1      | 17-Sep-2026 09:31:32 [---] libc:  version 2.36
client-phone-1      | 17-Sep-2026 09:31:32 [---] Host name: phone-01
client-low-power-1  | 17-Sep-2026 09:31:37 [---] log flags: file_xfer, sched_ops, task
client-desktop-1    | 17-Sep-2026 09:31:32 [---] Reading preferences override file
client-desktop-1    | 17-Sep-2026 09:31:32 [---] Preferences:
client-desktop-1    | 17-Sep-2026 09:31:32 [---]    max memory usage when active: 8929.14 MB
client-cluster-2-1  | 17-Sep-2026 09:31:37 [---] Checking active tasks
client-cluster-2-1  | 17-Sep-2026 09:31:37 [---] Setting up GUI RPC socket
client-cluster-2-1  | dir_open: Could not open directory 'slots' from '/var/lib/boinc-client'.
client-cluster-2-1  | 17-Sep-2026 09:31:37 [---] Checking presence of 0 project files
client-cluster-2-1  | 17-Sep-2026 09:31:37 [---] This computer is not attached to any projects
client-cluster-2-1  | 17-Sep-2026 09:31:37 Initialization completed
client-cluster-2-1  | dir_open: Could not open directory 'projects/boincserver.local_boincserver' from '/var/lib/boinc-client'.
client-cluster-2-1  | 17-Sep-2026 09:31:38 [---] No general preferences found - using defaults
client-cluster-2-1  | 17-Sep-2026 09:31:38 [---] Reading preferences override file
client-phone-1      | 17-Sep-2026 09:31:32 [---] Processor: 1 ARM  [Impl 0x61 Arch 8 Variant 0x0 Part 0x000 Rev 0]
client-phone-1      | 17-Sep-2026 09:31:32 [---] Processor features: fp asimd evtstrm aes pmull sha1 sha2 crc32 atomics fphp asimdhp cpuid asimdrdm jscvt fcma lrcpc dcpop sha3 asimddp sha512 asimdfhm dit uscat ilrcpc flagm sb paca pacg dcpodp flagm2 frint i8mm bf16 bti afp
client-phone-1      | 17-Sep-2026 09:31:32 [---] OS: Linux Debian GNU/Linux: Debian GNU/Linux 12 (bookworm) [6.8.0-100-generic|libc 2.36]
makeproject-1       | Updating project files in data volume...
makeproject-1       | Waiting for MySQL server to start...
makeproject-1       | Creating database...
makeproject-1       | added platform: (create_time, name, user_friendly_name) values (1789637402, 'windows_intelx86', 'Microsoft Windows (98 or later) running on an Intel x86-compatible CPU')
makeproject-1       | added platform: (create_time, name, user_friendly_name) values (1789637402, 'windows_x86_64', 'Microsoft Windows running on an AMD x86_64 or Intel EM64T CPU')
makeproject-1       | added platform: (create_time, name, user_friendly_name) values (1789637402, 'windows_arm64', 'Microsoft Windows running on ARM 64-bit')
makeproject-1       | added platform: (create_time, name, user_friendly_name) values (1789637402, 'i686-pc-linux-gnu', 'Linux running on an Intel x86-compatible CPU')
client-cluster-1    | 17-Sep-2026 09:32:50 [boincserver] Finished upload of exp_20260917T092942Z_baseline_medium_11_0_r1665109178_0
client-cluster-1    | 17-Sep-2026 09:32:50 [boincserver] Finished upload of exp_20260917T092942Z_baseline_short_14_0_r66992866_0
client-cluster-1    | 17-Sep-2026 09:32:50 [boincserver] Started upload of exp_20260917T092942Z_baseline_medium_12_0_r489600153_0
client-cluster-1    | 17-Sep-2026 09:32:52 [boincserver] Finished upload of exp_20260917T092942Z_baseline_medium_12_0_r489600153_0
client-cluster-1    | 17-Sep-2026 09:32:56 [boincserver] Sending scheduler request: To report completed tasks.
apache-1            | /usr/lib/python2.7/dist-packages/supervisor/options.py:461: UserWarning: Supervisord is running as root and it is searching for its configuration file in default locations (including its current working directory); you probably want to specify a "-c" argument specifying an absolute path to a configuration file for improved security.
apache-1            |   'Supervisord is running as root and it is searching '
apache-1            | 2026-09-17 09:29:46,567 CRIT Supervisor is running as root.  Privileges were not dropped because no user is specified in the config file.  If you intend to run as root, you can set user=root in the config file to avoid this message.
apache-1            | 2026-09-17 09:29:46,567 INFO Included extra file "/etc/supervisor/conf.d/supervisord.conf" during parsing
apache-1            | 2026-09-17 09:29:46,572 INFO RPC interface 'supervisor' initialized
apache-1            | 2026-09-17 09:29:46,572 CRIT Server 'unix_http_server' running without any HTTP authentication checking
apache-1            | 2026-09-17 09:29:46,572 INFO supervisord started with pid 1
apache-1            | 2026-09-17 09:29:47,578 INFO spawned: 'cron' with pid 9
apache-1            | 2026-09-17 09:29:47,579 INFO spawned: 'start' with pid 10
apache-1            | 2026-09-17 09:29:47,581 INFO spawned: 'rsyslogd' with pid 11
apache-1            | 2026-09-17 09:29:47,582 INFO spawned: 'apache2' with pid 12
apache-1            | 2026-09-17 09:29:49,567 INFO success: cron entered RUNNING state, process has stayed up for > than 1 seconds (startsecs)
client-phone-2-1    | 17-Sep-2026 09:31:32 [---] Starting BOINC client version 7.20.5 for aarch64-unknown-linux-gnu
client-phone-2-1    | 17-Sep-2026 09:31:32 [---] This a development version of BOINC and may not function properly
client-phone-2-1    | 17-Sep-2026 09:31:32 [---] log flags: file_xfer, sched_ops, task
client-phone-2-1    | 17-Sep-2026 09:31:32 [---] Libraries: libcurl/7.88.1 OpenSSL/3.0.20 zlib/1.2.13 brotli/1.0.9 zstd/1.5.4 libidn2/2.3.3 libpsl/0.21.2 (+libidn2/2.3.3) libssh2/1.10.0 nghttp2/1.52.0 librtmp/2.3 OpenLDAP/2.5.13
client-desktop-1    | 17-Sep-2026 09:31:32 [---]    max memory usage when idle: 8929.14 MB
client-desktop-1    | dir_open: Could not open directory 'slots' from '/var/lib/boinc-client'.
client-desktop-1    | 17-Sep-2026 09:31:32 [---]    max disk usage: 2.00 GB
client-desktop-1    | 17-Sep-2026 09:31:32 [---]    don't use GPU while active
client-desktop-1    | 17-Sep-2026 09:31:32 [---]    suspend work if non-BOINC CPU load exceeds 25%
client-desktop-1    | 17-Sep-2026 09:31:32 [---]    (to change preferences, visit a project web site or select Preferences in the Manager)
client-desktop-1    | 17-Sep-2026 09:31:32 [---] Setting up project and slot directories
client-desktop-1    | 17-Sep-2026 09:31:32 [---] Checking active tasks
client-desktop-1    | 17-Sep-2026 09:31:32 [---] Setting up GUI RPC socket
client-desktop-1    | 17-Sep-2026 09:31:32 [---] Checking presence of 0 project files
client-desktop-1    | 17-Sep-2026 09:31:32 [---] This computer is not attached to any projects
client-desktop-1    | 17-Sep-2026 09:31:32 Initialization completed
client-desktop-1    | dir_open: Could not open directory 'projects/boincserver.local_boincserver' from '/var/lib/boinc-client'.
client-phone-2-1    | 17-Sep-2026 09:31:32 [---] Data directory: /var/lib/boinc-client
client-phone-2-1    | 17-Sep-2026 09:31:32 [---] No usable GPUs found
client-phone-2-1    | 17-Sep-2026 09:31:32 [---] Creating new client state file
client-phone-2-1    | 17-Sep-2026 09:31:32 [---] libc:  version 2.36
client-phone-2-1    | 17-Sep-2026 09:31:32 [---] Host name: phone-02
client-desktop-1    | 17-Sep-2026 09:31:33 [---] No general preferences found - using defaults
client-desktop-1    | 17-Sep-2026 09:31:33 [---] Reading preferences override file
client-desktop-1    | 17-Sep-2026 09:31:33 [---] Preferences:
client-desktop-1    | 17-Sep-2026 09:31:33 [---]    max memory usage when active: 8929.14 MB
client-desktop-1    | 17-Sep-2026 09:31:33 [---]    max memory usage when idle: 8929.14 MB
client-desktop-1    | 17-Sep-2026 09:31:33 [---]    max disk usage: 2.00 GB
client-desktop-1    | 17-Sep-2026 09:31:33 [---]    don't use GPU while active
client-desktop-1    | 17-Sep-2026 09:31:33 [---]    suspend work if non-BOINC CPU load exceeds 25%
client-desktop-1    | 17-Sep-2026 09:31:33 [---]    (to change preferences, visit a project web site or select Preferences in the Manager)
client-desktop-1    | 17-Sep-2026 09:31:37 [http://boincserver.local/boincserver/] Fetching scheduler list
client-desktop-1    | 17-Sep-2026 09:31:39 [http://boincserver.local/boincserver/] Master file download succeeded
client-desktop-1    | 17-Sep-2026 09:31:44 [http://boincserver.local/boincserver/] Sending scheduler request: Project initialization.
client-desktop-1    | 17-Sep-2026 09:31:44 [http://boincserver.local/boincserver/] Requesting new tasks for CPU
client-desktop-1    | 17-Sep-2026 09:31:46 [boincserver] Scheduler request completed: got 1 new tasks
client-desktop-1    | 17-Sep-2026 09:31:46 [boincserver] Project requested delay of 7 seconds
client-desktop-1    | 17-Sep-2026 09:31:48 [boincserver] Started download of hybrid_synthetic_1.0_aarch64-unknown-linux-gnu
client-cluster-2-1  | 17-Sep-2026 09:31:38 [---] Preferences:
client-cluster-2-1  | 17-Sep-2026 09:31:38 [---]    max memory usage when active: 8929.14 MB
client-cluster-2-1  | 17-Sep-2026 09:31:38 [---]    max memory usage when idle: 8929.14 MB
client-cluster-2-1  | 17-Sep-2026 09:31:38 [---]    max disk usage: 2.00 GB
makeproject-1       | added platform: (create_time, name, user_friendly_name) values (1789637402, 'x86_64-pc-linux-gnu', 'Linux running on an AMD x86_64 or Intel EM64T CPU')
makeproject-1       | added platform: (create_time, name, user_friendly_name) values (1789637402, 'powerpc-apple-darwin', 'Mac OS X 10.3 or later running on Motorola PowerPC')
makeproject-1       | added platform: (create_time, name, user_friendly_name) values (1789637402, 'i686-apple-darwin', 'Mac OS 10.4 or later running on Intel')
makeproject-1       | added platform: (create_time, name, user_friendly_name) values (1789637402, 'x86_64-apple-darwin', 'Intel 64-bit Mac OS 10.5 or later')
makeproject-1       | added platform: (create_time, name, user_friendly_name) values (1789637402, 'arm64-apple-darwin', 'Mac OS running on ARM')
makeproject-1       | added platform: (create_time, name, user_friendly_name) values (1789637402, 'sparc-sun-solaris2.7', 'Solaris 2.7 running on a SPARC-compatible CPU')
makeproject-1       | added platform: (create_time, name, user_friendly_name) values (1789637402, 'sparc-sun-solaris', 'Solaris 2.8 or later running on a SPARC-compatible CPU')
makeproject-1       | added platform: (create_time, name, user_friendly_name) values (1789637402, 'sparc64-sun-solaris', 'Solaris 2.8 or later running on a SPARC 64-bit CPU')
client-phone-2-1    | 17-Sep-2026 09:31:32 [---] Processor: 1 ARM  [Impl 0x61 Arch 8 Variant 0x0 Part 0x000 Rev 0]
client-phone-2-1    | 17-Sep-2026 09:31:32 [---] Processor features: fp asimd evtstrm aes pmull sha1 sha2 crc32 atomics fphp asimdhp cpuid asimdrdm jscvt fcma lrcpc dcpop sha3 asimddp sha512 asimdfhm dit uscat ilrcpc flagm sb paca pacg dcpodp flagm2 frint i8mm bf16 bti afp
client-phone-2-1    | 17-Sep-2026 09:31:32 [---] OS: Linux Debian GNU/Linux: Debian GNU/Linux 12 (bookworm) [6.8.0-100-generic|libc 2.36]
client-phone-2-1    | 17-Sep-2026 09:31:32 [---] Memory: 9.69 GB physical, 0 bytes virtual
apache-1            | 2026-09-17 09:29:49,567 INFO success: start entered RUNNING state, process has stayed up for > than 1 seconds (startsecs)
apache-1            | 2026-09-17 09:29:49,567 INFO success: rsyslogd entered RUNNING state, process has stayed up for > than 1 seconds (startsecs)
apache-1            | 2026-09-17 09:29:49,567 INFO success: apache2 entered RUNNING state, process has stayed up for > than 1 seconds (startsecs)
client-low-power-1  | 17-Sep-2026 09:31:37 [---] Libraries: libcurl/7.88.1 OpenSSL/3.0.20 zlib/1.2.13 brotli/1.0.9 zstd/1.5.4 libidn2/2.3.3 libpsl/0.21.2 (+libidn2/2.3.3) libssh2/1.10.0 nghttp2/1.52.0 librtmp/2.3 OpenLDAP/2.5.13
client-low-power-1  | 17-Sep-2026 09:31:37 [---] Data directory: /var/lib/boinc-client
client-low-power-1  | 17-Sep-2026 09:31:37 [---] No usable GPUs found
client-low-power-1  | 17-Sep-2026 09:31:37 [---] Creating new client state file
client-low-power-1  | 17-Sep-2026 09:31:37 [---] libc:  version 2.36
client-low-power-1  | 17-Sep-2026 09:31:37 [---] Host name: low-power-01
client-low-power-1  | 17-Sep-2026 09:31:37 [---] Processor: 1 ARM  [Impl 0x61 Arch 8 Variant 0x0 Part 0x000 Rev 0]
client-low-power-1  | 17-Sep-2026 09:31:37 [---] Processor features: fp asimd evtstrm aes pmull sha1 sha2 crc32 atomics fphp asimdhp cpuid asimdrdm jscvt fcma lrcpc dcpop sha3 asimddp sha512 asimdfhm dit uscat ilrcpc flagm sb paca pacg dcpodp flagm2 frint i8mm bf16 bti afp
client-phone-2-1    | 17-Sep-2026 09:31:32 [---] Disk: 18.33 GB total, 15.33 GB free
client-phone-2-1    | 17-Sep-2026 09:31:32 [---] Local time is UTC +0 hours
client-phone-2-1    | 17-Sep-2026 09:31:32 [---] Config: GUI RPC allowed from any host
client-phone-2-1    | 17-Sep-2026 09:31:32 [---] Config: simulate 1 CPUs
client-phone-2-1    | 17-Sep-2026 09:31:32 [---] Config: report completed tasks immediately
client-phone-1      | 17-Sep-2026 09:31:32 [---] Memory: 9.69 GB physical, 0 bytes virtual
client-phone-1      | 17-Sep-2026 09:31:32 [---] Disk: 18.33 GB total, 15.33 GB free
client-phone-1      | 17-Sep-2026 09:31:32 [---] Local time is UTC +0 hours
client-phone-1      | 17-Sep-2026 09:31:32 [---] Config: GUI RPC allowed from any host
client-phone-1      | 17-Sep-2026 09:31:32 [---] Config: simulate 1 CPUs
client-phone-1      | 17-Sep-2026 09:31:32 [---] Config: report completed tasks immediately
client-phone-1      | 17-Sep-2026 09:31:32 [---] No general preferences found - using defaults
client-phone-1      | 17-Sep-2026 09:31:32 [---] Reading preferences override file
makeproject-1       | added platform: (create_time, name, user_friendly_name) values (1789637402, 'powerpc64-ps3-linux-gnu', 'Sony Playstation 3 running Linux')
makeproject-1       | added platform: (create_time, name, user_friendly_name) values (1789637402, 'arm-android-linux-gnu', 'Android running on ARM armeabi-v7a')
client-cluster-1    | 17-Sep-2026 09:32:56 [boincserver] Reporting 3 completed tasks
client-cluster-1    | 17-Sep-2026 09:32:56 [boincserver] Requesting new tasks for CPU
client-cluster-1    | 17-Sep-2026 09:32:58 [boincserver] Scheduler request completed: got 2 new tasks
client-cluster-1    | 17-Sep-2026 09:32:58 [boincserver] Project requested delay of 7 seconds
client-cluster-1    | 17-Sep-2026 09:33:08 [boincserver] Sending scheduler request: To fetch work.
client-cluster-1    | 17-Sep-2026 09:33:08 [boincserver] Requesting new tasks for CPU
client-cluster-1    | 17-Sep-2026 09:33:10 [boincserver] Scheduler request completed: got 0 new tasks
client-cluster-1    | 17-Sep-2026 09:33:10 [boincserver] Project has no tasks available
client-cluster-1    | 17-Sep-2026 09:33:10 [boincserver] Project requested delay of 7 seconds
client-desktop-1    | 17-Sep-2026 09:31:48 [boincserver] Started download of hybrid_synthetic_input.txt
client-desktop-1    | 17-Sep-2026 09:31:50 [boincserver] Finished download of hybrid_synthetic_1.0_aarch64-unknown-linux-gnu
client-desktop-1    | 17-Sep-2026 09:31:50 [boincserver] Finished download of hybrid_synthetic_input.txt
client-desktop-1    | 17-Sep-2026 09:31:50 [boincserver] Starting task exp_20260917T092942Z_baseline_long_1_0
client-desktop-1    | 17-Sep-2026 09:31:56 [boincserver] Sending scheduler request: To fetch work.
client-desktop-1    | 17-Sep-2026 09:31:56 [boincserver] Requesting new tasks for CPU
client-desktop-1    | 17-Sep-2026 09:31:58 [boincserver] Scheduler request completed: got 2 new tasks
client-desktop-1    | 17-Sep-2026 09:31:58 [boincserver] Project requested delay of 7 seconds
client-desktop-1    | 17-Sep-2026 09:32:00 [boincserver] Starting task exp_20260917T092942Z_baseline_long_6_0
client-cluster-2-1  | 17-Sep-2026 09:31:38 [---]    don't use GPU while active
client-cluster-2-1  | 17-Sep-2026 09:31:38 [---]    suspend work if non-BOINC CPU load exceeds 25%
client-cluster-2-1  | 17-Sep-2026 09:31:38 [---]    (to change preferences, visit a project web site or select Preferences in the Manager)
client-cluster-2-1  | 17-Sep-2026 09:31:42 [http://boincserver.local/boincserver/] Fetching scheduler list
client-cluster-2-1  | 17-Sep-2026 09:31:44 [http://boincserver.local/boincserver/] Master file download succeeded
client-low-power-1  | 17-Sep-2026 09:31:37 [---] OS: Linux Debian GNU/Linux: Debian GNU/Linux 12 (bookworm) [6.8.0-100-generic|libc 2.36]
client-low-power-1  | 17-Sep-2026 09:31:37 [---] Memory: 9.69 GB physical, 0 bytes virtual
client-desktop-1    | 17-Sep-2026 09:32:08 [boincserver] Sending scheduler request: To fetch work.
client-desktop-1    | 17-Sep-2026 09:32:08 [boincserver] Requesting new tasks for CPU
client-desktop-1    | 17-Sep-2026 09:32:15 [boincserver] Scheduler request completed: got 1 new tasks
client-desktop-1    | 17-Sep-2026 09:32:15 [boincserver] Project requested delay of 7 seconds
client-desktop-1    | 17-Sep-2026 09:32:25 [boincserver] Sending scheduler request: To fetch work.
client-desktop-1    | 17-Sep-2026 09:32:25 [boincserver] Requesting new tasks for CPU
client-desktop-1    | 17-Sep-2026 09:32:27 [boincserver] Scheduler request completed: got 0 new tasks
client-desktop-1    | 17-Sep-2026 09:32:27 [boincserver] No tasks sent
client-low-power-1  | 17-Sep-2026 09:31:37 [---] Disk: 18.33 GB total, 15.32 GB free
client-low-power-1  | 17-Sep-2026 09:31:37 [---] Local time is UTC +0 hours
client-phone-2-1    | 17-Sep-2026 09:31:32 [---] No general preferences found - using defaults
client-phone-2-1    | 17-Sep-2026 09:31:32 [---] Reading preferences override file
client-phone-2-1    | 17-Sep-2026 09:31:32 [---] Preferences:
client-phone-2-1    | 17-Sep-2026 09:31:32 [---]    max memory usage when active: 8929.14 MB
client-phone-2-1    | 17-Sep-2026 09:31:32 [---]    max memory usage when idle: 8929.14 MB
client-phone-2-1    | dir_open: Could not open directory 'slots' from '/var/lib/boinc-client'.
client-phone-2-1    | 17-Sep-2026 09:31:32 [---]    max disk usage: 2.00 GB
client-phone-2-1    | 17-Sep-2026 09:31:32 [---]    don't use GPU while active
client-phone-2-1    | 17-Sep-2026 09:31:32 [---]    suspend work if non-BOINC CPU load exceeds 25%
client-phone-2-1    | 17-Sep-2026 09:31:32 [---]    (to change preferences, visit a project web site or select Preferences in the Manager)
client-phone-2-1    | 17-Sep-2026 09:31:32 [---] Setting up project and slot directories
client-cluster-1    | 17-Sep-2026 09:33:47 [boincserver] Computation for task exp_20260917T092942Z_baseline_medium_4_0 finished
client-cluster-1    | 17-Sep-2026 09:33:47 [boincserver] Starting task exp_20260917T092942Z_baseline_medium_7_0
apache-1            | 2026-09-17 09:30:13,108 INFO reaped unknown pid 75
apache-1            | 2026-09-17 09:30:13,108 INFO reaped unknown pid 77
apache-1            | 2026-09-17 09:30:13,108 INFO reaped unknown pid 79
apache-1            | 2026-09-17 09:30:20,060 INFO reaped unknown pid 78
apache-1            | 2026-09-17 09:30:20,060 INFO reaped unknown pid 80
apache-1            | 2026-09-17 09:30:20,062 INFO reaped unknown pid 76
apache-1            | 2026-09-17 09:30:28,282 INFO reaped unknown pid 171
apache-1            | 2026-09-17 09:30:28,282 INFO reaped unknown pid 173
apache-1            | 2026-09-17 09:30:28,282 INFO reaped unknown pid 175
apache-1            | 2026-09-17 09:30:28,282 INFO reaped unknown pid 177
apache-1            | 2026-09-17 09:30:28,282 INFO reaped unknown pid 179
apache-1            | 2026-09-17 09:35:01,617 INFO reaped unknown pid 632
apache-1            | 2026-09-17 09:35:01,726 INFO reaped unknown pid 634
apache-1            | 2026-09-17 09:35:01,832 INFO reaped unknown pid 636
apache-1            | 2026-09-17 09:35:01,937 INFO reaped unknown pid 638
apache-1            | 2026-09-17 09:35:02,044 INFO reaped unknown pid 640
apache-1            | 2026-09-17 09:35:03,076 INFO reaped unknown pid 631
apache-1            | 2026-09-17 09:35:03,076 INFO reaped unknown pid 633
apache-1            | 2026-09-17 09:35:03,076 INFO reaped unknown pid 635
apache-1            | 2026-09-17 09:35:03,076 INFO reaped unknown pid 637
apache-1            | 2026-09-17 09:35:03,076 INFO reaped unknown pid 639
apache-1            | 2026-09-17 09:35:03,076 INFO reaped unknown pid 642
apache-1            | 2026-09-17 09:35:03,076 INFO reaped unknown pid 646
apache-1            | 2026-09-17 09:35:03,076 INFO reaped unknown pid 657
apache-1            | 2026-09-17 09:35:03,077 INFO reaped unknown pid 661
apache-1            | 2026-09-17 09:35:03,077 INFO reaped unknown pid 663
client-desktop-1    | 17-Sep-2026 09:32:27 [boincserver] This computer has reached a limit on tasks in progress
client-desktop-1    | 17-Sep-2026 09:32:27 [boincserver] Project requested delay of 7 seconds
client-desktop-1    | 17-Sep-2026 09:34:06 [boincserver] Computation for task exp_20260917T092942Z_baseline_long_6_0 finished
client-desktop-1    | 17-Sep-2026 09:34:06 [boincserver] Starting task exp_20260917T092942Z_baseline_medium_1_0
client-desktop-1    | 17-Sep-2026 09:34:07 [boincserver] Computation for task exp_20260917T092942Z_baseline_long_1_0 finished
client-phone-2-1    | 17-Sep-2026 09:31:32 [---] Checking active tasks
client-phone-2-1    | 17-Sep-2026 09:31:32 [---] Setting up GUI RPC socket
makeproject-1       | added platform: (create_time, name, user_friendly_name) values (1789637402, 'aarch64-android-linux-gnu', 'Android running on ARM 64-bit arm64-v8a')
makeproject-1       | added platform: (create_time, name, user_friendly_name) values (1789637402, 'x86_64-android-linux-gnu', 'Android running on Intel x64 compatible')
client-low-power-1  | 17-Sep-2026 09:31:37 [---] Config: GUI RPC allowed from any host
client-low-power-1  | 17-Sep-2026 09:31:37 [---] Config: simulate 1 CPUs
client-low-power-1  | 17-Sep-2026 09:31:37 [---] Config: report completed tasks immediately
client-low-power-1  | 17-Sep-2026 09:31:37 [---] No general preferences found - using defaults
client-phone-1      | 17-Sep-2026 09:31:32 [---] Preferences:
client-phone-1      | 17-Sep-2026 09:31:32 [---]    max memory usage when active: 8929.14 MB
client-phone-1      | 17-Sep-2026 09:31:32 [---]    max memory usage when idle: 8929.14 MB
client-phone-1      | 17-Sep-2026 09:31:32 [---]    max disk usage: 2.00 GB
apache-1            | 2026-09-17 09:35:07,153 INFO reaped unknown pid 641
apache-1            | 2026-09-17 09:35:07,452 INFO reaped unknown pid 654
apache-1            | 2026-09-17 09:35:07,571 INFO reaped unknown pid 655
client-low-power-1  | 17-Sep-2026 09:31:37 [---] Reading preferences override file
client-low-power-1  | 17-Sep-2026 09:31:37 [---] Preferences:
client-low-power-1  | 17-Sep-2026 09:31:37 [---]    max memory usage when active: 8929.14 MB
client-low-power-1  | 17-Sep-2026 09:31:37 [---]    max memory usage when idle: 8929.14 MB
client-low-power-1  | 17-Sep-2026 09:31:37 [---]    max disk usage: 2.00 GB
client-cluster-1    | 17-Sep-2026 09:33:48 [boincserver] Computation for task exp_20260917T092942Z_baseline_medium_5_0 finished
client-cluster-1    | 17-Sep-2026 09:33:48 [boincserver] Starting task exp_20260917T092942Z_baseline_medium_8_0
apache-1            | 2026-09-17 09:35:07,808 INFO reaped unknown pid 659
client-phone-1      | 17-Sep-2026 09:31:32 [---]    don't use GPU while active
client-phone-1      | 17-Sep-2026 09:31:32 [---]    suspend work if non-BOINC CPU load exceeds 25%
client-phone-1      | 17-Sep-2026 09:31:32 [---]    (to change preferences, visit a project web site or select Preferences in the Manager)
client-cluster-2-1  | 17-Sep-2026 09:31:49 [http://boincserver.local/boincserver/] Sending scheduler request: Project initialization.
client-cluster-2-1  | 17-Sep-2026 09:31:49 [http://boincserver.local/boincserver/] Requesting new tasks for CPU
client-cluster-2-1  | 17-Sep-2026 09:31:56 [boincserver] Scheduler request completed: got 1 new tasks
client-cluster-1    | 17-Sep-2026 09:33:49 [boincserver] Started upload of exp_20260917T092942Z_baseline_medium_4_0_r1268523887_0
client-cluster-1    | 17-Sep-2026 09:33:49 [boincserver] Computation for task exp_20260917T092942Z_baseline_medium_6_0 finished
client-cluster-1    | 17-Sep-2026 09:33:49 [boincserver] Starting task exp_20260917T092942Z_baseline_medium_9_0
client-cluster-1    | 17-Sep-2026 09:33:50 [boincserver] Started upload of exp_20260917T092942Z_baseline_medium_5_0_r1150165124_0
client-cluster-1    | 17-Sep-2026 09:33:51 [boincserver] Finished upload of exp_20260917T092942Z_baseline_medium_4_0_r1268523887_0
client-cluster-1    | 17-Sep-2026 09:33:51 [boincserver] Finished upload of exp_20260917T092942Z_baseline_medium_5_0_r1150165124_0
client-cluster-1    | 17-Sep-2026 09:33:51 [boincserver] Started upload of exp_20260917T092942Z_baseline_medium_6_0_r936706984_0
client-cluster-1    | 17-Sep-2026 09:33:53 [boincserver] Finished upload of exp_20260917T092942Z_baseline_medium_6_0_r936706984_0
client-cluster-1    | 17-Sep-2026 09:33:54 [boincserver] Sending scheduler request: To report completed tasks.
client-phone-2-1    | 17-Sep-2026 09:31:32 [---] Checking presence of 0 project files
client-phone-2-1    | 17-Sep-2026 09:31:32 [---] This computer is not attached to any projects
client-phone-2-1    | 17-Sep-2026 09:31:32 Initialization completed
client-phone-2-1    | dir_open: Could not open directory 'projects/boincserver.local_boincserver' from '/var/lib/boinc-client'.
client-desktop-1    | 17-Sep-2026 09:34:07 [boincserver] Elapsed time limit 50.000000 < 120.000000; setting to 43200.000000
client-desktop-1    | 17-Sep-2026 09:34:07 [boincserver] Starting task exp_20260917T092942Z_baseline_short_11_0
client-desktop-1    | 17-Sep-2026 09:34:08 [boincserver] Started upload of exp_20260917T092942Z_baseline_long_6_0_r1116637061_0
client-desktop-1    | 17-Sep-2026 09:34:09 [boincserver] Started upload of exp_20260917T092942Z_baseline_long_1_0_r1635281933_0
client-desktop-1    | 17-Sep-2026 09:34:10 [boincserver] Finished upload of exp_20260917T092942Z_baseline_long_6_0_r1116637061_0
client-phone-1      | 17-Sep-2026 09:31:32 [---] Setting up project and slot directories
client-phone-1      | 17-Sep-2026 09:31:32 [---] Checking active tasks
client-cluster-1    | 17-Sep-2026 09:33:54 [boincserver] Reporting 3 completed tasks
client-cluster-1    | 17-Sep-2026 09:33:54 [boincserver] Requesting new tasks for CPU
client-cluster-1    | 17-Sep-2026 09:33:56 [boincserver] Scheduler request completed: got 0 new tasks
client-cluster-2-1  | 17-Sep-2026 09:31:56 [boincserver] Project requested delay of 7 seconds
client-cluster-2-1  | 17-Sep-2026 09:31:58 [boincserver] Started download of hybrid_synthetic_1.0_aarch64-unknown-linux-gnu
makeproject-1       | added platform: (create_time, name, user_friendly_name) values (1789637402, 'x86-android-linux-gnu', 'Android running on Intel x86 compatible')
makeproject-1       | added platform: (create_time, name, user_friendly_name) values (1789637402, 'arm-unknown-linux-gnueabihf', 'Linux running on ARM, hardware FP')
makeproject-1       | added platform: (create_time, name, user_friendly_name) values (1789637402, 'aarch64-unknown-linux-gnu', 'Linux running on ARM64')
client-cluster-1    | 17-Sep-2026 09:33:56 [boincserver] Project has no tasks available
client-cluster-1    | 17-Sep-2026 09:33:56 [boincserver] Project requested delay of 7 seconds
client-phone-2-1    | 17-Sep-2026 09:31:33 [---] No general preferences found - using defaults
client-phone-2-1    | 17-Sep-2026 09:31:33 [---] Reading preferences override file
client-phone-2-1    | 17-Sep-2026 09:31:33 [---] Preferences:
client-desktop-1    | 17-Sep-2026 09:34:10 [boincserver] Finished upload of exp_20260917T092942Z_baseline_long_1_0_r1635281933_0
client-desktop-1    | 17-Sep-2026 09:34:14 [boincserver] Sending scheduler request: To report completed tasks.
client-desktop-1    | 17-Sep-2026 09:34:14 [boincserver] Reporting 2 completed tasks
client-desktop-1    | 17-Sep-2026 09:34:14 [boincserver] Requesting new tasks for CPU
client-desktop-1    | 17-Sep-2026 09:34:15 [boincserver] Computation for task exp_20260917T092942Z_baseline_short_11_0 finished
client-desktop-1    | 17-Sep-2026 09:34:16 [boincserver] Scheduler request completed: got 0 new tasks
client-desktop-1    | 17-Sep-2026 09:34:16 [boincserver] Project has no tasks available
client-desktop-1    | 17-Sep-2026 09:34:16 [boincserver] Project requested delay of 7 seconds
client-desktop-1    | 17-Sep-2026 09:34:17 [boincserver] Started upload of exp_20260917T092942Z_baseline_short_11_0_r746033847_0
client-cluster-1    | 17-Sep-2026 09:34:06 [boincserver] Sending scheduler request: To fetch work.
client-cluster-1    | 17-Sep-2026 09:34:06 [boincserver] Requesting new tasks for CPU
client-cluster-1    | 17-Sep-2026 09:34:08 [boincserver] Scheduler request completed: got 0 new tasks
client-cluster-1    | 17-Sep-2026 09:34:08 [boincserver] Project has no tasks available
client-cluster-1    | 17-Sep-2026 09:34:08 [boincserver] Project requested delay of 7 seconds
client-cluster-1    | 17-Sep-2026 09:34:13 [boincserver] Computation for task exp_20260917T092942Z_baseline_long_2_0 finished
client-cluster-1    | 17-Sep-2026 09:34:46 [boincserver] Started upload of exp_20260917T092942Z_baseline_long_2_0_r1373024984_0
client-cluster-1    | 17-Sep-2026 09:34:48 [boincserver] Finished upload of exp_20260917T092942Z_baseline_long_2_0_r1373024984_0
client-cluster-1    | 17-Sep-2026 09:34:48 [boincserver] Computation for task exp_20260917T092942Z_baseline_medium_7_0 finished
client-cluster-1    | 17-Sep-2026 09:34:49 [boincserver] Computation for task exp_20260917T092942Z_baseline_medium_8_0 finished
client-cluster-1    | 17-Sep-2026 09:34:50 [boincserver] Started upload of exp_20260917T092942Z_baseline_medium_7_0_r1808817025_0
client-cluster-1    | 17-Sep-2026 09:34:50 [boincserver] Computation for task exp_20260917T092942Z_baseline_medium_9_0 finished
client-cluster-1    | 17-Sep-2026 09:34:50 [boincserver] Sending scheduler request: To fetch work.
client-cluster-1    | 17-Sep-2026 09:34:50 [boincserver] Reporting 1 completed tasks
client-cluster-1    | 17-Sep-2026 09:34:50 [boincserver] Requesting new tasks for CPU
client-cluster-1    | 17-Sep-2026 09:34:51 [boincserver] Started upload of exp_20260917T092942Z_baseline_medium_8_0_r1033854119_0
client-cluster-1    | 17-Sep-2026 09:34:52 [boincserver] Finished upload of exp_20260917T092942Z_baseline_medium_7_0_r1808817025_0
client-cluster-1    | 17-Sep-2026 09:34:52 [boincserver] Finished upload of exp_20260917T092942Z_baseline_medium_8_0_r1033854119_0
client-cluster-1    | 17-Sep-2026 09:34:52 [boincserver] Started upload of exp_20260917T092942Z_baseline_medium_9_0_r817265528_0
client-cluster-1    | 17-Sep-2026 09:34:52 [boincserver] Scheduler request completed: got 0 new tasks
client-cluster-1    | 17-Sep-2026 09:34:52 [boincserver] Project has no tasks available
client-cluster-1    | 17-Sep-2026 09:34:52 [boincserver] Project requested delay of 7 seconds
client-cluster-1    | 17-Sep-2026 09:34:54 [boincserver] Finished upload of exp_20260917T092942Z_baseline_medium_9_0_r817265528_0
client-cluster-1    | 17-Sep-2026 09:35:02 [boincserver] Sending scheduler request: To report completed tasks.
client-desktop-1    | 17-Sep-2026 09:34:19 [boincserver] Finished upload of exp_20260917T092942Z_baseline_short_11_0_r746033847_0
client-desktop-1    | 17-Sep-2026 09:34:26 [boincserver] Sending scheduler request: To report completed tasks.
client-phone-1      | 17-Sep-2026 09:31:32 [---] Setting up GUI RPC socket
client-phone-1      | dir_open: Could not open directory 'slots' from '/var/lib/boinc-client'.
client-phone-1      | 17-Sep-2026 09:31:32 [---] Checking presence of 0 project files
client-phone-1      | 17-Sep-2026 09:31:32 [---] This computer is not attached to any projects
client-phone-1      | 17-Sep-2026 09:31:32 Initialization completed
client-cluster-2-1  | 17-Sep-2026 09:31:58 [boincserver] Started download of hybrid_synthetic_input.txt
client-cluster-2-1  | 17-Sep-2026 09:32:00 [boincserver] Finished download of hybrid_synthetic_1.0_aarch64-unknown-linux-gnu
client-cluster-2-1  | 17-Sep-2026 09:32:00 [boincserver] Finished download of hybrid_synthetic_input.txt
client-cluster-2-1  | 17-Sep-2026 09:32:00 [boincserver] Elapsed time limit 50.000000 < 120.000000; setting to 43200.000000
client-cluster-2-1  | 17-Sep-2026 09:32:00 [boincserver] Starting task exp_20260917T092942Z_baseline_short_18_0
client-cluster-2-1  | 17-Sep-2026 09:32:06 [boincserver] Sending scheduler request: To fetch work.
client-cluster-2-1  | 17-Sep-2026 09:32:06 [boincserver] Requesting new tasks for CPU
client-cluster-2-1  | 17-Sep-2026 09:32:08 [boincserver] Computation for task exp_20260917T092942Z_baseline_short_18_0 finished
client-cluster-2-1  | 17-Sep-2026 09:32:08 [boincserver] Scheduler request completed: got 4 new tasks
client-cluster-2-1  | 17-Sep-2026 09:32:08 [boincserver] Project requested delay of 7 seconds
client-cluster-2-1  | 17-Sep-2026 09:32:10 [boincserver] Started upload of exp_20260917T092942Z_baseline_short_18_0_r399851250_0
client-cluster-2-1  | 17-Sep-2026 09:32:10 [boincserver] Elapsed time limit 50.000000 < 120.000000; setting to 43200.000000
client-cluster-2-1  | 17-Sep-2026 09:32:10 [boincserver] Starting task exp_20260917T092942Z_baseline_short_15_0
client-cluster-2-1  | 17-Sep-2026 09:32:10 [boincserver] Starting task exp_20260917T092942Z_baseline_long_3_0
client-cluster-2-1  | 17-Sep-2026 09:32:10 [boincserver] Starting task exp_20260917T092942Z_baseline_long_5_0
client-cluster-2-1  | 17-Sep-2026 09:32:10 [boincserver] Starting task exp_20260917T092942Z_baseline_long_4_0
makeproject-1       | added platform: (create_time, name, user_friendly_name) values (1789637402, 'anonymous', 'anonymous')
makeproject-1       | 
client-desktop-1    | 17-Sep-2026 09:34:26 [boincserver] Reporting 1 completed tasks
client-desktop-1    | 17-Sep-2026 09:34:26 [boincserver] Requesting new tasks for CPU
client-desktop-1    | 17-Sep-2026 09:34:28 [boincserver] Scheduler request completed: got 0 new tasks
client-desktop-1    | 17-Sep-2026 09:34:28 [boincserver] Project has no tasks available
client-desktop-1    | 17-Sep-2026 09:34:28 [boincserver] Project requested delay of 7 seconds
client-desktop-1    | 17-Sep-2026 09:35:05 [boincserver] Sending scheduler request: To fetch work.
client-desktop-1    | 17-Sep-2026 09:35:05 [boincserver] Requesting new tasks for CPU
client-desktop-1    | 17-Sep-2026 09:35:07 [boincserver] Scheduler request completed: got 0 new tasks
client-desktop-1    | 17-Sep-2026 09:35:07 [boincserver] Project has no tasks available
client-desktop-1    | 17-Sep-2026 09:35:07 [boincserver] Project requested delay of 7 seconds
client-desktop-1    | 17-Sep-2026 09:35:08 [boincserver] Computation for task exp_20260917T092942Z_baseline_medium_1_0 finished
client-phone-1      | dir_open: Could not open directory 'projects/boincserver.local_boincserver' from '/var/lib/boinc-client'.
client-phone-1      | 17-Sep-2026 09:31:33 [---] No general preferences found - using defaults
client-phone-1      | 17-Sep-2026 09:31:33 [---] Reading preferences override file
client-phone-1      | 17-Sep-2026 09:31:33 [---] Preferences:
client-phone-1      | 17-Sep-2026 09:31:33 [---]    max memory usage when active: 8929.14 MB
client-phone-1      | 17-Sep-2026 09:31:33 [---]    max memory usage when idle: 8929.14 MB
client-phone-1      | 17-Sep-2026 09:31:33 [---]    max disk usage: 2.00 GB
client-phone-1      | 17-Sep-2026 09:31:33 [---]    don't use GPU while active
client-phone-1      | 17-Sep-2026 09:31:33 [---]    suspend work if non-BOINC CPU load exceeds 25%
client-phone-1      | 17-Sep-2026 09:31:33 [---]    (to change preferences, visit a project web site or select Preferences in the Manager)
client-desktop-1    | 17-Sep-2026 09:35:10 [boincserver] Started upload of exp_20260917T092942Z_baseline_medium_1_0_r1276870795_0
client-desktop-1    | 17-Sep-2026 09:35:12 [boincserver] Finished upload of exp_20260917T092942Z_baseline_medium_1_0_r1276870795_0
client-desktop-1    | 17-Sep-2026 09:35:17 [boincserver] Sending scheduler request: To report completed tasks.
client-desktop-1    | 17-Sep-2026 09:35:17 [boincserver] Reporting 1 completed tasks
client-desktop-1    | 17-Sep-2026 09:35:17 [boincserver] Requesting new tasks for CPU
client-desktop-1    | 17-Sep-2026 09:35:24 [boincserver] Scheduler request completed: got 0 new tasks
client-desktop-1    | 17-Sep-2026 09:35:24 [boincserver] Project has no tasks available
client-desktop-1    | 17-Sep-2026 09:35:24 [boincserver] Project requested delay of 7 seconds
client-desktop-1    | 17-Sep-2026 09:35:34 [boincserver] Sending scheduler request: To fetch work.
client-desktop-1    | 17-Sep-2026 09:35:34 [boincserver] Requesting new tasks for CPU
client-desktop-1    | 17-Sep-2026 09:35:36 [boincserver] Scheduler request completed: got 0 new tasks
client-desktop-1    | 17-Sep-2026 09:35:36 [boincserver] Project has no tasks available
client-desktop-1    | 17-Sep-2026 09:35:36 [boincserver] Project requested delay of 7 seconds
client-cluster-2-1  | 17-Sep-2026 09:32:12 [boincserver] Finished upload of exp_20260917T092942Z_baseline_short_18_0_r399851250_0
client-cluster-2-1  | 17-Sep-2026 09:32:18 [boincserver] Computation for task exp_20260917T092942Z_baseline_short_15_0 finished
client-cluster-2-1  | 17-Sep-2026 09:32:18 [boincserver] Sending scheduler request: To report completed tasks.
client-cluster-2-1  | 17-Sep-2026 09:32:18 [boincserver] Reporting 1 completed tasks
client-low-power-1  | 17-Sep-2026 09:31:37 [---]    don't use GPU while active
client-low-power-1  | 17-Sep-2026 09:31:37 [---]    suspend work if non-BOINC CPU load exceeds 25%
client-low-power-1  | 17-Sep-2026 09:31:37 [---]    (to change preferences, visit a project web site or select Preferences in the Manager)
client-low-power-1  | 17-Sep-2026 09:31:37 [---] Setting up project and slot directories
client-cluster-1    | 17-Sep-2026 09:35:02 [boincserver] Reporting 3 completed tasks
client-cluster-1    | 17-Sep-2026 09:35:02 [boincserver] Requesting new tasks for CPU
client-cluster-1    | 17-Sep-2026 09:35:04 [boincserver] Scheduler request completed: got 0 new tasks
client-cluster-1    | 17-Sep-2026 09:35:04 [boincserver] Project has no tasks available
client-cluster-1    | 17-Sep-2026 09:35:04 [boincserver] Project requested delay of 7 seconds
client-cluster-1    | 17-Sep-2026 09:35:14 [boincserver] Sending scheduler request: To fetch work.
client-phone-1      | 17-Sep-2026 09:31:37 [http://boincserver.local/boincserver/] Fetching scheduler list
client-phone-1      | 17-Sep-2026 09:31:39 [http://boincserver.local/boincserver/] Master file download succeeded
client-cluster-2-1  | 17-Sep-2026 09:32:18 [boincserver] Requesting new tasks for CPU
client-cluster-2-1  | 17-Sep-2026 09:32:20 [boincserver] Started upload of exp_20260917T092942Z_baseline_short_15_0_r1559354087_0
client-cluster-1    | 17-Sep-2026 09:35:14 [boincserver] Requesting new tasks for CPU
client-cluster-1    | 17-Sep-2026 09:35:38 [boincserver] Scheduler request completed: got 0 new tasks
client-cluster-1    | 17-Sep-2026 09:35:38 [boincserver] Project has no tasks available
client-cluster-1    | 17-Sep-2026 09:35:38 [boincserver] Project requested delay of 7 seconds
client-phone-2-1    | 17-Sep-2026 09:31:33 [---]    max memory usage when active: 8929.14 MB
client-phone-2-1    | 17-Sep-2026 09:31:33 [---]    max memory usage when idle: 8929.14 MB
client-phone-2-1    | 17-Sep-2026 09:31:33 [---]    max disk usage: 2.00 GB
client-phone-2-1    | 17-Sep-2026 09:31:33 [---]    don't use GPU while active
client-phone-1      | 17-Sep-2026 09:31:44 [http://boincserver.local/boincserver/] Sending scheduler request: Project initialization.
client-phone-1      | 17-Sep-2026 09:31:44 [http://boincserver.local/boincserver/] Requesting new tasks for CPU
client-phone-1      | 17-Sep-2026 09:31:46 [boincserver] Scheduler request completed: got 1 new tasks
client-phone-1      | 17-Sep-2026 09:31:46 [boincserver] Project requested delay of 7 seconds
client-phone-1      | 17-Sep-2026 09:31:48 [boincserver] Started download of hybrid_synthetic_1.0_aarch64-unknown-linux-gnu
client-phone-1      | 17-Sep-2026 09:31:48 [boincserver] Started download of hybrid_synthetic_input.txt
client-phone-1      | 17-Sep-2026 09:31:50 [boincserver] Finished download of hybrid_synthetic_1.0_aarch64-unknown-linux-gnu
client-phone-1      | 17-Sep-2026 09:31:50 [boincserver] Finished download of hybrid_synthetic_input.txt
client-phone-1      | 17-Sep-2026 09:31:50 [boincserver] Elapsed time limit 50.000000 < 120.000000; setting to 43200.000000
client-low-power-1  | 17-Sep-2026 09:31:37 [---] Checking active tasks
client-low-power-1  | 17-Sep-2026 09:31:37 [---] Setting up GUI RPC socket
client-low-power-1  | dir_open: Could not open directory 'slots' from '/var/lib/boinc-client'.
client-cluster-2-1  | 17-Sep-2026 09:32:22 [boincserver] Finished upload of exp_20260917T092942Z_baseline_short_15_0_r1559354087_0
client-cluster-2-1  | 17-Sep-2026 09:32:53 [boincserver] Scheduler request completed: got 4 new tasks
client-cluster-2-1  | 17-Sep-2026 09:32:53 [boincserver] Project requested delay of 7 seconds
client-cluster-2-1  | 17-Sep-2026 09:32:55 [boincserver] Elapsed time limit 50.000000 < 120.000000; setting to 43200.000000
client-cluster-2-1  | 17-Sep-2026 09:32:55 [boincserver] Starting task exp_20260917T092942Z_baseline_short_5_0
client-cluster-2-1  | 17-Sep-2026 09:33:03 [boincserver] Computation for task exp_20260917T092942Z_baseline_short_5_0 finished
client-cluster-2-1  | 17-Sep-2026 09:33:03 [boincserver] Elapsed time limit 50.000000 < 120.000000; setting to 43200.000000
client-cluster-2-1  | 17-Sep-2026 09:33:03 [boincserver] Starting task exp_20260917T092942Z_baseline_short_4_0
client-cluster-2-1  | 17-Sep-2026 09:33:03 [boincserver] Sending scheduler request: To report completed tasks.
client-cluster-2-1  | 17-Sep-2026 09:33:03 [boincserver] Reporting 1 completed tasks
client-cluster-2-1  | 17-Sep-2026 09:33:03 [boincserver] Requesting new tasks for CPU
client-cluster-2-1  | 17-Sep-2026 09:33:05 [boincserver] Started upload of exp_20260917T092942Z_baseline_short_5_0_r483978002_0
client-cluster-2-1  | 17-Sep-2026 09:33:05 [boincserver] Scheduler request completed: got 0 new tasks
client-cluster-2-1  | 17-Sep-2026 09:33:05 [boincserver] Project has no tasks available
client-low-power-1  | 17-Sep-2026 09:31:37 [---] Checking presence of 0 project files
client-low-power-1  | 17-Sep-2026 09:31:37 [---] This computer is not attached to any projects
client-cluster-2-1  | 17-Sep-2026 09:33:05 [boincserver] Project requested delay of 7 seconds
client-cluster-2-1  | 17-Sep-2026 09:33:07 [boincserver] Finished upload of exp_20260917T092942Z_baseline_short_5_0_r483978002_0
client-phone-2-1    | 17-Sep-2026 09:31:33 [---]    suspend work if non-BOINC CPU load exceeds 25%
client-phone-2-1    | 17-Sep-2026 09:31:33 [---]    (to change preferences, visit a project web site or select Preferences in the Manager)
client-phone-2-1    | 17-Sep-2026 09:31:37 [http://boincserver.local/boincserver/] Fetching scheduler list
client-phone-2-1    | 17-Sep-2026 09:31:39 [http://boincserver.local/boincserver/] Master file download succeeded
client-phone-2-1    | 17-Sep-2026 09:31:44 [http://boincserver.local/boincserver/] Sending scheduler request: Project initialization.
client-phone-2-1    | 17-Sep-2026 09:31:44 [http://boincserver.local/boincserver/] Requesting new tasks for CPU
client-phone-2-1    | 17-Sep-2026 09:31:51 [boincserver] Scheduler request completed: got 1 new tasks
client-phone-2-1    | 17-Sep-2026 09:31:51 [boincserver] Project requested delay of 7 seconds
client-phone-1      | 17-Sep-2026 09:31:50 [boincserver] Starting task exp_20260917T092942Z_baseline_short_3_0
client-phone-1      | 17-Sep-2026 09:31:56 [boincserver] Sending scheduler request: To fetch work.
client-phone-2-1    | 17-Sep-2026 09:31:53 [boincserver] Started download of hybrid_synthetic_1.0_aarch64-unknown-linux-gnu
client-phone-2-1    | 17-Sep-2026 09:31:53 [boincserver] Started download of hybrid_synthetic_input.txt
client-cluster-2-1  | 17-Sep-2026 09:33:11 [boincserver] Computation for task exp_20260917T092942Z_baseline_short_4_0 finished
client-cluster-2-1  | 17-Sep-2026 09:33:11 [boincserver] Elapsed time limit 50.000000 < 120.000000; setting to 43200.000000
client-cluster-2-1  | 17-Sep-2026 09:33:11 [boincserver] Starting task exp_20260917T092942Z_baseline_short_6_0
client-cluster-2-1  | 17-Sep-2026 09:33:13 [boincserver] Started upload of exp_20260917T092942Z_baseline_short_4_0_r856008028_0
client-cluster-2-1  | 17-Sep-2026 09:33:15 [boincserver] Finished upload of exp_20260917T092942Z_baseline_short_4_0_r856008028_0
client-cluster-2-1  | 17-Sep-2026 09:33:15 [boincserver] Sending scheduler request: To report completed tasks.
client-cluster-2-1  | 17-Sep-2026 09:33:15 [boincserver] Reporting 2 completed tasks
client-cluster-2-1  | 17-Sep-2026 09:33:15 [boincserver] Requesting new tasks for CPU
client-cluster-2-1  | 17-Sep-2026 09:33:17 [boincserver] Scheduler request completed: got 0 new tasks
client-low-power-1  | 17-Sep-2026 09:31:37 Initialization completed
client-low-power-1  | dir_open: Could not open directory 'projects/boincserver.local_boincserver' from '/var/lib/boinc-client'.
client-low-power-1  | 17-Sep-2026 09:31:38 [---] No general preferences found - using defaults
client-low-power-1  | 17-Sep-2026 09:31:38 [---] Reading preferences override file
client-low-power-1  | 17-Sep-2026 09:31:38 [---] Preferences:
client-cluster-2-1  | 17-Sep-2026 09:33:17 [boincserver] Project has no tasks available
client-cluster-2-1  | 17-Sep-2026 09:33:17 [boincserver] Project requested delay of 7 seconds
client-cluster-2-1  | 17-Sep-2026 09:33:19 [boincserver] Computation for task exp_20260917T092942Z_baseline_short_6_0 finished
client-cluster-2-1  | 17-Sep-2026 09:33:19 [boincserver] Elapsed time limit 50.000000 < 120.000000; setting to 43200.000000
client-cluster-2-1  | 17-Sep-2026 09:33:19 [boincserver] Starting task exp_20260917T092942Z_baseline_short_2_0
client-cluster-2-1  | 17-Sep-2026 09:33:21 [boincserver] Started upload of exp_20260917T092942Z_baseline_short_6_0_r1607929289_0
client-low-power-1  | 17-Sep-2026 09:31:38 [---]    max memory usage when active: 8929.14 MB
client-low-power-1  | 17-Sep-2026 09:31:38 [---]    max memory usage when idle: 8929.14 MB
client-cluster-2-1  | 17-Sep-2026 09:33:23 [boincserver] Finished upload of exp_20260917T092942Z_baseline_short_6_0_r1607929289_0
client-cluster-2-1  | 17-Sep-2026 09:33:54 [boincserver] Sending scheduler request: To report completed tasks.
client-cluster-2-1  | 17-Sep-2026 09:33:54 [boincserver] Reporting 1 completed tasks
client-cluster-2-1  | 17-Sep-2026 09:33:54 [boincserver] Requesting new tasks for CPU
client-phone-1      | 17-Sep-2026 09:31:56 [boincserver] Requesting new tasks for CPU
client-phone-1      | 17-Sep-2026 09:31:58 [boincserver] Computation for task exp_20260917T092942Z_baseline_short_3_0 finished
client-phone-1      | 17-Sep-2026 09:32:00 [boincserver] Started upload of exp_20260917T092942Z_baseline_short_3_0_r220089456_0
client-phone-1      | 17-Sep-2026 09:32:02 [boincserver] Finished upload of exp_20260917T092942Z_baseline_short_3_0_r220089456_0
client-phone-1      | 17-Sep-2026 09:32:03 [boincserver] Scheduler request completed: got 1 new tasks
client-phone-1      | 17-Sep-2026 09:32:03 [boincserver] Project requested delay of 7 seconds
client-phone-1      | 17-Sep-2026 09:32:05 [boincserver] Elapsed time limit 50.000000 < 120.000000; setting to 43200.000000
client-low-power-1  | 17-Sep-2026 09:31:38 [---]    max disk usage: 2.00 GB
client-low-power-1  | 17-Sep-2026 09:31:38 [---]    don't use GPU while active
client-low-power-1  | 17-Sep-2026 09:31:38 [---]    suspend work if non-BOINC CPU load exceeds 25%
client-low-power-1  | 17-Sep-2026 09:31:38 [---]    (to change preferences, visit a project web site or select Preferences in the Manager)
client-cluster-2-1  | 17-Sep-2026 09:33:56 [boincserver] Computation for task exp_20260917T092942Z_baseline_short_2_0 finished
client-cluster-2-1  | 17-Sep-2026 09:33:58 [boincserver] Started upload of exp_20260917T092942Z_baseline_short_2_0_r1827025503_0
client-cluster-2-1  | 17-Sep-2026 09:34:00 [boincserver] Finished upload of exp_20260917T092942Z_baseline_short_2_0_r1827025503_0
client-cluster-2-1  | 17-Sep-2026 09:34:01 [boincserver] Scheduler request completed: got 0 new tasks
client-cluster-2-1  | 17-Sep-2026 09:34:01 [boincserver] Project has no tasks available
client-cluster-2-1  | 17-Sep-2026 09:34:01 [boincserver] Project requested delay of 7 seconds
client-cluster-2-1  | 17-Sep-2026 09:34:12 [boincserver] Sending scheduler request: To report completed tasks.
client-cluster-2-1  | 17-Sep-2026 09:34:12 [boincserver] Reporting 1 completed tasks
client-cluster-2-1  | 17-Sep-2026 09:34:12 [boincserver] Requesting new tasks for CPU
client-cluster-2-1  | 17-Sep-2026 09:34:14 [boincserver] Computation for task exp_20260917T092942Z_baseline_long_3_0 finished
client-phone-2-1    | 17-Sep-2026 09:31:55 [boincserver] Finished download of hybrid_synthetic_1.0_aarch64-unknown-linux-gnu
client-phone-2-1    | 17-Sep-2026 09:31:55 [boincserver] Finished download of hybrid_synthetic_input.txt
client-cluster-2-1  | 17-Sep-2026 09:34:14 [boincserver] Scheduler request completed: got 0 new tasks
client-cluster-2-1  | 17-Sep-2026 09:34:14 [boincserver] Project has no tasks available
client-cluster-2-1  | 17-Sep-2026 09:34:14 [boincserver] Project requested delay of 7 seconds
client-cluster-2-1  | 17-Sep-2026 09:34:15 [boincserver] Computation for task exp_20260917T092942Z_baseline_long_5_0 finished
client-cluster-2-1  | 17-Sep-2026 09:34:16 [boincserver] Started upload of exp_20260917T092942Z_baseline_long_3_0_r1200186828_0
client-cluster-2-1  | 17-Sep-2026 09:34:16 [boincserver] Computation for task exp_20260917T092942Z_baseline_long_4_0 finished
client-cluster-2-1  | 17-Sep-2026 09:34:17 [boincserver] Started upload of exp_20260917T092942Z_baseline_long_5_0_r1451451692_0
client-cluster-2-1  | 17-Sep-2026 09:34:18 [boincserver] Finished upload of exp_20260917T092942Z_baseline_long_3_0_r1200186828_0
client-cluster-2-1  | 17-Sep-2026 09:34:18 [boincserver] Finished upload of exp_20260917T092942Z_baseline_long_5_0_r1451451692_0
client-cluster-2-1  | 17-Sep-2026 09:34:18 [boincserver] Started upload of exp_20260917T092942Z_baseline_long_4_0_r1308331831_0
client-cluster-2-1  | 17-Sep-2026 09:34:20 [boincserver] Finished upload of exp_20260917T092942Z_baseline_long_4_0_r1308331831_0
client-cluster-2-1  | 17-Sep-2026 09:34:24 [boincserver] Sending scheduler request: To report completed tasks.
client-phone-2-1    | 17-Sep-2026 09:31:55 [boincserver] Starting task exp_20260917T092942Z_baseline_medium_10_0
client-cluster-2-1  | 17-Sep-2026 09:34:24 [boincserver] Reporting 3 completed tasks
client-cluster-2-1  | 17-Sep-2026 09:34:24 [boincserver] Requesting new tasks for CPU
client-phone-2-1    | 17-Sep-2026 09:32:01 [boincserver] Sending scheduler request: To fetch work.
client-phone-2-1    | 17-Sep-2026 09:32:01 [boincserver] Requesting new tasks for CPU
client-low-power-1  | 17-Sep-2026 09:31:42 [http://boincserver.local/boincserver/] Fetching scheduler list
client-low-power-1  | 17-Sep-2026 09:31:44 [http://boincserver.local/boincserver/] Master file download succeeded
client-low-power-1  | 17-Sep-2026 09:31:49 [http://boincserver.local/boincserver/] Sending scheduler request: Project initialization.
client-low-power-1  | 17-Sep-2026 09:31:49 [http://boincserver.local/boincserver/] Requesting new tasks for CPU
client-low-power-1  | 17-Sep-2026 09:31:51 [boincserver] Scheduler request completed: got 1 new tasks
client-low-power-1  | 17-Sep-2026 09:31:51 [boincserver] Project requested delay of 7 seconds
client-low-power-1  | 17-Sep-2026 09:31:53 [boincserver] Started download of hybrid_synthetic_1.0_aarch64-unknown-linux-gnu
client-low-power-1  | 17-Sep-2026 09:31:53 [boincserver] Started download of hybrid_synthetic_input.txt
client-low-power-1  | 17-Sep-2026 09:31:55 [boincserver] Finished download of hybrid_synthetic_1.0_aarch64-unknown-linux-gnu
client-low-power-1  | 17-Sep-2026 09:31:55 [boincserver] Finished download of hybrid_synthetic_input.txt
client-low-power-1  | 17-Sep-2026 09:31:55 [boincserver] Starting task exp_20260917T092942Z_baseline_medium_2_0
client-low-power-1  | 17-Sep-2026 09:32:01 [boincserver] Sending scheduler request: To fetch work.
client-phone-1      | 17-Sep-2026 09:32:05 [boincserver] Starting task exp_20260917T092942Z_baseline_short_9_0
client-phone-1      | 17-Sep-2026 09:32:13 [boincserver] Sending scheduler request: To report completed tasks.
client-phone-1      | 17-Sep-2026 09:32:13 [boincserver] Reporting 1 completed tasks
client-phone-1      | 17-Sep-2026 09:32:13 [boincserver] Requesting new tasks for CPU
client-phone-1      | 17-Sep-2026 09:32:14 [boincserver] Computation for task exp_20260917T092942Z_baseline_short_9_0 finished
client-cluster-2-1  | 17-Sep-2026 09:34:56 [boincserver] Scheduler request completed: got 0 new tasks
client-cluster-2-1  | 17-Sep-2026 09:34:56 [boincserver] Project has no tasks available
client-cluster-2-1  | 17-Sep-2026 09:34:56 [boincserver] Project requested delay of 7 seconds
client-phone-1      | 17-Sep-2026 09:32:15 [boincserver] Scheduler request completed: got 1 new tasks
client-phone-1      | 17-Sep-2026 09:32:15 [boincserver] Project requested delay of 7 seconds
client-phone-1      | 17-Sep-2026 09:32:16 [boincserver] Started upload of exp_20260917T092942Z_baseline_short_9_0_r1728970655_0
client-phone-1      | 17-Sep-2026 09:32:17 [boincserver] Elapsed time limit 50.000000 < 120.000000; setting to 43200.000000
client-phone-1      | 17-Sep-2026 09:32:17 [boincserver] Starting task exp_20260917T092942Z_baseline_short_1_0
client-phone-1      | 17-Sep-2026 09:32:18 [boincserver] Finished upload of exp_20260917T092942Z_baseline_short_9_0_r1728970655_0
client-phone-2-1    | 17-Sep-2026 09:32:08 [boincserver] Scheduler request completed: got 1 new tasks
client-phone-2-1    | 17-Sep-2026 09:32:08 [boincserver] Project requested delay of 7 seconds
client-phone-2-1    | 17-Sep-2026 09:32:18 [boincserver] Sending scheduler request: To fetch work.
client-phone-2-1    | 17-Sep-2026 09:32:18 [boincserver] Requesting new tasks for CPU
client-phone-2-1    | 17-Sep-2026 09:32:20 [boincserver] Scheduler request completed: got 0 new tasks
client-phone-2-1    | 17-Sep-2026 09:32:20 [boincserver] No tasks sent
client-phone-2-1    | 17-Sep-2026 09:32:20 [boincserver] This computer has reached a limit on tasks in progress
client-phone-2-1    | 17-Sep-2026 09:32:20 [boincserver] Project requested delay of 7 seconds
client-phone-2-1    | 17-Sep-2026 09:32:28 [boincserver] Computation for task exp_20260917T092942Z_baseline_medium_10_0 finished
client-phone-2-1    | 17-Sep-2026 09:32:28 [boincserver] Elapsed time limit 50.000000 < 120.000000; setting to 43200.000000
client-phone-2-1    | 17-Sep-2026 09:32:28 [boincserver] Starting task exp_20260917T092942Z_baseline_short_16_0
client-phone-2-1    | 17-Sep-2026 09:32:30 [boincserver] Started upload of exp_20260917T092942Z_baseline_medium_10_0_r1077669520_0
client-phone-2-1    | 17-Sep-2026 09:32:32 [boincserver] Finished upload of exp_20260917T092942Z_baseline_medium_10_0_r1077669520_0
client-phone-2-1    | 17-Sep-2026 09:32:35 [boincserver] Sending scheduler request: To report completed tasks.
client-phone-2-1    | 17-Sep-2026 09:32:35 [boincserver] Reporting 1 completed tasks
client-phone-2-1    | 17-Sep-2026 09:32:35 [boincserver] Requesting new tasks for CPU
client-phone-2-1    | 17-Sep-2026 09:32:36 [boincserver] Computation for task exp_20260917T092942Z_baseline_short_16_0 finished
client-phone-2-1    | 17-Sep-2026 09:32:37 [boincserver] Scheduler request completed: got 1 new tasks
client-phone-1      | 17-Sep-2026 09:32:25 [boincserver] Sending scheduler request: To report completed tasks.
client-phone-1      | 17-Sep-2026 09:32:25 [boincserver] Reporting 1 completed tasks
client-cluster-2-1  | 17-Sep-2026 09:35:06 [boincserver] Sending scheduler request: To fetch work.
client-cluster-2-1  | 17-Sep-2026 09:35:06 [boincserver] Requesting new tasks for CPU
client-cluster-2-1  | 17-Sep-2026 09:35:13 [boincserver] Scheduler request completed: got 0 new tasks
client-cluster-2-1  | 17-Sep-2026 09:35:13 [boincserver] Project has no tasks available
client-cluster-2-1  | 17-Sep-2026 09:35:13 [boincserver] Project requested delay of 7 seconds
client-low-power-1  | 17-Sep-2026 09:32:01 [boincserver] Requesting new tasks for CPU
client-low-power-1  | 17-Sep-2026 09:32:08 [boincserver] Scheduler request completed: got 1 new tasks
client-low-power-1  | 17-Sep-2026 09:32:08 [boincserver] Project requested delay of 7 seconds
client-low-power-1  | 17-Sep-2026 09:32:18 [boincserver] Sending scheduler request: To fetch work.
client-low-power-1  | 17-Sep-2026 09:32:18 [boincserver] Requesting new tasks for CPU
client-low-power-1  | 17-Sep-2026 09:32:20 [boincserver] Scheduler request completed: got 0 new tasks
client-low-power-1  | 17-Sep-2026 09:32:20 [boincserver] No tasks sent
client-low-power-1  | 17-Sep-2026 09:32:20 [boincserver] This computer has reached a limit on tasks in progress
client-low-power-1  | 17-Sep-2026 09:32:20 [boincserver] Project requested delay of 7 seconds
client-low-power-1  | 17-Sep-2026 09:32:28 [boincserver] Computation for task exp_20260917T092942Z_baseline_medium_2_0 finished
client-low-power-1  | 17-Sep-2026 09:32:28 [boincserver] Starting task exp_20260917T092942Z_baseline_medium_3_0
client-low-power-1  | 17-Sep-2026 09:32:30 [boincserver] Started upload of exp_20260917T092942Z_baseline_medium_2_0_r149733938_0
client-low-power-1  | 17-Sep-2026 09:32:32 [boincserver] Finished upload of exp_20260917T092942Z_baseline_medium_2_0_r149733938_0
client-low-power-1  | 17-Sep-2026 09:32:35 [boincserver] Sending scheduler request: To report completed tasks.
client-low-power-1  | 17-Sep-2026 09:32:35 [boincserver] Reporting 1 completed tasks
client-low-power-1  | 17-Sep-2026 09:32:35 [boincserver] Requesting new tasks for CPU
client-low-power-1  | 17-Sep-2026 09:32:37 [boincserver] Scheduler request completed: got 1 new tasks
client-phone-2-1    | 17-Sep-2026 09:32:37 [boincserver] Project requested delay of 7 seconds
client-phone-2-1    | 17-Sep-2026 09:32:38 [boincserver] Started upload of exp_20260917T092942Z_baseline_short_16_0_r1517009164_0
client-low-power-1  | 17-Sep-2026 09:32:37 [boincserver] Project requested delay of 7 seconds
client-low-power-1  | 17-Sep-2026 09:33:14 [boincserver] Sending scheduler request: To fetch work.
client-low-power-1  | 17-Sep-2026 09:33:14 [boincserver] Requesting new tasks for CPU
client-low-power-1  | 17-Sep-2026 09:33:16 [boincserver] Computation for task exp_20260917T092942Z_baseline_medium_3_0 finished
client-low-power-1  | 17-Sep-2026 09:33:16 [boincserver] Elapsed time limit 50.000000 < 120.000000; setting to 43200.000000
client-low-power-1  | 17-Sep-2026 09:33:16 [boincserver] Starting task exp_20260917T092942Z_baseline_short_8_0
client-low-power-1  | 17-Sep-2026 09:33:16 [boincserver] Scheduler request completed: got 0 new tasks
client-low-power-1  | 17-Sep-2026 09:33:16 [boincserver] Project has no tasks available
client-low-power-1  | 17-Sep-2026 09:33:16 [boincserver] Project requested delay of 7 seconds
client-low-power-1  | 17-Sep-2026 09:33:18 [boincserver] Started upload of exp_20260917T092942Z_baseline_medium_3_0_r1113963938_0
client-low-power-1  | 17-Sep-2026 09:33:20 [boincserver] Finished upload of exp_20260917T092942Z_baseline_medium_3_0_r1113963938_0
client-low-power-1  | 17-Sep-2026 09:33:24 [boincserver] Computation for task exp_20260917T092942Z_baseline_short_8_0 finished
client-low-power-1  | 17-Sep-2026 09:33:26 [boincserver] Started upload of exp_20260917T092942Z_baseline_short_8_0_r432409556_0
client-low-power-1  | 17-Sep-2026 09:33:26 [boincserver] Sending scheduler request: To fetch work.
client-low-power-1  | 17-Sep-2026 09:33:26 [boincserver] Reporting 1 completed tasks
client-low-power-1  | 17-Sep-2026 09:33:26 [boincserver] Requesting new tasks for CPU
client-low-power-1  | 17-Sep-2026 09:33:28 [boincserver] Finished upload of exp_20260917T092942Z_baseline_short_8_0_r432409556_0
client-low-power-1  | 17-Sep-2026 09:33:28 [boincserver] Scheduler request completed: got 0 new tasks
client-phone-2-1    | 17-Sep-2026 09:32:39 [boincserver] Elapsed time limit 50.000000 < 120.000000; setting to 43200.000000
client-phone-2-1    | 17-Sep-2026 09:32:39 [boincserver] Starting task exp_20260917T092942Z_baseline_short_10_0
client-phone-2-1    | 17-Sep-2026 09:32:40 [boincserver] Finished upload of exp_20260917T092942Z_baseline_short_16_0_r1517009164_0
client-phone-2-1    | 17-Sep-2026 09:32:47 [boincserver] Computation for task exp_20260917T092942Z_baseline_short_10_0 finished
client-phone-2-1    | 17-Sep-2026 09:32:47 [boincserver] Sending scheduler request: To report completed tasks.
client-phone-2-1    | 17-Sep-2026 09:32:47 [boincserver] Reporting 1 completed tasks
client-phone-2-1    | 17-Sep-2026 09:32:47 [boincserver] Requesting new tasks for CPU
client-phone-2-1    | 17-Sep-2026 09:32:50 [boincserver] Started upload of exp_20260917T092942Z_baseline_short_10_0_r29031523_0
client-phone-2-1    | 17-Sep-2026 09:32:50 [boincserver] Scheduler request completed: got 1 new tasks
client-phone-2-1    | 17-Sep-2026 09:32:50 [boincserver] Project requested delay of 7 seconds
client-phone-2-1    | 17-Sep-2026 09:32:52 [boincserver] Finished upload of exp_20260917T092942Z_baseline_short_10_0_r29031523_0
client-phone-1      | 17-Sep-2026 09:32:25 [boincserver] Requesting new tasks for CPU
client-phone-1      | 17-Sep-2026 09:32:26 [boincserver] Computation for task exp_20260917T092942Z_baseline_short_1_0 finished
client-phone-1      | 17-Sep-2026 09:32:27 [boincserver] Scheduler request completed: got 1 new tasks
client-phone-1      | 17-Sep-2026 09:32:27 [boincserver] Project requested delay of 7 seconds
client-phone-1      | 17-Sep-2026 09:32:28 [boincserver] Started upload of exp_20260917T092942Z_baseline_short_1_0_r737572958_0
client-phone-1      | 17-Sep-2026 09:32:29 [boincserver] Elapsed time limit 50.000000 < 120.000000; setting to 43200.000000
client-phone-1      | 17-Sep-2026 09:32:29 [boincserver] Starting task exp_20260917T092942Z_baseline_short_7_0
client-phone-1      | 17-Sep-2026 09:32:30 [boincserver] Finished upload of exp_20260917T092942Z_baseline_short_1_0_r737572958_0
client-phone-1      | 17-Sep-2026 09:32:37 [boincserver] Computation for task exp_20260917T092942Z_baseline_short_7_0 finished
client-phone-1      | 17-Sep-2026 09:32:37 [boincserver] Sending scheduler request: To report completed tasks.
client-phone-1      | 17-Sep-2026 09:32:37 [boincserver] Reporting 1 completed tasks
client-phone-1      | 17-Sep-2026 09:32:37 [boincserver] Requesting new tasks for CPU
client-phone-1      | 17-Sep-2026 09:32:39 [boincserver] Started upload of exp_20260917T092942Z_baseline_short_7_0_r1284096154_0
client-low-power-1  | 17-Sep-2026 09:33:28 [boincserver] Project has no tasks available
client-low-power-1  | 17-Sep-2026 09:33:28 [boincserver] Project requested delay of 7 seconds
client-phone-1      | 17-Sep-2026 09:32:41 [boincserver] Finished upload of exp_20260917T092942Z_baseline_short_7_0_r1284096154_0
client-phone-1      | 17-Sep-2026 09:32:44 [boincserver] Scheduler request completed: got 1 new tasks
client-phone-1      | 17-Sep-2026 09:32:44 [boincserver] Project requested delay of 7 seconds
client-phone-1      | 17-Sep-2026 09:32:47 [boincserver] Elapsed time limit 50.000000 < 120.000000; setting to 43200.000000
client-phone-1      | 17-Sep-2026 09:32:47 [boincserver] Starting task exp_20260917T092942Z_baseline_short_12_0
client-phone-1      | 17-Sep-2026 09:33:24 [boincserver] Computation for task exp_20260917T092942Z_baseline_short_12_0 finished
client-phone-1      | 17-Sep-2026 09:33:24 [boincserver] Sending scheduler request: To report completed tasks.
client-phone-2-1    | 17-Sep-2026 09:32:52 [boincserver] Elapsed time limit 50.000000 < 120.000000; setting to 43200.000000
client-phone-2-1    | 17-Sep-2026 09:32:52 [boincserver] Starting task exp_20260917T092942Z_baseline_short_13_0
client-phone-1      | 17-Sep-2026 09:33:24 [boincserver] Reporting 1 completed tasks
client-phone-1      | 17-Sep-2026 09:33:24 [boincserver] Requesting new tasks for CPU
client-phone-1      | 17-Sep-2026 09:33:26 [boincserver] Started upload of exp_20260917T092942Z_baseline_short_12_0_r1895413163_0
client-phone-1      | 17-Sep-2026 09:33:26 [boincserver] Scheduler request completed: got 0 new tasks
client-phone-1      | 17-Sep-2026 09:33:26 [boincserver] Project has no tasks available
client-phone-1      | 17-Sep-2026 09:33:26 [boincserver] Project requested delay of 7 seconds
client-phone-1      | 17-Sep-2026 09:33:28 [boincserver] Finished upload of exp_20260917T092942Z_baseline_short_12_0_r1895413163_0
client-phone-1      | 17-Sep-2026 09:33:36 [boincserver] Sending scheduler request: To report completed tasks.
client-low-power-1  | 17-Sep-2026 09:33:38 [boincserver] Sending scheduler request: To report completed tasks.
client-low-power-1  | 17-Sep-2026 09:33:38 [boincserver] Reporting 1 completed tasks
client-low-power-1  | 17-Sep-2026 09:33:38 [boincserver] Requesting new tasks for CPU
client-low-power-1  | 17-Sep-2026 09:33:40 [boincserver] Scheduler request completed: got 0 new tasks
client-low-power-1  | 17-Sep-2026 09:33:40 [boincserver] Project has no tasks available
client-low-power-1  | 17-Sep-2026 09:33:40 [boincserver] Project requested delay of 7 seconds
client-phone-1      | 17-Sep-2026 09:33:36 [boincserver] Reporting 1 completed tasks
client-phone-2-1    | 17-Sep-2026 09:33:00 [boincserver] Sending scheduler request: To report completed tasks.
client-phone-2-1    | 17-Sep-2026 09:33:00 [boincserver] Reporting 1 completed tasks
client-phone-2-1    | 17-Sep-2026 09:33:00 [boincserver] Requesting new tasks for CPU
client-phone-2-1    | 17-Sep-2026 09:33:01 [boincserver] Computation for task exp_20260917T092942Z_baseline_short_13_0 finished
client-phone-2-1    | 17-Sep-2026 09:33:02 [boincserver] Scheduler request completed: got 0 new tasks
client-phone-1      | 17-Sep-2026 09:33:36 [boincserver] Requesting new tasks for CPU
client-phone-1      | 17-Sep-2026 09:33:38 [boincserver] Scheduler request completed: got 0 new tasks
client-phone-1      | 17-Sep-2026 09:33:38 [boincserver] Project has no tasks available
client-phone-1      | 17-Sep-2026 09:33:38 [boincserver] Project requested delay of 7 seconds
client-phone-1      | 17-Sep-2026 09:33:48 [boincserver] Sending scheduler request: To fetch work.
client-phone-1      | 17-Sep-2026 09:33:48 [boincserver] Requesting new tasks for CPU
client-phone-1      | 17-Sep-2026 09:34:24 [boincserver] Scheduler request completed: got 0 new tasks
client-phone-1      | 17-Sep-2026 09:34:24 [boincserver] Project has no tasks available
client-phone-1      | 17-Sep-2026 09:34:24 [boincserver] Project requested delay of 7 seconds
client-phone-2-1    | 17-Sep-2026 09:33:02 [boincserver] Project has no tasks available
client-phone-2-1    | 17-Sep-2026 09:33:02 [boincserver] Project requested delay of 7 seconds
client-phone-2-1    | 17-Sep-2026 09:33:03 [boincserver] Started upload of exp_20260917T092942Z_baseline_short_13_0_r1149642843_0
client-phone-2-1    | 17-Sep-2026 09:33:35 [boincserver] Finished upload of exp_20260917T092942Z_baseline_short_13_0_r1149642843_0
client-phone-2-1    | 17-Sep-2026 09:33:39 [boincserver] Sending scheduler request: To report completed tasks.
client-phone-2-1    | 17-Sep-2026 09:33:39 [boincserver] Reporting 1 completed tasks
client-phone-2-1    | 17-Sep-2026 09:33:39 [boincserver] Requesting new tasks for CPU
client-phone-2-1    | 17-Sep-2026 09:33:41 [boincserver] Scheduler request completed: got 0 new tasks
client-phone-2-1    | 17-Sep-2026 09:33:41 [boincserver] Project has no tasks available
client-phone-2-1    | 17-Sep-2026 09:33:41 [boincserver] Project requested delay of 7 seconds
client-phone-2-1    | 17-Sep-2026 09:33:51 [boincserver] Sending scheduler request: To fetch work.
client-phone-2-1    | 17-Sep-2026 09:33:51 [boincserver] Requesting new tasks for CPU
client-phone-2-1    | 17-Sep-2026 09:33:58 [boincserver] Scheduler request completed: got 0 new tasks
client-phone-2-1    | 17-Sep-2026 09:33:58 [boincserver] Project has no tasks available
client-phone-2-1    | 17-Sep-2026 09:33:58 [boincserver] Project requested delay of 7 seconds
