makeproject-1       | Updating project files in data volume...
makeproject-1       | Waiting for MySQL server to start...
makeproject-1       | Creating database...
makeproject-1       | added platform: (create_time, name, user_friendly_name) values (1789577973, 'windows_intelx86', 'Microsoft Windows (98 or later) running on an Intel x86-compatible CPU')
makeproject-1       | added platform: (create_time, name, user_friendly_name) values (1789577973, 'windows_x86_64', 'Microsoft Windows running on an AMD x86_64 or Intel EM64T CPU')
makeproject-1       | added platform: (create_time, name, user_friendly_name) values (1789577973, 'windows_arm64', 'Microsoft Windows running on ARM 64-bit')
client-cluster-2-1  | 16-Sep-2026 17:01:34 [---] Starting BOINC client version 7.20.5 for aarch64-unknown-linux-gnu
client-cluster-2-1  | 16-Sep-2026 17:01:34 [---] This a development version of BOINC and may not function properly
client-cluster-2-1  | 16-Sep-2026 17:01:34 [---] log flags: file_xfer, sched_ops, task
apache-1            | /usr/lib/python2.7/dist-packages/supervisor/options.py:461: UserWarning: Supervisord is running as root and it is searching for its configuration file in default locations (including its current working directory); you probably want to specify a "-c" argument specifying an absolute path to a configuration file for improved security.
apache-1            |   'Supervisord is running as root and it is searching '
client-cluster-1    | 16-Sep-2026 17:01:34 [---] Starting BOINC client version 7.20.5 for aarch64-unknown-linux-gnu
client-cluster-1    | 16-Sep-2026 17:01:34 [---] This a development version of BOINC and may not function properly
client-cluster-1    | 16-Sep-2026 17:01:34 [---] log flags: file_xfer, sched_ops, task
client-cluster-1    | 16-Sep-2026 17:01:34 [---] Libraries: libcurl/7.88.1 OpenSSL/3.0.20 zlib/1.2.13 brotli/1.0.9 zstd/1.5.4 libidn2/2.3.3 libpsl/0.21.2 (+libidn2/2.3.3) libssh2/1.10.0 nghttp2/1.52.0 librtmp/2.3 OpenLDAP/2.5.13
client-cluster-1    | 16-Sep-2026 17:01:34 [---] Data directory: /var/lib/boinc-client
client-cluster-1    | 16-Sep-2026 17:01:34 [---] No usable GPUs found
client-cluster-1    | 16-Sep-2026 17:01:34 [---] Creating new client state file
client-cluster-1    | 16-Sep-2026 17:01:34 [---] libc:  version 2.36
client-cluster-1    | 16-Sep-2026 17:01:34 [---] Host name: cluster-01
client-cluster-1    | 16-Sep-2026 17:01:34 [---] Processor: 4 ARM  [Impl 0x61 Arch 8 Variant 0x0 Part 0x000 Rev 0]
client-desktop-1    | 16-Sep-2026 17:01:34 [---] Starting BOINC client version 7.20.5 for aarch64-unknown-linux-gnu
client-desktop-1    | 16-Sep-2026 17:01:34 [---] This a development version of BOINC and may not function properly
client-desktop-1    | 16-Sep-2026 17:01:34 [---] log flags: file_xfer, sched_ops, task
client-phone-2-1    | 16-Sep-2026 17:01:34 [---] Starting BOINC client version 7.20.5 for aarch64-unknown-linux-gnu
client-phone-2-1    | 16-Sep-2026 17:01:34 [---] This a development version of BOINC and may not function properly
client-phone-2-1    | 16-Sep-2026 17:01:34 [---] log flags: file_xfer, sched_ops, task
makeproject-1       | added platform: (create_time, name, user_friendly_name) values (1789577973, 'i686-pc-linux-gnu', 'Linux running on an Intel x86-compatible CPU')
makeproject-1       | added platform: (create_time, name, user_friendly_name) values (1789577973, 'x86_64-pc-linux-gnu', 'Linux running on an AMD x86_64 or Intel EM64T CPU')
makeproject-1       | added platform: (create_time, name, user_friendly_name) values (1789577973, 'powerpc-apple-darwin', 'Mac OS X 10.3 or later running on Motorola PowerPC')
makeproject-1       | added platform: (create_time, name, user_friendly_name) values (1789577973, 'i686-apple-darwin', 'Mac OS 10.4 or later running on Intel')
makeproject-1       | added platform: (create_time, name, user_friendly_name) values (1789577973, 'x86_64-apple-darwin', 'Intel 64-bit Mac OS 10.5 or later')
makeproject-1       | added platform: (create_time, name, user_friendly_name) values (1789577973, 'arm64-apple-darwin', 'Mac OS running on ARM')
client-low-power-1  | 16-Sep-2026 17:01:34 [---] Starting BOINC client version 7.20.5 for aarch64-unknown-linux-gnu
client-low-power-1  | 16-Sep-2026 17:01:34 [---] This a development version of BOINC and may not function properly
client-low-power-1  | 16-Sep-2026 17:01:34 [---] log flags: file_xfer, sched_ops, task
client-low-power-1  | 16-Sep-2026 17:01:34 [---] Libraries: libcurl/7.88.1 OpenSSL/3.0.20 zlib/1.2.13 brotli/1.0.9 zstd/1.5.4 libidn2/2.3.3 libpsl/0.21.2 (+libidn2/2.3.3) libssh2/1.10.0 nghttp2/1.52.0 librtmp/2.3 OpenLDAP/2.5.13
client-low-power-1  | 16-Sep-2026 17:01:34 [---] Data directory: /var/lib/boinc-client
client-low-power-1  | 16-Sep-2026 17:01:34 [---] No usable GPUs found
client-low-power-1  | 16-Sep-2026 17:01:34 [---] Creating new client state file
client-low-power-1  | 16-Sep-2026 17:01:34 [---] libc:  version 2.36
client-low-power-1  | 16-Sep-2026 17:01:34 [---] Host name: low-power-01
client-low-power-1  | 16-Sep-2026 17:01:34 [---] Processor: 1 ARM  [Impl 0x61 Arch 8 Variant 0x0 Part 0x000 Rev 0]
client-phone-2-1    | 16-Sep-2026 17:01:34 [---] Libraries: libcurl/7.88.1 OpenSSL/3.0.20 zlib/1.2.13 brotli/1.0.9 zstd/1.5.4 libidn2/2.3.3 libpsl/0.21.2 (+libidn2/2.3.3) libssh2/1.10.0 nghttp2/1.52.0 librtmp/2.3 OpenLDAP/2.5.13
client-phone-2-1    | 16-Sep-2026 17:01:34 [---] Data directory: /var/lib/boinc-client
client-phone-2-1    | 16-Sep-2026 17:01:34 [---] No usable GPUs found
client-cluster-1    | 16-Sep-2026 17:01:34 [---] Processor features: fp asimd evtstrm aes pmull sha1 sha2 crc32 atomics fphp asimdhp cpuid asimdrdm jscvt fcma lrcpc dcpop sha3 asimddp sha512 asimdfhm dit uscat ilrcpc flagm sb paca pacg dcpodp flagm2 frint i8mm bf16 bti afp
client-cluster-1    | 16-Sep-2026 17:01:34 [---] OS: Linux Debian GNU/Linux: Debian GNU/Linux 12 (bookworm) [6.8.0-100-generic|libc 2.36]
client-cluster-1    | 16-Sep-2026 17:01:34 [---] Memory: 9.69 GB physical, 0 bytes virtual
client-cluster-2-1  | 16-Sep-2026 17:01:34 [---] Libraries: libcurl/7.88.1 OpenSSL/3.0.20 zlib/1.2.13 brotli/1.0.9 zstd/1.5.4 libidn2/2.3.3 libpsl/0.21.2 (+libidn2/2.3.3) libssh2/1.10.0 nghttp2/1.52.0 librtmp/2.3 OpenLDAP/2.5.13
client-cluster-2-1  | 16-Sep-2026 17:01:34 [---] Data directory: /var/lib/boinc-client
client-cluster-2-1  | 16-Sep-2026 17:01:34 [---] No usable GPUs found
client-cluster-2-1  | 16-Sep-2026 17:01:34 [---] Creating new client state file
client-cluster-2-1  | 16-Sep-2026 17:01:34 [---] libc:  version 2.36
client-phone-1      | 16-Sep-2026 17:01:34 [---] Starting BOINC client version 7.20.5 for aarch64-unknown-linux-gnu
client-phone-1      | 16-Sep-2026 17:01:34 [---] This a development version of BOINC and may not function properly
client-phone-1      | 16-Sep-2026 17:01:34 [---] log flags: file_xfer, sched_ops, task
client-cluster-1    | 16-Sep-2026 17:01:34 [---] Disk: 18.33 GB total, 15.59 GB free
client-cluster-1    | 16-Sep-2026 17:01:34 [---] Local time is UTC +0 hours
client-cluster-1    | 16-Sep-2026 17:01:34 [---] Config: GUI RPC allowed from any host
client-cluster-1    | 16-Sep-2026 17:01:34 [---] Config: simulate 4 CPUs
client-phone-2-1    | 16-Sep-2026 17:01:34 [---] Creating new client state file
client-phone-2-1    | 16-Sep-2026 17:01:34 [---] libc:  version 2.36
client-phone-2-1    | 16-Sep-2026 17:01:34 [---] Host name: phone-02
client-phone-2-1    | 16-Sep-2026 17:01:34 [---] Processor: 1 ARM  [Impl 0x61 Arch 8 Variant 0x0 Part 0x000 Rev 0]
client-phone-2-1    | 16-Sep-2026 17:01:34 [---] Processor features: fp asimd evtstrm aes pmull sha1 sha2 crc32 atomics fphp asimdhp cpuid asimdrdm jscvt fcma lrcpc dcpop sha3 asimddp sha512 asimdfhm dit uscat ilrcpc flagm sb paca pacg dcpodp flagm2 frint i8mm bf16 bti afp
makeproject-1       | added platform: (create_time, name, user_friendly_name) values (1789577973, 'sparc-sun-solaris2.7', 'Solaris 2.7 running on a SPARC-compatible CPU')
makeproject-1       | added platform: (create_time, name, user_friendly_name) values (1789577973, 'sparc-sun-solaris', 'Solaris 2.8 or later running on a SPARC-compatible CPU')
makeproject-1       | added platform: (create_time, name, user_friendly_name) values (1789577973, 'sparc64-sun-solaris', 'Solaris 2.8 or later running on a SPARC 64-bit CPU')
makeproject-1       | added platform: (create_time, name, user_friendly_name) values (1789577973, 'powerpc64-ps3-linux-gnu', 'Sony Playstation 3 running Linux')
makeproject-1       | added platform: (create_time, name, user_friendly_name) values (1789577973, 'arm-android-linux-gnu', 'Android running on ARM armeabi-v7a')
makeproject-1       | added platform: (create_time, name, user_friendly_name) values (1789577973, 'aarch64-android-linux-gnu', 'Android running on ARM 64-bit arm64-v8a')
makeproject-1       | added platform: (create_time, name, user_friendly_name) values (1789577973, 'x86_64-android-linux-gnu', 'Android running on Intel x64 compatible')
makeproject-1       | added platform: (create_time, name, user_friendly_name) values (1789577973, 'x86-android-linux-gnu', 'Android running on Intel x86 compatible')
makeproject-1       | added platform: (create_time, name, user_friendly_name) values (1789577973, 'arm-unknown-linux-gnueabihf', 'Linux running on ARM, hardware FP')
makeproject-1       | added platform: (create_time, name, user_friendly_name) values (1789577973, 'aarch64-unknown-linux-gnu', 'Linux running on ARM64')
makeproject-1       | added platform: (create_time, name, user_friendly_name) values (1789577973, 'anonymous', 'anonymous')
makeproject-1       | 
client-cluster-1    | 16-Sep-2026 17:01:34 [---] Config: report completed tasks immediately
client-desktop-1    | 16-Sep-2026 17:01:34 [---] Libraries: libcurl/7.88.1 OpenSSL/3.0.20 zlib/1.2.13 brotli/1.0.9 zstd/1.5.4 libidn2/2.3.3 libpsl/0.21.2 (+libidn2/2.3.3) libssh2/1.10.0 nghttp2/1.52.0 librtmp/2.3 OpenLDAP/2.5.13
client-desktop-1    | 16-Sep-2026 17:01:34 [---] Data directory: /var/lib/boinc-client
client-desktop-1    | 16-Sep-2026 17:01:34 [---] No usable GPUs found
client-desktop-1    | 16-Sep-2026 17:01:34 [---] Creating new client state file
client-desktop-1    | 16-Sep-2026 17:01:34 [---] libc:  version 2.36
client-desktop-1    | 16-Sep-2026 17:01:34 [---] Host name: desktop-01
client-low-power-1  | 16-Sep-2026 17:01:34 [---] Processor features: fp asimd evtstrm aes pmull sha1 sha2 crc32 atomics fphp asimdhp cpuid asimdrdm jscvt fcma lrcpc dcpop sha3 asimddp sha512 asimdfhm dit uscat ilrcpc flagm sb paca pacg dcpodp flagm2 frint i8mm bf16 bti afp
client-low-power-1  | 16-Sep-2026 17:01:34 [---] OS: Linux Debian GNU/Linux: Debian GNU/Linux 12 (bookworm) [6.8.0-100-generic|libc 2.36]
client-low-power-1  | 16-Sep-2026 17:01:34 [---] Memory: 9.69 GB physical, 0 bytes virtual
client-phone-1      | 16-Sep-2026 17:01:34 [---] Libraries: libcurl/7.88.1 OpenSSL/3.0.20 zlib/1.2.13 brotli/1.0.9 zstd/1.5.4 libidn2/2.3.3 libpsl/0.21.2 (+libidn2/2.3.3) libssh2/1.10.0 nghttp2/1.52.0 librtmp/2.3 OpenLDAP/2.5.13
client-phone-1      | 16-Sep-2026 17:01:34 [---] Data directory: /var/lib/boinc-client
client-phone-1      | 16-Sep-2026 17:01:34 [---] No usable GPUs found
client-phone-1      | 16-Sep-2026 17:01:34 [---] Creating new client state file
client-phone-1      | 16-Sep-2026 17:01:34 [---] libc:  version 2.36
client-phone-1      | 16-Sep-2026 17:01:34 [---] Host name: phone-01
client-phone-1      | 16-Sep-2026 17:01:34 [---] Processor: 1 ARM  [Impl 0x61 Arch 8 Variant 0x0 Part 0x000 Rev 0]
client-low-power-1  | 16-Sep-2026 17:01:34 [---] Disk: 18.33 GB total, 15.59 GB free
client-low-power-1  | 16-Sep-2026 17:01:34 [---] Local time is UTC +0 hours
client-low-power-1  | 16-Sep-2026 17:01:34 [---] Config: GUI RPC allowed from any host
client-cluster-2-1  | 16-Sep-2026 17:01:34 [---] Host name: cluster-02
client-cluster-2-1  | 16-Sep-2026 17:01:34 [---] Processor: 4 ARM  [Impl 0x61 Arch 8 Variant 0x0 Part 0x000 Rev 0]
client-phone-2-1    | 16-Sep-2026 17:01:34 [---] OS: Linux Debian GNU/Linux: Debian GNU/Linux 12 (bookworm) [6.8.0-100-generic|libc 2.36]
client-phone-2-1    | 16-Sep-2026 17:01:34 [---] Memory: 9.69 GB physical, 0 bytes virtual
client-phone-2-1    | 16-Sep-2026 17:01:34 [---] Disk: 18.33 GB total, 15.59 GB free
client-phone-2-1    | 16-Sep-2026 17:01:34 [---] Local time is UTC +0 hours
client-phone-2-1    | 16-Sep-2026 17:01:34 [---] Config: GUI RPC allowed from any host
client-phone-2-1    | 16-Sep-2026 17:01:34 [---] Config: simulate 1 CPUs
client-phone-2-1    | 16-Sep-2026 17:01:34 [---] Config: report completed tasks immediately
client-phone-2-1    | 16-Sep-2026 17:01:34 [---] No general preferences found - using defaults
client-phone-2-1    | 16-Sep-2026 17:01:34 [---] Reading preferences override file
client-phone-2-1    | 16-Sep-2026 17:01:34 [---] Preferences:
client-phone-2-1    | 16-Sep-2026 17:01:34 [---]    max memory usage when active: 8929.14 MB
client-phone-2-1    | 16-Sep-2026 17:01:34 [---]    max memory usage when idle: 8929.14 MB
client-low-power-1  | 16-Sep-2026 17:01:34 [---] Config: simulate 1 CPUs
client-low-power-1  | 16-Sep-2026 17:01:34 [---] Config: report completed tasks immediately
client-low-power-1  | 16-Sep-2026 17:01:34 [---] No general preferences found - using defaults
client-low-power-1  | 16-Sep-2026 17:01:34 [---] Reading preferences override file
client-cluster-1    | 16-Sep-2026 17:01:34 [---] No general preferences found - using defaults
client-cluster-1    | 16-Sep-2026 17:01:34 [---] Reading preferences override file
mysql-1             | Initializing database
mysql-1             | 
mysql-1             | 
mysql-1             | PLEASE REMEMBER TO SET A PASSWORD FOR THE MariaDB root USER !
mysql-1             | To do so, start the server, then issue the following commands:
mysql-1             | 
mysql-1             | '/usr/bin/mysqladmin' -u root password 'new-password'
client-desktop-1    | 16-Sep-2026 17:01:34 [---] Processor: 2 ARM  [Impl 0x61 Arch 8 Variant 0x0 Part 0x000 Rev 0]
client-desktop-1    | 16-Sep-2026 17:01:34 [---] Processor features: fp asimd evtstrm aes pmull sha1 sha2 crc32 atomics fphp asimdhp cpuid asimdrdm jscvt fcma lrcpc dcpop sha3 asimddp sha512 asimdfhm dit uscat ilrcpc flagm sb paca pacg dcpodp flagm2 frint i8mm bf16 bti afp
apache-1            | 2026-09-16 16:59:17,946 CRIT Supervisor is running as root.  Privileges were not dropped because no user is specified in the config file.  If you intend to run as root, you can set user=root in the config file to avoid this message.
apache-1            | 2026-09-16 16:59:17,946 INFO Included extra file "/etc/supervisor/conf.d/supervisord.conf" during parsing
client-phone-1      | 16-Sep-2026 17:01:34 [---] Processor features: fp asimd evtstrm aes pmull sha1 sha2 crc32 atomics fphp asimdhp cpuid asimdrdm jscvt fcma lrcpc dcpop sha3 asimddp sha512 asimdfhm dit uscat ilrcpc flagm sb paca pacg dcpodp flagm2 frint i8mm bf16 bti afp
client-phone-1      | 16-Sep-2026 17:01:34 [---] OS: Linux Debian GNU/Linux: Debian GNU/Linux 12 (bookworm) [6.8.0-100-generic|libc 2.36]
client-phone-1      | 16-Sep-2026 17:01:34 [---] Memory: 9.69 GB physical, 0 bytes virtual
client-phone-1      | 16-Sep-2026 17:01:34 [---] Disk: 18.33 GB total, 15.59 GB free
client-phone-1      | 16-Sep-2026 17:01:34 [---] Local time is UTC +0 hours
client-cluster-1    | 16-Sep-2026 17:01:34 [---] Preferences:
client-cluster-1    | 16-Sep-2026 17:01:34 [---]    max memory usage when active: 8929.14 MB
apache-1            | 2026-09-16 16:59:17,949 INFO RPC interface 'supervisor' initialized
apache-1            | 2026-09-16 16:59:17,950 CRIT Server 'unix_http_server' running without any HTTP authentication checking
mysql-1             | '/usr/bin/mysqladmin' -u root -h  password 'new-password'
mysql-1             | 
mysql-1             | Alternatively you can run:
mysql-1             | '/usr/bin/mysql_secure_installation'
mysql-1             | 
mysql-1             | which will also give you the option of removing the test
mysql-1             | databases and anonymous user created by default.  This is
mysql-1             | strongly recommended for production servers.
mysql-1             | 
mysql-1             | See the MariaDB Knowledgebase at http://mariadb.com/kb or the
mysql-1             | MySQL manual for more instructions.
mysql-1             | 
client-phone-1      | 16-Sep-2026 17:01:34 [---] Config: GUI RPC allowed from any host
client-phone-1      | 16-Sep-2026 17:01:34 [---] Config: simulate 1 CPUs
client-phone-1      | 16-Sep-2026 17:01:34 [---] Config: report completed tasks immediately
client-phone-1      | 16-Sep-2026 17:01:34 [---] No general preferences found - using defaults
client-phone-1      | 16-Sep-2026 17:01:34 [---] Reading preferences override file
client-cluster-2-1  | 16-Sep-2026 17:01:34 [---] Processor features: fp asimd evtstrm aes pmull sha1 sha2 crc32 atomics fphp asimdhp cpuid asimdrdm jscvt fcma lrcpc dcpop sha3 asimddp sha512 asimdfhm dit uscat ilrcpc flagm sb paca pacg dcpodp flagm2 frint i8mm bf16 bti afp
client-cluster-2-1  | 16-Sep-2026 17:01:34 [---] OS: Linux Debian GNU/Linux: Debian GNU/Linux 12 (bookworm) [6.8.0-100-generic|libc 2.36]
apache-1            | 2026-09-16 16:59:17,950 INFO supervisord started with pid 1
apache-1            | 2026-09-16 16:59:18,958 INFO spawned: 'cron' with pid 10
apache-1            | 2026-09-16 16:59:18,961 INFO spawned: 'start' with pid 11
apache-1            | 2026-09-16 16:59:18,963 INFO spawned: 'rsyslogd' with pid 12
apache-1            | 2026-09-16 16:59:18,965 INFO spawned: 'apache2' with pid 13
apache-1            | 2026-09-16 16:59:20,933 INFO success: cron entered RUNNING state, process has stayed up for > than 1 seconds (startsecs)
client-phone-1      | 16-Sep-2026 17:01:34 [---] Preferences:
client-phone-1      | 16-Sep-2026 17:01:34 [---]    max memory usage when active: 8929.14 MB
client-phone-1      | 16-Sep-2026 17:01:34 [---]    max memory usage when idle: 8929.14 MB
client-phone-1      | 16-Sep-2026 17:01:34 [---]    max disk usage: 2.00 GB
client-phone-1      | 16-Sep-2026 17:01:34 [---]    don't use GPU while active
client-phone-1      | 16-Sep-2026 17:01:34 [---]    suspend work if non-BOINC CPU load exceeds 25%
client-phone-1      | 16-Sep-2026 17:01:34 [---]    (to change preferences, visit a project web site or select Preferences in the Manager)
client-phone-1      | 16-Sep-2026 17:01:34 [---] Setting up project and slot directories
client-phone-1      | 16-Sep-2026 17:01:34 [---] Checking active tasks
client-phone-1      | 16-Sep-2026 17:01:34 [---] Setting up GUI RPC socket
client-phone-1      | 16-Sep-2026 17:01:34 [---] Checking presence of 0 project files
client-phone-1      | 16-Sep-2026 17:01:34 [---] This computer is not attached to any projects
client-phone-1      | dir_open: Could not open directory 'slots' from '/var/lib/boinc-client'.
client-phone-1      | 16-Sep-2026 17:01:34 Initialization completed
client-phone-1      | dir_open: Could not open directory 'projects/boincserver.local_boincserver' from '/var/lib/boinc-client'.
client-cluster-1    | 16-Sep-2026 17:01:34 [---]    max memory usage when idle: 8929.14 MB
client-cluster-1    | 16-Sep-2026 17:01:34 [---]    max disk usage: 2.00 GB
client-cluster-1    | 16-Sep-2026 17:01:34 [---]    don't use GPU while active
client-cluster-2-1  | 16-Sep-2026 17:01:34 [---] Memory: 9.69 GB physical, 0 bytes virtual
client-cluster-2-1  | 16-Sep-2026 17:01:34 [---] Disk: 18.33 GB total, 15.59 GB free
client-cluster-2-1  | 16-Sep-2026 17:01:34 [---] Local time is UTC +0 hours
client-cluster-2-1  | 16-Sep-2026 17:01:34 [---] Config: GUI RPC allowed from any host
client-cluster-2-1  | 16-Sep-2026 17:01:34 [---] Config: simulate 4 CPUs
client-cluster-2-1  | 16-Sep-2026 17:01:34 [---] Config: report completed tasks immediately
client-cluster-2-1  | 16-Sep-2026 17:01:34 [---] No general preferences found - using defaults
client-cluster-2-1  | 16-Sep-2026 17:01:34 [---] Reading preferences override file
mysql-1             | Please report any problems at http://mariadb.org/jira
mysql-1             | 
mysql-1             | The latest information about MariaDB is available at http://mariadb.org/.
mysql-1             | You can find additional information about the MySQL part at:
apache-1            | 2026-09-16 16:59:20,934 INFO success: start entered RUNNING state, process has stayed up for > than 1 seconds (startsecs)
apache-1            | 2026-09-16 16:59:20,934 INFO success: rsyslogd entered RUNNING state, process has stayed up for > than 1 seconds (startsecs)
apache-1            | 2026-09-16 16:59:20,934 INFO success: apache2 entered RUNNING state, process has stayed up for > than 1 seconds (startsecs)
apache-1            | 2026-09-16 16:59:44,502 INFO reaped unknown pid 75
apache-1            | 2026-09-16 16:59:44,502 INFO reaped unknown pid 77
apache-1            | 2026-09-16 16:59:44,502 INFO reaped unknown pid 79
client-low-power-1  | 16-Sep-2026 17:01:34 [---] Preferences:
client-low-power-1  | 16-Sep-2026 17:01:34 [---]    max memory usage when active: 8929.14 MB
client-cluster-1    | 16-Sep-2026 17:01:34 [---]    suspend work if non-BOINC CPU load exceeds 25%
client-cluster-1    | 16-Sep-2026 17:01:34 [---]    (to change preferences, visit a project web site or select Preferences in the Manager)
client-cluster-1    | 16-Sep-2026 17:01:34 [---] Setting up project and slot directories
client-cluster-1    | 16-Sep-2026 17:01:34 [---] Checking active tasks
client-cluster-1    | 16-Sep-2026 17:01:34 [---] Setting up GUI RPC socket
client-cluster-1    | 16-Sep-2026 17:01:34 [---] Checking presence of 0 project files
client-cluster-1    | 16-Sep-2026 17:01:34 [---] This computer is not attached to any projects
client-cluster-1    | dir_open: Could not open directory 'slots' from '/var/lib/boinc-client'.
client-cluster-1    | 16-Sep-2026 17:01:34 Initialization completed
client-cluster-1    | dir_open: Could not open directory 'projects/boincserver.local_boincserver' from '/var/lib/boinc-client'.
client-cluster-1    | 16-Sep-2026 17:01:35 [---] No general preferences found - using defaults
client-cluster-1    | 16-Sep-2026 17:01:35 [---] Reading preferences override file
client-cluster-1    | 16-Sep-2026 17:01:35 [---] Preferences:
client-cluster-1    | 16-Sep-2026 17:01:35 [---]    max memory usage when active: 8929.14 MB
client-cluster-1    | 16-Sep-2026 17:01:35 [---]    max memory usage when idle: 8929.14 MB
client-cluster-1    | 16-Sep-2026 17:01:35 [---]    max disk usage: 2.00 GB
client-cluster-2-1  | 16-Sep-2026 17:01:34 [---] Preferences:
client-cluster-2-1  | 16-Sep-2026 17:01:34 [---]    max memory usage when active: 8929.14 MB
client-phone-2-1    | 16-Sep-2026 17:01:34 [---]    max disk usage: 2.00 GB
client-phone-2-1    | 16-Sep-2026 17:01:34 [---]    don't use GPU while active
mysql-1             | http://dev.mysql.com
mysql-1             | Consider joining MariaDB's strong and vibrant community:
mysql-1             | https://mariadb.org/get-involved/
mysql-1             | 
client-phone-1      | 16-Sep-2026 17:01:35 [---] No general preferences found - using defaults
client-phone-1      | 16-Sep-2026 17:01:35 [---] Reading preferences override file
client-phone-1      | 16-Sep-2026 17:01:35 [---] Preferences:
client-phone-1      | 16-Sep-2026 17:01:35 [---]    max memory usage when active: 8929.14 MB
client-phone-1      | 16-Sep-2026 17:01:35 [---]    max memory usage when idle: 8929.14 MB
client-phone-1      | 16-Sep-2026 17:01:35 [---]    max disk usage: 2.00 GB
client-phone-2-1    | 16-Sep-2026 17:01:34 [---]    suspend work if non-BOINC CPU load exceeds 25%
client-phone-2-1    | 16-Sep-2026 17:01:34 [---]    (to change preferences, visit a project web site or select Preferences in the Manager)
client-phone-2-1    | 16-Sep-2026 17:01:34 [---] Setting up project and slot directories
client-phone-2-1    | dir_open: Could not open directory 'slots' from '/var/lib/boinc-client'.
client-phone-1      | 16-Sep-2026 17:01:35 [---]    don't use GPU while active
client-phone-1      | 16-Sep-2026 17:01:35 [---]    suspend work if non-BOINC CPU load exceeds 25%
mysql-1             | Database initialized
mysql-1             | MySQL init process in progress...
apache-1            | 2026-09-16 16:59:56,242 INFO reaped unknown pid 78
apache-1            | 2026-09-16 16:59:56,242 INFO reaped unknown pid 80
apache-1            | 2026-09-16 16:59:56,243 INFO reaped unknown pid 76
apache-1            | 2026-09-16 17:00:04,467 INFO reaped unknown pid 165
apache-1            | 2026-09-16 17:00:04,467 INFO reaped unknown pid 167
apache-1            | 2026-09-16 17:00:04,467 INFO reaped unknown pid 169
apache-1            | 2026-09-16 17:00:04,467 INFO reaped unknown pid 171
apache-1            | 2026-09-16 17:00:04,467 INFO reaped unknown pid 173
apache-1            | 2026-09-16 17:05:01,030 INFO reaped unknown pid 613
apache-1            | 2026-09-16 17:05:01,131 INFO reaped unknown pid 615
apache-1            | 2026-09-16 17:05:01,236 INFO reaped unknown pid 617
apache-1            | 2026-09-16 17:05:01,342 INFO reaped unknown pid 619
client-cluster-1    | 16-Sep-2026 17:01:35 [---]    don't use GPU while active
client-cluster-1    | 16-Sep-2026 17:01:35 [---]    suspend work if non-BOINC CPU load exceeds 25%
client-cluster-1    | 16-Sep-2026 17:01:35 [---]    (to change preferences, visit a project web site or select Preferences in the Manager)
client-cluster-1    | 16-Sep-2026 17:01:39 [http://boincserver.local/boincserver/] Fetching scheduler list
client-cluster-1    | 16-Sep-2026 17:01:41 [http://boincserver.local/boincserver/] Master file download succeeded
client-desktop-1    | 16-Sep-2026 17:01:34 [---] OS: Linux Debian GNU/Linux: Debian GNU/Linux 12 (bookworm) [6.8.0-100-generic|libc 2.36]
client-desktop-1    | 16-Sep-2026 17:01:34 [---] Memory: 9.69 GB physical, 0 bytes virtual
client-desktop-1    | 16-Sep-2026 17:01:34 [---] Disk: 18.33 GB total, 15.59 GB free
client-desktop-1    | 16-Sep-2026 17:01:34 [---] Local time is UTC +0 hours
client-cluster-1    | 16-Sep-2026 17:01:46 [http://boincserver.local/boincserver/] Sending scheduler request: Project initialization.
client-cluster-1    | 16-Sep-2026 17:01:46 [http://boincserver.local/boincserver/] Requesting new tasks for CPU
client-cluster-1    | 16-Sep-2026 17:01:53 [boincserver] Scheduler request completed: got 1 new tasks
client-cluster-1    | 16-Sep-2026 17:01:53 [boincserver] Project requested delay of 7 seconds
client-cluster-1    | 16-Sep-2026 17:01:55 [boincserver] Started download of hybrid_synthetic_1.0_aarch64-unknown-linux-gnu
client-low-power-1  | 16-Sep-2026 17:01:34 [---]    max memory usage when idle: 8929.14 MB
client-low-power-1  | 16-Sep-2026 17:01:34 [---]    max disk usage: 2.00 GB
client-low-power-1  | 16-Sep-2026 17:01:34 [---]    don't use GPU while active
client-low-power-1  | 16-Sep-2026 17:01:34 [---]    suspend work if non-BOINC CPU load exceeds 25%
client-low-power-1  | 16-Sep-2026 17:01:34 [---]    (to change preferences, visit a project web site or select Preferences in the Manager)
apache-1            | 2026-09-16 17:05:01,447 INFO reaped unknown pid 621
apache-1            | 2026-09-16 17:05:02,491 INFO reaped unknown pid 612
apache-1            | 2026-09-16 17:05:02,491 INFO reaped unknown pid 614
apache-1            | 2026-09-16 17:05:02,491 INFO reaped unknown pid 616
apache-1            | 2026-09-16 17:05:02,491 INFO reaped unknown pid 618
apache-1            | 2026-09-16 17:05:02,491 INFO reaped unknown pid 620
client-desktop-1    | 16-Sep-2026 17:01:34 [---] Config: GUI RPC allowed from any host
client-desktop-1    | 16-Sep-2026 17:01:34 [---] Config: simulate 2 CPUs
client-desktop-1    | 16-Sep-2026 17:01:34 [---] Config: report completed tasks immediately
client-desktop-1    | 16-Sep-2026 17:01:34 [---] No general preferences found - using defaults
client-desktop-1    | 16-Sep-2026 17:01:34 [---] Reading preferences override file
client-cluster-2-1  | 16-Sep-2026 17:01:34 [---]    max memory usage when idle: 8929.14 MB
client-cluster-2-1  | 16-Sep-2026 17:01:34 [---]    max disk usage: 2.00 GB
client-cluster-2-1  | 16-Sep-2026 17:01:34 [---]    don't use GPU while active
client-cluster-2-1  | 16-Sep-2026 17:01:34 [---]    suspend work if non-BOINC CPU load exceeds 25%
client-cluster-2-1  | 16-Sep-2026 17:01:34 [---]    (to change preferences, visit a project web site or select Preferences in the Manager)
client-cluster-1    | 16-Sep-2026 17:01:55 [boincserver] Started download of hybrid_synthetic_input.txt
client-cluster-1    | 16-Sep-2026 17:01:57 [boincserver] Finished download of hybrid_synthetic_1.0_aarch64-unknown-linux-gnu
client-cluster-1    | 16-Sep-2026 17:01:57 [boincserver] Finished download of hybrid_synthetic_input.txt
client-phone-1      | 16-Sep-2026 17:01:35 [---]    (to change preferences, visit a project web site or select Preferences in the Manager)
client-phone-1      | 16-Sep-2026 17:01:39 [http://boincserver.local/boincserver/] Fetching scheduler list
client-phone-1      | 16-Sep-2026 17:01:41 [http://boincserver.local/boincserver/] Master file download succeeded
client-phone-1      | 16-Sep-2026 17:01:46 [http://boincserver.local/boincserver/] Sending scheduler request: Project initialization.
client-phone-1      | 16-Sep-2026 17:01:46 [http://boincserver.local/boincserver/] Requesting new tasks for CPU
client-phone-1      | 16-Sep-2026 17:01:48 [boincserver] Scheduler request completed: got 1 new tasks
client-phone-1      | 16-Sep-2026 17:01:48 [boincserver] Project requested delay of 7 seconds
client-cluster-1    | 16-Sep-2026 17:01:57 [boincserver] Starting task exp_20260916T165346Z_random_long_3_0
client-cluster-1    | 16-Sep-2026 17:02:03 [boincserver] Sending scheduler request: To fetch work.
client-phone-2-1    | 16-Sep-2026 17:01:34 [---] Checking active tasks
client-phone-2-1    | 16-Sep-2026 17:01:34 [---] Setting up GUI RPC socket
client-low-power-1  | 16-Sep-2026 17:01:34 [---] Setting up project and slot directories
client-low-power-1  | dir_open: Could not open directory 'slots' from '/var/lib/boinc-client'.
client-low-power-1  | 16-Sep-2026 17:01:34 [---] Checking active tasks
client-low-power-1  | 16-Sep-2026 17:01:34 [---] Setting up GUI RPC socket
client-phone-1      | 16-Sep-2026 17:01:50 [boincserver] Started download of hybrid_synthetic_1.0_aarch64-unknown-linux-gnu
client-phone-1      | 16-Sep-2026 17:01:50 [boincserver] Started download of hybrid_synthetic_input.txt
client-cluster-2-1  | 16-Sep-2026 17:01:34 [---] Setting up project and slot directories
client-cluster-2-1  | 16-Sep-2026 17:01:34 [---] Checking active tasks
client-desktop-1    | 16-Sep-2026 17:01:34 [---] Preferences:
client-desktop-1    | 16-Sep-2026 17:01:34 [---]    max memory usage when active: 8929.14 MB
client-desktop-1    | 16-Sep-2026 17:01:34 [---]    max memory usage when idle: 8929.14 MB
client-low-power-1  | 16-Sep-2026 17:01:34 [---] Checking presence of 0 project files
client-low-power-1  | 16-Sep-2026 17:01:34 [---] This computer is not attached to any projects
client-low-power-1  | 16-Sep-2026 17:01:34 Initialization completed
client-low-power-1  | dir_open: Could not open directory 'projects/boincserver.local_boincserver' from '/var/lib/boinc-client'.
client-low-power-1  | 16-Sep-2026 17:01:35 [---] No general preferences found - using defaults
client-phone-1      | 16-Sep-2026 17:01:52 [boincserver] Finished download of hybrid_synthetic_1.0_aarch64-unknown-linux-gnu
client-phone-1      | 16-Sep-2026 17:01:52 [boincserver] Finished download of hybrid_synthetic_input.txt
mysql-1             | 2026-09-16 16:59:19 0 [Note] mysqld (mysqld 10.3.8-MariaDB-1:10.3.8+maria~bionic) starting as process 104 ...
mysql-1             | 2026-09-16 16:59:19 0 [Note] InnoDB: Using Linux native AIO
mysql-1             | 2026-09-16 16:59:19 0 [Note] InnoDB: Mutexes and rw_locks use GCC atomic builtins
mysql-1             | 2026-09-16 16:59:19 0 [Note] InnoDB: Uses event mutexes
mysql-1             | 2026-09-16 16:59:19 0 [Note] InnoDB: Compressed tables use zlib 1.2.11
client-cluster-2-1  | 16-Sep-2026 17:01:34 [---] Setting up GUI RPC socket
client-cluster-2-1  | dir_open: Could not open directory 'slots' from '/var/lib/boinc-client'.
client-phone-1      | 16-Sep-2026 17:01:52 [boincserver] Starting task exp_20260916T165346Z_random_long_4_0
client-phone-1      | 16-Sep-2026 17:01:58 [boincserver] Sending scheduler request: To fetch work.
client-phone-1      | 16-Sep-2026 17:01:58 [boincserver] Requesting new tasks for CPU
client-phone-1      | 16-Sep-2026 17:02:00 [boincserver] Scheduler request completed: got 1 new tasks
client-phone-1      | 16-Sep-2026 17:02:00 [boincserver] Project requested delay of 7 seconds
client-phone-1      | 16-Sep-2026 17:02:10 [boincserver] Sending scheduler request: To fetch work.
client-phone-1      | 16-Sep-2026 17:02:10 [boincserver] Requesting new tasks for CPU
client-cluster-2-1  | 16-Sep-2026 17:01:34 [---] Checking presence of 0 project files
client-cluster-2-1  | 16-Sep-2026 17:01:34 [---] This computer is not attached to any projects
client-cluster-2-1  | 16-Sep-2026 17:01:34 Initialization completed
client-cluster-2-1  | dir_open: Could not open directory 'projects/boincserver.local_boincserver' from '/var/lib/boinc-client'.
client-desktop-1    | 16-Sep-2026 17:01:34 [---]    max disk usage: 2.00 GB
client-desktop-1    | 16-Sep-2026 17:01:34 [---]    don't use GPU while active
apache-1            | 2026-09-16 17:05:02,491 INFO reaped unknown pid 623
apache-1            | 2026-09-16 17:05:02,491 INFO reaped unknown pid 627
apache-1            | 2026-09-16 17:05:02,491 INFO reaped unknown pid 632
apache-1            | 2026-09-16 17:05:02,491 INFO reaped unknown pid 634
apache-1            | 2026-09-16 17:05:02,491 INFO reaped unknown pid 636
apache-1            | 2026-09-16 17:05:02,491 INFO reaped unknown pid 638
apache-1            | 2026-09-16 17:05:06,563 INFO reaped unknown pid 622
client-desktop-1    | 16-Sep-2026 17:01:34 [---]    suspend work if non-BOINC CPU load exceeds 25%
client-desktop-1    | 16-Sep-2026 17:01:34 [---]    (to change preferences, visit a project web site or select Preferences in the Manager)
client-desktop-1    | 16-Sep-2026 17:01:34 [---] Setting up project and slot directories
client-desktop-1    | 16-Sep-2026 17:01:34 [---] Checking active tasks
client-desktop-1    | 16-Sep-2026 17:01:34 [---] Setting up GUI RPC socket
client-low-power-1  | 16-Sep-2026 17:01:35 [---] Reading preferences override file
client-low-power-1  | 16-Sep-2026 17:01:35 [---] Preferences:
client-low-power-1  | 16-Sep-2026 17:01:35 [---]    max memory usage when active: 8929.14 MB
client-phone-1      | 16-Sep-2026 17:02:17 [boincserver] Scheduler request completed: got 0 new tasks
client-phone-1      | 16-Sep-2026 17:02:17 [boincserver] No tasks sent
client-desktop-1    | 16-Sep-2026 17:01:34 [---] Checking presence of 0 project files
client-desktop-1    | 16-Sep-2026 17:01:34 [---] This computer is not attached to any projects
client-desktop-1    | dir_open: Could not open directory 'slots' from '/var/lib/boinc-client'.
client-cluster-2-1  | 16-Sep-2026 17:01:35 [---] No general preferences found - using defaults
client-cluster-2-1  | 16-Sep-2026 17:01:35 [---] Reading preferences override file
client-cluster-2-1  | 16-Sep-2026 17:01:35 [---] Preferences:
client-cluster-2-1  | 16-Sep-2026 17:01:35 [---]    max memory usage when active: 8929.14 MB
client-cluster-1    | 16-Sep-2026 17:02:03 [boincserver] Requesting new tasks for CPU
client-cluster-1    | 16-Sep-2026 17:02:22 [boincserver] Scheduler request completed: got 4 new tasks
client-cluster-1    | 16-Sep-2026 17:02:22 [boincserver] Project requested delay of 7 seconds
client-cluster-1    | 16-Sep-2026 17:02:24 [boincserver] Elapsed time limit 50.000000 < 120.000000; setting to 43200.000000
client-desktop-1    | 16-Sep-2026 17:01:34 Initialization completed
client-desktop-1    | dir_open: Could not open directory 'projects/boincserver.local_boincserver' from '/var/lib/boinc-client'.
client-desktop-1    | 16-Sep-2026 17:01:35 [---] No general preferences found - using defaults
client-desktop-1    | 16-Sep-2026 17:01:35 [---] Reading preferences override file
client-desktop-1    | 16-Sep-2026 17:01:35 [---] Preferences:
client-cluster-1    | 16-Sep-2026 17:02:24 [boincserver] Starting task exp_20260916T165346Z_random_medium_8_0
client-cluster-1    | 16-Sep-2026 17:02:24 [boincserver] Starting task exp_20260916T165346Z_random_medium_3_0
apache-1            | 2026-09-16 17:05:06,874 INFO reaped unknown pid 629
apache-1            | 2026-09-16 17:05:06,989 INFO reaped unknown pid 630
mysql-1             | 2026-09-16 16:59:19 0 [Note] InnoDB: Number of pools: 1
mysql-1             | 2026-09-16 16:59:19 0 [Note] InnoDB: Using generic crc32 instructions
mysql-1             | 2026-09-16 16:59:19 0 [Note] InnoDB: Initializing buffer pool, total size = 256M, instances = 1, chunk size = 128M
mysql-1             | 2026-09-16 16:59:19 0 [Note] InnoDB: Completed initialization of buffer pool
client-phone-1      | 16-Sep-2026 17:02:17 [boincserver] This computer has reached a limit on tasks in progress
client-phone-1      | 16-Sep-2026 17:02:17 [boincserver] Project requested delay of 7 seconds
client-phone-1      | 16-Sep-2026 17:03:55 [boincserver] Computation for task exp_20260916T165346Z_random_long_4_0 finished
client-phone-1      | 16-Sep-2026 17:03:55 [boincserver] Starting task exp_20260916T165346Z_random_long_1_0
client-phone-1      | 16-Sep-2026 17:03:57 [boincserver] Started upload of exp_20260916T165346Z_random_long_4_0_r473529853_0
client-phone-1      | 16-Sep-2026 17:04:00 [boincserver] Finished upload of exp_20260916T165346Z_random_long_4_0_r473529853_0
client-phone-1      | 16-Sep-2026 17:04:00 [boincserver] Sending scheduler request: To report completed tasks.
client-desktop-1    | 16-Sep-2026 17:01:35 [---]    max memory usage when active: 8929.14 MB
client-desktop-1    | 16-Sep-2026 17:01:35 [---]    max memory usage when idle: 8929.14 MB
client-desktop-1    | 16-Sep-2026 17:01:35 [---]    max disk usage: 2.00 GB
client-desktop-1    | 16-Sep-2026 17:01:35 [---]    don't use GPU while active
client-desktop-1    | 16-Sep-2026 17:01:35 [---]    suspend work if non-BOINC CPU load exceeds 25%
client-desktop-1    | 16-Sep-2026 17:01:35 [---]    (to change preferences, visit a project web site or select Preferences in the Manager)
client-desktop-1    | 16-Sep-2026 17:01:39 [http://boincserver.local/boincserver/] Fetching scheduler list
client-desktop-1    | 16-Sep-2026 17:01:46 [http://boincserver.local/boincserver/] Master file download succeeded
client-desktop-1    | 16-Sep-2026 17:01:51 [http://boincserver.local/boincserver/] Sending scheduler request: Project initialization.
client-desktop-1    | 16-Sep-2026 17:01:51 [http://boincserver.local/boincserver/] Requesting new tasks for CPU
client-desktop-1    | 16-Sep-2026 17:01:53 [boincserver] Scheduler request completed: got 1 new tasks
client-desktop-1    | 16-Sep-2026 17:01:53 [boincserver] Project requested delay of 7 seconds
client-desktop-1    | 16-Sep-2026 17:01:55 [boincserver] Started download of hybrid_synthetic_1.0_aarch64-unknown-linux-gnu
client-phone-1      | 16-Sep-2026 17:04:00 [boincserver] Reporting 1 completed tasks
mysql-1             | 2026-09-16 16:59:19 0 [Note] InnoDB: If the mysqld execution user is authorized, page cleaner thread priority can be changed. See the man page of setpriority().
mysql-1             | 2026-09-16 16:59:19 0 [Note] InnoDB: 128 out of 128 rollback segments are active.
mysql-1             | 2026-09-16 16:59:19 0 [Note] InnoDB: Creating shared tablespace for temporary tables
client-phone-1      | 16-Sep-2026 17:04:00 [boincserver] Requesting new tasks for CPU
client-phone-1      | 16-Sep-2026 17:04:17 [boincserver] Scheduler request completed: got 0 new tasks
client-phone-1      | 16-Sep-2026 17:04:17 [boincserver] Project has no tasks available
client-phone-1      | 16-Sep-2026 17:04:17 [boincserver] Project requested delay of 7 seconds
client-phone-1      | 16-Sep-2026 17:04:27 [boincserver] Sending scheduler request: To fetch work.
client-cluster-2-1  | 16-Sep-2026 17:01:35 [---]    max memory usage when idle: 8929.14 MB
client-cluster-2-1  | 16-Sep-2026 17:01:35 [---]    max disk usage: 2.00 GB
client-cluster-2-1  | 16-Sep-2026 17:01:35 [---]    don't use GPU while active
client-cluster-2-1  | 16-Sep-2026 17:01:35 [---]    suspend work if non-BOINC CPU load exceeds 25%
client-low-power-1  | 16-Sep-2026 17:01:35 [---]    max memory usage when idle: 8929.14 MB
client-low-power-1  | 16-Sep-2026 17:01:35 [---]    max disk usage: 2.00 GB
client-phone-1      | 16-Sep-2026 17:04:27 [boincserver] Requesting new tasks for CPU
client-phone-1      | 16-Sep-2026 17:04:29 [boincserver] Scheduler request completed: got 0 new tasks
client-phone-1      | 16-Sep-2026 17:04:29 [boincserver] Project has no tasks available
client-phone-1      | 16-Sep-2026 17:04:29 [boincserver] Project requested delay of 7 seconds
mysql-1             | 2026-09-16 16:59:19 0 [Note] InnoDB: Setting file './ibtmp1' size to 12 MB. Physically writing the file full; Please wait ...
mysql-1             | 2026-09-16 16:59:19 0 [Note] InnoDB: File './ibtmp1' size is now 12 MB.
mysql-1             | 2026-09-16 16:59:19 0 [Note] InnoDB: 10.3.8 started; log sequence number 1630815; transaction id 21
mysql-1             | 2026-09-16 16:59:19 0 [Note] InnoDB: Loading buffer pool(s) from /var/lib/mysql/ib_buffer_pool
mysql-1             | 2026-09-16 16:59:19 0 [Note] Plugin 'FEEDBACK' is disabled.
mysql-1             | 2026-09-16 16:59:19 0 [Note] InnoDB: Buffer pool(s) load completed at 260916 16:59:19
mysql-1             | 2026-09-16 16:59:19 0 [Warning] 'user' entry 'root@eb3d55f06953' ignored in --skip-name-resolve mode.
client-low-power-1  | 16-Sep-2026 17:01:35 [---]    don't use GPU while active
client-low-power-1  | 16-Sep-2026 17:01:35 [---]    suspend work if non-BOINC CPU load exceeds 25%
client-low-power-1  | 16-Sep-2026 17:01:35 [---]    (to change preferences, visit a project web site or select Preferences in the Manager)
client-low-power-1  | 16-Sep-2026 17:01:39 [http://boincserver.local/boincserver/] Fetching scheduler list
client-low-power-1  | 16-Sep-2026 17:01:41 [http://boincserver.local/boincserver/] Master file download succeeded
client-low-power-1  | 16-Sep-2026 17:01:46 [http://boincserver.local/boincserver/] Sending scheduler request: Project initialization.
client-low-power-1  | 16-Sep-2026 17:01:46 [http://boincserver.local/boincserver/] Requesting new tasks for CPU
client-low-power-1  | 16-Sep-2026 17:01:48 [boincserver] Scheduler request completed: got 1 new tasks
client-low-power-1  | 16-Sep-2026 17:01:48 [boincserver] Project requested delay of 7 seconds
client-low-power-1  | 16-Sep-2026 17:01:50 [boincserver] Started download of hybrid_synthetic_1.0_aarch64-unknown-linux-gnu
client-low-power-1  | 16-Sep-2026 17:01:50 [boincserver] Started download of hybrid_synthetic_input.txt
client-desktop-1    | 16-Sep-2026 17:01:55 [boincserver] Started download of hybrid_synthetic_input.txt
client-desktop-1    | 16-Sep-2026 17:01:57 [boincserver] Finished download of hybrid_synthetic_1.0_aarch64-unknown-linux-gnu
client-desktop-1    | 16-Sep-2026 17:01:57 [boincserver] Finished download of hybrid_synthetic_input.txt
client-desktop-1    | 16-Sep-2026 17:01:57 [boincserver] Starting task exp_20260916T165346Z_random_long_2_0
client-desktop-1    | 16-Sep-2026 17:02:03 [boincserver] Sending scheduler request: To fetch work.
client-desktop-1    | 16-Sep-2026 17:02:03 [boincserver] Requesting new tasks for CPU
client-desktop-1    | 16-Sep-2026 17:02:10 [boincserver] Scheduler request completed: got 2 new tasks
client-desktop-1    | 16-Sep-2026 17:02:10 [boincserver] Project requested delay of 7 seconds
client-cluster-2-1  | 16-Sep-2026 17:01:35 [---]    (to change preferences, visit a project web site or select Preferences in the Manager)
client-cluster-2-1  | 16-Sep-2026 17:01:39 [http://boincserver.local/boincserver/] Fetching scheduler list
client-cluster-2-1  | 16-Sep-2026 17:01:41 [http://boincserver.local/boincserver/] Master file download succeeded
client-cluster-2-1  | 16-Sep-2026 17:01:46 [http://boincserver.local/boincserver/] Sending scheduler request: Project initialization.
client-cluster-2-1  | 16-Sep-2026 17:01:46 [http://boincserver.local/boincserver/] Requesting new tasks for CPU
client-cluster-2-1  | 16-Sep-2026 17:01:53 [boincserver] Scheduler request completed: got 1 new tasks
client-cluster-2-1  | 16-Sep-2026 17:01:53 [boincserver] Project requested delay of 7 seconds
client-phone-1      | 16-Sep-2026 17:06:10 [boincserver] Computation for task exp_20260916T165346Z_random_long_1_0 finished
client-phone-1      | 16-Sep-2026 17:06:12 [boincserver] Started upload of exp_20260916T165346Z_random_long_1_0_r1045055839_0
client-phone-1      | 16-Sep-2026 17:06:14 [boincserver] Finished upload of exp_20260916T165346Z_random_long_1_0_r1045055839_0
client-phone-1      | 16-Sep-2026 17:06:15 [boincserver] Sending scheduler request: To report completed tasks.
client-phone-1      | 16-Sep-2026 17:06:15 [boincserver] Reporting 1 completed tasks
client-phone-1      | 16-Sep-2026 17:06:15 [boincserver] Requesting new tasks for CPU
client-low-power-1  | 16-Sep-2026 17:01:52 [boincserver] Finished download of hybrid_synthetic_1.0_aarch64-unknown-linux-gnu
client-low-power-1  | 16-Sep-2026 17:01:52 [boincserver] Finished download of hybrid_synthetic_input.txt
client-low-power-1  | 16-Sep-2026 17:01:52 [boincserver] Starting task exp_20260916T165346Z_random_long_6_0
client-phone-1      | 16-Sep-2026 17:06:17 [boincserver] Scheduler request completed: got 0 new tasks
client-phone-1      | 16-Sep-2026 17:06:17 [boincserver] Project has no tasks available
client-phone-1      | 16-Sep-2026 17:06:17 [boincserver] Project requested delay of 7 seconds
client-phone-1      | 16-Sep-2026 17:06:27 [boincserver] Sending scheduler request: To fetch work.
client-phone-2-1    | 16-Sep-2026 17:01:34 [---] Checking presence of 0 project files
client-phone-2-1    | 16-Sep-2026 17:01:34 [---] This computer is not attached to any projects
client-phone-2-1    | 16-Sep-2026 17:01:34 Initialization completed
client-phone-2-1    | dir_open: Could not open directory 'projects/boincserver.local_boincserver' from '/var/lib/boinc-client'.
client-phone-2-1    | 16-Sep-2026 17:01:35 [---] No general preferences found - using defaults
client-phone-2-1    | 16-Sep-2026 17:01:35 [---] Reading preferences override file
client-phone-2-1    | 16-Sep-2026 17:01:35 [---] Preferences:
client-phone-2-1    | 16-Sep-2026 17:01:35 [---]    max memory usage when active: 8929.14 MB
client-cluster-2-1  | 16-Sep-2026 17:01:55 [boincserver] Started download of hybrid_synthetic_1.0_aarch64-unknown-linux-gnu
client-cluster-2-1  | 16-Sep-2026 17:01:55 [boincserver] Started download of hybrid_synthetic_input.txt
client-cluster-2-1  | 16-Sep-2026 17:01:57 [boincserver] Finished download of hybrid_synthetic_1.0_aarch64-unknown-linux-gnu
client-cluster-2-1  | 16-Sep-2026 17:01:57 [boincserver] Finished download of hybrid_synthetic_input.txt
client-cluster-2-1  | 16-Sep-2026 17:01:57 [boincserver] Starting task exp_20260916T165346Z_random_medium_11_0
client-cluster-2-1  | 16-Sep-2026 17:02:03 [boincserver] Sending scheduler request: To fetch work.
client-cluster-2-1  | 16-Sep-2026 17:02:03 [boincserver] Requesting new tasks for CPU
client-low-power-1  | 16-Sep-2026 17:01:58 [boincserver] Sending scheduler request: To fetch work.
client-low-power-1  | 16-Sep-2026 17:01:58 [boincserver] Requesting new tasks for CPU
client-low-power-1  | 16-Sep-2026 17:02:00 [boincserver] Scheduler request completed: got 1 new tasks
client-low-power-1  | 16-Sep-2026 17:02:00 [boincserver] Project requested delay of 7 seconds
client-low-power-1  | 16-Sep-2026 17:02:10 [boincserver] Sending scheduler request: To fetch work.
client-low-power-1  | 16-Sep-2026 17:02:10 [boincserver] Requesting new tasks for CPU
client-low-power-1  | 16-Sep-2026 17:02:17 [boincserver] Scheduler request completed: got 0 new tasks
client-low-power-1  | 16-Sep-2026 17:02:17 [boincserver] No tasks sent
client-low-power-1  | 16-Sep-2026 17:02:17 [boincserver] This computer has reached a limit on tasks in progress
client-low-power-1  | 16-Sep-2026 17:02:17 [boincserver] Project requested delay of 7 seconds
client-low-power-1  | 16-Sep-2026 17:04:07 [boincserver] Computation for task exp_20260916T165346Z_random_long_6_0 finished
client-low-power-1  | 16-Sep-2026 17:04:07 [boincserver] Starting task exp_20260916T165346Z_random_medium_12_0
client-low-power-1  | 16-Sep-2026 17:04:09 [boincserver] Started upload of exp_20260916T165346Z_random_long_6_0_r1220062499_0
client-low-power-1  | 16-Sep-2026 17:04:11 [boincserver] Finished upload of exp_20260916T165346Z_random_long_6_0_r1220062499_0
client-low-power-1  | 16-Sep-2026 17:04:12 [boincserver] Sending scheduler request: To report completed tasks.
client-phone-2-1    | 16-Sep-2026 17:01:35 [---]    max memory usage when idle: 8929.14 MB
client-phone-2-1    | 16-Sep-2026 17:01:35 [---]    max disk usage: 2.00 GB
client-phone-2-1    | 16-Sep-2026 17:01:35 [---]    don't use GPU while active
client-phone-2-1    | 16-Sep-2026 17:01:35 [---]    suspend work if non-BOINC CPU load exceeds 25%
client-phone-2-1    | 16-Sep-2026 17:01:35 [---]    (to change preferences, visit a project web site or select Preferences in the Manager)
client-phone-2-1    | 16-Sep-2026 17:01:39 [http://boincserver.local/boincserver/] Fetching scheduler list
client-phone-2-1    | 16-Sep-2026 17:01:45 [http://boincserver.local/boincserver/] Master file download succeeded
client-phone-2-1    | 16-Sep-2026 17:01:50 [http://boincserver.local/boincserver/] Sending scheduler request: Project initialization.
client-phone-2-1    | 16-Sep-2026 17:01:50 [http://boincserver.local/boincserver/] Requesting new tasks for CPU
client-phone-2-1    | 16-Sep-2026 17:01:52 [boincserver] Scheduler request completed: got 1 new tasks
client-phone-2-1    | 16-Sep-2026 17:01:52 [boincserver] Project requested delay of 7 seconds
mysql-1             | 2026-09-16 16:59:19 0 [Warning] 'user' entry '@eb3d55f06953' ignored in --skip-name-resolve mode.
mysql-1             | 2026-09-16 16:59:19 0 [Warning] 'proxies_priv' entry '@% root@eb3d55f06953' ignored in --skip-name-resolve mode.
mysql-1             | 2026-09-16 16:59:19 0 [Note] Reading of all Master_info entries succeded
mysql-1             | 2026-09-16 16:59:19 0 [Note] Added new Master_info '' to hash table
mysql-1             | 2026-09-16 16:59:19 0 [Note] mysqld: ready for connections.
mysql-1             | Version: '10.3.8-MariaDB-1:10.3.8+maria~bionic'  socket: '/var/run/mysqld/mysqld.sock'  port: 0  mariadb.org binary distribution
mysql-1             | Warning: Unable to load '/usr/share/zoneinfo/leap-seconds.list' as time zone. Skipping it.
mysql-1             | 2026-09-16 16:59:21 10 [Warning] 'proxies_priv' entry '@% root@eb3d55f06953' ignored in --skip-name-resolve mode.
client-cluster-2-1  | 16-Sep-2026 17:02:10 [boincserver] Scheduler request completed: got 4 new tasks
client-cluster-2-1  | 16-Sep-2026 17:02:10 [boincserver] Project requested delay of 7 seconds
client-cluster-2-1  | 16-Sep-2026 17:02:12 [boincserver] Elapsed time limit 50.000000 < 120.000000; setting to 43200.000000
client-phone-2-1    | 16-Sep-2026 17:01:54 [boincserver] Started download of hybrid_synthetic_1.0_aarch64-unknown-linux-gnu
client-phone-2-1    | 16-Sep-2026 17:01:54 [boincserver] Started download of hybrid_synthetic_input.txt
client-phone-2-1    | 16-Sep-2026 17:01:56 [boincserver] Finished download of hybrid_synthetic_1.0_aarch64-unknown-linux-gnu
client-phone-2-1    | 16-Sep-2026 17:01:56 [boincserver] Finished download of hybrid_synthetic_input.txt
client-phone-1      | 16-Sep-2026 17:06:27 [boincserver] Requesting new tasks for CPU
client-phone-1      | 16-Sep-2026 17:06:29 [boincserver] Scheduler request completed: got 0 new tasks
client-phone-1      | 16-Sep-2026 17:06:29 [boincserver] Project has no tasks available
client-phone-1      | 16-Sep-2026 17:06:29 [boincserver] Project requested delay of 7 seconds
client-desktop-1    | 16-Sep-2026 17:02:12 [boincserver] Elapsed time limit 50.000000 < 120.000000; setting to 43200.000000
client-desktop-1    | 16-Sep-2026 17:02:12 [boincserver] Starting task exp_20260916T165346Z_random_short_18_0
client-desktop-1    | 16-Sep-2026 17:02:20 [boincserver] Computation for task exp_20260916T165346Z_random_short_18_0 finished
client-desktop-1    | 16-Sep-2026 17:02:20 [boincserver] Starting task exp_20260916T165346Z_random_medium_2_0
client-desktop-1    | 16-Sep-2026 17:02:20 [boincserver] Sending scheduler request: To fetch work.
client-desktop-1    | 16-Sep-2026 17:02:20 [boincserver] Requesting new tasks for CPU
client-desktop-1    | 16-Sep-2026 17:02:22 [boincserver] Started upload of exp_20260916T165346Z_random_short_18_0_r1352940792_0
client-desktop-1    | 16-Sep-2026 17:02:22 [boincserver] Scheduler request completed: got 1 new tasks
client-desktop-1    | 16-Sep-2026 17:02:22 [boincserver] Project requested delay of 7 seconds
client-desktop-1    | 16-Sep-2026 17:02:24 [boincserver] Finished upload of exp_20260916T165346Z_random_short_18_0_r1352940792_0
client-desktop-1    | 16-Sep-2026 17:02:42 [boincserver] Sending scheduler request: To report completed tasks.
client-desktop-1    | 16-Sep-2026 17:02:42 [boincserver] Reporting 1 completed tasks
client-cluster-2-1  | 16-Sep-2026 17:02:12 [boincserver] Elapsed time limit 50.000000 < 120.000000; setting to 43200.000000
client-cluster-2-1  | 16-Sep-2026 17:02:12 [boincserver] Starting task exp_20260916T165346Z_random_medium_9_0
client-cluster-2-1  | 16-Sep-2026 17:02:12 [boincserver] Starting task exp_20260916T165346Z_random_short_15_0
client-cluster-2-1  | 16-Sep-2026 17:02:12 [boincserver] Starting task exp_20260916T165346Z_random_short_8_0
client-cluster-2-1  | 16-Sep-2026 17:02:32 [boincserver] Computation for task exp_20260916T165346Z_random_short_15_0 finished
client-cluster-2-1  | 16-Sep-2026 17:02:32 [boincserver] Elapsed time limit 50.000000 < 120.000000; setting to 43200.000000
mysql-1             | 
mysql-1             | 2026-09-16 16:59:21 0 [Note] mysqld (initiated by: unknown): Normal shutdown
mysql-1             | 2026-09-16 16:59:21 0 [Note] Event Scheduler: Purging the queue. 0 events
mysql-1             | 2026-09-16 16:59:21 0 [Note] InnoDB: FTS optimize thread exiting.
mysql-1             | 2026-09-16 16:59:21 0 [Note] InnoDB: Starting shutdown...
mysql-1             | 2026-09-16 16:59:21 0 [Note] InnoDB: Dumping buffer pool(s) to /var/lib/mysql/ib_buffer_pool
mysql-1             | 2026-09-16 16:59:21 0 [Note] InnoDB: Buffer pool(s) dump completed at 260916 16:59:21
mysql-1             | 2026-09-16 16:59:22 0 [Note] InnoDB: Shutdown completed; log sequence number 1630824; transaction id 24
client-cluster-1    | 16-Sep-2026 17:02:24 [boincserver] Starting task exp_20260916T165346Z_random_short_16_0
client-cluster-1    | 16-Sep-2026 17:02:32 [boincserver] Computation for task exp_20260916T165346Z_random_short_16_0 finished
client-cluster-1    | 16-Sep-2026 17:02:32 [boincserver] Starting task exp_20260916T165346Z_random_medium_10_0
client-cluster-1    | 16-Sep-2026 17:02:32 [boincserver] Sending scheduler request: To fetch work.
client-low-power-1  | 16-Sep-2026 17:04:12 [boincserver] Reporting 1 completed tasks
client-low-power-1  | 16-Sep-2026 17:04:12 [boincserver] Requesting new tasks for CPU
client-low-power-1  | 16-Sep-2026 17:04:19 [boincserver] Scheduler request completed: got 0 new tasks
client-low-power-1  | 16-Sep-2026 17:04:19 [boincserver] Project has no tasks available
client-low-power-1  | 16-Sep-2026 17:04:19 [boincserver] Project requested delay of 7 seconds
client-low-power-1  | 16-Sep-2026 17:04:29 [boincserver] Sending scheduler request: To fetch work.
client-low-power-1  | 16-Sep-2026 17:04:29 [boincserver] Requesting new tasks for CPU
client-low-power-1  | 16-Sep-2026 17:04:44 [boincserver] Scheduler request completed: got 0 new tasks
mysql-1             | 2026-09-16 16:59:22 0 [Note] InnoDB: Removed temporary tablespace data file: "ibtmp1"
mysql-1             | 2026-09-16 16:59:22 0 [Note] mysqld: Shutdown complete
mysql-1             | 
mysql-1             | 
mysql-1             | MySQL init process done. Ready for start up.
mysql-1             | 
client-cluster-1    | 16-Sep-2026 17:02:32 [boincserver] Requesting new tasks for CPU
client-cluster-1    | 16-Sep-2026 17:02:34 [boincserver] Started upload of exp_20260916T165346Z_random_short_16_0_r1124026810_0
mysql-1             | 2026-09-16 16:59:22 0 [Note] mysqld (mysqld 10.3.8-MariaDB-1:10.3.8+maria~bionic) starting as process 1 ...
mysql-1             | 2026-09-16 16:59:22 0 [Note] InnoDB: Using Linux native AIO
mysql-1             | 2026-09-16 16:59:22 0 [Note] InnoDB: Mutexes and rw_locks use GCC atomic builtins
mysql-1             | 2026-09-16 16:59:22 0 [Note] InnoDB: Uses event mutexes
client-cluster-2-1  | 16-Sep-2026 17:02:32 [boincserver] Starting task exp_20260916T165346Z_random_short_17_0
client-cluster-2-1  | 16-Sep-2026 17:02:32 [boincserver] Sending scheduler request: To fetch work.
client-desktop-1    | 16-Sep-2026 17:02:42 [boincserver] Requesting new tasks for CPU
client-desktop-1    | 16-Sep-2026 17:02:44 [boincserver] Scheduler request completed: got 1 new tasks
client-desktop-1    | 16-Sep-2026 17:02:44 [boincserver] Project requested delay of 7 seconds
client-desktop-1    | 16-Sep-2026 17:02:52 [boincserver] Computation for task exp_20260916T165346Z_random_medium_2_0 finished
client-desktop-1    | 16-Sep-2026 17:02:52 [boincserver] Elapsed time limit 50.000000 < 120.000000; setting to 43200.000000
client-desktop-1    | 16-Sep-2026 17:02:52 [boincserver] Starting task exp_20260916T165346Z_random_short_5_0
client-desktop-1    | 16-Sep-2026 17:02:54 [boincserver] Started upload of exp_20260916T165346Z_random_medium_2_0_r1449241359_0
client-desktop-1    | 16-Sep-2026 17:02:56 [boincserver] Finished upload of exp_20260916T165346Z_random_medium_2_0_r1449241359_0
client-desktop-1    | 16-Sep-2026 17:02:59 [boincserver] Sending scheduler request: To report completed tasks.
client-desktop-1    | 16-Sep-2026 17:02:59 [boincserver] Reporting 1 completed tasks
client-desktop-1    | 16-Sep-2026 17:02:59 [boincserver] Requesting new tasks for CPU
client-desktop-1    | 16-Sep-2026 17:03:00 [boincserver] Computation for task exp_20260916T165346Z_random_short_5_0 finished
client-phone-2-1    | 16-Sep-2026 17:01:56 [boincserver] Starting task exp_20260916T165346Z_random_long_5_0
client-phone-2-1    | 16-Sep-2026 17:02:02 [boincserver] Sending scheduler request: To fetch work.
client-cluster-1    | 16-Sep-2026 17:02:34 [boincserver] Scheduler request completed: got 3 new tasks
client-cluster-1    | 16-Sep-2026 17:02:34 [boincserver] Project requested delay of 7 seconds
mysql-1             | 2026-09-16 16:59:22 0 [Note] InnoDB: Compressed tables use zlib 1.2.11
mysql-1             | 2026-09-16 16:59:22 0 [Note] InnoDB: Number of pools: 1
mysql-1             | 2026-09-16 16:59:22 0 [Note] InnoDB: Using generic crc32 instructions
mysql-1             | 2026-09-16 16:59:22 0 [Note] InnoDB: Initializing buffer pool, total size = 256M, instances = 1, chunk size = 128M
mysql-1             | 2026-09-16 16:59:22 0 [Note] InnoDB: Completed initialization of buffer pool
mysql-1             | 2026-09-16 16:59:22 0 [Note] InnoDB: If the mysqld execution user is authorized, page cleaner thread priority can be changed. See the man page of setpriority().
mysql-1             | 2026-09-16 16:59:22 0 [Note] InnoDB: 128 out of 128 rollback segments are active.
mysql-1             | 2026-09-16 16:59:22 0 [Note] InnoDB: Creating shared tablespace for temporary tables
mysql-1             | 2026-09-16 16:59:22 0 [Note] InnoDB: Setting file './ibtmp1' size to 12 MB. Physically writing the file full; Please wait ...
client-desktop-1    | 16-Sep-2026 17:03:00 [boincserver] Elapsed time limit 50.000000 < 120.000000; setting to 43200.000000
client-desktop-1    | 16-Sep-2026 17:03:00 [boincserver] Starting task exp_20260916T165346Z_random_short_12_0
client-desktop-1    | 16-Sep-2026 17:03:02 [boincserver] Started upload of exp_20260916T165346Z_random_short_5_0_r442239531_0
client-desktop-1    | 16-Sep-2026 17:03:04 [boincserver] Finished upload of exp_20260916T165346Z_random_short_5_0_r442239531_0
client-phone-2-1    | 16-Sep-2026 17:02:02 [boincserver] Requesting new tasks for CPU
client-phone-2-1    | 16-Sep-2026 17:02:04 [boincserver] Scheduler request completed: got 1 new tasks
client-cluster-1    | 16-Sep-2026 17:02:36 [boincserver] Finished upload of exp_20260916T165346Z_random_short_16_0_r1124026810_0
client-cluster-1    | 16-Sep-2026 17:02:44 [boincserver] Sending scheduler request: To report completed tasks.
client-cluster-1    | 16-Sep-2026 17:02:44 [boincserver] Reporting 1 completed tasks
client-cluster-1    | 16-Sep-2026 17:02:44 [boincserver] Requesting new tasks for CPU
client-desktop-1    | 16-Sep-2026 17:03:06 [boincserver] Scheduler request completed: got 1 new tasks
client-desktop-1    | 16-Sep-2026 17:03:06 [boincserver] Project requested delay of 7 seconds
client-desktop-1    | 16-Sep-2026 17:03:19 [boincserver] Computation for task exp_20260916T165346Z_random_short_12_0 finished
client-desktop-1    | 16-Sep-2026 17:03:19 [boincserver] Sending scheduler request: To report completed tasks.
client-desktop-1    | 16-Sep-2026 17:03:19 [boincserver] Reporting 1 completed tasks
client-desktop-1    | 16-Sep-2026 17:03:19 [boincserver] Requesting new tasks for CPU
client-low-power-1  | 16-Sep-2026 17:04:44 [boincserver] Project has no tasks available
client-low-power-1  | 16-Sep-2026 17:04:44 [boincserver] Project requested delay of 7 seconds
client-cluster-2-1  | 16-Sep-2026 17:02:32 [boincserver] Requesting new tasks for CPU
client-cluster-2-1  | 16-Sep-2026 17:02:33 [boincserver] Computation for task exp_20260916T165346Z_random_short_8_0 finished
client-cluster-2-1  | 16-Sep-2026 17:02:34 [boincserver] Started upload of exp_20260916T165346Z_random_short_15_0_r1810993529_0
client-desktop-1    | 16-Sep-2026 17:03:20 [boincserver] Elapsed time limit 50.000000 < 120.000000; setting to 43200.000000
client-desktop-1    | 16-Sep-2026 17:03:20 [boincserver] Starting task exp_20260916T165346Z_random_short_13_0
client-low-power-1  | 16-Sep-2026 17:04:47 [boincserver] Computation for task exp_20260916T165346Z_random_medium_12_0 finished
client-low-power-1  | 16-Sep-2026 17:04:49 [boincserver] Started upload of exp_20260916T165346Z_random_medium_12_0_r1281955374_0
client-low-power-1  | 16-Sep-2026 17:04:51 [boincserver] Finished upload of exp_20260916T165346Z_random_medium_12_0_r1281955374_0
client-low-power-1  | 16-Sep-2026 17:04:54 [boincserver] Sending scheduler request: To report completed tasks.
client-low-power-1  | 16-Sep-2026 17:04:54 [boincserver] Reporting 1 completed tasks
client-low-power-1  | 16-Sep-2026 17:04:54 [boincserver] Requesting new tasks for CPU
client-low-power-1  | 16-Sep-2026 17:04:56 [boincserver] Scheduler request completed: got 0 new tasks
client-cluster-1    | 16-Sep-2026 17:02:46 [boincserver] Scheduler request completed: got 1 new tasks
client-cluster-1    | 16-Sep-2026 17:02:46 [boincserver] Project requested delay of 7 seconds
client-cluster-1    | 16-Sep-2026 17:02:59 [boincserver] Sending scheduler request: To fetch work.
client-cluster-1    | 16-Sep-2026 17:02:59 [boincserver] Requesting new tasks for CPU
client-cluster-1    | 16-Sep-2026 17:03:01 [boincserver] Computation for task exp_20260916T165346Z_random_medium_8_0 finished
client-cluster-1    | 16-Sep-2026 17:03:01 [boincserver] Elapsed time limit 50.000000 < 120.000000; setting to 43200.000000
client-cluster-2-1  | 16-Sep-2026 17:02:34 [boincserver] Scheduler request completed: got 3 new tasks
client-cluster-2-1  | 16-Sep-2026 17:02:34 [boincserver] Project requested delay of 7 seconds
client-cluster-2-1  | 16-Sep-2026 17:02:35 [boincserver] Started upload of exp_20260916T165346Z_random_short_8_0_r274624033_0
client-cluster-2-1  | 16-Sep-2026 17:02:35 [boincserver] Computation for task exp_20260916T165346Z_random_medium_11_0 finished
client-desktop-1    | 16-Sep-2026 17:03:21 [boincserver] Started upload of exp_20260916T165346Z_random_short_12_0_r929039401_0
client-desktop-1    | 16-Sep-2026 17:03:21 [boincserver] Scheduler request completed: got 0 new tasks
client-desktop-1    | 16-Sep-2026 17:03:21 [boincserver] Project has no tasks available
client-desktop-1    | 16-Sep-2026 17:03:21 [boincserver] Project requested delay of 7 seconds
client-desktop-1    | 16-Sep-2026 17:03:23 [boincserver] Finished upload of exp_20260916T165346Z_random_short_12_0_r929039401_0
client-desktop-1    | 16-Sep-2026 17:03:28 [boincserver] Computation for task exp_20260916T165346Z_random_short_13_0 finished
client-desktop-1    | 16-Sep-2026 17:03:30 [boincserver] Started upload of exp_20260916T165346Z_random_short_13_0_r1352483029_0
client-desktop-1    | 16-Sep-2026 17:03:31 [boincserver] Sending scheduler request: To fetch work.
client-cluster-2-1  | 16-Sep-2026 17:02:36 [boincserver] Finished upload of exp_20260916T165346Z_random_short_15_0_r1810993529_0
client-cluster-2-1  | 16-Sep-2026 17:02:36 [boincserver] Finished upload of exp_20260916T165346Z_random_short_8_0_r274624033_0
client-cluster-2-1  | 16-Sep-2026 17:02:36 [boincserver] Elapsed time limit 50.000000 < 120.000000; setting to 43200.000000
client-cluster-1    | 16-Sep-2026 17:03:01 [boincserver] Starting task exp_20260916T165346Z_random_short_9_0
client-cluster-1    | 16-Sep-2026 17:03:02 [boincserver] Computation for task exp_20260916T165346Z_random_medium_3_0 finished
client-cluster-1    | 16-Sep-2026 17:03:02 [boincserver] Elapsed time limit 50.000000 < 120.000000; setting to 43200.000000
client-cluster-1    | 16-Sep-2026 17:03:02 [boincserver] Starting task exp_20260916T165346Z_random_short_14_0
mysql-1             | 2026-09-16 16:59:22 0 [Note] InnoDB: File './ibtmp1' size is now 12 MB.
mysql-1             | 2026-09-16 16:59:22 0 [Note] InnoDB: Waiting for purge to start
mysql-1             | 2026-09-16 16:59:22 0 [Note] InnoDB: 10.3.8 started; log sequence number 1630824; transaction id 21
mysql-1             | 2026-09-16 16:59:22 0 [Note] InnoDB: Loading buffer pool(s) from /var/lib/mysql/ib_buffer_pool
mysql-1             | 2026-09-16 16:59:22 0 [Note] Plugin 'FEEDBACK' is disabled.
mysql-1             | 2026-09-16 16:59:22 0 [Note] InnoDB: Buffer pool(s) load completed at 260916 16:59:22
mysql-1             | 2026-09-16 16:59:22 0 [Note] Server socket created on IP: '::'.
client-low-power-1  | 16-Sep-2026 17:04:56 [boincserver] Project has no tasks available
client-low-power-1  | 16-Sep-2026 17:04:56 [boincserver] Project requested delay of 7 seconds
client-cluster-1    | 16-Sep-2026 17:03:03 [boincserver] Started upload of exp_20260916T165346Z_random_medium_8_0_r1923606284_0
client-cluster-1    | 16-Sep-2026 17:03:04 [boincserver] Started upload of exp_20260916T165346Z_random_medium_3_0_r696379259_0
client-cluster-1    | 16-Sep-2026 17:03:05 [boincserver] Finished upload of exp_20260916T165346Z_random_medium_8_0_r1923606284_0
mysql-1             | 2026-09-16 16:59:22 0 [Warning] 'proxies_priv' entry '@% root@eb3d55f06953' ignored in --skip-name-resolve mode.
mysql-1             | 2026-09-16 16:59:22 0 [Note] Reading of all Master_info entries succeded
client-low-power-1  | 16-Sep-2026 17:05:06 [boincserver] Sending scheduler request: To fetch work.
client-low-power-1  | 16-Sep-2026 17:05:06 [boincserver] Requesting new tasks for CPU
client-low-power-1  | 16-Sep-2026 17:05:08 [boincserver] Scheduler request completed: got 0 new tasks
client-low-power-1  | 16-Sep-2026 17:05:08 [boincserver] Project has no tasks available
client-low-power-1  | 16-Sep-2026 17:05:08 [boincserver] Project requested delay of 7 seconds
client-cluster-2-1  | 16-Sep-2026 17:02:36 [boincserver] Elapsed time limit 50.000000 < 120.000000; setting to 43200.000000
client-cluster-2-1  | 16-Sep-2026 17:02:36 [boincserver] Starting task exp_20260916T165346Z_random_short_3_0
client-cluster-2-1  | 16-Sep-2026 17:02:36 [boincserver] Starting task exp_20260916T165346Z_random_short_6_0
client-cluster-2-1  | 16-Sep-2026 17:02:37 [boincserver] Started upload of exp_20260916T165346Z_random_medium_11_0_r1346887668_0
client-desktop-1    | 16-Sep-2026 17:03:31 [boincserver] Reporting 1 completed tasks
client-desktop-1    | 16-Sep-2026 17:03:31 [boincserver] Requesting new tasks for CPU
client-desktop-1    | 16-Sep-2026 17:03:32 [boincserver] Finished upload of exp_20260916T165346Z_random_short_13_0_r1352483029_0
client-desktop-1    | 16-Sep-2026 17:03:32 [boincserver] Scheduler request completed: got 0 new tasks
client-cluster-1    | 16-Sep-2026 17:03:05 [boincserver] Finished upload of exp_20260916T165346Z_random_medium_3_0_r696379259_0
client-cluster-1    | 16-Sep-2026 17:03:05 [boincserver] Computation for task exp_20260916T165346Z_random_medium_10_0 finished
client-cluster-1    | 16-Sep-2026 17:03:05 [boincserver] Starting task exp_20260916T165346Z_random_medium_1_0
client-cluster-1    | 16-Sep-2026 17:03:05 [boincserver] Scheduler request completed: got 0 new tasks
client-cluster-1    | 16-Sep-2026 17:03:05 [boincserver] No tasks sent
client-cluster-1    | 16-Sep-2026 17:03:05 [boincserver] This computer has reached a limit on tasks in progress
client-desktop-1    | 16-Sep-2026 17:03:32 [boincserver] Project has no tasks available
client-desktop-1    | 16-Sep-2026 17:03:32 [boincserver] Project requested delay of 7 seconds
client-desktop-1    | 16-Sep-2026 17:03:42 [boincserver] Sending scheduler request: To report completed tasks.
client-desktop-1    | 16-Sep-2026 17:03:42 [boincserver] Reporting 1 completed tasks
client-desktop-1    | 16-Sep-2026 17:03:42 [boincserver] Requesting new tasks for CPU
client-desktop-1    | 16-Sep-2026 17:03:57 [boincserver] Scheduler request completed: got 0 new tasks
client-phone-2-1    | 16-Sep-2026 17:02:04 [boincserver] Project requested delay of 7 seconds
client-phone-2-1    | 16-Sep-2026 17:02:14 [boincserver] Sending scheduler request: To fetch work.
client-phone-2-1    | 16-Sep-2026 17:02:14 [boincserver] Requesting new tasks for CPU
client-phone-2-1    | 16-Sep-2026 17:02:20 [boincserver] Scheduler request completed: got 0 new tasks
client-phone-2-1    | 16-Sep-2026 17:02:20 [boincserver] No tasks sent
mysql-1             | 2026-09-16 16:59:22 0 [Note] Added new Master_info '' to hash table
mysql-1             | 2026-09-16 16:59:22 0 [Note] mysqld: ready for connections.
mysql-1             | Version: '10.3.8-MariaDB-1:10.3.8+maria~bionic'  socket: '/var/run/mysqld/mysqld.sock'  port: 3306  mariadb.org binary distribution
mysql-1             | 2026-09-16 16:59:23 8 [Warning] Access denied for user 'boincadm'@'172.21.0.3' (using password: NO)
mysql-1             | 2026-09-16 16:59:56 17 [Warning] Aborted connection 17 to db: 'boincserver' user: 'root' host: '172.21.0.4' (Got an error reading communication packets)
mysql-1             | 2026-09-16 16:59:56 16 [Warning] Aborted connection 16 to db: 'boincserver' user: 'root' host: '172.21.0.4' (Got an error reading communication packets)
mysql-1             | 2026-09-16 16:59:56 15 [Warning] Aborted connection 15 to db: 'boincserver' user: 'root' host: '172.21.0.4' (Got an error reading communication packets)
mysql-1             | 2026-09-16 17:05:06 181 [Warning] Aborted connection 181 to db: 'boincserver' user: 'root' host: '172.21.0.4' (Got an error reading communication packets)
mysql-1             | 2026-09-16 17:05:06 182 [Warning] Aborted connection 182 to db: 'boincserver' user: 'root' host: '172.21.0.4' (Got an error reading communication packets)
client-desktop-1    | 16-Sep-2026 17:03:57 [boincserver] Project has no tasks available
client-desktop-1    | 16-Sep-2026 17:03:57 [boincserver] Project requested delay of 7 seconds
client-desktop-1    | 16-Sep-2026 17:04:00 [boincserver] Computation for task exp_20260916T165346Z_random_long_2_0 finished
client-desktop-1    | 16-Sep-2026 17:04:02 [boincserver] Started upload of exp_20260916T165346Z_random_long_2_0_r1663019078_0
client-desktop-1    | 16-Sep-2026 17:04:04 [boincserver] Finished upload of exp_20260916T165346Z_random_long_2_0_r1663019078_0
client-desktop-1    | 16-Sep-2026 17:04:07 [boincserver] Sending scheduler request: To report completed tasks.
client-desktop-1    | 16-Sep-2026 17:04:07 [boincserver] Reporting 1 completed tasks
client-cluster-2-1  | 16-Sep-2026 17:02:39 [boincserver] Finished upload of exp_20260916T165346Z_random_medium_11_0_r1346887668_0
client-cluster-2-1  | 16-Sep-2026 17:02:40 [boincserver] Computation for task exp_20260916T165346Z_random_short_17_0 finished
client-cluster-2-1  | 16-Sep-2026 17:02:40 [boincserver] Starting task exp_20260916T165346Z_random_medium_4_0
client-cluster-2-1  | 16-Sep-2026 17:02:42 [boincserver] Started upload of exp_20260916T165346Z_random_short_17_0_r374224104_0
client-cluster-2-1  | 16-Sep-2026 17:02:44 [boincserver] Finished upload of exp_20260916T165346Z_random_short_17_0_r374224104_0
client-cluster-2-1  | 16-Sep-2026 17:02:44 [boincserver] Computation for task exp_20260916T165346Z_random_short_3_0 finished
client-desktop-1    | 16-Sep-2026 17:04:07 [boincserver] Requesting new tasks for CPU
client-desktop-1    | 16-Sep-2026 17:04:13 [boincserver] Scheduler request completed: got 0 new tasks
client-desktop-1    | 16-Sep-2026 17:04:13 [boincserver] Project has no tasks available
client-cluster-2-1  | 16-Sep-2026 17:02:44 [boincserver] Sending scheduler request: To report completed tasks.
client-cluster-2-1  | 16-Sep-2026 17:02:44 [boincserver] Reporting 4 completed tasks
client-cluster-2-1  | 16-Sep-2026 17:02:44 [boincserver] Requesting new tasks for CPU
client-cluster-2-1  | 16-Sep-2026 17:02:45 [boincserver] Computation for task exp_20260916T165346Z_random_medium_9_0 finished
client-cluster-2-1  | 16-Sep-2026 17:02:46 [boincserver] Started upload of exp_20260916T165346Z_random_short_3_0_r774821106_0
client-cluster-2-1  | 16-Sep-2026 17:02:46 [boincserver] Computation for task exp_20260916T165346Z_random_short_6_0 finished
client-cluster-2-1  | 16-Sep-2026 17:02:46 [boincserver] Scheduler request completed: got 4 new tasks
client-cluster-2-1  | 16-Sep-2026 17:02:46 [boincserver] Project requested delay of 7 seconds
client-cluster-2-1  | 16-Sep-2026 17:02:47 [boincserver] Started upload of exp_20260916T165346Z_random_medium_9_0_r179254810_0
client-cluster-2-1  | 16-Sep-2026 17:02:48 [boincserver] Finished upload of exp_20260916T165346Z_random_short_3_0_r774821106_0
client-cluster-2-1  | 16-Sep-2026 17:02:48 [boincserver] Finished upload of exp_20260916T165346Z_random_medium_9_0_r179254810_0
client-cluster-2-1  | 16-Sep-2026 17:02:48 [boincserver] Started upload of exp_20260916T165346Z_random_short_6_0_r291884607_0
client-cluster-2-1  | 16-Sep-2026 17:02:48 [boincserver] Elapsed time limit 50.000000 < 120.000000; setting to 43200.000000
client-cluster-2-1  | 16-Sep-2026 17:02:48 [boincserver] Starting task exp_20260916T165346Z_random_medium_7_0
client-cluster-2-1  | 16-Sep-2026 17:02:48 [boincserver] Starting task exp_20260916T165346Z_random_medium_5_0
client-cluster-2-1  | 16-Sep-2026 17:02:48 [boincserver] Starting task exp_20260916T165346Z_random_short_7_0
client-cluster-2-1  | 16-Sep-2026 17:02:50 [boincserver] Finished upload of exp_20260916T165346Z_random_short_6_0_r291884607_0
client-phone-2-1    | 16-Sep-2026 17:02:20 [boincserver] This computer has reached a limit on tasks in progress
client-phone-2-1    | 16-Sep-2026 17:02:20 [boincserver] Project requested delay of 7 seconds
client-phone-2-1    | 16-Sep-2026 17:04:00 [boincserver] Computation for task exp_20260916T165346Z_random_long_5_0 finished
client-phone-2-1    | 16-Sep-2026 17:04:00 [boincserver] Starting task exp_20260916T165346Z_random_medium_6_0
client-phone-2-1    | 16-Sep-2026 17:04:02 [boincserver] Started upload of exp_20260916T165346Z_random_long_5_0_r1095633709_0
client-cluster-1    | 16-Sep-2026 17:03:05 [boincserver] Project requested delay of 7 seconds
client-cluster-1    | 16-Sep-2026 17:03:07 [boincserver] Started upload of exp_20260916T165346Z_random_medium_10_0_r1763363277_0
client-cluster-1    | 16-Sep-2026 17:03:09 [boincserver] Finished upload of exp_20260916T165346Z_random_medium_10_0_r1763363277_0
client-cluster-1    | 16-Sep-2026 17:03:09 [boincserver] Computation for task exp_20260916T165346Z_random_short_9_0 finished
client-phone-2-1    | 16-Sep-2026 17:04:04 [boincserver] Finished upload of exp_20260916T165346Z_random_long_5_0_r1095633709_0
client-phone-2-1    | 16-Sep-2026 17:04:05 [boincserver] Sending scheduler request: To report completed tasks.
client-phone-2-1    | 16-Sep-2026 17:04:05 [boincserver] Reporting 1 completed tasks
client-cluster-1    | 16-Sep-2026 17:03:09 [boincserver] Elapsed time limit 50.000000 < 120.000000; setting to 43200.000000
client-cluster-1    | 16-Sep-2026 17:03:09 [boincserver] Starting task exp_20260916T165346Z_random_short_4_0
client-cluster-1    | 16-Sep-2026 17:03:10 [boincserver] Computation for task exp_20260916T165346Z_random_short_14_0 finished
client-cluster-1    | 16-Sep-2026 17:03:11 [boincserver] Started upload of exp_20260916T165346Z_random_short_9_0_r1517639784_0
client-desktop-1    | 16-Sep-2026 17:04:13 [boincserver] Project requested delay of 7 seconds
client-desktop-1    | 16-Sep-2026 17:04:35 [boincserver] Sending scheduler request: To fetch work.
client-desktop-1    | 16-Sep-2026 17:04:35 [boincserver] Requesting new tasks for CPU
client-desktop-1    | 16-Sep-2026 17:04:41 [boincserver] Scheduler request completed: got 0 new tasks
client-desktop-1    | 16-Sep-2026 17:04:41 [boincserver] Project has no tasks available
client-desktop-1    | 16-Sep-2026 17:04:41 [boincserver] Project requested delay of 7 seconds
client-cluster-2-1  | 16-Sep-2026 17:02:56 [boincserver] Computation for task exp_20260916T165346Z_random_short_7_0 finished
client-cluster-2-1  | 16-Sep-2026 17:02:56 [boincserver] Elapsed time limit 50.000000 < 120.000000; setting to 43200.000000
client-cluster-2-1  | 16-Sep-2026 17:02:56 [boincserver] Starting task exp_20260916T165346Z_random_short_10_0
client-cluster-2-1  | 16-Sep-2026 17:02:56 [boincserver] Sending scheduler request: To report completed tasks.
client-cluster-2-1  | 16-Sep-2026 17:02:56 [boincserver] Reporting 3 completed tasks
client-cluster-2-1  | 16-Sep-2026 17:02:56 [boincserver] Requesting new tasks for CPU
client-cluster-2-1  | 16-Sep-2026 17:03:10 [boincserver] Started upload of exp_20260916T165346Z_random_short_7_0_r2108377035_0
client-cluster-2-1  | 16-Sep-2026 17:03:10 [boincserver] Scheduler request completed: got 3 new tasks
client-cluster-2-1  | 16-Sep-2026 17:03:10 [boincserver] Project requested delay of 7 seconds
client-cluster-2-1  | 16-Sep-2026 17:03:12 [boincserver] Finished upload of exp_20260916T165346Z_random_short_7_0_r2108377035_0
client-cluster-2-1  | 16-Sep-2026 17:03:12 [boincserver] Computation for task exp_20260916T165346Z_random_short_10_0 finished
client-cluster-2-1  | 16-Sep-2026 17:03:12 [boincserver] Elapsed time limit 50.000000 < 120.000000; setting to 43200.000000
client-cluster-2-1  | 16-Sep-2026 17:03:12 [boincserver] Starting task exp_20260916T165346Z_random_short_2_0
client-cluster-2-1  | 16-Sep-2026 17:03:13 [boincserver] Computation for task exp_20260916T165346Z_random_medium_4_0 finished
client-cluster-2-1  | 16-Sep-2026 17:03:13 [boincserver] Elapsed time limit 50.000000 < 120.000000; setting to 43200.000000
client-cluster-2-1  | 16-Sep-2026 17:03:13 [boincserver] Starting task exp_20260916T165346Z_random_short_11_0
client-cluster-2-1  | 16-Sep-2026 17:03:14 [boincserver] Started upload of exp_20260916T165346Z_random_short_10_0_r1512457736_0
client-cluster-2-1  | 16-Sep-2026 17:03:15 [boincserver] Started upload of exp_20260916T165346Z_random_medium_4_0_r1331416229_0
client-cluster-2-1  | 16-Sep-2026 17:03:16 [boincserver] Finished upload of exp_20260916T165346Z_random_short_10_0_r1512457736_0
client-cluster-2-1  | 16-Sep-2026 17:03:16 [boincserver] Finished upload of exp_20260916T165346Z_random_medium_4_0_r1331416229_0
client-cluster-2-1  | 16-Sep-2026 17:03:20 [boincserver] Computation for task exp_20260916T165346Z_random_short_2_0 finished
client-cluster-2-1  | 16-Sep-2026 17:03:20 [boincserver] Elapsed time limit 50.000000 < 120.000000; setting to 43200.000000
client-cluster-1    | 16-Sep-2026 17:03:12 [boincserver] Started upload of exp_20260916T165346Z_random_short_14_0_r2080113592_0
client-cluster-1    | 16-Sep-2026 17:03:13 [boincserver] Finished upload of exp_20260916T165346Z_random_short_9_0_r1517639784_0
client-cluster-2-1  | 16-Sep-2026 17:03:20 [boincserver] Starting task exp_20260916T165346Z_random_short_1_0
client-cluster-2-1  | 16-Sep-2026 17:03:20 [boincserver] Sending scheduler request: To report completed tasks.
client-cluster-2-1  | 16-Sep-2026 17:03:20 [boincserver] Reporting 3 completed tasks
client-cluster-2-1  | 16-Sep-2026 17:03:20 [boincserver] Requesting new tasks for CPU
client-cluster-1    | 16-Sep-2026 17:03:13 [boincserver] Finished upload of exp_20260916T165346Z_random_short_14_0_r2080113592_0
client-cluster-1    | 16-Sep-2026 17:03:15 [boincserver] Sending scheduler request: To report completed tasks.
client-cluster-1    | 16-Sep-2026 17:03:15 [boincserver] Reporting 5 completed tasks
client-cluster-1    | 16-Sep-2026 17:03:15 [boincserver] Requesting new tasks for CPU
client-cluster-1    | 16-Sep-2026 17:03:17 [boincserver] Computation for task exp_20260916T165346Z_random_short_4_0 finished
client-cluster-1    | 16-Sep-2026 17:03:17 [boincserver] Scheduler request completed: got 0 new tasks
client-cluster-1    | 16-Sep-2026 17:03:17 [boincserver] Project has no tasks available
client-cluster-2-1  | 16-Sep-2026 17:03:21 [boincserver] Computation for task exp_20260916T165346Z_random_medium_7_0 finished
client-cluster-2-1  | 16-Sep-2026 17:03:22 [boincserver] Started upload of exp_20260916T165346Z_random_short_2_0_r891133860_0
client-cluster-2-1  | 16-Sep-2026 17:03:22 [boincserver] Computation for task exp_20260916T165346Z_random_medium_5_0 finished
client-phone-2-1    | 16-Sep-2026 17:04:05 [boincserver] Requesting new tasks for CPU
client-phone-2-1    | 16-Sep-2026 17:04:07 [boincserver] Scheduler request completed: got 0 new tasks
client-phone-2-1    | 16-Sep-2026 17:04:07 [boincserver] Project has no tasks available
client-cluster-1    | 16-Sep-2026 17:03:17 [boincserver] Project requested delay of 7 seconds
client-cluster-1    | 16-Sep-2026 17:03:19 [boincserver] Started upload of exp_20260916T165346Z_random_short_4_0_r649245050_0
client-phone-2-1    | 16-Sep-2026 17:04:07 [boincserver] Project requested delay of 7 seconds
client-phone-2-1    | 16-Sep-2026 17:04:27 [boincserver] Sending scheduler request: To fetch work.
client-phone-2-1    | 16-Sep-2026 17:04:27 [boincserver] Requesting new tasks for CPU
client-phone-2-1    | 16-Sep-2026 17:04:29 [boincserver] Scheduler request completed: got 0 new tasks
client-phone-2-1    | 16-Sep-2026 17:04:29 [boincserver] Project has no tasks available
client-phone-2-1    | 16-Sep-2026 17:04:29 [boincserver] Project requested delay of 7 seconds
client-phone-2-1    | 16-Sep-2026 17:04:34 [boincserver] Computation for task exp_20260916T165346Z_random_medium_6_0 finished
client-phone-2-1    | 16-Sep-2026 17:04:36 [boincserver] Started upload of exp_20260916T165346Z_random_medium_6_0_r185342646_0
client-phone-2-1    | 16-Sep-2026 17:04:38 [boincserver] Finished upload of exp_20260916T165346Z_random_medium_6_0_r185342646_0
client-cluster-1    | 16-Sep-2026 17:03:21 [boincserver] Finished upload of exp_20260916T165346Z_random_short_4_0_r649245050_0
client-cluster-1    | 16-Sep-2026 17:03:37 [boincserver] Sending scheduler request: To report completed tasks.
client-phone-2-1    | 16-Sep-2026 17:04:39 [boincserver] Sending scheduler request: To report completed tasks.
client-phone-2-1    | 16-Sep-2026 17:04:39 [boincserver] Reporting 1 completed tasks
client-cluster-1    | 16-Sep-2026 17:03:37 [boincserver] Reporting 1 completed tasks
client-cluster-1    | 16-Sep-2026 17:03:37 [boincserver] Requesting new tasks for CPU
client-cluster-1    | 16-Sep-2026 17:03:39 [boincserver] Scheduler request completed: got 0 new tasks
client-cluster-1    | 16-Sep-2026 17:03:39 [boincserver] Project has no tasks available
client-cluster-1    | 16-Sep-2026 17:03:39 [boincserver] Project requested delay of 7 seconds
client-cluster-1    | 16-Sep-2026 17:03:40 [boincserver] Computation for task exp_20260916T165346Z_random_medium_1_0 finished
client-cluster-1    | 16-Sep-2026 17:03:42 [boincserver] Started upload of exp_20260916T165346Z_random_medium_1_0_r1325262796_0
client-cluster-1    | 16-Sep-2026 17:03:44 [boincserver] Finished upload of exp_20260916T165346Z_random_medium_1_0_r1325262796_0
client-cluster-1    | 16-Sep-2026 17:03:49 [boincserver] Sending scheduler request: To report completed tasks.
client-cluster-1    | 16-Sep-2026 17:03:49 [boincserver] Reporting 1 completed tasks
client-phone-2-1    | 16-Sep-2026 17:04:39 [boincserver] Requesting new tasks for CPU
client-phone-2-1    | 16-Sep-2026 17:04:41 [boincserver] Scheduler request completed: got 0 new tasks
client-cluster-1    | 16-Sep-2026 17:03:49 [boincserver] Requesting new tasks for CPU
client-cluster-1    | 16-Sep-2026 17:03:56 [boincserver] Scheduler request completed: got 0 new tasks
client-cluster-1    | 16-Sep-2026 17:03:56 [boincserver] Project has no tasks available
client-cluster-1    | 16-Sep-2026 17:03:56 [boincserver] Project requested delay of 7 seconds
client-cluster-1    | 16-Sep-2026 17:04:01 [boincserver] Computation for task exp_20260916T165346Z_random_long_3_0 finished
client-phone-2-1    | 16-Sep-2026 17:04:41 [boincserver] Project has no tasks available
client-phone-2-1    | 16-Sep-2026 17:04:41 [boincserver] Project requested delay of 7 seconds
client-cluster-1    | 16-Sep-2026 17:04:14 [boincserver] Sending scheduler request: To fetch work.
client-cluster-1    | 16-Sep-2026 17:04:14 [boincserver] Requesting new tasks for CPU
client-cluster-1    | 16-Sep-2026 17:04:15 [boincserver] Started upload of exp_20260916T165346Z_random_long_3_0_r1058821814_0
client-cluster-1    | 16-Sep-2026 17:04:16 [boincserver] Finished upload of exp_20260916T165346Z_random_long_3_0_r1058821814_0
client-phone-2-1    | 16-Sep-2026 17:04:51 [boincserver] Sending scheduler request: To fetch work.
client-phone-2-1    | 16-Sep-2026 17:04:51 [boincserver] Requesting new tasks for CPU
client-phone-2-1    | 16-Sep-2026 17:05:09 [boincserver] Scheduler request completed: got 0 new tasks
client-phone-2-1    | 16-Sep-2026 17:05:09 [boincserver] Project has no tasks available
client-phone-2-1    | 16-Sep-2026 17:05:09 [boincserver] Project requested delay of 7 seconds
client-cluster-2-1  | 16-Sep-2026 17:03:22 [boincserver] Scheduler request completed: got 0 new tasks
client-cluster-2-1  | 16-Sep-2026 17:03:22 [boincserver] Project has no tasks available
client-cluster-2-1  | 16-Sep-2026 17:03:22 [boincserver] Project requested delay of 7 seconds
client-cluster-2-1  | 16-Sep-2026 17:03:23 [boincserver] Started upload of exp_20260916T165346Z_random_medium_7_0_r1465865995_0
client-cluster-1    | 16-Sep-2026 17:04:16 [boincserver] Scheduler request completed: got 0 new tasks
client-cluster-1    | 16-Sep-2026 17:04:16 [boincserver] Project has no tasks available
client-cluster-2-1  | 16-Sep-2026 17:03:23 [boincserver] Computation for task exp_20260916T165346Z_random_short_11_0 finished
client-cluster-2-1  | 16-Sep-2026 17:03:24 [boincserver] Finished upload of exp_20260916T165346Z_random_short_2_0_r891133860_0
client-cluster-2-1  | 16-Sep-2026 17:03:24 [boincserver] Finished upload of exp_20260916T165346Z_random_medium_7_0_r1465865995_0
client-cluster-2-1  | 16-Sep-2026 17:03:24 [boincserver] Started upload of exp_20260916T165346Z_random_medium_5_0_r1557569142_0
client-cluster-2-1  | 16-Sep-2026 17:03:25 [boincserver] Started upload of exp_20260916T165346Z_random_short_11_0_r493436569_0
client-cluster-2-1  | 16-Sep-2026 17:03:26 [boincserver] Finished upload of exp_20260916T165346Z_random_medium_5_0_r1557569142_0
client-cluster-1    | 16-Sep-2026 17:04:16 [boincserver] Project requested delay of 7 seconds
client-cluster-1    | 16-Sep-2026 17:04:26 [boincserver] Sending scheduler request: To report completed tasks.
client-cluster-1    | 16-Sep-2026 17:04:26 [boincserver] Reporting 1 completed tasks
client-cluster-1    | 16-Sep-2026 17:04:26 [boincserver] Requesting new tasks for CPU
client-cluster-1    | 16-Sep-2026 17:04:32 [boincserver] Scheduler request completed: got 0 new tasks
client-cluster-1    | 16-Sep-2026 17:04:32 [boincserver] Project has no tasks available
client-cluster-1    | 16-Sep-2026 17:04:32 [boincserver] Project requested delay of 7 seconds
client-cluster-2-1  | 16-Sep-2026 17:03:26 [boincserver] Finished upload of exp_20260916T165346Z_random_short_11_0_r493436569_0
client-cluster-2-1  | 16-Sep-2026 17:03:28 [boincserver] Computation for task exp_20260916T165346Z_random_short_1_0 finished
client-cluster-2-1  | 16-Sep-2026 17:03:30 [boincserver] Started upload of exp_20260916T165346Z_random_short_1_0_r508437448_0
client-cluster-2-1  | 16-Sep-2026 17:03:32 [boincserver] Finished upload of exp_20260916T165346Z_random_short_1_0_r508437448_0
client-cluster-2-1  | 16-Sep-2026 17:03:32 [boincserver] Sending scheduler request: To report completed tasks.
client-cluster-2-1  | 16-Sep-2026 17:03:32 [boincserver] Reporting 5 completed tasks
client-cluster-2-1  | 16-Sep-2026 17:03:32 [boincserver] Requesting new tasks for CPU
client-cluster-2-1  | 16-Sep-2026 17:03:47 [boincserver] Scheduler request completed: got 0 new tasks
client-cluster-2-1  | 16-Sep-2026 17:03:47 [boincserver] Project has no tasks available
client-cluster-2-1  | 16-Sep-2026 17:03:47 [boincserver] Project requested delay of 7 seconds
client-cluster-2-1  | 16-Sep-2026 17:03:57 [boincserver] Sending scheduler request: To fetch work.
client-cluster-2-1  | 16-Sep-2026 17:03:57 [boincserver] Requesting new tasks for CPU
client-cluster-2-1  | 16-Sep-2026 17:03:59 [boincserver] Scheduler request completed: got 0 new tasks
client-cluster-2-1  | 16-Sep-2026 17:03:59 [boincserver] Project has no tasks available
client-cluster-2-1  | 16-Sep-2026 17:03:59 [boincserver] Project requested delay of 7 seconds
