client-cluster-1    | 17-Sep-2026 09:24:10 [---] Starting BOINC client version 7.20.5 for aarch64-unknown-linux-gnu
client-cluster-1    | 17-Sep-2026 09:24:10 [---] This a development version of BOINC and may not function properly
client-cluster-1    | 17-Sep-2026 09:24:10 [---] log flags: file_xfer, sched_ops, task
client-cluster-1    | 17-Sep-2026 09:24:10 [---] Libraries: libcurl/7.88.1 OpenSSL/3.0.20 zlib/1.2.13 brotli/1.0.9 zstd/1.5.4 libidn2/2.3.3 libpsl/0.21.2 (+libidn2/2.3.3) libssh2/1.10.0 nghttp2/1.52.0 librtmp/2.3 OpenLDAP/2.5.13
client-cluster-1    | 17-Sep-2026 09:24:10 [---] Data directory: /var/lib/boinc-client
client-cluster-1    | 17-Sep-2026 09:24:10 [---] No usable GPUs found
client-cluster-1    | 17-Sep-2026 09:24:10 [---] Creating new client state file
client-cluster-1    | 17-Sep-2026 09:24:10 [---] libc:  version 2.36
client-cluster-1    | 17-Sep-2026 09:24:10 [---] Host name: cluster-01
client-cluster-1    | 17-Sep-2026 09:24:10 [---] Processor: 4 ARM  [Impl 0x61 Arch 8 Variant 0x0 Part 0x000 Rev 0]
client-cluster-1    | 17-Sep-2026 09:24:10 [---] Processor features: fp asimd evtstrm aes pmull sha1 sha2 crc32 atomics fphp asimdhp cpuid asimdrdm jscvt fcma lrcpc dcpop sha3 asimddp sha512 asimdfhm dit uscat ilrcpc flagm sb paca pacg dcpodp flagm2 frint i8mm bf16 bti afp
client-cluster-1    | 17-Sep-2026 09:24:10 [---] OS: Linux Debian GNU/Linux: Debian GNU/Linux 12 (bookworm) [6.8.0-100-generic|libc 2.36]
client-cluster-1    | 17-Sep-2026 09:24:10 [---] Memory: 9.69 GB physical, 0 bytes virtual
client-cluster-1    | 17-Sep-2026 09:24:10 [---] Disk: 18.33 GB total, 15.34 GB free
mysql-1             | Initializing database
mysql-1             | 
mysql-1             | 
mysql-1             | PLEASE REMEMBER TO SET A PASSWORD FOR THE MariaDB root USER !
client-cluster-1    | 17-Sep-2026 09:24:10 [---] Local time is UTC +0 hours
client-cluster-1    | 17-Sep-2026 09:24:10 [---] Config: GUI RPC allowed from any host
client-cluster-1    | 17-Sep-2026 09:24:10 [---] Config: simulate 4 CPUs
client-cluster-1    | 17-Sep-2026 09:24:10 [---] Config: report completed tasks immediately
client-cluster-1    | 17-Sep-2026 09:24:10 [---] No general preferences found - using defaults
client-cluster-1    | 17-Sep-2026 09:24:10 [---] Reading preferences override file
client-cluster-1    | 17-Sep-2026 09:24:10 [---] Preferences:
client-cluster-1    | 17-Sep-2026 09:24:10 [---]    max memory usage when active: 8929.14 MB
client-cluster-1    | 17-Sep-2026 09:24:10 [---]    max memory usage when idle: 8929.14 MB
client-cluster-2-1  | 17-Sep-2026 09:24:10 [---] Starting BOINC client version 7.20.5 for aarch64-unknown-linux-gnu
client-cluster-2-1  | 17-Sep-2026 09:24:10 [---] This a development version of BOINC and may not function properly
client-cluster-2-1  | 17-Sep-2026 09:24:10 [---] log flags: file_xfer, sched_ops, task
mysql-1             | To do so, start the server, then issue the following commands:
mysql-1             | 
mysql-1             | '/usr/bin/mysqladmin' -u root password 'new-password'
mysql-1             | '/usr/bin/mysqladmin' -u root -h  password 'new-password'
mysql-1             | 
client-phone-2-1    | 17-Sep-2026 09:24:15 [---] Starting BOINC client version 7.20.5 for aarch64-unknown-linux-gnu
client-phone-2-1    | 17-Sep-2026 09:24:15 [---] This a development version of BOINC and may not function properly
client-phone-2-1    | 17-Sep-2026 09:24:15 [---] log flags: file_xfer, sched_ops, task
client-phone-2-1    | 17-Sep-2026 09:24:15 [---] Libraries: libcurl/7.88.1 OpenSSL/3.0.20 zlib/1.2.13 brotli/1.0.9 zstd/1.5.4 libidn2/2.3.3 libpsl/0.21.2 (+libidn2/2.3.3) libssh2/1.10.0 nghttp2/1.52.0 librtmp/2.3 OpenLDAP/2.5.13
client-cluster-1    | 17-Sep-2026 09:24:10 [---]    max disk usage: 2.00 GB
client-cluster-1    | 17-Sep-2026 09:24:10 [---]    don't use GPU while active
client-cluster-1    | 17-Sep-2026 09:24:10 [---]    suspend work if non-BOINC CPU load exceeds 25%
apache-1            | /usr/lib/python2.7/dist-packages/supervisor/options.py:461: UserWarning: Supervisord is running as root and it is searching for its configuration file in default locations (including its current working directory); you probably want to specify a "-c" argument specifying an absolute path to a configuration file for improved security.
apache-1            |   'Supervisord is running as root and it is searching '
apache-1            | 2026-09-17 09:22:27,814 CRIT Supervisor is running as root.  Privileges were not dropped because no user is specified in the config file.  If you intend to run as root, you can set user=root in the config file to avoid this message.
apache-1            | 2026-09-17 09:22:27,814 INFO Included extra file "/etc/supervisor/conf.d/supervisord.conf" during parsing
apache-1            | 2026-09-17 09:22:27,820 INFO RPC interface 'supervisor' initialized
apache-1            | 2026-09-17 09:22:27,820 CRIT Server 'unix_http_server' running without any HTTP authentication checking
apache-1            | 2026-09-17 09:22:27,820 INFO supervisord started with pid 1
apache-1            | 2026-09-17 09:22:28,824 INFO spawned: 'cron' with pid 8
apache-1            | 2026-09-17 09:22:28,826 INFO spawned: 'start' with pid 9
apache-1            | 2026-09-17 09:22:28,827 INFO spawned: 'rsyslogd' with pid 10
apache-1            | 2026-09-17 09:22:28,828 INFO spawned: 'apache2' with pid 11
apache-1            | 2026-09-17 09:22:30,790 INFO success: cron entered RUNNING state, process has stayed up for > than 1 seconds (startsecs)
apache-1            | 2026-09-17 09:22:30,790 INFO success: start entered RUNNING state, process has stayed up for > than 1 seconds (startsecs)
apache-1            | 2026-09-17 09:22:30,790 INFO success: rsyslogd entered RUNNING state, process has stayed up for > than 1 seconds (startsecs)
apache-1            | 2026-09-17 09:22:30,790 INFO success: apache2 entered RUNNING state, process has stayed up for > than 1 seconds (startsecs)
apache-1            | 2026-09-17 09:22:54,338 INFO reaped unknown pid 73
apache-1            | 2026-09-17 09:22:54,338 INFO reaped unknown pid 75
apache-1            | 2026-09-17 09:22:54,339 INFO reaped unknown pid 77
apache-1            | 2026-09-17 09:22:55,362 INFO reaped unknown pid 180
client-phone-2-1    | 17-Sep-2026 09:24:15 [---] Data directory: /var/lib/boinc-client
client-phone-2-1    | 17-Sep-2026 09:24:15 [---] No usable GPUs found
client-phone-2-1    | 17-Sep-2026 09:24:15 [---] Creating new client state file
client-phone-2-1    | 17-Sep-2026 09:24:15 [---] libc:  version 2.36
client-phone-2-1    | 17-Sep-2026 09:24:15 [---] Host name: phone-02
client-cluster-1    | 17-Sep-2026 09:24:10 [---]    (to change preferences, visit a project web site or select Preferences in the Manager)
client-cluster-1    | 17-Sep-2026 09:24:10 [---] Setting up project and slot directories
client-cluster-1    | 17-Sep-2026 09:24:10 [---] Checking active tasks
client-cluster-1    | 17-Sep-2026 09:24:10 [---] Setting up GUI RPC socket
client-cluster-1    | 17-Sep-2026 09:24:10 [---] Checking presence of 0 project files
mysql-1             | Alternatively you can run:
mysql-1             | '/usr/bin/mysql_secure_installation'
mysql-1             | 
mysql-1             | which will also give you the option of removing the test
mysql-1             | databases and anonymous user created by default.  This is
apache-1            | 2026-09-17 09:22:55,465 INFO reaped unknown pid 182
apache-1            | 2026-09-17 09:22:55,573 INFO reaped unknown pid 184
apache-1            | 2026-09-17 09:23:00,886 INFO reaped unknown pid 179
apache-1            | 2026-09-17 09:23:00,886 INFO reaped unknown pid 181
apache-1            | 2026-09-17 09:23:00,887 INFO reaped unknown pid 183
makeproject-1       | Updating project files in data volume...
makeproject-1       | Waiting for MySQL server to start...
makeproject-1       | Creating database...
makeproject-1       | added platform: (create_time, name, user_friendly_name) values (1789636963, 'windows_intelx86', 'Microsoft Windows (98 or later) running on an Intel x86-compatible CPU')
makeproject-1       | added platform: (create_time, name, user_friendly_name) values (1789636963, 'windows_x86_64', 'Microsoft Windows running on an AMD x86_64 or Intel EM64T CPU')
makeproject-1       | added platform: (create_time, name, user_friendly_name) values (1789636963, 'windows_arm64', 'Microsoft Windows running on ARM 64-bit')
makeproject-1       | added platform: (create_time, name, user_friendly_name) values (1789636963, 'i686-pc-linux-gnu', 'Linux running on an Intel x86-compatible CPU')
makeproject-1       | added platform: (create_time, name, user_friendly_name) values (1789636963, 'x86_64-pc-linux-gnu', 'Linux running on an AMD x86_64 or Intel EM64T CPU')
makeproject-1       | added platform: (create_time, name, user_friendly_name) values (1789636963, 'powerpc-apple-darwin', 'Mac OS X 10.3 or later running on Motorola PowerPC')
makeproject-1       | added platform: (create_time, name, user_friendly_name) values (1789636963, 'i686-apple-darwin', 'Mac OS 10.4 or later running on Intel')
client-phone-2-1    | 17-Sep-2026 09:24:15 [---] Processor: 1 ARM  [Impl 0x61 Arch 8 Variant 0x0 Part 0x000 Rev 0]
client-phone-2-1    | 17-Sep-2026 09:24:15 [---] Processor features: fp asimd evtstrm aes pmull sha1 sha2 crc32 atomics fphp asimdhp cpuid asimdrdm jscvt fcma lrcpc dcpop sha3 asimddp sha512 asimdfhm dit uscat ilrcpc flagm sb paca pacg dcpodp flagm2 frint i8mm bf16 bti afp
client-phone-2-1    | 17-Sep-2026 09:24:15 [---] OS: Linux Debian GNU/Linux: Debian GNU/Linux 12 (bookworm) [6.8.0-100-generic|libc 2.36]
client-phone-2-1    | 17-Sep-2026 09:24:15 [---] Memory: 9.69 GB physical, 0 bytes virtual
client-phone-2-1    | 17-Sep-2026 09:24:15 [---] Disk: 18.33 GB total, 15.34 GB free
client-phone-2-1    | 17-Sep-2026 09:24:15 [---] Local time is UTC +0 hours
client-phone-2-1    | 17-Sep-2026 09:24:15 [---] Config: GUI RPC allowed from any host
apache-1            | 2026-09-17 09:23:00,887 INFO reaped unknown pid 185
apache-1            | 2026-09-17 09:23:00,887 INFO reaped unknown pid 187
apache-1            | 2026-09-17 09:25:01,862 INFO reaped unknown pid 381
client-low-power-1  | 17-Sep-2026 09:24:10 [---] Starting BOINC client version 7.20.5 for aarch64-unknown-linux-gnu
client-low-power-1  | 17-Sep-2026 09:24:10 [---] This a development version of BOINC and may not function properly
client-low-power-1  | 17-Sep-2026 09:24:10 [---] log flags: file_xfer, sched_ops, task
client-cluster-2-1  | 17-Sep-2026 09:24:10 [---] Libraries: libcurl/7.88.1 OpenSSL/3.0.20 zlib/1.2.13 brotli/1.0.9 zstd/1.5.4 libidn2/2.3.3 libpsl/0.21.2 (+libidn2/2.3.3) libssh2/1.10.0 nghttp2/1.52.0 librtmp/2.3 OpenLDAP/2.5.13
client-cluster-2-1  | 17-Sep-2026 09:24:10 [---] Data directory: /var/lib/boinc-client
client-cluster-2-1  | 17-Sep-2026 09:24:10 [---] No usable GPUs found
client-cluster-2-1  | 17-Sep-2026 09:24:10 [---] Creating new client state file
client-cluster-2-1  | 17-Sep-2026 09:24:10 [---] libc:  version 2.36
client-cluster-2-1  | 17-Sep-2026 09:24:10 [---] Host name: cluster-02
apache-1            | 2026-09-17 09:25:01,964 INFO reaped unknown pid 383
apache-1            | 2026-09-17 09:25:02,068 INFO reaped unknown pid 385
apache-1            | 2026-09-17 09:25:02,166 INFO reaped unknown pid 387
apache-1            | 2026-09-17 09:25:02,268 INFO reaped unknown pid 389
apache-1            | 2026-09-17 09:25:03,292 INFO reaped unknown pid 380
apache-1            | 2026-09-17 09:25:03,292 INFO reaped unknown pid 382
apache-1            | 2026-09-17 09:25:03,292 INFO reaped unknown pid 384
apache-1            | 2026-09-17 09:25:03,292 INFO reaped unknown pid 386
client-low-power-1  | 17-Sep-2026 09:24:10 [---] Libraries: libcurl/7.88.1 OpenSSL/3.0.20 zlib/1.2.13 brotli/1.0.9 zstd/1.5.4 libidn2/2.3.3 libpsl/0.21.2 (+libidn2/2.3.3) libssh2/1.10.0 nghttp2/1.52.0 librtmp/2.3 OpenLDAP/2.5.13
client-low-power-1  | 17-Sep-2026 09:24:10 [---] Data directory: /var/lib/boinc-client
client-low-power-1  | 17-Sep-2026 09:24:10 [---] No usable GPUs found
client-low-power-1  | 17-Sep-2026 09:24:10 [---] Creating new client state file
client-low-power-1  | 17-Sep-2026 09:24:10 [---] libc:  version 2.36
client-low-power-1  | 17-Sep-2026 09:24:10 [---] Host name: low-power-01
client-phone-1      | 17-Sep-2026 09:24:10 [---] Starting BOINC client version 7.20.5 for aarch64-unknown-linux-gnu
client-phone-1      | 17-Sep-2026 09:24:10 [---] This a development version of BOINC and may not function properly
client-phone-1      | 17-Sep-2026 09:24:10 [---] log flags: file_xfer, sched_ops, task
client-phone-2-1    | 17-Sep-2026 09:24:15 [---] Config: simulate 1 CPUs
client-phone-2-1    | 17-Sep-2026 09:24:15 [---] Config: report completed tasks immediately
client-phone-2-1    | 17-Sep-2026 09:24:15 [---] No general preferences found - using defaults
client-phone-2-1    | 17-Sep-2026 09:24:15 [---] Reading preferences override file
client-phone-2-1    | 17-Sep-2026 09:24:15 [---] Preferences:
client-phone-1      | 17-Sep-2026 09:24:10 [---] Libraries: libcurl/7.88.1 OpenSSL/3.0.20 zlib/1.2.13 brotli/1.0.9 zstd/1.5.4 libidn2/2.3.3 libpsl/0.21.2 (+libidn2/2.3.3) libssh2/1.10.0 nghttp2/1.52.0 librtmp/2.3 OpenLDAP/2.5.13
client-phone-1      | 17-Sep-2026 09:24:10 [---] Data directory: /var/lib/boinc-client
client-phone-1      | 17-Sep-2026 09:24:10 [---] No usable GPUs found
client-phone-1      | 17-Sep-2026 09:24:10 [---] Creating new client state file
client-phone-1      | 17-Sep-2026 09:24:10 [---] libc:  version 2.36
client-phone-1      | 17-Sep-2026 09:24:10 [---] Host name: phone-01
client-phone-1      | 17-Sep-2026 09:24:10 [---] Processor: 1 ARM  [Impl 0x61 Arch 8 Variant 0x0 Part 0x000 Rev 0]
client-phone-1      | 17-Sep-2026 09:24:10 [---] Processor features: fp asimd evtstrm aes pmull sha1 sha2 crc32 atomics fphp asimdhp cpuid asimdrdm jscvt fcma lrcpc dcpop sha3 asimddp sha512 asimdfhm dit uscat ilrcpc flagm sb paca pacg dcpodp flagm2 frint i8mm bf16 bti afp
client-desktop-1    | 17-Sep-2026 09:24:15 [---] Starting BOINC client version 7.20.5 for aarch64-unknown-linux-gnu
client-desktop-1    | 17-Sep-2026 09:24:15 [---] This a development version of BOINC and may not function properly
client-desktop-1    | 17-Sep-2026 09:24:15 [---] log flags: file_xfer, sched_ops, task
client-desktop-1    | 17-Sep-2026 09:24:15 [---] Libraries: libcurl/7.88.1 OpenSSL/3.0.20 zlib/1.2.13 brotli/1.0.9 zstd/1.5.4 libidn2/2.3.3 libpsl/0.21.2 (+libidn2/2.3.3) libssh2/1.10.0 nghttp2/1.52.0 librtmp/2.3 OpenLDAP/2.5.13
client-desktop-1    | 17-Sep-2026 09:24:15 [---] Data directory: /var/lib/boinc-client
client-desktop-1    | 17-Sep-2026 09:24:15 [---] No usable GPUs found
client-cluster-2-1  | 17-Sep-2026 09:24:10 [---] Processor: 4 ARM  [Impl 0x61 Arch 8 Variant 0x0 Part 0x000 Rev 0]
client-cluster-2-1  | 17-Sep-2026 09:24:10 [---] Processor features: fp asimd evtstrm aes pmull sha1 sha2 crc32 atomics fphp asimdhp cpuid asimdrdm jscvt fcma lrcpc dcpop sha3 asimddp sha512 asimdfhm dit uscat ilrcpc flagm sb paca pacg dcpodp flagm2 frint i8mm bf16 bti afp
makeproject-1       | added platform: (create_time, name, user_friendly_name) values (1789636963, 'x86_64-apple-darwin', 'Intel 64-bit Mac OS 10.5 or later')
makeproject-1       | added platform: (create_time, name, user_friendly_name) values (1789636963, 'arm64-apple-darwin', 'Mac OS running on ARM')
makeproject-1       | added platform: (create_time, name, user_friendly_name) values (1789636963, 'sparc-sun-solaris2.7', 'Solaris 2.7 running on a SPARC-compatible CPU')
makeproject-1       | added platform: (create_time, name, user_friendly_name) values (1789636963, 'sparc-sun-solaris', 'Solaris 2.8 or later running on a SPARC-compatible CPU')
makeproject-1       | added platform: (create_time, name, user_friendly_name) values (1789636963, 'sparc64-sun-solaris', 'Solaris 2.8 or later running on a SPARC 64-bit CPU')
makeproject-1       | added platform: (create_time, name, user_friendly_name) values (1789636963, 'powerpc64-ps3-linux-gnu', 'Sony Playstation 3 running Linux')
client-phone-2-1    | 17-Sep-2026 09:24:15 [---]    max memory usage when active: 8929.14 MB
client-phone-2-1    | 17-Sep-2026 09:24:15 [---]    max memory usage when idle: 8929.14 MB
client-phone-2-1    | 17-Sep-2026 09:24:15 [---]    max disk usage: 2.00 GB
client-phone-2-1    | 17-Sep-2026 09:24:15 [---]    don't use GPU while active
client-phone-2-1    | 17-Sep-2026 09:24:15 [---]    suspend work if non-BOINC CPU load exceeds 25%
client-phone-2-1    | 17-Sep-2026 09:24:15 [---]    (to change preferences, visit a project web site or select Preferences in the Manager)
client-phone-2-1    | 17-Sep-2026 09:24:15 [---] Setting up project and slot directories
client-phone-2-1    | 17-Sep-2026 09:24:15 [---] Checking active tasks
client-phone-2-1    | 17-Sep-2026 09:24:15 [---] Setting up GUI RPC socket
client-phone-2-1    | dir_open: Could not open directory 'slots' from '/var/lib/boinc-client'.
client-phone-2-1    | 17-Sep-2026 09:24:15 [---] Checking presence of 0 project files
client-phone-2-1    | 17-Sep-2026 09:24:15 [---] This computer is not attached to any projects
client-phone-2-1    | 17-Sep-2026 09:24:15 Initialization completed
client-phone-2-1    | dir_open: Could not open directory 'projects/boincserver.local_boincserver' from '/var/lib/boinc-client'.
client-phone-2-1    | 17-Sep-2026 09:24:16 [---] No general preferences found - using defaults
client-phone-2-1    | 17-Sep-2026 09:24:16 [---] Reading preferences override file
client-desktop-1    | 17-Sep-2026 09:24:15 [---] Creating new client state file
client-desktop-1    | 17-Sep-2026 09:24:15 [---] libc:  version 2.36
client-desktop-1    | 17-Sep-2026 09:24:15 [---] Host name: desktop-01
client-desktop-1    | 17-Sep-2026 09:24:15 [---] Processor: 2 ARM  [Impl 0x61 Arch 8 Variant 0x0 Part 0x000 Rev 0]
apache-1            | 2026-09-17 09:25:03,292 INFO reaped unknown pid 388
apache-1            | 2026-09-17 09:25:03,292 INFO reaped unknown pid 390
apache-1            | 2026-09-17 09:25:03,292 INFO reaped unknown pid 393
apache-1            | 2026-09-17 09:25:03,292 INFO reaped unknown pid 400
apache-1            | 2026-09-17 09:25:03,292 INFO reaped unknown pid 402
apache-1            | 2026-09-17 09:25:03,292 INFO reaped unknown pid 404
apache-1            | 2026-09-17 09:25:07,498 INFO reaped unknown pid 391
client-phone-2-1    | 17-Sep-2026 09:24:16 [---] Preferences:
client-phone-2-1    | 17-Sep-2026 09:24:16 [---]    max memory usage when active: 8929.14 MB
client-phone-2-1    | 17-Sep-2026 09:24:16 [---]    max memory usage when idle: 8929.14 MB
client-phone-2-1    | 17-Sep-2026 09:24:16 [---]    max disk usage: 2.00 GB
client-phone-2-1    | 17-Sep-2026 09:24:16 [---]    don't use GPU while active
client-phone-1      | 17-Sep-2026 09:24:10 [---] OS: Linux Debian GNU/Linux: Debian GNU/Linux 12 (bookworm) [6.8.0-100-generic|libc 2.36]
client-phone-1      | 17-Sep-2026 09:24:10 [---] Memory: 9.69 GB physical, 0 bytes virtual
client-phone-1      | 17-Sep-2026 09:24:10 [---] Disk: 18.33 GB total, 15.34 GB free
client-phone-1      | 17-Sep-2026 09:24:10 [---] Local time is UTC +0 hours
client-phone-1      | 17-Sep-2026 09:24:10 [---] Config: GUI RPC allowed from any host
client-phone-1      | 17-Sep-2026 09:24:10 [---] Config: simulate 1 CPUs
client-cluster-2-1  | 17-Sep-2026 09:24:10 [---] OS: Linux Debian GNU/Linux: Debian GNU/Linux 12 (bookworm) [6.8.0-100-generic|libc 2.36]
client-cluster-2-1  | 17-Sep-2026 09:24:10 [---] Memory: 9.69 GB physical, 0 bytes virtual
client-cluster-2-1  | 17-Sep-2026 09:24:10 [---] Disk: 18.33 GB total, 15.34 GB free
client-cluster-2-1  | 17-Sep-2026 09:24:10 [---] Local time is UTC +0 hours
client-cluster-2-1  | 17-Sep-2026 09:24:10 [---] Config: GUI RPC allowed from any host
client-cluster-2-1  | 17-Sep-2026 09:24:10 [---] Config: simulate 4 CPUs
client-cluster-2-1  | 17-Sep-2026 09:24:10 [---] Config: report completed tasks immediately
mysql-1             | strongly recommended for production servers.
mysql-1             | 
mysql-1             | See the MariaDB Knowledgebase at http://mariadb.com/kb or the
mysql-1             | MySQL manual for more instructions.
mysql-1             | 
mysql-1             | Please report any problems at http://mariadb.org/jira
mysql-1             | 
client-cluster-2-1  | 17-Sep-2026 09:24:10 [---] No general preferences found - using defaults
client-cluster-2-1  | 17-Sep-2026 09:24:10 [---] Reading preferences override file
client-cluster-2-1  | 17-Sep-2026 09:24:10 [---] Preferences:
client-cluster-2-1  | 17-Sep-2026 09:24:10 [---]    max memory usage when active: 8929.14 MB
client-cluster-2-1  | 17-Sep-2026 09:24:10 [---]    max memory usage when idle: 8929.14 MB
client-cluster-2-1  | 17-Sep-2026 09:24:10 [---]    max disk usage: 2.00 GB
client-cluster-2-1  | 17-Sep-2026 09:24:10 [---]    don't use GPU while active
client-phone-1      | 17-Sep-2026 09:24:10 [---] Config: report completed tasks immediately
client-phone-1      | 17-Sep-2026 09:24:10 [---] No general preferences found - using defaults
client-phone-1      | 17-Sep-2026 09:24:10 [---] Reading preferences override file
client-phone-1      | 17-Sep-2026 09:24:10 [---] Preferences:
client-phone-1      | 17-Sep-2026 09:24:10 [---]    max memory usage when active: 8929.14 MB
client-phone-1      | 17-Sep-2026 09:24:10 [---]    max memory usage when idle: 8929.14 MB
client-desktop-1    | 17-Sep-2026 09:24:15 [---] Processor features: fp asimd evtstrm aes pmull sha1 sha2 crc32 atomics fphp asimdhp cpuid asimdrdm jscvt fcma lrcpc dcpop sha3 asimddp sha512 asimdfhm dit uscat ilrcpc flagm sb paca pacg dcpodp flagm2 frint i8mm bf16 bti afp
client-desktop-1    | 17-Sep-2026 09:24:15 [---] OS: Linux Debian GNU/Linux: Debian GNU/Linux 12 (bookworm) [6.8.0-100-generic|libc 2.36]
client-desktop-1    | 17-Sep-2026 09:24:15 [---] Memory: 9.69 GB physical, 0 bytes virtual
mysql-1             | The latest information about MariaDB is available at http://mariadb.org/.
mysql-1             | You can find additional information about the MySQL part at:
mysql-1             | http://dev.mysql.com
mysql-1             | Consider joining MariaDB's strong and vibrant community:
mysql-1             | https://mariadb.org/get-involved/
mysql-1             | 
mysql-1             | Database initialized
client-cluster-2-1  | 17-Sep-2026 09:24:10 [---]    suspend work if non-BOINC CPU load exceeds 25%
client-cluster-2-1  | 17-Sep-2026 09:24:10 [---]    (to change preferences, visit a project web site or select Preferences in the Manager)
client-cluster-2-1  | 17-Sep-2026 09:24:10 [---] Setting up project and slot directories
client-cluster-2-1  | dir_open: Could not open directory 'slots' from '/var/lib/boinc-client'.
client-cluster-2-1  | 17-Sep-2026 09:24:10 [---] Checking active tasks
client-cluster-2-1  | 17-Sep-2026 09:24:10 [---] Setting up GUI RPC socket
client-cluster-2-1  | 17-Sep-2026 09:24:10 [---] Checking presence of 0 project files
client-cluster-2-1  | 17-Sep-2026 09:24:10 [---] This computer is not attached to any projects
apache-1            | 2026-09-17 09:25:07,683 INFO reaped unknown pid 395
apache-1            | 2026-09-17 09:25:07,810 INFO reaped unknown pid 396
apache-1            | 2026-09-17 09:25:07,911 INFO reaped unknown pid 398
client-low-power-1  | 17-Sep-2026 09:24:10 [---] Processor: 1 ARM  [Impl 0x61 Arch 8 Variant 0x0 Part 0x000 Rev 0]
client-low-power-1  | 17-Sep-2026 09:24:10 [---] Processor features: fp asimd evtstrm aes pmull sha1 sha2 crc32 atomics fphp asimdhp cpuid asimdrdm jscvt fcma lrcpc dcpop sha3 asimddp sha512 asimdfhm dit uscat ilrcpc flagm sb paca pacg dcpodp flagm2 frint i8mm bf16 bti afp
client-low-power-1  | 17-Sep-2026 09:24:10 [---] OS: Linux Debian GNU/Linux: Debian GNU/Linux 12 (bookworm) [6.8.0-100-generic|libc 2.36]
client-phone-1      | 17-Sep-2026 09:24:10 [---]    max disk usage: 2.00 GB
client-phone-1      | 17-Sep-2026 09:24:10 [---]    don't use GPU while active
client-phone-1      | 17-Sep-2026 09:24:10 [---]    suspend work if non-BOINC CPU load exceeds 25%
client-phone-1      | 17-Sep-2026 09:24:10 [---]    (to change preferences, visit a project web site or select Preferences in the Manager)
client-phone-1      | 17-Sep-2026 09:24:10 [---] Setting up project and slot directories
client-phone-1      | 17-Sep-2026 09:24:10 [---] Checking active tasks
client-phone-1      | 17-Sep-2026 09:24:10 [---] Setting up GUI RPC socket
client-phone-1      | dir_open: Could not open directory 'slots' from '/var/lib/boinc-client'.
client-phone-1      | 17-Sep-2026 09:24:10 [---] Checking presence of 0 project files
client-phone-1      | 17-Sep-2026 09:24:10 [---] This computer is not attached to any projects
client-phone-1      | 17-Sep-2026 09:24:10 Initialization completed
client-phone-1      | dir_open: Could not open directory 'projects/boincserver.local_boincserver' from '/var/lib/boinc-client'.
client-phone-1      | 17-Sep-2026 09:24:11 [---] No general preferences found - using defaults
client-phone-1      | 17-Sep-2026 09:24:11 [---] Reading preferences override file
client-phone-1      | 17-Sep-2026 09:24:11 [---] Preferences:
client-phone-1      | 17-Sep-2026 09:24:11 [---]    max memory usage when active: 8929.14 MB
client-phone-1      | 17-Sep-2026 09:24:11 [---]    max memory usage when idle: 8929.14 MB
client-phone-1      | 17-Sep-2026 09:24:11 [---]    max disk usage: 2.00 GB
client-phone-1      | 17-Sep-2026 09:24:11 [---]    don't use GPU while active
client-phone-1      | 17-Sep-2026 09:24:11 [---]    suspend work if non-BOINC CPU load exceeds 25%
client-phone-1      | 17-Sep-2026 09:24:11 [---]    (to change preferences, visit a project web site or select Preferences in the Manager)
client-phone-1      | 17-Sep-2026 09:24:15 [http://boincserver.local/boincserver/] Fetching scheduler list
client-phone-1      | 17-Sep-2026 09:24:17 [http://boincserver.local/boincserver/] Master file download succeeded
client-phone-1      | 17-Sep-2026 09:24:22 [http://boincserver.local/boincserver/] Sending scheduler request: Project initialization.
client-phone-1      | 17-Sep-2026 09:24:22 [http://boincserver.local/boincserver/] Requesting new tasks for CPU
client-phone-1      | 17-Sep-2026 09:24:24 [boincserver] Scheduler request completed: got 1 new tasks
client-phone-1      | 17-Sep-2026 09:24:24 [boincserver] Project requested delay of 7 seconds
client-low-power-1  | 17-Sep-2026 09:24:10 [---] Memory: 9.69 GB physical, 0 bytes virtual
client-low-power-1  | 17-Sep-2026 09:24:10 [---] Disk: 18.33 GB total, 15.34 GB free
client-cluster-2-1  | 17-Sep-2026 09:24:10 Initialization completed
client-cluster-2-1  | dir_open: Could not open directory 'projects/boincserver.local_boincserver' from '/var/lib/boinc-client'.
client-desktop-1    | 17-Sep-2026 09:24:15 [---] Disk: 18.33 GB total, 15.34 GB free
client-desktop-1    | 17-Sep-2026 09:24:15 [---] Local time is UTC +0 hours
makeproject-1       | added platform: (create_time, name, user_friendly_name) values (1789636963, 'arm-android-linux-gnu', 'Android running on ARM armeabi-v7a')
makeproject-1       | added platform: (create_time, name, user_friendly_name) values (1789636963, 'aarch64-android-linux-gnu', 'Android running on ARM 64-bit arm64-v8a')
client-cluster-1    | 17-Sep-2026 09:24:10 [---] This computer is not attached to any projects
client-cluster-1    | 17-Sep-2026 09:24:10 Initialization completed
client-cluster-1    | dir_open: Could not open directory 'slots' from '/var/lib/boinc-client'.
client-cluster-1    | dir_open: Could not open directory 'projects/boincserver.local_boincserver' from '/var/lib/boinc-client'.
client-cluster-1    | 17-Sep-2026 09:24:11 [---] No general preferences found - using defaults
client-cluster-1    | 17-Sep-2026 09:24:11 [---] Reading preferences override file
client-phone-1      | 17-Sep-2026 09:24:26 [boincserver] Started download of hybrid_synthetic_1.0_aarch64-unknown-linux-gnu
client-phone-1      | 17-Sep-2026 09:24:26 [boincserver] Started download of hybrid_synthetic_input.txt
makeproject-1       | added platform: (create_time, name, user_friendly_name) values (1789636963, 'x86_64-android-linux-gnu', 'Android running on Intel x64 compatible')
makeproject-1       | added platform: (create_time, name, user_friendly_name) values (1789636963, 'x86-android-linux-gnu', 'Android running on Intel x86 compatible')
makeproject-1       | added platform: (create_time, name, user_friendly_name) values (1789636963, 'arm-unknown-linux-gnueabihf', 'Linux running on ARM, hardware FP')
makeproject-1       | added platform: (create_time, name, user_friendly_name) values (1789636963, 'aarch64-unknown-linux-gnu', 'Linux running on ARM64')
makeproject-1       | added platform: (create_time, name, user_friendly_name) values (1789636963, 'anonymous', 'anonymous')
makeproject-1       | 
client-phone-1      | 17-Sep-2026 09:24:28 [boincserver] Finished download of hybrid_synthetic_1.0_aarch64-unknown-linux-gnu
client-phone-1      | 17-Sep-2026 09:24:28 [boincserver] Finished download of hybrid_synthetic_input.txt
client-phone-2-1    | 17-Sep-2026 09:24:16 [---]    suspend work if non-BOINC CPU load exceeds 25%
client-phone-2-1    | 17-Sep-2026 09:24:16 [---]    (to change preferences, visit a project web site or select Preferences in the Manager)
client-desktop-1    | 17-Sep-2026 09:24:15 [---] Config: GUI RPC allowed from any host
client-desktop-1    | 17-Sep-2026 09:24:15 [---] Config: simulate 2 CPUs
client-desktop-1    | 17-Sep-2026 09:24:15 [---] Config: report completed tasks immediately
client-desktop-1    | 17-Sep-2026 09:24:15 [---] No general preferences found - using defaults
client-desktop-1    | 17-Sep-2026 09:24:15 [---] Reading preferences override file
client-phone-2-1    | 17-Sep-2026 09:24:20 [http://boincserver.local/boincserver/] Fetching scheduler list
client-phone-2-1    | 17-Sep-2026 09:24:22 [http://boincserver.local/boincserver/] Master file download succeeded
client-phone-2-1    | 17-Sep-2026 09:24:27 [http://boincserver.local/boincserver/] Sending scheduler request: Project initialization.
client-phone-2-1    | 17-Sep-2026 09:24:27 [http://boincserver.local/boincserver/] Requesting new tasks for CPU
client-phone-2-1    | 17-Sep-2026 09:24:29 [boincserver] Scheduler request completed: got 1 new tasks
client-phone-2-1    | 17-Sep-2026 09:24:29 [boincserver] Project requested delay of 7 seconds
client-phone-2-1    | 17-Sep-2026 09:24:31 [boincserver] Started download of hybrid_synthetic_1.0_aarch64-unknown-linux-gnu
client-low-power-1  | 17-Sep-2026 09:24:10 [---] Local time is UTC +0 hours
client-low-power-1  | 17-Sep-2026 09:24:10 [---] Config: GUI RPC allowed from any host
client-low-power-1  | 17-Sep-2026 09:24:10 [---] Config: simulate 1 CPUs
client-low-power-1  | 17-Sep-2026 09:24:10 [---] Config: report completed tasks immediately
client-low-power-1  | 17-Sep-2026 09:24:10 [---] No general preferences found - using defaults
client-low-power-1  | 17-Sep-2026 09:24:10 [---] Reading preferences override file
client-low-power-1  | dir_open: Could not open directory 'slots' from '/var/lib/boinc-client'.
client-low-power-1  | 17-Sep-2026 09:24:10 [---] Preferences:
client-low-power-1  | 17-Sep-2026 09:24:10 [---]    max memory usage when active: 8929.14 MB
client-low-power-1  | 17-Sep-2026 09:24:10 [---]    max memory usage when idle: 8929.14 MB
client-low-power-1  | 17-Sep-2026 09:24:10 [---]    max disk usage: 2.00 GB
client-low-power-1  | 17-Sep-2026 09:24:10 [---]    don't use GPU while active
client-phone-1      | 17-Sep-2026 09:24:28 [boincserver] Elapsed time limit 50.000000 < 120.000000; setting to 43200.000000
client-phone-1      | 17-Sep-2026 09:24:28 [boincserver] Starting task exp_20260917T084802Z_weighted_least_loaded_short_4_0
client-phone-1      | 17-Sep-2026 09:24:34 [boincserver] Sending scheduler request: To fetch work.
client-phone-1      | 17-Sep-2026 09:24:34 [boincserver] Requesting new tasks for CPU
client-phone-1      | 17-Sep-2026 09:24:36 [boincserver] Computation for task exp_20260917T084802Z_weighted_least_loaded_short_4_0 finished
client-phone-1      | 17-Sep-2026 09:24:36 [boincserver] Scheduler request completed: got 1 new tasks
client-phone-1      | 17-Sep-2026 09:24:36 [boincserver] Project requested delay of 7 seconds
client-cluster-1    | 17-Sep-2026 09:24:11 [---] Preferences:
client-cluster-1    | 17-Sep-2026 09:24:11 [---]    max memory usage when active: 8929.14 MB
client-cluster-2-1  | 17-Sep-2026 09:24:11 [---] No general preferences found - using defaults
client-cluster-2-1  | 17-Sep-2026 09:24:11 [---] Reading preferences override file
client-cluster-2-1  | 17-Sep-2026 09:24:11 [---] Preferences:
client-cluster-2-1  | 17-Sep-2026 09:24:11 [---]    max memory usage when active: 8929.14 MB
client-cluster-2-1  | 17-Sep-2026 09:24:11 [---]    max memory usage when idle: 8929.14 MB
client-cluster-2-1  | 17-Sep-2026 09:24:11 [---]    max disk usage: 2.00 GB
client-cluster-2-1  | 17-Sep-2026 09:24:11 [---]    don't use GPU while active
client-cluster-2-1  | 17-Sep-2026 09:24:11 [---]    suspend work if non-BOINC CPU load exceeds 25%
client-cluster-2-1  | 17-Sep-2026 09:24:11 [---]    (to change preferences, visit a project web site or select Preferences in the Manager)
client-low-power-1  | 17-Sep-2026 09:24:10 [---]    suspend work if non-BOINC CPU load exceeds 25%
client-low-power-1  | 17-Sep-2026 09:24:10 [---]    (to change preferences, visit a project web site or select Preferences in the Manager)
client-low-power-1  | 17-Sep-2026 09:24:10 [---] Setting up project and slot directories
client-low-power-1  | 17-Sep-2026 09:24:10 [---] Checking active tasks
client-low-power-1  | 17-Sep-2026 09:24:10 [---] Setting up GUI RPC socket
client-low-power-1  | 17-Sep-2026 09:24:10 [---] Checking presence of 0 project files
client-low-power-1  | 17-Sep-2026 09:24:10 [---] This computer is not attached to any projects
client-low-power-1  | 17-Sep-2026 09:24:10 Initialization completed
client-phone-1      | 17-Sep-2026 09:24:38 [boincserver] Started upload of exp_20260917T084802Z_weighted_least_loaded_short_4_0_r1846076761_0
client-phone-1      | 17-Sep-2026 09:24:38 [boincserver] Elapsed time limit 50.000000 < 120.000000; setting to 43200.000000
client-phone-1      | 17-Sep-2026 09:24:38 [boincserver] Starting task exp_20260917T084802Z_weighted_least_loaded_short_9_0
client-cluster-1    | 17-Sep-2026 09:24:11 [---]    max memory usage when idle: 8929.14 MB
client-cluster-2-1  | 17-Sep-2026 09:24:15 [http://boincserver.local/boincserver/] Fetching scheduler list
mysql-1             | 2026-09-17  9:22:29 0 [Note] mysqld (mysqld 10.3.8-MariaDB-1:10.3.8+maria~bionic) starting as process 104 ...
mysql-1             | MySQL init process in progress...
mysql-1             | 2026-09-17  9:22:29 0 [Note] InnoDB: Using Linux native AIO
mysql-1             | 2026-09-17  9:22:29 0 [Note] InnoDB: Mutexes and rw_locks use GCC atomic builtins
mysql-1             | 2026-09-17  9:22:29 0 [Note] InnoDB: Uses event mutexes
mysql-1             | 2026-09-17  9:22:29 0 [Note] InnoDB: Compressed tables use zlib 1.2.11
mysql-1             | 2026-09-17  9:22:29 0 [Note] InnoDB: Number of pools: 1
mysql-1             | 2026-09-17  9:22:29 0 [Note] InnoDB: Using generic crc32 instructions
mysql-1             | 2026-09-17  9:22:29 0 [Note] InnoDB: Initializing buffer pool, total size = 256M, instances = 1, chunk size = 128M
client-low-power-1  | dir_open: Could not open directory 'projects/boincserver.local_boincserver' from '/var/lib/boinc-client'.
client-low-power-1  | 17-Sep-2026 09:24:11 [---] No general preferences found - using defaults
client-low-power-1  | 17-Sep-2026 09:24:11 [---] Reading preferences override file
client-low-power-1  | 17-Sep-2026 09:24:11 [---] Preferences:
client-low-power-1  | 17-Sep-2026 09:24:11 [---]    max memory usage when active: 8929.14 MB
client-low-power-1  | 17-Sep-2026 09:24:11 [---]    max memory usage when idle: 8929.14 MB
client-low-power-1  | 17-Sep-2026 09:24:11 [---]    max disk usage: 2.00 GB
client-low-power-1  | 17-Sep-2026 09:24:11 [---]    don't use GPU while active
client-low-power-1  | 17-Sep-2026 09:24:11 [---]    suspend work if non-BOINC CPU load exceeds 25%
client-phone-1      | 17-Sep-2026 09:24:40 [boincserver] Finished upload of exp_20260917T084802Z_weighted_least_loaded_short_4_0_r1846076761_0
client-phone-1      | 17-Sep-2026 09:24:46 [boincserver] Sending scheduler request: To report completed tasks.
client-phone-1      | 17-Sep-2026 09:24:46 [boincserver] Reporting 1 completed tasks
client-phone-1      | 17-Sep-2026 09:24:46 [boincserver] Requesting new tasks for CPU
client-phone-1      | 17-Sep-2026 09:24:47 [boincserver] Computation for task exp_20260917T084802Z_weighted_least_loaded_short_9_0 finished
client-phone-1      | 17-Sep-2026 09:24:48 [boincserver] Scheduler request completed: got 1 new tasks
client-phone-1      | 17-Sep-2026 09:24:48 [boincserver] Project requested delay of 7 seconds
client-phone-1      | 17-Sep-2026 09:24:49 [boincserver] Started upload of exp_20260917T084802Z_weighted_least_loaded_short_9_0_r1555549375_0
client-phone-1      | 17-Sep-2026 09:24:50 [boincserver] Starting task exp_20260917T084802Z_weighted_least_loaded_medium_2_0
client-low-power-1  | 17-Sep-2026 09:24:11 [---]    (to change preferences, visit a project web site or select Preferences in the Manager)
client-low-power-1  | 17-Sep-2026 09:24:15 [http://boincserver.local/boincserver/] Fetching scheduler list
client-low-power-1  | 17-Sep-2026 09:24:17 [http://boincserver.local/boincserver/] Master file download succeeded
client-low-power-1  | 17-Sep-2026 09:24:22 [http://boincserver.local/boincserver/] Sending scheduler request: Project initialization.
client-low-power-1  | 17-Sep-2026 09:24:22 [http://boincserver.local/boincserver/] Requesting new tasks for CPU
client-low-power-1  | 17-Sep-2026 09:24:24 [boincserver] Scheduler request completed: got 1 new tasks
client-phone-1      | 17-Sep-2026 09:24:51 [boincserver] Finished upload of exp_20260917T084802Z_weighted_least_loaded_short_9_0_r1555549375_0
client-phone-1      | 17-Sep-2026 09:24:58 [boincserver] Sending scheduler request: To report completed tasks.
client-phone-1      | 17-Sep-2026 09:24:58 [boincserver] Reporting 1 completed tasks
client-phone-1      | 17-Sep-2026 09:24:58 [boincserver] Requesting new tasks for CPU
client-cluster-2-1  | 17-Sep-2026 09:24:17 [http://boincserver.local/boincserver/] Master file download succeeded
client-cluster-2-1  | 17-Sep-2026 09:24:22 [http://boincserver.local/boincserver/] Sending scheduler request: Project initialization.
client-desktop-1    | 17-Sep-2026 09:24:15 [---] Preferences:
client-desktop-1    | 17-Sep-2026 09:24:15 [---]    max memory usage when active: 8929.14 MB
client-phone-1      | 17-Sep-2026 09:25:05 [boincserver] Scheduler request completed: got 1 new tasks
client-phone-1      | 17-Sep-2026 09:25:05 [boincserver] Project requested delay of 7 seconds
client-cluster-1    | 17-Sep-2026 09:24:11 [---]    max disk usage: 2.00 GB
client-cluster-1    | 17-Sep-2026 09:24:11 [---]    don't use GPU while active
client-cluster-2-1  | 17-Sep-2026 09:24:22 [http://boincserver.local/boincserver/] Requesting new tasks for CPU
client-cluster-2-1  | 17-Sep-2026 09:24:24 [boincserver] Scheduler request completed: got 1 new tasks
client-cluster-2-1  | 17-Sep-2026 09:24:24 [boincserver] Project requested delay of 7 seconds
client-cluster-2-1  | 17-Sep-2026 09:24:26 [boincserver] Started download of hybrid_synthetic_1.0_aarch64-unknown-linux-gnu
client-cluster-2-1  | 17-Sep-2026 09:24:26 [boincserver] Started download of hybrid_synthetic_input.txt
client-cluster-2-1  | 17-Sep-2026 09:24:28 [boincserver] Finished download of hybrid_synthetic_1.0_aarch64-unknown-linux-gnu
client-cluster-2-1  | 17-Sep-2026 09:24:28 [boincserver] Finished download of hybrid_synthetic_input.txt
client-phone-2-1    | 17-Sep-2026 09:24:31 [boincserver] Started download of hybrid_synthetic_input.txt
client-phone-2-1    | 17-Sep-2026 09:24:33 [boincserver] Finished download of hybrid_synthetic_1.0_aarch64-unknown-linux-gnu
mysql-1             | 2026-09-17  9:22:29 0 [Note] InnoDB: Completed initialization of buffer pool
mysql-1             | 2026-09-17  9:22:29 0 [Note] InnoDB: If the mysqld execution user is authorized, page cleaner thread priority can be changed. See the man page of setpriority().
mysql-1             | 2026-09-17  9:22:29 0 [Note] InnoDB: 128 out of 128 rollback segments are active.
mysql-1             | 2026-09-17  9:22:29 0 [Note] InnoDB: Creating shared tablespace for temporary tables
client-cluster-2-1  | 17-Sep-2026 09:24:28 [boincserver] Elapsed time limit 50.000000 < 120.000000; setting to 43200.000000
client-cluster-2-1  | 17-Sep-2026 09:24:28 [boincserver] Starting task exp_20260917T084802Z_weighted_least_loaded_short_3_0
client-cluster-2-1  | 17-Sep-2026 09:24:34 [boincserver] Sending scheduler request: To fetch work.
client-cluster-2-1  | 17-Sep-2026 09:24:34 [boincserver] Requesting new tasks for CPU
client-cluster-2-1  | 17-Sep-2026 09:24:36 [boincserver] Computation for task exp_20260917T084802Z_weighted_least_loaded_short_3_0 finished
client-cluster-2-1  | 17-Sep-2026 09:24:38 [boincserver] Started upload of exp_20260917T084802Z_weighted_least_loaded_short_3_0_r224004089_0
client-cluster-1    | 17-Sep-2026 09:24:11 [---]    suspend work if non-BOINC CPU load exceeds 25%
client-cluster-1    | 17-Sep-2026 09:24:11 [---]    (to change preferences, visit a project web site or select Preferences in the Manager)
client-cluster-1    | 17-Sep-2026 09:24:15 [http://boincserver.local/boincserver/] Fetching scheduler list
client-cluster-1    | 17-Sep-2026 09:24:17 [http://boincserver.local/boincserver/] Master file download succeeded
client-cluster-1    | 17-Sep-2026 09:24:22 [http://boincserver.local/boincserver/] Sending scheduler request: Project initialization.
client-cluster-1    | 17-Sep-2026 09:24:22 [http://boincserver.local/boincserver/] Requesting new tasks for CPU
client-cluster-1    | 17-Sep-2026 09:24:29 [boincserver] Scheduler request completed: got 1 new tasks
client-desktop-1    | 17-Sep-2026 09:24:15 [---]    max memory usage when idle: 8929.14 MB
client-desktop-1    | 17-Sep-2026 09:24:15 [---]    max disk usage: 2.00 GB
client-desktop-1    | 17-Sep-2026 09:24:15 [---]    don't use GPU while active
client-desktop-1    | 17-Sep-2026 09:24:15 [---]    suspend work if non-BOINC CPU load exceeds 25%
client-desktop-1    | 17-Sep-2026 09:24:15 [---]    (to change preferences, visit a project web site or select Preferences in the Manager)
client-desktop-1    | 17-Sep-2026 09:24:15 [---] Setting up project and slot directories
client-desktop-1    | 17-Sep-2026 09:24:15 [---] Checking active tasks
client-desktop-1    | 17-Sep-2026 09:24:15 [---] Setting up GUI RPC socket
client-phone-1      | 17-Sep-2026 09:25:15 [boincserver] Sending scheduler request: To fetch work.
client-phone-1      | 17-Sep-2026 09:25:15 [boincserver] Requesting new tasks for CPU
client-phone-1      | 17-Sep-2026 09:25:17 [boincserver] Scheduler request completed: got 0 new tasks
client-cluster-1    | 17-Sep-2026 09:24:29 [boincserver] Project requested delay of 7 seconds
client-desktop-1    | dir_open: Could not open directory 'slots' from '/var/lib/boinc-client'.
client-desktop-1    | 17-Sep-2026 09:24:15 [---] Checking presence of 0 project files
client-desktop-1    | 17-Sep-2026 09:24:15 [---] This computer is not attached to any projects
client-desktop-1    | 17-Sep-2026 09:24:15 Initialization completed
client-desktop-1    | dir_open: Could not open directory 'projects/boincserver.local_boincserver' from '/var/lib/boinc-client'.
client-desktop-1    | 17-Sep-2026 09:24:16 [---] No general preferences found - using defaults
client-cluster-1    | 17-Sep-2026 09:24:31 [boincserver] Started download of hybrid_synthetic_1.0_aarch64-unknown-linux-gnu
client-cluster-1    | 17-Sep-2026 09:24:31 [boincserver] Started download of hybrid_synthetic_input.txt
client-cluster-1    | 17-Sep-2026 09:24:33 [boincserver] Finished download of hybrid_synthetic_1.0_aarch64-unknown-linux-gnu
client-cluster-1    | 17-Sep-2026 09:24:33 [boincserver] Finished download of hybrid_synthetic_input.txt
client-cluster-1    | 17-Sep-2026 09:24:33 [boincserver] Elapsed time limit 50.000000 < 120.000000; setting to 43200.000000
client-cluster-1    | 17-Sep-2026 09:24:33 [boincserver] Starting task exp_20260917T084802Z_weighted_least_loaded_short_2_0
client-phone-1      | 17-Sep-2026 09:25:17 [boincserver] Project has no tasks available
client-phone-1      | 17-Sep-2026 09:25:17 [boincserver] Project requested delay of 7 seconds
client-phone-1      | 17-Sep-2026 09:25:26 [boincserver] Computation for task exp_20260917T084802Z_weighted_least_loaded_medium_2_0 finished
client-phone-1      | 17-Sep-2026 09:25:26 [boincserver] Starting task exp_20260917T084802Z_weighted_least_loaded_medium_11_0
client-phone-1      | 17-Sep-2026 09:25:28 [boincserver] Started upload of exp_20260917T084802Z_weighted_least_loaded_medium_2_0_r5388910_0
mysql-1             | 2026-09-17  9:22:29 0 [Note] InnoDB: Setting file './ibtmp1' size to 12 MB. Physically writing the file full; Please wait ...
mysql-1             | 2026-09-17  9:22:29 0 [Note] InnoDB: File './ibtmp1' size is now 12 MB.
client-desktop-1    | 17-Sep-2026 09:24:16 [---] Reading preferences override file
client-desktop-1    | 17-Sep-2026 09:24:16 [---] Preferences:
client-desktop-1    | 17-Sep-2026 09:24:16 [---]    max memory usage when active: 8929.14 MB
client-desktop-1    | 17-Sep-2026 09:24:16 [---]    max memory usage when idle: 8929.14 MB
client-desktop-1    | 17-Sep-2026 09:24:16 [---]    max disk usage: 2.00 GB
client-phone-1      | 17-Sep-2026 09:25:30 [boincserver] Finished upload of exp_20260917T084802Z_weighted_least_loaded_medium_2_0_r5388910_0
client-phone-1      | 17-Sep-2026 09:25:32 [boincserver] Sending scheduler request: To report completed tasks.
client-low-power-1  | 17-Sep-2026 09:24:24 [boincserver] Project requested delay of 7 seconds
client-low-power-1  | 17-Sep-2026 09:24:26 [boincserver] Started download of hybrid_synthetic_1.0_aarch64-unknown-linux-gnu
client-low-power-1  | 17-Sep-2026 09:24:26 [boincserver] Started download of hybrid_synthetic_input.txt
client-low-power-1  | 17-Sep-2026 09:24:28 [boincserver] Finished download of hybrid_synthetic_1.0_aarch64-unknown-linux-gnu
client-low-power-1  | 17-Sep-2026 09:24:28 [boincserver] Finished download of hybrid_synthetic_input.txt
client-low-power-1  | 17-Sep-2026 09:24:28 [boincserver] Elapsed time limit 50.000000 < 120.000000; setting to 43200.000000
client-phone-2-1    | 17-Sep-2026 09:24:33 [boincserver] Finished download of hybrid_synthetic_input.txt
client-phone-2-1    | 17-Sep-2026 09:24:33 [boincserver] Elapsed time limit 50.000000 < 120.000000; setting to 43200.000000
client-cluster-1    | 17-Sep-2026 09:24:39 [boincserver] Sending scheduler request: To fetch work.
client-cluster-1    | 17-Sep-2026 09:24:39 [boincserver] Requesting new tasks for CPU
mysql-1             | 2026-09-17  9:22:29 0 [Note] InnoDB: 10.3.8 started; log sequence number 1630815; transaction id 21
client-cluster-2-1  | 17-Sep-2026 09:24:40 [boincserver] Finished upload of exp_20260917T084802Z_weighted_least_loaded_short_3_0_r224004089_0
client-cluster-2-1  | 17-Sep-2026 09:24:40 [boincserver] Scheduler request completed: got 4 new tasks
client-cluster-2-1  | 17-Sep-2026 09:24:40 [boincserver] Project requested delay of 7 seconds
client-cluster-2-1  | 17-Sep-2026 09:24:42 [boincserver] Elapsed time limit 50.000000 < 120.000000; setting to 43200.000000
client-cluster-2-1  | 17-Sep-2026 09:24:42 [boincserver] Elapsed time limit 50.000000 < 120.000000; setting to 43200.000000
client-desktop-1    | 17-Sep-2026 09:24:16 [---]    don't use GPU while active
client-cluster-2-1  | 17-Sep-2026 09:24:42 [boincserver] Elapsed time limit 50.000000 < 120.000000; setting to 43200.000000
mysql-1             | 2026-09-17  9:22:29 0 [Note] InnoDB: Loading buffer pool(s) from /var/lib/mysql/ib_buffer_pool
mysql-1             | 2026-09-17  9:22:29 0 [Note] Plugin 'FEEDBACK' is disabled.
mysql-1             | 2026-09-17  9:22:29 0 [Note] InnoDB: Buffer pool(s) load completed at 260917  9:22:29
client-cluster-1    | 17-Sep-2026 09:24:41 [boincserver] Computation for task exp_20260917T084802Z_weighted_least_loaded_short_2_0 finished
client-cluster-1    | 17-Sep-2026 09:24:43 [boincserver] Started upload of exp_20260917T084802Z_weighted_least_loaded_short_2_0_r749069203_0
client-cluster-2-1  | 17-Sep-2026 09:24:42 [boincserver] Elapsed time limit 50.000000 < 120.000000; setting to 43200.000000
client-cluster-2-1  | 17-Sep-2026 09:24:42 [boincserver] Starting task exp_20260917T084802Z_weighted_least_loaded_short_13_0
client-cluster-2-1  | 17-Sep-2026 09:24:42 [boincserver] Starting task exp_20260917T084802Z_weighted_least_loaded_short_14_0
client-cluster-2-1  | 17-Sep-2026 09:24:42 [boincserver] Starting task exp_20260917T084802Z_weighted_least_loaded_short_12_0
client-cluster-2-1  | 17-Sep-2026 09:24:42 [boincserver] Starting task exp_20260917T084802Z_weighted_least_loaded_short_8_0
client-cluster-2-1  | 17-Sep-2026 09:24:50 [boincserver] Computation for task exp_20260917T084802Z_weighted_least_loaded_short_13_0 finished
client-cluster-2-1  | 17-Sep-2026 09:24:50 [boincserver] Sending scheduler request: To report completed tasks.
client-cluster-2-1  | 17-Sep-2026 09:24:50 [boincserver] Reporting 1 completed tasks
client-low-power-1  | 17-Sep-2026 09:24:28 [boincserver] Starting task exp_20260917T084802Z_weighted_least_loaded_short_1_0
client-low-power-1  | 17-Sep-2026 09:24:34 [boincserver] Sending scheduler request: To fetch work.
client-low-power-1  | 17-Sep-2026 09:24:34 [boincserver] Requesting new tasks for CPU
client-desktop-1    | 17-Sep-2026 09:24:16 [---]    suspend work if non-BOINC CPU load exceeds 25%
client-desktop-1    | 17-Sep-2026 09:24:16 [---]    (to change preferences, visit a project web site or select Preferences in the Manager)
client-desktop-1    | 17-Sep-2026 09:24:20 [http://boincserver.local/boincserver/] Fetching scheduler list
client-phone-1      | 17-Sep-2026 09:25:32 [boincserver] Reporting 1 completed tasks
client-phone-1      | 17-Sep-2026 09:25:32 [boincserver] Requesting new tasks for CPU
client-phone-1      | 17-Sep-2026 09:25:34 [boincserver] Scheduler request completed: got 0 new tasks
client-phone-1      | 17-Sep-2026 09:25:34 [boincserver] Project has no tasks available
client-phone-1      | 17-Sep-2026 09:25:34 [boincserver] Project requested delay of 7 seconds
client-phone-1      | 17-Sep-2026 09:25:44 [boincserver] Sending scheduler request: To fetch work.
client-phone-1      | 17-Sep-2026 09:25:44 [boincserver] Requesting new tasks for CPU
client-phone-1      | 17-Sep-2026 09:25:51 [boincserver] Scheduler request completed: got 0 new tasks
client-phone-1      | 17-Sep-2026 09:25:51 [boincserver] Project has no tasks available
client-phone-1      | 17-Sep-2026 09:25:51 [boincserver] Project requested delay of 7 seconds
client-cluster-1    | 17-Sep-2026 09:24:45 [boincserver] Finished upload of exp_20260917T084802Z_weighted_least_loaded_short_2_0_r749069203_0
client-cluster-1    | 17-Sep-2026 09:24:46 [boincserver] Scheduler request completed: got 4 new tasks
client-phone-2-1    | 17-Sep-2026 09:24:33 [boincserver] Starting task exp_20260917T084802Z_weighted_least_loaded_short_5_0
client-phone-2-1    | 17-Sep-2026 09:24:39 [boincserver] Sending scheduler request: To fetch work.
mysql-1             | 2026-09-17  9:22:29 0 [Warning] 'user' entry 'root@da93d4c28e75' ignored in --skip-name-resolve mode.
mysql-1             | 2026-09-17  9:22:29 0 [Warning] 'user' entry '@da93d4c28e75' ignored in --skip-name-resolve mode.
client-phone-1      | 17-Sep-2026 09:25:59 [boincserver] Computation for task exp_20260917T084802Z_weighted_least_loaded_medium_11_0 finished
client-phone-1      | 17-Sep-2026 09:26:01 [boincserver] Started upload of exp_20260917T084802Z_weighted_least_loaded_medium_11_0_r1732333483_0
client-cluster-1    | 17-Sep-2026 09:24:46 [boincserver] Project requested delay of 7 seconds
client-cluster-1    | 17-Sep-2026 09:24:48 [boincserver] Elapsed time limit 50.000000 < 120.000000; setting to 43200.000000
client-cluster-1    | 17-Sep-2026 09:24:48 [boincserver] Elapsed time limit 50.000000 < 120.000000; setting to 43200.000000
client-cluster-1    | 17-Sep-2026 09:24:48 [boincserver] Elapsed time limit 50.000000 < 120.000000; setting to 43200.000000
client-cluster-1    | 17-Sep-2026 09:24:48 [boincserver] Starting task exp_20260917T084802Z_weighted_least_loaded_short_16_0
client-cluster-1    | 17-Sep-2026 09:24:48 [boincserver] Starting task exp_20260917T084802Z_weighted_least_loaded_medium_1_0
client-cluster-1    | 17-Sep-2026 09:24:48 [boincserver] Starting task exp_20260917T084802Z_weighted_least_loaded_short_10_0
client-cluster-1    | 17-Sep-2026 09:24:48 [boincserver] Starting task exp_20260917T084802Z_weighted_least_loaded_short_18_0
client-cluster-1    | 17-Sep-2026 09:24:56 [boincserver] Computation for task exp_20260917T084802Z_weighted_least_loaded_short_16_0 finished
client-cluster-1    | 17-Sep-2026 09:24:56 [boincserver] Sending scheduler request: To report completed tasks.
client-cluster-1    | 17-Sep-2026 09:24:56 [boincserver] Reporting 1 completed tasks
client-cluster-1    | 17-Sep-2026 09:24:56 [boincserver] Requesting new tasks for CPU
client-cluster-1    | 17-Sep-2026 09:24:57 [boincserver] Computation for task exp_20260917T084802Z_weighted_least_loaded_short_10_0 finished
client-cluster-1    | 17-Sep-2026 09:24:58 [boincserver] Started upload of exp_20260917T084802Z_weighted_least_loaded_short_16_0_r2017994809_0
client-cluster-1    | 17-Sep-2026 09:24:58 [boincserver] Computation for task exp_20260917T084802Z_weighted_least_loaded_short_18_0 finished
client-cluster-1    | 17-Sep-2026 09:24:59 [boincserver] Started upload of exp_20260917T084802Z_weighted_least_loaded_short_10_0_r747856823_0
mysql-1             | 2026-09-17  9:22:29 0 [Warning] 'proxies_priv' entry '@% root@da93d4c28e75' ignored in --skip-name-resolve mode.
mysql-1             | 2026-09-17  9:22:29 0 [Note] Reading of all Master_info entries succeded
mysql-1             | 2026-09-17  9:22:29 0 [Note] Added new Master_info '' to hash table
client-desktop-1    | 17-Sep-2026 09:24:22 [http://boincserver.local/boincserver/] Master file download succeeded
client-desktop-1    | 17-Sep-2026 09:24:27 [http://boincserver.local/boincserver/] Sending scheduler request: Project initialization.
client-low-power-1  | 17-Sep-2026 09:24:36 [boincserver] Computation for task exp_20260917T084802Z_weighted_least_loaded_short_1_0 finished
client-low-power-1  | 17-Sep-2026 09:24:38 [boincserver] Started upload of exp_20260917T084802Z_weighted_least_loaded_short_1_0_r245056607_0
client-low-power-1  | 17-Sep-2026 09:24:40 [boincserver] Finished upload of exp_20260917T084802Z_weighted_least_loaded_short_1_0_r245056607_0
client-low-power-1  | 17-Sep-2026 09:24:40 [boincserver] Scheduler request completed: got 1 new tasks
client-phone-1      | 17-Sep-2026 09:26:03 [boincserver] Finished upload of exp_20260917T084802Z_weighted_least_loaded_medium_11_0_r1732333483_0
client-phone-1      | 17-Sep-2026 09:26:06 [boincserver] Sending scheduler request: To report completed tasks.
client-desktop-1    | 17-Sep-2026 09:24:27 [http://boincserver.local/boincserver/] Requesting new tasks for CPU
client-desktop-1    | 17-Sep-2026 09:24:34 [boincserver] Scheduler request completed: got 1 new tasks
client-low-power-1  | 17-Sep-2026 09:24:40 [boincserver] Project requested delay of 7 seconds
client-low-power-1  | 17-Sep-2026 09:24:42 [boincserver] Elapsed time limit 50.000000 < 120.000000; setting to 43200.000000
client-low-power-1  | 17-Sep-2026 09:24:42 [boincserver] Starting task exp_20260917T084802Z_weighted_least_loaded_short_7_0
client-low-power-1  | 17-Sep-2026 09:24:50 [boincserver] Computation for task exp_20260917T084802Z_weighted_least_loaded_short_7_0 finished
client-low-power-1  | 17-Sep-2026 09:24:50 [boincserver] Sending scheduler request: To report completed tasks.
client-low-power-1  | 17-Sep-2026 09:24:50 [boincserver] Reporting 1 completed tasks
client-low-power-1  | 17-Sep-2026 09:24:50 [boincserver] Requesting new tasks for CPU
client-low-power-1  | 17-Sep-2026 09:24:52 [boincserver] Started upload of exp_20260917T084802Z_weighted_least_loaded_short_7_0_r1341207730_0
client-low-power-1  | 17-Sep-2026 09:24:54 [boincserver] Finished upload of exp_20260917T084802Z_weighted_least_loaded_short_7_0_r1341207730_0
client-low-power-1  | 17-Sep-2026 09:24:57 [boincserver] Scheduler request completed: got 1 new tasks
client-phone-1      | 17-Sep-2026 09:26:06 [boincserver] Reporting 1 completed tasks
client-phone-1      | 17-Sep-2026 09:26:06 [boincserver] Requesting new tasks for CPU
client-phone-1      | 17-Sep-2026 09:26:08 [boincserver] Scheduler request completed: got 0 new tasks
client-phone-1      | 17-Sep-2026 09:26:08 [boincserver] Project has no tasks available
client-phone-1      | 17-Sep-2026 09:26:08 [boincserver] Project requested delay of 7 seconds
client-phone-1      | 17-Sep-2026 09:26:18 [boincserver] Sending scheduler request: To fetch work.
client-cluster-2-1  | 17-Sep-2026 09:24:50 [boincserver] Requesting new tasks for CPU
client-cluster-2-1  | 17-Sep-2026 09:24:51 [boincserver] Computation for task exp_20260917T084802Z_weighted_least_loaded_short_14_0 finished
client-cluster-2-1  | 17-Sep-2026 09:24:52 [boincserver] Started upload of exp_20260917T084802Z_weighted_least_loaded_short_13_0_r990071052_0
client-cluster-2-1  | 17-Sep-2026 09:24:52 [boincserver] Computation for task exp_20260917T084802Z_weighted_least_loaded_short_12_0 finished
client-cluster-2-1  | 17-Sep-2026 09:24:52 [boincserver] Scheduler request completed: got 4 new tasks
client-cluster-2-1  | 17-Sep-2026 09:24:52 [boincserver] Project requested delay of 7 seconds
client-cluster-2-1  | 17-Sep-2026 09:24:53 [boincserver] Started upload of exp_20260917T084802Z_weighted_least_loaded_short_14_0_r1556580423_0
client-cluster-2-1  | 17-Sep-2026 09:24:53 [boincserver] Computation for task exp_20260917T084802Z_weighted_least_loaded_short_8_0 finished
client-cluster-2-1  | 17-Sep-2026 09:24:54 [boincserver] Finished upload of exp_20260917T084802Z_weighted_least_loaded_short_13_0_r990071052_0
client-phone-2-1    | 17-Sep-2026 09:24:39 [boincserver] Requesting new tasks for CPU
client-phone-2-1    | 17-Sep-2026 09:24:41 [boincserver] Computation for task exp_20260917T084802Z_weighted_least_loaded_short_5_0 finished
client-phone-2-1    | 17-Sep-2026 09:24:43 [boincserver] Started upload of exp_20260917T084802Z_weighted_least_loaded_short_5_0_r2052982434_0
client-phone-2-1    | 17-Sep-2026 09:24:45 [boincserver] Finished upload of exp_20260917T084802Z_weighted_least_loaded_short_5_0_r2052982434_0
client-phone-2-1    | 17-Sep-2026 09:24:46 [boincserver] Scheduler request completed: got 1 new tasks
client-phone-2-1    | 17-Sep-2026 09:24:46 [boincserver] Project requested delay of 7 seconds
client-phone-2-1    | 17-Sep-2026 09:24:48 [boincserver] Elapsed time limit 50.000000 < 120.000000; setting to 43200.000000
client-phone-2-1    | 17-Sep-2026 09:24:48 [boincserver] Starting task exp_20260917T084802Z_weighted_least_loaded_short_11_0
client-phone-2-1    | 17-Sep-2026 09:24:56 [boincserver] Sending scheduler request: To report completed tasks.
client-phone-2-1    | 17-Sep-2026 09:24:56 [boincserver] Reporting 1 completed tasks
client-phone-2-1    | 17-Sep-2026 09:24:56 [boincserver] Requesting new tasks for CPU
client-phone-2-1    | 17-Sep-2026 09:24:57 [boincserver] Computation for task exp_20260917T084802Z_weighted_least_loaded_short_11_0 finished
client-phone-2-1    | 17-Sep-2026 09:24:58 [boincserver] Scheduler request completed: got 1 new tasks
client-phone-2-1    | 17-Sep-2026 09:24:58 [boincserver] Project requested delay of 7 seconds
client-phone-2-1    | 17-Sep-2026 09:24:59 [boincserver] Started upload of exp_20260917T084802Z_weighted_least_loaded_short_11_0_r1559445856_0
client-phone-2-1    | 17-Sep-2026 09:25:00 [boincserver] Starting task exp_20260917T084802Z_weighted_least_loaded_medium_10_0
client-phone-2-1    | 17-Sep-2026 09:25:01 [boincserver] Finished upload of exp_20260917T084802Z_weighted_least_loaded_short_11_0_r1559445856_0
client-low-power-1  | 17-Sep-2026 09:24:57 [boincserver] Project requested delay of 7 seconds
client-low-power-1  | 17-Sep-2026 09:24:59 [boincserver] Starting task exp_20260917T084802Z_weighted_least_loaded_medium_3_0
mysql-1             | 2026-09-17  9:22:29 0 [Note] mysqld: ready for connections.
mysql-1             | Version: '10.3.8-MariaDB-1:10.3.8+maria~bionic'  socket: '/var/run/mysqld/mysqld.sock'  port: 0  mariadb.org binary distribution
client-cluster-1    | 17-Sep-2026 09:25:00 [boincserver] Finished upload of exp_20260917T084802Z_weighted_least_loaded_short_16_0_r2017994809_0
client-cluster-1    | 17-Sep-2026 09:25:00 [boincserver] Finished upload of exp_20260917T084802Z_weighted_least_loaded_short_10_0_r747856823_0
client-cluster-1    | 17-Sep-2026 09:25:00 [boincserver] Started upload of exp_20260917T084802Z_weighted_least_loaded_short_18_0_r736109671_0
client-cluster-1    | 17-Sep-2026 09:25:02 [boincserver] Finished upload of exp_20260917T084802Z_weighted_least_loaded_short_18_0_r736109671_0
client-low-power-1  | 17-Sep-2026 09:25:07 [boincserver] Sending scheduler request: To report completed tasks.
client-low-power-1  | 17-Sep-2026 09:25:07 [boincserver] Reporting 1 completed tasks
mysql-1             | Warning: Unable to load '/usr/share/zoneinfo/leap-seconds.list' as time zone. Skipping it.
mysql-1             | 2026-09-17  9:22:31 10 [Warning] 'proxies_priv' entry '@% root@da93d4c28e75' ignored in --skip-name-resolve mode.
mysql-1             | 
mysql-1             | 2026-09-17  9:22:31 0 [Note] mysqld (initiated by: unknown): Normal shutdown
mysql-1             | 2026-09-17  9:22:31 0 [Note] Event Scheduler: Purging the queue. 0 events
client-cluster-1    | 17-Sep-2026 09:25:03 [boincserver] Scheduler request completed: got 4 new tasks
client-cluster-1    | 17-Sep-2026 09:25:03 [boincserver] Project requested delay of 7 seconds
client-cluster-1    | 17-Sep-2026 09:25:05 [boincserver] Starting task exp_20260917T084802Z_weighted_least_loaded_long_1_0
client-cluster-1    | 17-Sep-2026 09:25:05 [boincserver] Starting task exp_20260917T084802Z_weighted_least_loaded_long_3_0
client-cluster-1    | 17-Sep-2026 09:25:05 [boincserver] Starting task exp_20260917T084802Z_weighted_least_loaded_medium_9_0
client-cluster-1    | 17-Sep-2026 09:25:11 [boincserver] Sending scheduler request: To report completed tasks.
client-low-power-1  | 17-Sep-2026 09:25:07 [boincserver] Requesting new tasks for CPU
client-low-power-1  | 17-Sep-2026 09:25:09 [boincserver] Scheduler request completed: got 0 new tasks
client-low-power-1  | 17-Sep-2026 09:25:09 [boincserver] Project has no tasks available
client-low-power-1  | 17-Sep-2026 09:25:09 [boincserver] Project requested delay of 7 seconds
client-low-power-1  | 17-Sep-2026 09:25:19 [boincserver] Sending scheduler request: To fetch work.
client-low-power-1  | 17-Sep-2026 09:25:19 [boincserver] Requesting new tasks for CPU
client-low-power-1  | 17-Sep-2026 09:25:21 [boincserver] Scheduler request completed: got 0 new tasks
client-low-power-1  | 17-Sep-2026 09:25:21 [boincserver] Project has no tasks available
client-low-power-1  | 17-Sep-2026 09:25:21 [boincserver] Project requested delay of 7 seconds
client-low-power-1  | 17-Sep-2026 09:25:32 [boincserver] Computation for task exp_20260917T084802Z_weighted_least_loaded_medium_3_0 finished
client-low-power-1  | 17-Sep-2026 09:25:34 [boincserver] Started upload of exp_20260917T084802Z_weighted_least_loaded_medium_3_0_r1382443890_0
client-low-power-1  | 17-Sep-2026 09:25:41 [boincserver] Finished upload of exp_20260917T084802Z_weighted_least_loaded_medium_3_0_r1382443890_0
client-low-power-1  | 17-Sep-2026 09:25:41 [boincserver] Sending scheduler request: To report completed tasks.
client-low-power-1  | 17-Sep-2026 09:25:41 [boincserver] Reporting 1 completed tasks
client-low-power-1  | 17-Sep-2026 09:25:41 [boincserver] Requesting new tasks for CPU
client-low-power-1  | 17-Sep-2026 09:25:43 [boincserver] Scheduler request completed: got 0 new tasks
client-low-power-1  | 17-Sep-2026 09:25:43 [boincserver] Project has no tasks available
client-low-power-1  | 17-Sep-2026 09:25:43 [boincserver] Project requested delay of 7 seconds
client-low-power-1  | 17-Sep-2026 09:25:53 [boincserver] Sending scheduler request: To fetch work.
client-low-power-1  | 17-Sep-2026 09:25:53 [boincserver] Requesting new tasks for CPU
client-cluster-2-1  | 17-Sep-2026 09:24:54 [boincserver] Finished upload of exp_20260917T084802Z_weighted_least_loaded_short_14_0_r1556580423_0
client-cluster-2-1  | 17-Sep-2026 09:24:54 [boincserver] Started upload of exp_20260917T084802Z_weighted_least_loaded_short_12_0_r565636552_0
client-cluster-2-1  | 17-Sep-2026 09:24:54 [boincserver] Starting task exp_20260917T084802Z_weighted_least_loaded_medium_6_0
mysql-1             | 2026-09-17  9:22:31 0 [Note] InnoDB: FTS optimize thread exiting.
mysql-1             | 2026-09-17  9:22:31 0 [Note] InnoDB: Starting shutdown...
mysql-1             | 2026-09-17  9:22:31 0 [Note] InnoDB: Dumping buffer pool(s) to /var/lib/mysql/ib_buffer_pool
mysql-1             | 2026-09-17  9:22:31 0 [Note] InnoDB: Buffer pool(s) dump completed at 260917  9:22:31
mysql-1             | 2026-09-17  9:22:32 0 [Note] InnoDB: Shutdown completed; log sequence number 1630824; transaction id 24
mysql-1             | 2026-09-17  9:22:32 0 [Note] InnoDB: Removed temporary tablespace data file: "ibtmp1"
mysql-1             | 2026-09-17  9:22:32 0 [Note] mysqld: Shutdown complete
mysql-1             | 
mysql-1             | 
mysql-1             | MySQL init process done. Ready for start up.
mysql-1             | 
client-low-power-1  | 17-Sep-2026 09:25:55 [boincserver] Scheduler request completed: got 0 new tasks
client-low-power-1  | 17-Sep-2026 09:25:55 [boincserver] Project has no tasks available
client-low-power-1  | 17-Sep-2026 09:25:55 [boincserver] Project requested delay of 7 seconds
client-phone-2-1    | 17-Sep-2026 09:25:08 [boincserver] Sending scheduler request: To report completed tasks.
client-phone-2-1    | 17-Sep-2026 09:25:08 [boincserver] Reporting 1 completed tasks
mysql-1             | 2026-09-17  9:22:32 0 [Note] mysqld (mysqld 10.3.8-MariaDB-1:10.3.8+maria~bionic) starting as process 1 ...
mysql-1             | 2026-09-17  9:22:32 0 [Note] InnoDB: Using Linux native AIO
mysql-1             | 2026-09-17  9:22:32 0 [Note] InnoDB: Mutexes and rw_locks use GCC atomic builtins
mysql-1             | 2026-09-17  9:22:32 0 [Note] InnoDB: Uses event mutexes
mysql-1             | 2026-09-17  9:22:32 0 [Note] InnoDB: Compressed tables use zlib 1.2.11
mysql-1             | 2026-09-17  9:22:32 0 [Note] InnoDB: Number of pools: 1
mysql-1             | 2026-09-17  9:22:32 0 [Note] InnoDB: Using generic crc32 instructions
mysql-1             | 2026-09-17  9:22:32 0 [Note] InnoDB: Initializing buffer pool, total size = 256M, instances = 1, chunk size = 128M
mysql-1             | 2026-09-17  9:22:32 0 [Note] InnoDB: Completed initialization of buffer pool
client-cluster-1    | 17-Sep-2026 09:25:11 [boincserver] Reporting 3 completed tasks
client-cluster-1    | 17-Sep-2026 09:25:11 [boincserver] Requesting new tasks for CPU
client-cluster-1    | 17-Sep-2026 09:25:13 [boincserver] Scheduler request completed: got 0 new tasks
client-cluster-1    | 17-Sep-2026 09:25:13 [boincserver] Project has no tasks available
client-cluster-1    | 17-Sep-2026 09:25:13 [boincserver] Project requested delay of 7 seconds
client-cluster-1    | 17-Sep-2026 09:25:21 [boincserver] Computation for task exp_20260917T084802Z_weighted_least_loaded_medium_1_0 finished
client-phone-1      | 17-Sep-2026 09:26:18 [boincserver] Requesting new tasks for CPU
client-phone-1      | 17-Sep-2026 09:26:20 [boincserver] Scheduler request completed: got 0 new tasks
client-phone-1      | 17-Sep-2026 09:26:20 [boincserver] Project has no tasks available
client-phone-1      | 17-Sep-2026 09:26:20 [boincserver] Project requested delay of 7 seconds
client-cluster-1    | 17-Sep-2026 09:25:21 [boincserver] Starting task exp_20260917T084802Z_weighted_least_loaded_long_2_0
client-cluster-1    | 17-Sep-2026 09:25:23 [boincserver] Started upload of exp_20260917T084802Z_weighted_least_loaded_medium_1_0_r1731865171_0
client-cluster-1    | 17-Sep-2026 09:25:25 [boincserver] Finished upload of exp_20260917T084802Z_weighted_least_loaded_medium_1_0_r1731865171_0
client-cluster-1    | 17-Sep-2026 09:25:28 [boincserver] Sending scheduler request: To report completed tasks.
client-cluster-1    | 17-Sep-2026 09:25:28 [boincserver] Reporting 1 completed tasks
client-cluster-1    | 17-Sep-2026 09:25:28 [boincserver] Requesting new tasks for CPU
client-cluster-1    | 17-Sep-2026 09:25:30 [boincserver] Scheduler request completed: got 0 new tasks
client-cluster-1    | 17-Sep-2026 09:25:30 [boincserver] Project has no tasks available
client-cluster-1    | 17-Sep-2026 09:25:30 [boincserver] Project requested delay of 7 seconds
client-cluster-1    | 17-Sep-2026 09:25:38 [boincserver] Computation for task exp_20260917T084802Z_weighted_least_loaded_medium_9_0 finished
client-cluster-1    | 17-Sep-2026 09:25:40 [boincserver] Started upload of exp_20260917T084802Z_weighted_least_loaded_medium_9_0_r1873619041_0
mysql-1             | 2026-09-17  9:22:32 0 [Note] InnoDB: If the mysqld execution user is authorized, page cleaner thread priority can be changed. See the man page of setpriority().
mysql-1             | 2026-09-17  9:22:32 0 [Note] InnoDB: 128 out of 128 rollback segments are active.
mysql-1             | 2026-09-17  9:22:32 0 [Note] InnoDB: Creating shared tablespace for temporary tables
mysql-1             | 2026-09-17  9:22:32 0 [Note] InnoDB: Setting file './ibtmp1' size to 12 MB. Physically writing the file full; Please wait ...
mysql-1             | 2026-09-17  9:22:32 0 [Note] InnoDB: File './ibtmp1' size is now 12 MB.
client-cluster-1    | 17-Sep-2026 09:25:40 [boincserver] Sending scheduler request: To fetch work.
client-cluster-1    | 17-Sep-2026 09:25:40 [boincserver] Requesting new tasks for CPU
client-cluster-1    | 17-Sep-2026 09:25:42 [boincserver] Finished upload of exp_20260917T084802Z_weighted_least_loaded_medium_9_0_r1873619041_0
client-cluster-1    | 17-Sep-2026 09:25:46 [boincserver] Scheduler request completed: got 0 new tasks
client-cluster-1    | 17-Sep-2026 09:25:46 [boincserver] Project has no tasks available
client-cluster-1    | 17-Sep-2026 09:25:46 [boincserver] Project requested delay of 7 seconds
client-cluster-1    | 17-Sep-2026 09:26:01 [boincserver] Sending scheduler request: To report completed tasks.
client-cluster-1    | 17-Sep-2026 09:26:01 [boincserver] Reporting 1 completed tasks
client-cluster-1    | 17-Sep-2026 09:26:01 [boincserver] Requesting new tasks for CPU
client-cluster-1    | 17-Sep-2026 09:26:03 [boincserver] Scheduler request completed: got 0 new tasks
client-cluster-1    | 17-Sep-2026 09:26:03 [boincserver] Project has no tasks available
client-phone-2-1    | 17-Sep-2026 09:25:08 [boincserver] Requesting new tasks for CPU
client-phone-2-1    | 17-Sep-2026 09:25:15 [boincserver] Scheduler request completed: got 0 new tasks
client-phone-2-1    | 17-Sep-2026 09:25:15 [boincserver] Project has no tasks available
client-phone-2-1    | 17-Sep-2026 09:25:15 [boincserver] Project requested delay of 7 seconds
client-cluster-2-1  | 17-Sep-2026 09:24:54 [boincserver] Starting task exp_20260917T084802Z_weighted_least_loaded_medium_4_0
client-cluster-2-1  | 17-Sep-2026 09:24:54 [boincserver] Starting task exp_20260917T084802Z_weighted_least_loaded_medium_7_0
client-desktop-1    | 17-Sep-2026 09:24:34 [boincserver] Project requested delay of 7 seconds
client-desktop-1    | 17-Sep-2026 09:24:36 [boincserver] Started download of hybrid_synthetic_1.0_aarch64-unknown-linux-gnu
client-phone-2-1    | 17-Sep-2026 09:25:25 [boincserver] Sending scheduler request: To fetch work.
client-phone-2-1    | 17-Sep-2026 09:25:25 [boincserver] Requesting new tasks for CPU
client-phone-2-1    | 17-Sep-2026 09:25:27 [boincserver] Scheduler request completed: got 0 new tasks
client-phone-2-1    | 17-Sep-2026 09:25:27 [boincserver] Project has no tasks available
client-phone-2-1    | 17-Sep-2026 09:25:27 [boincserver] Project requested delay of 7 seconds
client-phone-2-1    | 17-Sep-2026 09:25:35 [boincserver] Computation for task exp_20260917T084802Z_weighted_least_loaded_medium_10_0 finished
client-phone-2-1    | 17-Sep-2026 09:25:37 [boincserver] Started upload of exp_20260917T084802Z_weighted_least_loaded_medium_10_0_r123334380_0
client-phone-2-1    | 17-Sep-2026 09:25:39 [boincserver] Finished upload of exp_20260917T084802Z_weighted_least_loaded_medium_10_0_r123334380_0
client-phone-2-1    | 17-Sep-2026 09:25:42 [boincserver] Sending scheduler request: To report completed tasks.
client-phone-2-1    | 17-Sep-2026 09:25:42 [boincserver] Reporting 1 completed tasks
client-phone-2-1    | 17-Sep-2026 09:25:42 [boincserver] Requesting new tasks for CPU
client-phone-2-1    | 17-Sep-2026 09:25:49 [boincserver] Scheduler request completed: got 0 new tasks
client-phone-2-1    | 17-Sep-2026 09:25:49 [boincserver] Project has no tasks available
client-phone-2-1    | 17-Sep-2026 09:25:49 [boincserver] Project requested delay of 7 seconds
client-phone-2-1    | 17-Sep-2026 09:26:01 [boincserver] Sending scheduler request: To fetch work.
client-phone-2-1    | 17-Sep-2026 09:26:01 [boincserver] Requesting new tasks for CPU
client-phone-2-1    | 17-Sep-2026 09:26:03 [boincserver] Scheduler request completed: got 0 new tasks
client-phone-2-1    | 17-Sep-2026 09:26:03 [boincserver] Project has no tasks available
client-phone-2-1    | 17-Sep-2026 09:26:03 [boincserver] Project requested delay of 7 seconds
client-desktop-1    | 17-Sep-2026 09:24:36 [boincserver] Started download of hybrid_synthetic_input.txt
client-desktop-1    | 17-Sep-2026 09:24:38 [boincserver] Finished download of hybrid_synthetic_1.0_aarch64-unknown-linux-gnu
client-desktop-1    | 17-Sep-2026 09:24:38 [boincserver] Finished download of hybrid_synthetic_input.txt
client-desktop-1    | 17-Sep-2026 09:24:38 [boincserver] Elapsed time limit 50.000000 < 120.000000; setting to 43200.000000
client-desktop-1    | 17-Sep-2026 09:24:38 [boincserver] Starting task exp_20260917T084802Z_weighted_least_loaded_short_6_0
client-desktop-1    | 17-Sep-2026 09:24:44 [boincserver] Sending scheduler request: To fetch work.
client-desktop-1    | 17-Sep-2026 09:24:44 [boincserver] Requesting new tasks for CPU
client-desktop-1    | 17-Sep-2026 09:24:46 [boincserver] Scheduler request completed: got 2 new tasks
client-cluster-1    | 17-Sep-2026 09:26:03 [boincserver] Project requested delay of 7 seconds
client-cluster-1    | 17-Sep-2026 09:27:08 [boincserver] Computation for task exp_20260917T084802Z_weighted_least_loaded_long_1_0 finished
client-desktop-1    | 17-Sep-2026 09:24:46 [boincserver] Project requested delay of 7 seconds
client-desktop-1    | 17-Sep-2026 09:24:47 [boincserver] Computation for task exp_20260917T084802Z_weighted_least_loaded_short_6_0 finished
mysql-1             | 2026-09-17  9:22:32 0 [Note] InnoDB: Waiting for purge to start
mysql-1             | 2026-09-17  9:22:32 0 [Note] InnoDB: 10.3.8 started; log sequence number 1630824; transaction id 21
mysql-1             | 2026-09-17  9:22:32 0 [Note] InnoDB: Loading buffer pool(s) from /var/lib/mysql/ib_buffer_pool
mysql-1             | 2026-09-17  9:22:32 0 [Note] Plugin 'FEEDBACK' is disabled.
mysql-1             | 2026-09-17  9:22:32 0 [Note] InnoDB: Buffer pool(s) load completed at 260917  9:22:32
mysql-1             | 2026-09-17  9:22:32 0 [Note] Server socket created on IP: '::'.
mysql-1             | 2026-09-17  9:22:32 0 [Warning] 'proxies_priv' entry '@% root@da93d4c28e75' ignored in --skip-name-resolve mode.
mysql-1             | 2026-09-17  9:22:32 0 [Note] Reading of all Master_info entries succeded
client-cluster-2-1  | 17-Sep-2026 09:24:54 [boincserver] Starting task exp_20260917T084802Z_weighted_least_loaded_medium_5_0
client-cluster-2-1  | 17-Sep-2026 09:24:55 [boincserver] Started upload of exp_20260917T084802Z_weighted_least_loaded_short_8_0_r1290641120_0
client-cluster-2-1  | 17-Sep-2026 09:24:56 [boincserver] Finished upload of exp_20260917T084802Z_weighted_least_loaded_short_12_0_r565636552_0
client-cluster-1    | 17-Sep-2026 09:27:09 [boincserver] Computation for task exp_20260917T084802Z_weighted_least_loaded_long_3_0 finished
client-cluster-1    | 17-Sep-2026 09:27:10 [boincserver] Started upload of exp_20260917T084802Z_weighted_least_loaded_long_1_0_r432250246_0
client-cluster-1    | 17-Sep-2026 09:27:11 [boincserver] Started upload of exp_20260917T084802Z_weighted_least_loaded_long_3_0_r1880712781_0
client-cluster-1    | 17-Sep-2026 09:27:12 [boincserver] Finished upload of exp_20260917T084802Z_weighted_least_loaded_long_1_0_r432250246_0
client-cluster-1    | 17-Sep-2026 09:27:12 [boincserver] Finished upload of exp_20260917T084802Z_weighted_least_loaded_long_3_0_r1880712781_0
client-cluster-2-1  | 17-Sep-2026 09:24:56 [boincserver] Finished upload of exp_20260917T084802Z_weighted_least_loaded_short_8_0_r1290641120_0
client-cluster-2-1  | 17-Sep-2026 09:25:02 [boincserver] Sending scheduler request: To report completed tasks.
client-cluster-2-1  | 17-Sep-2026 09:25:02 [boincserver] Reporting 4 completed tasks
client-cluster-1    | 17-Sep-2026 09:27:13 [boincserver] Sending scheduler request: To report completed tasks.
client-cluster-1    | 17-Sep-2026 09:27:13 [boincserver] Reporting 2 completed tasks
client-cluster-1    | 17-Sep-2026 09:27:13 [boincserver] Requesting new tasks for CPU
client-cluster-1    | 17-Sep-2026 09:27:15 [boincserver] Scheduler request completed: got 0 new tasks
client-cluster-1    | 17-Sep-2026 09:27:15 [boincserver] Project has no tasks available
client-cluster-1    | 17-Sep-2026 09:27:15 [boincserver] Project requested delay of 7 seconds
client-cluster-1    | 17-Sep-2026 09:27:24 [boincserver] Computation for task exp_20260917T084802Z_weighted_least_loaded_long_2_0 finished
client-cluster-1    | 17-Sep-2026 09:27:25 [boincserver] Sending scheduler request: To fetch work.
client-cluster-1    | 17-Sep-2026 09:27:25 [boincserver] Requesting new tasks for CPU
client-cluster-1    | 17-Sep-2026 09:27:26 [boincserver] Started upload of exp_20260917T084802Z_weighted_least_loaded_long_2_0_r533508677_0
client-cluster-1    | 17-Sep-2026 09:27:27 [boincserver] Finished upload of exp_20260917T084802Z_weighted_least_loaded_long_2_0_r533508677_0
mysql-1             | 2026-09-17  9:22:32 0 [Note] Added new Master_info '' to hash table
mysql-1             | 2026-09-17  9:22:32 0 [Note] mysqld: ready for connections.
mysql-1             | Version: '10.3.8-MariaDB-1:10.3.8+maria~bionic'  socket: '/var/run/mysqld/mysqld.sock'  port: 3306  mariadb.org binary distribution
mysql-1             | 2026-09-17  9:22:32 8 [Warning] Access denied for user 'boincadm'@'172.21.0.3' (using password: NO)
mysql-1             | 2026-09-17  9:25:02 108 [Warning] Aborted connection 108 to db: 'boincserver' user: 'root' host: '172.21.0.4' (Got an error reading communication packets)
mysql-1             | 2026-09-17  9:25:07 120 [Warning] Aborted connection 120 to db: 'boincserver' user: 'root' host: '172.21.0.4' (Got an error reading communication packets)
client-desktop-1    | 17-Sep-2026 09:24:48 [boincserver] Elapsed time limit 50.000000 < 120.000000; setting to 43200.000000
client-cluster-2-1  | 17-Sep-2026 09:25:02 [boincserver] Requesting new tasks for CPU
client-cluster-2-1  | 17-Sep-2026 09:25:04 [boincserver] Scheduler request completed: got 3 new tasks
client-desktop-1    | 17-Sep-2026 09:24:48 [boincserver] Elapsed time limit 50.000000 < 120.000000; setting to 43200.000000
client-desktop-1    | 17-Sep-2026 09:24:48 [boincserver] Starting task exp_20260917T084802Z_weighted_least_loaded_short_17_0
client-desktop-1    | 17-Sep-2026 09:24:48 [boincserver] Starting task exp_20260917T084802Z_weighted_least_loaded_short_15_0
client-desktop-1    | 17-Sep-2026 09:24:49 [boincserver] Started upload of exp_20260917T084802Z_weighted_least_loaded_short_6_0_r1588789518_0
client-desktop-1    | 17-Sep-2026 09:24:51 [boincserver] Finished upload of exp_20260917T084802Z_weighted_least_loaded_short_6_0_r1588789518_0
client-desktop-1    | 17-Sep-2026 09:24:56 [boincserver] Computation for task exp_20260917T084802Z_weighted_least_loaded_short_17_0 finished
client-desktop-1    | 17-Sep-2026 09:24:56 [boincserver] Sending scheduler request: To report completed tasks.
client-desktop-1    | 17-Sep-2026 09:24:56 [boincserver] Reporting 1 completed tasks
client-cluster-1    | 17-Sep-2026 09:27:31 [boincserver] Scheduler request completed: got 0 new tasks
client-cluster-1    | 17-Sep-2026 09:27:31 [boincserver] Project has no tasks available
client-desktop-1    | 17-Sep-2026 09:24:56 [boincserver] Requesting new tasks for CPU
client-desktop-1    | 17-Sep-2026 09:24:57 [boincserver] Computation for task exp_20260917T084802Z_weighted_least_loaded_short_15_0 finished
client-desktop-1    | 17-Sep-2026 09:24:58 [boincserver] Started upload of exp_20260917T084802Z_weighted_least_loaded_short_17_0_r92433663_0
client-desktop-1    | 17-Sep-2026 09:24:59 [boincserver] Started upload of exp_20260917T084802Z_weighted_least_loaded_short_15_0_r1412990496_0
client-desktop-1    | 17-Sep-2026 09:25:00 [boincserver] Finished upload of exp_20260917T084802Z_weighted_least_loaded_short_17_0_r92433663_0
client-cluster-2-1  | 17-Sep-2026 09:25:04 [boincserver] Project requested delay of 7 seconds
client-desktop-1    | 17-Sep-2026 09:25:00 [boincserver] Finished upload of exp_20260917T084802Z_weighted_least_loaded_short_15_0_r1412990496_0
client-desktop-1    | 17-Sep-2026 09:25:03 [boincserver] Scheduler request completed: got 2 new tasks
client-desktop-1    | 17-Sep-2026 09:25:03 [boincserver] Project requested delay of 7 seconds
client-desktop-1    | 17-Sep-2026 09:25:05 [boincserver] Starting task exp_20260917T084802Z_weighted_least_loaded_medium_12_0
client-cluster-2-1  | 17-Sep-2026 09:25:14 [boincserver] Sending scheduler request: To fetch work.
client-cluster-2-1  | 17-Sep-2026 09:25:14 [boincserver] Requesting new tasks for CPU
client-cluster-2-1  | 17-Sep-2026 09:25:21 [boincserver] Scheduler request completed: got 0 new tasks
client-cluster-2-1  | 17-Sep-2026 09:25:21 [boincserver] Project has no tasks available
client-desktop-1    | 17-Sep-2026 09:25:05 [boincserver] Starting task exp_20260917T084802Z_weighted_least_loaded_medium_8_0
client-desktop-1    | 17-Sep-2026 09:25:13 [boincserver] Sending scheduler request: To report completed tasks.
client-desktop-1    | 17-Sep-2026 09:25:13 [boincserver] Reporting 2 completed tasks
client-desktop-1    | 17-Sep-2026 09:25:13 [boincserver] Requesting new tasks for CPU
client-desktop-1    | 17-Sep-2026 09:25:15 [boincserver] Scheduler request completed: got 0 new tasks
client-desktop-1    | 17-Sep-2026 09:25:15 [boincserver] Project has no tasks available
client-cluster-2-1  | 17-Sep-2026 09:25:21 [boincserver] Project requested delay of 7 seconds
client-cluster-2-1  | 17-Sep-2026 09:25:27 [boincserver] Computation for task exp_20260917T084802Z_weighted_least_loaded_medium_6_0 finished
client-cluster-2-1  | 17-Sep-2026 09:25:27 [boincserver] Starting task exp_20260917T084802Z_weighted_least_loaded_long_6_0
client-cluster-2-1  | 17-Sep-2026 09:25:28 [boincserver] Computation for task exp_20260917T084802Z_weighted_least_loaded_medium_4_0 finished
client-cluster-2-1  | 17-Sep-2026 09:25:28 [boincserver] Starting task exp_20260917T084802Z_weighted_least_loaded_long_4_0
client-cluster-2-1  | 17-Sep-2026 09:25:29 [boincserver] Started upload of exp_20260917T084802Z_weighted_least_loaded_medium_6_0_r366319349_0
client-desktop-1    | 17-Sep-2026 09:25:15 [boincserver] Project requested delay of 7 seconds
client-desktop-1    | 17-Sep-2026 09:25:25 [boincserver] Sending scheduler request: To fetch work.
client-desktop-1    | 17-Sep-2026 09:25:25 [boincserver] Requesting new tasks for CPU
client-desktop-1    | 17-Sep-2026 09:25:32 [boincserver] Scheduler request completed: got 0 new tasks
client-desktop-1    | 17-Sep-2026 09:25:32 [boincserver] Project has no tasks available
client-cluster-1    | 17-Sep-2026 09:27:31 [boincserver] Project requested delay of 7 seconds
client-cluster-1    | 17-Sep-2026 09:27:43 [boincserver] Sending scheduler request: To report completed tasks.
client-desktop-1    | 17-Sep-2026 09:25:32 [boincserver] Project requested delay of 7 seconds
client-desktop-1    | 17-Sep-2026 09:25:38 [boincserver] Computation for task exp_20260917T084802Z_weighted_least_loaded_medium_12_0 finished
client-desktop-1    | 17-Sep-2026 09:25:39 [boincserver] Computation for task exp_20260917T084802Z_weighted_least_loaded_medium_8_0 finished
client-cluster-2-1  | 17-Sep-2026 09:25:29 [boincserver] Computation for task exp_20260917T084802Z_weighted_least_loaded_medium_7_0 finished
client-cluster-2-1  | 17-Sep-2026 09:25:29 [boincserver] Starting task exp_20260917T084802Z_weighted_least_loaded_long_5_0
client-cluster-2-1  | 17-Sep-2026 09:25:30 [boincserver] Started upload of exp_20260917T084802Z_weighted_least_loaded_medium_4_0_r719164148_0
client-cluster-2-1  | 17-Sep-2026 09:25:30 [boincserver] Computation for task exp_20260917T084802Z_weighted_least_loaded_medium_5_0 finished
client-cluster-2-1  | 17-Sep-2026 09:25:31 [boincserver] Finished upload of exp_20260917T084802Z_weighted_least_loaded_medium_6_0_r366319349_0
client-cluster-2-1  | 17-Sep-2026 09:25:31 [boincserver] Finished upload of exp_20260917T084802Z_weighted_least_loaded_medium_4_0_r719164148_0
client-cluster-2-1  | 17-Sep-2026 09:25:31 [boincserver] Started upload of exp_20260917T084802Z_weighted_least_loaded_medium_7_0_r108905186_0
client-cluster-2-1  | 17-Sep-2026 09:25:31 [boincserver] Sending scheduler request: To fetch work.
client-cluster-2-1  | 17-Sep-2026 09:25:31 [boincserver] Reporting 2 completed tasks
client-cluster-1    | 17-Sep-2026 09:27:43 [boincserver] Reporting 1 completed tasks
client-cluster-1    | 17-Sep-2026 09:27:43 [boincserver] Requesting new tasks for CPU
client-cluster-1    | 17-Sep-2026 09:27:45 [boincserver] Scheduler request completed: got 0 new tasks
client-cluster-1    | 17-Sep-2026 09:27:45 [boincserver] Project has no tasks available
client-cluster-1    | 17-Sep-2026 09:27:45 [boincserver] Project requested delay of 7 seconds
client-desktop-1    | 17-Sep-2026 09:25:40 [boincserver] Started upload of exp_20260917T084802Z_weighted_least_loaded_medium_12_0_r129306173_0
client-cluster-2-1  | 17-Sep-2026 09:25:31 [boincserver] Requesting new tasks for CPU
client-cluster-2-1  | 17-Sep-2026 09:25:32 [boincserver] Started upload of exp_20260917T084802Z_weighted_least_loaded_medium_5_0_r1617955549_0
client-cluster-2-1  | 17-Sep-2026 09:25:33 [boincserver] Finished upload of exp_20260917T084802Z_weighted_least_loaded_medium_7_0_r108905186_0
client-cluster-2-1  | 17-Sep-2026 09:25:33 [boincserver] Finished upload of exp_20260917T084802Z_weighted_least_loaded_medium_5_0_r1617955549_0
client-desktop-1    | 17-Sep-2026 09:25:41 [boincserver] Started upload of exp_20260917T084802Z_weighted_least_loaded_medium_8_0_r318277691_0
client-desktop-1    | 17-Sep-2026 09:25:42 [boincserver] Finished upload of exp_20260917T084802Z_weighted_least_loaded_medium_12_0_r129306173_0
client-desktop-1    | 17-Sep-2026 09:25:42 [boincserver] Finished upload of exp_20260917T084802Z_weighted_least_loaded_medium_8_0_r318277691_0
client-desktop-1    | 17-Sep-2026 09:25:42 [boincserver] Sending scheduler request: To report completed tasks.
client-desktop-1    | 17-Sep-2026 09:25:42 [boincserver] Reporting 2 completed tasks
client-cluster-2-1  | 17-Sep-2026 09:25:33 [boincserver] Scheduler request completed: got 0 new tasks
client-cluster-2-1  | 17-Sep-2026 09:25:33 [boincserver] Project has no tasks available
client-cluster-2-1  | 17-Sep-2026 09:25:33 [boincserver] Project requested delay of 7 seconds
client-cluster-2-1  | 17-Sep-2026 09:25:43 [boincserver] Sending scheduler request: To report completed tasks.
client-cluster-2-1  | 17-Sep-2026 09:25:43 [boincserver] Reporting 2 completed tasks
client-cluster-2-1  | 17-Sep-2026 09:25:43 [boincserver] Requesting new tasks for CPU
client-cluster-2-1  | 17-Sep-2026 09:25:45 [boincserver] Scheduler request completed: got 0 new tasks
client-cluster-2-1  | 17-Sep-2026 09:25:45 [boincserver] Project has no tasks available
client-cluster-2-1  | 17-Sep-2026 09:25:45 [boincserver] Project requested delay of 7 seconds
client-cluster-2-1  | 17-Sep-2026 09:27:31 [boincserver] Computation for task exp_20260917T084802Z_weighted_least_loaded_long_6_0 finished
client-desktop-1    | 17-Sep-2026 09:25:42 [boincserver] Requesting new tasks for CPU
client-desktop-1    | 17-Sep-2026 09:25:44 [boincserver] Scheduler request completed: got 0 new tasks
client-cluster-2-1  | 17-Sep-2026 09:27:32 [boincserver] Computation for task exp_20260917T084802Z_weighted_least_loaded_long_4_0 finished
client-cluster-2-1  | 17-Sep-2026 09:27:33 [boincserver] Started upload of exp_20260917T084802Z_weighted_least_loaded_long_6_0_r1729583106_0
client-cluster-2-1  | 17-Sep-2026 09:27:33 [boincserver] Computation for task exp_20260917T084802Z_weighted_least_loaded_long_5_0 finished
client-cluster-2-1  | 17-Sep-2026 09:27:34 [boincserver] Started upload of exp_20260917T084802Z_weighted_least_loaded_long_4_0_r457230572_0
client-cluster-2-1  | 17-Sep-2026 09:27:35 [boincserver] Finished upload of exp_20260917T084802Z_weighted_least_loaded_long_6_0_r1729583106_0
client-cluster-2-1  | 17-Sep-2026 09:27:35 [boincserver] Finished upload of exp_20260917T084802Z_weighted_least_loaded_long_4_0_r457230572_0
client-cluster-2-1  | 17-Sep-2026 09:27:35 [boincserver] Started upload of exp_20260917T084802Z_weighted_least_loaded_long_5_0_r1238965556_0
client-cluster-2-1  | 17-Sep-2026 09:27:37 [boincserver] Finished upload of exp_20260917T084802Z_weighted_least_loaded_long_5_0_r1238965556_0
client-cluster-2-1  | 17-Sep-2026 09:27:38 [boincserver] Sending scheduler request: To report completed tasks.
client-cluster-2-1  | 17-Sep-2026 09:27:38 [boincserver] Reporting 3 completed tasks
client-desktop-1    | 17-Sep-2026 09:25:44 [boincserver] Project has no tasks available
client-desktop-1    | 17-Sep-2026 09:25:44 [boincserver] Project requested delay of 7 seconds
client-desktop-1    | 17-Sep-2026 09:25:54 [boincserver] Sending scheduler request: To fetch work.
client-desktop-1    | 17-Sep-2026 09:25:54 [boincserver] Requesting new tasks for CPU
client-desktop-1    | 17-Sep-2026 09:25:56 [boincserver] Scheduler request completed: got 0 new tasks
client-desktop-1    | 17-Sep-2026 09:25:56 [boincserver] Project has no tasks available
client-desktop-1    | 17-Sep-2026 09:25:56 [boincserver] Project requested delay of 7 seconds
client-cluster-2-1  | 17-Sep-2026 09:27:38 [boincserver] Requesting new tasks for CPU
client-cluster-2-1  | 17-Sep-2026 09:27:40 [boincserver] Scheduler request completed: got 0 new tasks
client-cluster-2-1  | 17-Sep-2026 09:27:40 [boincserver] Project has no tasks available
client-cluster-2-1  | 17-Sep-2026 09:27:40 [boincserver] Project requested delay of 7 seconds
