client-desktop-1    | 16-Sep-2026 17:08:22 [---] Starting BOINC client version 7.20.5 for aarch64-unknown-linux-gnu
client-phone-2-1    | 16-Sep-2026 17:08:17 [---] Starting BOINC client version 7.20.5 for aarch64-unknown-linux-gnu
client-phone-2-1    | 16-Sep-2026 17:08:17 [---] This a development version of BOINC and may not function properly
client-phone-2-1    | 16-Sep-2026 17:08:17 [---] log flags: file_xfer, sched_ops, task
client-phone-2-1    | 16-Sep-2026 17:08:17 [---] Libraries: libcurl/7.88.1 OpenSSL/3.0.20 zlib/1.2.13 brotli/1.0.9 zstd/1.5.4 libidn2/2.3.3 libpsl/0.21.2 (+libidn2/2.3.3) libssh2/1.10.0 nghttp2/1.52.0 librtmp/2.3 OpenLDAP/2.5.13
client-phone-2-1    | 16-Sep-2026 17:08:17 [---] Data directory: /var/lib/boinc-client
client-desktop-1    | 16-Sep-2026 17:08:22 [---] This a development version of BOINC and may not function properly
client-desktop-1    | 16-Sep-2026 17:08:22 [---] log flags: file_xfer, sched_ops, task
client-desktop-1    | 16-Sep-2026 17:08:22 [---] Libraries: libcurl/7.88.1 OpenSSL/3.0.20 zlib/1.2.13 brotli/1.0.9 zstd/1.5.4 libidn2/2.3.3 libpsl/0.21.2 (+libidn2/2.3.3) libssh2/1.10.0 nghttp2/1.52.0 librtmp/2.3 OpenLDAP/2.5.13
client-desktop-1    | 16-Sep-2026 17:08:22 [---] Data directory: /var/lib/boinc-client
client-desktop-1    | 16-Sep-2026 17:08:22 [---] No usable GPUs found
client-desktop-1    | 16-Sep-2026 17:08:22 [---] Creating new client state file
client-desktop-1    | 16-Sep-2026 17:08:22 [---] libc:  version 2.36
client-desktop-1    | 16-Sep-2026 17:08:22 [---] Host name: desktop-01
client-desktop-1    | 16-Sep-2026 17:08:22 [---] Processor: 2 ARM  [Impl 0x61 Arch 8 Variant 0x0 Part 0x000 Rev 0]
makeproject-1       | Updating project files in data volume...
client-desktop-1    | 16-Sep-2026 17:08:22 [---] Processor features: fp asimd evtstrm aes pmull sha1 sha2 crc32 atomics fphp asimdhp cpuid asimdrdm jscvt fcma lrcpc dcpop sha3 asimddp sha512 asimdfhm dit uscat ilrcpc flagm sb paca pacg dcpodp flagm2 frint i8mm bf16 bti afp
makeproject-1       | Waiting for MySQL server to start...
makeproject-1       | Creating database...
makeproject-1       | added platform: (create_time, name, user_friendly_name) values (1789578430, 'windows_intelx86', 'Microsoft Windows (98 or later) running on an Intel x86-compatible CPU')
makeproject-1       | added platform: (create_time, name, user_friendly_name) values (1789578430, 'windows_x86_64', 'Microsoft Windows running on an AMD x86_64 or Intel EM64T CPU')
client-cluster-2-1  | 16-Sep-2026 17:08:17 [---] Starting BOINC client version 7.20.5 for aarch64-unknown-linux-gnu
client-cluster-2-1  | 16-Sep-2026 17:08:17 [---] This a development version of BOINC and may not function properly
client-cluster-2-1  | 16-Sep-2026 17:08:17 [---] log flags: file_xfer, sched_ops, task
client-cluster-2-1  | 16-Sep-2026 17:08:17 [---] Libraries: libcurl/7.88.1 OpenSSL/3.0.20 zlib/1.2.13 brotli/1.0.9 zstd/1.5.4 libidn2/2.3.3 libpsl/0.21.2 (+libidn2/2.3.3) libssh2/1.10.0 nghttp2/1.52.0 librtmp/2.3 OpenLDAP/2.5.13
client-cluster-2-1  | 16-Sep-2026 17:08:17 [---] Data directory: /var/lib/boinc-client
client-cluster-2-1  | 16-Sep-2026 17:08:17 [---] No usable GPUs found
client-cluster-2-1  | 16-Sep-2026 17:08:17 [---] Creating new client state file
client-cluster-2-1  | 16-Sep-2026 17:08:17 [---] libc:  version 2.36
makeproject-1       | added platform: (create_time, name, user_friendly_name) values (1789578430, 'windows_arm64', 'Microsoft Windows running on ARM 64-bit')
makeproject-1       | added platform: (create_time, name, user_friendly_name) values (1789578430, 'i686-pc-linux-gnu', 'Linux running on an Intel x86-compatible CPU')
makeproject-1       | added platform: (create_time, name, user_friendly_name) values (1789578430, 'x86_64-pc-linux-gnu', 'Linux running on an AMD x86_64 or Intel EM64T CPU')
apache-1            | /usr/lib/python2.7/dist-packages/supervisor/options.py:461: UserWarning: Supervisord is running as root and it is searching for its configuration file in default locations (including its current working directory); you probably want to specify a "-c" argument specifying an absolute path to a configuration file for improved security.
apache-1            |   'Supervisord is running as root and it is searching '
apache-1            | 2026-09-16 17:06:54,625 CRIT Supervisor is running as root.  Privileges were not dropped because no user is specified in the config file.  If you intend to run as root, you can set user=root in the config file to avoid this message.
apache-1            | 2026-09-16 17:06:54,625 INFO Included extra file "/etc/supervisor/conf.d/supervisord.conf" during parsing
apache-1            | 2026-09-16 17:06:54,629 INFO RPC interface 'supervisor' initialized
apache-1            | 2026-09-16 17:06:54,629 CRIT Server 'unix_http_server' running without any HTTP authentication checking
client-phone-1      | 16-Sep-2026 17:08:17 [---] Starting BOINC client version 7.20.5 for aarch64-unknown-linux-gnu
client-phone-1      | 16-Sep-2026 17:08:17 [---] This a development version of BOINC and may not function properly
client-phone-1      | 16-Sep-2026 17:08:17 [---] log flags: file_xfer, sched_ops, task
client-phone-1      | 16-Sep-2026 17:08:17 [---] Libraries: libcurl/7.88.1 OpenSSL/3.0.20 zlib/1.2.13 brotli/1.0.9 zstd/1.5.4 libidn2/2.3.3 libpsl/0.21.2 (+libidn2/2.3.3) libssh2/1.10.0 nghttp2/1.52.0 librtmp/2.3 OpenLDAP/2.5.13
client-low-power-1  | 16-Sep-2026 17:08:22 [---] Starting BOINC client version 7.20.5 for aarch64-unknown-linux-gnu
client-low-power-1  | 16-Sep-2026 17:08:22 [---] This a development version of BOINC and may not function properly
client-low-power-1  | 16-Sep-2026 17:08:22 [---] log flags: file_xfer, sched_ops, task
makeproject-1       | added platform: (create_time, name, user_friendly_name) values (1789578430, 'powerpc-apple-darwin', 'Mac OS X 10.3 or later running on Motorola PowerPC')
makeproject-1       | added platform: (create_time, name, user_friendly_name) values (1789578430, 'i686-apple-darwin', 'Mac OS 10.4 or later running on Intel')
mysql-1             | Initializing database
mysql-1             | 
apache-1            | 2026-09-16 17:06:54,629 INFO supervisord started with pid 1
apache-1            | 2026-09-16 17:06:55,635 INFO spawned: 'cron' with pid 9
apache-1            | 2026-09-16 17:06:55,637 INFO spawned: 'start' with pid 10
apache-1            | 2026-09-16 17:06:55,641 INFO spawned: 'rsyslogd' with pid 11
apache-1            | 2026-09-16 17:06:55,644 INFO spawned: 'apache2' with pid 12
apache-1            | 2026-09-16 17:06:57,595 INFO success: cron entered RUNNING state, process has stayed up for > than 1 seconds (startsecs)
apache-1            | 2026-09-16 17:06:57,595 INFO success: start entered RUNNING state, process has stayed up for > than 1 seconds (startsecs)
client-phone-1      | 16-Sep-2026 17:08:17 [---] Data directory: /var/lib/boinc-client
client-phone-1      | 16-Sep-2026 17:08:17 [---] No usable GPUs found
client-phone-1      | 16-Sep-2026 17:08:17 [---] Creating new client state file
client-phone-1      | 16-Sep-2026 17:08:17 [---] libc:  version 2.36
client-phone-1      | 16-Sep-2026 17:08:17 [---] Host name: phone-01
client-cluster-1    | 16-Sep-2026 17:08:17 [---] Starting BOINC client version 7.20.5 for aarch64-unknown-linux-gnu
client-cluster-1    | 16-Sep-2026 17:08:17 [---] This a development version of BOINC and may not function properly
client-cluster-1    | 16-Sep-2026 17:08:17 [---] log flags: file_xfer, sched_ops, task
client-cluster-1    | 16-Sep-2026 17:08:17 [---] Libraries: libcurl/7.88.1 OpenSSL/3.0.20 zlib/1.2.13 brotli/1.0.9 zstd/1.5.4 libidn2/2.3.3 libpsl/0.21.2 (+libidn2/2.3.3) libssh2/1.10.0 nghttp2/1.52.0 librtmp/2.3 OpenLDAP/2.5.13
apache-1            | 2026-09-16 17:06:57,595 INFO success: rsyslogd entered RUNNING state, process has stayed up for > than 1 seconds (startsecs)
apache-1            | 2026-09-16 17:06:57,595 INFO success: apache2 entered RUNNING state, process has stayed up for > than 1 seconds (startsecs)
apache-1            | 2026-09-16 17:07:16,165 INFO reaped unknown pid 69
apache-1            | 2026-09-16 17:07:16,165 INFO reaped unknown pid 71
apache-1            | 2026-09-16 17:07:16,165 INFO reaped unknown pid 73
apache-1            | 2026-09-16 17:07:23,936 INFO reaped unknown pid 72
apache-1            | 2026-09-16 17:07:23,936 INFO reaped unknown pid 74
apache-1            | 2026-09-16 17:07:23,939 INFO reaped unknown pid 70
makeproject-1       | added platform: (create_time, name, user_friendly_name) values (1789578430, 'x86_64-apple-darwin', 'Intel 64-bit Mac OS 10.5 or later')
makeproject-1       | added platform: (create_time, name, user_friendly_name) values (1789578430, 'arm64-apple-darwin', 'Mac OS running on ARM')
makeproject-1       | added platform: (create_time, name, user_friendly_name) values (1789578430, 'sparc-sun-solaris2.7', 'Solaris 2.7 running on a SPARC-compatible CPU')
client-phone-2-1    | 16-Sep-2026 17:08:17 [---] No usable GPUs found
client-phone-2-1    | 16-Sep-2026 17:08:17 [---] Creating new client state file
client-phone-2-1    | 16-Sep-2026 17:08:17 [---] libc:  version 2.36
client-phone-2-1    | 16-Sep-2026 17:08:17 [---] Host name: phone-02
client-phone-2-1    | 16-Sep-2026 17:08:17 [---] Processor: 1 ARM  [Impl 0x61 Arch 8 Variant 0x0 Part 0x000 Rev 0]
client-phone-2-1    | 16-Sep-2026 17:08:17 [---] Processor features: fp asimd evtstrm aes pmull sha1 sha2 crc32 atomics fphp asimdhp cpuid asimdrdm jscvt fcma lrcpc dcpop sha3 asimddp sha512 asimdfhm dit uscat ilrcpc flagm sb paca pacg dcpodp flagm2 frint i8mm bf16 bti afp
client-cluster-2-1  | 16-Sep-2026 17:08:17 [---] Host name: cluster-02
client-cluster-2-1  | 16-Sep-2026 17:08:17 [---] Processor: 4 ARM  [Impl 0x61 Arch 8 Variant 0x0 Part 0x000 Rev 0]
client-cluster-2-1  | 16-Sep-2026 17:08:17 [---] Processor features: fp asimd evtstrm aes pmull sha1 sha2 crc32 atomics fphp asimdhp cpuid asimdrdm jscvt fcma lrcpc dcpop sha3 asimddp sha512 asimdfhm dit uscat ilrcpc flagm sb paca pacg dcpodp flagm2 frint i8mm bf16 bti afp
client-cluster-2-1  | 16-Sep-2026 17:08:17 [---] OS: Linux Debian GNU/Linux: Debian GNU/Linux 12 (bookworm) [6.8.0-100-generic|libc 2.36]
client-cluster-2-1  | 16-Sep-2026 17:08:17 [---] Memory: 9.69 GB physical, 0 bytes virtual
client-cluster-2-1  | 16-Sep-2026 17:08:17 [---] Disk: 18.33 GB total, 15.57 GB free
mysql-1             | 
mysql-1             | PLEASE REMEMBER TO SET A PASSWORD FOR THE MariaDB root USER !
mysql-1             | To do so, start the server, then issue the following commands:
mysql-1             | 
client-low-power-1  | 16-Sep-2026 17:08:22 [---] Libraries: libcurl/7.88.1 OpenSSL/3.0.20 zlib/1.2.13 brotli/1.0.9 zstd/1.5.4 libidn2/2.3.3 libpsl/0.21.2 (+libidn2/2.3.3) libssh2/1.10.0 nghttp2/1.52.0 librtmp/2.3 OpenLDAP/2.5.13
client-low-power-1  | 16-Sep-2026 17:08:22 [---] Data directory: /var/lib/boinc-client
client-low-power-1  | 16-Sep-2026 17:08:22 [---] No usable GPUs found
client-low-power-1  | 16-Sep-2026 17:08:22 [---] Creating new client state file
client-low-power-1  | 16-Sep-2026 17:08:22 [---] libc:  version 2.36
client-cluster-1    | 16-Sep-2026 17:08:17 [---] Data directory: /var/lib/boinc-client
client-cluster-1    | 16-Sep-2026 17:08:17 [---] No usable GPUs found
client-cluster-1    | 16-Sep-2026 17:08:17 [---] Creating new client state file
client-cluster-1    | 16-Sep-2026 17:08:17 [---] libc:  version 2.36
client-phone-1      | 16-Sep-2026 17:08:17 [---] Processor: 1 ARM  [Impl 0x61 Arch 8 Variant 0x0 Part 0x000 Rev 0]
client-phone-1      | 16-Sep-2026 17:08:17 [---] Processor features: fp asimd evtstrm aes pmull sha1 sha2 crc32 atomics fphp asimdhp cpuid asimdrdm jscvt fcma lrcpc dcpop sha3 asimddp sha512 asimdfhm dit uscat ilrcpc flagm sb paca pacg dcpodp flagm2 frint i8mm bf16 bti afp
client-phone-1      | 16-Sep-2026 17:08:17 [---] OS: Linux Debian GNU/Linux: Debian GNU/Linux 12 (bookworm) [6.8.0-100-generic|libc 2.36]
apache-1            | 2026-09-16 17:07:32,135 INFO reaped unknown pid 158
apache-1            | 2026-09-16 17:07:32,136 INFO reaped unknown pid 160
apache-1            | 2026-09-16 17:07:32,136 INFO reaped unknown pid 162
apache-1            | 2026-09-16 17:07:32,136 INFO reaped unknown pid 164
apache-1            | 2026-09-16 17:07:32,136 INFO reaped unknown pid 166
client-cluster-1    | 16-Sep-2026 17:08:17 [---] Host name: cluster-01
client-cluster-1    | 16-Sep-2026 17:08:17 [---] Processor: 4 ARM  [Impl 0x61 Arch 8 Variant 0x0 Part 0x000 Rev 0]
client-cluster-1    | 16-Sep-2026 17:08:17 [---] Processor features: fp asimd evtstrm aes pmull sha1 sha2 crc32 atomics fphp asimdhp cpuid asimdrdm jscvt fcma lrcpc dcpop sha3 asimddp sha512 asimdfhm dit uscat ilrcpc flagm sb paca pacg dcpodp flagm2 frint i8mm bf16 bti afp
client-phone-1      | 16-Sep-2026 17:08:17 [---] Memory: 9.69 GB physical, 0 bytes virtual
client-phone-1      | 16-Sep-2026 17:08:17 [---] Disk: 18.33 GB total, 15.57 GB free
client-phone-1      | 16-Sep-2026 17:08:17 [---] Local time is UTC +0 hours
client-phone-1      | 16-Sep-2026 17:08:17 [---] Config: GUI RPC allowed from any host
client-phone-1      | 16-Sep-2026 17:08:17 [---] Config: simulate 1 CPUs
client-phone-1      | 16-Sep-2026 17:08:17 [---] Config: report completed tasks immediately
client-phone-1      | 16-Sep-2026 17:08:17 [---] No general preferences found - using defaults
client-phone-1      | 16-Sep-2026 17:08:17 [---] Reading preferences override file
client-phone-1      | 16-Sep-2026 17:08:17 [---] Preferences:
client-phone-1      | 16-Sep-2026 17:08:17 [---]    max memory usage when active: 8929.14 MB
client-phone-1      | 16-Sep-2026 17:08:17 [---]    max memory usage when idle: 8929.14 MB
client-phone-1      | dir_open: Could not open directory 'slots' from '/var/lib/boinc-client'.
mysql-1             | '/usr/bin/mysqladmin' -u root password 'new-password'
mysql-1             | '/usr/bin/mysqladmin' -u root -h  password 'new-password'
mysql-1             | 
mysql-1             | Alternatively you can run:
mysql-1             | '/usr/bin/mysql_secure_installation'
mysql-1             | 
client-phone-2-1    | 16-Sep-2026 17:08:17 [---] OS: Linux Debian GNU/Linux: Debian GNU/Linux 12 (bookworm) [6.8.0-100-generic|libc 2.36]
client-phone-2-1    | 16-Sep-2026 17:08:17 [---] Memory: 9.69 GB physical, 0 bytes virtual
client-phone-2-1    | 16-Sep-2026 17:08:17 [---] Disk: 18.33 GB total, 15.57 GB free
client-phone-2-1    | 16-Sep-2026 17:08:17 [---] Local time is UTC +0 hours
client-phone-2-1    | 16-Sep-2026 17:08:17 [---] Config: GUI RPC allowed from any host
client-phone-2-1    | 16-Sep-2026 17:08:17 [---] Config: simulate 1 CPUs
client-phone-2-1    | 16-Sep-2026 17:08:17 [---] Config: report completed tasks immediately
client-phone-2-1    | 16-Sep-2026 17:08:17 [---] No general preferences found - using defaults
client-phone-2-1    | 16-Sep-2026 17:08:17 [---] Reading preferences override file
client-phone-2-1    | 16-Sep-2026 17:08:17 [---] Preferences:
client-phone-2-1    | 16-Sep-2026 17:08:17 [---]    max memory usage when active: 8929.14 MB
client-phone-2-1    | 16-Sep-2026 17:08:17 [---]    max memory usage when idle: 8929.14 MB
client-phone-2-1    | 16-Sep-2026 17:08:17 [---]    max disk usage: 2.00 GB
client-cluster-1    | 16-Sep-2026 17:08:17 [---] OS: Linux Debian GNU/Linux: Debian GNU/Linux 12 (bookworm) [6.8.0-100-generic|libc 2.36]
client-cluster-1    | 16-Sep-2026 17:08:17 [---] Memory: 9.69 GB physical, 0 bytes virtual
client-cluster-1    | 16-Sep-2026 17:08:17 [---] Disk: 18.33 GB total, 15.57 GB free
client-cluster-1    | 16-Sep-2026 17:08:17 [---] Local time is UTC +0 hours
client-phone-1      | 16-Sep-2026 17:08:17 [---]    max disk usage: 2.00 GB
client-phone-1      | 16-Sep-2026 17:08:17 [---]    don't use GPU while active
apache-1            | 2026-09-16 17:10:01,683 INFO reaped unknown pid 459
apache-1            | 2026-09-16 17:10:01,789 INFO reaped unknown pid 461
apache-1            | 2026-09-16 17:10:01,893 INFO reaped unknown pid 463
apache-1            | 2026-09-16 17:10:01,996 INFO reaped unknown pid 465
client-desktop-1    | 16-Sep-2026 17:08:22 [---] OS: Linux Debian GNU/Linux: Debian GNU/Linux 12 (bookworm) [6.8.0-100-generic|libc 2.36]
client-desktop-1    | 16-Sep-2026 17:08:22 [---] Memory: 9.69 GB physical, 0 bytes virtual
client-desktop-1    | 16-Sep-2026 17:08:22 [---] Disk: 18.33 GB total, 15.57 GB free
client-desktop-1    | 16-Sep-2026 17:08:22 [---] Local time is UTC +0 hours
client-desktop-1    | 16-Sep-2026 17:08:22 [---] Config: GUI RPC allowed from any host
client-desktop-1    | 16-Sep-2026 17:08:22 [---] Config: simulate 2 CPUs
client-desktop-1    | 16-Sep-2026 17:08:22 [---] Config: report completed tasks immediately
client-desktop-1    | 16-Sep-2026 17:08:22 [---] No general preferences found - using defaults
client-desktop-1    | 16-Sep-2026 17:08:22 [---] Reading preferences override file
client-desktop-1    | 16-Sep-2026 17:08:22 [---] Preferences:
makeproject-1       | added platform: (create_time, name, user_friendly_name) values (1789578430, 'sparc-sun-solaris', 'Solaris 2.8 or later running on a SPARC-compatible CPU')
makeproject-1       | added platform: (create_time, name, user_friendly_name) values (1789578430, 'sparc64-sun-solaris', 'Solaris 2.8 or later running on a SPARC 64-bit CPU')
makeproject-1       | added platform: (create_time, name, user_friendly_name) values (1789578430, 'powerpc64-ps3-linux-gnu', 'Sony Playstation 3 running Linux')
makeproject-1       | added platform: (create_time, name, user_friendly_name) values (1789578430, 'arm-android-linux-gnu', 'Android running on ARM armeabi-v7a')
makeproject-1       | added platform: (create_time, name, user_friendly_name) values (1789578430, 'aarch64-android-linux-gnu', 'Android running on ARM 64-bit arm64-v8a')
makeproject-1       | added platform: (create_time, name, user_friendly_name) values (1789578430, 'x86_64-android-linux-gnu', 'Android running on Intel x64 compatible')
makeproject-1       | added platform: (create_time, name, user_friendly_name) values (1789578430, 'x86-android-linux-gnu', 'Android running on Intel x86 compatible')
makeproject-1       | added platform: (create_time, name, user_friendly_name) values (1789578430, 'arm-unknown-linux-gnueabihf', 'Linux running on ARM, hardware FP')
makeproject-1       | added platform: (create_time, name, user_friendly_name) values (1789578430, 'aarch64-unknown-linux-gnu', 'Linux running on ARM64')
makeproject-1       | added platform: (create_time, name, user_friendly_name) values (1789578430, 'anonymous', 'anonymous')
makeproject-1       | 
client-phone-2-1    | 16-Sep-2026 17:08:17 [---]    don't use GPU while active
client-phone-2-1    | 16-Sep-2026 17:08:17 [---]    suspend work if non-BOINC CPU load exceeds 25%
client-phone-2-1    | 16-Sep-2026 17:08:17 [---]    (to change preferences, visit a project web site or select Preferences in the Manager)
client-phone-2-1    | 16-Sep-2026 17:08:17 [---] Setting up project and slot directories
client-phone-2-1    | 16-Sep-2026 17:08:17 [---] Checking active tasks
client-phone-2-1    | 16-Sep-2026 17:08:17 [---] Setting up GUI RPC socket
client-phone-2-1    | 16-Sep-2026 17:08:17 [---] Checking presence of 0 project files
client-phone-2-1    | 16-Sep-2026 17:08:17 [---] This computer is not attached to any projects
client-phone-2-1    | 16-Sep-2026 17:08:17 Initialization completed
client-phone-2-1    | dir_open: Could not open directory 'slots' from '/var/lib/boinc-client'.
apache-1            | 2026-09-16 17:10:02,099 INFO reaped unknown pid 467
apache-1            | 2026-09-16 17:10:03,121 INFO reaped unknown pid 458
apache-1            | 2026-09-16 17:10:03,121 INFO reaped unknown pid 460
apache-1            | 2026-09-16 17:10:03,121 INFO reaped unknown pid 462
apache-1            | 2026-09-16 17:10:03,121 INFO reaped unknown pid 464
apache-1            | 2026-09-16 17:10:03,121 INFO reaped unknown pid 466
apache-1            | 2026-09-16 17:10:03,121 INFO reaped unknown pid 469
apache-1            | 2026-09-16 17:10:03,121 INFO reaped unknown pid 470
apache-1            | 2026-09-16 17:10:03,121 INFO reaped unknown pid 477
apache-1            | 2026-09-16 17:10:03,121 INFO reaped unknown pid 481
apache-1            | 2026-09-16 17:10:03,121 INFO reaped unknown pid 483
apache-1            | 2026-09-16 17:10:03,121 INFO reaped unknown pid 485
apache-1            | 2026-09-16 17:10:07,440 INFO reaped unknown pid 474
apache-1            | 2026-09-16 17:10:07,521 INFO reaped unknown pid 476
apache-1            | 2026-09-16 17:10:07,736 INFO reaped unknown pid 479
client-desktop-1    | 16-Sep-2026 17:08:22 [---]    max memory usage when active: 8929.14 MB
client-desktop-1    | 16-Sep-2026 17:08:22 [---]    max memory usage when idle: 8929.14 MB
client-desktop-1    | 16-Sep-2026 17:08:22 [---]    max disk usage: 2.00 GB
client-desktop-1    | 16-Sep-2026 17:08:22 [---]    don't use GPU while active
client-desktop-1    | 16-Sep-2026 17:08:22 [---]    suspend work if non-BOINC CPU load exceeds 25%
client-desktop-1    | 16-Sep-2026 17:08:22 [---]    (to change preferences, visit a project web site or select Preferences in the Manager)
client-desktop-1    | 16-Sep-2026 17:08:22 [---] Setting up project and slot directories
client-desktop-1    | 16-Sep-2026 17:08:22 [---] Checking active tasks
client-desktop-1    | 16-Sep-2026 17:08:22 [---] Setting up GUI RPC socket
client-desktop-1    | dir_open: Could not open directory 'slots' from '/var/lib/boinc-client'.
client-desktop-1    | 16-Sep-2026 17:08:22 [---] Checking presence of 0 project files
client-low-power-1  | 16-Sep-2026 17:08:22 [---] Host name: low-power-01
client-low-power-1  | 16-Sep-2026 17:08:22 [---] Processor: 1 ARM  [Impl 0x61 Arch 8 Variant 0x0 Part 0x000 Rev 0]
client-low-power-1  | 16-Sep-2026 17:08:22 [---] Processor features: fp asimd evtstrm aes pmull sha1 sha2 crc32 atomics fphp asimdhp cpuid asimdrdm jscvt fcma lrcpc dcpop sha3 asimddp sha512 asimdfhm dit uscat ilrcpc flagm sb paca pacg dcpodp flagm2 frint i8mm bf16 bti afp
client-low-power-1  | 16-Sep-2026 17:08:22 [---] OS: Linux Debian GNU/Linux: Debian GNU/Linux 12 (bookworm) [6.8.0-100-generic|libc 2.36]
client-cluster-1    | 16-Sep-2026 17:08:17 [---] Config: GUI RPC allowed from any host
client-cluster-1    | 16-Sep-2026 17:08:17 [---] Config: simulate 4 CPUs
client-cluster-1    | 16-Sep-2026 17:08:17 [---] Config: report completed tasks immediately
client-cluster-2-1  | 16-Sep-2026 17:08:17 [---] Local time is UTC +0 hours
client-cluster-2-1  | 16-Sep-2026 17:08:17 [---] Config: GUI RPC allowed from any host
client-cluster-2-1  | 16-Sep-2026 17:08:17 [---] Config: simulate 4 CPUs
client-cluster-1    | dir_open: Could not open directory 'slots' from '/var/lib/boinc-client'.
client-cluster-1    | 16-Sep-2026 17:08:17 [---] No general preferences found - using defaults
client-cluster-1    | 16-Sep-2026 17:08:17 [---] Reading preferences override file
client-desktop-1    | 16-Sep-2026 17:08:22 [---] This computer is not attached to any projects
client-desktop-1    | 16-Sep-2026 17:08:22 Initialization completed
client-cluster-2-1  | 16-Sep-2026 17:08:17 [---] Config: report completed tasks immediately
client-cluster-2-1  | 16-Sep-2026 17:08:17 [---] No general preferences found - using defaults
client-cluster-2-1  | 16-Sep-2026 17:08:17 [---] Reading preferences override file
client-cluster-2-1  | 16-Sep-2026 17:08:17 [---] Preferences:
client-phone-1      | 16-Sep-2026 17:08:17 [---]    suspend work if non-BOINC CPU load exceeds 25%
client-phone-2-1    | dir_open: Could not open directory 'projects/boincserver.local_boincserver' from '/var/lib/boinc-client'.
client-phone-2-1    | 16-Sep-2026 17:08:18 [---] No general preferences found - using defaults
client-phone-2-1    | 16-Sep-2026 17:08:18 [---] Reading preferences override file
client-phone-2-1    | 16-Sep-2026 17:08:18 [---] Preferences:
client-phone-2-1    | 16-Sep-2026 17:08:18 [---]    max memory usage when active: 8929.14 MB
client-phone-2-1    | 16-Sep-2026 17:08:18 [---]    max memory usage when idle: 8929.14 MB
client-phone-2-1    | 16-Sep-2026 17:08:18 [---]    max disk usage: 2.00 GB
client-phone-2-1    | 16-Sep-2026 17:08:18 [---]    don't use GPU while active
client-phone-2-1    | 16-Sep-2026 17:08:18 [---]    suspend work if non-BOINC CPU load exceeds 25%
mysql-1             | which will also give you the option of removing the test
mysql-1             | databases and anonymous user created by default.  This is
mysql-1             | strongly recommended for production servers.
mysql-1             | 
mysql-1             | See the MariaDB Knowledgebase at http://mariadb.com/kb or the
mysql-1             | MySQL manual for more instructions.
mysql-1             | 
mysql-1             | Please report any problems at http://mariadb.org/jira
mysql-1             | 
client-phone-2-1    | 16-Sep-2026 17:08:18 [---]    (to change preferences, visit a project web site or select Preferences in the Manager)
client-phone-2-1    | 16-Sep-2026 17:08:22 [http://boincserver.local/boincserver/] Fetching scheduler list
client-phone-2-1    | 16-Sep-2026 17:08:24 [http://boincserver.local/boincserver/] Master file download succeeded
client-phone-2-1    | 16-Sep-2026 17:08:29 [http://boincserver.local/boincserver/] Sending scheduler request: Project initialization.
client-phone-2-1    | 16-Sep-2026 17:08:29 [http://boincserver.local/boincserver/] Requesting new tasks for CPU
client-phone-2-1    | 16-Sep-2026 17:08:31 [boincserver] Scheduler request completed: got 1 new tasks
client-phone-2-1    | 16-Sep-2026 17:08:31 [boincserver] Project requested delay of 7 seconds
client-low-power-1  | 16-Sep-2026 17:08:22 [---] Memory: 9.69 GB physical, 0 bytes virtual
client-low-power-1  | 16-Sep-2026 17:08:22 [---] Disk: 18.33 GB total, 15.57 GB free
client-desktop-1    | dir_open: Could not open directory 'projects/boincserver.local_boincserver' from '/var/lib/boinc-client'.
client-desktop-1    | 16-Sep-2026 17:08:23 [---] No general preferences found - using defaults
client-desktop-1    | 16-Sep-2026 17:08:23 [---] Reading preferences override file
client-desktop-1    | 16-Sep-2026 17:08:23 [---] Preferences:
client-desktop-1    | 16-Sep-2026 17:08:23 [---]    max memory usage when active: 8929.14 MB
client-phone-1      | 16-Sep-2026 17:08:17 [---]    (to change preferences, visit a project web site or select Preferences in the Manager)
client-phone-1      | 16-Sep-2026 17:08:17 [---] Setting up project and slot directories
client-phone-1      | 16-Sep-2026 17:08:17 [---] Checking active tasks
client-phone-1      | 16-Sep-2026 17:08:17 [---] Setting up GUI RPC socket
client-phone-1      | 16-Sep-2026 17:08:17 [---] Checking presence of 0 project files
client-phone-1      | 16-Sep-2026 17:08:17 [---] This computer is not attached to any projects
client-phone-1      | 16-Sep-2026 17:08:17 Initialization completed
client-phone-1      | dir_open: Could not open directory 'projects/boincserver.local_boincserver' from '/var/lib/boinc-client'.
client-phone-1      | 16-Sep-2026 17:08:18 [---] No general preferences found - using defaults
client-phone-1      | 16-Sep-2026 17:08:18 [---] Reading preferences override file
client-phone-1      | 16-Sep-2026 17:08:18 [---] Preferences:
client-phone-1      | 16-Sep-2026 17:08:18 [---]    max memory usage when active: 8929.14 MB
client-desktop-1    | 16-Sep-2026 17:08:23 [---]    max memory usage when idle: 8929.14 MB
client-desktop-1    | 16-Sep-2026 17:08:23 [---]    max disk usage: 2.00 GB
client-desktop-1    | 16-Sep-2026 17:08:23 [---]    don't use GPU while active
client-cluster-1    | 16-Sep-2026 17:08:17 [---] Preferences:
client-cluster-1    | 16-Sep-2026 17:08:17 [---]    max memory usage when active: 8929.14 MB
mysql-1             | The latest information about MariaDB is available at http://mariadb.org/.
mysql-1             | You can find additional information about the MySQL part at:
mysql-1             | http://dev.mysql.com
mysql-1             | Consider joining MariaDB's strong and vibrant community:
mysql-1             | https://mariadb.org/get-involved/
mysql-1             | 
mysql-1             | Database initialized
mysql-1             | MySQL init process in progress...
mysql-1             | 2026-09-16 17:06:56 0 [Note] mysqld (mysqld 10.3.8-MariaDB-1:10.3.8+maria~bionic) starting as process 104 ...
client-phone-1      | 16-Sep-2026 17:08:18 [---]    max memory usage when idle: 8929.14 MB
client-phone-1      | 16-Sep-2026 17:08:18 [---]    max disk usage: 2.00 GB
client-phone-1      | 16-Sep-2026 17:08:18 [---]    don't use GPU while active
client-desktop-1    | 16-Sep-2026 17:08:23 [---]    suspend work if non-BOINC CPU load exceeds 25%
client-desktop-1    | 16-Sep-2026 17:08:23 [---]    (to change preferences, visit a project web site or select Preferences in the Manager)
client-desktop-1    | 16-Sep-2026 17:08:27 [http://boincserver.local/boincserver/] Fetching scheduler list
client-desktop-1    | 16-Sep-2026 17:08:34 [http://boincserver.local/boincserver/] Master file download succeeded
client-cluster-1    | 16-Sep-2026 17:08:17 [---]    max memory usage when idle: 8929.14 MB
client-cluster-1    | 16-Sep-2026 17:08:17 [---]    max disk usage: 2.00 GB
client-cluster-1    | 16-Sep-2026 17:08:17 [---]    don't use GPU while active
client-cluster-1    | 16-Sep-2026 17:08:17 [---]    suspend work if non-BOINC CPU load exceeds 25%
client-phone-1      | 16-Sep-2026 17:08:18 [---]    suspend work if non-BOINC CPU load exceeds 25%
client-phone-1      | 16-Sep-2026 17:08:18 [---]    (to change preferences, visit a project web site or select Preferences in the Manager)
client-phone-1      | 16-Sep-2026 17:08:22 [http://boincserver.local/boincserver/] Fetching scheduler list
client-phone-1      | 16-Sep-2026 17:08:24 [http://boincserver.local/boincserver/] Master file download succeeded
client-phone-1      | 16-Sep-2026 17:08:29 [http://boincserver.local/boincserver/] Sending scheduler request: Project initialization.
client-phone-1      | 16-Sep-2026 17:08:29 [http://boincserver.local/boincserver/] Requesting new tasks for CPU
client-phone-1      | 16-Sep-2026 17:08:31 [boincserver] Scheduler request completed: got 1 new tasks
client-phone-1      | 16-Sep-2026 17:08:31 [boincserver] Project requested delay of 7 seconds
client-phone-1      | 16-Sep-2026 17:08:33 [boincserver] Started download of hybrid_synthetic_1.0_aarch64-unknown-linux-gnu
client-phone-1      | 16-Sep-2026 17:08:33 [boincserver] Started download of hybrid_synthetic_input.txt
client-cluster-2-1  | 16-Sep-2026 17:08:17 [---]    max memory usage when active: 8929.14 MB
client-cluster-2-1  | 16-Sep-2026 17:08:17 [---]    max memory usage when idle: 8929.14 MB
client-cluster-2-1  | 16-Sep-2026 17:08:17 [---]    max disk usage: 2.00 GB
client-cluster-2-1  | 16-Sep-2026 17:08:17 [---]    don't use GPU while active
client-cluster-2-1  | 16-Sep-2026 17:08:17 [---]    suspend work if non-BOINC CPU load exceeds 25%
client-cluster-2-1  | 16-Sep-2026 17:08:17 [---]    (to change preferences, visit a project web site or select Preferences in the Manager)
client-cluster-1    | 16-Sep-2026 17:08:17 [---]    (to change preferences, visit a project web site or select Preferences in the Manager)
client-cluster-1    | 16-Sep-2026 17:08:17 [---] Setting up project and slot directories
client-cluster-1    | 16-Sep-2026 17:08:17 [---] Checking active tasks
client-cluster-1    | 16-Sep-2026 17:08:17 [---] Setting up GUI RPC socket
client-cluster-2-1  | 16-Sep-2026 17:08:17 [---] Setting up project and slot directories
client-cluster-2-1  | 16-Sep-2026 17:08:17 [---] Checking active tasks
client-cluster-2-1  | 16-Sep-2026 17:08:17 [---] Setting up GUI RPC socket
client-cluster-2-1  | dir_open: Could not open directory 'slots' from '/var/lib/boinc-client'.
client-cluster-2-1  | 16-Sep-2026 17:08:17 [---] Checking presence of 0 project files
client-cluster-2-1  | 16-Sep-2026 17:08:17 [---] This computer is not attached to any projects
client-cluster-2-1  | 16-Sep-2026 17:08:17 Initialization completed
client-cluster-2-1  | dir_open: Could not open directory 'projects/boincserver.local_boincserver' from '/var/lib/boinc-client'.
client-cluster-2-1  | 16-Sep-2026 17:08:18 [---] No general preferences found - using defaults
client-cluster-2-1  | 16-Sep-2026 17:08:18 [---] Reading preferences override file
client-cluster-1    | 16-Sep-2026 17:08:17 [---] Checking presence of 0 project files
client-cluster-1    | 16-Sep-2026 17:08:17 [---] This computer is not attached to any projects
client-cluster-1    | 16-Sep-2026 17:08:17 Initialization completed
client-desktop-1    | 16-Sep-2026 17:08:39 [http://boincserver.local/boincserver/] Sending scheduler request: Project initialization.
client-desktop-1    | 16-Sep-2026 17:08:39 [http://boincserver.local/boincserver/] Requesting new tasks for CPU
client-desktop-1    | 16-Sep-2026 17:08:41 [boincserver] Scheduler request completed: got 1 new tasks
client-desktop-1    | 16-Sep-2026 17:08:41 [boincserver] Project requested delay of 7 seconds
mysql-1             | 2026-09-16 17:06:56 0 [Note] InnoDB: Using Linux native AIO
mysql-1             | 2026-09-16 17:06:56 0 [Note] InnoDB: Mutexes and rw_locks use GCC atomic builtins
mysql-1             | 2026-09-16 17:06:56 0 [Note] InnoDB: Uses event mutexes
mysql-1             | 2026-09-16 17:06:56 0 [Note] InnoDB: Compressed tables use zlib 1.2.11
mysql-1             | 2026-09-16 17:06:56 0 [Note] InnoDB: Number of pools: 1
mysql-1             | 2026-09-16 17:06:56 0 [Note] InnoDB: Using generic crc32 instructions
mysql-1             | 2026-09-16 17:06:56 0 [Note] InnoDB: Initializing buffer pool, total size = 256M, instances = 1, chunk size = 128M
client-cluster-2-1  | 16-Sep-2026 17:08:18 [---] Preferences:
client-cluster-2-1  | 16-Sep-2026 17:08:18 [---]    max memory usage when active: 8929.14 MB
client-cluster-2-1  | 16-Sep-2026 17:08:18 [---]    max memory usage when idle: 8929.14 MB
client-cluster-2-1  | 16-Sep-2026 17:08:18 [---]    max disk usage: 2.00 GB
client-cluster-2-1  | 16-Sep-2026 17:08:18 [---]    don't use GPU while active
client-cluster-2-1  | 16-Sep-2026 17:08:18 [---]    suspend work if non-BOINC CPU load exceeds 25%
client-cluster-2-1  | 16-Sep-2026 17:08:18 [---]    (to change preferences, visit a project web site or select Preferences in the Manager)
client-cluster-2-1  | 16-Sep-2026 17:08:22 [http://boincserver.local/boincserver/] Fetching scheduler list
client-cluster-2-1  | 16-Sep-2026 17:08:24 [http://boincserver.local/boincserver/] Master file download succeeded
client-cluster-2-1  | 16-Sep-2026 17:08:29 [http://boincserver.local/boincserver/] Sending scheduler request: Project initialization.
client-cluster-2-1  | 16-Sep-2026 17:08:29 [http://boincserver.local/boincserver/] Requesting new tasks for CPU
client-cluster-2-1  | 16-Sep-2026 17:08:31 [boincserver] Scheduler request completed: got 1 new tasks
mysql-1             | 2026-09-16 17:06:56 0 [Note] InnoDB: Completed initialization of buffer pool
mysql-1             | 2026-09-16 17:06:56 0 [Note] InnoDB: If the mysqld execution user is authorized, page cleaner thread priority can be changed. See the man page of setpriority().
mysql-1             | 2026-09-16 17:06:56 0 [Note] InnoDB: 128 out of 128 rollback segments are active.
mysql-1             | 2026-09-16 17:06:56 0 [Note] InnoDB: Creating shared tablespace for temporary tables
client-cluster-1    | dir_open: Could not open directory 'projects/boincserver.local_boincserver' from '/var/lib/boinc-client'.
client-cluster-1    | 16-Sep-2026 17:08:18 [---] No general preferences found - using defaults
client-cluster-1    | 16-Sep-2026 17:08:18 [---] Reading preferences override file
client-cluster-1    | 16-Sep-2026 17:08:18 [---] Preferences:
client-cluster-1    | 16-Sep-2026 17:08:18 [---]    max memory usage when active: 8929.14 MB
client-cluster-1    | 16-Sep-2026 17:08:18 [---]    max memory usage when idle: 8929.14 MB
client-phone-1      | 16-Sep-2026 17:08:35 [boincserver] Finished download of hybrid_synthetic_1.0_aarch64-unknown-linux-gnu
client-phone-1      | 16-Sep-2026 17:08:35 [boincserver] Finished download of hybrid_synthetic_input.txt
client-low-power-1  | 16-Sep-2026 17:08:22 [---] Local time is UTC +0 hours
client-low-power-1  | 16-Sep-2026 17:08:22 [---] Config: GUI RPC allowed from any host
client-low-power-1  | 16-Sep-2026 17:08:22 [---] Config: simulate 1 CPUs
client-phone-2-1    | 16-Sep-2026 17:08:33 [boincserver] Started download of hybrid_synthetic_1.0_aarch64-unknown-linux-gnu
client-phone-2-1    | 16-Sep-2026 17:08:33 [boincserver] Started download of hybrid_synthetic_input.txt
client-phone-2-1    | 16-Sep-2026 17:08:35 [boincserver] Finished download of hybrid_synthetic_1.0_aarch64-unknown-linux-gnu
client-phone-2-1    | 16-Sep-2026 17:08:35 [boincserver] Finished download of hybrid_synthetic_input.txt
client-phone-2-1    | 16-Sep-2026 17:08:35 [boincserver] Starting task exp_20260916T165346Z_lpt_long_1_0
client-phone-2-1    | 16-Sep-2026 17:08:41 [boincserver] Sending scheduler request: To fetch work.
client-phone-2-1    | 16-Sep-2026 17:08:41 [boincserver] Requesting new tasks for CPU
client-phone-2-1    | 16-Sep-2026 17:08:48 [boincserver] Scheduler request completed: got 1 new tasks
client-phone-2-1    | 16-Sep-2026 17:08:48 [boincserver] Project requested delay of 7 seconds
client-phone-2-1    | 16-Sep-2026 17:08:58 [boincserver] Sending scheduler request: To fetch work.
client-phone-2-1    | 16-Sep-2026 17:08:58 [boincserver] Requesting new tasks for CPU
client-phone-2-1    | 16-Sep-2026 17:09:00 [boincserver] Scheduler request completed: got 0 new tasks
client-phone-2-1    | 16-Sep-2026 17:09:00 [boincserver] No tasks sent
client-phone-2-1    | 16-Sep-2026 17:09:00 [boincserver] This computer has reached a limit on tasks in progress
client-phone-2-1    | 16-Sep-2026 17:09:00 [boincserver] Project requested delay of 7 seconds
client-cluster-1    | 16-Sep-2026 17:08:18 [---]    max disk usage: 2.00 GB
client-cluster-1    | 16-Sep-2026 17:08:18 [---]    don't use GPU while active
mysql-1             | 2026-09-16 17:06:56 0 [Note] InnoDB: Setting file './ibtmp1' size to 12 MB. Physically writing the file full; Please wait ...
mysql-1             | 2026-09-16 17:06:56 0 [Note] InnoDB: File './ibtmp1' size is now 12 MB.
mysql-1             | 2026-09-16 17:06:56 0 [Note] InnoDB: Waiting for purge to start
mysql-1             | 2026-09-16 17:06:56 0 [Note] InnoDB: 10.3.8 started; log sequence number 1630815; transaction id 21
mysql-1             | 2026-09-16 17:06:56 0 [Note] InnoDB: Loading buffer pool(s) from /var/lib/mysql/ib_buffer_pool
mysql-1             | 2026-09-16 17:06:56 0 [Note] Plugin 'FEEDBACK' is disabled.
mysql-1             | 2026-09-16 17:06:56 0 [Note] InnoDB: Buffer pool(s) load completed at 260916 17:06:56
mysql-1             | 2026-09-16 17:06:56 0 [Warning] 'user' entry 'root@04d5250d43cb' ignored in --skip-name-resolve mode.
mysql-1             | 2026-09-16 17:06:56 0 [Warning] 'user' entry '@04d5250d43cb' ignored in --skip-name-resolve mode.
mysql-1             | 2026-09-16 17:06:56 0 [Warning] 'proxies_priv' entry '@% root@04d5250d43cb' ignored in --skip-name-resolve mode.
mysql-1             | 2026-09-16 17:06:56 0 [Note] Reading of all Master_info entries succeded
mysql-1             | 2026-09-16 17:06:56 0 [Note] Added new Master_info '' to hash table
mysql-1             | 2026-09-16 17:06:56 0 [Note] mysqld: ready for connections.
mysql-1             | Version: '10.3.8-MariaDB-1:10.3.8+maria~bionic'  socket: '/var/run/mysqld/mysqld.sock'  port: 0  mariadb.org binary distribution
mysql-1             | Warning: Unable to load '/usr/share/zoneinfo/leap-seconds.list' as time zone. Skipping it.
mysql-1             | 2026-09-16 17:06:58 10 [Warning] 'proxies_priv' entry '@% root@04d5250d43cb' ignored in --skip-name-resolve mode.
mysql-1             | 
mysql-1             | 2026-09-16 17:06:58 0 [Note] mysqld (initiated by: unknown): Normal shutdown
client-cluster-1    | 16-Sep-2026 17:08:18 [---]    suspend work if non-BOINC CPU load exceeds 25%
client-cluster-1    | 16-Sep-2026 17:08:18 [---]    (to change preferences, visit a project web site or select Preferences in the Manager)
client-cluster-1    | 16-Sep-2026 17:08:22 [http://boincserver.local/boincserver/] Fetching scheduler list
client-cluster-1    | 16-Sep-2026 17:08:29 [http://boincserver.local/boincserver/] Master file download succeeded
client-cluster-1    | 16-Sep-2026 17:08:34 [http://boincserver.local/boincserver/] Sending scheduler request: Project initialization.
client-cluster-1    | 16-Sep-2026 17:08:34 [http://boincserver.local/boincserver/] Requesting new tasks for CPU
client-cluster-1    | 16-Sep-2026 17:08:36 [boincserver] Scheduler request completed: got 1 new tasks
client-cluster-1    | 16-Sep-2026 17:08:36 [boincserver] Project requested delay of 7 seconds
client-cluster-1    | 16-Sep-2026 17:08:38 [boincserver] Started download of hybrid_synthetic_1.0_aarch64-unknown-linux-gnu
client-cluster-1    | 16-Sep-2026 17:08:38 [boincserver] Started download of hybrid_synthetic_input.txt
client-cluster-1    | 16-Sep-2026 17:08:40 [boincserver] Finished download of hybrid_synthetic_1.0_aarch64-unknown-linux-gnu
client-phone-1      | 16-Sep-2026 17:08:35 [boincserver] Starting task exp_20260916T165346Z_lpt_long_2_0
client-phone-1      | 16-Sep-2026 17:08:41 [boincserver] Sending scheduler request: To fetch work.
client-phone-1      | 16-Sep-2026 17:08:41 [boincserver] Requesting new tasks for CPU
client-phone-1      | 16-Sep-2026 17:08:43 [boincserver] Scheduler request completed: got 1 new tasks
client-phone-2-1    | 16-Sep-2026 17:10:38 [boincserver] Computation for task exp_20260916T165346Z_lpt_long_1_0 finished
client-phone-2-1    | 16-Sep-2026 17:10:38 [boincserver] Starting task exp_20260916T165346Z_lpt_medium_3_0
client-phone-2-1    | 16-Sep-2026 17:10:40 [boincserver] Started upload of exp_20260916T165346Z_lpt_long_1_0_r692300763_0
client-phone-2-1    | 16-Sep-2026 17:10:42 [boincserver] Finished upload of exp_20260916T165346Z_lpt_long_1_0_r692300763_0
client-phone-2-1    | 16-Sep-2026 17:10:43 [boincserver] Sending scheduler request: To report completed tasks.
client-phone-2-1    | 16-Sep-2026 17:10:43 [boincserver] Reporting 1 completed tasks
client-phone-2-1    | 16-Sep-2026 17:10:43 [boincserver] Requesting new tasks for CPU
client-phone-2-1    | 16-Sep-2026 17:10:45 [boincserver] Scheduler request completed: got 0 new tasks
client-phone-2-1    | 16-Sep-2026 17:10:45 [boincserver] Project has no tasks available
client-phone-2-1    | 16-Sep-2026 17:10:45 [boincserver] Project requested delay of 7 seconds
client-phone-2-1    | 16-Sep-2026 17:10:55 [boincserver] Sending scheduler request: To fetch work.
client-low-power-1  | 16-Sep-2026 17:08:22 [---] Config: report completed tasks immediately
client-low-power-1  | 16-Sep-2026 17:08:22 [---] No general preferences found - using defaults
client-low-power-1  | 16-Sep-2026 17:08:22 [---] Reading preferences override file
client-low-power-1  | 16-Sep-2026 17:08:22 [---] Preferences:
client-low-power-1  | 16-Sep-2026 17:08:22 [---]    max memory usage when active: 8929.14 MB
client-low-power-1  | 16-Sep-2026 17:08:22 [---]    max memory usage when idle: 8929.14 MB
client-cluster-2-1  | 16-Sep-2026 17:08:31 [boincserver] Project requested delay of 7 seconds
client-cluster-2-1  | 16-Sep-2026 17:08:33 [boincserver] Started download of hybrid_synthetic_1.0_aarch64-unknown-linux-gnu
client-cluster-2-1  | 16-Sep-2026 17:08:33 [boincserver] Started download of hybrid_synthetic_input.txt
client-cluster-2-1  | 16-Sep-2026 17:08:35 [boincserver] Finished download of hybrid_synthetic_1.0_aarch64-unknown-linux-gnu
client-cluster-2-1  | 16-Sep-2026 17:08:35 [boincserver] Finished download of hybrid_synthetic_input.txt
client-cluster-2-1  | 16-Sep-2026 17:08:35 [boincserver] Starting task exp_20260916T165346Z_lpt_long_3_0
client-cluster-2-1  | 16-Sep-2026 17:08:41 [boincserver] Sending scheduler request: To fetch work.
client-cluster-2-1  | 16-Sep-2026 17:08:41 [boincserver] Requesting new tasks for CPU
client-cluster-2-1  | 16-Sep-2026 17:08:48 [boincserver] Scheduler request completed: got 4 new tasks
client-cluster-2-1  | 16-Sep-2026 17:08:48 [boincserver] Project requested delay of 7 seconds
client-cluster-2-1  | 16-Sep-2026 17:08:50 [boincserver] Starting task exp_20260916T165346Z_lpt_medium_11_0
client-cluster-2-1  | 16-Sep-2026 17:08:50 [boincserver] Starting task exp_20260916T165346Z_lpt_medium_8_0
client-cluster-2-1  | 16-Sep-2026 17:08:50 [boincserver] Starting task exp_20260916T165346Z_lpt_medium_9_0
client-cluster-2-1  | 16-Sep-2026 17:08:58 [boincserver] Sending scheduler request: To fetch work.
client-cluster-2-1  | 16-Sep-2026 17:08:58 [boincserver] Requesting new tasks for CPU
client-cluster-2-1  | 16-Sep-2026 17:09:00 [boincserver] Scheduler request completed: got 3 new tasks
client-cluster-2-1  | 16-Sep-2026 17:09:00 [boincserver] Project requested delay of 7 seconds
client-cluster-2-1  | 16-Sep-2026 17:09:15 [boincserver] Sending scheduler request: To fetch work.
client-cluster-2-1  | 16-Sep-2026 17:09:15 [boincserver] Requesting new tasks for CPU
client-phone-1      | 16-Sep-2026 17:08:43 [boincserver] Project requested delay of 7 seconds
client-phone-1      | 16-Sep-2026 17:08:53 [boincserver] Sending scheduler request: To fetch work.
client-phone-1      | 16-Sep-2026 17:08:53 [boincserver] Requesting new tasks for CPU
mysql-1             | 2026-09-16 17:06:58 0 [Note] Event Scheduler: Purging the queue. 0 events
mysql-1             | 2026-09-16 17:06:58 0 [Note] InnoDB: FTS optimize thread exiting.
client-low-power-1  | dir_open: Could not open directory 'slots' from '/var/lib/boinc-client'.
client-low-power-1  | 16-Sep-2026 17:08:22 [---]    max disk usage: 2.00 GB
client-low-power-1  | 16-Sep-2026 17:08:22 [---]    don't use GPU while active
client-low-power-1  | 16-Sep-2026 17:08:22 [---]    suspend work if non-BOINC CPU load exceeds 25%
client-low-power-1  | 16-Sep-2026 17:08:22 [---]    (to change preferences, visit a project web site or select Preferences in the Manager)
client-low-power-1  | 16-Sep-2026 17:08:22 [---] Setting up project and slot directories
client-low-power-1  | 16-Sep-2026 17:08:22 [---] Checking active tasks
client-low-power-1  | 16-Sep-2026 17:08:22 [---] Setting up GUI RPC socket
client-low-power-1  | 16-Sep-2026 17:08:22 [---] Checking presence of 0 project files
client-low-power-1  | 16-Sep-2026 17:08:22 [---] This computer is not attached to any projects
client-low-power-1  | 16-Sep-2026 17:08:22 Initialization completed
client-low-power-1  | dir_open: Could not open directory 'projects/boincserver.local_boincserver' from '/var/lib/boinc-client'.
client-low-power-1  | 16-Sep-2026 17:08:23 [---] No general preferences found - using defaults
client-low-power-1  | 16-Sep-2026 17:08:23 [---] Reading preferences override file
client-low-power-1  | 16-Sep-2026 17:08:23 [---] Preferences:
client-low-power-1  | 16-Sep-2026 17:08:23 [---]    max memory usage when active: 8929.14 MB
client-low-power-1  | 16-Sep-2026 17:08:23 [---]    max memory usage when idle: 8929.14 MB
client-low-power-1  | 16-Sep-2026 17:08:23 [---]    max disk usage: 2.00 GB
client-phone-2-1    | 16-Sep-2026 17:10:55 [boincserver] Requesting new tasks for CPU
client-phone-2-1    | 16-Sep-2026 17:10:57 [boincserver] Scheduler request completed: got 0 new tasks
client-phone-2-1    | 16-Sep-2026 17:10:57 [boincserver] Project has no tasks available
client-cluster-1    | 16-Sep-2026 17:08:40 [boincserver] Finished download of hybrid_synthetic_input.txt
client-cluster-1    | 16-Sep-2026 17:08:40 [boincserver] Starting task exp_20260916T165346Z_lpt_long_4_0
client-cluster-1    | 16-Sep-2026 17:08:46 [boincserver] Sending scheduler request: To fetch work.
client-cluster-1    | 16-Sep-2026 17:08:46 [boincserver] Requesting new tasks for CPU
client-cluster-1    | 16-Sep-2026 17:08:48 [boincserver] Scheduler request completed: got 4 new tasks
client-desktop-1    | 16-Sep-2026 17:08:43 [boincserver] Started download of hybrid_synthetic_1.0_aarch64-unknown-linux-gnu
client-desktop-1    | 16-Sep-2026 17:08:43 [boincserver] Started download of hybrid_synthetic_input.txt
client-desktop-1    | 16-Sep-2026 17:08:45 [boincserver] Finished download of hybrid_synthetic_1.0_aarch64-unknown-linux-gnu
client-desktop-1    | 16-Sep-2026 17:08:45 [boincserver] Finished download of hybrid_synthetic_input.txt
client-desktop-1    | 16-Sep-2026 17:08:45 [boincserver] Starting task exp_20260916T165346Z_lpt_long_6_0
client-desktop-1    | 16-Sep-2026 17:08:51 [boincserver] Sending scheduler request: To fetch work.
client-desktop-1    | 16-Sep-2026 17:08:51 [boincserver] Requesting new tasks for CPU
client-desktop-1    | 16-Sep-2026 17:08:53 [boincserver] Scheduler request completed: got 2 new tasks
client-desktop-1    | 16-Sep-2026 17:08:53 [boincserver] Project requested delay of 7 seconds
client-low-power-1  | 16-Sep-2026 17:08:23 [---]    don't use GPU while active
client-low-power-1  | 16-Sep-2026 17:08:23 [---]    suspend work if non-BOINC CPU load exceeds 25%
client-low-power-1  | 16-Sep-2026 17:08:23 [---]    (to change preferences, visit a project web site or select Preferences in the Manager)
client-cluster-1    | 16-Sep-2026 17:08:48 [boincserver] Project requested delay of 7 seconds
client-cluster-1    | 16-Sep-2026 17:08:50 [boincserver] Starting task exp_20260916T165346Z_lpt_medium_2_0
client-cluster-1    | 16-Sep-2026 17:08:50 [boincserver] Starting task exp_20260916T165346Z_lpt_medium_10_0
client-cluster-1    | 16-Sep-2026 17:08:50 [boincserver] Starting task exp_20260916T165346Z_lpt_medium_6_0
client-cluster-1    | 16-Sep-2026 17:09:05 [boincserver] Sending scheduler request: To fetch work.
client-cluster-1    | 16-Sep-2026 17:09:05 [boincserver] Requesting new tasks for CPU
client-cluster-1    | 16-Sep-2026 17:09:07 [boincserver] Scheduler request completed: got 3 new tasks
client-low-power-1  | 16-Sep-2026 17:08:27 [http://boincserver.local/boincserver/] Fetching scheduler list
client-low-power-1  | 16-Sep-2026 17:08:29 [http://boincserver.local/boincserver/] Master file download succeeded
client-desktop-1    | 16-Sep-2026 17:08:55 [boincserver] Elapsed time limit 50.000000 < 120.000000; setting to 43200.000000
client-desktop-1    | 16-Sep-2026 17:08:55 [boincserver] Starting task exp_20260916T165346Z_lpt_short_1_0
client-desktop-1    | 16-Sep-2026 17:09:03 [boincserver] Computation for task exp_20260916T165346Z_lpt_short_1_0 finished
client-desktop-1    | 16-Sep-2026 17:09:03 [boincserver] Starting task exp_20260916T165346Z_lpt_medium_12_0
client-desktop-1    | 16-Sep-2026 17:09:03 [boincserver] Sending scheduler request: To fetch work.
client-desktop-1    | 16-Sep-2026 17:09:03 [boincserver] Requesting new tasks for CPU
client-desktop-1    | 16-Sep-2026 17:09:05 [boincserver] Started upload of exp_20260916T165346Z_lpt_short_1_0_r550966788_0
client-desktop-1    | 16-Sep-2026 17:09:05 [boincserver] Scheduler request completed: got 1 new tasks
client-desktop-1    | 16-Sep-2026 17:09:05 [boincserver] Project requested delay of 7 seconds
client-desktop-1    | 16-Sep-2026 17:09:07 [boincserver] Finished upload of exp_20260916T165346Z_lpt_short_1_0_r550966788_0
client-desktop-1    | 16-Sep-2026 17:09:25 [boincserver] Sending scheduler request: To report completed tasks.
client-phone-2-1    | 16-Sep-2026 17:10:57 [boincserver] Project requested delay of 7 seconds
client-phone-2-1    | 16-Sep-2026 17:11:12 [boincserver] Computation for task exp_20260916T165346Z_lpt_medium_3_0 finished
client-phone-2-1    | 16-Sep-2026 17:11:14 [boincserver] Started upload of exp_20260916T165346Z_lpt_medium_3_0_r1986392887_0
client-phone-2-1    | 16-Sep-2026 17:11:16 [boincserver] Finished upload of exp_20260916T165346Z_lpt_medium_3_0_r1986392887_0
client-phone-2-1    | 16-Sep-2026 17:11:20 [boincserver] Sending scheduler request: To report completed tasks.
client-phone-2-1    | 16-Sep-2026 17:11:20 [boincserver] Reporting 1 completed tasks
client-phone-2-1    | 16-Sep-2026 17:11:20 [boincserver] Requesting new tasks for CPU
client-phone-2-1    | 16-Sep-2026 17:11:22 [boincserver] Scheduler request completed: got 0 new tasks
client-phone-2-1    | 16-Sep-2026 17:11:22 [boincserver] Project has no tasks available
mysql-1             | 2026-09-16 17:06:58 0 [Note] InnoDB: Starting shutdown...
mysql-1             | 2026-09-16 17:06:58 0 [Note] InnoDB: Dumping buffer pool(s) to /var/lib/mysql/ib_buffer_pool
client-phone-1      | 16-Sep-2026 17:08:55 [boincserver] Scheduler request completed: got 0 new tasks
client-phone-1      | 16-Sep-2026 17:08:55 [boincserver] No tasks sent
client-phone-1      | 16-Sep-2026 17:08:55 [boincserver] This computer has reached a limit on tasks in progress
client-phone-1      | 16-Sep-2026 17:08:55 [boincserver] Project requested delay of 7 seconds
client-phone-2-1    | 16-Sep-2026 17:11:22 [boincserver] Project requested delay of 7 seconds
client-phone-2-1    | 16-Sep-2026 17:11:32 [boincserver] Sending scheduler request: To fetch work.
client-phone-2-1    | 16-Sep-2026 17:11:32 [boincserver] Requesting new tasks for CPU
client-phone-2-1    | 16-Sep-2026 17:11:34 [boincserver] Scheduler request completed: got 0 new tasks
client-phone-2-1    | 16-Sep-2026 17:11:34 [boincserver] Project has no tasks available
client-phone-2-1    | 16-Sep-2026 17:11:34 [boincserver] Project requested delay of 7 seconds
client-phone-1      | 16-Sep-2026 17:10:38 [boincserver] Computation for task exp_20260916T165346Z_lpt_long_2_0 finished
client-phone-1      | 16-Sep-2026 17:10:38 [boincserver] Starting task exp_20260916T165346Z_lpt_medium_1_0
client-phone-1      | 16-Sep-2026 17:10:40 [boincserver] Started upload of exp_20260916T165346Z_lpt_long_2_0_r532800802_0
client-phone-1      | 16-Sep-2026 17:10:42 [boincserver] Finished upload of exp_20260916T165346Z_lpt_long_2_0_r532800802_0
client-phone-1      | 16-Sep-2026 17:10:43 [boincserver] Sending scheduler request: To report completed tasks.
client-cluster-2-1  | 16-Sep-2026 17:09:17 [boincserver] Scheduler request completed: got 0 new tasks
client-cluster-2-1  | 16-Sep-2026 17:09:17 [boincserver] No tasks sent
client-cluster-2-1  | 16-Sep-2026 17:09:17 [boincserver] This computer has reached a limit on tasks in progress
client-cluster-2-1  | 16-Sep-2026 17:09:17 [boincserver] Project requested delay of 7 seconds
client-cluster-2-1  | 16-Sep-2026 17:09:22 [boincserver] Computation for task exp_20260916T165346Z_lpt_medium_8_0 finished
client-cluster-2-1  | 16-Sep-2026 17:09:22 [boincserver] Starting task exp_20260916T165346Z_lpt_medium_5_0
client-cluster-2-1  | 16-Sep-2026 17:09:23 [boincserver] Computation for task exp_20260916T165346Z_lpt_medium_11_0 finished
client-cluster-2-1  | 16-Sep-2026 17:09:23 [boincserver] Elapsed time limit 50.000000 < 120.000000; setting to 43200.000000
client-cluster-2-1  | 16-Sep-2026 17:09:23 [boincserver] Starting task exp_20260916T165346Z_lpt_short_5_0
client-low-power-1  | 16-Sep-2026 17:08:34 [http://boincserver.local/boincserver/] Sending scheduler request: Project initialization.
client-low-power-1  | 16-Sep-2026 17:08:34 [http://boincserver.local/boincserver/] Requesting new tasks for CPU
client-cluster-1    | 16-Sep-2026 17:09:07 [boincserver] Project requested delay of 7 seconds
client-cluster-1    | 16-Sep-2026 17:09:17 [boincserver] Sending scheduler request: To fetch work.
client-desktop-1    | 16-Sep-2026 17:09:25 [boincserver] Reporting 1 completed tasks
client-desktop-1    | 16-Sep-2026 17:09:25 [boincserver] Requesting new tasks for CPU
client-desktop-1    | 16-Sep-2026 17:09:27 [boincserver] Scheduler request completed: got 1 new tasks
client-desktop-1    | 16-Sep-2026 17:09:27 [boincserver] Project requested delay of 7 seconds
client-desktop-1    | 16-Sep-2026 17:09:36 [boincserver] Computation for task exp_20260916T165346Z_lpt_medium_12_0 finished
client-cluster-1    | 16-Sep-2026 17:09:17 [boincserver] Requesting new tasks for CPU
client-cluster-1    | 16-Sep-2026 17:09:19 [boincserver] Scheduler request completed: got 0 new tasks
client-cluster-1    | 16-Sep-2026 17:09:19 [boincserver] No tasks sent
client-cluster-1    | 16-Sep-2026 17:09:19 [boincserver] This computer has reached a limit on tasks in progress
client-cluster-1    | 16-Sep-2026 17:09:19 [boincserver] Project requested delay of 7 seconds
client-cluster-1    | 16-Sep-2026 17:09:22 [boincserver] Computation for task exp_20260916T165346Z_lpt_medium_2_0 finished
client-cluster-2-1  | 16-Sep-2026 17:09:24 [boincserver] Started upload of exp_20260916T165346Z_lpt_medium_8_0_r367031976_0
client-cluster-2-1  | 16-Sep-2026 17:09:24 [boincserver] Computation for task exp_20260916T165346Z_lpt_medium_9_0 finished
client-cluster-2-1  | 16-Sep-2026 17:09:24 [boincserver] Elapsed time limit 50.000000 < 120.000000; setting to 43200.000000
client-cluster-2-1  | 16-Sep-2026 17:09:24 [boincserver] Starting task exp_20260916T165346Z_lpt_short_3_0
client-cluster-2-1  | 16-Sep-2026 17:09:25 [boincserver] Started upload of exp_20260916T165346Z_lpt_medium_11_0_r1870025392_0
client-cluster-2-1  | 16-Sep-2026 17:09:26 [boincserver] Finished upload of exp_20260916T165346Z_lpt_medium_8_0_r367031976_0
client-cluster-2-1  | 16-Sep-2026 17:09:26 [boincserver] Finished upload of exp_20260916T165346Z_lpt_medium_11_0_r1870025392_0
client-cluster-2-1  | 16-Sep-2026 17:09:26 [boincserver] Started upload of exp_20260916T165346Z_lpt_medium_9_0_r1023292694_0
client-cluster-2-1  | 16-Sep-2026 17:09:28 [boincserver] Finished upload of exp_20260916T165346Z_lpt_medium_9_0_r1023292694_0
client-cluster-2-1  | 16-Sep-2026 17:09:31 [boincserver] Computation for task exp_20260916T165346Z_lpt_short_5_0 finished
client-cluster-2-1  | 16-Sep-2026 17:09:31 [boincserver] Elapsed time limit 50.000000 < 120.000000; setting to 43200.000000
client-cluster-2-1  | 16-Sep-2026 17:09:31 [boincserver] Starting task exp_20260916T165346Z_lpt_short_4_0
client-cluster-2-1  | 16-Sep-2026 17:09:32 [boincserver] Computation for task exp_20260916T165346Z_lpt_short_3_0 finished
client-cluster-2-1  | 16-Sep-2026 17:09:32 [boincserver] Sending scheduler request: To report completed tasks.
client-cluster-2-1  | 16-Sep-2026 17:09:32 [boincserver] Reporting 3 completed tasks
client-cluster-2-1  | 16-Sep-2026 17:09:32 [boincserver] Requesting new tasks for CPU
client-cluster-2-1  | 16-Sep-2026 17:09:33 [boincserver] Started upload of exp_20260916T165346Z_lpt_short_5_0_r1126336487_0
client-cluster-2-1  | 16-Sep-2026 17:09:34 [boincserver] Finished upload of exp_20260916T165346Z_lpt_short_5_0_r1126336487_0
client-cluster-2-1  | 16-Sep-2026 17:09:34 [boincserver] Started upload of exp_20260916T165346Z_lpt_short_3_0_r830156526_0
client-cluster-2-1  | 16-Sep-2026 17:09:34 [boincserver] Scheduler request completed: got 3 new tasks
client-cluster-2-1  | 16-Sep-2026 17:09:34 [boincserver] Project requested delay of 7 seconds
client-cluster-2-1  | 16-Sep-2026 17:09:36 [boincserver] Finished upload of exp_20260916T165346Z_lpt_short_3_0_r830156526_0
client-cluster-2-1  | 16-Sep-2026 17:09:36 [boincserver] Elapsed time limit 50.000000 < 120.000000; setting to 43200.000000
client-cluster-2-1  | 16-Sep-2026 17:09:36 [boincserver] Starting task exp_20260916T165346Z_lpt_short_10_0
client-desktop-1    | 16-Sep-2026 17:09:36 [boincserver] Elapsed time limit 50.000000 < 120.000000; setting to 43200.000000
client-desktop-1    | 16-Sep-2026 17:09:36 [boincserver] Starting task exp_20260916T165346Z_lpt_short_2_0
client-desktop-1    | 16-Sep-2026 17:09:37 [boincserver] Sending scheduler request: To fetch work.
client-desktop-1    | 16-Sep-2026 17:09:37 [boincserver] Requesting new tasks for CPU
client-desktop-1    | 16-Sep-2026 17:09:38 [boincserver] Started upload of exp_20260916T165346Z_lpt_medium_12_0_r493976906_0
client-desktop-1    | 16-Sep-2026 17:09:39 [boincserver] Finished upload of exp_20260916T165346Z_lpt_medium_12_0_r493976906_0
client-desktop-1    | 16-Sep-2026 17:09:43 [boincserver] Scheduler request completed: got 0 new tasks
client-desktop-1    | 16-Sep-2026 17:09:43 [boincserver] No tasks sent
client-desktop-1    | 16-Sep-2026 17:09:43 [boincserver] This computer has reached a limit on tasks in progress
client-desktop-1    | 16-Sep-2026 17:09:43 [boincserver] Project requested delay of 7 seconds
client-desktop-1    | 16-Sep-2026 17:09:44 [boincserver] Computation for task exp_20260916T165346Z_lpt_short_2_0 finished
client-desktop-1    | 16-Sep-2026 17:09:44 [boincserver] Elapsed time limit 50.000000 < 120.000000; setting to 43200.000000
client-phone-1      | 16-Sep-2026 17:10:43 [boincserver] Reporting 1 completed tasks
client-phone-1      | 16-Sep-2026 17:10:43 [boincserver] Requesting new tasks for CPU
client-phone-1      | 16-Sep-2026 17:11:00 [boincserver] Scheduler request completed: got 0 new tasks
mysql-1             | 2026-09-16 17:06:58 0 [Note] InnoDB: Buffer pool(s) dump completed at 260916 17:06:58
mysql-1             | 2026-09-16 17:06:59 0 [Note] InnoDB: Shutdown completed; log sequence number 1630824; transaction id 24
mysql-1             | 2026-09-16 17:06:59 0 [Note] InnoDB: Removed temporary tablespace data file: "ibtmp1"
mysql-1             | 2026-09-16 17:06:59 0 [Note] mysqld: Shutdown complete
mysql-1             | 
client-low-power-1  | 16-Sep-2026 17:08:36 [boincserver] Scheduler request completed: got 1 new tasks
client-low-power-1  | 16-Sep-2026 17:08:36 [boincserver] Project requested delay of 7 seconds
client-desktop-1    | 16-Sep-2026 17:09:44 [boincserver] Starting task exp_20260916T165346Z_lpt_short_9_0
client-desktop-1    | 16-Sep-2026 17:09:46 [boincserver] Started upload of exp_20260916T165346Z_lpt_short_2_0_r524243520_0
client-desktop-1    | 16-Sep-2026 17:09:48 [boincserver] Finished upload of exp_20260916T165346Z_lpt_short_2_0_r524243520_0
mysql-1             | 
mysql-1             | MySQL init process done. Ready for start up.
mysql-1             | 
mysql-1             | 2026-09-16 17:06:59 0 [Note] mysqld (mysqld 10.3.8-MariaDB-1:10.3.8+maria~bionic) starting as process 1 ...
mysql-1             | 2026-09-16 17:06:59 0 [Note] InnoDB: Using Linux native AIO
mysql-1             | 2026-09-16 17:06:59 0 [Note] InnoDB: Mutexes and rw_locks use GCC atomic builtins
mysql-1             | 2026-09-16 17:06:59 0 [Note] InnoDB: Uses event mutexes
mysql-1             | 2026-09-16 17:06:59 0 [Note] InnoDB: Compressed tables use zlib 1.2.11
client-low-power-1  | 16-Sep-2026 17:08:38 [boincserver] Started download of hybrid_synthetic_1.0_aarch64-unknown-linux-gnu
client-low-power-1  | 16-Sep-2026 17:08:38 [boincserver] Started download of hybrid_synthetic_input.txt
client-low-power-1  | 16-Sep-2026 17:08:40 [boincserver] Finished download of hybrid_synthetic_1.0_aarch64-unknown-linux-gnu
client-low-power-1  | 16-Sep-2026 17:08:40 [boincserver] Finished download of hybrid_synthetic_input.txt
client-desktop-1    | 16-Sep-2026 17:10:02 [boincserver] Computation for task exp_20260916T165346Z_lpt_short_9_0 finished
client-desktop-1    | 16-Sep-2026 17:10:02 [boincserver] Sending scheduler request: To report completed tasks.
client-desktop-1    | 16-Sep-2026 17:10:02 [boincserver] Reporting 2 completed tasks
client-low-power-1  | 16-Sep-2026 17:08:40 [boincserver] Starting task exp_20260916T165346Z_lpt_long_5_0
client-low-power-1  | 16-Sep-2026 17:08:46 [boincserver] Sending scheduler request: To fetch work.
client-low-power-1  | 16-Sep-2026 17:08:46 [boincserver] Requesting new tasks for CPU
client-low-power-1  | 16-Sep-2026 17:08:48 [boincserver] Scheduler request completed: got 1 new tasks
client-low-power-1  | 16-Sep-2026 17:08:48 [boincserver] Project requested delay of 7 seconds
client-low-power-1  | 16-Sep-2026 17:08:58 [boincserver] Sending scheduler request: To fetch work.
client-low-power-1  | 16-Sep-2026 17:08:58 [boincserver] Requesting new tasks for CPU
client-low-power-1  | 16-Sep-2026 17:09:05 [boincserver] Scheduler request completed: got 0 new tasks
client-phone-1      | 16-Sep-2026 17:11:00 [boincserver] Project has no tasks available
client-phone-1      | 16-Sep-2026 17:11:00 [boincserver] Project requested delay of 7 seconds
client-phone-1      | 16-Sep-2026 17:11:10 [boincserver] Sending scheduler request: To fetch work.
client-desktop-1    | 16-Sep-2026 17:10:02 [boincserver] Requesting new tasks for CPU
client-desktop-1    | 16-Sep-2026 17:10:04 [boincserver] Started upload of exp_20260916T165346Z_lpt_short_9_0_r1414484388_0
client-desktop-1    | 16-Sep-2026 17:10:04 [boincserver] Scheduler request completed: got 0 new tasks
client-desktop-1    | 16-Sep-2026 17:10:04 [boincserver] Project has no tasks available
client-phone-1      | 16-Sep-2026 17:11:10 [boincserver] Requesting new tasks for CPU
client-phone-1      | 16-Sep-2026 17:11:11 [boincserver] Computation for task exp_20260916T165346Z_lpt_medium_1_0 finished
client-cluster-2-1  | 16-Sep-2026 17:09:39 [boincserver] Computation for task exp_20260916T165346Z_lpt_short_4_0 finished
client-cluster-2-1  | 16-Sep-2026 17:09:39 [boincserver] Elapsed time limit 50.000000 < 120.000000; setting to 43200.000000
client-cluster-2-1  | 16-Sep-2026 17:09:39 [boincserver] Starting task exp_20260916T165346Z_lpt_short_12_0
client-cluster-2-1  | 16-Sep-2026 17:09:52 [boincserver] Sending scheduler request: To report completed tasks.
client-cluster-2-1  | 16-Sep-2026 17:09:52 [boincserver] Reporting 2 completed tasks
client-cluster-2-1  | 16-Sep-2026 17:09:52 [boincserver] Requesting new tasks for CPU
client-cluster-2-1  | 16-Sep-2026 17:09:53 [boincserver] Started upload of exp_20260916T165346Z_lpt_short_4_0_r1795650006_0
client-cluster-2-1  | 16-Sep-2026 17:09:54 [boincserver] Finished upload of exp_20260916T165346Z_lpt_short_4_0_r1795650006_0
client-cluster-2-1  | 16-Sep-2026 17:09:54 [boincserver] Computation for task exp_20260916T165346Z_lpt_medium_5_0 finished
client-low-power-1  | 16-Sep-2026 17:09:05 [boincserver] No tasks sent
client-low-power-1  | 16-Sep-2026 17:09:05 [boincserver] This computer has reached a limit on tasks in progress
client-low-power-1  | 16-Sep-2026 17:09:05 [boincserver] Project requested delay of 7 seconds
mysql-1             | 2026-09-16 17:06:59 0 [Note] InnoDB: Number of pools: 1
mysql-1             | 2026-09-16 17:06:59 0 [Note] InnoDB: Using generic crc32 instructions
mysql-1             | 2026-09-16 17:06:59 0 [Note] InnoDB: Initializing buffer pool, total size = 256M, instances = 1, chunk size = 128M
client-cluster-2-1  | 16-Sep-2026 17:09:54 [boincserver] Elapsed time limit 50.000000 < 120.000000; setting to 43200.000000
client-cluster-2-1  | 16-Sep-2026 17:09:54 [boincserver] Starting task exp_20260916T165346Z_lpt_short_11_0
client-cluster-2-1  | 16-Sep-2026 17:09:55 [boincserver] Computation for task exp_20260916T165346Z_lpt_short_10_0 finished
client-desktop-1    | 16-Sep-2026 17:10:04 [boincserver] Project requested delay of 7 seconds
client-desktop-1    | 16-Sep-2026 17:10:06 [boincserver] Finished upload of exp_20260916T165346Z_lpt_short_9_0_r1414484388_0
client-desktop-1    | 16-Sep-2026 17:10:15 [boincserver] Sending scheduler request: To report completed tasks.
client-desktop-1    | 16-Sep-2026 17:10:15 [boincserver] Reporting 1 completed tasks
client-desktop-1    | 16-Sep-2026 17:10:15 [boincserver] Requesting new tasks for CPU
client-desktop-1    | 16-Sep-2026 17:10:17 [boincserver] Scheduler request completed: got 0 new tasks
client-desktop-1    | 16-Sep-2026 17:10:17 [boincserver] Project has no tasks available
client-cluster-2-1  | 16-Sep-2026 17:09:56 [boincserver] Started upload of exp_20260916T165346Z_lpt_medium_5_0_r10889714_0
client-cluster-2-1  | 16-Sep-2026 17:09:56 [boincserver] Computation for task exp_20260916T165346Z_lpt_short_12_0 finished
client-cluster-2-1  | 16-Sep-2026 17:09:57 [boincserver] Started upload of exp_20260916T165346Z_lpt_short_10_0_r2127157156_0
client-cluster-2-1  | 16-Sep-2026 17:09:58 [boincserver] Finished upload of exp_20260916T165346Z_lpt_medium_5_0_r10889714_0
client-desktop-1    | 16-Sep-2026 17:10:17 [boincserver] Project requested delay of 7 seconds
client-desktop-1    | 16-Sep-2026 17:10:27 [boincserver] Sending scheduler request: To fetch work.
client-desktop-1    | 16-Sep-2026 17:10:27 [boincserver] Requesting new tasks for CPU
client-desktop-1    | 16-Sep-2026 17:10:41 [boincserver] Scheduler request completed: got 0 new tasks
client-low-power-1  | 16-Sep-2026 17:10:53 [boincserver] Computation for task exp_20260916T165346Z_lpt_long_5_0 finished
client-low-power-1  | 16-Sep-2026 17:10:53 [boincserver] Starting task exp_20260916T165346Z_lpt_medium_4_0
client-low-power-1  | 16-Sep-2026 17:10:55 [boincserver] Started upload of exp_20260916T165346Z_lpt_long_5_0_r797622569_0
mysql-1             | 2026-09-16 17:06:59 0 [Note] InnoDB: Completed initialization of buffer pool
mysql-1             | 2026-09-16 17:06:59 0 [Note] InnoDB: If the mysqld execution user is authorized, page cleaner thread priority can be changed. See the man page of setpriority().
mysql-1             | 2026-09-16 17:06:59 0 [Note] InnoDB: 128 out of 128 rollback segments are active.
mysql-1             | 2026-09-16 17:06:59 0 [Note] InnoDB: Creating shared tablespace for temporary tables
mysql-1             | 2026-09-16 17:06:59 0 [Note] InnoDB: Setting file './ibtmp1' size to 12 MB. Physically writing the file full; Please wait ...
mysql-1             | 2026-09-16 17:06:59 0 [Note] InnoDB: File './ibtmp1' size is now 12 MB.
mysql-1             | 2026-09-16 17:06:59 0 [Note] InnoDB: 10.3.8 started; log sequence number 1630824; transaction id 21
mysql-1             | 2026-09-16 17:06:59 0 [Note] InnoDB: Loading buffer pool(s) from /var/lib/mysql/ib_buffer_pool
mysql-1             | 2026-09-16 17:06:59 0 [Note] Plugin 'FEEDBACK' is disabled.
client-cluster-2-1  | 16-Sep-2026 17:09:58 [boincserver] Finished upload of exp_20260916T165346Z_lpt_short_10_0_r2127157156_0
client-cluster-2-1  | 16-Sep-2026 17:09:58 [boincserver] Started upload of exp_20260916T165346Z_lpt_short_12_0_r1679135621_0
client-cluster-2-1  | 16-Sep-2026 17:09:59 [boincserver] Finished upload of exp_20260916T165346Z_lpt_short_12_0_r1679135621_0
client-cluster-2-1  | 16-Sep-2026 17:09:59 [boincserver] Scheduler request completed: got 2 new tasks
client-cluster-2-1  | 16-Sep-2026 17:09:59 [boincserver] Project requested delay of 7 seconds
client-cluster-2-1  | 16-Sep-2026 17:10:01 [boincserver] Elapsed time limit 50.000000 < 120.000000; setting to 43200.000000
client-cluster-2-1  | 16-Sep-2026 17:10:01 [boincserver] Elapsed time limit 50.000000 < 120.000000; setting to 43200.000000
client-cluster-2-1  | 16-Sep-2026 17:10:01 [boincserver] Starting task exp_20260916T165346Z_lpt_short_17_0
client-cluster-2-1  | 16-Sep-2026 17:10:01 [boincserver] Starting task exp_20260916T165346Z_lpt_short_13_0
client-cluster-2-1  | 16-Sep-2026 17:10:02 [boincserver] Computation for task exp_20260916T165346Z_lpt_short_11_0 finished
client-cluster-2-1  | 16-Sep-2026 17:10:04 [boincserver] Started upload of exp_20260916T165346Z_lpt_short_11_0_r1387270037_0
client-cluster-2-1  | 16-Sep-2026 17:10:06 [boincserver] Finished upload of exp_20260916T165346Z_lpt_short_11_0_r1387270037_0
client-cluster-1    | 16-Sep-2026 17:09:22 [boincserver] Starting task exp_20260916T165346Z_lpt_medium_7_0
client-cluster-1    | 16-Sep-2026 17:09:23 [boincserver] Computation for task exp_20260916T165346Z_lpt_medium_10_0 finished
client-cluster-1    | 16-Sep-2026 17:09:23 [boincserver] Elapsed time limit 50.000000 < 120.000000; setting to 43200.000000
client-cluster-1    | 16-Sep-2026 17:09:23 [boincserver] Starting task exp_20260916T165346Z_lpt_short_8_0
client-cluster-1    | 16-Sep-2026 17:09:24 [boincserver] Started upload of exp_20260916T165346Z_lpt_medium_2_0_r290048363_0
client-cluster-1    | 16-Sep-2026 17:09:24 [boincserver] Computation for task exp_20260916T165346Z_lpt_medium_6_0 finished
client-cluster-1    | 16-Sep-2026 17:09:24 [boincserver] Elapsed time limit 50.000000 < 120.000000; setting to 43200.000000
client-cluster-1    | 16-Sep-2026 17:09:24 [boincserver] Starting task exp_20260916T165346Z_lpt_short_7_0
client-cluster-1    | 16-Sep-2026 17:09:25 [boincserver] Started upload of exp_20260916T165346Z_lpt_medium_10_0_r1878472489_0
client-cluster-1    | 16-Sep-2026 17:09:26 [boincserver] Finished upload of exp_20260916T165346Z_lpt_medium_2_0_r290048363_0
client-cluster-1    | 16-Sep-2026 17:09:26 [boincserver] Finished upload of exp_20260916T165346Z_lpt_medium_10_0_r1878472489_0
client-cluster-1    | 16-Sep-2026 17:09:26 [boincserver] Started upload of exp_20260916T165346Z_lpt_medium_6_0_r1428105362_0
client-cluster-1    | 16-Sep-2026 17:09:28 [boincserver] Finished upload of exp_20260916T165346Z_lpt_medium_6_0_r1428105362_0
client-cluster-1    | 16-Sep-2026 17:09:29 [boincserver] Sending scheduler request: To report completed tasks.
client-cluster-1    | 16-Sep-2026 17:09:29 [boincserver] Reporting 3 completed tasks
client-cluster-1    | 16-Sep-2026 17:09:29 [boincserver] Requesting new tasks for CPU
mysql-1             | 2026-09-16 17:06:59 0 [Note] InnoDB: Buffer pool(s) load completed at 260916 17:06:59
mysql-1             | 2026-09-16 17:06:59 0 [Note] Server socket created on IP: '::'.
mysql-1             | 2026-09-16 17:06:59 0 [Warning] 'proxies_priv' entry '@% root@04d5250d43cb' ignored in --skip-name-resolve mode.
client-desktop-1    | 16-Sep-2026 17:10:41 [boincserver] Project has no tasks available
client-desktop-1    | 16-Sep-2026 17:10:41 [boincserver] Project requested delay of 7 seconds
client-desktop-1    | 16-Sep-2026 17:10:48 [boincserver] Computation for task exp_20260916T165346Z_lpt_long_6_0 finished
client-desktop-1    | 16-Sep-2026 17:10:50 [boincserver] Started upload of exp_20260916T165346Z_lpt_long_6_0_r1295722879_0
client-desktop-1    | 16-Sep-2026 17:10:52 [boincserver] Finished upload of exp_20260916T165346Z_lpt_long_6_0_r1295722879_0
client-desktop-1    | 16-Sep-2026 17:10:56 [boincserver] Sending scheduler request: To report completed tasks.
client-desktop-1    | 16-Sep-2026 17:10:56 [boincserver] Reporting 1 completed tasks
client-desktop-1    | 16-Sep-2026 17:10:56 [boincserver] Requesting new tasks for CPU
client-desktop-1    | 16-Sep-2026 17:11:03 [boincserver] Scheduler request completed: got 0 new tasks
client-desktop-1    | 16-Sep-2026 17:11:03 [boincserver] Project has no tasks available
client-desktop-1    | 16-Sep-2026 17:11:03 [boincserver] Project requested delay of 7 seconds
client-cluster-2-1  | 16-Sep-2026 17:10:09 [boincserver] Computation for task exp_20260916T165346Z_lpt_short_17_0 finished
client-cluster-2-1  | 16-Sep-2026 17:10:09 [boincserver] Sending scheduler request: To report completed tasks.
client-cluster-2-1  | 16-Sep-2026 17:10:09 [boincserver] Reporting 5 completed tasks
client-cluster-2-1  | 16-Sep-2026 17:10:09 [boincserver] Requesting new tasks for CPU
client-cluster-2-1  | 16-Sep-2026 17:10:10 [boincserver] Computation for task exp_20260916T165346Z_lpt_short_13_0 finished
client-cluster-2-1  | 16-Sep-2026 17:10:11 [boincserver] Started upload of exp_20260916T165346Z_lpt_short_17_0_r701035812_0
client-cluster-1    | 16-Sep-2026 17:09:42 [boincserver] Computation for task exp_20260916T165346Z_lpt_short_8_0 finished
client-cluster-1    | 16-Sep-2026 17:09:42 [boincserver] Elapsed time limit 50.000000 < 120.000000; setting to 43200.000000
client-cluster-1    | 16-Sep-2026 17:09:42 [boincserver] Starting task exp_20260916T165346Z_lpt_short_6_0
client-cluster-1    | 16-Sep-2026 17:09:43 [boincserver] Scheduler request completed: got 3 new tasks
client-cluster-1    | 16-Sep-2026 17:09:43 [boincserver] Project requested delay of 7 seconds
client-cluster-2-1  | 16-Sep-2026 17:10:12 [boincserver] Started upload of exp_20260916T165346Z_lpt_short_13_0_r825140625_0
client-cluster-2-1  | 16-Sep-2026 17:10:13 [boincserver] Finished upload of exp_20260916T165346Z_lpt_short_17_0_r701035812_0
client-cluster-2-1  | 16-Sep-2026 17:10:13 [boincserver] Finished upload of exp_20260916T165346Z_lpt_short_13_0_r825140625_0
client-cluster-2-1  | 16-Sep-2026 17:10:17 [boincserver] Scheduler request completed: got 0 new tasks
client-desktop-1    | 16-Sep-2026 17:11:18 [boincserver] Sending scheduler request: To fetch work.
client-desktop-1    | 16-Sep-2026 17:11:18 [boincserver] Requesting new tasks for CPU
mysql-1             | 2026-09-16 17:06:59 0 [Note] Reading of all Master_info entries succeded
mysql-1             | 2026-09-16 17:06:59 0 [Note] Added new Master_info '' to hash table
client-phone-1      | 16-Sep-2026 17:11:12 [boincserver] Scheduler request completed: got 0 new tasks
client-phone-1      | 16-Sep-2026 17:11:12 [boincserver] Project has no tasks available
client-low-power-1  | 16-Sep-2026 17:10:57 [boincserver] Finished upload of exp_20260916T165346Z_lpt_long_5_0_r797622569_0
client-low-power-1  | 16-Sep-2026 17:11:01 [boincserver] Sending scheduler request: To report completed tasks.
client-cluster-1    | 16-Sep-2026 17:09:44 [boincserver] Started upload of exp_20260916T165346Z_lpt_short_8_0_r1947229693_0
client-cluster-1    | 16-Sep-2026 17:09:44 [boincserver] Computation for task exp_20260916T165346Z_lpt_short_7_0 finished
client-cluster-1    | 16-Sep-2026 17:09:45 [boincserver] Elapsed time limit 50.000000 < 120.000000; setting to 43200.000000
client-cluster-1    | 16-Sep-2026 17:09:45 [boincserver] Starting task exp_20260916T165346Z_lpt_short_15_0
client-desktop-1    | 16-Sep-2026 17:11:20 [boincserver] Scheduler request completed: got 0 new tasks
client-desktop-1    | 16-Sep-2026 17:11:20 [boincserver] Project has no tasks available
client-desktop-1    | 16-Sep-2026 17:11:20 [boincserver] Project requested delay of 7 seconds
client-phone-1      | 16-Sep-2026 17:11:12 [boincserver] Project requested delay of 7 seconds
client-phone-1      | 16-Sep-2026 17:11:13 [boincserver] Started upload of exp_20260916T165346Z_lpt_medium_1_0_r365621192_0
client-phone-1      | 16-Sep-2026 17:11:15 [boincserver] Finished upload of exp_20260916T165346Z_lpt_medium_1_0_r365621192_0
client-phone-1      | 16-Sep-2026 17:11:22 [boincserver] Sending scheduler request: To report completed tasks.
client-phone-1      | 16-Sep-2026 17:11:22 [boincserver] Reporting 1 completed tasks
client-phone-1      | 16-Sep-2026 17:11:22 [boincserver] Requesting new tasks for CPU
client-cluster-1    | 16-Sep-2026 17:09:46 [boincserver] Finished upload of exp_20260916T165346Z_lpt_short_8_0_r1947229693_0
client-cluster-1    | 16-Sep-2026 17:09:46 [boincserver] Started upload of exp_20260916T165346Z_lpt_short_7_0_r1540515143_0
client-cluster-1    | 16-Sep-2026 17:09:49 [boincserver] Finished upload of exp_20260916T165346Z_lpt_short_7_0_r1540515143_0
client-cluster-1    | 16-Sep-2026 17:09:51 [boincserver] Computation for task exp_20260916T165346Z_lpt_short_6_0 finished
client-cluster-1    | 16-Sep-2026 17:09:51 [boincserver] Elapsed time limit 50.000000 < 120.000000; setting to 43200.000000
client-cluster-1    | 16-Sep-2026 17:09:51 [boincserver] Starting task exp_20260916T165346Z_lpt_short_16_0
client-cluster-2-1  | 16-Sep-2026 17:10:17 [boincserver] Project has no tasks available
client-low-power-1  | 16-Sep-2026 17:11:01 [boincserver] Reporting 1 completed tasks
client-low-power-1  | 16-Sep-2026 17:11:01 [boincserver] Requesting new tasks for CPU
client-low-power-1  | 16-Sep-2026 17:11:03 [boincserver] Scheduler request completed: got 0 new tasks
client-low-power-1  | 16-Sep-2026 17:11:03 [boincserver] Project has no tasks available
client-low-power-1  | 16-Sep-2026 17:11:03 [boincserver] Project requested delay of 7 seconds
client-low-power-1  | 16-Sep-2026 17:11:13 [boincserver] Sending scheduler request: To fetch work.
client-low-power-1  | 16-Sep-2026 17:11:13 [boincserver] Requesting new tasks for CPU
client-low-power-1  | 16-Sep-2026 17:11:27 [boincserver] Scheduler request completed: got 0 new tasks
client-low-power-1  | 16-Sep-2026 17:11:27 [boincserver] Project has no tasks available
client-low-power-1  | 16-Sep-2026 17:11:27 [boincserver] Project requested delay of 7 seconds
client-low-power-1  | 16-Sep-2026 17:11:30 [boincserver] Computation for task exp_20260916T165346Z_lpt_medium_4_0 finished
mysql-1             | 2026-09-16 17:06:59 0 [Note] mysqld: ready for connections.
mysql-1             | Version: '10.3.8-MariaDB-1:10.3.8+maria~bionic'  socket: '/var/run/mysqld/mysqld.sock'  port: 3306  mariadb.org binary distribution
mysql-1             | 2026-09-16 17:06:59 8 [Warning] Access denied for user 'boincadm'@'172.21.0.3' (using password: NO)
client-low-power-1  | 16-Sep-2026 17:11:32 [boincserver] Started upload of exp_20260916T165346Z_lpt_medium_4_0_r1473901761_0
client-cluster-1    | 16-Sep-2026 17:09:53 [boincserver] Started upload of exp_20260916T165346Z_lpt_short_6_0_r1647884379_0
client-cluster-1    | 16-Sep-2026 17:09:54 [boincserver] Computation for task exp_20260916T165346Z_lpt_short_15_0 finished
client-cluster-1    | 16-Sep-2026 17:09:54 [boincserver] Elapsed time limit 50.000000 < 120.000000; setting to 43200.000000
client-cluster-1    | 16-Sep-2026 17:09:54 [boincserver] Starting task exp_20260916T165346Z_lpt_short_14_0
client-cluster-1    | 16-Sep-2026 17:09:55 [boincserver] Finished upload of exp_20260916T165346Z_lpt_short_6_0_r1647884379_0
client-low-power-1  | 16-Sep-2026 17:11:34 [boincserver] Finished upload of exp_20260916T165346Z_lpt_medium_4_0_r1473901761_0
client-low-power-1  | 16-Sep-2026 17:11:37 [boincserver] Sending scheduler request: To report completed tasks.
client-low-power-1  | 16-Sep-2026 17:11:37 [boincserver] Reporting 1 completed tasks
client-low-power-1  | 16-Sep-2026 17:11:37 [boincserver] Requesting new tasks for CPU
client-low-power-1  | 16-Sep-2026 17:11:39 [boincserver] Scheduler request completed: got 0 new tasks
client-low-power-1  | 16-Sep-2026 17:11:39 [boincserver] Project has no tasks available
client-phone-1      | 16-Sep-2026 17:11:24 [boincserver] Scheduler request completed: got 0 new tasks
client-phone-1      | 16-Sep-2026 17:11:24 [boincserver] Project has no tasks available
client-phone-1      | 16-Sep-2026 17:11:24 [boincserver] Project requested delay of 7 seconds
client-phone-1      | 16-Sep-2026 17:11:38 [boincserver] Sending scheduler request: To fetch work.
client-phone-1      | 16-Sep-2026 17:11:38 [boincserver] Requesting new tasks for CPU
client-phone-1      | 16-Sep-2026 17:11:40 [boincserver] Scheduler request completed: got 0 new tasks
client-phone-1      | 16-Sep-2026 17:11:40 [boincserver] Project has no tasks available
mysql-1             | 2026-09-16 17:07:23 16 [Warning] Aborted connection 16 to db: 'boincserver' user: 'root' host: '172.21.0.4' (Got an error reading communication packets)
mysql-1             | 2026-09-16 17:07:23 15 [Warning] Aborted connection 15 to db: 'boincserver' user: 'root' host: '172.21.0.4' (Got an error reading communication packets)
mysql-1             | 2026-09-16 17:07:23 17 [Warning] Aborted connection 17 to db: 'boincserver' user: 'root' host: '172.21.0.4' (Got an error reading communication packets)
mysql-1             | 2026-09-16 17:10:02 138 [Warning] Aborted connection 138 to db: 'boincserver' user: 'root' host: '172.21.0.4' (Got an error reading communication packets)
mysql-1             | 2026-09-16 17:10:07 148 [Warning] Aborted connection 148 to db: 'boincserver' user: 'root' host: '172.21.0.4' (Got an error reading communication packets)
client-cluster-1    | 16-Sep-2026 17:09:56 [boincserver] Started upload of exp_20260916T165346Z_lpt_short_15_0_r2118845941_0
client-cluster-1    | 16-Sep-2026 17:09:56 [boincserver] Computation for task exp_20260916T165346Z_lpt_medium_7_0 finished
client-cluster-1    | 16-Sep-2026 17:09:58 [boincserver] Finished upload of exp_20260916T165346Z_lpt_short_15_0_r2118845941_0
client-cluster-1    | 16-Sep-2026 17:09:58 [boincserver] Started upload of exp_20260916T165346Z_lpt_medium_7_0_r1513791047_0
client-cluster-1    | 16-Sep-2026 17:09:59 [boincserver] Computation for task exp_20260916T165346Z_lpt_short_16_0 finished
client-cluster-1    | 16-Sep-2026 17:09:59 [boincserver] Sending scheduler request: To fetch work.
client-cluster-1    | 16-Sep-2026 17:09:59 [boincserver] Reporting 4 completed tasks
client-phone-1      | 16-Sep-2026 17:11:40 [boincserver] Project requested delay of 7 seconds
client-cluster-2-1  | 16-Sep-2026 17:10:17 [boincserver] Project requested delay of 7 seconds
client-cluster-2-1  | 16-Sep-2026 17:10:30 [boincserver] Sending scheduler request: To report completed tasks.
client-cluster-2-1  | 16-Sep-2026 17:10:30 [boincserver] Reporting 2 completed tasks
client-cluster-2-1  | 16-Sep-2026 17:10:30 [boincserver] Requesting new tasks for CPU
client-cluster-2-1  | 16-Sep-2026 17:10:32 [boincserver] Scheduler request completed: got 0 new tasks
client-cluster-2-1  | 16-Sep-2026 17:10:32 [boincserver] Project has no tasks available
client-cluster-2-1  | 16-Sep-2026 17:10:32 [boincserver] Project requested delay of 7 seconds
client-cluster-2-1  | 16-Sep-2026 17:10:38 [boincserver] Computation for task exp_20260916T165346Z_lpt_long_3_0 finished
client-cluster-2-1  | 16-Sep-2026 17:10:40 [boincserver] Started upload of exp_20260916T165346Z_lpt_long_3_0_r1988617458_0
client-cluster-2-1  | 16-Sep-2026 17:10:42 [boincserver] Finished upload of exp_20260916T165346Z_lpt_long_3_0_r1988617458_0
client-low-power-1  | 16-Sep-2026 17:11:39 [boincserver] Project requested delay of 7 seconds
client-low-power-1  | 16-Sep-2026 17:11:49 [boincserver] Sending scheduler request: To fetch work.
client-low-power-1  | 16-Sep-2026 17:11:49 [boincserver] Requesting new tasks for CPU
client-low-power-1  | 16-Sep-2026 17:11:51 [boincserver] Scheduler request completed: got 0 new tasks
client-cluster-2-1  | 16-Sep-2026 17:10:42 [boincserver] Sending scheduler request: To report completed tasks.
client-cluster-2-1  | 16-Sep-2026 17:10:42 [boincserver] Reporting 1 completed tasks
client-cluster-2-1  | 16-Sep-2026 17:10:42 [boincserver] Requesting new tasks for CPU
client-cluster-2-1  | 16-Sep-2026 17:10:48 [boincserver] Scheduler request completed: got 0 new tasks
client-low-power-1  | 16-Sep-2026 17:11:51 [boincserver] Project has no tasks available
client-low-power-1  | 16-Sep-2026 17:11:51 [boincserver] Project requested delay of 7 seconds
client-cluster-1    | 16-Sep-2026 17:09:59 [boincserver] Requesting new tasks for CPU
client-cluster-1    | 16-Sep-2026 17:10:00 [boincserver] Finished upload of exp_20260916T165346Z_lpt_medium_7_0_r1513791047_0
client-cluster-1    | 16-Sep-2026 17:10:00 [boincserver] Scheduler request completed: got 1 new tasks
client-cluster-1    | 16-Sep-2026 17:10:00 [boincserver] Project requested delay of 7 seconds
client-cluster-1    | 16-Sep-2026 17:10:01 [boincserver] Started upload of exp_20260916T165346Z_lpt_short_16_0_r649914518_0
client-cluster-1    | 16-Sep-2026 17:10:02 [boincserver] Computation for task exp_20260916T165346Z_lpt_short_14_0 finished
client-cluster-1    | 16-Sep-2026 17:10:02 [boincserver] Elapsed time limit 50.000000 < 120.000000; setting to 43200.000000
client-cluster-1    | 16-Sep-2026 17:10:02 [boincserver] Starting task exp_20260916T165346Z_lpt_short_18_0
client-cluster-1    | 16-Sep-2026 17:10:03 [boincserver] Finished upload of exp_20260916T165346Z_lpt_short_16_0_r649914518_0
client-cluster-1    | 16-Sep-2026 17:10:04 [boincserver] Started upload of exp_20260916T165346Z_lpt_short_14_0_r1007529172_0
client-cluster-1    | 16-Sep-2026 17:10:06 [boincserver] Finished upload of exp_20260916T165346Z_lpt_short_14_0_r1007529172_0
client-cluster-1    | 16-Sep-2026 17:10:20 [boincserver] Computation for task exp_20260916T165346Z_lpt_short_18_0 finished
client-cluster-1    | 16-Sep-2026 17:10:20 [boincserver] Sending scheduler request: To report completed tasks.
client-cluster-1    | 16-Sep-2026 17:10:20 [boincserver] Reporting 3 completed tasks
client-cluster-1    | 16-Sep-2026 17:10:20 [boincserver] Requesting new tasks for CPU
client-cluster-2-1  | 16-Sep-2026 17:10:48 [boincserver] Project has no tasks available
client-cluster-2-1  | 16-Sep-2026 17:10:48 [boincserver] Project requested delay of 7 seconds
client-cluster-2-1  | 16-Sep-2026 17:11:08 [boincserver] Sending scheduler request: To fetch work.
client-cluster-2-1  | 16-Sep-2026 17:11:08 [boincserver] Requesting new tasks for CPU
client-cluster-2-1  | 16-Sep-2026 17:11:10 [boincserver] Scheduler request completed: got 0 new tasks
client-cluster-2-1  | 16-Sep-2026 17:11:10 [boincserver] Project has no tasks available
client-cluster-2-1  | 16-Sep-2026 17:11:10 [boincserver] Project requested delay of 7 seconds
client-cluster-1    | 16-Sep-2026 17:10:22 [boincserver] Started upload of exp_20260916T165346Z_lpt_short_18_0_r1610575252_0
client-cluster-1    | 16-Sep-2026 17:10:22 [boincserver] Scheduler request completed: got 0 new tasks
client-cluster-1    | 16-Sep-2026 17:10:22 [boincserver] Project has no tasks available
client-cluster-1    | 16-Sep-2026 17:10:22 [boincserver] Project requested delay of 7 seconds
client-cluster-1    | 16-Sep-2026 17:10:24 [boincserver] Finished upload of exp_20260916T165346Z_lpt_short_18_0_r1610575252_0
client-cluster-1    | 16-Sep-2026 17:10:32 [boincserver] Sending scheduler request: To report completed tasks.
client-cluster-1    | 16-Sep-2026 17:10:32 [boincserver] Reporting 1 completed tasks
client-cluster-1    | 16-Sep-2026 17:10:32 [boincserver] Requesting new tasks for CPU
client-cluster-1    | 16-Sep-2026 17:10:39 [boincserver] Scheduler request completed: got 0 new tasks
client-cluster-1    | 16-Sep-2026 17:10:39 [boincserver] Project has no tasks available
client-cluster-1    | 16-Sep-2026 17:10:39 [boincserver] Project requested delay of 7 seconds
client-cluster-1    | 16-Sep-2026 17:10:43 [boincserver] Computation for task exp_20260916T165346Z_lpt_long_4_0 finished
client-cluster-1    | 16-Sep-2026 17:10:45 [boincserver] Started upload of exp_20260916T165346Z_lpt_long_4_0_r291843225_0
client-cluster-1    | 16-Sep-2026 17:10:58 [boincserver] Sending scheduler request: To fetch work.
client-cluster-1    | 16-Sep-2026 17:10:58 [boincserver] Requesting new tasks for CPU
client-cluster-1    | 16-Sep-2026 17:10:59 [boincserver] Finished upload of exp_20260916T165346Z_lpt_long_4_0_r291843225_0
client-cluster-1    | 16-Sep-2026 17:11:04 [boincserver] Scheduler request completed: got 0 new tasks
client-cluster-1    | 16-Sep-2026 17:11:04 [boincserver] Project has no tasks available
client-cluster-1    | 16-Sep-2026 17:11:04 [boincserver] Project requested delay of 7 seconds
client-cluster-1    | 16-Sep-2026 17:11:14 [boincserver] Sending scheduler request: To report completed tasks.
client-cluster-1    | 16-Sep-2026 17:11:14 [boincserver] Reporting 1 completed tasks
client-cluster-1    | 16-Sep-2026 17:11:14 [boincserver] Requesting new tasks for CPU
client-cluster-1    | 16-Sep-2026 17:11:16 [boincserver] Scheduler request completed: got 0 new tasks
client-cluster-1    | 16-Sep-2026 17:11:16 [boincserver] Project has no tasks available
client-cluster-1    | 16-Sep-2026 17:11:16 [boincserver] Project requested delay of 7 seconds
