client-cluster-1    | 16-Sep-2026 15:52:27 [---] Starting BOINC client version 7.20.5 for aarch64-unknown-linux-gnu
client-cluster-1    | 16-Sep-2026 15:52:27 [---] This a development version of BOINC and may not function properly
client-cluster-1    | 16-Sep-2026 15:52:27 [---] log flags: file_xfer, sched_ops, task
client-cluster-2-1  | 16-Sep-2026 15:52:22 [---] Starting BOINC client version 7.20.5 for aarch64-unknown-linux-gnu
mysql-1             | Initializing database
mysql-1             | 
mysql-1             | 
mysql-1             | PLEASE REMEMBER TO SET A PASSWORD FOR THE MariaDB root USER !
mysql-1             | To do so, start the server, then issue the following commands:
client-low-power-1  | 16-Sep-2026 15:52:22 [---] Starting BOINC client version 7.20.5 for aarch64-unknown-linux-gnu
client-low-power-1  | 16-Sep-2026 15:52:22 [---] This a development version of BOINC and may not function properly
client-low-power-1  | 16-Sep-2026 15:52:22 [---] log flags: file_xfer, sched_ops, task
client-cluster-2-1  | 16-Sep-2026 15:52:22 [---] This a development version of BOINC and may not function properly
client-cluster-2-1  | 16-Sep-2026 15:52:22 [---] log flags: file_xfer, sched_ops, task
client-low-power-1  | 16-Sep-2026 15:52:22 [---] Libraries: libcurl/7.88.1 OpenSSL/3.0.20 zlib/1.2.13 brotli/1.0.9 zstd/1.5.4 libidn2/2.3.3 libpsl/0.21.2 (+libidn2/2.3.3) libssh2/1.10.0 nghttp2/1.52.0 librtmp/2.3 OpenLDAP/2.5.13
client-low-power-1  | 16-Sep-2026 15:52:22 [---] Data directory: /var/lib/boinc-client
client-low-power-1  | 16-Sep-2026 15:52:22 [---] No usable GPUs found
client-cluster-1    | 16-Sep-2026 15:52:27 [---] Libraries: libcurl/7.88.1 OpenSSL/3.0.20 zlib/1.2.13 brotli/1.0.9 zstd/1.5.4 libidn2/2.3.3 libpsl/0.21.2 (+libidn2/2.3.3) libssh2/1.10.0 nghttp2/1.52.0 librtmp/2.3 OpenLDAP/2.5.13
client-cluster-1    | 16-Sep-2026 15:52:27 [---] Data directory: /var/lib/boinc-client
client-cluster-1    | 16-Sep-2026 15:52:27 [---] No usable GPUs found
client-cluster-1    | 16-Sep-2026 15:52:27 [---] Creating new client state file
client-cluster-1    | 16-Sep-2026 15:52:27 [---] libc:  version 2.36
client-cluster-1    | 16-Sep-2026 15:52:27 [---] Host name: cluster-01
client-cluster-1    | 16-Sep-2026 15:52:27 [---] Processor: 4 ARM  [Impl 0x61 Arch 8 Variant 0x0 Part 0x000 Rev 0]
client-cluster-1    | 16-Sep-2026 15:52:27 [---] Processor features: fp asimd evtstrm aes pmull sha1 sha2 crc32 atomics fphp asimdhp cpuid asimdrdm jscvt fcma lrcpc dcpop sha3 asimddp sha512 asimdfhm dit uscat ilrcpc flagm sb paca pacg dcpodp flagm2 frint i8mm bf16 bti afp
client-cluster-1    | 16-Sep-2026 15:52:27 [---] OS: Linux Debian GNU/Linux: Debian GNU/Linux 12 (bookworm) [6.8.0-100-generic|libc 2.36]
client-cluster-1    | 16-Sep-2026 15:52:27 [---] Memory: 9.69 GB physical, 0 bytes virtual
client-cluster-1    | 16-Sep-2026 15:52:27 [---] Disk: 18.33 GB total, 15.67 GB free
client-cluster-1    | 16-Sep-2026 15:52:27 [---] Local time is UTC +0 hours
client-cluster-1    | 16-Sep-2026 15:52:27 [---] Config: GUI RPC allowed from any host
client-cluster-1    | 16-Sep-2026 15:52:27 [---] Config: simulate 4 CPUs
client-cluster-1    | 16-Sep-2026 15:52:27 [---] Config: report completed tasks immediately
client-cluster-1    | 16-Sep-2026 15:52:27 [---] No general preferences found - using defaults
client-cluster-1    | 16-Sep-2026 15:52:27 [---] Reading preferences override file
client-cluster-1    | 16-Sep-2026 15:52:27 [---] Preferences:
client-cluster-1    | 16-Sep-2026 15:52:27 [---]    max memory usage when active: 8929.14 MB
client-cluster-1    | 16-Sep-2026 15:52:27 [---]    max memory usage when idle: 8929.14 MB
client-cluster-1    | 16-Sep-2026 15:52:27 [---]    max disk usage: 2.00 GB
client-cluster-1    | 16-Sep-2026 15:52:27 [---]    don't use GPU while active
client-cluster-1    | 16-Sep-2026 15:52:27 [---]    suspend work if non-BOINC CPU load exceeds 25%
client-cluster-1    | 16-Sep-2026 15:52:27 [---]    (to change preferences, visit a project web site or select Preferences in the Manager)
client-cluster-1    | 16-Sep-2026 15:52:27 [---] Setting up project and slot directories
client-cluster-1    | dir_open: Could not open directory 'slots' from '/var/lib/boinc-client'.
client-cluster-1    | 16-Sep-2026 15:52:27 [---] Checking active tasks
client-cluster-1    | 16-Sep-2026 15:52:27 [---] Setting up GUI RPC socket
client-cluster-1    | 16-Sep-2026 15:52:27 [---] Checking presence of 0 project files
client-cluster-1    | 16-Sep-2026 15:52:27 [---] This computer is not attached to any projects
client-cluster-1    | 16-Sep-2026 15:52:27 Initialization completed
client-cluster-1    | dir_open: Could not open directory 'projects/boincserver.local_boincserver' from '/var/lib/boinc-client'.
client-cluster-1    | 16-Sep-2026 15:52:28 [---] No general preferences found - using defaults
client-cluster-1    | 16-Sep-2026 15:52:28 [---] Reading preferences override file
client-cluster-1    | 16-Sep-2026 15:52:28 [---] Preferences:
client-cluster-1    | 16-Sep-2026 15:52:28 [---]    max memory usage when active: 8929.14 MB
client-cluster-1    | 16-Sep-2026 15:52:28 [---]    max memory usage when idle: 8929.14 MB
client-cluster-1    | 16-Sep-2026 15:52:28 [---]    max disk usage: 2.00 GB
client-cluster-1    | 16-Sep-2026 15:52:28 [---]    don't use GPU while active
client-cluster-1    | 16-Sep-2026 15:52:28 [---]    suspend work if non-BOINC CPU load exceeds 25%
client-cluster-1    | 16-Sep-2026 15:52:28 [---]    (to change preferences, visit a project web site or select Preferences in the Manager)
client-cluster-1    | 16-Sep-2026 15:52:32 [http://boincserver.local/boincserver/] Fetching scheduler list
client-cluster-1    | 16-Sep-2026 15:52:34 [http://boincserver.local/boincserver/] Master file download succeeded
client-cluster-1    | 16-Sep-2026 15:52:39 [http://boincserver.local/boincserver/] Sending scheduler request: Project initialization.
client-cluster-1    | 16-Sep-2026 15:52:39 [http://boincserver.local/boincserver/] Requesting new tasks for CPU
client-cluster-1    | 16-Sep-2026 15:52:41 [boincserver] Scheduler request completed: got 1 new tasks
client-cluster-1    | 16-Sep-2026 15:52:41 [boincserver] Project requested delay of 7 seconds
client-cluster-1    | 16-Sep-2026 15:52:43 [boincserver] Started download of hybrid_synthetic_1.0_aarch64-unknown-linux-gnu
client-cluster-1    | 16-Sep-2026 15:52:43 [boincserver] Started download of hybrid_synthetic_input.txt
client-cluster-1    | 16-Sep-2026 15:52:45 [boincserver] Finished download of hybrid_synthetic_1.0_aarch64-unknown-linux-gnu
client-cluster-1    | 16-Sep-2026 15:52:45 [boincserver] Finished download of hybrid_synthetic_input.txt
client-cluster-1    | 16-Sep-2026 15:52:45 [boincserver] Starting task exp_20260916T154418Z_random_long_2_0
client-cluster-1    | 16-Sep-2026 15:52:51 [boincserver] Sending scheduler request: To fetch work.
client-cluster-1    | 16-Sep-2026 15:52:51 [boincserver] Requesting new tasks for CPU
client-cluster-1    | 16-Sep-2026 15:52:58 [boincserver] Scheduler request completed: got 4 new tasks
client-cluster-1    | 16-Sep-2026 15:52:58 [boincserver] Project requested delay of 7 seconds
client-cluster-1    | 16-Sep-2026 15:53:00 [boincserver] Elapsed time limit 50.000000 < 120.000000; setting to 43200.000000
client-cluster-1    | 16-Sep-2026 15:53:00 [boincserver] Elapsed time limit 50.000000 < 120.000000; setting to 43200.000000
client-cluster-1    | 16-Sep-2026 15:53:00 [boincserver] Starting task exp_20260916T154418Z_random_short_17_0
client-cluster-1    | 16-Sep-2026 15:53:00 [boincserver] Starting task exp_20260916T154418Z_random_medium_2_0
client-cluster-1    | 16-Sep-2026 15:53:00 [boincserver] Starting task exp_20260916T154418Z_random_short_18_0
client-cluster-1    | 16-Sep-2026 15:53:08 [boincserver] Computation for task exp_20260916T154418Z_random_short_17_0 finished
client-cluster-1    | 16-Sep-2026 15:53:08 [boincserver] Elapsed time limit 50.000000 < 120.000000; setting to 43200.000000
client-cluster-1    | 16-Sep-2026 15:53:08 [boincserver] Starting task exp_20260916T154418Z_random_short_15_0
client-cluster-1    | 16-Sep-2026 15:53:08 [boincserver] Sending scheduler request: To fetch work.
client-cluster-1    | 16-Sep-2026 15:53:08 [boincserver] Requesting new tasks for CPU
client-cluster-1    | 16-Sep-2026 15:53:09 [boincserver] Computation for task exp_20260916T154418Z_random_short_18_0 finished
client-cluster-1    | 16-Sep-2026 15:53:10 [boincserver] Started upload of exp_20260916T154418Z_random_short_17_0_r1473446577_0
client-cluster-1    | 16-Sep-2026 15:53:10 [boincserver] Scheduler request completed: got 3 new tasks
client-cluster-1    | 16-Sep-2026 15:53:10 [boincserver] Project requested delay of 7 seconds
client-cluster-1    | 16-Sep-2026 15:53:11 [boincserver] Started upload of exp_20260916T154418Z_random_short_18_0_r1602649705_0
client-cluster-1    | 16-Sep-2026 15:53:12 [boincserver] Finished upload of exp_20260916T154418Z_random_short_17_0_r1473446577_0
client-cluster-1    | 16-Sep-2026 15:53:12 [boincserver] Finished upload of exp_20260916T154418Z_random_short_18_0_r1602649705_0
client-cluster-1    | 16-Sep-2026 15:53:12 [boincserver] Elapsed time limit 50.000000 < 120.000000; setting to 43200.000000
client-cluster-1    | 16-Sep-2026 15:53:12 [boincserver] Starting task exp_20260916T154418Z_random_short_6_0
client-cluster-1    | 16-Sep-2026 15:53:18 [boincserver] Computation for task exp_20260916T154418Z_random_short_15_0 finished
client-cluster-1    | 16-Sep-2026 15:53:18 [boincserver] Elapsed time limit 50.000000 < 120.000000; setting to 43200.000000
client-cluster-1    | 16-Sep-2026 15:53:18 [boincserver] Starting task exp_20260916T154418Z_random_short_5_0
client-cluster-1    | 16-Sep-2026 15:53:20 [boincserver] Started upload of exp_20260916T154418Z_random_short_15_0_r82904242_0
client-cluster-1    | 16-Sep-2026 15:53:21 [boincserver] Computation for task exp_20260916T154418Z_random_short_6_0 finished
client-cluster-1    | 16-Sep-2026 15:53:21 [boincserver] Elapsed time limit 50.000000 < 120.000000; setting to 43200.000000
client-cluster-1    | 16-Sep-2026 15:53:21 [boincserver] Starting task exp_20260916T154418Z_random_short_3_0
client-cluster-1    | 16-Sep-2026 15:53:22 [boincserver] Finished upload of exp_20260916T154418Z_random_short_15_0_r82904242_0
client-cluster-1    | 16-Sep-2026 15:53:23 [boincserver] Started upload of exp_20260916T154418Z_random_short_6_0_r2080575568_0
client-cluster-1    | 16-Sep-2026 15:53:25 [boincserver] Finished upload of exp_20260916T154418Z_random_short_6_0_r2080575568_0
client-cluster-1    | 16-Sep-2026 15:53:26 [boincserver] Sending scheduler request: To report completed tasks.
client-cluster-1    | 16-Sep-2026 15:53:26 [boincserver] Reporting 4 completed tasks
client-cluster-1    | 16-Sep-2026 15:53:26 [boincserver] Requesting new tasks for CPU
client-cluster-1    | 16-Sep-2026 15:53:27 [boincserver] Computation for task exp_20260916T154418Z_random_short_5_0 finished
client-cluster-1    | 16-Sep-2026 15:53:28 [boincserver] Scheduler request completed: got 4 new tasks
client-cluster-1    | 16-Sep-2026 15:53:28 [boincserver] Project requested delay of 7 seconds
client-cluster-1    | 16-Sep-2026 15:53:29 [boincserver] Started upload of exp_20260916T154418Z_random_short_5_0_r742096788_0
client-cluster-1    | 16-Sep-2026 15:53:29 [boincserver] Computation for task exp_20260916T154418Z_random_short_3_0 finished
client-cluster-1    | 16-Sep-2026 15:53:30 [boincserver] Elapsed time limit 50.000000 < 120.000000; setting to 43200.000000
client-cluster-1    | 16-Sep-2026 15:53:30 [boincserver] Starting task exp_20260916T154418Z_random_medium_3_0
client-cluster-1    | 16-Sep-2026 15:53:30 [boincserver] Starting task exp_20260916T154418Z_random_short_12_0
client-cluster-1    | 16-Sep-2026 15:53:31 [boincserver] Finished upload of exp_20260916T154418Z_random_short_5_0_r742096788_0
client-cluster-1    | 16-Sep-2026 15:53:31 [boincserver] Started upload of exp_20260916T154418Z_random_short_3_0_r788772299_0
client-cluster-1    | 16-Sep-2026 15:53:33 [boincserver] Finished upload of exp_20260916T154418Z_random_short_3_0_r788772299_0
client-cluster-1    | 16-Sep-2026 15:53:34 [boincserver] Computation for task exp_20260916T154418Z_random_medium_2_0 finished
client-cluster-1    | 16-Sep-2026 15:53:34 [boincserver] Elapsed time limit 50.000000 < 120.000000; setting to 43200.000000
client-cluster-1    | 16-Sep-2026 15:53:34 [boincserver] Starting task exp_20260916T154418Z_random_short_9_0
client-cluster-1    | 16-Sep-2026 15:53:36 [boincserver] Started upload of exp_20260916T154418Z_random_medium_2_0_r270332560_0
client-cluster-1    | 16-Sep-2026 15:53:38 [boincserver] Finished upload of exp_20260916T154418Z_random_medium_2_0_r270332560_0
client-cluster-1    | 16-Sep-2026 15:53:38 [boincserver] Computation for task exp_20260916T154418Z_random_short_12_0 finished
client-cluster-1    | 16-Sep-2026 15:53:38 [boincserver] Elapsed time limit 50.000000 < 120.000000; setting to 43200.000000
client-cluster-1    | 16-Sep-2026 15:53:38 [boincserver] Starting task exp_20260916T154418Z_random_short_7_0
client-cluster-1    | 16-Sep-2026 15:53:38 [boincserver] Sending scheduler request: To report completed tasks.
client-cluster-1    | 16-Sep-2026 15:53:38 [boincserver] Reporting 3 completed tasks
client-cluster-1    | 16-Sep-2026 15:53:38 [boincserver] Requesting new tasks for CPU
client-cluster-1    | 16-Sep-2026 15:53:40 [boincserver] Started upload of exp_20260916T154418Z_random_short_12_0_r283081066_0
client-cluster-1    | 16-Sep-2026 15:53:42 [boincserver] Finished upload of exp_20260916T154418Z_random_short_12_0_r283081066_0
client-cluster-1    | 16-Sep-2026 15:53:42 [boincserver] Computation for task exp_20260916T154418Z_random_short_9_0 finished
client-cluster-1    | 16-Sep-2026 15:53:44 [boincserver] Started upload of exp_20260916T154418Z_random_short_9_0_r559722993_0
client-cluster-1    | 16-Sep-2026 15:53:45 [boincserver] Finished upload of exp_20260916T154418Z_random_short_9_0_r559722993_0
client-cluster-1    | 16-Sep-2026 15:53:45 [boincserver] Scheduler request completed: got 2 new tasks
client-cluster-1    | 16-Sep-2026 15:53:45 [boincserver] Project requested delay of 7 seconds
client-cluster-1    | 16-Sep-2026 15:53:46 [boincserver] Computation for task exp_20260916T154418Z_random_short_7_0 finished
client-cluster-1    | 16-Sep-2026 15:53:47 [boincserver] Elapsed time limit 50.000000 < 120.000000; setting to 43200.000000
client-cluster-1    | 16-Sep-2026 15:53:47 [boincserver] Elapsed time limit 50.000000 < 120.000000; setting to 43200.000000
client-cluster-1    | 16-Sep-2026 15:53:47 [boincserver] Starting task exp_20260916T154418Z_random_short_2_0
client-cluster-1    | 16-Sep-2026 15:53:47 [boincserver] Starting task exp_20260916T154418Z_random_short_11_0
client-cluster-1    | 16-Sep-2026 15:53:48 [boincserver] Started upload of exp_20260916T154418Z_random_short_7_0_r387975876_0
client-cluster-1    | 16-Sep-2026 15:53:50 [boincserver] Finished upload of exp_20260916T154418Z_random_short_7_0_r387975876_0
client-cluster-1    | 16-Sep-2026 15:53:54 [boincserver] Computation for task exp_20260916T154418Z_random_short_2_0 finished
client-cluster-1    | 16-Sep-2026 15:53:55 [boincserver] Sending scheduler request: To report completed tasks.
client-cluster-1    | 16-Sep-2026 15:53:55 [boincserver] Reporting 3 completed tasks
client-cluster-1    | 16-Sep-2026 15:53:55 [boincserver] Requesting new tasks for CPU
client-cluster-1    | 16-Sep-2026 15:53:56 [boincserver] Started upload of exp_20260916T154418Z_random_short_2_0_r1673893013_0
client-cluster-1    | 16-Sep-2026 15:53:56 [boincserver] Computation for task exp_20260916T154418Z_random_short_11_0 finished
client-cluster-1    | 16-Sep-2026 15:53:57 [boincserver] Finished upload of exp_20260916T154418Z_random_short_2_0_r1673893013_0
client-cluster-1    | 16-Sep-2026 15:53:58 [boincserver] Started upload of exp_20260916T154418Z_random_short_11_0_r1066141618_0
client-cluster-1    | 16-Sep-2026 15:54:00 [boincserver] Finished upload of exp_20260916T154418Z_random_short_11_0_r1066141618_0
client-cluster-1    | 16-Sep-2026 15:54:02 [boincserver] Scheduler request completed: got 0 new tasks
client-cluster-1    | 16-Sep-2026 15:54:02 [boincserver] Project has no tasks available
client-cluster-1    | 16-Sep-2026 15:54:02 [boincserver] Project requested delay of 7 seconds
client-cluster-1    | 16-Sep-2026 15:54:03 [boincserver] Computation for task exp_20260916T154418Z_random_medium_3_0 finished
client-cluster-1    | 16-Sep-2026 15:54:05 [boincserver] Started upload of exp_20260916T154418Z_random_medium_3_0_r746407268_0
client-cluster-1    | 16-Sep-2026 15:54:07 [boincserver] Finished upload of exp_20260916T154418Z_random_medium_3_0_r746407268_0
client-cluster-1    | 16-Sep-2026 15:54:12 [boincserver] Sending scheduler request: To report completed tasks.
client-cluster-1    | 16-Sep-2026 15:54:12 [boincserver] Reporting 3 completed tasks
client-cluster-1    | 16-Sep-2026 15:54:12 [boincserver] Requesting new tasks for CPU
client-cluster-1    | 16-Sep-2026 15:54:19 [boincserver] Scheduler request completed: got 0 new tasks
client-cluster-1    | 16-Sep-2026 15:54:19 [boincserver] Project has no tasks available
client-cluster-1    | 16-Sep-2026 15:54:19 [boincserver] Project requested delay of 7 seconds
client-cluster-1    | 16-Sep-2026 15:54:29 [boincserver] Sending scheduler request: To fetch work.
client-cluster-1    | 16-Sep-2026 15:54:29 [boincserver] Requesting new tasks for CPU
client-cluster-1    | 16-Sep-2026 15:54:36 [boincserver] Scheduler request completed: got 0 new tasks
client-cluster-1    | 16-Sep-2026 15:54:36 [boincserver] Project has no tasks available
client-cluster-2-1  | 16-Sep-2026 15:52:22 [---] Libraries: libcurl/7.88.1 OpenSSL/3.0.20 zlib/1.2.13 brotli/1.0.9 zstd/1.5.4 libidn2/2.3.3 libpsl/0.21.2 (+libidn2/2.3.3) libssh2/1.10.0 nghttp2/1.52.0 librtmp/2.3 OpenLDAP/2.5.13
client-cluster-2-1  | 16-Sep-2026 15:52:22 [---] Data directory: /var/lib/boinc-client
client-cluster-2-1  | 16-Sep-2026 15:52:22 [---] No usable GPUs found
client-cluster-2-1  | 16-Sep-2026 15:52:22 [---] Creating new client state file
client-cluster-2-1  | 16-Sep-2026 15:52:22 [---] libc:  version 2.36
client-cluster-2-1  | 16-Sep-2026 15:52:22 [---] Host name: cluster-02
client-cluster-2-1  | 16-Sep-2026 15:52:22 [---] Processor: 4 ARM  [Impl 0x61 Arch 8 Variant 0x0 Part 0x000 Rev 0]
client-cluster-2-1  | 16-Sep-2026 15:52:22 [---] Processor features: fp asimd evtstrm aes pmull sha1 sha2 crc32 atomics fphp asimdhp cpuid asimdrdm jscvt fcma lrcpc dcpop sha3 asimddp sha512 asimdfhm dit uscat ilrcpc flagm sb paca pacg dcpodp flagm2 frint i8mm bf16 bti afp
client-cluster-2-1  | 16-Sep-2026 15:52:22 [---] OS: Linux Debian GNU/Linux: Debian GNU/Linux 12 (bookworm) [6.8.0-100-generic|libc 2.36]
client-cluster-2-1  | 16-Sep-2026 15:52:22 [---] Memory: 9.69 GB physical, 0 bytes virtual
client-cluster-2-1  | 16-Sep-2026 15:52:22 [---] Disk: 18.33 GB total, 15.67 GB free
client-cluster-2-1  | 16-Sep-2026 15:52:22 [---] Local time is UTC +0 hours
client-cluster-2-1  | 16-Sep-2026 15:52:22 [---] Config: GUI RPC allowed from any host
client-cluster-2-1  | 16-Sep-2026 15:52:22 [---] Config: simulate 4 CPUs
client-low-power-1  | 16-Sep-2026 15:52:22 [---] Creating new client state file
client-low-power-1  | 16-Sep-2026 15:52:22 [---] libc:  version 2.36
client-cluster-2-1  | 16-Sep-2026 15:52:22 [---] Config: report completed tasks immediately
client-cluster-2-1  | 16-Sep-2026 15:52:22 [---] No general preferences found - using defaults
client-phone-1      | 16-Sep-2026 15:52:27 [---] Starting BOINC client version 7.20.5 for aarch64-unknown-linux-gnu
client-phone-1      | 16-Sep-2026 15:52:27 [---] This a development version of BOINC and may not function properly
client-phone-1      | 16-Sep-2026 15:52:27 [---] log flags: file_xfer, sched_ops, task
client-cluster-2-1  | dir_open: Could not open directory 'slots' from '/var/lib/boinc-client'.
client-cluster-2-1  | 16-Sep-2026 15:52:22 [---] Reading preferences override file
client-cluster-2-1  | 16-Sep-2026 15:52:22 [---] Preferences:
client-cluster-2-1  | 16-Sep-2026 15:52:22 [---]    max memory usage when active: 8929.14 MB
client-cluster-2-1  | 16-Sep-2026 15:52:22 [---]    max memory usage when idle: 8929.14 MB
client-cluster-2-1  | 16-Sep-2026 15:52:22 [---]    max disk usage: 2.00 GB
client-cluster-2-1  | 16-Sep-2026 15:52:22 [---]    don't use GPU while active
client-cluster-2-1  | 16-Sep-2026 15:52:22 [---]    suspend work if non-BOINC CPU load exceeds 25%
client-cluster-2-1  | 16-Sep-2026 15:52:22 [---]    (to change preferences, visit a project web site or select Preferences in the Manager)
client-cluster-2-1  | 16-Sep-2026 15:52:22 [---] Setting up project and slot directories
client-cluster-2-1  | 16-Sep-2026 15:52:22 [---] Checking active tasks
client-cluster-2-1  | 16-Sep-2026 15:52:22 [---] Setting up GUI RPC socket
client-cluster-2-1  | 16-Sep-2026 15:52:22 [---] Checking presence of 0 project files
makeproject-1       | Updating project files in data volume...
makeproject-1       | Waiting for MySQL server to start...
makeproject-1       | Creating database...
makeproject-1       | added platform: (create_time, name, user_friendly_name) values (1789573831, 'windows_intelx86', 'Microsoft Windows (98 or later) running on an Intel x86-compatible CPU')
makeproject-1       | added platform: (create_time, name, user_friendly_name) values (1789573831, 'windows_x86_64', 'Microsoft Windows running on an AMD x86_64 or Intel EM64T CPU')
makeproject-1       | added platform: (create_time, name, user_friendly_name) values (1789573831, 'windows_arm64', 'Microsoft Windows running on ARM 64-bit')
mysql-1             | 
mysql-1             | '/usr/bin/mysqladmin' -u root password 'new-password'
mysql-1             | '/usr/bin/mysqladmin' -u root -h  password 'new-password'
makeproject-1       | added platform: (create_time, name, user_friendly_name) values (1789573831, 'i686-pc-linux-gnu', 'Linux running on an Intel x86-compatible CPU')
makeproject-1       | added platform: (create_time, name, user_friendly_name) values (1789573831, 'x86_64-pc-linux-gnu', 'Linux running on an AMD x86_64 or Intel EM64T CPU')
makeproject-1       | added platform: (create_time, name, user_friendly_name) values (1789573831, 'powerpc-apple-darwin', 'Mac OS X 10.3 or later running on Motorola PowerPC')
makeproject-1       | added platform: (create_time, name, user_friendly_name) values (1789573831, 'i686-apple-darwin', 'Mac OS 10.4 or later running on Intel')
makeproject-1       | added platform: (create_time, name, user_friendly_name) values (1789573831, 'x86_64-apple-darwin', 'Intel 64-bit Mac OS 10.5 or later')
makeproject-1       | added platform: (create_time, name, user_friendly_name) values (1789573831, 'arm64-apple-darwin', 'Mac OS running on ARM')
makeproject-1       | added platform: (create_time, name, user_friendly_name) values (1789573831, 'sparc-sun-solaris2.7', 'Solaris 2.7 running on a SPARC-compatible CPU')
makeproject-1       | added platform: (create_time, name, user_friendly_name) values (1789573831, 'sparc-sun-solaris', 'Solaris 2.8 or later running on a SPARC-compatible CPU')
makeproject-1       | added platform: (create_time, name, user_friendly_name) values (1789573831, 'sparc64-sun-solaris', 'Solaris 2.8 or later running on a SPARC 64-bit CPU')
makeproject-1       | added platform: (create_time, name, user_friendly_name) values (1789573831, 'powerpc64-ps3-linux-gnu', 'Sony Playstation 3 running Linux')
makeproject-1       | added platform: (create_time, name, user_friendly_name) values (1789573831, 'arm-android-linux-gnu', 'Android running on ARM armeabi-v7a')
makeproject-1       | added platform: (create_time, name, user_friendly_name) values (1789573831, 'aarch64-android-linux-gnu', 'Android running on ARM 64-bit arm64-v8a')
makeproject-1       | added platform: (create_time, name, user_friendly_name) values (1789573831, 'x86_64-android-linux-gnu', 'Android running on Intel x64 compatible')
makeproject-1       | added platform: (create_time, name, user_friendly_name) values (1789573831, 'x86-android-linux-gnu', 'Android running on Intel x86 compatible')
makeproject-1       | added platform: (create_time, name, user_friendly_name) values (1789573831, 'arm-unknown-linux-gnueabihf', 'Linux running on ARM, hardware FP')
makeproject-1       | added platform: (create_time, name, user_friendly_name) values (1789573831, 'aarch64-unknown-linux-gnu', 'Linux running on ARM64')
makeproject-1       | added platform: (create_time, name, user_friendly_name) values (1789573831, 'anonymous', 'anonymous')
makeproject-1       | 
apache-1            | /usr/lib/python2.7/dist-packages/supervisor/options.py:461: UserWarning: Supervisord is running as root and it is searching for its configuration file in default locations (including its current working directory); you probably want to specify a "-c" argument specifying an absolute path to a configuration file for improved security.
apache-1            |   'Supervisord is running as root and it is searching '
apache-1            | 2026-09-16 15:50:15,882 CRIT Supervisor is running as root.  Privileges were not dropped because no user is specified in the config file.  If you intend to run as root, you can set user=root in the config file to avoid this message.
apache-1            | 2026-09-16 15:50:15,882 INFO Included extra file "/etc/supervisor/conf.d/supervisord.conf" during parsing
apache-1            | 2026-09-16 15:50:15,887 INFO RPC interface 'supervisor' initialized
apache-1            | 2026-09-16 15:50:15,887 CRIT Server 'unix_http_server' running without any HTTP authentication checking
mysql-1             | 
mysql-1             | Alternatively you can run:
client-phone-2-1    | 16-Sep-2026 15:52:22 [---] Starting BOINC client version 7.20.5 for aarch64-unknown-linux-gnu
client-desktop-1    | 16-Sep-2026 15:52:27 [---] Starting BOINC client version 7.20.5 for aarch64-unknown-linux-gnu
client-desktop-1    | 16-Sep-2026 15:52:27 [---] This a development version of BOINC and may not function properly
client-desktop-1    | 16-Sep-2026 15:52:27 [---] log flags: file_xfer, sched_ops, task
client-desktop-1    | 16-Sep-2026 15:52:27 [---] Libraries: libcurl/7.88.1 OpenSSL/3.0.20 zlib/1.2.13 brotli/1.0.9 zstd/1.5.4 libidn2/2.3.3 libpsl/0.21.2 (+libidn2/2.3.3) libssh2/1.10.0 nghttp2/1.52.0 librtmp/2.3 OpenLDAP/2.5.13
mysql-1             | '/usr/bin/mysql_secure_installation'
mysql-1             | 
mysql-1             | which will also give you the option of removing the test
mysql-1             | databases and anonymous user created by default.  This is
mysql-1             | strongly recommended for production servers.
mysql-1             | 
mysql-1             | See the MariaDB Knowledgebase at http://mariadb.com/kb or the
mysql-1             | MySQL manual for more instructions.
mysql-1             | 
apache-1            | 2026-09-16 15:50:15,887 INFO supervisord started with pid 1
apache-1            | 2026-09-16 15:50:16,891 INFO spawned: 'cron' with pid 9
apache-1            | 2026-09-16 15:50:16,895 INFO spawned: 'start' with pid 10
apache-1            | 2026-09-16 15:50:16,896 INFO spawned: 'rsyslogd' with pid 11
apache-1            | 2026-09-16 15:50:16,900 INFO spawned: 'apache2' with pid 12
apache-1            | 2026-09-16 15:50:18,849 INFO success: cron entered RUNNING state, process has stayed up for > than 1 seconds (startsecs)
client-cluster-2-1  | 16-Sep-2026 15:52:22 [---] This computer is not attached to any projects
client-cluster-2-1  | 16-Sep-2026 15:52:22 Initialization completed
client-cluster-2-1  | dir_open: Could not open directory 'projects/boincserver.local_boincserver' from '/var/lib/boinc-client'.
client-cluster-2-1  | 16-Sep-2026 15:52:23 [---] No general preferences found - using defaults
client-cluster-2-1  | 16-Sep-2026 15:52:23 [---] Reading preferences override file
client-cluster-2-1  | 16-Sep-2026 15:52:23 [---] Preferences:
client-cluster-2-1  | 16-Sep-2026 15:52:23 [---]    max memory usage when active: 8929.14 MB
client-cluster-2-1  | 16-Sep-2026 15:52:23 [---]    max memory usage when idle: 8929.14 MB
client-cluster-2-1  | 16-Sep-2026 15:52:23 [---]    max disk usage: 2.00 GB
client-cluster-2-1  | 16-Sep-2026 15:52:23 [---]    don't use GPU while active
client-cluster-2-1  | 16-Sep-2026 15:52:23 [---]    suspend work if non-BOINC CPU load exceeds 25%
client-cluster-2-1  | 16-Sep-2026 15:52:23 [---]    (to change preferences, visit a project web site or select Preferences in the Manager)
client-cluster-2-1  | 16-Sep-2026 15:52:27 [http://boincserver.local/boincserver/] Fetching scheduler list
client-cluster-2-1  | 16-Sep-2026 15:52:29 [http://boincserver.local/boincserver/] Master file download succeeded
client-cluster-2-1  | 16-Sep-2026 15:52:34 [http://boincserver.local/boincserver/] Sending scheduler request: Project initialization.
client-cluster-2-1  | 16-Sep-2026 15:52:34 [http://boincserver.local/boincserver/] Requesting new tasks for CPU
client-cluster-2-1  | 16-Sep-2026 15:52:36 [boincserver] Scheduler request completed: got 1 new tasks
client-cluster-2-1  | 16-Sep-2026 15:52:36 [boincserver] Project requested delay of 7 seconds
client-cluster-2-1  | 16-Sep-2026 15:52:38 [boincserver] Started download of hybrid_synthetic_1.0_aarch64-unknown-linux-gnu
client-cluster-2-1  | 16-Sep-2026 15:52:38 [boincserver] Started download of hybrid_synthetic_input.txt
client-cluster-2-1  | 16-Sep-2026 15:52:40 [boincserver] Finished download of hybrid_synthetic_1.0_aarch64-unknown-linux-gnu
client-cluster-2-1  | 16-Sep-2026 15:52:40 [boincserver] Finished download of hybrid_synthetic_input.txt
client-cluster-2-1  | 16-Sep-2026 15:52:40 [boincserver] Starting task exp_20260916T154418Z_random_long_4_0
client-cluster-2-1  | 16-Sep-2026 15:52:46 [boincserver] Sending scheduler request: To fetch work.
client-cluster-2-1  | 16-Sep-2026 15:52:46 [boincserver] Requesting new tasks for CPU
client-cluster-2-1  | 16-Sep-2026 15:52:53 [boincserver] Scheduler request completed: got 4 new tasks
client-cluster-2-1  | 16-Sep-2026 15:52:53 [boincserver] Project requested delay of 7 seconds
client-cluster-2-1  | 16-Sep-2026 15:52:55 [boincserver] Starting task exp_20260916T154418Z_random_medium_1_0
client-cluster-2-1  | 16-Sep-2026 15:52:55 [boincserver] Starting task exp_20260916T154418Z_random_medium_4_0
client-cluster-2-1  | 16-Sep-2026 15:52:55 [boincserver] Starting task exp_20260916T154418Z_random_long_1_0
client-cluster-2-1  | 16-Sep-2026 15:53:03 [boincserver] Sending scheduler request: To fetch work.
client-cluster-2-1  | 16-Sep-2026 15:53:03 [boincserver] Requesting new tasks for CPU
client-cluster-2-1  | 16-Sep-2026 15:53:05 [boincserver] Scheduler request completed: got 3 new tasks
client-cluster-2-1  | 16-Sep-2026 15:53:05 [boincserver] Project requested delay of 7 seconds
client-cluster-2-1  | 16-Sep-2026 15:53:16 [boincserver] Sending scheduler request: To fetch work.
client-cluster-2-1  | 16-Sep-2026 15:53:16 [boincserver] Requesting new tasks for CPU
client-cluster-2-1  | 16-Sep-2026 15:53:18 [boincserver] Scheduler request completed: got 0 new tasks
client-cluster-2-1  | 16-Sep-2026 15:53:18 [boincserver] No tasks sent
client-cluster-2-1  | 16-Sep-2026 15:53:18 [boincserver] This computer has reached a limit on tasks in progress
client-cluster-2-1  | 16-Sep-2026 15:53:18 [boincserver] Project requested delay of 7 seconds
client-cluster-2-1  | 16-Sep-2026 15:53:30 [boincserver] Computation for task exp_20260916T154418Z_random_medium_1_0 finished
client-cluster-2-1  | 16-Sep-2026 15:53:30 [boincserver] Starting task exp_20260916T154418Z_random_medium_7_0
client-cluster-2-1  | 16-Sep-2026 15:53:31 [boincserver] Computation for task exp_20260916T154418Z_random_medium_4_0 finished
client-cluster-2-1  | 16-Sep-2026 15:53:31 [boincserver] Elapsed time limit 50.000000 < 120.000000; setting to 43200.000000
client-cluster-2-1  | 16-Sep-2026 15:53:31 [boincserver] Starting task exp_20260916T154418Z_random_short_10_0
client-phone-1      | 16-Sep-2026 15:52:27 [---] Libraries: libcurl/7.88.1 OpenSSL/3.0.20 zlib/1.2.13 brotli/1.0.9 zstd/1.5.4 libidn2/2.3.3 libpsl/0.21.2 (+libidn2/2.3.3) libssh2/1.10.0 nghttp2/1.52.0 librtmp/2.3 OpenLDAP/2.5.13
client-phone-1      | 16-Sep-2026 15:52:27 [---] Data directory: /var/lib/boinc-client
client-phone-1      | 16-Sep-2026 15:52:27 [---] No usable GPUs found
client-phone-1      | 16-Sep-2026 15:52:27 [---] Creating new client state file
client-phone-1      | 16-Sep-2026 15:52:27 [---] libc:  version 2.36
client-phone-1      | 16-Sep-2026 15:52:27 [---] Host name: phone-01
client-phone-1      | 16-Sep-2026 15:52:27 [---] Processor: 1 ARM  [Impl 0x61 Arch 8 Variant 0x0 Part 0x000 Rev 0]
client-phone-1      | 16-Sep-2026 15:52:27 [---] Processor features: fp asimd evtstrm aes pmull sha1 sha2 crc32 atomics fphp asimdhp cpuid asimdrdm jscvt fcma lrcpc dcpop sha3 asimddp sha512 asimdfhm dit uscat ilrcpc flagm sb paca pacg dcpodp flagm2 frint i8mm bf16 bti afp
client-phone-1      | 16-Sep-2026 15:52:27 [---] OS: Linux Debian GNU/Linux: Debian GNU/Linux 12 (bookworm) [6.8.0-100-generic|libc 2.36]
client-phone-1      | 16-Sep-2026 15:52:27 [---] Memory: 9.69 GB physical, 0 bytes virtual
client-phone-1      | 16-Sep-2026 15:52:27 [---] Disk: 18.33 GB total, 15.67 GB free
client-phone-1      | 16-Sep-2026 15:52:27 [---] Local time is UTC +0 hours
client-phone-1      | 16-Sep-2026 15:52:27 [---] Config: GUI RPC allowed from any host
client-phone-1      | 16-Sep-2026 15:52:27 [---] Config: simulate 1 CPUs
client-phone-1      | 16-Sep-2026 15:52:27 [---] Config: report completed tasks immediately
client-phone-1      | 16-Sep-2026 15:52:27 [---] No general preferences found - using defaults
client-phone-1      | 16-Sep-2026 15:52:27 [---] Reading preferences override file
client-phone-1      | 16-Sep-2026 15:52:27 [---] Preferences:
client-phone-1      | 16-Sep-2026 15:52:27 [---]    max memory usage when active: 8929.14 MB
client-phone-1      | 16-Sep-2026 15:52:27 [---]    max memory usage when idle: 8929.14 MB
client-phone-2-1    | 16-Sep-2026 15:52:22 [---] This a development version of BOINC and may not function properly
apache-1            | 2026-09-16 15:50:18,850 INFO success: start entered RUNNING state, process has stayed up for > than 1 seconds (startsecs)
apache-1            | 2026-09-16 15:50:18,850 INFO success: rsyslogd entered RUNNING state, process has stayed up for > than 1 seconds (startsecs)
apache-1            | 2026-09-16 15:50:18,850 INFO success: apache2 entered RUNNING state, process has stayed up for > than 1 seconds (startsecs)
apache-1            | 2026-09-16 15:50:37,447 INFO reaped unknown pid 69
apache-1            | 2026-09-16 15:50:37,447 INFO reaped unknown pid 71
apache-1            | 2026-09-16 15:50:37,448 INFO reaped unknown pid 73
apache-1            | 2026-09-16 15:50:45,067 INFO reaped unknown pid 72
apache-1            | 2026-09-16 15:50:45,067 INFO reaped unknown pid 74
apache-1            | 2026-09-16 15:50:45,069 INFO reaped unknown pid 70
apache-1            | 2026-09-16 15:50:53,259 INFO reaped unknown pid 159
apache-1            | 2026-09-16 15:50:53,259 INFO reaped unknown pid 161
mysql-1             | Please report any problems at http://mariadb.org/jira
mysql-1             | 
client-phone-1      | 16-Sep-2026 15:52:27 [---]    max disk usage: 2.00 GB
mysql-1             | The latest information about MariaDB is available at http://mariadb.org/.
mysql-1             | You can find additional information about the MySQL part at:
mysql-1             | http://dev.mysql.com
mysql-1             | Consider joining MariaDB's strong and vibrant community:
client-low-power-1  | 16-Sep-2026 15:52:22 [---] Host name: low-power-01
client-low-power-1  | 16-Sep-2026 15:52:22 [---] Processor: 1 ARM  [Impl 0x61 Arch 8 Variant 0x0 Part 0x000 Rev 0]
client-phone-2-1    | 16-Sep-2026 15:52:22 [---] log flags: file_xfer, sched_ops, task
client-phone-2-1    | 16-Sep-2026 15:52:22 [---] Libraries: libcurl/7.88.1 OpenSSL/3.0.20 zlib/1.2.13 brotli/1.0.9 zstd/1.5.4 libidn2/2.3.3 libpsl/0.21.2 (+libidn2/2.3.3) libssh2/1.10.0 nghttp2/1.52.0 librtmp/2.3 OpenLDAP/2.5.13
client-phone-2-1    | 16-Sep-2026 15:52:22 [---] Data directory: /var/lib/boinc-client
client-phone-2-1    | 16-Sep-2026 15:52:22 [---] No usable GPUs found
client-phone-2-1    | 16-Sep-2026 15:52:22 [---] Creating new client state file
client-phone-2-1    | 16-Sep-2026 15:52:22 [---] libc:  version 2.36
client-phone-2-1    | 16-Sep-2026 15:52:22 [---] Host name: phone-02
client-phone-2-1    | 16-Sep-2026 15:52:22 [---] Processor: 1 ARM  [Impl 0x61 Arch 8 Variant 0x0 Part 0x000 Rev 0]
client-phone-2-1    | 16-Sep-2026 15:52:22 [---] Processor features: fp asimd evtstrm aes pmull sha1 sha2 crc32 atomics fphp asimdhp cpuid asimdrdm jscvt fcma lrcpc dcpop sha3 asimddp sha512 asimdfhm dit uscat ilrcpc flagm sb paca pacg dcpodp flagm2 frint i8mm bf16 bti afp
client-phone-2-1    | 16-Sep-2026 15:52:22 [---] OS: Linux Debian GNU/Linux: Debian GNU/Linux 12 (bookworm) [6.8.0-100-generic|libc 2.36]
client-phone-2-1    | 16-Sep-2026 15:52:22 [---] Memory: 9.69 GB physical, 0 bytes virtual
client-phone-2-1    | 16-Sep-2026 15:52:22 [---] Disk: 18.33 GB total, 15.67 GB free
client-phone-2-1    | 16-Sep-2026 15:52:22 [---] Local time is UTC +0 hours
client-low-power-1  | 16-Sep-2026 15:52:22 [---] Processor features: fp asimd evtstrm aes pmull sha1 sha2 crc32 atomics fphp asimdhp cpuid asimdrdm jscvt fcma lrcpc dcpop sha3 asimddp sha512 asimdfhm dit uscat ilrcpc flagm sb paca pacg dcpodp flagm2 frint i8mm bf16 bti afp
client-low-power-1  | 16-Sep-2026 15:52:22 [---] OS: Linux Debian GNU/Linux: Debian GNU/Linux 12 (bookworm) [6.8.0-100-generic|libc 2.36]
client-low-power-1  | 16-Sep-2026 15:52:22 [---] Memory: 9.69 GB physical, 0 bytes virtual
client-phone-1      | 16-Sep-2026 15:52:27 [---]    don't use GPU while active
client-phone-1      | 16-Sep-2026 15:52:27 [---]    suspend work if non-BOINC CPU load exceeds 25%
client-phone-1      | 16-Sep-2026 15:52:27 [---]    (to change preferences, visit a project web site or select Preferences in the Manager)
client-phone-1      | 16-Sep-2026 15:52:27 [---] Setting up project and slot directories
client-phone-2-1    | 16-Sep-2026 15:52:22 [---] Config: GUI RPC allowed from any host
client-phone-2-1    | 16-Sep-2026 15:52:22 [---] Config: simulate 1 CPUs
client-phone-2-1    | 16-Sep-2026 15:52:22 [---] Config: report completed tasks immediately
client-phone-2-1    | 16-Sep-2026 15:52:22 [---] No general preferences found - using defaults
client-phone-2-1    | 16-Sep-2026 15:52:22 [---] Reading preferences override file
client-cluster-1    | 16-Sep-2026 15:54:36 [boincserver] Project requested delay of 7 seconds
client-cluster-1    | 16-Sep-2026 15:54:48 [boincserver] Computation for task exp_20260916T154418Z_random_long_2_0 finished
client-cluster-1    | 16-Sep-2026 15:54:50 [boincserver] Started upload of exp_20260916T154418Z_random_long_2_0_r1820911911_0
client-cluster-1    | 16-Sep-2026 15:54:52 [boincserver] Finished upload of exp_20260916T154418Z_random_long_2_0_r1820911911_0
client-cluster-1    | 16-Sep-2026 15:54:56 [boincserver] Sending scheduler request: To report completed tasks.
client-cluster-1    | 16-Sep-2026 15:54:56 [boincserver] Reporting 1 completed tasks
client-cluster-2-1  | 16-Sep-2026 15:53:32 [boincserver] Started upload of exp_20260916T154418Z_random_medium_1_0_r1052322085_0
client-cluster-2-1  | 16-Sep-2026 15:53:33 [boincserver] Started upload of exp_20260916T154418Z_random_medium_4_0_r1702914870_0
client-desktop-1    | 16-Sep-2026 15:52:27 [---] Data directory: /var/lib/boinc-client
client-desktop-1    | 16-Sep-2026 15:52:27 [---] No usable GPUs found
client-phone-1      | dir_open: Could not open directory 'slots' from '/var/lib/boinc-client'.
client-phone-1      | 16-Sep-2026 15:52:27 [---] Checking active tasks
client-phone-1      | 16-Sep-2026 15:52:27 [---] Setting up GUI RPC socket
client-phone-1      | 16-Sep-2026 15:52:27 [---] Checking presence of 0 project files
client-cluster-1    | 16-Sep-2026 15:54:56 [boincserver] Requesting new tasks for CPU
client-cluster-1    | 16-Sep-2026 15:54:58 [boincserver] Scheduler request completed: got 0 new tasks
client-cluster-1    | 16-Sep-2026 15:54:58 [boincserver] Project has no tasks available
client-cluster-1    | 16-Sep-2026 15:54:58 [boincserver] Project requested delay of 7 seconds
client-cluster-1    | 16-Sep-2026 15:55:08 [boincserver] Sending scheduler request: To fetch work.
apache-1            | 2026-09-16 15:50:53,259 INFO reaped unknown pid 163
apache-1            | 2026-09-16 15:50:53,259 INFO reaped unknown pid 165
apache-1            | 2026-09-16 15:50:53,259 INFO reaped unknown pid 167
apache-1            | 2026-09-16 15:55:01,932 INFO reaped unknown pid 550
client-low-power-1  | 16-Sep-2026 15:52:22 [---] Disk: 18.33 GB total, 15.67 GB free
client-low-power-1  | 16-Sep-2026 15:52:22 [---] Local time is UTC +0 hours
client-low-power-1  | 16-Sep-2026 15:52:22 [---] Config: GUI RPC allowed from any host
client-low-power-1  | 16-Sep-2026 15:52:22 [---] Config: simulate 1 CPUs
client-low-power-1  | 16-Sep-2026 15:52:22 [---] Config: report completed tasks immediately
client-low-power-1  | 16-Sep-2026 15:52:22 [---] No general preferences found - using defaults
apache-1            | 2026-09-16 15:55:02,032 INFO reaped unknown pid 552
apache-1            | 2026-09-16 15:55:02,137 INFO reaped unknown pid 554
apache-1            | 2026-09-16 15:55:02,240 INFO reaped unknown pid 556
apache-1            | 2026-09-16 15:55:02,341 INFO reaped unknown pid 558
apache-1            | 2026-09-16 15:55:03,367 INFO reaped unknown pid 549
apache-1            | 2026-09-16 15:55:03,367 INFO reaped unknown pid 551
apache-1            | 2026-09-16 15:55:03,367 INFO reaped unknown pid 553
apache-1            | 2026-09-16 15:55:03,367 INFO reaped unknown pid 555
apache-1            | 2026-09-16 15:55:03,367 INFO reaped unknown pid 557
apache-1            | 2026-09-16 15:55:03,367 INFO reaped unknown pid 559
apache-1            | 2026-09-16 15:55:03,367 INFO reaped unknown pid 560
apache-1            | 2026-09-16 15:55:03,367 INFO reaped unknown pid 564
apache-1            | 2026-09-16 15:55:03,367 INFO reaped unknown pid 573
client-cluster-2-1  | 16-Sep-2026 15:53:34 [boincserver] Finished upload of exp_20260916T154418Z_random_medium_1_0_r1052322085_0
client-cluster-2-1  | 16-Sep-2026 15:53:34 [boincserver] Finished upload of exp_20260916T154418Z_random_medium_4_0_r1702914870_0
client-desktop-1    | 16-Sep-2026 15:52:27 [---] Creating new client state file
client-desktop-1    | 16-Sep-2026 15:52:27 [---] libc:  version 2.36
client-desktop-1    | 16-Sep-2026 15:52:27 [---] Host name: desktop-01
client-desktop-1    | 16-Sep-2026 15:52:27 [---] Processor: 2 ARM  [Impl 0x61 Arch 8 Variant 0x0 Part 0x000 Rev 0]
client-desktop-1    | 16-Sep-2026 15:52:27 [---] Processor features: fp asimd evtstrm aes pmull sha1 sha2 crc32 atomics fphp asimdhp cpuid asimdrdm jscvt fcma lrcpc dcpop sha3 asimddp sha512 asimdfhm dit uscat ilrcpc flagm sb paca pacg dcpodp flagm2 frint i8mm bf16 bti afp
client-desktop-1    | 16-Sep-2026 15:52:27 [---] OS: Linux Debian GNU/Linux: Debian GNU/Linux 12 (bookworm) [6.8.0-100-generic|libc 2.36]
client-desktop-1    | 16-Sep-2026 15:52:27 [---] Memory: 9.69 GB physical, 0 bytes virtual
client-desktop-1    | 16-Sep-2026 15:52:27 [---] Disk: 18.33 GB total, 15.67 GB free
client-desktop-1    | 16-Sep-2026 15:52:27 [---] Local time is UTC +0 hours
client-phone-2-1    | 16-Sep-2026 15:52:22 [---] Preferences:
client-phone-2-1    | 16-Sep-2026 15:52:22 [---]    max memory usage when active: 8929.14 MB
client-phone-2-1    | 16-Sep-2026 15:52:22 [---]    max memory usage when idle: 8929.14 MB
client-phone-2-1    | 16-Sep-2026 15:52:22 [---]    max disk usage: 2.00 GB
client-phone-2-1    | 16-Sep-2026 15:52:22 [---]    don't use GPU while active
client-phone-2-1    | 16-Sep-2026 15:52:22 [---]    suspend work if non-BOINC CPU load exceeds 25%
client-phone-2-1    | 16-Sep-2026 15:52:22 [---]    (to change preferences, visit a project web site or select Preferences in the Manager)
client-phone-2-1    | 16-Sep-2026 15:52:22 [---] Setting up project and slot directories
client-phone-2-1    | 16-Sep-2026 15:52:22 [---] Checking active tasks
client-phone-2-1    | dir_open: Could not open directory 'slots' from '/var/lib/boinc-client'.
client-cluster-1    | 16-Sep-2026 15:55:08 [boincserver] Requesting new tasks for CPU
client-cluster-1    | 16-Sep-2026 15:55:10 [boincserver] Scheduler request completed: got 0 new tasks
client-cluster-1    | 16-Sep-2026 15:55:10 [boincserver] Project has no tasks available
client-cluster-1    | 16-Sep-2026 15:55:10 [boincserver] Project requested delay of 7 seconds
client-desktop-1    | 16-Sep-2026 15:52:27 [---] Config: GUI RPC allowed from any host
client-desktop-1    | 16-Sep-2026 15:52:27 [---] Config: simulate 2 CPUs
client-desktop-1    | 16-Sep-2026 15:52:27 [---] Config: report completed tasks immediately
client-phone-1      | 16-Sep-2026 15:52:27 [---] This computer is not attached to any projects
client-phone-1      | 16-Sep-2026 15:52:27 Initialization completed
client-phone-1      | dir_open: Could not open directory 'projects/boincserver.local_boincserver' from '/var/lib/boinc-client'.
mysql-1             | https://mariadb.org/get-involved/
mysql-1             | 
mysql-1             | Database initialized
mysql-1             | MySQL init process in progress...
apache-1            | 2026-09-16 15:55:03,367 INFO reaped unknown pid 575
apache-1            | 2026-09-16 15:55:07,759 INFO reaped unknown pid 566
apache-1            | 2026-09-16 15:55:07,880 INFO reaped unknown pid 567
client-phone-1      | 16-Sep-2026 15:52:28 [---] No general preferences found - using defaults
client-phone-1      | 16-Sep-2026 15:52:28 [---] Reading preferences override file
client-phone-1      | 16-Sep-2026 15:52:28 [---] Preferences:
client-phone-1      | 16-Sep-2026 15:52:28 [---]    max memory usage when active: 8929.14 MB
client-desktop-1    | 16-Sep-2026 15:52:27 [---] No general preferences found - using defaults
client-desktop-1    | 16-Sep-2026 15:52:27 [---] Reading preferences override file
client-desktop-1    | 16-Sep-2026 15:52:27 [---] Preferences:
client-desktop-1    | 16-Sep-2026 15:52:27 [---]    max memory usage when active: 8929.14 MB
client-desktop-1    | 16-Sep-2026 15:52:27 [---]    max memory usage when idle: 8929.14 MB
client-desktop-1    | 16-Sep-2026 15:52:27 [---]    max disk usage: 2.00 GB
client-desktop-1    | 16-Sep-2026 15:52:27 [---]    don't use GPU while active
client-desktop-1    | 16-Sep-2026 15:52:27 [---]    suspend work if non-BOINC CPU load exceeds 25%
client-phone-2-1    | 16-Sep-2026 15:52:22 [---] Setting up GUI RPC socket
client-phone-2-1    | 16-Sep-2026 15:52:22 [---] Checking presence of 0 project files
client-phone-1      | 16-Sep-2026 15:52:28 [---]    max memory usage when idle: 8929.14 MB
client-phone-1      | 16-Sep-2026 15:52:28 [---]    max disk usage: 2.00 GB
client-phone-1      | 16-Sep-2026 15:52:28 [---]    don't use GPU while active
client-phone-1      | 16-Sep-2026 15:52:28 [---]    suspend work if non-BOINC CPU load exceeds 25%
client-phone-1      | 16-Sep-2026 15:52:28 [---]    (to change preferences, visit a project web site or select Preferences in the Manager)
client-phone-1      | 16-Sep-2026 15:52:32 [http://boincserver.local/boincserver/] Fetching scheduler list
client-phone-2-1    | 16-Sep-2026 15:52:22 [---] This computer is not attached to any projects
client-phone-2-1    | 16-Sep-2026 15:52:22 Initialization completed
client-phone-2-1    | dir_open: Could not open directory 'projects/boincserver.local_boincserver' from '/var/lib/boinc-client'.
client-phone-2-1    | 16-Sep-2026 15:52:23 [---] No general preferences found - using defaults
client-phone-2-1    | 16-Sep-2026 15:52:23 [---] Reading preferences override file
client-phone-2-1    | 16-Sep-2026 15:52:23 [---] Preferences:
client-phone-1      | 16-Sep-2026 15:52:34 [http://boincserver.local/boincserver/] Master file download succeeded
client-phone-1      | 16-Sep-2026 15:52:39 [http://boincserver.local/boincserver/] Sending scheduler request: Project initialization.
mysql-1             | 2026-09-16 15:50:17 0 [Note] mysqld (mysqld 10.3.8-MariaDB-1:10.3.8+maria~bionic) starting as process 104 ...
mysql-1             | 2026-09-16 15:50:17 0 [Note] InnoDB: Using Linux native AIO
mysql-1             | 2026-09-16 15:50:17 0 [Note] InnoDB: Mutexes and rw_locks use GCC atomic builtins
client-cluster-2-1  | 16-Sep-2026 15:53:38 [boincserver] Sending scheduler request: To report completed tasks.
client-cluster-2-1  | 16-Sep-2026 15:53:38 [boincserver] Reporting 2 completed tasks
apache-1            | 2026-09-16 15:55:07,982 INFO reaped unknown pid 569
apache-1            | 2026-09-16 15:55:08,087 INFO reaped unknown pid 571
client-desktop-1    | 16-Sep-2026 15:52:27 [---]    (to change preferences, visit a project web site or select Preferences in the Manager)
client-desktop-1    | 16-Sep-2026 15:52:27 [---] Setting up project and slot directories
client-phone-2-1    | 16-Sep-2026 15:52:23 [---]    max memory usage when active: 8929.14 MB
client-phone-2-1    | 16-Sep-2026 15:52:23 [---]    max memory usage when idle: 8929.14 MB
client-phone-2-1    | 16-Sep-2026 15:52:23 [---]    max disk usage: 2.00 GB
client-phone-2-1    | 16-Sep-2026 15:52:23 [---]    don't use GPU while active
client-desktop-1    | dir_open: Could not open directory 'slots' from '/var/lib/boinc-client'.
client-desktop-1    | 16-Sep-2026 15:52:27 [---] Checking active tasks
client-phone-2-1    | 16-Sep-2026 15:52:23 [---]    suspend work if non-BOINC CPU load exceeds 25%
client-phone-2-1    | 16-Sep-2026 15:52:23 [---]    (to change preferences, visit a project web site or select Preferences in the Manager)
client-phone-2-1    | 16-Sep-2026 15:52:27 [http://boincserver.local/boincserver/] Fetching scheduler list
client-cluster-2-1  | 16-Sep-2026 15:53:38 [boincserver] Requesting new tasks for CPU
client-cluster-2-1  | 16-Sep-2026 15:53:39 [boincserver] Computation for task exp_20260916T154418Z_random_short_10_0 finished
client-cluster-2-1  | 16-Sep-2026 15:53:39 [boincserver] Elapsed time limit 50.000000 < 120.000000; setting to 43200.000000
client-cluster-2-1  | 16-Sep-2026 15:53:39 [boincserver] Starting task exp_20260916T154418Z_random_short_13_0
client-cluster-2-1  | 16-Sep-2026 15:53:40 [boincserver] Scheduler request completed: got 2 new tasks
client-low-power-1  | 16-Sep-2026 15:52:22 [---] Reading preferences override file
client-low-power-1  | 16-Sep-2026 15:52:22 [---] Preferences:
client-cluster-2-1  | 16-Sep-2026 15:53:40 [boincserver] Project requested delay of 7 seconds
client-cluster-2-1  | 16-Sep-2026 15:53:41 [boincserver] Started upload of exp_20260916T154418Z_random_short_10_0_r1609128249_0
client-cluster-2-1  | 16-Sep-2026 15:53:43 [boincserver] Finished upload of exp_20260916T154418Z_random_short_10_0_r1609128249_0
client-phone-2-1    | 16-Sep-2026 15:52:29 [http://boincserver.local/boincserver/] Master file download succeeded
client-phone-2-1    | 16-Sep-2026 15:52:34 [http://boincserver.local/boincserver/] Sending scheduler request: Project initialization.
client-phone-2-1    | 16-Sep-2026 15:52:34 [http://boincserver.local/boincserver/] Requesting new tasks for CPU
client-phone-2-1    | 16-Sep-2026 15:52:36 [boincserver] Scheduler request completed: got 1 new tasks
client-phone-2-1    | 16-Sep-2026 15:52:36 [boincserver] Project requested delay of 7 seconds
client-phone-1      | 16-Sep-2026 15:52:39 [http://boincserver.local/boincserver/] Requesting new tasks for CPU
client-phone-1      | 16-Sep-2026 15:52:41 [boincserver] Scheduler request completed: got 1 new tasks
client-phone-2-1    | 16-Sep-2026 15:52:38 [boincserver] Started download of hybrid_synthetic_1.0_aarch64-unknown-linux-gnu
client-phone-2-1    | 16-Sep-2026 15:52:38 [boincserver] Started download of hybrid_synthetic_input.txt
client-phone-2-1    | 16-Sep-2026 15:52:40 [boincserver] Finished download of hybrid_synthetic_1.0_aarch64-unknown-linux-gnu
client-phone-2-1    | 16-Sep-2026 15:52:40 [boincserver] Finished download of hybrid_synthetic_input.txt
client-phone-2-1    | 16-Sep-2026 15:52:40 [boincserver] Starting task exp_20260916T154418Z_random_long_6_0
client-phone-2-1    | 16-Sep-2026 15:52:46 [boincserver] Sending scheduler request: To fetch work.
client-phone-2-1    | 16-Sep-2026 15:52:46 [boincserver] Requesting new tasks for CPU
client-phone-2-1    | 16-Sep-2026 15:52:53 [boincserver] Scheduler request completed: got 1 new tasks
client-low-power-1  | 16-Sep-2026 15:52:22 [---]    max memory usage when active: 8929.14 MB
client-low-power-1  | 16-Sep-2026 15:52:22 [---]    max memory usage when idle: 8929.14 MB
client-low-power-1  | 16-Sep-2026 15:52:22 [---]    max disk usage: 2.00 GB
client-low-power-1  | 16-Sep-2026 15:52:22 [---]    don't use GPU while active
client-low-power-1  | 16-Sep-2026 15:52:22 [---]    suspend work if non-BOINC CPU load exceeds 25%
client-cluster-2-1  | 16-Sep-2026 15:53:47 [boincserver] Computation for task exp_20260916T154418Z_random_short_13_0 finished
client-cluster-2-1  | 16-Sep-2026 15:53:47 [boincserver] Elapsed time limit 50.000000 < 120.000000; setting to 43200.000000
client-cluster-2-1  | 16-Sep-2026 15:53:47 [boincserver] Starting task exp_20260916T154418Z_random_short_16_0
client-cluster-2-1  | 16-Sep-2026 15:53:49 [boincserver] Started upload of exp_20260916T154418Z_random_short_13_0_r752411262_0
client-cluster-2-1  | 16-Sep-2026 15:53:51 [boincserver] Finished upload of exp_20260916T154418Z_random_short_13_0_r752411262_0
client-cluster-2-1  | 16-Sep-2026 15:53:55 [boincserver] Computation for task exp_20260916T154418Z_random_short_16_0 finished
client-cluster-2-1  | 16-Sep-2026 15:53:55 [boincserver] Elapsed time limit 50.000000 < 120.000000; setting to 43200.000000
client-phone-2-1    | 16-Sep-2026 15:52:53 [boincserver] Project requested delay of 7 seconds
client-phone-2-1    | 16-Sep-2026 15:53:03 [boincserver] Sending scheduler request: To fetch work.
client-low-power-1  | 16-Sep-2026 15:52:22 [---]    (to change preferences, visit a project web site or select Preferences in the Manager)
client-low-power-1  | 16-Sep-2026 15:52:22 [---] Setting up project and slot directories
client-low-power-1  | 16-Sep-2026 15:52:22 [---] Checking active tasks
client-cluster-2-1  | 16-Sep-2026 15:53:55 [boincserver] Starting task exp_20260916T154418Z_random_short_1_0
client-cluster-2-1  | 16-Sep-2026 15:53:55 [boincserver] Sending scheduler request: To report completed tasks.
client-cluster-2-1  | 16-Sep-2026 15:53:55 [boincserver] Reporting 2 completed tasks
client-phone-2-1    | 16-Sep-2026 15:53:03 [boincserver] Requesting new tasks for CPU
client-phone-2-1    | 16-Sep-2026 15:53:05 [boincserver] Scheduler request completed: got 0 new tasks
client-phone-2-1    | 16-Sep-2026 15:53:05 [boincserver] No tasks sent
client-low-power-1  | 16-Sep-2026 15:52:22 [---] Setting up GUI RPC socket
client-low-power-1  | dir_open: Could not open directory 'slots' from '/var/lib/boinc-client'.
client-desktop-1    | 16-Sep-2026 15:52:27 [---] Setting up GUI RPC socket
client-phone-2-1    | 16-Sep-2026 15:53:05 [boincserver] This computer has reached a limit on tasks in progress
client-phone-2-1    | 16-Sep-2026 15:53:05 [boincserver] Project requested delay of 7 seconds
client-phone-2-1    | 16-Sep-2026 15:54:45 [boincserver] Computation for task exp_20260916T154418Z_random_long_6_0 finished
mysql-1             | 2026-09-16 15:50:17 0 [Note] InnoDB: Uses event mutexes
mysql-1             | 2026-09-16 15:50:17 0 [Note] InnoDB: Compressed tables use zlib 1.2.11
mysql-1             | 2026-09-16 15:50:17 0 [Note] InnoDB: Number of pools: 1
mysql-1             | 2026-09-16 15:50:17 0 [Note] InnoDB: Using generic crc32 instructions
mysql-1             | 2026-09-16 15:50:17 0 [Note] InnoDB: Initializing buffer pool, total size = 256M, instances = 1, chunk size = 128M
mysql-1             | 2026-09-16 15:50:17 0 [Note] InnoDB: Completed initialization of buffer pool
mysql-1             | 2026-09-16 15:50:17 0 [Note] InnoDB: If the mysqld execution user is authorized, page cleaner thread priority can be changed. See the man page of setpriority().
mysql-1             | 2026-09-16 15:50:17 0 [Note] InnoDB: 128 out of 128 rollback segments are active.
mysql-1             | 2026-09-16 15:50:17 0 [Note] InnoDB: Creating shared tablespace for temporary tables
mysql-1             | 2026-09-16 15:50:17 0 [Note] InnoDB: Setting file './ibtmp1' size to 12 MB. Physically writing the file full; Please wait ...
mysql-1             | 2026-09-16 15:50:17 0 [Note] InnoDB: File './ibtmp1' size is now 12 MB.
client-phone-2-1    | 16-Sep-2026 15:54:45 [boincserver] Starting task exp_20260916T154418Z_random_medium_6_0
client-phone-2-1    | 16-Sep-2026 15:54:47 [boincserver] Started upload of exp_20260916T154418Z_random_long_6_0_r2115684644_0
client-phone-2-1    | 16-Sep-2026 15:54:49 [boincserver] Finished upload of exp_20260916T154418Z_random_long_6_0_r2115684644_0
client-phone-2-1    | 16-Sep-2026 15:54:51 [boincserver] Sending scheduler request: To report completed tasks.
client-phone-2-1    | 16-Sep-2026 15:54:51 [boincserver] Reporting 1 completed tasks
client-phone-2-1    | 16-Sep-2026 15:54:51 [boincserver] Requesting new tasks for CPU
client-phone-2-1    | 16-Sep-2026 15:54:53 [boincserver] Scheduler request completed: got 0 new tasks
client-phone-2-1    | 16-Sep-2026 15:54:53 [boincserver] Project has no tasks available
client-phone-2-1    | 16-Sep-2026 15:54:53 [boincserver] Project requested delay of 7 seconds
client-cluster-2-1  | 16-Sep-2026 15:53:55 [boincserver] Requesting new tasks for CPU
client-cluster-2-1  | 16-Sep-2026 15:53:57 [boincserver] Started upload of exp_20260916T154418Z_random_short_16_0_r1202046491_0
client-cluster-2-1  | 16-Sep-2026 15:53:59 [boincserver] Finished upload of exp_20260916T154418Z_random_short_16_0_r1202046491_0
client-cluster-2-1  | 16-Sep-2026 15:54:02 [boincserver] Computation for task exp_20260916T154418Z_random_medium_7_0 finished
client-cluster-2-1  | 16-Sep-2026 15:54:02 [boincserver] Elapsed time limit 50.000000 < 120.000000; setting to 43200.000000
client-cluster-2-1  | 16-Sep-2026 15:54:02 [boincserver] Starting task exp_20260916T154418Z_random_short_4_0
client-phone-1      | 16-Sep-2026 15:52:41 [boincserver] Project requested delay of 7 seconds
client-phone-1      | 16-Sep-2026 15:52:43 [boincserver] Started download of hybrid_synthetic_1.0_aarch64-unknown-linux-gnu
client-phone-1      | 16-Sep-2026 15:52:43 [boincserver] Started download of hybrid_synthetic_input.txt
client-phone-1      | 16-Sep-2026 15:52:45 [boincserver] Finished download of hybrid_synthetic_1.0_aarch64-unknown-linux-gnu
client-desktop-1    | 16-Sep-2026 15:52:27 [---] Checking presence of 0 project files
client-desktop-1    | 16-Sep-2026 15:52:27 [---] This computer is not attached to any projects
client-desktop-1    | 16-Sep-2026 15:52:27 Initialization completed
client-desktop-1    | dir_open: Could not open directory 'projects/boincserver.local_boincserver' from '/var/lib/boinc-client'.
client-desktop-1    | 16-Sep-2026 15:52:28 [---] No general preferences found - using defaults
client-desktop-1    | 16-Sep-2026 15:52:28 [---] Reading preferences override file
client-desktop-1    | 16-Sep-2026 15:52:28 [---] Preferences:
client-desktop-1    | 16-Sep-2026 15:52:28 [---]    max memory usage when active: 8929.14 MB
client-desktop-1    | 16-Sep-2026 15:52:28 [---]    max memory usage when idle: 8929.14 MB
client-desktop-1    | 16-Sep-2026 15:52:28 [---]    max disk usage: 2.00 GB
client-desktop-1    | 16-Sep-2026 15:52:28 [---]    don't use GPU while active
client-desktop-1    | 16-Sep-2026 15:52:28 [---]    suspend work if non-BOINC CPU load exceeds 25%
client-desktop-1    | 16-Sep-2026 15:52:28 [---]    (to change preferences, visit a project web site or select Preferences in the Manager)
client-cluster-2-1  | 16-Sep-2026 15:54:02 [boincserver] Scheduler request completed: got 0 new tasks
client-cluster-2-1  | 16-Sep-2026 15:54:02 [boincserver] Project has no tasks available
client-low-power-1  | 16-Sep-2026 15:52:22 [---] Checking presence of 0 project files
client-low-power-1  | 16-Sep-2026 15:52:22 [---] This computer is not attached to any projects
client-low-power-1  | 16-Sep-2026 15:52:22 Initialization completed
client-low-power-1  | dir_open: Could not open directory 'projects/boincserver.local_boincserver' from '/var/lib/boinc-client'.
client-low-power-1  | 16-Sep-2026 15:52:23 [---] No general preferences found - using defaults
client-low-power-1  | 16-Sep-2026 15:52:23 [---] Reading preferences override file
client-low-power-1  | 16-Sep-2026 15:52:23 [---] Preferences:
client-low-power-1  | 16-Sep-2026 15:52:23 [---]    max memory usage when active: 8929.14 MB
client-low-power-1  | 16-Sep-2026 15:52:23 [---]    max memory usage when idle: 8929.14 MB
client-low-power-1  | 16-Sep-2026 15:52:23 [---]    max disk usage: 2.00 GB
client-desktop-1    | 16-Sep-2026 15:52:32 [http://boincserver.local/boincserver/] Fetching scheduler list
client-desktop-1    | 16-Sep-2026 15:52:34 [http://boincserver.local/boincserver/] Master file download succeeded
client-desktop-1    | 16-Sep-2026 15:52:39 [http://boincserver.local/boincserver/] Sending scheduler request: Project initialization.
client-desktop-1    | 16-Sep-2026 15:52:39 [http://boincserver.local/boincserver/] Requesting new tasks for CPU
client-cluster-2-1  | 16-Sep-2026 15:54:02 [boincserver] Project requested delay of 7 seconds
client-cluster-2-1  | 16-Sep-2026 15:54:03 [boincserver] Computation for task exp_20260916T154418Z_random_short_1_0 finished
client-cluster-2-1  | 16-Sep-2026 15:54:04 [boincserver] Started upload of exp_20260916T154418Z_random_medium_7_0_r583477524_0
client-cluster-2-1  | 16-Sep-2026 15:54:05 [boincserver] Started upload of exp_20260916T154418Z_random_short_1_0_r1180277009_0
client-cluster-2-1  | 16-Sep-2026 15:54:06 [boincserver] Finished upload of exp_20260916T154418Z_random_medium_7_0_r583477524_0
client-desktop-1    | 16-Sep-2026 15:52:41 [boincserver] Scheduler request completed: got 1 new tasks
client-desktop-1    | 16-Sep-2026 15:52:41 [boincserver] Project requested delay of 7 seconds
client-desktop-1    | 16-Sep-2026 15:52:43 [boincserver] Started download of hybrid_synthetic_1.0_aarch64-unknown-linux-gnu
client-desktop-1    | 16-Sep-2026 15:52:43 [boincserver] Started download of hybrid_synthetic_input.txt
client-desktop-1    | 16-Sep-2026 15:52:45 [boincserver] Finished download of hybrid_synthetic_1.0_aarch64-unknown-linux-gnu
client-desktop-1    | 16-Sep-2026 15:52:45 [boincserver] Finished download of hybrid_synthetic_input.txt
client-desktop-1    | 16-Sep-2026 15:52:45 [boincserver] Starting task exp_20260916T154418Z_random_medium_11_0
client-desktop-1    | 16-Sep-2026 15:52:51 [boincserver] Sending scheduler request: To fetch work.
client-desktop-1    | 16-Sep-2026 15:52:51 [boincserver] Requesting new tasks for CPU
client-desktop-1    | 16-Sep-2026 15:52:53 [boincserver] Scheduler request completed: got 2 new tasks
client-desktop-1    | 16-Sep-2026 15:52:53 [boincserver] Project requested delay of 7 seconds
client-cluster-2-1  | 16-Sep-2026 15:54:06 [boincserver] Finished upload of exp_20260916T154418Z_random_short_1_0_r1180277009_0
client-cluster-2-1  | 16-Sep-2026 15:54:10 [boincserver] Computation for task exp_20260916T154418Z_random_short_4_0 finished
client-cluster-2-1  | 16-Sep-2026 15:54:12 [boincserver] Started upload of exp_20260916T154418Z_random_short_4_0_r875259003_0
client-cluster-2-1  | 16-Sep-2026 15:54:12 [boincserver] Sending scheduler request: To fetch work.
client-cluster-2-1  | 16-Sep-2026 15:54:12 [boincserver] Reporting 3 completed tasks
client-cluster-2-1  | 16-Sep-2026 15:54:12 [boincserver] Requesting new tasks for CPU
client-cluster-2-1  | 16-Sep-2026 15:54:14 [boincserver] Finished upload of exp_20260916T154418Z_random_short_4_0_r875259003_0
client-cluster-2-1  | 16-Sep-2026 15:54:19 [boincserver] Scheduler request completed: got 0 new tasks
client-low-power-1  | 16-Sep-2026 15:52:23 [---]    don't use GPU while active
client-low-power-1  | 16-Sep-2026 15:52:23 [---]    suspend work if non-BOINC CPU load exceeds 25%
client-phone-1      | 16-Sep-2026 15:52:45 [boincserver] Finished download of hybrid_synthetic_input.txt
client-phone-1      | 16-Sep-2026 15:52:45 [boincserver] Starting task exp_20260916T154418Z_random_long_3_0
client-phone-1      | 16-Sep-2026 15:52:51 [boincserver] Sending scheduler request: To fetch work.
client-cluster-2-1  | 16-Sep-2026 15:54:19 [boincserver] Project has no tasks available
client-cluster-2-1  | 16-Sep-2026 15:54:19 [boincserver] Project requested delay of 7 seconds
client-cluster-2-1  | 16-Sep-2026 15:54:29 [boincserver] Sending scheduler request: To report completed tasks.
client-cluster-2-1  | 16-Sep-2026 15:54:29 [boincserver] Reporting 1 completed tasks
client-low-power-1  | 16-Sep-2026 15:52:23 [---]    (to change preferences, visit a project web site or select Preferences in the Manager)
client-low-power-1  | 16-Sep-2026 15:52:27 [http://boincserver.local/boincserver/] Fetching scheduler list
client-low-power-1  | 16-Sep-2026 15:52:33 [http://boincserver.local/boincserver/] Master file download succeeded
client-low-power-1  | 16-Sep-2026 15:52:38 [http://boincserver.local/boincserver/] Sending scheduler request: Project initialization.
client-low-power-1  | 16-Sep-2026 15:52:38 [http://boincserver.local/boincserver/] Requesting new tasks for CPU
client-low-power-1  | 16-Sep-2026 15:52:40 [boincserver] Scheduler request completed: got 1 new tasks
client-low-power-1  | 16-Sep-2026 15:52:40 [boincserver] Project requested delay of 7 seconds
client-phone-2-1    | 16-Sep-2026 15:55:03 [boincserver] Sending scheduler request: To fetch work.
client-phone-2-1    | 16-Sep-2026 15:55:03 [boincserver] Requesting new tasks for CPU
client-phone-2-1    | 16-Sep-2026 15:55:05 [boincserver] Scheduler request completed: got 0 new tasks
client-phone-2-1    | 16-Sep-2026 15:55:05 [boincserver] Project has no tasks available
client-phone-2-1    | 16-Sep-2026 15:55:05 [boincserver] Project requested delay of 7 seconds
client-phone-2-1    | 16-Sep-2026 15:55:19 [boincserver] Computation for task exp_20260916T154418Z_random_medium_6_0 finished
client-phone-2-1    | 16-Sep-2026 15:55:21 [boincserver] Started upload of exp_20260916T154418Z_random_medium_6_0_r1111388503_0
client-phone-2-1    | 16-Sep-2026 15:55:23 [boincserver] Finished upload of exp_20260916T154418Z_random_medium_6_0_r1111388503_0
client-desktop-1    | 16-Sep-2026 15:52:55 [boincserver] Starting task exp_20260916T154418Z_random_medium_9_0
client-desktop-1    | 16-Sep-2026 15:53:03 [boincserver] Sending scheduler request: To fetch work.
client-phone-2-1    | 16-Sep-2026 15:55:25 [boincserver] Sending scheduler request: To report completed tasks.
client-phone-2-1    | 16-Sep-2026 15:55:25 [boincserver] Reporting 1 completed tasks
client-phone-2-1    | 16-Sep-2026 15:55:25 [boincserver] Requesting new tasks for CPU
client-low-power-1  | 16-Sep-2026 15:52:42 [boincserver] Started download of hybrid_synthetic_1.0_aarch64-unknown-linux-gnu
client-low-power-1  | 16-Sep-2026 15:52:42 [boincserver] Started download of hybrid_synthetic_input.txt
client-low-power-1  | 16-Sep-2026 15:52:44 [boincserver] Finished download of hybrid_synthetic_1.0_aarch64-unknown-linux-gnu
client-low-power-1  | 16-Sep-2026 15:52:44 [boincserver] Finished download of hybrid_synthetic_input.txt
client-phone-2-1    | 16-Sep-2026 15:55:27 [boincserver] Scheduler request completed: got 0 new tasks
client-phone-2-1    | 16-Sep-2026 15:55:27 [boincserver] Project has no tasks available
client-phone-2-1    | 16-Sep-2026 15:55:27 [boincserver] Project requested delay of 7 seconds
client-phone-2-1    | 16-Sep-2026 15:55:37 [boincserver] Sending scheduler request: To fetch work.
client-phone-2-1    | 16-Sep-2026 15:55:37 [boincserver] Requesting new tasks for CPU
client-phone-2-1    | 16-Sep-2026 15:55:39 [boincserver] Scheduler request completed: got 0 new tasks
client-phone-2-1    | 16-Sep-2026 15:55:39 [boincserver] Project has no tasks available
client-phone-2-1    | 16-Sep-2026 15:55:39 [boincserver] Project requested delay of 7 seconds
mysql-1             | 2026-09-16 15:50:17 0 [Note] InnoDB: Waiting for purge to start
mysql-1             | 2026-09-16 15:50:17 0 [Note] InnoDB: 10.3.8 started; log sequence number 1630815; transaction id 21
client-desktop-1    | 16-Sep-2026 15:53:03 [boincserver] Requesting new tasks for CPU
client-desktop-1    | 16-Sep-2026 15:53:05 [boincserver] Scheduler request completed: got 1 new tasks
mysql-1             | 2026-09-16 15:50:17 0 [Note] InnoDB: Loading buffer pool(s) from /var/lib/mysql/ib_buffer_pool
mysql-1             | 2026-09-16 15:50:17 0 [Note] Plugin 'FEEDBACK' is disabled.
client-cluster-2-1  | 16-Sep-2026 15:54:29 [boincserver] Requesting new tasks for CPU
client-cluster-2-1  | 16-Sep-2026 15:54:31 [boincserver] Scheduler request completed: got 0 new tasks
client-desktop-1    | 16-Sep-2026 15:53:05 [boincserver] Project requested delay of 7 seconds
client-desktop-1    | 16-Sep-2026 15:53:15 [boincserver] Sending scheduler request: To fetch work.
client-desktop-1    | 16-Sep-2026 15:53:15 [boincserver] Requesting new tasks for CPU
client-low-power-1  | 16-Sep-2026 15:52:44 [boincserver] Starting task exp_20260916T154418Z_random_long_5_0
client-low-power-1  | 16-Sep-2026 15:52:50 [boincserver] Sending scheduler request: To fetch work.
client-low-power-1  | 16-Sep-2026 15:52:50 [boincserver] Requesting new tasks for CPU
client-low-power-1  | 16-Sep-2026 15:52:57 [boincserver] Scheduler request completed: got 1 new tasks
client-desktop-1    | 16-Sep-2026 15:53:18 [boincserver] Computation for task exp_20260916T154418Z_random_medium_11_0 finished
client-desktop-1    | 16-Sep-2026 15:53:19 [boincserver] Starting task exp_20260916T154418Z_random_medium_12_0
client-desktop-1    | 16-Sep-2026 15:53:21 [boincserver] Started upload of exp_20260916T154418Z_random_medium_11_0_r1986693661_0
client-desktop-1    | 16-Sep-2026 15:53:23 [boincserver] Finished upload of exp_20260916T154418Z_random_medium_11_0_r1986693661_0
client-desktop-1    | 16-Sep-2026 15:53:23 [boincserver] Scheduler request completed: got 0 new tasks
client-desktop-1    | 16-Sep-2026 15:53:23 [boincserver] No tasks sent
client-cluster-2-1  | 16-Sep-2026 15:54:31 [boincserver] Project has no tasks available
client-cluster-2-1  | 16-Sep-2026 15:54:31 [boincserver] Project requested delay of 7 seconds
client-desktop-1    | 16-Sep-2026 15:53:23 [boincserver] This computer has reached a limit on tasks in progress
client-desktop-1    | 16-Sep-2026 15:53:23 [boincserver] Project requested delay of 7 seconds
client-desktop-1    | 16-Sep-2026 15:53:29 [boincserver] Computation for task exp_20260916T154418Z_random_medium_9_0 finished
client-desktop-1    | 16-Sep-2026 15:53:29 [boincserver] Elapsed time limit 50.000000 < 120.000000; setting to 43200.000000
client-low-power-1  | 16-Sep-2026 15:52:57 [boincserver] Project requested delay of 7 seconds
client-low-power-1  | 16-Sep-2026 15:53:08 [boincserver] Sending scheduler request: To fetch work.
mysql-1             | 2026-09-16 15:50:17 0 [Note] InnoDB: Buffer pool(s) load completed at 260916 15:50:17
mysql-1             | 2026-09-16 15:50:17 0 [Warning] 'user' entry 'root@0867df850824' ignored in --skip-name-resolve mode.
mysql-1             | 2026-09-16 15:50:17 0 [Warning] 'user' entry '@0867df850824' ignored in --skip-name-resolve mode.
mysql-1             | 2026-09-16 15:50:17 0 [Warning] 'proxies_priv' entry '@% root@0867df850824' ignored in --skip-name-resolve mode.
mysql-1             | 2026-09-16 15:50:17 0 [Note] Reading of all Master_info entries succeded
mysql-1             | 2026-09-16 15:50:17 0 [Note] Added new Master_info '' to hash table
mysql-1             | 2026-09-16 15:50:17 0 [Note] mysqld: ready for connections.
mysql-1             | Version: '10.3.8-MariaDB-1:10.3.8+maria~bionic'  socket: '/var/run/mysqld/mysqld.sock'  port: 0  mariadb.org binary distribution
mysql-1             | Warning: Unable to load '/usr/share/zoneinfo/leap-seconds.list' as time zone. Skipping it.
client-low-power-1  | 16-Sep-2026 15:53:08 [boincserver] Requesting new tasks for CPU
client-low-power-1  | 16-Sep-2026 15:53:10 [boincserver] Scheduler request completed: got 0 new tasks
client-low-power-1  | 16-Sep-2026 15:53:10 [boincserver] No tasks sent
client-low-power-1  | 16-Sep-2026 15:53:10 [boincserver] This computer has reached a limit on tasks in progress
client-low-power-1  | 16-Sep-2026 15:53:10 [boincserver] Project requested delay of 7 seconds
client-low-power-1  | 16-Sep-2026 15:54:48 [boincserver] Computation for task exp_20260916T154418Z_random_long_5_0 finished
client-cluster-2-1  | 16-Sep-2026 15:54:43 [boincserver] Computation for task exp_20260916T154418Z_random_long_4_0 finished
client-cluster-2-1  | 16-Sep-2026 15:54:45 [boincserver] Started upload of exp_20260916T154418Z_random_long_4_0_r150359022_0
client-cluster-2-1  | 16-Sep-2026 15:54:47 [boincserver] Finished upload of exp_20260916T154418Z_random_long_4_0_r150359022_0
client-cluster-2-1  | 16-Sep-2026 15:54:51 [boincserver] Sending scheduler request: To report completed tasks.
client-cluster-2-1  | 16-Sep-2026 15:54:51 [boincserver] Reporting 1 completed tasks
client-cluster-2-1  | 16-Sep-2026 15:54:51 [boincserver] Requesting new tasks for CPU
client-cluster-2-1  | 16-Sep-2026 15:54:58 [boincserver] Computation for task exp_20260916T154418Z_random_long_1_0 finished
client-cluster-2-1  | 16-Sep-2026 15:54:58 [boincserver] Scheduler request completed: got 0 new tasks
client-cluster-2-1  | 16-Sep-2026 15:54:58 [boincserver] Project has no tasks available
client-cluster-2-1  | 16-Sep-2026 15:54:58 [boincserver] Project requested delay of 7 seconds
client-cluster-2-1  | 16-Sep-2026 15:55:00 [boincserver] Started upload of exp_20260916T154418Z_random_long_1_0_r1908985112_0
client-cluster-2-1  | 16-Sep-2026 15:55:02 [boincserver] Finished upload of exp_20260916T154418Z_random_long_1_0_r1908985112_0
client-phone-1      | 16-Sep-2026 15:52:51 [boincserver] Requesting new tasks for CPU
client-phone-1      | 16-Sep-2026 15:52:53 [boincserver] Scheduler request completed: got 1 new tasks
client-phone-1      | 16-Sep-2026 15:52:53 [boincserver] Project requested delay of 7 seconds
client-phone-1      | 16-Sep-2026 15:53:03 [boincserver] Sending scheduler request: To fetch work.
client-phone-1      | 16-Sep-2026 15:53:03 [boincserver] Requesting new tasks for CPU
client-phone-1      | 16-Sep-2026 15:53:09 [boincserver] Scheduler request completed: got 0 new tasks
client-phone-1      | 16-Sep-2026 15:53:09 [boincserver] No tasks sent
client-phone-1      | 16-Sep-2026 15:53:09 [boincserver] This computer has reached a limit on tasks in progress
client-cluster-2-1  | 16-Sep-2026 15:55:08 [boincserver] Sending scheduler request: To report completed tasks.
client-cluster-2-1  | 16-Sep-2026 15:55:08 [boincserver] Reporting 1 completed tasks
client-cluster-2-1  | 16-Sep-2026 15:55:08 [boincserver] Requesting new tasks for CPU
client-cluster-2-1  | 16-Sep-2026 15:55:10 [boincserver] Scheduler request completed: got 0 new tasks
client-cluster-2-1  | 16-Sep-2026 15:55:10 [boincserver] Project has no tasks available
client-desktop-1    | 16-Sep-2026 15:53:29 [boincserver] Starting task exp_20260916T154418Z_random_short_8_0
client-desktop-1    | 16-Sep-2026 15:53:31 [boincserver] Started upload of exp_20260916T154418Z_random_medium_9_0_r1544650675_0
client-desktop-1    | 16-Sep-2026 15:53:33 [boincserver] Finished upload of exp_20260916T154418Z_random_medium_9_0_r1544650675_0
client-desktop-1    | 16-Sep-2026 15:53:33 [boincserver] Sending scheduler request: To report completed tasks.
client-desktop-1    | 16-Sep-2026 15:53:33 [boincserver] Reporting 2 completed tasks
client-desktop-1    | 16-Sep-2026 15:53:33 [boincserver] Requesting new tasks for CPU
client-desktop-1    | 16-Sep-2026 15:53:35 [boincserver] Scheduler request completed: got 2 new tasks
client-desktop-1    | 16-Sep-2026 15:53:35 [boincserver] Project requested delay of 7 seconds
client-desktop-1    | 16-Sep-2026 15:53:37 [boincserver] Computation for task exp_20260916T154418Z_random_short_8_0 finished
mysql-1             | 2026-09-16 15:50:19 10 [Warning] 'proxies_priv' entry '@% root@0867df850824' ignored in --skip-name-resolve mode.
mysql-1             | 
mysql-1             | 2026-09-16 15:50:19 0 [Note] mysqld (initiated by: unknown): Normal shutdown
mysql-1             | 2026-09-16 15:50:19 0 [Note] Event Scheduler: Purging the queue. 0 events
mysql-1             | 2026-09-16 15:50:19 0 [Note] InnoDB: FTS optimize thread exiting.
client-low-power-1  | 16-Sep-2026 15:54:48 [boincserver] Starting task exp_20260916T154418Z_random_medium_5_0
client-low-power-1  | 16-Sep-2026 15:54:50 [boincserver] Started upload of exp_20260916T154418Z_random_long_5_0_r1764355334_0
client-low-power-1  | 16-Sep-2026 15:54:52 [boincserver] Finished upload of exp_20260916T154418Z_random_long_5_0_r1764355334_0
client-low-power-1  | 16-Sep-2026 15:54:55 [boincserver] Sending scheduler request: To report completed tasks.
client-low-power-1  | 16-Sep-2026 15:54:55 [boincserver] Reporting 1 completed tasks
client-low-power-1  | 16-Sep-2026 15:54:55 [boincserver] Requesting new tasks for CPU
client-low-power-1  | 16-Sep-2026 15:55:02 [boincserver] Scheduler request completed: got 0 new tasks
client-low-power-1  | 16-Sep-2026 15:55:02 [boincserver] Project has no tasks available
client-low-power-1  | 16-Sep-2026 15:55:02 [boincserver] Project requested delay of 7 seconds
client-low-power-1  | 16-Sep-2026 15:55:12 [boincserver] Sending scheduler request: To fetch work.
client-low-power-1  | 16-Sep-2026 15:55:12 [boincserver] Requesting new tasks for CPU
client-low-power-1  | 16-Sep-2026 15:55:14 [boincserver] Scheduler request completed: got 0 new tasks
client-low-power-1  | 16-Sep-2026 15:55:14 [boincserver] Project has no tasks available
client-low-power-1  | 16-Sep-2026 15:55:14 [boincserver] Project requested delay of 7 seconds
client-low-power-1  | 16-Sep-2026 15:55:21 [boincserver] Computation for task exp_20260916T154418Z_random_medium_5_0 finished
client-low-power-1  | 16-Sep-2026 15:55:23 [boincserver] Started upload of exp_20260916T154418Z_random_medium_5_0_r1248678383_0
client-low-power-1  | 16-Sep-2026 15:55:25 [boincserver] Finished upload of exp_20260916T154418Z_random_medium_5_0_r1248678383_0
mysql-1             | 2026-09-16 15:50:19 0 [Note] InnoDB: Starting shutdown...
mysql-1             | 2026-09-16 15:50:19 0 [Note] InnoDB: Dumping buffer pool(s) to /var/lib/mysql/ib_buffer_pool
mysql-1             | 2026-09-16 15:50:19 0 [Note] InnoDB: Buffer pool(s) dump completed at 260916 15:50:19
mysql-1             | 2026-09-16 15:50:20 0 [Note] InnoDB: Shutdown completed; log sequence number 1630824; transaction id 24
mysql-1             | 2026-09-16 15:50:20 0 [Note] InnoDB: Removed temporary tablespace data file: "ibtmp1"
client-desktop-1    | 16-Sep-2026 15:53:37 [boincserver] Elapsed time limit 50.000000 < 120.000000; setting to 43200.000000
client-desktop-1    | 16-Sep-2026 15:53:37 [boincserver] Starting task exp_20260916T154418Z_random_short_14_0
client-desktop-1    | 16-Sep-2026 15:53:39 [boincserver] Started upload of exp_20260916T154418Z_random_short_8_0_r1111498818_0
client-desktop-1    | 16-Sep-2026 15:53:41 [boincserver] Finished upload of exp_20260916T154418Z_random_short_8_0_r1111498818_0
client-desktop-1    | 16-Sep-2026 15:53:45 [boincserver] Sending scheduler request: To report completed tasks.
client-desktop-1    | 16-Sep-2026 15:53:45 [boincserver] Reporting 1 completed tasks
client-low-power-1  | 16-Sep-2026 15:55:29 [boincserver] Sending scheduler request: To report completed tasks.
client-low-power-1  | 16-Sep-2026 15:55:29 [boincserver] Reporting 1 completed tasks
mysql-1             | 2026-09-16 15:50:20 0 [Note] mysqld: Shutdown complete
mysql-1             | 
mysql-1             | 
mysql-1             | MySQL init process done. Ready for start up.
mysql-1             | 
mysql-1             | 2026-09-16 15:50:20 0 [Note] mysqld (mysqld 10.3.8-MariaDB-1:10.3.8+maria~bionic) starting as process 1 ...
mysql-1             | 2026-09-16 15:50:20 0 [Note] InnoDB: Using Linux native AIO
mysql-1             | 2026-09-16 15:50:20 0 [Note] InnoDB: Mutexes and rw_locks use GCC atomic builtins
client-phone-1      | 16-Sep-2026 15:53:09 [boincserver] Project requested delay of 7 seconds
client-phone-1      | 16-Sep-2026 15:54:49 [boincserver] Computation for task exp_20260916T154418Z_random_long_3_0 finished
client-phone-1      | 16-Sep-2026 15:54:49 [boincserver] Starting task exp_20260916T154418Z_random_medium_10_0
client-cluster-2-1  | 16-Sep-2026 15:55:10 [boincserver] Project requested delay of 7 seconds
client-cluster-2-1  | 16-Sep-2026 15:55:20 [boincserver] Sending scheduler request: To fetch work.
client-cluster-2-1  | 16-Sep-2026 15:55:20 [boincserver] Requesting new tasks for CPU
client-cluster-2-1  | 16-Sep-2026 15:55:22 [boincserver] Scheduler request completed: got 0 new tasks
client-cluster-2-1  | 16-Sep-2026 15:55:22 [boincserver] Project has no tasks available
client-cluster-2-1  | 16-Sep-2026 15:55:22 [boincserver] Project requested delay of 7 seconds
mysql-1             | 2026-09-16 15:50:20 0 [Note] InnoDB: Uses event mutexes
mysql-1             | 2026-09-16 15:50:20 0 [Note] InnoDB: Compressed tables use zlib 1.2.11
mysql-1             | 2026-09-16 15:50:20 0 [Note] InnoDB: Number of pools: 1
client-phone-1      | 16-Sep-2026 15:54:51 [boincserver] Started upload of exp_20260916T154418Z_random_long_3_0_r1076935935_0
client-phone-1      | 16-Sep-2026 15:54:53 [boincserver] Finished upload of exp_20260916T154418Z_random_long_3_0_r1076935935_0
client-phone-1      | 16-Sep-2026 15:54:55 [boincserver] Sending scheduler request: To report completed tasks.
client-phone-1      | 16-Sep-2026 15:54:55 [boincserver] Reporting 1 completed tasks
client-phone-1      | 16-Sep-2026 15:54:55 [boincserver] Requesting new tasks for CPU
client-phone-1      | 16-Sep-2026 15:54:57 [boincserver] Scheduler request completed: got 0 new tasks
client-desktop-1    | 16-Sep-2026 15:53:45 [boincserver] Requesting new tasks for CPU
client-desktop-1    | 16-Sep-2026 15:53:46 [boincserver] Computation for task exp_20260916T154418Z_random_short_14_0 finished
client-desktop-1    | 16-Sep-2026 15:53:46 [boincserver] Starting task exp_20260916T154418Z_random_medium_8_0
client-desktop-1    | 16-Sep-2026 15:53:47 [boincserver] Scheduler request completed: got 0 new tasks
mysql-1             | 2026-09-16 15:50:20 0 [Note] InnoDB: Using generic crc32 instructions
mysql-1             | 2026-09-16 15:50:20 0 [Note] InnoDB: Initializing buffer pool, total size = 256M, instances = 1, chunk size = 128M
mysql-1             | 2026-09-16 15:50:20 0 [Note] InnoDB: Completed initialization of buffer pool
client-desktop-1    | 16-Sep-2026 15:53:47 [boincserver] Project has no tasks available
client-desktop-1    | 16-Sep-2026 15:53:47 [boincserver] Project requested delay of 7 seconds
client-desktop-1    | 16-Sep-2026 15:53:48 [boincserver] Started upload of exp_20260916T154418Z_random_short_14_0_r404876297_0
client-desktop-1    | 16-Sep-2026 15:53:50 [boincserver] Finished upload of exp_20260916T154418Z_random_short_14_0_r404876297_0
client-desktop-1    | 16-Sep-2026 15:53:53 [boincserver] Computation for task exp_20260916T154418Z_random_medium_12_0 finished
client-desktop-1    | 16-Sep-2026 15:53:55 [boincserver] Started upload of exp_20260916T154418Z_random_medium_12_0_r1856404223_0
client-desktop-1    | 16-Sep-2026 15:53:57 [boincserver] Finished upload of exp_20260916T154418Z_random_medium_12_0_r1856404223_0
client-desktop-1    | 16-Sep-2026 15:53:57 [boincserver] Sending scheduler request: To report completed tasks.
client-desktop-1    | 16-Sep-2026 15:53:57 [boincserver] Reporting 2 completed tasks
client-desktop-1    | 16-Sep-2026 15:53:57 [boincserver] Requesting new tasks for CPU
client-desktop-1    | 16-Sep-2026 15:53:59 [boincserver] Scheduler request completed: got 0 new tasks
client-desktop-1    | 16-Sep-2026 15:53:59 [boincserver] Project has no tasks available
mysql-1             | 2026-09-16 15:50:20 0 [Note] InnoDB: If the mysqld execution user is authorized, page cleaner thread priority can be changed. See the man page of setpriority().
mysql-1             | 2026-09-16 15:50:20 0 [Note] InnoDB: 128 out of 128 rollback segments are active.
mysql-1             | 2026-09-16 15:50:20 0 [Note] InnoDB: Creating shared tablespace for temporary tables
mysql-1             | 2026-09-16 15:50:20 0 [Note] InnoDB: Setting file './ibtmp1' size to 12 MB. Physically writing the file full; Please wait ...
mysql-1             | 2026-09-16 15:50:20 0 [Note] InnoDB: File './ibtmp1' size is now 12 MB.
mysql-1             | 2026-09-16 15:50:20 0 [Note] InnoDB: Waiting for purge to start
mysql-1             | 2026-09-16 15:50:20 0 [Note] InnoDB: 10.3.8 started; log sequence number 1630824; transaction id 21
mysql-1             | 2026-09-16 15:50:20 0 [Note] InnoDB: Loading buffer pool(s) from /var/lib/mysql/ib_buffer_pool
mysql-1             | 2026-09-16 15:50:20 0 [Note] Plugin 'FEEDBACK' is disabled.
mysql-1             | 2026-09-16 15:50:20 0 [Note] InnoDB: Buffer pool(s) load completed at 260916 15:50:20
mysql-1             | 2026-09-16 15:50:20 0 [Note] Server socket created on IP: '::'.
mysql-1             | 2026-09-16 15:50:20 0 [Warning] 'proxies_priv' entry '@% root@0867df850824' ignored in --skip-name-resolve mode.
mysql-1             | 2026-09-16 15:50:20 0 [Note] Reading of all Master_info entries succeded
mysql-1             | 2026-09-16 15:50:20 0 [Note] Added new Master_info '' to hash table
client-desktop-1    | 16-Sep-2026 15:53:59 [boincserver] Project requested delay of 7 seconds
client-desktop-1    | 16-Sep-2026 15:54:09 [boincserver] Sending scheduler request: To fetch work.
client-desktop-1    | 16-Sep-2026 15:54:09 [boincserver] Requesting new tasks for CPU
client-desktop-1    | 16-Sep-2026 15:54:11 [boincserver] Scheduler request completed: got 0 new tasks
client-low-power-1  | 16-Sep-2026 15:55:29 [boincserver] Requesting new tasks for CPU
client-low-power-1  | 16-Sep-2026 15:55:31 [boincserver] Scheduler request completed: got 0 new tasks
client-low-power-1  | 16-Sep-2026 15:55:31 [boincserver] Project has no tasks available
client-low-power-1  | 16-Sep-2026 15:55:31 [boincserver] Project requested delay of 7 seconds
mysql-1             | 2026-09-16 15:50:20 0 [Note] mysqld: ready for connections.
mysql-1             | Version: '10.3.8-MariaDB-1:10.3.8+maria~bionic'  socket: '/var/run/mysqld/mysqld.sock'  port: 3306  mariadb.org binary distribution
client-desktop-1    | 16-Sep-2026 15:54:11 [boincserver] Project has no tasks available
client-desktop-1    | 16-Sep-2026 15:54:11 [boincserver] Project requested delay of 7 seconds
client-desktop-1    | 16-Sep-2026 15:54:18 [boincserver] Computation for task exp_20260916T154418Z_random_medium_8_0 finished
client-desktop-1    | 16-Sep-2026 15:54:20 [boincserver] Started upload of exp_20260916T154418Z_random_medium_8_0_r97609405_0
client-desktop-1    | 16-Sep-2026 15:54:22 [boincserver] Finished upload of exp_20260916T154418Z_random_medium_8_0_r97609405_0
client-desktop-1    | 16-Sep-2026 15:54:26 [boincserver] Sending scheduler request: To report completed tasks.
client-desktop-1    | 16-Sep-2026 15:54:26 [boincserver] Reporting 1 completed tasks
mysql-1             | 2026-09-16 15:50:26 8 [Warning] Access denied for user 'boincadm'@'172.21.0.3' (using password: NO)
mysql-1             | 2026-09-16 15:50:45 17 [Warning] Aborted connection 17 to db: 'boincserver' user: 'root' host: '172.21.0.4' (Got an error reading communication packets)
mysql-1             | 2026-09-16 15:50:45 16 [Warning] Aborted connection 16 to db: 'boincserver' user: 'root' host: '172.21.0.4' (Got an error reading communication packets)
mysql-1             | 2026-09-16 15:50:45 15 [Warning] Aborted connection 15 to db: 'boincserver' user: 'root' host: '172.21.0.4' (Got an error reading communication packets)
mysql-1             | 2026-09-16 15:55:02 161 [Warning] Aborted connection 161 to db: 'boincserver' user: 'root' host: '172.21.0.4' (Got an error reading communication packets)
mysql-1             | 2026-09-16 15:55:07 169 [Warning] Aborted connection 169 to db: 'boincserver' user: 'root' host: '172.21.0.4' (Got an error reading communication packets)
client-phone-1      | 16-Sep-2026 15:54:57 [boincserver] Project has no tasks available
client-desktop-1    | 16-Sep-2026 15:54:26 [boincserver] Requesting new tasks for CPU
client-desktop-1    | 16-Sep-2026 15:54:28 [boincserver] Scheduler request completed: got 0 new tasks
client-desktop-1    | 16-Sep-2026 15:54:28 [boincserver] Project has no tasks available
client-low-power-1  | 16-Sep-2026 15:55:41 [boincserver] Sending scheduler request: To fetch work.
client-low-power-1  | 16-Sep-2026 15:55:41 [boincserver] Requesting new tasks for CPU
client-low-power-1  | 16-Sep-2026 15:55:43 [boincserver] Scheduler request completed: got 0 new tasks
client-low-power-1  | 16-Sep-2026 15:55:43 [boincserver] Project has no tasks available
client-low-power-1  | 16-Sep-2026 15:55:43 [boincserver] Project requested delay of 7 seconds
client-phone-1      | 16-Sep-2026 15:54:57 [boincserver] Project requested delay of 7 seconds
client-phone-1      | 16-Sep-2026 15:55:07 [boincserver] Sending scheduler request: To fetch work.
client-phone-1      | 16-Sep-2026 15:55:07 [boincserver] Requesting new tasks for CPU
client-phone-1      | 16-Sep-2026 15:55:09 [boincserver] Scheduler request completed: got 0 new tasks
client-phone-1      | 16-Sep-2026 15:55:09 [boincserver] Project has no tasks available
client-phone-1      | 16-Sep-2026 15:55:09 [boincserver] Project requested delay of 7 seconds
client-phone-1      | 16-Sep-2026 15:55:23 [boincserver] Computation for task exp_20260916T154418Z_random_medium_10_0 finished
client-phone-1      | 16-Sep-2026 15:55:25 [boincserver] Started upload of exp_20260916T154418Z_random_medium_10_0_r1319826318_0
client-phone-1      | 16-Sep-2026 15:55:27 [boincserver] Finished upload of exp_20260916T154418Z_random_medium_10_0_r1319826318_0
client-phone-1      | 16-Sep-2026 15:55:29 [boincserver] Sending scheduler request: To report completed tasks.
client-phone-1      | 16-Sep-2026 15:55:29 [boincserver] Reporting 1 completed tasks
client-phone-1      | 16-Sep-2026 15:55:29 [boincserver] Requesting new tasks for CPU
client-phone-1      | 16-Sep-2026 15:55:36 [boincserver] Scheduler request completed: got 0 new tasks
client-phone-1      | 16-Sep-2026 15:55:36 [boincserver] Project has no tasks available
client-phone-1      | 16-Sep-2026 15:55:36 [boincserver] Project requested delay of 7 seconds
client-phone-1      | 16-Sep-2026 15:55:46 [boincserver] Sending scheduler request: To fetch work.
client-phone-1      | 16-Sep-2026 15:55:46 [boincserver] Requesting new tasks for CPU
client-phone-1      | 16-Sep-2026 15:55:48 [boincserver] Scheduler request completed: got 0 new tasks
client-phone-1      | 16-Sep-2026 15:55:48 [boincserver] Project has no tasks available
client-phone-1      | 16-Sep-2026 15:55:48 [boincserver] Project requested delay of 7 seconds
client-desktop-1    | 16-Sep-2026 15:54:28 [boincserver] Project requested delay of 7 seconds
client-desktop-1    | 16-Sep-2026 15:54:38 [boincserver] Sending scheduler request: To fetch work.
client-desktop-1    | 16-Sep-2026 15:54:38 [boincserver] Requesting new tasks for CPU
client-desktop-1    | 16-Sep-2026 15:54:40 [boincserver] Scheduler request completed: got 0 new tasks
client-desktop-1    | 16-Sep-2026 15:54:40 [boincserver] Project has no tasks available
client-desktop-1    | 16-Sep-2026 15:54:40 [boincserver] Project requested delay of 7 seconds
