client-desktop-1  | 17-Sep-2026 10:24:36 [---] Starting BOINC client version 7.20.5 for aarch64-unknown-linux-gnu
client-desktop-1  | 17-Sep-2026 10:24:36 [---] This a development version of BOINC and may not function properly
client-desktop-1  | 17-Sep-2026 10:24:36 [---] log flags: file_xfer, sched_ops, task
client-desktop-1  | 17-Sep-2026 10:24:36 [---] Libraries: libcurl/7.88.1 OpenSSL/3.0.20 zlib/1.2.13 brotli/1.0.9 zstd/1.5.4 libidn2/2.3.3 libpsl/0.21.2 (+libidn2/2.3.3) libssh2/1.10.0 nghttp2/1.52.0 librtmp/2.3 OpenLDAP/2.5.13
client-desktop-1  | 17-Sep-2026 10:24:36 [---] Data directory: /var/lib/boinc-client
client-desktop-1  | 17-Sep-2026 10:24:36 [---] No usable GPUs found
client-desktop-1  | 17-Sep-2026 10:24:36 [---] Creating new client state file
client-desktop-1  | 17-Sep-2026 10:24:36 [---] libc:  version 2.36
client-desktop-1  | 17-Sep-2026 10:24:36 [---] Host name: desktop-01
client-desktop-1  | 17-Sep-2026 10:24:36 [---] Processor: 2 ARM  [Impl 0x61 Arch 8 Variant 0x0 Part 0x000 Rev 0]
client-desktop-1  | 17-Sep-2026 10:24:36 [---] Processor features: fp asimd evtstrm aes pmull sha1 sha2 crc32 atomics fphp asimdhp cpuid asimdrdm jscvt fcma lrcpc dcpop sha3 asimddp sha512 asimdfhm dit uscat ilrcpc flagm sb paca pacg dcpodp flagm2 frint i8mm bf16 bti afp
client-desktop-1  | 17-Sep-2026 10:24:36 [---] OS: Linux Debian GNU/Linux: Debian GNU/Linux 12 (bookworm) [6.8.0-100-generic|libc 2.36]
client-desktop-1  | 17-Sep-2026 10:24:36 [---] Memory: 9.69 GB physical, 0 bytes virtual
client-desktop-1  | 17-Sep-2026 10:24:36 [---] Disk: 18.33 GB total, 15.24 GB free
client-desktop-1  | 17-Sep-2026 10:24:36 [---] Local time is UTC +0 hours
client-desktop-1  | 17-Sep-2026 10:24:36 [---] Config: GUI RPC allowed from any host
client-desktop-1  | 17-Sep-2026 10:24:36 [---] Config: simulate 2 CPUs
client-desktop-1  | 17-Sep-2026 10:24:36 [---] Config: report completed tasks immediately
client-desktop-1  | 17-Sep-2026 10:24:36 [---] No general preferences found - using defaults
client-desktop-1  | 17-Sep-2026 10:24:36 [---] Reading preferences override file
client-desktop-1  | 17-Sep-2026 10:24:36 [---] Preferences:
client-desktop-1  | 17-Sep-2026 10:24:36 [---]    max memory usage when active: 8929.14 MB
client-desktop-1  | 17-Sep-2026 10:24:36 [---]    max memory usage when idle: 8929.14 MB
client-desktop-1  | dir_open: Could not open directory 'slots' from '/var/lib/boinc-client'.
client-desktop-1  | 17-Sep-2026 10:24:36 [---]    max disk usage: 2.00 GB
client-desktop-1  | 17-Sep-2026 10:24:36 [---]    don't use GPU while active
client-desktop-1  | 17-Sep-2026 10:24:36 [---]    suspend work if non-BOINC CPU load exceeds 25%
client-desktop-1  | 17-Sep-2026 10:24:36 [---]    (to change preferences, visit a project web site or select Preferences in the Manager)
client-desktop-1  | 17-Sep-2026 10:24:36 [---] Setting up project and slot directories
client-desktop-1  | 17-Sep-2026 10:24:36 [---] Checking active tasks
client-desktop-1  | 17-Sep-2026 10:24:36 [---] Setting up GUI RPC socket
client-desktop-1  | 17-Sep-2026 10:24:36 [---] Checking presence of 0 project files
client-desktop-1  | 17-Sep-2026 10:24:36 [---] This computer is not attached to any projects
client-desktop-1  | 17-Sep-2026 10:24:36 Initialization completed
client-desktop-1  | dir_open: Could not open directory 'projects/boincserver.local_boincserver' from '/var/lib/boinc-client'.
client-desktop-1  | 17-Sep-2026 10:24:37 [---] No general preferences found - using defaults
client-desktop-1    | 17-Sep-2026 10:24:37 [---] Reading preferences override file
client-cluster-2-1  | 17-Sep-2026 10:24:31 [---] Starting BOINC client version 7.20.5 for aarch64-unknown-linux-gnu
client-cluster-2-1  | 17-Sep-2026 10:24:31 [---] This a development version of BOINC and may not function properly
client-cluster-2-1  | 17-Sep-2026 10:24:31 [---] log flags: file_xfer, sched_ops, task
client-cluster-2-1  | 17-Sep-2026 10:24:31 [---] Libraries: libcurl/7.88.1 OpenSSL/3.0.20 zlib/1.2.13 brotli/1.0.9 zstd/1.5.4 libidn2/2.3.3 libpsl/0.21.2 (+libidn2/2.3.3) libssh2/1.10.0 nghttp2/1.52.0 librtmp/2.3 OpenLDAP/2.5.13
client-cluster-2-1  | 17-Sep-2026 10:24:31 [---] Data directory: /var/lib/boinc-client
client-cluster-2-1  | 17-Sep-2026 10:24:31 [---] No usable GPUs found
client-cluster-2-1  | 17-Sep-2026 10:24:31 [---] Creating new client state file
client-cluster-2-1  | 17-Sep-2026 10:24:31 [---] libc:  version 2.36
client-cluster-2-1  | 17-Sep-2026 10:24:31 [---] Host name: cluster-02
client-cluster-2-1  | 17-Sep-2026 10:24:31 [---] Processor: 4 ARM  [Impl 0x61 Arch 8 Variant 0x0 Part 0x000 Rev 0]
client-cluster-2-1  | 17-Sep-2026 10:24:31 [---] Processor features: fp asimd evtstrm aes pmull sha1 sha2 crc32 atomics fphp asimdhp cpuid asimdrdm jscvt fcma lrcpc dcpop sha3 asimddp sha512 asimdfhm dit uscat ilrcpc flagm sb paca pacg dcpodp flagm2 frint i8mm bf16 bti afp
client-cluster-2-1  | 17-Sep-2026 10:24:31 [---] OS: Linux Debian GNU/Linux: Debian GNU/Linux 12 (bookworm) [6.8.0-100-generic|libc 2.36]
client-cluster-2-1  | 17-Sep-2026 10:24:31 [---] Memory: 9.69 GB physical, 0 bytes virtual
client-cluster-2-1  | 17-Sep-2026 10:24:31 [---] Disk: 18.33 GB total, 15.24 GB free
client-cluster-2-1  | 17-Sep-2026 10:24:31 [---] Local time is UTC +0 hours
client-cluster-2-1  | 17-Sep-2026 10:24:31 [---] Config: GUI RPC allowed from any host
client-cluster-2-1  | 17-Sep-2026 10:24:31 [---] Config: simulate 4 CPUs
client-cluster-2-1  | 17-Sep-2026 10:24:31 [---] Config: report completed tasks immediately
client-cluster-2-1  | 17-Sep-2026 10:24:31 [---] No general preferences found - using defaults
client-cluster-2-1  | 17-Sep-2026 10:24:31 [---] Reading preferences override file
client-cluster-2-1  | 17-Sep-2026 10:24:31 [---] Preferences:
client-cluster-2-1  | 17-Sep-2026 10:24:31 [---]    max memory usage when active: 8929.14 MB
client-cluster-2-1  | 17-Sep-2026 10:24:31 [---]    max memory usage when idle: 8929.14 MB
client-cluster-2-1  | dir_open: Could not open directory 'slots' from '/var/lib/boinc-client'.
client-cluster-2-1  | 17-Sep-2026 10:24:31 [---]    max disk usage: 2.00 GB
client-cluster-2-1  | 17-Sep-2026 10:24:31 [---]    don't use GPU while active
client-cluster-2-1  | 17-Sep-2026 10:24:31 [---]    suspend work if non-BOINC CPU load exceeds 25%
client-cluster-2-1  | 17-Sep-2026 10:24:31 [---]    (to change preferences, visit a project web site or select Preferences in the Manager)
client-cluster-2-1  | 17-Sep-2026 10:24:31 [---] Setting up project and slot directories
client-cluster-2-1  | 17-Sep-2026 10:24:31 [---] Checking active tasks
client-cluster-2-1  | 17-Sep-2026 10:24:31 [---] Setting up GUI RPC socket
client-desktop-1    | 17-Sep-2026 10:24:37 [---] Preferences:
client-desktop-1    | 17-Sep-2026 10:24:37 [---]    max memory usage when active: 8929.14 MB
client-desktop-1    | 17-Sep-2026 10:24:37 [---]    max memory usage when idle: 8929.14 MB
client-desktop-1    | 17-Sep-2026 10:24:37 [---]    max disk usage: 2.00 GB
client-desktop-1    | 17-Sep-2026 10:24:37 [---]    don't use GPU while active
client-desktop-1    | 17-Sep-2026 10:24:37 [---]    suspend work if non-BOINC CPU load exceeds 25%
client-desktop-1    | 17-Sep-2026 10:24:37 [---]    (to change preferences, visit a project web site or select Preferences in the Manager)
client-desktop-1    | 17-Sep-2026 10:24:41 [http://boincserver.local/boincserver/] Fetching scheduler list
client-desktop-1    | 17-Sep-2026 10:24:43 [http://boincserver.local/boincserver/] Master file download succeeded
client-desktop-1    | 17-Sep-2026 10:24:48 [http://boincserver.local/boincserver/] Sending scheduler request: Project initialization.
client-desktop-1    | 17-Sep-2026 10:24:48 [http://boincserver.local/boincserver/] Requesting new tasks for CPU
client-desktop-1    | 17-Sep-2026 10:24:50 [boincserver] Scheduler request completed: got 1 new tasks
client-desktop-1    | 17-Sep-2026 10:24:50 [boincserver] Project requested delay of 7 seconds
client-desktop-1    | 17-Sep-2026 10:24:52 [boincserver] Started download of hybrid_synthetic_1.0_aarch64-unknown-linux-gnu
client-desktop-1    | 17-Sep-2026 10:24:52 [boincserver] Started download of hybrid_synthetic_input.txt
client-desktop-1    | 17-Sep-2026 10:24:54 [boincserver] Finished download of hybrid_synthetic_1.0_aarch64-unknown-linux-gnu
client-desktop-1    | 17-Sep-2026 10:24:54 [boincserver] Finished download of hybrid_synthetic_input.txt
client-desktop-1    | 17-Sep-2026 10:24:55 [boincserver] Starting task exp_20260917T102241Z_baseline_long_3_0
client-desktop-1    | 17-Sep-2026 10:25:01 [boincserver] Sending scheduler request: To fetch work.
client-desktop-1    | 17-Sep-2026 10:25:01 [boincserver] Requesting new tasks for CPU
client-desktop-1    | 17-Sep-2026 10:25:03 [boincserver] Scheduler request completed: got 2 new tasks
client-desktop-1    | 17-Sep-2026 10:25:03 [boincserver] Project requested delay of 7 seconds
client-desktop-1    | 17-Sep-2026 10:25:05 [boincserver] Starting task exp_20260917T102241Z_baseline_long_6_0
client-desktop-1    | 17-Sep-2026 10:25:13 [boincserver] Sending scheduler request: To fetch work.
client-desktop-1    | 17-Sep-2026 10:25:13 [boincserver] Requesting new tasks for CPU
client-desktop-1    | 17-Sep-2026 10:25:39 [boincserver] Scheduler request completed: got 1 new tasks
client-desktop-1    | 17-Sep-2026 10:25:39 [boincserver] Project requested delay of 7 seconds
client-desktop-1    | 17-Sep-2026 10:25:49 [boincserver] Sending scheduler request: To fetch work.
client-cluster-2-1  | 17-Sep-2026 10:24:31 [---] Checking presence of 0 project files
client-cluster-2-1  | 17-Sep-2026 10:24:31 [---] This computer is not attached to any projects
client-cluster-2-1  | 17-Sep-2026 10:24:31 Initialization completed
client-cluster-2-1  | dir_open: Could not open directory 'projects/boincserver.local_boincserver' from '/var/lib/boinc-client'.
client-cluster-2-1  | 17-Sep-2026 10:24:32 [---] No general preferences found - using defaults
client-cluster-2-1  | 17-Sep-2026 10:24:32 [---] Reading preferences override file
client-cluster-2-1  | 17-Sep-2026 10:24:32 [---] Preferences:
client-cluster-2-1  | 17-Sep-2026 10:24:32 [---]    max memory usage when active: 8929.14 MB
client-cluster-2-1  | 17-Sep-2026 10:24:32 [---]    max memory usage when idle: 8929.14 MB
client-cluster-2-1  | 17-Sep-2026 10:24:32 [---]    max disk usage: 2.00 GB
client-cluster-2-1  | 17-Sep-2026 10:24:32 [---]    don't use GPU while active
client-cluster-2-1  | 17-Sep-2026 10:24:32 [---]    suspend work if non-BOINC CPU load exceeds 25%
client-cluster-2-1  | 17-Sep-2026 10:24:32 [---]    (to change preferences, visit a project web site or select Preferences in the Manager)
client-cluster-2-1  | 17-Sep-2026 10:24:36 [http://boincserver.local/boincserver/] Fetching scheduler list
client-cluster-2-1  | 17-Sep-2026 10:24:38 [http://boincserver.local/boincserver/] Master file download succeeded
client-cluster-2-1  | 17-Sep-2026 10:24:44 [http://boincserver.local/boincserver/] Sending scheduler request: Project initialization.
client-cluster-2-1  | 17-Sep-2026 10:24:44 [http://boincserver.local/boincserver/] Requesting new tasks for CPU
client-cluster-2-1  | 17-Sep-2026 10:24:46 [boincserver] Scheduler request completed: got 1 new tasks
client-cluster-2-1  | 17-Sep-2026 10:24:46 [boincserver] Project requested delay of 7 seconds
client-cluster-2-1  | 17-Sep-2026 10:24:48 [boincserver] Started download of hybrid_synthetic_1.0_aarch64-unknown-linux-gnu
client-cluster-2-1  | 17-Sep-2026 10:24:48 [boincserver] Started download of hybrid_synthetic_input.txt
client-cluster-2-1  | 17-Sep-2026 10:24:50 [boincserver] Finished download of hybrid_synthetic_1.0_aarch64-unknown-linux-gnu
client-cluster-2-1  | 17-Sep-2026 10:24:50 [boincserver] Finished download of hybrid_synthetic_input.txt
client-cluster-2-1  | 17-Sep-2026 10:24:50 [boincserver] Starting task exp_20260917T102241Z_baseline_medium_9_0
client-cluster-2-1  | 17-Sep-2026 10:24:56 [boincserver] Sending scheduler request: To fetch work.
client-cluster-2-1  | 17-Sep-2026 10:24:56 [boincserver] Requesting new tasks for CPU
client-cluster-2-1  | 17-Sep-2026 10:25:03 [boincserver] Scheduler request completed: got 4 new tasks
client-cluster-2-1  | 17-Sep-2026 10:25:03 [boincserver] Project requested delay of 7 seconds
client-cluster-2-1  | 17-Sep-2026 10:25:30 [boincserver] Elapsed time limit 50.000000 < 120.000000; setting to 43200.000000
client-cluster-2-1  | 17-Sep-2026 10:25:30 [boincserver] Starting task exp_20260917T102241Z_baseline_long_2_0
client-desktop-1    | 17-Sep-2026 10:25:49 [boincserver] Requesting new tasks for CPU
client-desktop-1    | 17-Sep-2026 10:26:17 [boincserver] Scheduler request completed: got 0 new tasks
client-phone-2-1    | 17-Sep-2026 10:24:31 [---] Starting BOINC client version 7.20.5 for aarch64-unknown-linux-gnu
client-phone-2-1    | 17-Sep-2026 10:24:31 [---] This a development version of BOINC and may not function properly
client-phone-2-1    | 17-Sep-2026 10:24:31 [---] log flags: file_xfer, sched_ops, task
client-phone-1      | 17-Sep-2026 10:24:31 [---] Starting BOINC client version 7.20.5 for aarch64-unknown-linux-gnu
client-phone-1      | 17-Sep-2026 10:24:31 [---] This a development version of BOINC and may not function properly
client-phone-1      | 17-Sep-2026 10:24:31 [---] log flags: file_xfer, sched_ops, task
client-phone-1      | 17-Sep-2026 10:24:31 [---] Libraries: libcurl/7.88.1 OpenSSL/3.0.20 zlib/1.2.13 brotli/1.0.9 zstd/1.5.4 libidn2/2.3.3 libpsl/0.21.2 (+libidn2/2.3.3) libssh2/1.10.0 nghttp2/1.52.0 librtmp/2.3 OpenLDAP/2.5.13
client-phone-1      | 17-Sep-2026 10:24:31 [---] Data directory: /var/lib/boinc-client
mysql-1             | Initializing database
mysql-1             | 
mysql-1             | 
mysql-1             | PLEASE REMEMBER TO SET A PASSWORD FOR THE MariaDB root USER !
mysql-1             | To do so, start the server, then issue the following commands:
mysql-1             | 
mysql-1             | '/usr/bin/mysqladmin' -u root password 'new-password'
mysql-1             | '/usr/bin/mysqladmin' -u root -h  password 'new-password'
mysql-1             | 
mysql-1             | Alternatively you can run:
mysql-1             | '/usr/bin/mysql_secure_installation'
mysql-1             | 
client-phone-1      | 17-Sep-2026 10:24:31 [---] No usable GPUs found
client-phone-1      | 17-Sep-2026 10:24:31 [---] Creating new client state file
client-phone-1      | 17-Sep-2026 10:24:31 [---] libc:  version 2.36
client-phone-1      | 17-Sep-2026 10:24:31 [---] Host name: phone-01
client-phone-1      | 17-Sep-2026 10:24:31 [---] Processor: 1 ARM  [Impl 0x61 Arch 8 Variant 0x0 Part 0x000 Rev 0]
client-phone-1      | 17-Sep-2026 10:24:31 [---] Processor features: fp asimd evtstrm aes pmull sha1 sha2 crc32 atomics fphp asimdhp cpuid asimdrdm jscvt fcma lrcpc dcpop sha3 asimddp sha512 asimdfhm dit uscat ilrcpc flagm sb paca pacg dcpodp flagm2 frint i8mm bf16 bti afp
apache-1            | /usr/lib/python2.7/dist-packages/supervisor/options.py:461: UserWarning: Supervisord is running as root and it is searching for its configuration file in default locations (including its current working directory); you probably want to specify a "-c" argument specifying an absolute path to a configuration file for improved security.
apache-1            |   'Supervisord is running as root and it is searching '
apache-1            | 2026-09-17 10:22:46,162 CRIT Supervisor is running as root.  Privileges were not dropped because no user is specified in the config file.  If you intend to run as root, you can set user=root in the config file to avoid this message.
apache-1            | 2026-09-17 10:22:46,162 INFO Included extra file "/etc/supervisor/conf.d/supervisord.conf" during parsing
apache-1            | 2026-09-17 10:22:46,166 INFO RPC interface 'supervisor' initialized
makeproject-1       | Updating project files in data volume...
makeproject-1       | Waiting for MySQL server to start...
makeproject-1       | Creating database...
client-low-power-1  | 17-Sep-2026 10:24:36 [---] Starting BOINC client version 7.20.5 for aarch64-unknown-linux-gnu
client-low-power-1  | 17-Sep-2026 10:24:36 [---] This a development version of BOINC and may not function properly
client-low-power-1  | 17-Sep-2026 10:24:36 [---] log flags: file_xfer, sched_ops, task
client-low-power-1  | 17-Sep-2026 10:24:36 [---] Libraries: libcurl/7.88.1 OpenSSL/3.0.20 zlib/1.2.13 brotli/1.0.9 zstd/1.5.4 libidn2/2.3.3 libpsl/0.21.2 (+libidn2/2.3.3) libssh2/1.10.0 nghttp2/1.52.0 librtmp/2.3 OpenLDAP/2.5.13
client-low-power-1  | 17-Sep-2026 10:24:36 [---] Data directory: /var/lib/boinc-client
client-low-power-1  | 17-Sep-2026 10:24:36 [---] No usable GPUs found
client-low-power-1  | 17-Sep-2026 10:24:36 [---] Creating new client state file
client-low-power-1  | 17-Sep-2026 10:24:36 [---] libc:  version 2.36
client-phone-2-1    | 17-Sep-2026 10:24:31 [---] Libraries: libcurl/7.88.1 OpenSSL/3.0.20 zlib/1.2.13 brotli/1.0.9 zstd/1.5.4 libidn2/2.3.3 libpsl/0.21.2 (+libidn2/2.3.3) libssh2/1.10.0 nghttp2/1.52.0 librtmp/2.3 OpenLDAP/2.5.13
client-phone-2-1    | 17-Sep-2026 10:24:31 [---] Data directory: /var/lib/boinc-client
client-phone-2-1    | 17-Sep-2026 10:24:31 [---] No usable GPUs found
client-phone-2-1    | 17-Sep-2026 10:24:31 [---] Creating new client state file
client-phone-2-1    | 17-Sep-2026 10:24:31 [---] libc:  version 2.36
client-phone-1      | 17-Sep-2026 10:24:31 [---] OS: Linux Debian GNU/Linux: Debian GNU/Linux 12 (bookworm) [6.8.0-100-generic|libc 2.36]
client-phone-1      | 17-Sep-2026 10:24:31 [---] Memory: 9.69 GB physical, 0 bytes virtual
client-phone-1      | 17-Sep-2026 10:24:31 [---] Disk: 18.33 GB total, 15.24 GB free
client-phone-1      | 17-Sep-2026 10:24:31 [---] Local time is UTC +0 hours
client-cluster-1    | 17-Sep-2026 10:24:36 [---] Starting BOINC client version 7.20.5 for aarch64-unknown-linux-gnu
client-cluster-1    | 17-Sep-2026 10:24:36 [---] This a development version of BOINC and may not function properly
client-phone-2-1    | 17-Sep-2026 10:24:31 [---] Host name: phone-02
client-phone-2-1    | 17-Sep-2026 10:24:31 [---] Processor: 1 ARM  [Impl 0x61 Arch 8 Variant 0x0 Part 0x000 Rev 0]
client-phone-2-1    | 17-Sep-2026 10:24:31 [---] Processor features: fp asimd evtstrm aes pmull sha1 sha2 crc32 atomics fphp asimdhp cpuid asimdrdm jscvt fcma lrcpc dcpop sha3 asimddp sha512 asimdfhm dit uscat ilrcpc flagm sb paca pacg dcpodp flagm2 frint i8mm bf16 bti afp
client-phone-2-1    | 17-Sep-2026 10:24:31 [---] OS: Linux Debian GNU/Linux: Debian GNU/Linux 12 (bookworm) [6.8.0-100-generic|libc 2.36]
client-phone-2-1    | 17-Sep-2026 10:24:31 [---] Memory: 9.69 GB physical, 0 bytes virtual
client-phone-2-1    | 17-Sep-2026 10:24:31 [---] Disk: 18.33 GB total, 15.24 GB free
client-phone-2-1    | 17-Sep-2026 10:24:31 [---] Local time is UTC +0 hours
apache-1            | 2026-09-17 10:22:46,166 CRIT Server 'unix_http_server' running without any HTTP authentication checking
apache-1            | 2026-09-17 10:22:46,166 INFO supervisord started with pid 1
apache-1            | 2026-09-17 10:22:47,171 INFO spawned: 'cron' with pid 9
apache-1            | 2026-09-17 10:22:47,173 INFO spawned: 'start' with pid 10
apache-1            | 2026-09-17 10:22:47,175 INFO spawned: 'rsyslogd' with pid 11
apache-1            | 2026-09-17 10:22:47,178 INFO spawned: 'apache2' with pid 12
apache-1            | 2026-09-17 10:22:49,143 INFO success: cron entered RUNNING state, process has stayed up for > than 1 seconds (startsecs)
apache-1            | 2026-09-17 10:22:49,144 INFO success: start entered RUNNING state, process has stayed up for > than 1 seconds (startsecs)
apache-1            | 2026-09-17 10:22:49,144 INFO success: rsyslogd entered RUNNING state, process has stayed up for > than 1 seconds (startsecs)
apache-1            | 2026-09-17 10:22:49,144 INFO success: apache2 entered RUNNING state, process has stayed up for > than 1 seconds (startsecs)
apache-1            | 2026-09-17 10:23:02,674 INFO reaped unknown pid 64
apache-1            | 2026-09-17 10:23:02,675 INFO reaped unknown pid 66
makeproject-1       | added platform: (create_time, name, user_friendly_name) values (1789640571, 'windows_intelx86', 'Microsoft Windows (98 or later) running on an Intel x86-compatible CPU')
makeproject-1       | added platform: (create_time, name, user_friendly_name) values (1789640571, 'windows_x86_64', 'Microsoft Windows running on an AMD x86_64 or Intel EM64T CPU')
makeproject-1       | added platform: (create_time, name, user_friendly_name) values (1789640571, 'windows_arm64', 'Microsoft Windows running on ARM 64-bit')
client-cluster-1    | 17-Sep-2026 10:24:36 [---] log flags: file_xfer, sched_ops, task
client-cluster-1    | 17-Sep-2026 10:24:36 [---] Libraries: libcurl/7.88.1 OpenSSL/3.0.20 zlib/1.2.13 brotli/1.0.9 zstd/1.5.4 libidn2/2.3.3 libpsl/0.21.2 (+libidn2/2.3.3) libssh2/1.10.0 nghttp2/1.52.0 librtmp/2.3 OpenLDAP/2.5.13
mysql-1             | which will also give you the option of removing the test
mysql-1             | databases and anonymous user created by default.  This is
mysql-1             | strongly recommended for production servers.
mysql-1             | 
mysql-1             | See the MariaDB Knowledgebase at http://mariadb.com/kb or the
mysql-1             | MySQL manual for more instructions.
mysql-1             | 
mysql-1             | Please report any problems at http://mariadb.org/jira
mysql-1             | 
mysql-1             | The latest information about MariaDB is available at http://mariadb.org/.
mysql-1             | You can find additional information about the MySQL part at:
client-cluster-1    | 17-Sep-2026 10:24:36 [---] Data directory: /var/lib/boinc-client
client-cluster-1    | 17-Sep-2026 10:24:36 [---] No usable GPUs found
client-phone-2-1    | 17-Sep-2026 10:24:31 [---] Config: GUI RPC allowed from any host
client-phone-2-1    | 17-Sep-2026 10:24:31 [---] Config: simulate 1 CPUs
client-phone-2-1    | 17-Sep-2026 10:24:31 [---] Config: report completed tasks immediately
client-phone-2-1    | dir_open: Could not open directory 'slots' from '/var/lib/boinc-client'.
client-phone-2-1    | 17-Sep-2026 10:24:31 [---] No general preferences found - using defaults
client-cluster-1    | 17-Sep-2026 10:24:36 [---] Creating new client state file
client-cluster-1    | 17-Sep-2026 10:24:36 [---] libc:  version 2.36
client-cluster-1    | 17-Sep-2026 10:24:36 [---] Host name: cluster-01
client-cluster-1    | 17-Sep-2026 10:24:36 [---] Processor: 4 ARM  [Impl 0x61 Arch 8 Variant 0x0 Part 0x000 Rev 0]
client-cluster-2-1  | 17-Sep-2026 10:25:30 [boincserver] Starting task exp_20260917T102241Z_baseline_long_4_0
client-cluster-2-1  | 17-Sep-2026 10:25:30 [boincserver] Starting task exp_20260917T102241Z_baseline_short_16_0
client-cluster-2-1  | 17-Sep-2026 10:25:30 [boincserver] Sending scheduler request: To fetch work.
client-cluster-2-1  | 17-Sep-2026 10:25:30 [boincserver] Requesting new tasks for CPU
mysql-1             | http://dev.mysql.com
mysql-1             | Consider joining MariaDB's strong and vibrant community:
mysql-1             | https://mariadb.org/get-involved/
mysql-1             | 
mysql-1             | Database initialized
mysql-1             | MySQL init process in progress...
mysql-1             | 2026-09-17 10:22:48 0 [Note] mysqld (mysqld 10.3.8-MariaDB-1:10.3.8+maria~bionic) starting as process 104 ...
makeproject-1       | added platform: (create_time, name, user_friendly_name) values (1789640571, 'i686-pc-linux-gnu', 'Linux running on an Intel x86-compatible CPU')
makeproject-1       | added platform: (create_time, name, user_friendly_name) values (1789640571, 'x86_64-pc-linux-gnu', 'Linux running on an AMD x86_64 or Intel EM64T CPU')
makeproject-1       | added platform: (create_time, name, user_friendly_name) values (1789640571, 'powerpc-apple-darwin', 'Mac OS X 10.3 or later running on Motorola PowerPC')
makeproject-1       | added platform: (create_time, name, user_friendly_name) values (1789640571, 'i686-apple-darwin', 'Mac OS 10.4 or later running on Intel')
makeproject-1       | added platform: (create_time, name, user_friendly_name) values (1789640571, 'x86_64-apple-darwin', 'Intel 64-bit Mac OS 10.5 or later')
makeproject-1       | added platform: (create_time, name, user_friendly_name) values (1789640571, 'arm64-apple-darwin', 'Mac OS running on ARM')
makeproject-1       | added platform: (create_time, name, user_friendly_name) values (1789640571, 'sparc-sun-solaris2.7', 'Solaris 2.7 running on a SPARC-compatible CPU')
makeproject-1       | added platform: (create_time, name, user_friendly_name) values (1789640571, 'sparc-sun-solaris', 'Solaris 2.8 or later running on a SPARC-compatible CPU')
client-phone-1      | 17-Sep-2026 10:24:31 [---] Config: GUI RPC allowed from any host
client-phone-1      | 17-Sep-2026 10:24:31 [---] Config: simulate 1 CPUs
client-phone-1      | 17-Sep-2026 10:24:31 [---] Config: report completed tasks immediately
client-phone-1      | 17-Sep-2026 10:24:31 [---] No general preferences found - using defaults
client-cluster-1    | 17-Sep-2026 10:24:36 [---] Processor features: fp asimd evtstrm aes pmull sha1 sha2 crc32 atomics fphp asimdhp cpuid asimdrdm jscvt fcma lrcpc dcpop sha3 asimddp sha512 asimdfhm dit uscat ilrcpc flagm sb paca pacg dcpodp flagm2 frint i8mm bf16 bti afp
client-cluster-1    | 17-Sep-2026 10:24:36 [---] OS: Linux Debian GNU/Linux: Debian GNU/Linux 12 (bookworm) [6.8.0-100-generic|libc 2.36]
client-cluster-1    | 17-Sep-2026 10:24:36 [---] Memory: 9.69 GB physical, 0 bytes virtual
client-cluster-1    | 17-Sep-2026 10:24:36 [---] Disk: 18.33 GB total, 15.24 GB free
client-cluster-1    | 17-Sep-2026 10:24:36 [---] Local time is UTC +0 hours
client-cluster-1    | 17-Sep-2026 10:24:36 [---] Config: GUI RPC allowed from any host
client-cluster-1    | 17-Sep-2026 10:24:36 [---] Config: simulate 4 CPUs
client-cluster-1    | 17-Sep-2026 10:24:36 [---] Config: report completed tasks immediately
client-phone-1      | 17-Sep-2026 10:24:31 [---] Reading preferences override file
client-phone-1      | 17-Sep-2026 10:24:31 [---] Preferences:
client-phone-1      | 17-Sep-2026 10:24:31 [---]    max memory usage when active: 8929.14 MB
client-phone-1      | 17-Sep-2026 10:24:31 [---]    max memory usage when idle: 8929.14 MB
client-phone-1      | 17-Sep-2026 10:24:31 [---]    max disk usage: 2.00 GB
client-cluster-2-1  | 17-Sep-2026 10:25:32 [boincserver] Computation for task exp_20260917T102241Z_baseline_medium_9_0 finished
client-cluster-2-1  | 17-Sep-2026 10:25:32 [boincserver] Starting task exp_20260917T102241Z_baseline_long_5_0
client-cluster-2-1  | 17-Sep-2026 10:25:32 [boincserver] Scheduler request completed: got 3 new tasks
client-cluster-2-1  | 17-Sep-2026 10:25:32 [boincserver] Project requested delay of 7 seconds
client-cluster-2-1  | 17-Sep-2026 10:25:34 [boincserver] Started upload of exp_20260917T102241Z_baseline_medium_9_0_r1523006696_0
client-cluster-2-1  | 17-Sep-2026 10:25:36 [boincserver] Finished upload of exp_20260917T102241Z_baseline_medium_9_0_r1523006696_0
client-cluster-2-1  | 17-Sep-2026 10:25:38 [boincserver] Computation for task exp_20260917T102241Z_baseline_short_16_0 finished
client-cluster-2-1  | 17-Sep-2026 10:25:38 [boincserver] Elapsed time limit 50.000000 < 120.000000; setting to 43200.000000
apache-1            | 2026-09-17 10:23:02,675 INFO reaped unknown pid 68
apache-1            | 2026-09-17 10:23:09,345 INFO reaped unknown pid 67
apache-1            | 2026-09-17 10:23:09,345 INFO reaped unknown pid 69
mysql-1             | 2026-09-17 10:22:48 0 [Note] InnoDB: Using Linux native AIO
mysql-1             | 2026-09-17 10:22:48 0 [Note] InnoDB: Mutexes and rw_locks use GCC atomic builtins
mysql-1             | 2026-09-17 10:22:48 0 [Note] InnoDB: Uses event mutexes
mysql-1             | 2026-09-17 10:22:48 0 [Note] InnoDB: Compressed tables use zlib 1.2.11
mysql-1             | 2026-09-17 10:22:48 0 [Note] InnoDB: Number of pools: 1
mysql-1             | 2026-09-17 10:22:48 0 [Note] InnoDB: Using generic crc32 instructions
mysql-1             | 2026-09-17 10:22:48 0 [Note] InnoDB: Initializing buffer pool, total size = 256M, instances = 1, chunk size = 128M
apache-1            | 2026-09-17 10:23:09,347 INFO reaped unknown pid 65
apache-1            | 2026-09-17 10:23:17,523 INFO reaped unknown pid 160
apache-1            | 2026-09-17 10:23:17,523 INFO reaped unknown pid 162
client-phone-2-1    | 17-Sep-2026 10:24:31 [---] Reading preferences override file
client-phone-2-1    | 17-Sep-2026 10:24:31 [---] Preferences:
client-phone-2-1    | 17-Sep-2026 10:24:31 [---]    max memory usage when active: 8929.14 MB
makeproject-1       | added platform: (create_time, name, user_friendly_name) values (1789640571, 'sparc64-sun-solaris', 'Solaris 2.8 or later running on a SPARC 64-bit CPU')
makeproject-1       | added platform: (create_time, name, user_friendly_name) values (1789640571, 'powerpc64-ps3-linux-gnu', 'Sony Playstation 3 running Linux')
makeproject-1       | added platform: (create_time, name, user_friendly_name) values (1789640571, 'arm-android-linux-gnu', 'Android running on ARM armeabi-v7a')
makeproject-1       | added platform: (create_time, name, user_friendly_name) values (1789640571, 'aarch64-android-linux-gnu', 'Android running on ARM 64-bit arm64-v8a')
mysql-1             | 2026-09-17 10:22:48 0 [Note] InnoDB: Completed initialization of buffer pool
mysql-1             | 2026-09-17 10:22:48 0 [Note] InnoDB: If the mysqld execution user is authorized, page cleaner thread priority can be changed. See the man page of setpriority().
mysql-1             | 2026-09-17 10:22:48 0 [Note] InnoDB: 128 out of 128 rollback segments are active.
mysql-1             | 2026-09-17 10:22:48 0 [Note] InnoDB: Creating shared tablespace for temporary tables
client-phone-2-1    | 17-Sep-2026 10:24:31 [---]    max memory usage when idle: 8929.14 MB
client-phone-2-1    | 17-Sep-2026 10:24:31 [---]    max disk usage: 2.00 GB
client-phone-2-1    | 17-Sep-2026 10:24:31 [---]    don't use GPU while active
makeproject-1       | added platform: (create_time, name, user_friendly_name) values (1789640571, 'x86_64-android-linux-gnu', 'Android running on Intel x64 compatible')
makeproject-1       | added platform: (create_time, name, user_friendly_name) values (1789640571, 'x86-android-linux-gnu', 'Android running on Intel x86 compatible')
makeproject-1       | added platform: (create_time, name, user_friendly_name) values (1789640571, 'arm-unknown-linux-gnueabihf', 'Linux running on ARM, hardware FP')
makeproject-1       | added platform: (create_time, name, user_friendly_name) values (1789640571, 'aarch64-unknown-linux-gnu', 'Linux running on ARM64')
client-cluster-2-1  | 17-Sep-2026 10:25:38 [boincserver] Starting task exp_20260917T102241Z_baseline_short_2_0
client-cluster-2-1  | 17-Sep-2026 10:25:40 [boincserver] Started upload of exp_20260917T102241Z_baseline_short_16_0_r1680849656_0
client-cluster-2-1  | 17-Sep-2026 10:26:07 [boincserver] Finished upload of exp_20260917T102241Z_baseline_short_16_0_r1680849656_0
client-cluster-2-1  | 17-Sep-2026 10:26:07 [boincserver] Sending scheduler request: To report completed tasks.
client-cluster-2-1  | 17-Sep-2026 10:26:07 [boincserver] Reporting 2 completed tasks
client-cluster-2-1  | 17-Sep-2026 10:26:07 [boincserver] Requesting new tasks for CPU
client-cluster-2-1  | 17-Sep-2026 10:26:09 [boincserver] Scheduler request completed: got 2 new tasks
client-cluster-2-1  | 17-Sep-2026 10:26:09 [boincserver] Project requested delay of 7 seconds
client-cluster-2-1  | 17-Sep-2026 10:26:10 [boincserver] Computation for task exp_20260917T102241Z_baseline_short_2_0 finished
client-cluster-2-1  | 17-Sep-2026 10:26:10 [boincserver] Starting task exp_20260917T102241Z_baseline_medium_8_0
client-cluster-2-1  | 17-Sep-2026 10:26:12 [boincserver] Started upload of exp_20260917T102241Z_baseline_short_2_0_r925548482_0
client-cluster-2-1  | 17-Sep-2026 10:26:14 [boincserver] Finished upload of exp_20260917T102241Z_baseline_short_2_0_r925548482_0
client-desktop-1    | 17-Sep-2026 10:26:17 [boincserver] No tasks sent
client-desktop-1    | 17-Sep-2026 10:26:17 [boincserver] This computer has reached a limit on tasks in progress
client-desktop-1    | 17-Sep-2026 10:26:17 [boincserver] Project requested delay of 7 seconds
client-cluster-1    | 17-Sep-2026 10:24:36 [---] No general preferences found - using defaults
client-cluster-1    | 17-Sep-2026 10:24:36 [---] Reading preferences override file
client-cluster-1    | 17-Sep-2026 10:24:36 [---] Preferences:
client-cluster-1    | 17-Sep-2026 10:24:36 [---]    max memory usage when active: 8929.14 MB
client-cluster-1    | 17-Sep-2026 10:24:36 [---]    max memory usage when idle: 8929.14 MB
client-cluster-1    | 17-Sep-2026 10:24:36 [---]    max disk usage: 2.00 GB
client-cluster-2-1  | 17-Sep-2026 10:26:44 [boincserver] Sending scheduler request: To report completed tasks.
client-cluster-2-1  | 17-Sep-2026 10:26:44 [boincserver] Reporting 1 completed tasks
client-cluster-2-1  | 17-Sep-2026 10:26:44 [boincserver] Requesting new tasks for CPU
client-cluster-2-1  | 17-Sep-2026 10:26:46 [boincserver] Scheduler request completed: got 0 new tasks
client-cluster-2-1  | 17-Sep-2026 10:26:46 [boincserver] Project has no tasks available
client-cluster-2-1  | 17-Sep-2026 10:26:46 [boincserver] Project requested delay of 7 seconds
client-phone-2-1    | 17-Sep-2026 10:24:31 [---]    suspend work if non-BOINC CPU load exceeds 25%
client-phone-2-1    | 17-Sep-2026 10:24:31 [---]    (to change preferences, visit a project web site or select Preferences in the Manager)
client-phone-2-1    | 17-Sep-2026 10:24:31 [---] Setting up project and slot directories
client-desktop-1    | 17-Sep-2026 10:26:58 [boincserver] Computation for task exp_20260917T102241Z_baseline_long_3_0 finished
client-desktop-1    | 17-Sep-2026 10:26:58 [boincserver] Starting task exp_20260917T102241Z_baseline_medium_2_0
client-desktop-1    | 17-Sep-2026 10:27:00 [boincserver] Started upload of exp_20260917T102241Z_baseline_long_3_0_r642581540_0
client-desktop-1    | 17-Sep-2026 10:27:02 [boincserver] Finished upload of exp_20260917T102241Z_baseline_long_3_0_r642581540_0
client-low-power-1  | 17-Sep-2026 10:24:36 [---] Host name: low-power-01
client-low-power-1  | 17-Sep-2026 10:24:36 [---] Processor: 1 ARM  [Impl 0x61 Arch 8 Variant 0x0 Part 0x000 Rev 0]
client-low-power-1  | 17-Sep-2026 10:24:36 [---] Processor features: fp asimd evtstrm aes pmull sha1 sha2 crc32 atomics fphp asimdhp cpuid asimdrdm jscvt fcma lrcpc dcpop sha3 asimddp sha512 asimdfhm dit uscat ilrcpc flagm sb paca pacg dcpodp flagm2 frint i8mm bf16 bti afp
client-low-power-1  | 17-Sep-2026 10:24:36 [---] OS: Linux Debian GNU/Linux: Debian GNU/Linux 12 (bookworm) [6.8.0-100-generic|libc 2.36]
client-phone-2-1    | 17-Sep-2026 10:24:31 [---] Checking active tasks
client-phone-2-1    | 17-Sep-2026 10:24:31 [---] Setting up GUI RPC socket
client-phone-2-1    | 17-Sep-2026 10:24:31 [---] Checking presence of 0 project files
client-phone-2-1    | 17-Sep-2026 10:24:31 [---] This computer is not attached to any projects
client-phone-2-1    | 17-Sep-2026 10:24:31 Initialization completed
client-cluster-2-1  | 17-Sep-2026 10:26:47 [boincserver] Computation for task exp_20260917T102241Z_baseline_medium_8_0 finished
client-cluster-2-1  | 17-Sep-2026 10:26:47 [boincserver] Starting task exp_20260917T102241Z_baseline_medium_7_0
client-cluster-2-1  | 17-Sep-2026 10:26:49 [boincserver] Started upload of exp_20260917T102241Z_baseline_medium_8_0_r1737847210_0
client-cluster-2-1  | 17-Sep-2026 10:26:51 [boincserver] Finished upload of exp_20260917T102241Z_baseline_medium_8_0_r1737847210_0
client-cluster-2-1  | 17-Sep-2026 10:27:22 [boincserver] Sending scheduler request: To report completed tasks.
client-cluster-2-1  | 17-Sep-2026 10:27:22 [boincserver] Reporting 1 completed tasks
client-cluster-2-1  | 17-Sep-2026 10:27:22 [boincserver] Requesting new tasks for CPU
client-desktop-1    | 17-Sep-2026 10:27:05 [boincserver] Sending scheduler request: To report completed tasks.
client-desktop-1    | 17-Sep-2026 10:27:05 [boincserver] Reporting 1 completed tasks
client-desktop-1    | 17-Sep-2026 10:27:05 [boincserver] Requesting new tasks for CPU
client-desktop-1    | 17-Sep-2026 10:27:32 [boincserver] Computation for task exp_20260917T102241Z_baseline_long_6_0 finished
client-desktop-1    | 17-Sep-2026 10:27:32 [boincserver] Elapsed time limit 50.000000 < 120.000000; setting to 43200.000000
makeproject-1       | added platform: (create_time, name, user_friendly_name) values (1789640571, 'anonymous', 'anonymous')
client-desktop-1    | 17-Sep-2026 10:27:32 [boincserver] Starting task exp_20260917T102241Z_baseline_short_11_0
client-desktop-1    | 17-Sep-2026 10:27:32 [boincserver] Scheduler request completed: got 0 new tasks
client-desktop-1    | 17-Sep-2026 10:27:32 [boincserver] Project has no tasks available
client-desktop-1    | 17-Sep-2026 10:27:32 [boincserver] Project requested delay of 7 seconds
client-desktop-1    | 17-Sep-2026 10:27:34 [boincserver] Started upload of exp_20260917T102241Z_baseline_long_6_0_r2123505441_0
client-desktop-1    | 17-Sep-2026 10:27:34 [boincserver] Computation for task exp_20260917T102241Z_baseline_medium_2_0 finished
client-desktop-1    | 17-Sep-2026 10:27:36 [boincserver] Finished upload of exp_20260917T102241Z_baseline_long_6_0_r2123505441_0
makeproject-1       | 
mysql-1             | 2026-09-17 10:22:48 0 [Note] InnoDB: Setting file './ibtmp1' size to 12 MB. Physically writing the file full; Please wait ...
mysql-1             | 2026-09-17 10:22:48 0 [Note] InnoDB: File './ibtmp1' size is now 12 MB.
client-cluster-2-1  | 17-Sep-2026 10:27:24 [boincserver] Scheduler request completed: got 0 new tasks
client-cluster-2-1  | 17-Sep-2026 10:27:24 [boincserver] Project has no tasks available
client-cluster-2-1  | 17-Sep-2026 10:27:24 [boincserver] Project requested delay of 7 seconds
client-cluster-2-1  | 17-Sep-2026 10:27:25 [boincserver] Computation for task exp_20260917T102241Z_baseline_medium_7_0 finished
client-cluster-2-1  | 17-Sep-2026 10:27:25 [boincserver] Starting task exp_20260917T102241Z_baseline_medium_4_0
client-cluster-2-1  | 17-Sep-2026 10:27:27 [boincserver] Started upload of exp_20260917T102241Z_baseline_medium_7_0_r708226297_0
client-phone-1      | 17-Sep-2026 10:24:31 [---]    don't use GPU while active
client-phone-1      | 17-Sep-2026 10:24:31 [---]    suspend work if non-BOINC CPU load exceeds 25%
client-phone-1      | 17-Sep-2026 10:24:31 [---]    (to change preferences, visit a project web site or select Preferences in the Manager)
client-phone-1      | 17-Sep-2026 10:24:31 [---] Setting up project and slot directories
client-phone-1      | 17-Sep-2026 10:24:31 [---] Checking active tasks
apache-1            | 2026-09-17 10:23:17,523 INFO reaped unknown pid 164
apache-1            | 2026-09-17 10:23:17,524 INFO reaped unknown pid 166
apache-1            | 2026-09-17 10:23:17,524 INFO reaped unknown pid 168
apache-1            | 2026-09-17 10:25:01,203 INFO reaped unknown pid 292
apache-1            | 2026-09-17 10:25:01,304 INFO reaped unknown pid 294
apache-1            | 2026-09-17 10:25:01,409 INFO reaped unknown pid 296
client-phone-2-1    | dir_open: Could not open directory 'projects/boincserver.local_boincserver' from '/var/lib/boinc-client'.
client-phone-2-1    | 17-Sep-2026 10:24:32 [---] No general preferences found - using defaults
client-phone-2-1    | 17-Sep-2026 10:24:32 [---] Reading preferences override file
client-phone-2-1    | 17-Sep-2026 10:24:32 [---] Preferences:
client-phone-2-1    | 17-Sep-2026 10:24:32 [---]    max memory usage when active: 8929.14 MB
mysql-1             | 2026-09-17 10:22:48 0 [Note] InnoDB: 10.3.8 started; log sequence number 1630815; transaction id 21
mysql-1             | 2026-09-17 10:22:48 0 [Note] InnoDB: Loading buffer pool(s) from /var/lib/mysql/ib_buffer_pool
mysql-1             | 2026-09-17 10:22:48 0 [Note] Plugin 'FEEDBACK' is disabled.
mysql-1             | 2026-09-17 10:22:48 0 [Note] InnoDB: Buffer pool(s) load completed at 260917 10:22:48
mysql-1             | 2026-09-17 10:22:48 0 [Warning] 'user' entry 'root@ddfca53db803' ignored in --skip-name-resolve mode.
mysql-1             | 2026-09-17 10:22:48 0 [Warning] 'user' entry '@ddfca53db803' ignored in --skip-name-resolve mode.
client-phone-2-1    | 17-Sep-2026 10:24:32 [---]    max memory usage when idle: 8929.14 MB
client-phone-2-1    | 17-Sep-2026 10:24:32 [---]    max disk usage: 2.00 GB
client-phone-2-1    | 17-Sep-2026 10:24:32 [---]    don't use GPU while active
client-phone-2-1    | 17-Sep-2026 10:24:32 [---]    suspend work if non-BOINC CPU load exceeds 25%
client-phone-2-1    | 17-Sep-2026 10:24:32 [---]    (to change preferences, visit a project web site or select Preferences in the Manager)
client-phone-2-1    | 17-Sep-2026 10:24:36 [http://boincserver.local/boincserver/] Fetching scheduler list
client-cluster-2-1  | 17-Sep-2026 10:27:29 [boincserver] Finished upload of exp_20260917T102241Z_baseline_medium_7_0_r708226297_0
client-cluster-2-1  | 17-Sep-2026 10:27:33 [boincserver] Computation for task exp_20260917T102241Z_baseline_long_2_0 finished
client-cluster-2-1  | 17-Sep-2026 10:27:33 [boincserver] Elapsed time limit 50.000000 < 120.000000; setting to 43200.000000
client-cluster-2-1  | 17-Sep-2026 10:27:33 [boincserver] Starting task exp_20260917T102241Z_baseline_short_9_0
client-cluster-2-1  | 17-Sep-2026 10:27:59 [boincserver] Computation for task exp_20260917T102241Z_baseline_long_4_0 finished
client-cluster-2-1  | 17-Sep-2026 10:27:59 [boincserver] Sending scheduler request: To report completed tasks.
client-desktop-1    | 17-Sep-2026 10:27:36 [boincserver] Started upload of exp_20260917T102241Z_baseline_medium_2_0_r334218765_0
client-desktop-1    | 17-Sep-2026 10:27:38 [boincserver] Finished upload of exp_20260917T102241Z_baseline_medium_2_0_r334218765_0
mysql-1             | 2026-09-17 10:22:48 0 [Warning] 'proxies_priv' entry '@% root@ddfca53db803' ignored in --skip-name-resolve mode.
mysql-1             | 2026-09-17 10:22:48 0 [Note] Reading of all Master_info entries succeded
mysql-1             | 2026-09-17 10:22:48 0 [Note] Added new Master_info '' to hash table
apache-1            | 2026-09-17 10:25:01,514 INFO reaped unknown pid 298
apache-1            | 2026-09-17 10:25:01,618 INFO reaped unknown pid 300
apache-1            | 2026-09-17 10:25:02,652 INFO reaped unknown pid 291
apache-1            | 2026-09-17 10:25:02,652 INFO reaped unknown pid 293
apache-1            | 2026-09-17 10:25:02,652 INFO reaped unknown pid 295
client-phone-1      | 17-Sep-2026 10:24:31 [---] Setting up GUI RPC socket
client-phone-1      | dir_open: Could not open directory 'slots' from '/var/lib/boinc-client'.
client-phone-1      | 17-Sep-2026 10:24:31 [---] Checking presence of 0 project files
client-phone-1      | 17-Sep-2026 10:24:31 [---] This computer is not attached to any projects
client-cluster-2-1  | 17-Sep-2026 10:27:59 [boincserver] Reporting 1 completed tasks
client-cluster-2-1  | 17-Sep-2026 10:27:59 [boincserver] Requesting new tasks for CPU
client-cluster-2-1  | 17-Sep-2026 10:28:00 [boincserver] Started upload of exp_20260917T102241Z_baseline_long_2_0_r667390084_0
client-cluster-2-1  | 17-Sep-2026 10:28:00 [boincserver] Computation for task exp_20260917T102241Z_baseline_long_5_0 finished
client-cluster-2-1  | 17-Sep-2026 10:28:01 [boincserver] Finished upload of exp_20260917T102241Z_baseline_long_2_0_r667390084_0
client-cluster-2-1  | 17-Sep-2026 10:28:01 [boincserver] Started upload of exp_20260917T102241Z_baseline_long_4_0_r926346267_0
client-cluster-2-1  | 17-Sep-2026 10:28:01 [boincserver] Computation for task exp_20260917T102241Z_baseline_medium_4_0 finished
client-phone-1      | 17-Sep-2026 10:24:31 Initialization completed
client-phone-1      | dir_open: Could not open directory 'projects/boincserver.local_boincserver' from '/var/lib/boinc-client'.
client-phone-1      | 17-Sep-2026 10:24:32 [---] No general preferences found - using defaults
client-phone-1      | 17-Sep-2026 10:24:32 [---] Reading preferences override file
client-desktop-1    | 17-Sep-2026 10:27:40 [boincserver] Computation for task exp_20260917T102241Z_baseline_short_11_0 finished
client-desktop-1    | 17-Sep-2026 10:27:42 [boincserver] Started upload of exp_20260917T102241Z_baseline_short_11_0_r506152551_0
client-desktop-1    | 17-Sep-2026 10:27:42 [boincserver] Sending scheduler request: To fetch work.
client-desktop-1    | 17-Sep-2026 10:27:42 [boincserver] Reporting 2 completed tasks
client-cluster-2-1  | 17-Sep-2026 10:28:01 [boincserver] Scheduler request completed: got 0 new tasks
client-cluster-2-1  | 17-Sep-2026 10:28:01 [boincserver] Project has no tasks available
client-cluster-2-1  | 17-Sep-2026 10:28:01 [boincserver] Project requested delay of 7 seconds
client-cluster-2-1  | 17-Sep-2026 10:28:02 [boincserver] Started upload of exp_20260917T102241Z_baseline_long_5_0_r483221883_0
mysql-1             | 2026-09-17 10:22:48 0 [Note] mysqld: ready for connections.
mysql-1             | Version: '10.3.8-MariaDB-1:10.3.8+maria~bionic'  socket: '/var/run/mysqld/mysqld.sock'  port: 0  mariadb.org binary distribution
mysql-1             | Warning: Unable to load '/usr/share/zoneinfo/leap-seconds.list' as time zone. Skipping it.
client-desktop-1    | 17-Sep-2026 10:27:42 [boincserver] Requesting new tasks for CPU
client-desktop-1    | 17-Sep-2026 10:28:10 [boincserver] Finished upload of exp_20260917T102241Z_baseline_short_11_0_r506152551_0
client-desktop-1    | 17-Sep-2026 10:28:10 [boincserver] Scheduler request completed: got 0 new tasks
client-desktop-1    | 17-Sep-2026 10:28:10 [boincserver] Project has no tasks available
client-desktop-1    | 17-Sep-2026 10:28:10 [boincserver] Project requested delay of 7 seconds
client-desktop-1    | 17-Sep-2026 10:28:20 [boincserver] Sending scheduler request: To report completed tasks.
mysql-1             | 2026-09-17 10:22:49 10 [Warning] 'proxies_priv' entry '@% root@ddfca53db803' ignored in --skip-name-resolve mode.
mysql-1             | 
mysql-1             | 2026-09-17 10:22:49 0 [Note] mysqld (initiated by: unknown): Normal shutdown
mysql-1             | 2026-09-17 10:22:49 0 [Note] Event Scheduler: Purging the queue. 0 events
mysql-1             | 2026-09-17 10:22:49 0 [Note] InnoDB: FTS optimize thread exiting.
mysql-1             | 2026-09-17 10:22:49 0 [Note] InnoDB: Starting shutdown...
client-cluster-1    | 17-Sep-2026 10:24:36 [---]    don't use GPU while active
client-cluster-1    | 17-Sep-2026 10:24:36 [---]    suspend work if non-BOINC CPU load exceeds 25%
client-cluster-1    | 17-Sep-2026 10:24:36 [---]    (to change preferences, visit a project web site or select Preferences in the Manager)
client-cluster-1    | 17-Sep-2026 10:24:36 [---] Setting up project and slot directories
client-cluster-1    | dir_open: Could not open directory 'slots' from '/var/lib/boinc-client'.
client-cluster-1    | 17-Sep-2026 10:24:36 [---] Checking active tasks
client-cluster-2-1  | 17-Sep-2026 10:28:02 [boincserver] Computation for task exp_20260917T102241Z_baseline_short_9_0 finished
client-cluster-2-1  | 17-Sep-2026 10:28:03 [boincserver] Finished upload of exp_20260917T102241Z_baseline_long_4_0_r926346267_0
client-cluster-2-1  | 17-Sep-2026 10:28:03 [boincserver] Finished upload of exp_20260917T102241Z_baseline_long_5_0_r483221883_0
client-cluster-2-1  | 17-Sep-2026 10:28:03 [boincserver] Started upload of exp_20260917T102241Z_baseline_medium_4_0_r1530124675_0
client-cluster-2-1  | 17-Sep-2026 10:28:04 [boincserver] Started upload of exp_20260917T102241Z_baseline_short_9_0_r197697366_0
client-cluster-2-1  | 17-Sep-2026 10:28:05 [boincserver] Finished upload of exp_20260917T102241Z_baseline_medium_4_0_r1530124675_0
client-cluster-2-1  | 17-Sep-2026 10:28:05 [boincserver] Finished upload of exp_20260917T102241Z_baseline_short_9_0_r197697366_0
client-cluster-2-1  | 17-Sep-2026 10:28:11 [boincserver] Sending scheduler request: To report completed tasks.
client-cluster-2-1  | 17-Sep-2026 10:28:11 [boincserver] Reporting 5 completed tasks
client-cluster-2-1  | 17-Sep-2026 10:28:11 [boincserver] Requesting new tasks for CPU
client-cluster-2-1  | 17-Sep-2026 10:28:38 [boincserver] Scheduler request completed: got 0 new tasks
client-phone-1      | 17-Sep-2026 10:24:32 [---] Preferences:
client-phone-1      | 17-Sep-2026 10:24:32 [---]    max memory usage when active: 8929.14 MB
client-cluster-1    | 17-Sep-2026 10:24:36 [---] Setting up GUI RPC socket
client-cluster-1    | 17-Sep-2026 10:24:36 [---] Checking presence of 0 project files
client-cluster-1    | 17-Sep-2026 10:24:36 [---] This computer is not attached to any projects
client-cluster-1    | 17-Sep-2026 10:24:36 Initialization completed
client-cluster-1    | dir_open: Could not open directory 'projects/boincserver.local_boincserver' from '/var/lib/boinc-client'.
client-cluster-1    | 17-Sep-2026 10:24:37 [---] No general preferences found - using defaults
client-cluster-1    | 17-Sep-2026 10:24:37 [---] Reading preferences override file
client-cluster-1    | 17-Sep-2026 10:24:37 [---] Preferences:
client-cluster-2-1  | 17-Sep-2026 10:28:38 [boincserver] Project has no tasks available
client-phone-1      | 17-Sep-2026 10:24:32 [---]    max memory usage when idle: 8929.14 MB
client-phone-1      | 17-Sep-2026 10:24:32 [---]    max disk usage: 2.00 GB
client-phone-1      | 17-Sep-2026 10:24:32 [---]    don't use GPU while active
client-phone-1      | 17-Sep-2026 10:24:32 [---]    suspend work if non-BOINC CPU load exceeds 25%
client-phone-1      | 17-Sep-2026 10:24:32 [---]    (to change preferences, visit a project web site or select Preferences in the Manager)
client-phone-1      | 17-Sep-2026 10:24:36 [http://boincserver.local/boincserver/] Fetching scheduler list
client-phone-1      | 17-Sep-2026 10:24:38 [http://boincserver.local/boincserver/] Master file download succeeded
client-phone-1      | 17-Sep-2026 10:24:43 [http://boincserver.local/boincserver/] Sending scheduler request: Project initialization.
client-phone-1      | 17-Sep-2026 10:24:43 [http://boincserver.local/boincserver/] Requesting new tasks for CPU
client-phone-1      | 17-Sep-2026 10:24:45 [boincserver] Scheduler request completed: got 1 new tasks
client-cluster-2-1  | 17-Sep-2026 10:28:38 [boincserver] Project requested delay of 7 seconds
client-cluster-2-1  | 17-Sep-2026 10:28:48 [boincserver] Sending scheduler request: To fetch work.
client-cluster-2-1  | 17-Sep-2026 10:28:48 [boincserver] Requesting new tasks for CPU
client-cluster-2-1  | 17-Sep-2026 10:28:50 [boincserver] Scheduler request completed: got 0 new tasks
apache-1            | 2026-09-17 10:25:02,652 INFO reaped unknown pid 297
apache-1            | 2026-09-17 10:25:02,652 INFO reaped unknown pid 299
apache-1            | 2026-09-17 10:25:02,652 INFO reaped unknown pid 301
apache-1            | 2026-09-17 10:25:02,652 INFO reaped unknown pid 302
apache-1            | 2026-09-17 10:25:02,652 INFO reaped unknown pid 318
apache-1            | 2026-09-17 10:25:06,950 INFO reaped unknown pid 306
apache-1            | 2026-09-17 10:25:07,041 INFO reaped unknown pid 309
apache-1            | 2026-09-17 10:25:07,160 INFO reaped unknown pid 310
apache-1            | 2026-09-17 10:25:07,261 INFO reaped unknown pid 312
client-low-power-1  | 17-Sep-2026 10:24:36 [---] Memory: 9.69 GB physical, 0 bytes virtual
client-low-power-1  | 17-Sep-2026 10:24:36 [---] Disk: 18.33 GB total, 15.24 GB free
client-low-power-1  | 17-Sep-2026 10:24:36 [---] Local time is UTC +0 hours
client-low-power-1  | 17-Sep-2026 10:24:36 [---] Config: GUI RPC allowed from any host
client-desktop-1    | 17-Sep-2026 10:28:20 [boincserver] Reporting 1 completed tasks
client-desktop-1    | 17-Sep-2026 10:28:20 [boincserver] Requesting new tasks for CPU
client-desktop-1    | 17-Sep-2026 10:28:46 [boincserver] Scheduler request completed: got 0 new tasks
client-desktop-1    | 17-Sep-2026 10:28:46 [boincserver] Project has no tasks available
client-cluster-1    | 17-Sep-2026 10:24:37 [---]    max memory usage when active: 8929.14 MB
client-cluster-1    | 17-Sep-2026 10:24:37 [---]    max memory usage when idle: 8929.14 MB
client-cluster-1    | 17-Sep-2026 10:24:37 [---]    max disk usage: 2.00 GB
apache-1            | 2026-09-17 10:25:07,379 INFO reaped unknown pid 314
apache-1            | 2026-09-17 10:25:07,468 INFO reaped unknown pid 316
client-phone-2-1    | 17-Sep-2026 10:24:43 [http://boincserver.local/boincserver/] Master file download succeeded
client-phone-2-1    | 17-Sep-2026 10:24:48 [http://boincserver.local/boincserver/] Sending scheduler request: Project initialization.
client-phone-2-1    | 17-Sep-2026 10:24:48 [http://boincserver.local/boincserver/] Requesting new tasks for CPU
client-phone-2-1    | 17-Sep-2026 10:24:56 [boincserver] Scheduler request completed: got 1 new tasks
client-phone-2-1    | 17-Sep-2026 10:24:56 [boincserver] Project requested delay of 7 seconds
client-phone-2-1    | 17-Sep-2026 10:24:58 [boincserver] Started download of hybrid_synthetic_1.0_aarch64-unknown-linux-gnu
client-phone-2-1    | 17-Sep-2026 10:24:58 [boincserver] Started download of hybrid_synthetic_input.txt
client-phone-2-1    | 17-Sep-2026 10:25:00 [boincserver] Finished download of hybrid_synthetic_1.0_aarch64-unknown-linux-gnu
client-desktop-1    | 17-Sep-2026 10:28:46 [boincserver] Project requested delay of 7 seconds
client-cluster-1    | 17-Sep-2026 10:24:37 [---]    don't use GPU while active
client-cluster-1    | 17-Sep-2026 10:24:37 [---]    suspend work if non-BOINC CPU load exceeds 25%
client-cluster-2-1  | 17-Sep-2026 10:28:50 [boincserver] Project has no tasks available
client-cluster-2-1  | 17-Sep-2026 10:28:50 [boincserver] Project requested delay of 7 seconds
client-phone-2-1    | 17-Sep-2026 10:25:00 [boincserver] Finished download of hybrid_synthetic_input.txt
mysql-1             | 2026-09-17 10:22:49 0 [Note] InnoDB: Dumping buffer pool(s) to /var/lib/mysql/ib_buffer_pool
mysql-1             | 2026-09-17 10:22:49 0 [Note] InnoDB: Buffer pool(s) dump completed at 260917 10:22:49
mysql-1             | 2026-09-17 10:22:50 0 [Note] InnoDB: Shutdown completed; log sequence number 1630824; transaction id 24
mysql-1             | 2026-09-17 10:22:50 0 [Note] InnoDB: Removed temporary tablespace data file: "ibtmp1"
client-cluster-1    | 17-Sep-2026 10:24:37 [---]    (to change preferences, visit a project web site or select Preferences in the Manager)
client-cluster-1    | 17-Sep-2026 10:24:41 [http://boincserver.local/boincserver/] Fetching scheduler list
client-cluster-1    | 17-Sep-2026 10:24:43 [http://boincserver.local/boincserver/] Master file download succeeded
client-cluster-1    | 17-Sep-2026 10:24:48 [http://boincserver.local/boincserver/] Sending scheduler request: Project initialization.
client-cluster-1    | 17-Sep-2026 10:24:48 [http://boincserver.local/boincserver/] Requesting new tasks for CPU
client-cluster-1    | 17-Sep-2026 10:24:51 [boincserver] Scheduler request completed: got 1 new tasks
client-cluster-1    | 17-Sep-2026 10:24:51 [boincserver] Project requested delay of 7 seconds
client-cluster-1    | 17-Sep-2026 10:24:53 [boincserver] Started download of hybrid_synthetic_1.0_aarch64-unknown-linux-gnu
client-cluster-1    | 17-Sep-2026 10:24:53 [boincserver] Started download of hybrid_synthetic_input.txt
client-cluster-1    | 17-Sep-2026 10:25:19 [boincserver] Finished download of hybrid_synthetic_1.0_aarch64-unknown-linux-gnu
mysql-1             | 2026-09-17 10:22:50 0 [Note] mysqld: Shutdown complete
mysql-1             | 
mysql-1             | 
mysql-1             | MySQL init process done. Ready for start up.
mysql-1             | 
client-phone-1      | 17-Sep-2026 10:24:45 [boincserver] Project requested delay of 7 seconds
client-phone-1      | 17-Sep-2026 10:24:47 [boincserver] Started download of hybrid_synthetic_1.0_aarch64-unknown-linux-gnu
client-phone-2-1    | 17-Sep-2026 10:25:00 [boincserver] Elapsed time limit 50.000000 < 120.000000; setting to 43200.000000
client-phone-2-1    | 17-Sep-2026 10:25:00 [boincserver] Starting task exp_20260917T102241Z_baseline_short_18_0
client-phone-2-1    | 17-Sep-2026 10:25:06 [boincserver] Sending scheduler request: To fetch work.
client-phone-2-1    | 17-Sep-2026 10:25:06 [boincserver] Requesting new tasks for CPU
client-phone-2-1    | 17-Sep-2026 10:25:08 [boincserver] Computation for task exp_20260917T102241Z_baseline_short_18_0 finished
client-phone-2-1    | 17-Sep-2026 10:25:08 [boincserver] Scheduler request completed: got 1 new tasks
client-phone-2-1    | 17-Sep-2026 10:25:08 [boincserver] Project requested delay of 7 seconds
client-phone-2-1    | 17-Sep-2026 10:25:10 [boincserver] Started upload of exp_20260917T102241Z_baseline_short_18_0_r1200210966_0
client-phone-2-1    | 17-Sep-2026 10:25:10 [boincserver] Elapsed time limit 50.000000 < 120.000000; setting to 43200.000000
client-phone-2-1    | 17-Sep-2026 10:25:10 [boincserver] Starting task exp_20260917T102241Z_baseline_short_12_0
mysql-1             | 2026-09-17 10:22:50 0 [Note] mysqld (mysqld 10.3.8-MariaDB-1:10.3.8+maria~bionic) starting as process 1 ...
mysql-1             | 2026-09-17 10:22:50 0 [Note] InnoDB: Using Linux native AIO
mysql-1             | 2026-09-17 10:22:50 0 [Note] InnoDB: Mutexes and rw_locks use GCC atomic builtins
mysql-1             | 2026-09-17 10:22:50 0 [Note] InnoDB: Uses event mutexes
client-phone-2-1    | 17-Sep-2026 10:25:12 [boincserver] Finished upload of exp_20260917T102241Z_baseline_short_18_0_r1200210966_0
client-phone-2-1    | 17-Sep-2026 10:25:18 [boincserver] Computation for task exp_20260917T102241Z_baseline_short_12_0 finished
client-phone-2-1    | 17-Sep-2026 10:25:18 [boincserver] Sending scheduler request: To report completed tasks.
client-phone-2-1    | 17-Sep-2026 10:25:18 [boincserver] Reporting 1 completed tasks
client-phone-2-1    | 17-Sep-2026 10:25:18 [boincserver] Requesting new tasks for CPU
client-phone-2-1    | 17-Sep-2026 10:25:20 [boincserver] Started upload of exp_20260917T102241Z_baseline_short_12_0_r1619215271_0
client-phone-2-1    | 17-Sep-2026 10:25:20 [boincserver] Scheduler request completed: got 1 new tasks
client-phone-2-1    | 17-Sep-2026 10:25:20 [boincserver] Project requested delay of 7 seconds
client-phone-2-1    | 17-Sep-2026 10:25:22 [boincserver] Finished upload of exp_20260917T102241Z_baseline_short_12_0_r1619215271_0
client-phone-2-1    | 17-Sep-2026 10:25:22 [boincserver] Elapsed time limit 50.000000 < 120.000000; setting to 43200.000000
client-phone-2-1    | 17-Sep-2026 10:25:22 [boincserver] Starting task exp_20260917T102241Z_baseline_short_17_0
client-phone-2-1    | 17-Sep-2026 10:25:30 [boincserver] Computation for task exp_20260917T102241Z_baseline_short_17_0 finished
client-phone-2-1    | 17-Sep-2026 10:25:30 [boincserver] Sending scheduler request: To report completed tasks.
client-phone-2-1    | 17-Sep-2026 10:25:30 [boincserver] Reporting 1 completed tasks
client-phone-2-1    | 17-Sep-2026 10:25:30 [boincserver] Requesting new tasks for CPU
client-phone-2-1    | 17-Sep-2026 10:25:32 [boincserver] Started upload of exp_20260917T102241Z_baseline_short_17_0_r651760470_0
client-phone-1      | 17-Sep-2026 10:24:47 [boincserver] Started download of hybrid_synthetic_input.txt
client-low-power-1  | 17-Sep-2026 10:24:36 [---] Config: simulate 1 CPUs
mysql-1             | 2026-09-17 10:22:50 0 [Note] InnoDB: Compressed tables use zlib 1.2.11
mysql-1             | 2026-09-17 10:22:50 0 [Note] InnoDB: Number of pools: 1
mysql-1             | 2026-09-17 10:22:50 0 [Note] InnoDB: Using generic crc32 instructions
client-low-power-1  | 17-Sep-2026 10:24:36 [---] Config: report completed tasks immediately
client-low-power-1  | 17-Sep-2026 10:24:36 [---] No general preferences found - using defaults
client-low-power-1  | 17-Sep-2026 10:24:36 [---] Reading preferences override file
client-low-power-1  | 17-Sep-2026 10:24:36 [---] Preferences:
client-low-power-1  | 17-Sep-2026 10:24:36 [---]    max memory usage when active: 8929.14 MB
client-low-power-1  | 17-Sep-2026 10:24:36 [---]    max memory usage when idle: 8929.14 MB
client-low-power-1  | 17-Sep-2026 10:24:36 [---]    max disk usage: 2.00 GB
client-low-power-1  | 17-Sep-2026 10:24:36 [---]    don't use GPU while active
client-low-power-1  | 17-Sep-2026 10:24:36 [---]    suspend work if non-BOINC CPU load exceeds 25%
client-low-power-1  | 17-Sep-2026 10:24:36 [---]    (to change preferences, visit a project web site or select Preferences in the Manager)
client-low-power-1  | 17-Sep-2026 10:24:36 [---] Setting up project and slot directories
client-low-power-1  | 17-Sep-2026 10:24:36 [---] Checking active tasks
client-low-power-1  | 17-Sep-2026 10:24:36 [---] Setting up GUI RPC socket
mysql-1             | 2026-09-17 10:22:50 0 [Note] InnoDB: Initializing buffer pool, total size = 256M, instances = 1, chunk size = 128M
mysql-1             | 2026-09-17 10:22:50 0 [Note] InnoDB: Completed initialization of buffer pool
mysql-1             | 2026-09-17 10:22:50 0 [Note] InnoDB: If the mysqld execution user is authorized, page cleaner thread priority can be changed. See the man page of setpriority().
mysql-1             | 2026-09-17 10:22:50 0 [Note] InnoDB: 128 out of 128 rollback segments are active.
client-low-power-1  | dir_open: Could not open directory 'slots' from '/var/lib/boinc-client'.
client-low-power-1  | 17-Sep-2026 10:24:36 [---] Checking presence of 0 project files
mysql-1             | 2026-09-17 10:22:50 0 [Note] InnoDB: Creating shared tablespace for temporary tables
mysql-1             | 2026-09-17 10:22:50 0 [Note] InnoDB: Setting file './ibtmp1' size to 12 MB. Physically writing the file full; Please wait ...
mysql-1             | 2026-09-17 10:22:50 0 [Note] InnoDB: File './ibtmp1' size is now 12 MB.
mysql-1             | 2026-09-17 10:22:50 0 [Note] InnoDB: 10.3.8 started; log sequence number 1630824; transaction id 21
client-low-power-1  | 17-Sep-2026 10:24:36 [---] This computer is not attached to any projects
client-low-power-1  | 17-Sep-2026 10:24:36 Initialization completed
client-low-power-1  | dir_open: Could not open directory 'projects/boincserver.local_boincserver' from '/var/lib/boinc-client'.
client-cluster-1    | 17-Sep-2026 10:25:19 [boincserver] Finished download of hybrid_synthetic_input.txt
client-cluster-1    | 17-Sep-2026 10:25:19 [boincserver] Elapsed time limit 50.000000 < 120.000000; setting to 43200.000000
client-cluster-1    | 17-Sep-2026 10:25:19 [boincserver] Starting task exp_20260917T102241Z_baseline_short_14_0
client-cluster-1    | 17-Sep-2026 10:25:19 [boincserver] Sending scheduler request: To fetch work.
client-cluster-1    | 17-Sep-2026 10:25:19 [boincserver] Requesting new tasks for CPU
client-cluster-1    | 17-Sep-2026 10:25:26 [boincserver] Scheduler request completed: got 4 new tasks
client-phone-1      | 17-Sep-2026 10:24:49 [boincserver] Finished download of hybrid_synthetic_1.0_aarch64-unknown-linux-gnu
client-phone-1      | 17-Sep-2026 10:24:49 [boincserver] Finished download of hybrid_synthetic_input.txt
client-phone-1      | 17-Sep-2026 10:24:50 [boincserver] Starting task exp_20260917T102241Z_baseline_medium_10_0
client-phone-1      | 17-Sep-2026 10:24:56 [boincserver] Sending scheduler request: To fetch work.
client-phone-1      | 17-Sep-2026 10:24:56 [boincserver] Requesting new tasks for CPU
client-phone-1      | 17-Sep-2026 10:25:03 [boincserver] Scheduler request completed: got 1 new tasks
client-phone-1      | 17-Sep-2026 10:25:03 [boincserver] Project requested delay of 7 seconds
client-cluster-1    | 17-Sep-2026 10:25:26 [boincserver] Project requested delay of 7 seconds
client-cluster-1    | 17-Sep-2026 10:25:27 [boincserver] Computation for task exp_20260917T102241Z_baseline_short_14_0 finished
client-phone-1      | 17-Sep-2026 10:25:13 [boincserver] Sending scheduler request: To fetch work.
client-phone-1      | 17-Sep-2026 10:25:13 [boincserver] Requesting new tasks for CPU
client-phone-1      | 17-Sep-2026 10:25:15 [boincserver] Scheduler request completed: got 0 new tasks
client-phone-1      | 17-Sep-2026 10:25:15 [boincserver] No tasks sent
client-phone-1      | 17-Sep-2026 10:25:15 [boincserver] This computer has reached a limit on tasks in progress
client-phone-1      | 17-Sep-2026 10:25:15 [boincserver] Project requested delay of 7 seconds
client-low-power-1  | 17-Sep-2026 10:24:37 [---] No general preferences found - using defaults
client-low-power-1  | 17-Sep-2026 10:24:37 [---] Reading preferences override file
client-low-power-1  | 17-Sep-2026 10:24:37 [---] Preferences:
client-low-power-1  | 17-Sep-2026 10:24:37 [---]    max memory usage when active: 8929.14 MB
client-phone-1      | 17-Sep-2026 10:25:24 [boincserver] Computation for task exp_20260917T102241Z_baseline_medium_10_0 finished
client-phone-1      | 17-Sep-2026 10:25:24 [boincserver] Elapsed time limit 50.000000 < 120.000000; setting to 43200.000000
client-phone-1      | 17-Sep-2026 10:25:24 [boincserver] Starting task exp_20260917T102241Z_baseline_short_15_0
client-phone-1      | 17-Sep-2026 10:25:26 [boincserver] Started upload of exp_20260917T102241Z_baseline_medium_10_0_r410624075_0
client-phone-1      | 17-Sep-2026 10:25:28 [boincserver] Finished upload of exp_20260917T102241Z_baseline_medium_10_0_r410624075_0
client-phone-1      | 17-Sep-2026 10:25:30 [boincserver] Sending scheduler request: To report completed tasks.
client-phone-1      | 17-Sep-2026 10:25:30 [boincserver] Reporting 1 completed tasks
client-cluster-1    | 17-Sep-2026 10:25:28 [boincserver] Elapsed time limit 50.000000 < 120.000000; setting to 43200.000000
client-cluster-1    | 17-Sep-2026 10:25:28 [boincserver] Starting task exp_20260917T102241Z_baseline_medium_12_0
client-cluster-1    | 17-Sep-2026 10:25:28 [boincserver] Starting task exp_20260917T102241Z_baseline_short_10_0
client-low-power-1  | 17-Sep-2026 10:24:37 [---]    max memory usage when idle: 8929.14 MB
client-low-power-1  | 17-Sep-2026 10:24:37 [---]    max disk usage: 2.00 GB
client-low-power-1  | 17-Sep-2026 10:24:37 [---]    don't use GPU while active
client-low-power-1  | 17-Sep-2026 10:24:37 [---]    suspend work if non-BOINC CPU load exceeds 25%
client-low-power-1  | 17-Sep-2026 10:24:37 [---]    (to change preferences, visit a project web site or select Preferences in the Manager)
client-low-power-1  | 17-Sep-2026 10:24:41 [http://boincserver.local/boincserver/] Fetching scheduler list
client-low-power-1  | 17-Sep-2026 10:24:48 [http://boincserver.local/boincserver/] Master file download succeeded
client-phone-2-1    | 17-Sep-2026 10:25:32 [boincserver] Scheduler request completed: got 1 new tasks
client-phone-2-1    | 17-Sep-2026 10:25:32 [boincserver] Project requested delay of 7 seconds
client-phone-2-1    | 17-Sep-2026 10:25:34 [boincserver] Finished upload of exp_20260917T102241Z_baseline_short_17_0_r651760470_0
client-phone-2-1    | 17-Sep-2026 10:25:34 [boincserver] Starting task exp_20260917T102241Z_baseline_medium_3_0
client-phone-2-1    | 17-Sep-2026 10:25:42 [boincserver] Sending scheduler request: To report completed tasks.
client-phone-2-1    | 17-Sep-2026 10:25:42 [boincserver] Reporting 1 completed tasks
client-phone-2-1    | 17-Sep-2026 10:25:42 [boincserver] Requesting new tasks for CPU
client-phone-2-1    | 17-Sep-2026 10:25:44 [boincserver] Scheduler request completed: got 1 new tasks
client-cluster-1    | 17-Sep-2026 10:25:28 [boincserver] Starting task exp_20260917T102241Z_baseline_long_1_0
client-cluster-1    | 17-Sep-2026 10:25:28 [boincserver] Starting task exp_20260917T102241Z_baseline_medium_11_0
client-cluster-1    | 17-Sep-2026 10:25:29 [boincserver] Started upload of exp_20260917T102241Z_baseline_short_14_0_r1200291094_0
client-cluster-1    | 17-Sep-2026 10:25:31 [boincserver] Finished upload of exp_20260917T102241Z_baseline_short_14_0_r1200291094_0
client-cluster-1    | 17-Sep-2026 10:25:57 [boincserver] Sending scheduler request: To report completed tasks.
client-cluster-1    | 17-Sep-2026 10:25:57 [boincserver] Reporting 1 completed tasks
client-cluster-1    | 17-Sep-2026 10:25:57 [boincserver] Requesting new tasks for CPU
client-cluster-1    | 17-Sep-2026 10:25:59 [boincserver] Computation for task exp_20260917T102241Z_baseline_short_10_0 finished
client-cluster-1    | 17-Sep-2026 10:26:01 [boincserver] Started upload of exp_20260917T102241Z_baseline_short_10_0_r1196665254_0
client-low-power-1  | 17-Sep-2026 10:24:53 [http://boincserver.local/boincserver/] Sending scheduler request: Project initialization.
client-low-power-1  | 17-Sep-2026 10:24:53 [http://boincserver.local/boincserver/] Requesting new tasks for CPU
client-cluster-1    | 17-Sep-2026 10:26:01 [boincserver] Computation for task exp_20260917T102241Z_baseline_medium_12_0 finished
client-cluster-1    | 17-Sep-2026 10:26:02 [boincserver] Computation for task exp_20260917T102241Z_baseline_medium_11_0 finished
client-phone-2-1    | 17-Sep-2026 10:25:44 [boincserver] Project requested delay of 7 seconds
client-phone-2-1    | 17-Sep-2026 10:26:10 [boincserver] Sending scheduler request: To fetch work.
client-phone-2-1    | 17-Sep-2026 10:26:10 [boincserver] Requesting new tasks for CPU
client-phone-2-1    | 17-Sep-2026 10:26:12 [boincserver] Scheduler request completed: got 0 new tasks
client-low-power-1  | 17-Sep-2026 10:25:01 [boincserver] Scheduler request completed: got 1 new tasks
client-low-power-1  | 17-Sep-2026 10:25:01 [boincserver] Project requested delay of 7 seconds
client-low-power-1  | 17-Sep-2026 10:25:03 [boincserver] Started download of hybrid_synthetic_1.0_aarch64-unknown-linux-gnu
client-low-power-1  | 17-Sep-2026 10:25:03 [boincserver] Started download of hybrid_synthetic_input.txt
client-low-power-1  | 17-Sep-2026 10:25:05 [boincserver] Finished download of hybrid_synthetic_1.0_aarch64-unknown-linux-gnu
client-low-power-1  | 17-Sep-2026 10:25:05 [boincserver] Finished download of hybrid_synthetic_input.txt
client-low-power-1  | 17-Sep-2026 10:25:05 [boincserver] Starting task exp_20260917T102241Z_baseline_medium_1_0
client-phone-1      | 17-Sep-2026 10:25:30 [boincserver] Requesting new tasks for CPU
client-phone-1      | 17-Sep-2026 10:25:32 [boincserver] Computation for task exp_20260917T102241Z_baseline_short_15_0 finished
client-phone-1      | 17-Sep-2026 10:25:32 [boincserver] Scheduler request completed: got 1 new tasks
client-phone-1      | 17-Sep-2026 10:25:32 [boincserver] Project requested delay of 7 seconds
client-phone-1      | 17-Sep-2026 10:25:34 [boincserver] Started upload of exp_20260917T102241Z_baseline_short_15_0_r445875463_0
client-phone-1      | 17-Sep-2026 10:25:34 [boincserver] Elapsed time limit 50.000000 < 120.000000; setting to 43200.000000
client-phone-1      | 17-Sep-2026 10:25:34 [boincserver] Starting task exp_20260917T102241Z_baseline_short_1_0
client-phone-1      | 17-Sep-2026 10:26:01 [boincserver] Finished upload of exp_20260917T102241Z_baseline_short_15_0_r445875463_0
client-cluster-1    | 17-Sep-2026 10:26:03 [boincserver] Finished upload of exp_20260917T102241Z_baseline_short_10_0_r1196665254_0
client-cluster-1    | 17-Sep-2026 10:26:03 [boincserver] Started upload of exp_20260917T102241Z_baseline_medium_12_0_r318117516_0
client-phone-2-1    | 17-Sep-2026 10:26:12 [boincserver] No tasks sent
client-phone-2-1    | 17-Sep-2026 10:26:12 [boincserver] This computer has reached a limit on tasks in progress
client-phone-2-1    | 17-Sep-2026 10:26:12 [boincserver] Project requested delay of 7 seconds
client-phone-2-1    | 17-Sep-2026 10:26:14 [boincserver] Computation for task exp_20260917T102241Z_baseline_medium_3_0 finished
client-phone-2-1    | 17-Sep-2026 10:26:14 [boincserver] Elapsed time limit 50.000000 < 120.000000; setting to 43200.000000
client-phone-1      | 17-Sep-2026 10:26:03 [boincserver] Computation for task exp_20260917T102241Z_baseline_short_1_0 finished
client-phone-1      | 17-Sep-2026 10:26:05 [boincserver] Started upload of exp_20260917T102241Z_baseline_short_1_0_r310817590_0
client-phone-1      | 17-Sep-2026 10:26:05 [boincserver] Sending scheduler request: To fetch work.
client-phone-1      | 17-Sep-2026 10:26:05 [boincserver] Reporting 1 completed tasks
client-phone-1      | 17-Sep-2026 10:26:05 [boincserver] Requesting new tasks for CPU
client-phone-1      | 17-Sep-2026 10:26:07 [boincserver] Finished upload of exp_20260917T102241Z_baseline_short_1_0_r310817590_0
client-cluster-1    | 17-Sep-2026 10:26:04 [boincserver] Finished upload of exp_20260917T102241Z_baseline_medium_12_0_r318117516_0
client-cluster-1    | 17-Sep-2026 10:26:04 [boincserver] Started upload of exp_20260917T102241Z_baseline_medium_11_0_r2043594146_0
client-cluster-1    | 17-Sep-2026 10:26:04 [boincserver] Scheduler request completed: got 4 new tasks
client-cluster-1    | 17-Sep-2026 10:26:04 [boincserver] Project requested delay of 7 seconds
client-cluster-1    | 17-Sep-2026 10:26:06 [boincserver] Finished upload of exp_20260917T102241Z_baseline_medium_11_0_r2043594146_0
mysql-1             | 2026-09-17 10:22:50 0 [Note] InnoDB: Loading buffer pool(s) from /var/lib/mysql/ib_buffer_pool
mysql-1             | 2026-09-17 10:22:50 0 [Note] Plugin 'FEEDBACK' is disabled.
mysql-1             | 2026-09-17 10:22:50 0 [Note] InnoDB: Buffer pool(s) load completed at 260917 10:22:50
mysql-1             | 2026-09-17 10:22:50 0 [Note] Server socket created on IP: '::'.
mysql-1             | 2026-09-17 10:22:50 0 [Warning] 'proxies_priv' entry '@% root@ddfca53db803' ignored in --skip-name-resolve mode.
client-phone-1      | 17-Sep-2026 10:26:07 [boincserver] Scheduler request completed: got 1 new tasks
client-phone-1      | 17-Sep-2026 10:26:07 [boincserver] Project requested delay of 7 seconds
client-phone-1      | 17-Sep-2026 10:26:09 [boincserver] Elapsed time limit 50.000000 < 120.000000; setting to 43200.000000
client-phone-1      | 17-Sep-2026 10:26:09 [boincserver] Starting task exp_20260917T102241Z_baseline_short_4_0
mysql-1             | 2026-09-17 10:22:50 0 [Note] Reading of all Master_info entries succeded
mysql-1             | 2026-09-17 10:22:50 0 [Note] Added new Master_info '' to hash table
mysql-1             | 2026-09-17 10:22:50 0 [Note] mysqld: ready for connections.
mysql-1             | Version: '10.3.8-MariaDB-1:10.3.8+maria~bionic'  socket: '/var/run/mysqld/mysqld.sock'  port: 3306  mariadb.org binary distribution
mysql-1             | 2026-09-17 10:22:51 8 [Warning] Access denied for user 'boincadm'@'172.21.0.2' (using password: NO)
mysql-1             | 2026-09-17 10:23:09 15 [Warning] Aborted connection 15 to db: 'boincserver' user: 'root' host: '172.21.0.4' (Got an error reading communication packets)
mysql-1             | 2026-09-17 10:23:09 16 [Warning] Aborted connection 16 to db: 'boincserver' user: 'root' host: '172.21.0.4' (Got an error reading communication packets)
client-low-power-1  | 17-Sep-2026 10:25:11 [boincserver] Sending scheduler request: To fetch work.
client-low-power-1  | 17-Sep-2026 10:25:11 [boincserver] Requesting new tasks for CPU
client-low-power-1  | 17-Sep-2026 10:25:18 [boincserver] Scheduler request completed: got 1 new tasks
client-low-power-1  | 17-Sep-2026 10:25:18 [boincserver] Project requested delay of 7 seconds
client-low-power-1  | 17-Sep-2026 10:25:50 [boincserver] Sending scheduler request: To fetch work.
client-phone-1      | 17-Sep-2026 10:26:37 [boincserver] Sending scheduler request: To report completed tasks.
client-phone-1      | 17-Sep-2026 10:26:37 [boincserver] Reporting 1 completed tasks
client-cluster-1    | 17-Sep-2026 10:26:06 [boincserver] Elapsed time limit 50.000000 < 120.000000; setting to 43200.000000
client-cluster-1    | 17-Sep-2026 10:26:06 [boincserver] Elapsed time limit 50.000000 < 120.000000; setting to 43200.000000
mysql-1             | 2026-09-17 10:23:09 17 [Warning] Aborted connection 17 to db: 'boincserver' user: 'root' host: '172.21.0.4' (Got an error reading communication packets)
mysql-1             | 2026-09-17 10:25:01 94 [Warning] Aborted connection 94 to db: 'boincserver' user: 'root' host: '172.21.0.4' (Got an error reading communication packets)
mysql-1             | 2026-09-17 10:25:07 104 [Warning] Aborted connection 104 to db: 'boincserver' user: 'root' host: '172.21.0.4' (Got an error reading communication packets)
client-cluster-1    | 17-Sep-2026 10:26:06 [boincserver] Elapsed time limit 50.000000 < 120.000000; setting to 43200.000000
client-cluster-1    | 17-Sep-2026 10:26:06 [boincserver] Starting task exp_20260917T102241Z_baseline_short_8_0
client-cluster-1    | 17-Sep-2026 10:26:06 [boincserver] Starting task exp_20260917T102241Z_baseline_short_7_0
client-cluster-1    | 17-Sep-2026 10:26:06 [boincserver] Starting task exp_20260917T102241Z_baseline_short_5_0
client-cluster-1    | 17-Sep-2026 10:26:35 [boincserver] Sending scheduler request: To report completed tasks.
client-cluster-1    | 17-Sep-2026 10:26:35 [boincserver] Reporting 3 completed tasks
client-phone-1      | 17-Sep-2026 10:26:37 [boincserver] Requesting new tasks for CPU
client-phone-1      | 17-Sep-2026 10:26:40 [boincserver] Computation for task exp_20260917T102241Z_baseline_short_4_0 finished
client-phone-1      | 17-Sep-2026 10:26:42 [boincserver] Started upload of exp_20260917T102241Z_baseline_short_4_0_r530904440_0
client-phone-1      | 17-Sep-2026 10:26:43 [boincserver] Finished upload of exp_20260917T102241Z_baseline_short_4_0_r530904440_0
client-low-power-1  | 17-Sep-2026 10:25:50 [boincserver] Requesting new tasks for CPU
client-low-power-1  | 17-Sep-2026 10:25:52 [boincserver] Computation for task exp_20260917T102241Z_baseline_medium_1_0 finished
client-low-power-1  | 17-Sep-2026 10:25:52 [boincserver] Elapsed time limit 50.000000 < 120.000000; setting to 43200.000000
client-cluster-1    | 17-Sep-2026 10:26:35 [boincserver] Requesting new tasks for CPU
client-cluster-1    | 17-Sep-2026 10:26:37 [boincserver] Computation for task exp_20260917T102241Z_baseline_short_8_0 finished
client-cluster-1    | 17-Sep-2026 10:26:37 [boincserver] Elapsed time limit 50.000000 < 120.000000; setting to 43200.000000
client-cluster-1    | 17-Sep-2026 10:26:37 [boincserver] Starting task exp_20260917T102241Z_baseline_short_6_0
client-cluster-1    | 17-Sep-2026 10:26:38 [boincserver] Computation for task exp_20260917T102241Z_baseline_short_7_0 finished
client-cluster-1    | 17-Sep-2026 10:26:39 [boincserver] Started upload of exp_20260917T102241Z_baseline_short_8_0_r898233311_0
client-cluster-1    | 17-Sep-2026 10:26:39 [boincserver] Computation for task exp_20260917T102241Z_baseline_short_5_0 finished
client-cluster-1    | 17-Sep-2026 10:26:40 [boincserver] Started upload of exp_20260917T102241Z_baseline_short_7_0_r555228121_0
client-cluster-1    | 17-Sep-2026 10:26:41 [boincserver] Finished upload of exp_20260917T102241Z_baseline_short_8_0_r898233311_0
client-phone-1      | 17-Sep-2026 10:26:43 [boincserver] Scheduler request completed: got 0 new tasks
client-phone-1      | 17-Sep-2026 10:26:43 [boincserver] Project has no tasks available
client-phone-1      | 17-Sep-2026 10:26:43 [boincserver] Project requested delay of 7 seconds
client-phone-1      | 17-Sep-2026 10:27:15 [boincserver] Sending scheduler request: To report completed tasks.
client-phone-2-1    | 17-Sep-2026 10:26:14 [boincserver] Starting task exp_20260917T102241Z_baseline_short_3_0
client-phone-2-1    | 17-Sep-2026 10:26:16 [boincserver] Started upload of exp_20260917T102241Z_baseline_medium_3_0_r57992617_0
client-phone-2-1    | 17-Sep-2026 10:26:18 [boincserver] Finished upload of exp_20260917T102241Z_baseline_medium_3_0_r57992617_0
client-phone-2-1    | 17-Sep-2026 10:26:47 [boincserver] Computation for task exp_20260917T102241Z_baseline_short_3_0 finished
client-low-power-1  | 17-Sep-2026 10:25:52 [boincserver] Starting task exp_20260917T102241Z_baseline_short_13_0
client-low-power-1  | 17-Sep-2026 10:25:52 [boincserver] Scheduler request completed: got 0 new tasks
client-low-power-1  | 17-Sep-2026 10:25:52 [boincserver] No tasks sent
client-cluster-1    | 17-Sep-2026 10:26:41 [boincserver] Finished upload of exp_20260917T102241Z_baseline_short_7_0_r555228121_0
client-cluster-1    | 17-Sep-2026 10:26:41 [boincserver] Started upload of exp_20260917T102241Z_baseline_short_5_0_r1134680409_0
client-cluster-1    | 17-Sep-2026 10:26:42 [boincserver] Finished upload of exp_20260917T102241Z_baseline_short_5_0_r1134680409_0
client-low-power-1  | 17-Sep-2026 10:25:52 [boincserver] This computer has reached a limit on tasks in progress
client-low-power-1  | 17-Sep-2026 10:25:52 [boincserver] Project requested delay of 7 seconds
client-low-power-1  | 17-Sep-2026 10:25:54 [boincserver] Started upload of exp_20260917T102241Z_baseline_medium_1_0_r1302953754_0
client-low-power-1  | 17-Sep-2026 10:25:56 [boincserver] Finished upload of exp_20260917T102241Z_baseline_medium_1_0_r1302953754_0
client-cluster-1    | 17-Sep-2026 10:26:42 [boincserver] Scheduler request completed: got 1 new tasks
client-cluster-1    | 17-Sep-2026 10:26:42 [boincserver] Project requested delay of 7 seconds
client-cluster-1    | 17-Sep-2026 10:26:44 [boincserver] Starting task exp_20260917T102241Z_baseline_medium_6_0
client-cluster-1    | 17-Sep-2026 10:26:45 [boincserver] Computation for task exp_20260917T102241Z_baseline_short_6_0 finished
client-cluster-1    | 17-Sep-2026 10:27:12 [boincserver] Started upload of exp_20260917T102241Z_baseline_short_6_0_r1113560093_0
client-cluster-1    | 17-Sep-2026 10:27:12 [boincserver] Sending scheduler request: To fetch work.
client-phone-2-1    | 17-Sep-2026 10:26:47 [boincserver] Sending scheduler request: To report completed tasks.
client-phone-2-1    | 17-Sep-2026 10:26:47 [boincserver] Reporting 1 completed tasks
client-phone-2-1    | 17-Sep-2026 10:26:47 [boincserver] Requesting new tasks for CPU
client-cluster-1    | 17-Sep-2026 10:27:12 [boincserver] Reporting 3 completed tasks
client-cluster-1    | 17-Sep-2026 10:27:12 [boincserver] Requesting new tasks for CPU
client-phone-2-1    | 17-Sep-2026 10:26:49 [boincserver] Started upload of exp_20260917T102241Z_baseline_short_3_0_r739388736_0
client-phone-2-1    | 17-Sep-2026 10:26:49 [boincserver] Scheduler request completed: got 0 new tasks
client-phone-2-1    | 17-Sep-2026 10:26:49 [boincserver] Project has no tasks available
client-phone-1      | 17-Sep-2026 10:27:15 [boincserver] Reporting 1 completed tasks
client-phone-1      | 17-Sep-2026 10:27:15 [boincserver] Requesting new tasks for CPU
client-phone-1      | 17-Sep-2026 10:27:21 [boincserver] Scheduler request completed: got 0 new tasks
client-phone-1      | 17-Sep-2026 10:27:21 [boincserver] Project has no tasks available
client-low-power-1  | 17-Sep-2026 10:26:00 [boincserver] Computation for task exp_20260917T102241Z_baseline_short_13_0 finished
client-low-power-1  | 17-Sep-2026 10:26:27 [boincserver] Started upload of exp_20260917T102241Z_baseline_short_13_0_r2009937795_0
client-low-power-1  | 17-Sep-2026 10:26:27 [boincserver] Sending scheduler request: To fetch work.
client-low-power-1  | 17-Sep-2026 10:26:27 [boincserver] Reporting 1 completed tasks
client-low-power-1  | 17-Sep-2026 10:26:27 [boincserver] Requesting new tasks for CPU
client-low-power-1  | 17-Sep-2026 10:26:29 [boincserver] Finished upload of exp_20260917T102241Z_baseline_short_13_0_r2009937795_0
client-low-power-1  | 17-Sep-2026 10:26:34 [boincserver] Scheduler request completed: got 1 new tasks
client-low-power-1  | 17-Sep-2026 10:26:34 [boincserver] Project requested delay of 7 seconds
client-cluster-1    | 17-Sep-2026 10:27:14 [boincserver] Finished upload of exp_20260917T102241Z_baseline_short_6_0_r1113560093_0
client-cluster-1    | 17-Sep-2026 10:27:16 [boincserver] Computation for task exp_20260917T102241Z_baseline_medium_6_0 finished
client-cluster-1    | 17-Sep-2026 10:27:18 [boincserver] Started upload of exp_20260917T102241Z_baseline_medium_6_0_r1767069556_0
client-cluster-1    | 17-Sep-2026 10:27:18 [boincserver] Scheduler request completed: got 0 new tasks
client-phone-2-1    | 17-Sep-2026 10:26:49 [boincserver] Project requested delay of 7 seconds
client-phone-2-1    | 17-Sep-2026 10:26:51 [boincserver] Finished upload of exp_20260917T102241Z_baseline_short_3_0_r739388736_0
client-phone-2-1    | 17-Sep-2026 10:27:25 [boincserver] Sending scheduler request: To report completed tasks.
client-phone-2-1    | 17-Sep-2026 10:27:25 [boincserver] Reporting 1 completed tasks
client-phone-2-1    | 17-Sep-2026 10:27:25 [boincserver] Requesting new tasks for CPU
client-phone-1      | 17-Sep-2026 10:27:21 [boincserver] Project requested delay of 7 seconds
client-phone-1      | 17-Sep-2026 10:27:52 [boincserver] Sending scheduler request: To fetch work.
client-phone-1      | 17-Sep-2026 10:27:52 [boincserver] Requesting new tasks for CPU
client-phone-2-1    | 17-Sep-2026 10:27:27 [boincserver] Scheduler request completed: got 0 new tasks
client-phone-2-1    | 17-Sep-2026 10:27:27 [boincserver] Project has no tasks available
client-phone-2-1    | 17-Sep-2026 10:27:27 [boincserver] Project requested delay of 7 seconds
client-phone-2-1    | 17-Sep-2026 10:28:02 [boincserver] Sending scheduler request: To fetch work.
client-phone-2-1    | 17-Sep-2026 10:28:02 [boincserver] Requesting new tasks for CPU
client-cluster-1    | 17-Sep-2026 10:27:18 [boincserver] Project has no tasks available
client-cluster-1    | 17-Sep-2026 10:27:18 [boincserver] Project requested delay of 7 seconds
client-cluster-1    | 17-Sep-2026 10:27:20 [boincserver] Finished upload of exp_20260917T102241Z_baseline_medium_6_0_r1767069556_0
client-cluster-1    | 17-Sep-2026 10:27:49 [boincserver] Sending scheduler request: To report completed tasks.
client-cluster-1    | 17-Sep-2026 10:27:49 [boincserver] Reporting 2 completed tasks
client-cluster-1    | 17-Sep-2026 10:27:49 [boincserver] Requesting new tasks for CPU
client-phone-2-1    | 17-Sep-2026 10:28:04 [boincserver] Scheduler request completed: got 0 new tasks
client-phone-2-1    | 17-Sep-2026 10:28:04 [boincserver] Project has no tasks available
client-phone-2-1    | 17-Sep-2026 10:28:04 [boincserver] Project requested delay of 7 seconds
client-phone-1      | 17-Sep-2026 10:27:54 [boincserver] Scheduler request completed: got 0 new tasks
client-phone-1      | 17-Sep-2026 10:27:54 [boincserver] Project has no tasks available
client-phone-1      | 17-Sep-2026 10:27:54 [boincserver] Project requested delay of 7 seconds
client-cluster-1    | 17-Sep-2026 10:27:51 [boincserver] Computation for task exp_20260917T102241Z_baseline_long_1_0 finished
client-low-power-1  | 17-Sep-2026 10:26:36 [boincserver] Starting task exp_20260917T102241Z_baseline_medium_5_0
client-low-power-1  | 17-Sep-2026 10:27:04 [boincserver] Sending scheduler request: To report completed tasks.
client-low-power-1  | 17-Sep-2026 10:27:04 [boincserver] Reporting 1 completed tasks
client-low-power-1  | 17-Sep-2026 10:27:04 [boincserver] Requesting new tasks for CPU
client-cluster-1    | 17-Sep-2026 10:27:53 [boincserver] Started upload of exp_20260917T102241Z_baseline_long_1_0_r1801657325_0
client-cluster-1    | 17-Sep-2026 10:27:55 [boincserver] Finished upload of exp_20260917T102241Z_baseline_long_1_0_r1801657325_0
client-cluster-1    | 17-Sep-2026 10:27:56 [boincserver] Scheduler request completed: got 0 new tasks
client-cluster-1    | 17-Sep-2026 10:27:56 [boincserver] Project has no tasks available
client-cluster-1    | 17-Sep-2026 10:27:56 [boincserver] Project requested delay of 7 seconds
client-low-power-1  | 17-Sep-2026 10:27:06 [boincserver] Scheduler request completed: got 0 new tasks
client-low-power-1  | 17-Sep-2026 10:27:06 [boincserver] Project has no tasks available
client-low-power-1  | 17-Sep-2026 10:27:06 [boincserver] Project requested delay of 7 seconds
client-low-power-1  | 17-Sep-2026 10:27:08 [boincserver] Computation for task exp_20260917T102241Z_baseline_medium_5_0 finished
client-low-power-1  | 17-Sep-2026 10:27:10 [boincserver] Started upload of exp_20260917T102241Z_baseline_medium_5_0_r338989444_0
client-low-power-1  | 17-Sep-2026 10:27:12 [boincserver] Finished upload of exp_20260917T102241Z_baseline_medium_5_0_r338989444_0
client-low-power-1  | 17-Sep-2026 10:27:42 [boincserver] Sending scheduler request: To report completed tasks.
client-cluster-1    | 17-Sep-2026 10:28:27 [boincserver] Sending scheduler request: To report completed tasks.
client-cluster-1    | 17-Sep-2026 10:28:27 [boincserver] Reporting 1 completed tasks
client-cluster-1    | 17-Sep-2026 10:28:27 [boincserver] Requesting new tasks for CPU
client-cluster-1    | 17-Sep-2026 10:28:29 [boincserver] Scheduler request completed: got 0 new tasks
client-cluster-1    | 17-Sep-2026 10:28:29 [boincserver] Project has no tasks available
client-cluster-1    | 17-Sep-2026 10:28:29 [boincserver] Project requested delay of 7 seconds
client-cluster-1    | 17-Sep-2026 10:28:47 [boincserver] Sending scheduler request: To fetch work.
client-cluster-1    | 17-Sep-2026 10:28:47 [boincserver] Requesting new tasks for CPU
client-cluster-1    | 17-Sep-2026 10:28:49 [boincserver] Scheduler request completed: got 0 new tasks
client-cluster-1    | 17-Sep-2026 10:28:49 [boincserver] Project has no tasks available
client-low-power-1  | 17-Sep-2026 10:27:42 [boincserver] Reporting 1 completed tasks
client-low-power-1  | 17-Sep-2026 10:27:42 [boincserver] Requesting new tasks for CPU
client-low-power-1  | 17-Sep-2026 10:27:44 [boincserver] Scheduler request completed: got 0 new tasks
client-low-power-1  | 17-Sep-2026 10:27:44 [boincserver] Project has no tasks available
client-low-power-1  | 17-Sep-2026 10:27:44 [boincserver] Project requested delay of 7 seconds
client-low-power-1  | 17-Sep-2026 10:28:19 [boincserver] Sending scheduler request: To fetch work.
client-cluster-1    | 17-Sep-2026 10:28:49 [boincserver] Project requested delay of 7 seconds
client-low-power-1  | 17-Sep-2026 10:28:19 [boincserver] Requesting new tasks for CPU
client-low-power-1  | 17-Sep-2026 10:28:21 [boincserver] Scheduler request completed: got 0 new tasks
client-low-power-1  | 17-Sep-2026 10:28:21 [boincserver] Project has no tasks available
client-low-power-1  | 17-Sep-2026 10:28:21 [boincserver] Project requested delay of 7 seconds
