mysql-1             | Initializing database
mysql-1             | 
client-low-power-1  | 16-Sep-2026 16:55:13 [---] Starting BOINC client version 7.20.5 for aarch64-unknown-linux-gnu
client-low-power-1  | 16-Sep-2026 16:55:13 [---] This a development version of BOINC and may not function properly
client-cluster-2-1  | 16-Sep-2026 16:55:13 [---] Starting BOINC client version 7.20.5 for aarch64-unknown-linux-gnu
client-cluster-2-1  | 16-Sep-2026 16:55:13 [---] This a development version of BOINC and may not function properly
client-cluster-2-1  | 16-Sep-2026 16:55:13 [---] log flags: file_xfer, sched_ops, task
client-cluster-2-1  | 16-Sep-2026 16:55:13 [---] Libraries: libcurl/7.88.1 OpenSSL/3.0.20 zlib/1.2.13 brotli/1.0.9 zstd/1.5.4 libidn2/2.3.3 libpsl/0.21.2 (+libidn2/2.3.3) libssh2/1.10.0 nghttp2/1.52.0 librtmp/2.3 OpenLDAP/2.5.13
client-cluster-2-1  | 16-Sep-2026 16:55:13 [---] Data directory: /var/lib/boinc-client
client-cluster-2-1  | 16-Sep-2026 16:55:13 [---] No usable GPUs found
client-cluster-2-1  | 16-Sep-2026 16:55:13 [---] Creating new client state file
client-cluster-2-1  | 16-Sep-2026 16:55:13 [---] libc:  version 2.36
client-phone-2-1    | 16-Sep-2026 16:55:13 [---] Starting BOINC client version 7.20.5 for aarch64-unknown-linux-gnu
client-phone-2-1    | 16-Sep-2026 16:55:13 [---] This a development version of BOINC and may not function properly
client-phone-2-1    | 16-Sep-2026 16:55:13 [---] log flags: file_xfer, sched_ops, task
client-phone-2-1    | 16-Sep-2026 16:55:13 [---] Libraries: libcurl/7.88.1 OpenSSL/3.0.20 zlib/1.2.13 brotli/1.0.9 zstd/1.5.4 libidn2/2.3.3 libpsl/0.21.2 (+libidn2/2.3.3) libssh2/1.10.0 nghttp2/1.52.0 librtmp/2.3 OpenLDAP/2.5.13
client-phone-2-1    | 16-Sep-2026 16:55:13 [---] Data directory: /var/lib/boinc-client
client-phone-2-1    | 16-Sep-2026 16:55:13 [---] No usable GPUs found
client-phone-2-1    | 16-Sep-2026 16:55:13 [---] Creating new client state file
client-low-power-1  | 16-Sep-2026 16:55:13 [---] log flags: file_xfer, sched_ops, task
client-low-power-1  | 16-Sep-2026 16:55:13 [---] Libraries: libcurl/7.88.1 OpenSSL/3.0.20 zlib/1.2.13 brotli/1.0.9 zstd/1.5.4 libidn2/2.3.3 libpsl/0.21.2 (+libidn2/2.3.3) libssh2/1.10.0 nghttp2/1.52.0 librtmp/2.3 OpenLDAP/2.5.13
client-low-power-1  | 16-Sep-2026 16:55:13 [---] Data directory: /var/lib/boinc-client
client-low-power-1  | 16-Sep-2026 16:55:13 [---] No usable GPUs found
client-low-power-1  | 16-Sep-2026 16:55:13 [---] Creating new client state file
client-low-power-1  | 16-Sep-2026 16:55:13 [---] libc:  version 2.36
client-low-power-1  | 16-Sep-2026 16:55:13 [---] Host name: low-power-01
mysql-1             | 
mysql-1             | PLEASE REMEMBER TO SET A PASSWORD FOR THE MariaDB root USER !
mysql-1             | To do so, start the server, then issue the following commands:
mysql-1             | 
mysql-1             | '/usr/bin/mysqladmin' -u root password 'new-password'
mysql-1             | '/usr/bin/mysqladmin' -u root -h  password 'new-password'
mysql-1             | 
mysql-1             | Alternatively you can run:
mysql-1             | '/usr/bin/mysql_secure_installation'
mysql-1             | 
mysql-1             | which will also give you the option of removing the test
mysql-1             | databases and anonymous user created by default.  This is
mysql-1             | strongly recommended for production servers.
mysql-1             | 
client-phone-2-1    | 16-Sep-2026 16:55:13 [---] libc:  version 2.36
client-phone-2-1    | 16-Sep-2026 16:55:13 [---] Host name: phone-02
client-phone-2-1    | 16-Sep-2026 16:55:13 [---] Processor: 1 ARM  [Impl 0x61 Arch 8 Variant 0x0 Part 0x000 Rev 0]
client-desktop-1    | 16-Sep-2026 16:55:13 [---] Starting BOINC client version 7.20.5 for aarch64-unknown-linux-gnu
client-desktop-1    | 16-Sep-2026 16:55:13 [---] This a development version of BOINC and may not function properly
client-cluster-2-1  | 16-Sep-2026 16:55:13 [---] Host name: cluster-02
client-cluster-2-1  | 16-Sep-2026 16:55:13 [---] Processor: 4 ARM  [Impl 0x61 Arch 8 Variant 0x0 Part 0x000 Rev 0]
client-cluster-2-1  | 16-Sep-2026 16:55:13 [---] Processor features: fp asimd evtstrm aes pmull sha1 sha2 crc32 atomics fphp asimdhp cpuid asimdrdm jscvt fcma lrcpc dcpop sha3 asimddp sha512 asimdfhm dit uscat ilrcpc flagm sb paca pacg dcpodp flagm2 frint i8mm bf16 bti afp
client-cluster-2-1  | 16-Sep-2026 16:55:13 [---] OS: Linux Debian GNU/Linux: Debian GNU/Linux 12 (bookworm) [6.8.0-100-generic|libc 2.36]
client-cluster-2-1  | 16-Sep-2026 16:55:13 [---] Memory: 9.69 GB physical, 0 bytes virtual
client-cluster-2-1  | 16-Sep-2026 16:55:13 [---] Disk: 18.33 GB total, 15.60 GB free
client-cluster-2-1  | 16-Sep-2026 16:55:13 [---] Local time is UTC +0 hours
client-cluster-2-1  | 16-Sep-2026 16:55:13 [---] Config: GUI RPC allowed from any host
client-phone-2-1    | 16-Sep-2026 16:55:13 [---] Processor features: fp asimd evtstrm aes pmull sha1 sha2 crc32 atomics fphp asimdhp cpuid asimdrdm jscvt fcma lrcpc dcpop sha3 asimddp sha512 asimdfhm dit uscat ilrcpc flagm sb paca pacg dcpodp flagm2 frint i8mm bf16 bti afp
client-phone-2-1    | 16-Sep-2026 16:55:13 [---] OS: Linux Debian GNU/Linux: Debian GNU/Linux 12 (bookworm) [6.8.0-100-generic|libc 2.36]
mysql-1             | See the MariaDB Knowledgebase at http://mariadb.com/kb or the
mysql-1             | MySQL manual for more instructions.
mysql-1             | 
mysql-1             | Please report any problems at http://mariadb.org/jira
client-cluster-2-1  | 16-Sep-2026 16:55:13 [---] Config: simulate 4 CPUs
client-cluster-2-1  | 16-Sep-2026 16:55:13 [---] Config: report completed tasks immediately
client-cluster-2-1  | 16-Sep-2026 16:55:13 [---] No general preferences found - using defaults
client-desktop-1    | 16-Sep-2026 16:55:13 [---] log flags: file_xfer, sched_ops, task
client-desktop-1    | 16-Sep-2026 16:55:13 [---] Libraries: libcurl/7.88.1 OpenSSL/3.0.20 zlib/1.2.13 brotli/1.0.9 zstd/1.5.4 libidn2/2.3.3 libpsl/0.21.2 (+libidn2/2.3.3) libssh2/1.10.0 nghttp2/1.52.0 librtmp/2.3 OpenLDAP/2.5.13
client-desktop-1    | 16-Sep-2026 16:55:13 [---] Data directory: /var/lib/boinc-client
client-desktop-1    | 16-Sep-2026 16:55:13 [---] No usable GPUs found
makeproject-1       | Updating project files in data volume...
makeproject-1       | Waiting for MySQL server to start...
makeproject-1       | Creating database...
makeproject-1       | added platform: (create_time, name, user_friendly_name) values (1789577651, 'windows_intelx86', 'Microsoft Windows (98 or later) running on an Intel x86-compatible CPU')
client-cluster-2-1  | 16-Sep-2026 16:55:13 [---] Reading preferences override file
client-cluster-2-1  | 16-Sep-2026 16:55:13 [---] Preferences:
client-cluster-2-1  | 16-Sep-2026 16:55:13 [---]    max memory usage when active: 8929.14 MB
client-cluster-2-1  | dir_open: Could not open directory 'slots' from '/var/lib/boinc-client'.
client-cluster-2-1  | 16-Sep-2026 16:55:13 [---]    max memory usage when idle: 8929.14 MB
client-cluster-2-1  | 16-Sep-2026 16:55:13 [---]    max disk usage: 2.00 GB
client-cluster-2-1  | 16-Sep-2026 16:55:13 [---]    don't use GPU while active
client-phone-1      | 16-Sep-2026 16:55:13 [---] Starting BOINC client version 7.20.5 for aarch64-unknown-linux-gnu
client-phone-1      | 16-Sep-2026 16:55:13 [---] This a development version of BOINC and may not function properly
client-phone-1      | 16-Sep-2026 16:55:13 [---] log flags: file_xfer, sched_ops, task
client-phone-1      | 16-Sep-2026 16:55:13 [---] Libraries: libcurl/7.88.1 OpenSSL/3.0.20 zlib/1.2.13 brotli/1.0.9 zstd/1.5.4 libidn2/2.3.3 libpsl/0.21.2 (+libidn2/2.3.3) libssh2/1.10.0 nghttp2/1.52.0 librtmp/2.3 OpenLDAP/2.5.13
client-phone-1      | 16-Sep-2026 16:55:13 [---] Data directory: /var/lib/boinc-client
client-phone-1      | 16-Sep-2026 16:55:13 [---] No usable GPUs found
client-phone-1      | 16-Sep-2026 16:55:13 [---] Creating new client state file
client-cluster-1    | 16-Sep-2026 16:55:13 [---] Starting BOINC client version 7.20.5 for aarch64-unknown-linux-gnu
client-cluster-1    | 16-Sep-2026 16:55:13 [---] This a development version of BOINC and may not function properly
client-cluster-1    | 16-Sep-2026 16:55:13 [---] log flags: file_xfer, sched_ops, task
client-cluster-1    | 16-Sep-2026 16:55:13 [---] Libraries: libcurl/7.88.1 OpenSSL/3.0.20 zlib/1.2.13 brotli/1.0.9 zstd/1.5.4 libidn2/2.3.3 libpsl/0.21.2 (+libidn2/2.3.3) libssh2/1.10.0 nghttp2/1.52.0 librtmp/2.3 OpenLDAP/2.5.13
client-cluster-1    | 16-Sep-2026 16:55:13 [---] Data directory: /var/lib/boinc-client
client-cluster-1    | 16-Sep-2026 16:55:13 [---] No usable GPUs found
client-low-power-1  | 16-Sep-2026 16:55:13 [---] Processor: 1 ARM  [Impl 0x61 Arch 8 Variant 0x0 Part 0x000 Rev 0]
client-low-power-1  | 16-Sep-2026 16:55:13 [---] Processor features: fp asimd evtstrm aes pmull sha1 sha2 crc32 atomics fphp asimdhp cpuid asimdrdm jscvt fcma lrcpc dcpop sha3 asimddp sha512 asimdfhm dit uscat ilrcpc flagm sb paca pacg dcpodp flagm2 frint i8mm bf16 bti afp
client-low-power-1  | 16-Sep-2026 16:55:13 [---] OS: Linux Debian GNU/Linux: Debian GNU/Linux 12 (bookworm) [6.8.0-100-generic|libc 2.36]
client-low-power-1  | 16-Sep-2026 16:55:13 [---] Memory: 9.69 GB physical, 0 bytes virtual
client-low-power-1  | 16-Sep-2026 16:55:13 [---] Disk: 18.33 GB total, 15.60 GB free
client-low-power-1  | 16-Sep-2026 16:55:13 [---] Local time is UTC +0 hours
client-low-power-1  | 16-Sep-2026 16:55:13 [---] Config: GUI RPC allowed from any host
client-low-power-1  | 16-Sep-2026 16:55:13 [---] Config: simulate 1 CPUs
client-low-power-1  | 16-Sep-2026 16:55:13 [---] Config: report completed tasks immediately
client-low-power-1  | dir_open: Could not open directory 'slots' from '/var/lib/boinc-client'.
client-low-power-1  | 16-Sep-2026 16:55:13 [---] No general preferences found - using defaults
client-low-power-1  | 16-Sep-2026 16:55:13 [---] Reading preferences override file
client-low-power-1  | 16-Sep-2026 16:55:13 [---] Preferences:
client-low-power-1  | 16-Sep-2026 16:55:13 [---]    max memory usage when active: 8929.14 MB
client-phone-2-1    | 16-Sep-2026 16:55:13 [---] Memory: 9.69 GB physical, 0 bytes virtual
client-phone-2-1    | 16-Sep-2026 16:55:13 [---] Disk: 18.33 GB total, 15.60 GB free
mysql-1             | 
mysql-1             | The latest information about MariaDB is available at http://mariadb.org/.
mysql-1             | You can find additional information about the MySQL part at:
mysql-1             | http://dev.mysql.com
mysql-1             | Consider joining MariaDB's strong and vibrant community:
makeproject-1       | added platform: (create_time, name, user_friendly_name) values (1789577651, 'windows_x86_64', 'Microsoft Windows running on an AMD x86_64 or Intel EM64T CPU')
makeproject-1       | added platform: (create_time, name, user_friendly_name) values (1789577651, 'windows_arm64', 'Microsoft Windows running on ARM 64-bit')
makeproject-1       | added platform: (create_time, name, user_friendly_name) values (1789577651, 'i686-pc-linux-gnu', 'Linux running on an Intel x86-compatible CPU')
makeproject-1       | added platform: (create_time, name, user_friendly_name) values (1789577651, 'x86_64-pc-linux-gnu', 'Linux running on an AMD x86_64 or Intel EM64T CPU')
makeproject-1       | added platform: (create_time, name, user_friendly_name) values (1789577651, 'powerpc-apple-darwin', 'Mac OS X 10.3 or later running on Motorola PowerPC')
makeproject-1       | added platform: (create_time, name, user_friendly_name) values (1789577651, 'i686-apple-darwin', 'Mac OS 10.4 or later running on Intel')
makeproject-1       | added platform: (create_time, name, user_friendly_name) values (1789577651, 'x86_64-apple-darwin', 'Intel 64-bit Mac OS 10.5 or later')
makeproject-1       | added platform: (create_time, name, user_friendly_name) values (1789577651, 'arm64-apple-darwin', 'Mac OS running on ARM')
makeproject-1       | added platform: (create_time, name, user_friendly_name) values (1789577651, 'sparc-sun-solaris2.7', 'Solaris 2.7 running on a SPARC-compatible CPU')
client-low-power-1  | 16-Sep-2026 16:55:13 [---]    max memory usage when idle: 8929.14 MB
client-low-power-1  | 16-Sep-2026 16:55:13 [---]    max disk usage: 2.00 GB
client-phone-2-1    | 16-Sep-2026 16:55:13 [---] Local time is UTC +0 hours
client-phone-2-1    | 16-Sep-2026 16:55:13 [---] Config: GUI RPC allowed from any host
client-phone-2-1    | 16-Sep-2026 16:55:13 [---] Config: simulate 1 CPUs
client-cluster-2-1  | 16-Sep-2026 16:55:13 [---]    suspend work if non-BOINC CPU load exceeds 25%
client-cluster-2-1  | 16-Sep-2026 16:55:13 [---]    (to change preferences, visit a project web site or select Preferences in the Manager)
client-cluster-1    | 16-Sep-2026 16:55:13 [---] Creating new client state file
client-cluster-1    | 16-Sep-2026 16:55:13 [---] libc:  version 2.36
apache-1            | /usr/lib/python2.7/dist-packages/supervisor/options.py:461: UserWarning: Supervisord is running as root and it is searching for its configuration file in default locations (including its current working directory); you probably want to specify a "-c" argument specifying an absolute path to a configuration file for improved security.
apache-1            |   'Supervisord is running as root and it is searching '
client-desktop-1    | 16-Sep-2026 16:55:13 [---] Creating new client state file
client-desktop-1    | 16-Sep-2026 16:55:13 [---] libc:  version 2.36
client-desktop-1    | 16-Sep-2026 16:55:13 [---] Host name: desktop-01
client-desktop-1    | 16-Sep-2026 16:55:13 [---] Processor: 2 ARM  [Impl 0x61 Arch 8 Variant 0x0 Part 0x000 Rev 0]
client-desktop-1    | 16-Sep-2026 16:55:13 [---] Processor features: fp asimd evtstrm aes pmull sha1 sha2 crc32 atomics fphp asimdhp cpuid asimdrdm jscvt fcma lrcpc dcpop sha3 asimddp sha512 asimdfhm dit uscat ilrcpc flagm sb paca pacg dcpodp flagm2 frint i8mm bf16 bti afp
client-desktop-1    | 16-Sep-2026 16:55:13 [---] OS: Linux Debian GNU/Linux: Debian GNU/Linux 12 (bookworm) [6.8.0-100-generic|libc 2.36]
client-desktop-1    | 16-Sep-2026 16:55:13 [---] Memory: 9.69 GB physical, 0 bytes virtual
client-desktop-1    | 16-Sep-2026 16:55:13 [---] Disk: 18.33 GB total, 15.60 GB free
client-desktop-1    | 16-Sep-2026 16:55:13 [---] Local time is UTC +0 hours
client-desktop-1    | 16-Sep-2026 16:55:13 [---] Config: GUI RPC allowed from any host
client-desktop-1    | 16-Sep-2026 16:55:13 [---] Config: simulate 2 CPUs
client-desktop-1    | 16-Sep-2026 16:55:13 [---] Config: report completed tasks immediately
client-desktop-1    | 16-Sep-2026 16:55:13 [---] No general preferences found - using defaults
client-desktop-1    | 16-Sep-2026 16:55:13 [---] Reading preferences override file
client-desktop-1    | 16-Sep-2026 16:55:13 [---] Preferences:
client-desktop-1    | 16-Sep-2026 16:55:13 [---]    max memory usage when active: 8929.14 MB
client-desktop-1    | 16-Sep-2026 16:55:13 [---]    max memory usage when idle: 8929.14 MB
client-desktop-1    | 16-Sep-2026 16:55:13 [---]    max disk usage: 2.00 GB
client-desktop-1    | 16-Sep-2026 16:55:13 [---]    don't use GPU while active
client-desktop-1    | 16-Sep-2026 16:55:13 [---]    suspend work if non-BOINC CPU load exceeds 25%
client-desktop-1    | 16-Sep-2026 16:55:13 [---]    (to change preferences, visit a project web site or select Preferences in the Manager)
client-desktop-1    | 16-Sep-2026 16:55:13 [---] Setting up project and slot directories
client-desktop-1    | 16-Sep-2026 16:55:13 [---] Checking active tasks
client-desktop-1    | 16-Sep-2026 16:55:13 [---] Setting up GUI RPC socket
client-desktop-1    | 16-Sep-2026 16:55:13 [---] Checking presence of 0 project files
client-desktop-1    | 16-Sep-2026 16:55:13 [---] This computer is not attached to any projects
client-desktop-1    | 16-Sep-2026 16:55:13 Initialization completed
client-desktop-1    | dir_open: Could not open directory 'slots' from '/var/lib/boinc-client'.
client-phone-2-1    | 16-Sep-2026 16:55:13 [---] Config: report completed tasks immediately
client-phone-2-1    | 16-Sep-2026 16:55:13 [---] No general preferences found - using defaults
client-phone-2-1    | 16-Sep-2026 16:55:13 [---] Reading preferences override file
client-phone-2-1    | 16-Sep-2026 16:55:13 [---] Preferences:
apache-1            | 2026-09-16 16:53:51,013 CRIT Supervisor is running as root.  Privileges were not dropped because no user is specified in the config file.  If you intend to run as root, you can set user=root in the config file to avoid this message.
apache-1            | 2026-09-16 16:53:51,013 INFO Included extra file "/etc/supervisor/conf.d/supervisord.conf" during parsing
apache-1            | 2026-09-16 16:53:51,017 INFO RPC interface 'supervisor' initialized
apache-1            | 2026-09-16 16:53:51,017 CRIT Server 'unix_http_server' running without any HTTP authentication checking
apache-1            | 2026-09-16 16:53:51,017 INFO supervisord started with pid 1
apache-1            | 2026-09-16 16:53:52,026 INFO spawned: 'cron' with pid 9
apache-1            | 2026-09-16 16:53:52,029 INFO spawned: 'start' with pid 10
apache-1            | 2026-09-16 16:53:52,032 INFO spawned: 'rsyslogd' with pid 11
apache-1            | 2026-09-16 16:53:52,035 INFO spawned: 'apache2' with pid 12
apache-1            | 2026-09-16 16:53:53,997 INFO success: cron entered RUNNING state, process has stayed up for > than 1 seconds (startsecs)
apache-1            | 2026-09-16 16:53:53,997 INFO success: start entered RUNNING state, process has stayed up for > than 1 seconds (startsecs)
apache-1            | 2026-09-16 16:53:53,997 INFO success: rsyslogd entered RUNNING state, process has stayed up for > than 1 seconds (startsecs)
apache-1            | 2026-09-16 16:53:53,997 INFO success: apache2 entered RUNNING state, process has stayed up for > than 1 seconds (startsecs)
apache-1            | 2026-09-16 16:54:22,604 INFO reaped unknown pid 79
apache-1            | 2026-09-16 16:54:22,604 INFO reaped unknown pid 81
mysql-1             | https://mariadb.org/get-involved/
mysql-1             | 
client-phone-1      | 16-Sep-2026 16:55:13 [---] libc:  version 2.36
client-phone-1      | 16-Sep-2026 16:55:13 [---] Host name: phone-01
client-phone-1      | 16-Sep-2026 16:55:13 [---] Processor: 1 ARM  [Impl 0x61 Arch 8 Variant 0x0 Part 0x000 Rev 0]
client-phone-1      | 16-Sep-2026 16:55:13 [---] Processor features: fp asimd evtstrm aes pmull sha1 sha2 crc32 atomics fphp asimdhp cpuid asimdrdm jscvt fcma lrcpc dcpop sha3 asimddp sha512 asimdfhm dit uscat ilrcpc flagm sb paca pacg dcpodp flagm2 frint i8mm bf16 bti afp
client-phone-1      | 16-Sep-2026 16:55:13 [---] OS: Linux Debian GNU/Linux: Debian GNU/Linux 12 (bookworm) [6.8.0-100-generic|libc 2.36]
client-phone-1      | 16-Sep-2026 16:55:13 [---] Memory: 9.69 GB physical, 0 bytes virtual
client-phone-1      | 16-Sep-2026 16:55:13 [---] Disk: 18.33 GB total, 15.60 GB free
client-phone-1      | 16-Sep-2026 16:55:13 [---] Local time is UTC +0 hours
mysql-1             | Database initialized
mysql-1             | 2026-09-16 16:53:52 0 [Note] mysqld (mysqld 10.3.8-MariaDB-1:10.3.8+maria~bionic) starting as process 103 ...
client-desktop-1    | dir_open: Could not open directory 'projects/boincserver.local_boincserver' from '/var/lib/boinc-client'.
client-desktop-1    | 16-Sep-2026 16:55:14 [---] No general preferences found - using defaults
client-desktop-1    | 16-Sep-2026 16:55:14 [---] Reading preferences override file
client-desktop-1    | 16-Sep-2026 16:55:14 [---] Preferences:
client-desktop-1    | 16-Sep-2026 16:55:14 [---]    max memory usage when active: 8929.14 MB
client-desktop-1    | 16-Sep-2026 16:55:14 [---]    max memory usage when idle: 8929.14 MB
client-desktop-1    | 16-Sep-2026 16:55:14 [---]    max disk usage: 2.00 GB
client-low-power-1  | 16-Sep-2026 16:55:13 [---]    don't use GPU while active
client-low-power-1  | 16-Sep-2026 16:55:13 [---]    suspend work if non-BOINC CPU load exceeds 25%
client-low-power-1  | 16-Sep-2026 16:55:13 [---]    (to change preferences, visit a project web site or select Preferences in the Manager)
client-low-power-1  | 16-Sep-2026 16:55:13 [---] Setting up project and slot directories
client-low-power-1  | 16-Sep-2026 16:55:13 [---] Checking active tasks
client-phone-2-1    | 16-Sep-2026 16:55:13 [---]    max memory usage when active: 8929.14 MB
client-phone-2-1    | 16-Sep-2026 16:55:13 [---]    max memory usage when idle: 8929.14 MB
client-phone-2-1    | 16-Sep-2026 16:55:13 [---]    max disk usage: 2.00 GB
client-phone-2-1    | 16-Sep-2026 16:55:13 [---]    don't use GPU while active
client-phone-2-1    | 16-Sep-2026 16:55:13 [---]    suspend work if non-BOINC CPU load exceeds 25%
client-phone-2-1    | 16-Sep-2026 16:55:13 [---]    (to change preferences, visit a project web site or select Preferences in the Manager)
client-phone-2-1    | 16-Sep-2026 16:55:13 [---] Setting up project and slot directories
client-phone-2-1    | dir_open: Could not open directory 'slots' from '/var/lib/boinc-client'.
client-phone-2-1    | 16-Sep-2026 16:55:13 [---] Checking active tasks
client-phone-2-1    | 16-Sep-2026 16:55:13 [---] Setting up GUI RPC socket
client-phone-2-1    | 16-Sep-2026 16:55:13 [---] Checking presence of 0 project files
mysql-1             | MySQL init process in progress...
mysql-1             | 2026-09-16 16:53:52 0 [Note] InnoDB: Using Linux native AIO
mysql-1             | 2026-09-16 16:53:52 0 [Note] InnoDB: Mutexes and rw_locks use GCC atomic builtins
mysql-1             | 2026-09-16 16:53:52 0 [Note] InnoDB: Uses event mutexes
mysql-1             | 2026-09-16 16:53:52 0 [Note] InnoDB: Compressed tables use zlib 1.2.11
client-desktop-1    | 16-Sep-2026 16:55:14 [---]    don't use GPU while active
client-desktop-1    | 16-Sep-2026 16:55:14 [---]    suspend work if non-BOINC CPU load exceeds 25%
makeproject-1       | added platform: (create_time, name, user_friendly_name) values (1789577651, 'sparc-sun-solaris', 'Solaris 2.8 or later running on a SPARC-compatible CPU')
makeproject-1       | added platform: (create_time, name, user_friendly_name) values (1789577651, 'sparc64-sun-solaris', 'Solaris 2.8 or later running on a SPARC 64-bit CPU')
makeproject-1       | added platform: (create_time, name, user_friendly_name) values (1789577651, 'powerpc64-ps3-linux-gnu', 'Sony Playstation 3 running Linux')
makeproject-1       | added platform: (create_time, name, user_friendly_name) values (1789577651, 'arm-android-linux-gnu', 'Android running on ARM armeabi-v7a')
makeproject-1       | added platform: (create_time, name, user_friendly_name) values (1789577651, 'aarch64-android-linux-gnu', 'Android running on ARM 64-bit arm64-v8a')
makeproject-1       | added platform: (create_time, name, user_friendly_name) values (1789577651, 'x86_64-android-linux-gnu', 'Android running on Intel x64 compatible')
makeproject-1       | added platform: (create_time, name, user_friendly_name) values (1789577651, 'x86-android-linux-gnu', 'Android running on Intel x86 compatible')
makeproject-1       | added platform: (create_time, name, user_friendly_name) values (1789577651, 'arm-unknown-linux-gnueabihf', 'Linux running on ARM, hardware FP')
client-desktop-1    | 16-Sep-2026 16:55:14 [---]    (to change preferences, visit a project web site or select Preferences in the Manager)
client-desktop-1    | 16-Sep-2026 16:55:18 [http://boincserver.local/boincserver/] Fetching scheduler list
client-desktop-1    | 16-Sep-2026 16:55:24 [http://boincserver.local/boincserver/] Master file download succeeded
client-desktop-1    | 16-Sep-2026 16:55:29 [http://boincserver.local/boincserver/] Sending scheduler request: Project initialization.
client-desktop-1    | 16-Sep-2026 16:55:29 [http://boincserver.local/boincserver/] Requesting new tasks for CPU
client-desktop-1    | 16-Sep-2026 16:55:31 [boincserver] Scheduler request completed: got 1 new tasks
apache-1            | 2026-09-16 16:54:22,604 INFO reaped unknown pid 89
apache-1            | 2026-09-16 16:54:22,927 INFO reaped unknown pid 190
apache-1            | 2026-09-16 16:54:23,030 INFO reaped unknown pid 192
apache-1            | 2026-09-16 16:54:23,138 INFO reaped unknown pid 194
apache-1            | 2026-09-16 16:54:28,466 INFO reaped unknown pid 189
apache-1            | 2026-09-16 16:54:28,466 INFO reaped unknown pid 191
apache-1            | 2026-09-16 16:54:28,466 INFO reaped unknown pid 193
apache-1            | 2026-09-16 16:54:28,466 INFO reaped unknown pid 195
apache-1            | 2026-09-16 16:54:28,466 INFO reaped unknown pid 197
apache-1            | 2026-09-16 16:55:01,062 INFO reaped unknown pid 249
apache-1            | 2026-09-16 16:55:01,173 INFO reaped unknown pid 251
apache-1            | 2026-09-16 16:55:01,274 INFO reaped unknown pid 253
apache-1            | 2026-09-16 16:55:01,378 INFO reaped unknown pid 255
apache-1            | 2026-09-16 16:55:01,482 INFO reaped unknown pid 257
apache-1            | 2026-09-16 16:55:02,526 INFO reaped unknown pid 248
apache-1            | 2026-09-16 16:55:02,526 INFO reaped unknown pid 250
apache-1            | 2026-09-16 16:55:02,526 INFO reaped unknown pid 252
apache-1            | 2026-09-16 16:55:02,526 INFO reaped unknown pid 254
apache-1            | 2026-09-16 16:55:02,526 INFO reaped unknown pid 256
apache-1            | 2026-09-16 16:55:02,526 INFO reaped unknown pid 258
apache-1            | 2026-09-16 16:55:02,526 INFO reaped unknown pid 261
apache-1            | 2026-09-16 16:55:02,526 INFO reaped unknown pid 263
client-phone-1      | 16-Sep-2026 16:55:13 [---] Config: GUI RPC allowed from any host
client-phone-1      | 16-Sep-2026 16:55:13 [---] Config: simulate 1 CPUs
client-phone-1      | 16-Sep-2026 16:55:13 [---] Config: report completed tasks immediately
client-phone-1      | 16-Sep-2026 16:55:13 [---] No general preferences found - using defaults
client-phone-1      | 16-Sep-2026 16:55:13 [---] Reading preferences override file
client-phone-1      | 16-Sep-2026 16:55:13 [---] Preferences:
client-phone-1      | 16-Sep-2026 16:55:13 [---]    max memory usage when active: 8929.14 MB
client-phone-1      | 16-Sep-2026 16:55:13 [---]    max memory usage when idle: 8929.14 MB
client-phone-1      | 16-Sep-2026 16:55:13 [---]    max disk usage: 2.00 GB
client-phone-1      | 16-Sep-2026 16:55:13 [---]    don't use GPU while active
client-phone-1      | 16-Sep-2026 16:55:13 [---]    suspend work if non-BOINC CPU load exceeds 25%
client-phone-1      | 16-Sep-2026 16:55:13 [---]    (to change preferences, visit a project web site or select Preferences in the Manager)
client-phone-2-1    | 16-Sep-2026 16:55:13 [---] This computer is not attached to any projects
client-phone-2-1    | 16-Sep-2026 16:55:13 Initialization completed
client-phone-2-1    | dir_open: Could not open directory 'projects/boincserver.local_boincserver' from '/var/lib/boinc-client'.
client-cluster-2-1  | 16-Sep-2026 16:55:13 [---] Setting up project and slot directories
client-cluster-2-1  | 16-Sep-2026 16:55:13 [---] Checking active tasks
client-cluster-2-1  | 16-Sep-2026 16:55:13 [---] Setting up GUI RPC socket
client-cluster-2-1  | 16-Sep-2026 16:55:13 [---] Checking presence of 0 project files
client-cluster-2-1  | 16-Sep-2026 16:55:13 [---] This computer is not attached to any projects
client-cluster-2-1  | 16-Sep-2026 16:55:13 Initialization completed
client-cluster-2-1  | dir_open: Could not open directory 'projects/boincserver.local_boincserver' from '/var/lib/boinc-client'.
client-cluster-2-1  | 16-Sep-2026 16:55:14 [---] No general preferences found - using defaults
client-low-power-1  | 16-Sep-2026 16:55:13 [---] Setting up GUI RPC socket
client-low-power-1  | 16-Sep-2026 16:55:13 [---] Checking presence of 0 project files
client-low-power-1  | 16-Sep-2026 16:55:13 [---] This computer is not attached to any projects
client-low-power-1  | 16-Sep-2026 16:55:13 Initialization completed
client-cluster-1    | 16-Sep-2026 16:55:13 [---] Host name: cluster-01
client-cluster-1    | 16-Sep-2026 16:55:13 [---] Processor: 4 ARM  [Impl 0x61 Arch 8 Variant 0x0 Part 0x000 Rev 0]
makeproject-1       | added platform: (create_time, name, user_friendly_name) values (1789577651, 'aarch64-unknown-linux-gnu', 'Linux running on ARM64')
makeproject-1       | added platform: (create_time, name, user_friendly_name) values (1789577651, 'anonymous', 'anonymous')
client-cluster-2-1  | 16-Sep-2026 16:55:14 [---] Reading preferences override file
apache-1            | 2026-09-16 16:55:02,526 INFO reaped unknown pid 266
apache-1            | 2026-09-16 16:55:02,526 INFO reaped unknown pid 272
apache-1            | 2026-09-16 16:55:06,741 INFO reaped unknown pid 259
apache-1            | 2026-09-16 16:55:07,043 INFO reaped unknown pid 264
apache-1            | 2026-09-16 16:55:07,266 INFO reaped unknown pid 268
apache-1            | 2026-09-16 16:55:07,347 INFO reaped unknown pid 270
client-cluster-2-1  | 16-Sep-2026 16:55:14 [---] Preferences:
client-cluster-2-1  | 16-Sep-2026 16:55:14 [---]    max memory usage when active: 8929.14 MB
client-cluster-2-1  | 16-Sep-2026 16:55:14 [---]    max memory usage when idle: 8929.14 MB
client-cluster-2-1  | 16-Sep-2026 16:55:14 [---]    max disk usage: 2.00 GB
makeproject-1       | 
client-low-power-1  | dir_open: Could not open directory 'projects/boincserver.local_boincserver' from '/var/lib/boinc-client'.
client-low-power-1  | 16-Sep-2026 16:55:14 [---] No general preferences found - using defaults
client-low-power-1  | 16-Sep-2026 16:55:14 [---] Reading preferences override file
client-low-power-1  | 16-Sep-2026 16:55:14 [---] Preferences:
client-desktop-1    | 16-Sep-2026 16:55:31 [boincserver] Project requested delay of 7 seconds
client-desktop-1    | 16-Sep-2026 16:55:33 [boincserver] Started download of hybrid_synthetic_1.0_aarch64-unknown-linux-gnu
client-desktop-1    | 16-Sep-2026 16:55:33 [boincserver] Started download of hybrid_synthetic_input.txt
client-desktop-1    | 16-Sep-2026 16:55:35 [boincserver] Finished download of hybrid_synthetic_1.0_aarch64-unknown-linux-gnu
client-desktop-1    | 16-Sep-2026 16:55:35 [boincserver] Finished download of hybrid_synthetic_input.txt
client-desktop-1    | 16-Sep-2026 16:55:35 [boincserver] Starting task exp_20260916T165346Z_baseline_long_2_0
client-desktop-1    | 16-Sep-2026 16:55:41 [boincserver] Sending scheduler request: To fetch work.
client-low-power-1  | 16-Sep-2026 16:55:14 [---]    max memory usage when active: 8929.14 MB
client-low-power-1  | 16-Sep-2026 16:55:14 [---]    max memory usage when idle: 8929.14 MB
client-low-power-1  | 16-Sep-2026 16:55:14 [---]    max disk usage: 2.00 GB
client-low-power-1  | 16-Sep-2026 16:55:14 [---]    don't use GPU while active
client-low-power-1  | 16-Sep-2026 16:55:14 [---]    suspend work if non-BOINC CPU load exceeds 25%
client-low-power-1  | 16-Sep-2026 16:55:14 [---]    (to change preferences, visit a project web site or select Preferences in the Manager)
client-low-power-1  | 16-Sep-2026 16:55:18 [http://boincserver.local/boincserver/] Fetching scheduler list
mysql-1             | 2026-09-16 16:53:52 0 [Note] InnoDB: Number of pools: 1
mysql-1             | 2026-09-16 16:53:52 0 [Note] InnoDB: Using generic crc32 instructions
mysql-1             | 2026-09-16 16:53:52 0 [Note] InnoDB: Initializing buffer pool, total size = 256M, instances = 1, chunk size = 128M
mysql-1             | 2026-09-16 16:53:52 0 [Note] InnoDB: Completed initialization of buffer pool
mysql-1             | 2026-09-16 16:53:52 0 [Note] InnoDB: If the mysqld execution user is authorized, page cleaner thread priority can be changed. See the man page of setpriority().
mysql-1             | 2026-09-16 16:53:52 0 [Note] InnoDB: 128 out of 128 rollback segments are active.
client-desktop-1    | 16-Sep-2026 16:55:41 [boincserver] Requesting new tasks for CPU
client-desktop-1    | 16-Sep-2026 16:55:43 [boincserver] Scheduler request completed: got 2 new tasks
client-desktop-1    | 16-Sep-2026 16:55:43 [boincserver] Project requested delay of 7 seconds
client-desktop-1    | 16-Sep-2026 16:55:45 [boincserver] Elapsed time limit 50.000000 < 120.000000; setting to 43200.000000
client-desktop-1    | 16-Sep-2026 16:55:45 [boincserver] Starting task exp_20260916T165346Z_baseline_short_10_0
client-desktop-1    | 16-Sep-2026 16:55:53 [boincserver] Sending scheduler request: To fetch work.
client-desktop-1    | 16-Sep-2026 16:55:53 [boincserver] Requesting new tasks for CPU
client-desktop-1    | 16-Sep-2026 16:55:54 [boincserver] Computation for task exp_20260916T165346Z_baseline_short_10_0 finished
client-desktop-1    | 16-Sep-2026 16:55:54 [boincserver] Starting task exp_20260916T165346Z_baseline_medium_8_0
client-desktop-1    | 16-Sep-2026 16:55:55 [boincserver] Scheduler request completed: got 1 new tasks
client-desktop-1    | 16-Sep-2026 16:55:55 [boincserver] Project requested delay of 7 seconds
client-desktop-1    | 16-Sep-2026 16:55:56 [boincserver] Started upload of exp_20260916T165346Z_baseline_short_10_0_r231232594_0
client-desktop-1    | 16-Sep-2026 16:55:58 [boincserver] Finished upload of exp_20260916T165346Z_baseline_short_10_0_r231232594_0
client-desktop-1    | 16-Sep-2026 16:56:05 [boincserver] Sending scheduler request: To report completed tasks.
client-desktop-1    | 16-Sep-2026 16:56:05 [boincserver] Reporting 1 completed tasks
client-desktop-1    | 16-Sep-2026 16:56:05 [boincserver] Requesting new tasks for CPU
client-desktop-1    | 16-Sep-2026 16:56:07 [boincserver] Scheduler request completed: got 1 new tasks
client-desktop-1    | 16-Sep-2026 16:56:07 [boincserver] Project requested delay of 7 seconds
client-desktop-1    | 16-Sep-2026 16:56:21 [boincserver] Sending scheduler request: To fetch work.
client-desktop-1    | 16-Sep-2026 16:56:21 [boincserver] Requesting new tasks for CPU
client-desktop-1    | 16-Sep-2026 16:56:23 [boincserver] Scheduler request completed: got 0 new tasks
client-desktop-1    | 16-Sep-2026 16:56:23 [boincserver] Project has no tasks available
client-phone-2-1    | 16-Sep-2026 16:55:14 [---] No general preferences found - using defaults
client-phone-2-1    | 16-Sep-2026 16:55:14 [---] Reading preferences override file
client-phone-2-1    | 16-Sep-2026 16:55:14 [---] Preferences:
client-phone-2-1    | 16-Sep-2026 16:55:14 [---]    max memory usage when active: 8929.14 MB
client-desktop-1    | 16-Sep-2026 16:56:23 [boincserver] Project requested delay of 7 seconds
client-desktop-1    | 16-Sep-2026 16:56:27 [boincserver] Computation for task exp_20260916T165346Z_baseline_medium_8_0 finished
client-desktop-1    | 16-Sep-2026 16:56:27 [boincserver] Elapsed time limit 50.000000 < 120.000000; setting to 43200.000000
client-desktop-1    | 16-Sep-2026 16:56:27 [boincserver] Starting task exp_20260916T165346Z_baseline_short_13_0
client-desktop-1    | 16-Sep-2026 16:56:29 [boincserver] Started upload of exp_20260916T165346Z_baseline_medium_8_0_r1055973974_0
client-desktop-1    | 16-Sep-2026 16:56:31 [boincserver] Finished upload of exp_20260916T165346Z_baseline_medium_8_0_r1055973974_0
client-desktop-1    | 16-Sep-2026 16:56:33 [boincserver] Sending scheduler request: To report completed tasks.
client-phone-2-1    | 16-Sep-2026 16:55:14 [---]    max memory usage when idle: 8929.14 MB
client-phone-2-1    | 16-Sep-2026 16:55:14 [---]    max disk usage: 2.00 GB
client-phone-2-1    | 16-Sep-2026 16:55:14 [---]    don't use GPU while active
client-phone-2-1    | 16-Sep-2026 16:55:14 [---]    suspend work if non-BOINC CPU load exceeds 25%
client-phone-2-1    | 16-Sep-2026 16:55:14 [---]    (to change preferences, visit a project web site or select Preferences in the Manager)
client-low-power-1  | 16-Sep-2026 16:55:20 [http://boincserver.local/boincserver/] Master file download succeeded
client-low-power-1  | 16-Sep-2026 16:55:25 [http://boincserver.local/boincserver/] Sending scheduler request: Project initialization.
client-low-power-1  | 16-Sep-2026 16:55:25 [http://boincserver.local/boincserver/] Requesting new tasks for CPU
client-low-power-1  | 16-Sep-2026 16:55:27 [boincserver] Scheduler request completed: got 1 new tasks
client-low-power-1  | 16-Sep-2026 16:55:27 [boincserver] Project requested delay of 7 seconds
client-phone-1      | 16-Sep-2026 16:55:13 [---] Setting up project and slot directories
client-phone-1      | 16-Sep-2026 16:55:13 [---] Checking active tasks
client-phone-1      | dir_open: Could not open directory 'slots' from '/var/lib/boinc-client'.
client-phone-1      | 16-Sep-2026 16:55:13 [---] Setting up GUI RPC socket
client-phone-1      | 16-Sep-2026 16:55:13 [---] Checking presence of 0 project files
client-low-power-1  | 16-Sep-2026 16:55:29 [boincserver] Started download of hybrid_synthetic_1.0_aarch64-unknown-linux-gnu
client-low-power-1  | 16-Sep-2026 16:55:29 [boincserver] Started download of hybrid_synthetic_input.txt
client-low-power-1  | 16-Sep-2026 16:55:31 [boincserver] Finished download of hybrid_synthetic_1.0_aarch64-unknown-linux-gnu
client-low-power-1  | 16-Sep-2026 16:55:31 [boincserver] Finished download of hybrid_synthetic_input.txt
client-cluster-2-1  | 16-Sep-2026 16:55:14 [---]    don't use GPU while active
client-cluster-2-1  | 16-Sep-2026 16:55:14 [---]    suspend work if non-BOINC CPU load exceeds 25%
client-cluster-2-1  | 16-Sep-2026 16:55:14 [---]    (to change preferences, visit a project web site or select Preferences in the Manager)
client-cluster-2-1  | 16-Sep-2026 16:55:18 [http://boincserver.local/boincserver/] Fetching scheduler list
client-cluster-2-1  | 16-Sep-2026 16:55:20 [http://boincserver.local/boincserver/] Master file download succeeded
client-cluster-2-1  | 16-Sep-2026 16:55:25 [http://boincserver.local/boincserver/] Sending scheduler request: Project initialization.
client-cluster-2-1  | 16-Sep-2026 16:55:25 [http://boincserver.local/boincserver/] Requesting new tasks for CPU
client-cluster-2-1  | 16-Sep-2026 16:55:27 [boincserver] Scheduler request completed: got 1 new tasks
client-cluster-2-1  | 16-Sep-2026 16:55:27 [boincserver] Project requested delay of 7 seconds
client-cluster-2-1  | 16-Sep-2026 16:55:29 [boincserver] Started download of hybrid_synthetic_1.0_aarch64-unknown-linux-gnu
client-cluster-2-1  | 16-Sep-2026 16:55:29 [boincserver] Started download of hybrid_synthetic_input.txt
client-cluster-2-1  | 16-Sep-2026 16:55:31 [boincserver] Finished download of hybrid_synthetic_1.0_aarch64-unknown-linux-gnu
client-low-power-1  | 16-Sep-2026 16:55:31 [boincserver] Elapsed time limit 50.000000 < 120.000000; setting to 43200.000000
client-low-power-1  | 16-Sep-2026 16:55:31 [boincserver] Starting task exp_20260916T165346Z_baseline_short_9_0
client-low-power-1  | 16-Sep-2026 16:55:37 [boincserver] Sending scheduler request: To fetch work.
client-low-power-1  | 16-Sep-2026 16:55:37 [boincserver] Requesting new tasks for CPU
client-cluster-1    | 16-Sep-2026 16:55:13 [---] Processor features: fp asimd evtstrm aes pmull sha1 sha2 crc32 atomics fphp asimdhp cpuid asimdrdm jscvt fcma lrcpc dcpop sha3 asimddp sha512 asimdfhm dit uscat ilrcpc flagm sb paca pacg dcpodp flagm2 frint i8mm bf16 bti afp
client-cluster-1    | 16-Sep-2026 16:55:13 [---] OS: Linux Debian GNU/Linux: Debian GNU/Linux 12 (bookworm) [6.8.0-100-generic|libc 2.36]
client-cluster-1    | 16-Sep-2026 16:55:13 [---] Memory: 9.69 GB physical, 0 bytes virtual
client-cluster-1    | 16-Sep-2026 16:55:13 [---] Disk: 18.33 GB total, 15.60 GB free
client-cluster-1    | 16-Sep-2026 16:55:13 [---] Local time is UTC +0 hours
client-cluster-1    | 16-Sep-2026 16:55:13 [---] Config: GUI RPC allowed from any host
client-phone-1      | 16-Sep-2026 16:55:13 [---] This computer is not attached to any projects
client-phone-1      | 16-Sep-2026 16:55:13 Initialization completed
client-phone-1      | dir_open: Could not open directory 'projects/boincserver.local_boincserver' from '/var/lib/boinc-client'.
client-phone-1      | 16-Sep-2026 16:55:14 [---] No general preferences found - using defaults
client-phone-1      | 16-Sep-2026 16:55:14 [---] Reading preferences override file
client-phone-1      | 16-Sep-2026 16:55:14 [---] Preferences:
client-phone-1      | 16-Sep-2026 16:55:14 [---]    max memory usage when active: 8929.14 MB
client-phone-1      | 16-Sep-2026 16:55:14 [---]    max memory usage when idle: 8929.14 MB
client-phone-1      | 16-Sep-2026 16:55:14 [---]    max disk usage: 2.00 GB
client-phone-1      | 16-Sep-2026 16:55:14 [---]    don't use GPU while active
client-phone-1      | 16-Sep-2026 16:55:14 [---]    suspend work if non-BOINC CPU load exceeds 25%
client-phone-1      | 16-Sep-2026 16:55:14 [---]    (to change preferences, visit a project web site or select Preferences in the Manager)
client-phone-1      | 16-Sep-2026 16:55:18 [http://boincserver.local/boincserver/] Fetching scheduler list
client-phone-1      | 16-Sep-2026 16:55:20 [http://boincserver.local/boincserver/] Master file download succeeded
client-phone-1      | 16-Sep-2026 16:55:25 [http://boincserver.local/boincserver/] Sending scheduler request: Project initialization.
client-desktop-1    | 16-Sep-2026 16:56:33 [boincserver] Reporting 1 completed tasks
client-desktop-1    | 16-Sep-2026 16:56:33 [boincserver] Requesting new tasks for CPU
mysql-1             | 2026-09-16 16:53:52 0 [Note] InnoDB: Creating shared tablespace for temporary tables
mysql-1             | 2026-09-16 16:53:52 0 [Note] InnoDB: Setting file './ibtmp1' size to 12 MB. Physically writing the file full; Please wait ...
mysql-1             | 2026-09-16 16:53:52 0 [Note] InnoDB: File './ibtmp1' size is now 12 MB.
client-cluster-1    | 16-Sep-2026 16:55:13 [---] Config: simulate 4 CPUs
client-cluster-1    | 16-Sep-2026 16:55:13 [---] Config: report completed tasks immediately
client-cluster-1    | 16-Sep-2026 16:55:13 [---] No general preferences found - using defaults
client-cluster-1    | dir_open: Could not open directory 'slots' from '/var/lib/boinc-client'.
client-cluster-1    | 16-Sep-2026 16:55:13 [---] Reading preferences override file
client-cluster-1    | 16-Sep-2026 16:55:13 [---] Preferences:
client-cluster-1    | 16-Sep-2026 16:55:13 [---]    max memory usage when active: 8929.14 MB
mysql-1             | 2026-09-16 16:53:52 0 [Note] InnoDB: Waiting for purge to start
mysql-1             | 2026-09-16 16:53:53 0 [Note] InnoDB: 10.3.8 started; log sequence number 1630815; transaction id 21
mysql-1             | 2026-09-16 16:53:53 0 [Note] InnoDB: Loading buffer pool(s) from /var/lib/mysql/ib_buffer_pool
mysql-1             | 2026-09-16 16:53:53 0 [Note] Plugin 'FEEDBACK' is disabled.
client-desktop-1    | 16-Sep-2026 16:56:35 [boincserver] Computation for task exp_20260916T165346Z_baseline_short_13_0 finished
client-desktop-1    | 16-Sep-2026 16:56:35 [boincserver] Starting task exp_20260916T165346Z_baseline_medium_5_0
client-desktop-1    | 16-Sep-2026 16:56:37 [boincserver] Started upload of exp_20260916T165346Z_baseline_short_13_0_r967404751_0
client-desktop-1    | 16-Sep-2026 16:56:39 [boincserver] Finished upload of exp_20260916T165346Z_baseline_short_13_0_r967404751_0
client-desktop-1    | 16-Sep-2026 16:56:40 [boincserver] Scheduler request completed: got 0 new tasks
client-desktop-1    | 16-Sep-2026 16:56:40 [boincserver] Project has no tasks available
client-desktop-1    | 16-Sep-2026 16:56:40 [boincserver] Project requested delay of 7 seconds
client-phone-2-1    | 16-Sep-2026 16:55:18 [http://boincserver.local/boincserver/] Fetching scheduler list
client-phone-2-1    | 16-Sep-2026 16:55:20 [http://boincserver.local/boincserver/] Master file download succeeded
client-phone-2-1    | 16-Sep-2026 16:55:25 [http://boincserver.local/boincserver/] Sending scheduler request: Project initialization.
client-phone-2-1    | 16-Sep-2026 16:55:25 [http://boincserver.local/boincserver/] Requesting new tasks for CPU
client-cluster-1    | 16-Sep-2026 16:55:13 [---]    max memory usage when idle: 8929.14 MB
client-cluster-1    | 16-Sep-2026 16:55:13 [---]    max disk usage: 2.00 GB
client-cluster-1    | 16-Sep-2026 16:55:13 [---]    don't use GPU while active
client-cluster-1    | 16-Sep-2026 16:55:13 [---]    suspend work if non-BOINC CPU load exceeds 25%
client-cluster-1    | 16-Sep-2026 16:55:13 [---]    (to change preferences, visit a project web site or select Preferences in the Manager)
client-cluster-1    | 16-Sep-2026 16:55:13 [---] Setting up project and slot directories
mysql-1             | 2026-09-16 16:53:53 0 [Note] InnoDB: Buffer pool(s) load completed at 260916 16:53:53
mysql-1             | 2026-09-16 16:53:53 0 [Warning] 'user' entry 'root@838ff0df00d3' ignored in --skip-name-resolve mode.
mysql-1             | 2026-09-16 16:53:53 0 [Warning] 'user' entry '@838ff0df00d3' ignored in --skip-name-resolve mode.
mysql-1             | 2026-09-16 16:53:53 0 [Warning] 'proxies_priv' entry '@% root@838ff0df00d3' ignored in --skip-name-resolve mode.
mysql-1             | 2026-09-16 16:53:53 0 [Note] Reading of all Master_info entries succeded
client-cluster-1    | 16-Sep-2026 16:55:13 [---] Checking active tasks
client-cluster-1    | 16-Sep-2026 16:55:13 [---] Setting up GUI RPC socket
client-cluster-1    | 16-Sep-2026 16:55:13 [---] Checking presence of 0 project files
client-cluster-1    | 16-Sep-2026 16:55:13 [---] This computer is not attached to any projects
client-cluster-1    | 16-Sep-2026 16:55:13 Initialization completed
client-cluster-1    | dir_open: Could not open directory 'projects/boincserver.local_boincserver' from '/var/lib/boinc-client'.
client-cluster-1    | 16-Sep-2026 16:55:14 [---] No general preferences found - using defaults
client-cluster-1    | 16-Sep-2026 16:55:14 [---] Reading preferences override file
client-cluster-1    | 16-Sep-2026 16:55:14 [---] Preferences:
client-cluster-1    | 16-Sep-2026 16:55:14 [---]    max memory usage when active: 8929.14 MB
client-cluster-1    | 16-Sep-2026 16:55:14 [---]    max memory usage when idle: 8929.14 MB
client-cluster-1    | 16-Sep-2026 16:55:14 [---]    max disk usage: 2.00 GB
client-cluster-1    | 16-Sep-2026 16:55:14 [---]    don't use GPU while active
client-cluster-2-1  | 16-Sep-2026 16:55:31 [boincserver] Finished download of hybrid_synthetic_input.txt
client-cluster-2-1  | 16-Sep-2026 16:55:31 [boincserver] Starting task exp_20260916T165346Z_baseline_medium_2_0
client-desktop-1    | 16-Sep-2026 16:56:58 [boincserver] Sending scheduler request: To report completed tasks.
client-desktop-1    | 16-Sep-2026 16:56:58 [boincserver] Reporting 1 completed tasks
client-desktop-1    | 16-Sep-2026 16:56:58 [boincserver] Requesting new tasks for CPU
client-desktop-1    | 16-Sep-2026 16:57:00 [boincserver] Scheduler request completed: got 0 new tasks
client-desktop-1    | 16-Sep-2026 16:57:00 [boincserver] Project has no tasks available
client-desktop-1    | 16-Sep-2026 16:57:00 [boincserver] Project requested delay of 7 seconds
client-desktop-1    | 16-Sep-2026 16:57:08 [boincserver] Computation for task exp_20260916T165346Z_baseline_medium_5_0 finished
client-phone-1      | 16-Sep-2026 16:55:25 [http://boincserver.local/boincserver/] Requesting new tasks for CPU
client-phone-1      | 16-Sep-2026 16:55:27 [boincserver] Scheduler request completed: got 1 new tasks
client-cluster-1    | 16-Sep-2026 16:55:14 [---]    suspend work if non-BOINC CPU load exceeds 25%
client-cluster-1    | 16-Sep-2026 16:55:14 [---]    (to change preferences, visit a project web site or select Preferences in the Manager)
client-cluster-1    | 16-Sep-2026 16:55:18 [http://boincserver.local/boincserver/] Fetching scheduler list
client-cluster-1    | 16-Sep-2026 16:55:20 [http://boincserver.local/boincserver/] Master file download succeeded
client-cluster-2-1  | 16-Sep-2026 16:55:37 [boincserver] Sending scheduler request: To fetch work.
client-cluster-2-1  | 16-Sep-2026 16:55:37 [boincserver] Requesting new tasks for CPU
client-phone-1      | 16-Sep-2026 16:55:27 [boincserver] Project requested delay of 7 seconds
client-phone-1      | 16-Sep-2026 16:55:29 [boincserver] Started download of hybrid_synthetic_1.0_aarch64-unknown-linux-gnu
client-phone-1      | 16-Sep-2026 16:55:29 [boincserver] Started download of hybrid_synthetic_input.txt
client-phone-1      | 16-Sep-2026 16:55:31 [boincserver] Finished download of hybrid_synthetic_1.0_aarch64-unknown-linux-gnu
client-phone-1      | 16-Sep-2026 16:55:31 [boincserver] Finished download of hybrid_synthetic_input.txt
client-phone-1      | 16-Sep-2026 16:55:31 [boincserver] Elapsed time limit 50.000000 < 120.000000; setting to 43200.000000
client-phone-2-1    | 16-Sep-2026 16:55:27 [boincserver] Scheduler request completed: got 1 new tasks
client-phone-2-1    | 16-Sep-2026 16:55:27 [boincserver] Project requested delay of 7 seconds
client-low-power-1  | 16-Sep-2026 16:55:39 [boincserver] Computation for task exp_20260916T165346Z_baseline_short_9_0 finished
client-low-power-1  | 16-Sep-2026 16:55:39 [boincserver] Scheduler request completed: got 1 new tasks
client-low-power-1  | 16-Sep-2026 16:55:39 [boincserver] Project requested delay of 7 seconds
client-low-power-1  | 16-Sep-2026 16:55:41 [boincserver] Started upload of exp_20260916T165346Z_baseline_short_9_0_r954214178_0
client-low-power-1  | 16-Sep-2026 16:55:41 [boincserver] Elapsed time limit 50.000000 < 120.000000; setting to 43200.000000
client-cluster-2-1  | 16-Sep-2026 16:55:39 [boincserver] Scheduler request completed: got 4 new tasks
client-cluster-2-1  | 16-Sep-2026 16:55:39 [boincserver] Project requested delay of 7 seconds
client-cluster-2-1  | 16-Sep-2026 16:55:41 [boincserver] Elapsed time limit 50.000000 < 120.000000; setting to 43200.000000
client-cluster-1    | 16-Sep-2026 16:55:25 [http://boincserver.local/boincserver/] Sending scheduler request: Project initialization.
client-phone-1      | 16-Sep-2026 16:55:31 [boincserver] Starting task exp_20260916T165346Z_baseline_short_7_0
mysql-1             | 2026-09-16 16:53:53 0 [Note] Added new Master_info '' to hash table
mysql-1             | 2026-09-16 16:53:53 0 [Note] mysqld: ready for connections.
mysql-1             | Version: '10.3.8-MariaDB-1:10.3.8+maria~bionic'  socket: '/var/run/mysqld/mysqld.sock'  port: 0  mariadb.org binary distribution
mysql-1             | Warning: Unable to load '/usr/share/zoneinfo/leap-seconds.list' as time zone. Skipping it.
client-cluster-1    | 16-Sep-2026 16:55:25 [http://boincserver.local/boincserver/] Requesting new tasks for CPU
client-cluster-1    | 16-Sep-2026 16:55:32 [boincserver] Scheduler request completed: got 1 new tasks
client-cluster-1    | 16-Sep-2026 16:55:32 [boincserver] Project requested delay of 7 seconds
client-cluster-1    | 16-Sep-2026 16:55:34 [boincserver] Started download of hybrid_synthetic_1.0_aarch64-unknown-linux-gnu
client-cluster-1    | 16-Sep-2026 16:55:34 [boincserver] Started download of hybrid_synthetic_input.txt
client-cluster-1    | 16-Sep-2026 16:55:36 [boincserver] Finished download of hybrid_synthetic_1.0_aarch64-unknown-linux-gnu
client-cluster-1    | 16-Sep-2026 16:55:36 [boincserver] Finished download of hybrid_synthetic_input.txt
client-cluster-1    | 16-Sep-2026 16:55:36 [boincserver] Elapsed time limit 50.000000 < 120.000000; setting to 43200.000000
client-cluster-1    | 16-Sep-2026 16:55:36 [boincserver] Starting task exp_20260916T165346Z_baseline_short_18_0
client-cluster-1    | 16-Sep-2026 16:55:42 [boincserver] Sending scheduler request: To fetch work.
client-cluster-1    | 16-Sep-2026 16:55:42 [boincserver] Requesting new tasks for CPU
client-cluster-1    | 16-Sep-2026 16:55:44 [boincserver] Computation for task exp_20260916T165346Z_baseline_short_18_0 finished
client-cluster-2-1  | 16-Sep-2026 16:55:41 [boincserver] Starting task exp_20260916T165346Z_baseline_short_17_0
client-cluster-2-1  | 16-Sep-2026 16:55:41 [boincserver] Starting task exp_20260916T165346Z_baseline_long_4_0
client-cluster-2-1  | 16-Sep-2026 16:55:41 [boincserver] Starting task exp_20260916T165346Z_baseline_long_6_0
client-cluster-2-1  | 16-Sep-2026 16:55:49 [boincserver] Computation for task exp_20260916T165346Z_baseline_short_17_0 finished
client-cluster-2-1  | 16-Sep-2026 16:55:49 [boincserver] Starting task exp_20260916T165346Z_baseline_long_5_0
client-cluster-2-1  | 16-Sep-2026 16:55:49 [boincserver] Sending scheduler request: To fetch work.
client-cluster-2-1  | 16-Sep-2026 16:55:49 [boincserver] Requesting new tasks for CPU
client-cluster-2-1  | 16-Sep-2026 16:55:51 [boincserver] Started upload of exp_20260916T165346Z_baseline_short_17_0_r1364338210_0
client-cluster-2-1  | 16-Sep-2026 16:55:51 [boincserver] Scheduler request completed: got 3 new tasks
mysql-1             | 2026-09-16 16:53:54 10 [Warning] 'proxies_priv' entry '@% root@838ff0df00d3' ignored in --skip-name-resolve mode.
mysql-1             | 
mysql-1             | 2026-09-16 16:53:54 0 [Note] mysqld (initiated by: unknown): Normal shutdown
mysql-1             | 2026-09-16 16:53:54 0 [Note] Event Scheduler: Purging the queue. 0 events
mysql-1             | 2026-09-16 16:53:54 0 [Note] InnoDB: FTS optimize thread exiting.
mysql-1             | 2026-09-16 16:53:54 0 [Note] InnoDB: Starting shutdown...
client-cluster-1    | 16-Sep-2026 16:55:44 [boincserver] Scheduler request completed: got 4 new tasks
client-cluster-1    | 16-Sep-2026 16:55:44 [boincserver] Project requested delay of 7 seconds
client-cluster-1    | 16-Sep-2026 16:55:46 [boincserver] Started upload of exp_20260916T165346Z_baseline_short_18_0_r1785622978_0
client-cluster-1    | 16-Sep-2026 16:55:46 [boincserver] Elapsed time limit 50.000000 < 120.000000; setting to 43200.000000
client-cluster-1    | 16-Sep-2026 16:55:46 [boincserver] Elapsed time limit 50.000000 < 120.000000; setting to 43200.000000
client-cluster-1    | 16-Sep-2026 16:55:46 [boincserver] Elapsed time limit 50.000000 < 120.000000; setting to 43200.000000
client-cluster-1    | 16-Sep-2026 16:55:46 [boincserver] Starting task exp_20260916T165346Z_baseline_medium_10_0
client-cluster-1    | 16-Sep-2026 16:55:46 [boincserver] Starting task exp_20260916T165346Z_baseline_short_11_0
client-cluster-1    | 16-Sep-2026 16:55:46 [boincserver] Starting task exp_20260916T165346Z_baseline_short_8_0
client-phone-2-1    | 16-Sep-2026 16:55:29 [boincserver] Started download of hybrid_synthetic_1.0_aarch64-unknown-linux-gnu
client-phone-2-1    | 16-Sep-2026 16:55:29 [boincserver] Started download of hybrid_synthetic_input.txt
client-phone-2-1    | 16-Sep-2026 16:55:31 [boincserver] Finished download of hybrid_synthetic_1.0_aarch64-unknown-linux-gnu
client-phone-2-1    | 16-Sep-2026 16:55:31 [boincserver] Finished download of hybrid_synthetic_input.txt
client-phone-2-1    | 16-Sep-2026 16:55:31 [boincserver] Starting task exp_20260916T165346Z_baseline_medium_11_0
client-phone-2-1    | 16-Sep-2026 16:55:37 [boincserver] Sending scheduler request: To fetch work.
client-phone-2-1    | 16-Sep-2026 16:55:37 [boincserver] Requesting new tasks for CPU
mysql-1             | 2026-09-16 16:53:54 0 [Note] InnoDB: Dumping buffer pool(s) to /var/lib/mysql/ib_buffer_pool
client-phone-2-1    | 16-Sep-2026 16:55:39 [boincserver] Scheduler request completed: got 1 new tasks
client-phone-2-1    | 16-Sep-2026 16:55:39 [boincserver] Project requested delay of 7 seconds
client-low-power-1  | 16-Sep-2026 16:55:41 [boincserver] Starting task exp_20260916T165346Z_baseline_short_4_0
client-low-power-1  | 16-Sep-2026 16:55:43 [boincserver] Finished upload of exp_20260916T165346Z_baseline_short_9_0_r954214178_0
mysql-1             | 2026-09-16 16:53:54 0 [Note] InnoDB: Buffer pool(s) dump completed at 260916 16:53:54
client-cluster-1    | 16-Sep-2026 16:55:46 [boincserver] Starting task exp_20260916T165346Z_baseline_short_6_0
client-cluster-1    | 16-Sep-2026 16:55:48 [boincserver] Finished upload of exp_20260916T165346Z_baseline_short_18_0_r1785622978_0
client-cluster-1    | 16-Sep-2026 16:56:01 [boincserver] Sending scheduler request: To report completed tasks.
client-cluster-1    | 16-Sep-2026 16:56:01 [boincserver] Reporting 1 completed tasks
client-cluster-1    | 16-Sep-2026 16:56:01 [boincserver] Requesting new tasks for CPU
client-cluster-1    | 16-Sep-2026 16:56:03 [boincserver] Computation for task exp_20260916T165346Z_baseline_short_11_0 finished
mysql-1             | 2026-09-16 16:53:55 0 [Note] InnoDB: Shutdown completed; log sequence number 1630824; transaction id 24
mysql-1             | 2026-09-16 16:53:55 0 [Note] InnoDB: Removed temporary tablespace data file: "ibtmp1"
mysql-1             | 2026-09-16 16:53:55 0 [Note] mysqld: Shutdown complete
mysql-1             | 
mysql-1             | 
mysql-1             | MySQL init process done. Ready for start up.
client-low-power-1  | 16-Sep-2026 16:55:49 [boincserver] Computation for task exp_20260916T165346Z_baseline_short_4_0 finished
client-low-power-1  | 16-Sep-2026 16:55:49 [boincserver] Sending scheduler request: To report completed tasks.
client-cluster-1    | 16-Sep-2026 16:56:03 [boincserver] Scheduler request completed: got 4 new tasks
client-cluster-1    | 16-Sep-2026 16:56:03 [boincserver] Project requested delay of 7 seconds
client-cluster-1    | 16-Sep-2026 16:56:04 [boincserver] Computation for task exp_20260916T165346Z_baseline_short_8_0 finished
client-phone-2-1    | 16-Sep-2026 16:55:49 [boincserver] Sending scheduler request: To fetch work.
client-phone-2-1    | 16-Sep-2026 16:55:49 [boincserver] Requesting new tasks for CPU
client-cluster-2-1  | 16-Sep-2026 16:55:51 [boincserver] Project requested delay of 7 seconds
client-cluster-2-1  | 16-Sep-2026 16:55:53 [boincserver] Finished upload of exp_20260916T165346Z_baseline_short_17_0_r1364338210_0
client-cluster-2-1  | 16-Sep-2026 16:56:11 [boincserver] Sending scheduler request: To report completed tasks.
client-cluster-2-1  | 16-Sep-2026 16:56:11 [boincserver] Reporting 1 completed tasks
client-cluster-2-1  | 16-Sep-2026 16:56:11 [boincserver] Requesting new tasks for CPU
mysql-1             | 
mysql-1             | 2026-09-16 16:53:55 0 [Note] mysqld (mysqld 10.3.8-MariaDB-1:10.3.8+maria~bionic) starting as process 1 ...
mysql-1             | 2026-09-16 16:53:55 0 [Note] InnoDB: Using Linux native AIO
mysql-1             | 2026-09-16 16:53:55 0 [Note] InnoDB: Mutexes and rw_locks use GCC atomic builtins
mysql-1             | 2026-09-16 16:53:55 0 [Note] InnoDB: Uses event mutexes
mysql-1             | 2026-09-16 16:53:55 0 [Note] InnoDB: Compressed tables use zlib 1.2.11
mysql-1             | 2026-09-16 16:53:55 0 [Note] InnoDB: Number of pools: 1
mysql-1             | 2026-09-16 16:53:55 0 [Note] InnoDB: Using generic crc32 instructions
client-low-power-1  | 16-Sep-2026 16:55:49 [boincserver] Reporting 1 completed tasks
client-low-power-1  | 16-Sep-2026 16:55:49 [boincserver] Requesting new tasks for CPU
client-low-power-1  | 16-Sep-2026 16:55:51 [boincserver] Started upload of exp_20260916T165346Z_baseline_short_4_0_r490712036_0
client-phone-1      | 16-Sep-2026 16:55:37 [boincserver] Sending scheduler request: To fetch work.
client-phone-1      | 16-Sep-2026 16:55:37 [boincserver] Requesting new tasks for CPU
client-phone-1      | 16-Sep-2026 16:55:39 [boincserver] Scheduler request completed: got 1 new tasks
client-phone-1      | 16-Sep-2026 16:55:39 [boincserver] Project requested delay of 7 seconds
client-phone-1      | 16-Sep-2026 16:55:40 [boincserver] Computation for task exp_20260916T165346Z_baseline_short_7_0 finished
client-phone-1      | 16-Sep-2026 16:55:41 [boincserver] Starting task exp_20260916T165346Z_baseline_medium_3_0
client-phone-1      | 16-Sep-2026 16:55:42 [boincserver] Started upload of exp_20260916T165346Z_baseline_short_7_0_r1918893797_0
client-phone-1      | 16-Sep-2026 16:55:44 [boincserver] Finished upload of exp_20260916T165346Z_baseline_short_7_0_r1918893797_0
client-phone-1      | 16-Sep-2026 16:55:49 [boincserver] Sending scheduler request: To report completed tasks.
client-phone-1      | 16-Sep-2026 16:55:49 [boincserver] Reporting 1 completed tasks
client-phone-1      | 16-Sep-2026 16:55:49 [boincserver] Requesting new tasks for CPU
client-phone-1      | 16-Sep-2026 16:55:51 [boincserver] Scheduler request completed: got 1 new tasks
client-phone-1      | 16-Sep-2026 16:55:51 [boincserver] Project requested delay of 7 seconds
client-phone-1      | 16-Sep-2026 16:56:01 [boincserver] Sending scheduler request: To fetch work.
client-phone-1      | 16-Sep-2026 16:56:01 [boincserver] Requesting new tasks for CPU
client-phone-1      | 16-Sep-2026 16:56:03 [boincserver] Scheduler request completed: got 0 new tasks
client-phone-1      | 16-Sep-2026 16:56:03 [boincserver] No tasks sent
client-low-power-1  | 16-Sep-2026 16:55:53 [boincserver] Finished upload of exp_20260916T165346Z_baseline_short_4_0_r490712036_0
client-low-power-1  | 16-Sep-2026 16:55:56 [boincserver] Scheduler request completed: got 1 new tasks
client-cluster-1    | 16-Sep-2026 16:56:05 [boincserver] Started upload of exp_20260916T165346Z_baseline_short_11_0_r53477107_0
client-cluster-1    | 16-Sep-2026 16:56:05 [boincserver] Computation for task exp_20260916T165346Z_baseline_short_6_0 finished
client-cluster-1    | 16-Sep-2026 16:56:05 [boincserver] Elapsed time limit 50.000000 < 120.000000; setting to 43200.000000
client-cluster-1    | 16-Sep-2026 16:56:05 [boincserver] Elapsed time limit 50.000000 < 120.000000; setting to 43200.000000
client-cluster-1    | 16-Sep-2026 16:56:05 [boincserver] Starting task exp_20260916T165346Z_baseline_short_16_0
client-cluster-1    | 16-Sep-2026 16:56:05 [boincserver] Starting task exp_20260916T165346Z_baseline_medium_4_0
client-cluster-1    | 16-Sep-2026 16:56:05 [boincserver] Starting task exp_20260916T165346Z_baseline_short_15_0
client-cluster-1    | 16-Sep-2026 16:56:06 [boincserver] Started upload of exp_20260916T165346Z_baseline_short_8_0_r1868860363_0
client-cluster-1    | 16-Sep-2026 16:56:07 [boincserver] Finished upload of exp_20260916T165346Z_baseline_short_11_0_r53477107_0
client-cluster-1    | 16-Sep-2026 16:56:07 [boincserver] Finished upload of exp_20260916T165346Z_baseline_short_8_0_r1868860363_0
client-cluster-1    | 16-Sep-2026 16:56:07 [boincserver] Started upload of exp_20260916T165346Z_baseline_short_6_0_r300401993_0
client-cluster-1    | 16-Sep-2026 16:56:09 [boincserver] Finished upload of exp_20260916T165346Z_baseline_short_6_0_r300401993_0
client-cluster-1    | 16-Sep-2026 16:56:13 [boincserver] Computation for task exp_20260916T165346Z_baseline_short_16_0 finished
client-cluster-1    | 16-Sep-2026 16:56:13 [boincserver] Elapsed time limit 50.000000 < 120.000000; setting to 43200.000000
client-cluster-1    | 16-Sep-2026 16:56:13 [boincserver] Starting task exp_20260916T165346Z_baseline_short_14_0
client-cluster-1    | 16-Sep-2026 16:56:13 [boincserver] Sending scheduler request: To report completed tasks.
client-cluster-1    | 16-Sep-2026 16:56:13 [boincserver] Reporting 3 completed tasks
client-cluster-1    | 16-Sep-2026 16:56:13 [boincserver] Requesting new tasks for CPU
client-low-power-1  | 16-Sep-2026 16:55:56 [boincserver] Project requested delay of 7 seconds
client-low-power-1  | 16-Sep-2026 16:55:58 [boincserver] Elapsed time limit 50.000000 < 120.000000; setting to 43200.000000
mysql-1             | 2026-09-16 16:53:55 0 [Note] InnoDB: Initializing buffer pool, total size = 256M, instances = 1, chunk size = 128M
mysql-1             | 2026-09-16 16:53:55 0 [Note] InnoDB: Completed initialization of buffer pool
mysql-1             | 2026-09-16 16:53:55 0 [Note] InnoDB: If the mysqld execution user is authorized, page cleaner thread priority can be changed. See the man page of setpriority().
mysql-1             | 2026-09-16 16:53:55 0 [Note] InnoDB: 128 out of 128 rollback segments are active.
mysql-1             | 2026-09-16 16:53:55 0 [Note] InnoDB: Creating shared tablespace for temporary tables
mysql-1             | 2026-09-16 16:53:55 0 [Note] InnoDB: Setting file './ibtmp1' size to 12 MB. Physically writing the file full; Please wait ...
mysql-1             | 2026-09-16 16:53:55 0 [Note] InnoDB: File './ibtmp1' size is now 12 MB.
mysql-1             | 2026-09-16 16:53:55 0 [Note] InnoDB: 10.3.8 started; log sequence number 1630824; transaction id 21
mysql-1             | 2026-09-16 16:53:55 0 [Note] InnoDB: Loading buffer pool(s) from /var/lib/mysql/ib_buffer_pool
client-cluster-2-1  | 16-Sep-2026 16:56:13 [boincserver] Computation for task exp_20260916T165346Z_baseline_medium_2_0 finished
client-cluster-2-1  | 16-Sep-2026 16:56:13 [boincserver] Elapsed time limit 50.000000 < 120.000000; setting to 43200.000000
client-cluster-2-1  | 16-Sep-2026 16:56:13 [boincserver] Starting task exp_20260916T165346Z_baseline_short_5_0
client-cluster-2-1  | 16-Sep-2026 16:56:13 [boincserver] Scheduler request completed: got 1 new tasks
client-cluster-2-1  | 16-Sep-2026 16:56:13 [boincserver] Project requested delay of 7 seconds
client-cluster-2-1  | 16-Sep-2026 16:56:15 [boincserver] Started upload of exp_20260916T165346Z_baseline_medium_2_0_r253633145_0
client-cluster-2-1  | 16-Sep-2026 16:56:17 [boincserver] Finished upload of exp_20260916T165346Z_baseline_medium_2_0_r253633145_0
client-cluster-2-1  | 16-Sep-2026 16:56:21 [boincserver] Computation for task exp_20260916T165346Z_baseline_short_5_0 finished
client-cluster-2-1  | 16-Sep-2026 16:56:21 [boincserver] Elapsed time limit 50.000000 < 120.000000; setting to 43200.000000
client-low-power-1  | 16-Sep-2026 16:55:58 [boincserver] Starting task exp_20260916T165346Z_baseline_short_2_0
client-low-power-1  | 16-Sep-2026 16:56:06 [boincserver] Computation for task exp_20260916T165346Z_baseline_short_2_0 finished
client-low-power-1  | 16-Sep-2026 16:56:06 [boincserver] Sending scheduler request: To report completed tasks.
client-low-power-1  | 16-Sep-2026 16:56:06 [boincserver] Reporting 1 completed tasks
client-low-power-1  | 16-Sep-2026 16:56:06 [boincserver] Requesting new tasks for CPU
client-cluster-2-1  | 16-Sep-2026 16:56:21 [boincserver] Starting task exp_20260916T165346Z_baseline_short_3_0
client-cluster-2-1  | 16-Sep-2026 16:56:23 [boincserver] Started upload of exp_20260916T165346Z_baseline_short_5_0_r733406117_0
client-cluster-2-1  | 16-Sep-2026 16:56:25 [boincserver] Finished upload of exp_20260916T165346Z_baseline_short_5_0_r733406117_0
client-cluster-2-1  | 16-Sep-2026 16:56:28 [boincserver] Computation for task exp_20260916T165346Z_baseline_short_3_0 finished
client-cluster-2-1  | 16-Sep-2026 16:56:28 [boincserver] Elapsed time limit 50.000000 < 120.000000; setting to 43200.000000
client-cluster-2-1  | 16-Sep-2026 16:56:28 [boincserver] Starting task exp_20260916T165346Z_baseline_short_12_0
client-cluster-2-1  | 16-Sep-2026 16:56:28 [boincserver] Sending scheduler request: To report completed tasks.
client-cluster-2-1  | 16-Sep-2026 16:56:28 [boincserver] Reporting 2 completed tasks
client-cluster-2-1  | 16-Sep-2026 16:56:28 [boincserver] Requesting new tasks for CPU
client-low-power-1  | 16-Sep-2026 16:56:08 [boincserver] Started upload of exp_20260916T165346Z_baseline_short_2_0_r369502062_0
client-low-power-1  | 16-Sep-2026 16:56:08 [boincserver] Scheduler request completed: got 1 new tasks
client-low-power-1  | 16-Sep-2026 16:56:08 [boincserver] Project requested delay of 7 seconds
client-low-power-1  | 16-Sep-2026 16:56:10 [boincserver] Finished upload of exp_20260916T165346Z_baseline_short_2_0_r369502062_0
client-low-power-1  | 16-Sep-2026 16:56:10 [boincserver] Starting task exp_20260916T165346Z_baseline_medium_6_0
client-low-power-1  | 16-Sep-2026 16:56:18 [boincserver] Sending scheduler request: To report completed tasks.
client-low-power-1  | 16-Sep-2026 16:56:18 [boincserver] Reporting 1 completed tasks
client-low-power-1  | 16-Sep-2026 16:56:18 [boincserver] Requesting new tasks for CPU
client-low-power-1  | 16-Sep-2026 16:56:32 [boincserver] Scheduler request completed: got 0 new tasks
client-phone-1      | 16-Sep-2026 16:56:03 [boincserver] This computer has reached a limit on tasks in progress
client-phone-1      | 16-Sep-2026 16:56:03 [boincserver] Project requested delay of 7 seconds
client-phone-1      | 16-Sep-2026 16:56:13 [boincserver] Computation for task exp_20260916T165346Z_baseline_medium_3_0 finished
client-phone-1      | 16-Sep-2026 16:56:13 [boincserver] Elapsed time limit 50.000000 < 120.000000; setting to 43200.000000
client-phone-1      | 16-Sep-2026 16:56:13 [boincserver] Starting task exp_20260916T165346Z_baseline_short_1_0
client-phone-1      | 16-Sep-2026 16:56:15 [boincserver] Started upload of exp_20260916T165346Z_baseline_medium_3_0_r456721909_0
client-phone-1      | 16-Sep-2026 16:56:17 [boincserver] Finished upload of exp_20260916T165346Z_baseline_medium_3_0_r456721909_0
client-cluster-2-1  | 16-Sep-2026 16:56:30 [boincserver] Started upload of exp_20260916T165346Z_baseline_short_3_0_r1989962444_0
client-cluster-2-1  | 16-Sep-2026 16:56:30 [boincserver] Scheduler request completed: got 0 new tasks
client-cluster-2-1  | 16-Sep-2026 16:56:30 [boincserver] Project has no tasks available
client-cluster-2-1  | 16-Sep-2026 16:56:30 [boincserver] Project requested delay of 7 seconds
client-cluster-2-1  | 16-Sep-2026 16:56:32 [boincserver] Finished upload of exp_20260916T165346Z_baseline_short_3_0_r1989962444_0
client-cluster-2-1  | 16-Sep-2026 16:56:48 [boincserver] Computation for task exp_20260916T165346Z_baseline_short_12_0 finished
client-cluster-2-1  | 16-Sep-2026 16:56:48 [boincserver] Starting task exp_20260916T165346Z_baseline_medium_9_0
client-cluster-2-1  | 16-Sep-2026 16:56:48 [boincserver] Sending scheduler request: To report completed tasks.
client-cluster-2-1  | 16-Sep-2026 16:56:48 [boincserver] Reporting 1 completed tasks
client-cluster-2-1  | 16-Sep-2026 16:56:48 [boincserver] Requesting new tasks for CPU
client-cluster-2-1  | 16-Sep-2026 16:56:50 [boincserver] Started upload of exp_20260916T165346Z_baseline_short_12_0_r589851923_0
client-cluster-2-1  | 16-Sep-2026 16:56:52 [boincserver] Finished upload of exp_20260916T165346Z_baseline_short_12_0_r589851923_0
client-cluster-2-1  | 16-Sep-2026 16:56:54 [boincserver] Scheduler request completed: got 0 new tasks
client-phone-2-1    | 16-Sep-2026 16:55:51 [boincserver] Scheduler request completed: got 0 new tasks
client-phone-2-1    | 16-Sep-2026 16:55:51 [boincserver] No tasks sent
client-phone-2-1    | 16-Sep-2026 16:55:51 [boincserver] This computer has reached a limit on tasks in progress
client-phone-2-1    | 16-Sep-2026 16:55:51 [boincserver] Project requested delay of 7 seconds
client-phone-2-1    | 16-Sep-2026 16:56:05 [boincserver] Computation for task exp_20260916T165346Z_baseline_medium_11_0 finished
client-phone-2-1    | 16-Sep-2026 16:56:05 [boincserver] Starting task exp_20260916T165346Z_baseline_medium_1_0
client-phone-1      | 16-Sep-2026 16:56:18 [boincserver] Sending scheduler request: To report completed tasks.
client-phone-1      | 16-Sep-2026 16:56:18 [boincserver] Reporting 1 completed tasks
client-phone-1      | 16-Sep-2026 16:56:18 [boincserver] Requesting new tasks for CPU
client-phone-1      | 16-Sep-2026 16:56:20 [boincserver] Scheduler request completed: got 1 new tasks
client-phone-1      | 16-Sep-2026 16:56:20 [boincserver] Project requested delay of 7 seconds
client-phone-1      | 16-Sep-2026 16:56:21 [boincserver] Computation for task exp_20260916T165346Z_baseline_short_1_0 finished
client-phone-1      | 16-Sep-2026 16:56:22 [boincserver] Starting task exp_20260916T165346Z_baseline_long_1_0
client-phone-1      | 16-Sep-2026 16:56:23 [boincserver] Started upload of exp_20260916T165346Z_baseline_short_1_0_r1443196930_0
client-phone-1      | 16-Sep-2026 16:56:25 [boincserver] Finished upload of exp_20260916T165346Z_baseline_short_1_0_r1443196930_0
client-phone-1      | 16-Sep-2026 16:56:41 [boincserver] Sending scheduler request: To report completed tasks.
client-phone-1      | 16-Sep-2026 16:56:41 [boincserver] Reporting 1 completed tasks
client-low-power-1  | 16-Sep-2026 16:56:32 [boincserver] Project has no tasks available
client-low-power-1  | 16-Sep-2026 16:56:32 [boincserver] Project requested delay of 7 seconds
client-low-power-1  | 16-Sep-2026 16:56:42 [boincserver] Sending scheduler request: To fetch work.
client-low-power-1  | 16-Sep-2026 16:56:42 [boincserver] Requesting new tasks for CPU
client-low-power-1  | 16-Sep-2026 16:56:43 [boincserver] Computation for task exp_20260916T165346Z_baseline_medium_6_0 finished
client-phone-1      | 16-Sep-2026 16:56:41 [boincserver] Requesting new tasks for CPU
client-phone-1      | 16-Sep-2026 16:56:43 [boincserver] Scheduler request completed: got 0 new tasks
client-phone-2-1    | 16-Sep-2026 16:56:07 [boincserver] Started upload of exp_20260916T165346Z_baseline_medium_11_0_r759927022_0
client-phone-2-1    | 16-Sep-2026 16:56:09 [boincserver] Finished upload of exp_20260916T165346Z_baseline_medium_11_0_r759927022_0
client-phone-2-1    | 16-Sep-2026 16:56:11 [boincserver] Sending scheduler request: To report completed tasks.
client-phone-2-1    | 16-Sep-2026 16:56:11 [boincserver] Reporting 1 completed tasks
client-phone-2-1    | 16-Sep-2026 16:56:11 [boincserver] Requesting new tasks for CPU
client-phone-2-1    | 16-Sep-2026 16:56:13 [boincserver] Scheduler request completed: got 1 new tasks
client-desktop-1    | 16-Sep-2026 16:57:10 [boincserver] Started upload of exp_20260916T165346Z_baseline_medium_5_0_r1363602064_0
client-desktop-1    | 16-Sep-2026 16:57:10 [boincserver] Sending scheduler request: To fetch work.
client-desktop-1    | 16-Sep-2026 16:57:10 [boincserver] Requesting new tasks for CPU
client-desktop-1    | 16-Sep-2026 16:57:12 [boincserver] Finished upload of exp_20260916T165346Z_baseline_medium_5_0_r1363602064_0
client-cluster-2-1  | 16-Sep-2026 16:56:54 [boincserver] Project has no tasks available
client-cluster-2-1  | 16-Sep-2026 16:56:54 [boincserver] Project requested delay of 7 seconds
client-cluster-2-1  | 16-Sep-2026 16:57:05 [boincserver] Sending scheduler request: To report completed tasks.
client-cluster-2-1  | 16-Sep-2026 16:57:05 [boincserver] Reporting 1 completed tasks
client-cluster-2-1  | 16-Sep-2026 16:57:05 [boincserver] Requesting new tasks for CPU
client-cluster-2-1  | 16-Sep-2026 16:57:07 [boincserver] Scheduler request completed: got 0 new tasks
client-cluster-2-1  | 16-Sep-2026 16:57:07 [boincserver] Project has no tasks available
client-cluster-2-1  | 16-Sep-2026 16:57:07 [boincserver] Project requested delay of 7 seconds
client-cluster-2-1  | 16-Sep-2026 16:57:27 [boincserver] Sending scheduler request: To fetch work.
client-cluster-2-1  | 16-Sep-2026 16:57:27 [boincserver] Requesting new tasks for CPU
client-cluster-2-1  | 16-Sep-2026 16:57:29 [boincserver] Computation for task exp_20260916T165346Z_baseline_medium_9_0 finished
client-cluster-2-1  | 16-Sep-2026 16:57:31 [boincserver] Started upload of exp_20260916T165346Z_baseline_medium_9_0_r1915693940_0
client-low-power-1  | 16-Sep-2026 16:56:44 [boincserver] Scheduler request completed: got 0 new tasks
client-low-power-1  | 16-Sep-2026 16:56:44 [boincserver] Project has no tasks available
client-low-power-1  | 16-Sep-2026 16:56:44 [boincserver] Project requested delay of 7 seconds
client-low-power-1  | 16-Sep-2026 16:56:45 [boincserver] Started upload of exp_20260916T165346Z_baseline_medium_6_0_r30692704_0
client-low-power-1  | 16-Sep-2026 16:56:47 [boincserver] Finished upload of exp_20260916T165346Z_baseline_medium_6_0_r30692704_0
client-low-power-1  | 16-Sep-2026 16:56:54 [boincserver] Sending scheduler request: To report completed tasks.
client-low-power-1  | 16-Sep-2026 16:56:54 [boincserver] Reporting 1 completed tasks
client-low-power-1  | 16-Sep-2026 16:56:54 [boincserver] Requesting new tasks for CPU
client-low-power-1  | 16-Sep-2026 16:57:08 [boincserver] Scheduler request completed: got 0 new tasks
client-low-power-1  | 16-Sep-2026 16:57:08 [boincserver] Project has no tasks available
client-low-power-1  | 16-Sep-2026 16:57:08 [boincserver] Project requested delay of 7 seconds
client-cluster-1    | 16-Sep-2026 16:56:14 [boincserver] Computation for task exp_20260916T165346Z_baseline_short_15_0 finished
client-cluster-1    | 16-Sep-2026 16:56:15 [boincserver] Started upload of exp_20260916T165346Z_baseline_short_16_0_r550512100_0
client-cluster-1    | 16-Sep-2026 16:56:16 [boincserver] Started upload of exp_20260916T165346Z_baseline_short_15_0_r789201683_0
client-cluster-1    | 16-Sep-2026 16:56:17 [boincserver] Finished upload of exp_20260916T165346Z_baseline_short_16_0_r550512100_0
client-cluster-1    | 16-Sep-2026 16:56:17 [boincserver] Finished upload of exp_20260916T165346Z_baseline_short_15_0_r789201683_0
client-cluster-1    | 16-Sep-2026 16:56:19 [boincserver] Computation for task exp_20260916T165346Z_baseline_medium_10_0 finished
client-cluster-1    | 16-Sep-2026 16:56:20 [boincserver] Scheduler request completed: got 2 new tasks
client-cluster-1    | 16-Sep-2026 16:56:20 [boincserver] Project requested delay of 7 seconds
client-cluster-1    | 16-Sep-2026 16:56:21 [boincserver] Started upload of exp_20260916T165346Z_baseline_medium_10_0_r636219319_0
client-cluster-1    | 16-Sep-2026 16:56:21 [boincserver] Computation for task exp_20260916T165346Z_baseline_short_14_0 finished
client-phone-1      | 16-Sep-2026 16:56:43 [boincserver] Project has no tasks available
client-phone-1      | 16-Sep-2026 16:56:43 [boincserver] Project requested delay of 7 seconds
client-phone-1      | 16-Sep-2026 16:56:53 [boincserver] Sending scheduler request: To fetch work.
client-phone-1      | 16-Sep-2026 16:56:53 [boincserver] Requesting new tasks for CPU
client-phone-1      | 16-Sep-2026 16:56:55 [boincserver] Scheduler request completed: got 0 new tasks
client-phone-1      | 16-Sep-2026 16:56:55 [boincserver] Project has no tasks available
client-phone-1      | 16-Sep-2026 16:56:55 [boincserver] Project requested delay of 7 seconds
client-phone-1      | 16-Sep-2026 16:58:36 [boincserver] Computation for task exp_20260916T165346Z_baseline_long_1_0 finished
client-phone-1      | 16-Sep-2026 16:58:38 [boincserver] Started upload of exp_20260916T165346Z_baseline_long_1_0_r1798164473_0
client-low-power-1  | 16-Sep-2026 16:57:18 [boincserver] Sending scheduler request: To fetch work.
client-low-power-1  | 16-Sep-2026 16:57:18 [boincserver] Requesting new tasks for CPU
client-low-power-1  | 16-Sep-2026 16:57:20 [boincserver] Scheduler request completed: got 0 new tasks
client-low-power-1  | 16-Sep-2026 16:57:20 [boincserver] Project has no tasks available
client-low-power-1  | 16-Sep-2026 16:57:20 [boincserver] Project requested delay of 7 seconds
client-desktop-1    | 16-Sep-2026 16:57:12 [boincserver] Scheduler request completed: got 0 new tasks
client-desktop-1    | 16-Sep-2026 16:57:12 [boincserver] Project has no tasks available
client-desktop-1    | 16-Sep-2026 16:57:12 [boincserver] Project requested delay of 7 seconds
client-desktop-1    | 16-Sep-2026 16:57:23 [boincserver] Sending scheduler request: To report completed tasks.
client-desktop-1    | 16-Sep-2026 16:57:23 [boincserver] Reporting 1 completed tasks
client-desktop-1    | 16-Sep-2026 16:57:23 [boincserver] Requesting new tasks for CPU
client-desktop-1    | 16-Sep-2026 16:57:37 [boincserver] Scheduler request completed: got 0 new tasks
client-desktop-1    | 16-Sep-2026 16:57:37 [boincserver] Project has no tasks available
client-desktop-1    | 16-Sep-2026 16:57:37 [boincserver] Project requested delay of 7 seconds
client-desktop-1    | 16-Sep-2026 16:57:39 [boincserver] Computation for task exp_20260916T165346Z_baseline_long_2_0 finished
mysql-1             | 2026-09-16 16:53:55 0 [Note] Plugin 'FEEDBACK' is disabled.
mysql-1             | 2026-09-16 16:53:55 0 [Note] InnoDB: Buffer pool(s) load completed at 260916 16:53:55
mysql-1             | 2026-09-16 16:53:55 0 [Note] Server socket created on IP: '::'.
mysql-1             | 2026-09-16 16:53:55 0 [Warning] 'proxies_priv' entry '@% root@838ff0df00d3' ignored in --skip-name-resolve mode.
mysql-1             | 2026-09-16 16:53:55 0 [Note] Reading of all Master_info entries succeded
mysql-1             | 2026-09-16 16:53:55 0 [Note] Added new Master_info '' to hash table
mysql-1             | 2026-09-16 16:53:55 0 [Note] mysqld: ready for connections.
mysql-1             | Version: '10.3.8-MariaDB-1:10.3.8+maria~bionic'  socket: '/var/run/mysqld/mysqld.sock'  port: 3306  mariadb.org binary distribution
mysql-1             | 2026-09-16 16:54:01 8 [Warning] Access denied for user 'boincadm'@'172.21.0.2' (using password: NO)
client-desktop-1    | 16-Sep-2026 16:57:41 [boincserver] Started upload of exp_20260916T165346Z_baseline_long_2_0_r1903419760_0
client-desktop-1    | 16-Sep-2026 16:57:43 [boincserver] Finished upload of exp_20260916T165346Z_baseline_long_2_0_r1903419760_0
client-desktop-1    | 16-Sep-2026 16:57:47 [boincserver] Sending scheduler request: To report completed tasks.
client-desktop-1    | 16-Sep-2026 16:57:47 [boincserver] Reporting 1 completed tasks
client-desktop-1    | 16-Sep-2026 16:57:47 [boincserver] Requesting new tasks for CPU
client-desktop-1    | 16-Sep-2026 16:57:54 [boincserver] Scheduler request completed: got 0 new tasks
client-desktop-1    | 16-Sep-2026 16:57:54 [boincserver] Project has no tasks available
client-desktop-1    | 16-Sep-2026 16:57:54 [boincserver] Project requested delay of 7 seconds
client-phone-1      | 16-Sep-2026 16:58:40 [boincserver] Finished upload of exp_20260916T165346Z_baseline_long_1_0_r1798164473_0
client-phone-1      | 16-Sep-2026 16:58:44 [boincserver] Sending scheduler request: To report completed tasks.
client-phone-1      | 16-Sep-2026 16:58:44 [boincserver] Reporting 1 completed tasks
client-phone-1      | 16-Sep-2026 16:58:44 [boincserver] Requesting new tasks for CPU
client-phone-1      | 16-Sep-2026 16:58:46 [boincserver] Scheduler request completed: got 0 new tasks
client-phone-1      | 16-Sep-2026 16:58:46 [boincserver] Project has no tasks available
client-phone-1      | 16-Sep-2026 16:58:46 [boincserver] Project requested delay of 7 seconds
client-cluster-1    | 16-Sep-2026 16:56:22 [boincserver] Starting task exp_20260916T165346Z_baseline_long_3_0
client-cluster-1    | 16-Sep-2026 16:56:22 [boincserver] Starting task exp_20260916T165346Z_baseline_medium_12_0
client-desktop-1    | 16-Sep-2026 16:58:14 [boincserver] Sending scheduler request: To fetch work.
client-desktop-1    | 16-Sep-2026 16:58:14 [boincserver] Requesting new tasks for CPU
client-desktop-1    | 16-Sep-2026 16:58:21 [boincserver] Scheduler request completed: got 0 new tasks
client-desktop-1    | 16-Sep-2026 16:58:21 [boincserver] Project has no tasks available
client-cluster-1    | 16-Sep-2026 16:56:23 [boincserver] Finished upload of exp_20260916T165346Z_baseline_medium_10_0_r636219319_0
client-cluster-1    | 16-Sep-2026 16:56:23 [boincserver] Started upload of exp_20260916T165346Z_baseline_short_14_0_r1366413634_0
client-cluster-1    | 16-Sep-2026 16:56:25 [boincserver] Finished upload of exp_20260916T165346Z_baseline_short_14_0_r1366413634_0
client-cluster-1    | 16-Sep-2026 16:56:39 [boincserver] Sending scheduler request: To report completed tasks.
client-cluster-1    | 16-Sep-2026 16:56:39 [boincserver] Reporting 4 completed tasks
client-cluster-1    | 16-Sep-2026 16:56:39 [boincserver] Requesting new tasks for CPU
client-cluster-1    | 16-Sep-2026 16:56:41 [boincserver] Computation for task exp_20260916T165346Z_baseline_medium_4_0 finished
client-cluster-1    | 16-Sep-2026 16:56:41 [boincserver] Scheduler request completed: got 0 new tasks
client-cluster-1    | 16-Sep-2026 16:56:41 [boincserver] Project has no tasks available
client-cluster-1    | 16-Sep-2026 16:56:41 [boincserver] Project requested delay of 7 seconds
client-cluster-1    | 16-Sep-2026 16:56:43 [boincserver] Started upload of exp_20260916T165346Z_baseline_medium_4_0_r1348997295_0
client-cluster-1    | 16-Sep-2026 16:56:45 [boincserver] Finished upload of exp_20260916T165346Z_baseline_medium_4_0_r1348997295_0
client-cluster-1    | 16-Sep-2026 16:56:51 [boincserver] Sending scheduler request: To report completed tasks.
client-cluster-1    | 16-Sep-2026 16:56:51 [boincserver] Reporting 1 completed tasks
client-cluster-1    | 16-Sep-2026 16:56:51 [boincserver] Requesting new tasks for CPU
client-cluster-1    | 16-Sep-2026 16:56:53 [boincserver] Scheduler request completed: got 0 new tasks
client-cluster-1    | 16-Sep-2026 16:56:53 [boincserver] Project has no tasks available
client-cluster-1    | 16-Sep-2026 16:56:53 [boincserver] Project requested delay of 7 seconds
client-phone-2-1    | 16-Sep-2026 16:56:13 [boincserver] Project requested delay of 7 seconds
client-phone-2-1    | 16-Sep-2026 16:56:23 [boincserver] Sending scheduler request: To fetch work.
client-phone-2-1    | 16-Sep-2026 16:56:23 [boincserver] Requesting new tasks for CPU
client-cluster-1    | 16-Sep-2026 16:56:56 [boincserver] Computation for task exp_20260916T165346Z_baseline_medium_12_0 finished
client-cluster-1    | 16-Sep-2026 16:56:58 [boincserver] Started upload of exp_20260916T165346Z_baseline_medium_12_0_r1033269432_0
client-cluster-1    | 16-Sep-2026 16:57:00 [boincserver] Finished upload of exp_20260916T165346Z_baseline_medium_12_0_r1033269432_0
client-cluster-1    | 16-Sep-2026 16:57:03 [boincserver] Sending scheduler request: To report completed tasks.
mysql-1             | 2026-09-16 16:55:01 50 [Warning] Aborted connection 50 to db: 'boincserver' user: 'root' host: '172.21.0.4' (Got an error reading communication packets)
mysql-1             | 2026-09-16 16:55:01 52 [Warning] Aborted connection 52 to db: 'boincserver' user: 'root' host: '172.21.0.4' (Got an error reading communication packets)
client-cluster-2-1  | 16-Sep-2026 16:57:33 [boincserver] Finished upload of exp_20260916T165346Z_baseline_medium_9_0_r1915693940_0
client-cluster-2-1  | 16-Sep-2026 16:57:33 [boincserver] Scheduler request completed: got 0 new tasks
client-cluster-1    | 16-Sep-2026 16:57:03 [boincserver] Reporting 1 completed tasks
client-cluster-1    | 16-Sep-2026 16:57:03 [boincserver] Requesting new tasks for CPU
client-cluster-1    | 16-Sep-2026 16:57:21 [boincserver] Scheduler request completed: got 0 new tasks
client-cluster-1    | 16-Sep-2026 16:57:21 [boincserver] Project has no tasks available
client-cluster-1    | 16-Sep-2026 16:57:21 [boincserver] Project requested delay of 7 seconds
client-cluster-2-1  | 16-Sep-2026 16:57:33 [boincserver] Project has no tasks available
client-cluster-2-1  | 16-Sep-2026 16:57:33 [boincserver] Project requested delay of 7 seconds
client-cluster-2-1  | 16-Sep-2026 16:57:43 [boincserver] Sending scheduler request: To report completed tasks.
client-cluster-2-1  | 16-Sep-2026 16:57:43 [boincserver] Reporting 1 completed tasks
client-desktop-1    | 16-Sep-2026 16:58:21 [boincserver] Project requested delay of 7 seconds
client-cluster-2-1  | 16-Sep-2026 16:57:43 [boincserver] Requesting new tasks for CPU
client-cluster-2-1  | 16-Sep-2026 16:57:44 [boincserver] Computation for task exp_20260916T165346Z_baseline_long_4_0 finished
client-cluster-2-1  | 16-Sep-2026 16:57:45 [boincserver] Computation for task exp_20260916T165346Z_baseline_long_6_0 finished
client-cluster-1    | 16-Sep-2026 16:57:31 [boincserver] Sending scheduler request: To fetch work.
client-cluster-1    | 16-Sep-2026 16:57:31 [boincserver] Requesting new tasks for CPU
client-cluster-1    | 16-Sep-2026 16:57:38 [boincserver] Scheduler request completed: got 0 new tasks
client-cluster-1    | 16-Sep-2026 16:57:38 [boincserver] Project has no tasks available
client-cluster-2-1  | 16-Sep-2026 16:57:45 [boincserver] Scheduler request completed: got 0 new tasks
client-cluster-2-1  | 16-Sep-2026 16:57:45 [boincserver] Project has no tasks available
client-cluster-2-1  | 16-Sep-2026 16:57:45 [boincserver] Project requested delay of 7 seconds
client-phone-2-1    | 16-Sep-2026 16:56:30 [boincserver] Scheduler request completed: got 0 new tasks
client-phone-2-1    | 16-Sep-2026 16:56:30 [boincserver] Project has no tasks available
client-cluster-2-1  | 16-Sep-2026 16:57:46 [boincserver] Started upload of exp_20260916T165346Z_baseline_long_4_0_r708829127_0
client-cluster-2-1  | 16-Sep-2026 16:57:47 [boincserver] Started upload of exp_20260916T165346Z_baseline_long_6_0_r1244078477_0
client-cluster-2-1  | 16-Sep-2026 16:57:48 [boincserver] Finished upload of exp_20260916T165346Z_baseline_long_4_0_r708829127_0
client-cluster-2-1  | 16-Sep-2026 16:57:48 [boincserver] Finished upload of exp_20260916T165346Z_baseline_long_6_0_r1244078477_0
client-cluster-2-1  | 16-Sep-2026 16:58:04 [boincserver] Computation for task exp_20260916T165346Z_baseline_long_5_0 finished
client-cluster-2-1  | 16-Sep-2026 16:58:04 [boincserver] Sending scheduler request: To report completed tasks.
client-cluster-2-1  | 16-Sep-2026 16:58:04 [boincserver] Reporting 2 completed tasks
client-cluster-2-1  | 16-Sep-2026 16:58:04 [boincserver] Requesting new tasks for CPU
client-cluster-2-1  | 16-Sep-2026 16:58:06 [boincserver] Started upload of exp_20260916T165346Z_baseline_long_5_0_r1971194631_0
client-cluster-2-1  | 16-Sep-2026 16:58:08 [boincserver] Finished upload of exp_20260916T165346Z_baseline_long_5_0_r1971194631_0
client-cluster-2-1  | 16-Sep-2026 16:58:11 [boincserver] Scheduler request completed: got 0 new tasks
client-cluster-2-1  | 16-Sep-2026 16:58:11 [boincserver] Project has no tasks available
client-cluster-2-1  | 16-Sep-2026 16:58:11 [boincserver] Project requested delay of 7 seconds
client-cluster-2-1  | 16-Sep-2026 16:58:21 [boincserver] Sending scheduler request: To report completed tasks.
client-cluster-2-1  | 16-Sep-2026 16:58:21 [boincserver] Reporting 1 completed tasks
client-cluster-2-1  | 16-Sep-2026 16:58:21 [boincserver] Requesting new tasks for CPU
client-cluster-2-1  | 16-Sep-2026 16:58:28 [boincserver] Scheduler request completed: got 0 new tasks
client-cluster-2-1  | 16-Sep-2026 16:58:28 [boincserver] Project has no tasks available
client-phone-2-1    | 16-Sep-2026 16:56:30 [boincserver] Project requested delay of 7 seconds
client-phone-2-1    | 16-Sep-2026 16:56:38 [boincserver] Computation for task exp_20260916T165346Z_baseline_medium_1_0 finished
client-phone-2-1    | 16-Sep-2026 16:56:38 [boincserver] Starting task exp_20260916T165346Z_baseline_medium_7_0
client-phone-2-1    | 16-Sep-2026 16:56:52 [boincserver] Started upload of exp_20260916T165346Z_baseline_medium_1_0_r482177702_0
client-phone-2-1    | 16-Sep-2026 16:56:54 [boincserver] Finished upload of exp_20260916T165346Z_baseline_medium_1_0_r482177702_0
client-phone-2-1    | 16-Sep-2026 16:56:56 [boincserver] Sending scheduler request: To report completed tasks.
client-cluster-1    | 16-Sep-2026 16:57:38 [boincserver] Project requested delay of 7 seconds
client-cluster-1    | 16-Sep-2026 16:58:33 [boincserver] Computation for task exp_20260916T165346Z_baseline_long_3_0 finished
client-cluster-1    | 16-Sep-2026 16:58:35 [boincserver] Started upload of exp_20260916T165346Z_baseline_long_3_0_r1638100208_0
client-cluster-1    | 16-Sep-2026 16:58:37 [boincserver] Finished upload of exp_20260916T165346Z_baseline_long_3_0_r1638100208_0
client-cluster-1    | 16-Sep-2026 16:58:41 [boincserver] Sending scheduler request: To report completed tasks.
client-cluster-1    | 16-Sep-2026 16:58:41 [boincserver] Reporting 1 completed tasks
client-cluster-1    | 16-Sep-2026 16:58:41 [boincserver] Requesting new tasks for CPU
client-cluster-1    | 16-Sep-2026 16:58:43 [boincserver] Scheduler request completed: got 0 new tasks
client-phone-2-1    | 16-Sep-2026 16:56:56 [boincserver] Reporting 1 completed tasks
client-phone-2-1    | 16-Sep-2026 16:56:56 [boincserver] Requesting new tasks for CPU
client-cluster-1    | 16-Sep-2026 16:58:43 [boincserver] Project has no tasks available
client-cluster-1    | 16-Sep-2026 16:58:43 [boincserver] Project requested delay of 7 seconds
client-cluster-1    | 16-Sep-2026 16:58:54 [boincserver] Sending scheduler request: To fetch work.
client-cluster-1    | 16-Sep-2026 16:58:54 [boincserver] Requesting new tasks for CPU
client-phone-2-1    | 16-Sep-2026 16:56:58 [boincserver] Scheduler request completed: got 0 new tasks
client-phone-2-1    | 16-Sep-2026 16:56:58 [boincserver] Project has no tasks available
client-cluster-2-1  | 16-Sep-2026 16:58:28 [boincserver] Project requested delay of 7 seconds
client-phone-2-1    | 16-Sep-2026 16:56:58 [boincserver] Project requested delay of 7 seconds
client-phone-2-1    | 16-Sep-2026 16:57:08 [boincserver] Sending scheduler request: To fetch work.
client-phone-2-1    | 16-Sep-2026 16:57:08 [boincserver] Requesting new tasks for CPU
client-phone-2-1    | 16-Sep-2026 16:57:10 [boincserver] Scheduler request completed: got 0 new tasks
client-phone-2-1    | 16-Sep-2026 16:57:10 [boincserver] Project has no tasks available
client-cluster-2-1  | 16-Sep-2026 16:58:41 [boincserver] Sending scheduler request: To fetch work.
client-cluster-2-1  | 16-Sep-2026 16:58:41 [boincserver] Requesting new tasks for CPU
client-phone-2-1    | 16-Sep-2026 16:57:10 [boincserver] Project requested delay of 7 seconds
client-phone-2-1    | 16-Sep-2026 16:57:12 [boincserver] Computation for task exp_20260916T165346Z_baseline_medium_7_0 finished
client-cluster-2-1  | 16-Sep-2026 16:58:43 [boincserver] Scheduler request completed: got 0 new tasks
client-cluster-2-1  | 16-Sep-2026 16:58:43 [boincserver] Project has no tasks available
client-cluster-2-1  | 16-Sep-2026 16:58:43 [boincserver] Project requested delay of 7 seconds
client-phone-2-1    | 16-Sep-2026 16:57:14 [boincserver] Started upload of exp_20260916T165346Z_baseline_medium_7_0_r1770654405_0
client-phone-2-1    | 16-Sep-2026 16:57:29 [boincserver] Finished upload of exp_20260916T165346Z_baseline_medium_7_0_r1770654405_0
client-phone-2-1    | 16-Sep-2026 16:57:29 [boincserver] Sending scheduler request: To report completed tasks.
client-phone-2-1    | 16-Sep-2026 16:57:29 [boincserver] Reporting 1 completed tasks
client-phone-2-1    | 16-Sep-2026 16:57:29 [boincserver] Requesting new tasks for CPU
client-phone-2-1    | 16-Sep-2026 16:57:36 [boincserver] Scheduler request completed: got 0 new tasks
client-phone-2-1    | 16-Sep-2026 16:57:36 [boincserver] Project has no tasks available
client-phone-2-1    | 16-Sep-2026 16:57:36 [boincserver] Project requested delay of 7 seconds
client-phone-2-1    | 16-Sep-2026 16:57:46 [boincserver] Sending scheduler request: To fetch work.
client-phone-2-1    | 16-Sep-2026 16:57:46 [boincserver] Requesting new tasks for CPU
client-phone-2-1    | 16-Sep-2026 16:57:48 [boincserver] Scheduler request completed: got 0 new tasks
client-phone-2-1    | 16-Sep-2026 16:57:48 [boincserver] Project has no tasks available
client-phone-2-1    | 16-Sep-2026 16:57:48 [boincserver] Project requested delay of 7 seconds
