client-low-power-1  | 17-Sep-2026 09:56:39 [---] Starting BOINC client version 7.20.5 for aarch64-unknown-linux-gnu
client-low-power-1  | 17-Sep-2026 09:56:39 [---] This a development version of BOINC and may not function properly
client-low-power-1  | 17-Sep-2026 09:56:39 [---] log flags: file_xfer, sched_ops, task
client-low-power-1  | 17-Sep-2026 09:56:39 [---] Libraries: libcurl/7.88.1 OpenSSL/3.0.20 zlib/1.2.13 brotli/1.0.9 zstd/1.5.4 libidn2/2.3.3 libpsl/0.21.2 (+libidn2/2.3.3) libssh2/1.10.0 nghttp2/1.52.0 librtmp/2.3 OpenLDAP/2.5.13
client-low-power-1  | 17-Sep-2026 09:56:39 [---] Data directory: /var/lib/boinc-client
client-low-power-1  | 17-Sep-2026 09:56:39 [---] No usable GPUs found
client-low-power-1  | 17-Sep-2026 09:56:39 [---] Creating new client state file
client-low-power-1  | 17-Sep-2026 09:56:39 [---] libc:  version 2.36
client-low-power-1  | 17-Sep-2026 09:56:39 [---] Host name: low-power-01
client-low-power-1  | 17-Sep-2026 09:56:39 [---] Processor: 1 ARM  [Impl 0x61 Arch 8 Variant 0x0 Part 0x000 Rev 0]
client-cluster-1    | 17-Sep-2026 09:56:39 [---] Starting BOINC client version 7.20.5 for aarch64-unknown-linux-gnu
client-low-power-1  | 17-Sep-2026 09:56:39 [---] Processor features: fp asimd evtstrm aes pmull sha1 sha2 crc32 atomics fphp asimdhp cpuid asimdrdm jscvt fcma lrcpc dcpop sha3 asimddp sha512 asimdfhm dit uscat ilrcpc flagm sb paca pacg dcpodp flagm2 frint i8mm bf16 bti afp
client-low-power-1  | 17-Sep-2026 09:56:39 [---] OS: Linux Debian GNU/Linux: Debian GNU/Linux 12 (bookworm) [6.8.0-100-generic|libc 2.36]
client-low-power-1  | 17-Sep-2026 09:56:39 [---] Memory: 9.69 GB physical, 0 bytes virtual
client-low-power-1  | 17-Sep-2026 09:56:39 [---] Disk: 18.33 GB total, 15.27 GB free
client-low-power-1  | 17-Sep-2026 09:56:39 [---] Local time is UTC +0 hours
client-low-power-1  | 17-Sep-2026 09:56:39 [---] Config: GUI RPC allowed from any host
client-low-power-1  | 17-Sep-2026 09:56:39 [---] Config: simulate 1 CPUs
client-low-power-1  | 17-Sep-2026 09:56:39 [---] Config: report completed tasks immediately
client-low-power-1  | 17-Sep-2026 09:56:39 [---] No general preferences found - using defaults
client-low-power-1  | 17-Sep-2026 09:56:39 [---] Reading preferences override file
client-low-power-1  | 17-Sep-2026 09:56:39 [---] Preferences:
client-low-power-1  | 17-Sep-2026 09:56:39 [---]    max memory usage when active: 8929.14 MB
client-low-power-1  | 17-Sep-2026 09:56:39 [---]    max memory usage when idle: 8929.14 MB
client-low-power-1  | 17-Sep-2026 09:56:39 [---]    max disk usage: 2.00 GB
client-low-power-1  | 17-Sep-2026 09:56:39 [---]    don't use GPU while active
client-low-power-1  | 17-Sep-2026 09:56:39 [---]    suspend work if non-BOINC CPU load exceeds 25%
client-low-power-1  | 17-Sep-2026 09:56:39 [---]    (to change preferences, visit a project web site or select Preferences in the Manager)
client-low-power-1  | 17-Sep-2026 09:56:39 [---] Setting up project and slot directories
client-low-power-1  | dir_open: Could not open directory 'slots' from '/var/lib/boinc-client'.
client-low-power-1  | 17-Sep-2026 09:56:39 [---] Checking active tasks
client-low-power-1  | 17-Sep-2026 09:56:39 [---] Setting up GUI RPC socket
client-low-power-1  | 17-Sep-2026 09:56:39 [---] Checking presence of 0 project files
client-low-power-1  | 17-Sep-2026 09:56:39 [---] This computer is not attached to any projects
client-low-power-1  | 17-Sep-2026 09:56:39 Initialization completed
client-phone-1      | 17-Sep-2026 09:56:39 [---] Starting BOINC client version 7.20.5 for aarch64-unknown-linux-gnu
client-phone-1      | 17-Sep-2026 09:56:39 [---] This a development version of BOINC and may not function properly
client-phone-1      | 17-Sep-2026 09:56:39 [---] log flags: file_xfer, sched_ops, task
apache-1            | /usr/lib/python2.7/dist-packages/supervisor/options.py:461: UserWarning: Supervisord is running as root and it is searching for its configuration file in default locations (including its current working directory); you probably want to specify a "-c" argument specifying an absolute path to a configuration file for improved security.
apache-1            |   'Supervisord is running as root and it is searching '
apache-1            | 2026-09-17 09:54:43,062 CRIT Supervisor is running as root.  Privileges were not dropped because no user is specified in the config file.  If you intend to run as root, you can set user=root in the config file to avoid this message.
apache-1            | 2026-09-17 09:54:43,062 INFO Included extra file "/etc/supervisor/conf.d/supervisord.conf" during parsing
apache-1            | 2026-09-17 09:54:43,066 INFO RPC interface 'supervisor' initialized
client-phone-1      | 17-Sep-2026 09:56:39 [---] Libraries: libcurl/7.88.1 OpenSSL/3.0.20 zlib/1.2.13 brotli/1.0.9 zstd/1.5.4 libidn2/2.3.3 libpsl/0.21.2 (+libidn2/2.3.3) libssh2/1.10.0 nghttp2/1.52.0 librtmp/2.3 OpenLDAP/2.5.13
client-cluster-2-1  | 17-Sep-2026 09:56:34 [---] Starting BOINC client version 7.20.5 for aarch64-unknown-linux-gnu
client-cluster-2-1  | 17-Sep-2026 09:56:34 [---] This a development version of BOINC and may not function properly
client-phone-1      | 17-Sep-2026 09:56:39 [---] Data directory: /var/lib/boinc-client
client-phone-1      | 17-Sep-2026 09:56:39 [---] No usable GPUs found
makeproject-1       | Updating project files in data volume...
makeproject-1       | Waiting for MySQL server to start...
makeproject-1       | Creating database...
makeproject-1       | added platform: (create_time, name, user_friendly_name) values (1789638893, 'windows_intelx86', 'Microsoft Windows (98 or later) running on an Intel x86-compatible CPU')
client-cluster-1    | 17-Sep-2026 09:56:39 [---] This a development version of BOINC and may not function properly
client-cluster-1    | 17-Sep-2026 09:56:39 [---] log flags: file_xfer, sched_ops, task
apache-1            | 2026-09-17 09:54:43,066 CRIT Server 'unix_http_server' running without any HTTP authentication checking
apache-1            | 2026-09-17 09:54:43,066 INFO supervisord started with pid 1
apache-1            | 2026-09-17 09:54:44,072 INFO spawned: 'cron' with pid 9
apache-1            | 2026-09-17 09:54:44,073 INFO spawned: 'start' with pid 10
mysql-1             | Initializing database
mysql-1             | 
mysql-1             | 
mysql-1             | PLEASE REMEMBER TO SET A PASSWORD FOR THE MariaDB root USER !
mysql-1             | To do so, start the server, then issue the following commands:
mysql-1             | 
mysql-1             | '/usr/bin/mysqladmin' -u root password 'new-password'
mysql-1             | '/usr/bin/mysqladmin' -u root -h  password 'new-password'
mysql-1             | 
mysql-1             | Alternatively you can run:
mysql-1             | '/usr/bin/mysql_secure_installation'
client-cluster-2-1  | 17-Sep-2026 09:56:34 [---] log flags: file_xfer, sched_ops, task
client-cluster-2-1  | 17-Sep-2026 09:56:34 [---] Libraries: libcurl/7.88.1 OpenSSL/3.0.20 zlib/1.2.13 brotli/1.0.9 zstd/1.5.4 libidn2/2.3.3 libpsl/0.21.2 (+libidn2/2.3.3) libssh2/1.10.0 nghttp2/1.52.0 librtmp/2.3 OpenLDAP/2.5.13
client-phone-1      | 17-Sep-2026 09:56:39 [---] Creating new client state file
client-phone-1      | 17-Sep-2026 09:56:39 [---] libc:  version 2.36
client-phone-1      | 17-Sep-2026 09:56:39 [---] Host name: phone-01
client-phone-1      | 17-Sep-2026 09:56:39 [---] Processor: 1 ARM  [Impl 0x61 Arch 8 Variant 0x0 Part 0x000 Rev 0]
client-phone-1      | 17-Sep-2026 09:56:39 [---] Processor features: fp asimd evtstrm aes pmull sha1 sha2 crc32 atomics fphp asimdhp cpuid asimdrdm jscvt fcma lrcpc dcpop sha3 asimddp sha512 asimdfhm dit uscat ilrcpc flagm sb paca pacg dcpodp flagm2 frint i8mm bf16 bti afp
client-phone-1      | 17-Sep-2026 09:56:39 [---] OS: Linux Debian GNU/Linux: Debian GNU/Linux 12 (bookworm) [6.8.0-100-generic|libc 2.36]
client-phone-1      | 17-Sep-2026 09:56:39 [---] Memory: 9.69 GB physical, 0 bytes virtual
client-phone-1      | 17-Sep-2026 09:56:39 [---] Disk: 18.33 GB total, 15.27 GB free
mysql-1             | 
mysql-1             | which will also give you the option of removing the test
mysql-1             | databases and anonymous user created by default.  This is
mysql-1             | strongly recommended for production servers.
mysql-1             | 
mysql-1             | See the MariaDB Knowledgebase at http://mariadb.com/kb or the
mysql-1             | MySQL manual for more instructions.
mysql-1             | 
mysql-1             | Please report any problems at http://mariadb.org/jira
mysql-1             | 
mysql-1             | The latest information about MariaDB is available at http://mariadb.org/.
client-phone-1      | 17-Sep-2026 09:56:39 [---] Local time is UTC +0 hours
client-phone-1      | 17-Sep-2026 09:56:39 [---] Config: GUI RPC allowed from any host
client-phone-1      | 17-Sep-2026 09:56:39 [---] Config: simulate 1 CPUs
client-phone-1      | 17-Sep-2026 09:56:39 [---] Config: report completed tasks immediately
client-phone-1      | 17-Sep-2026 09:56:39 [---] No general preferences found - using defaults
client-phone-1      | 17-Sep-2026 09:56:39 [---] Reading preferences override file
client-phone-1      | 17-Sep-2026 09:56:39 [---] Preferences:
client-cluster-2-1  | 17-Sep-2026 09:56:34 [---] Data directory: /var/lib/boinc-client
client-cluster-2-1  | 17-Sep-2026 09:56:34 [---] No usable GPUs found
client-cluster-2-1  | 17-Sep-2026 09:56:34 [---] Creating new client state file
client-cluster-2-1  | 17-Sep-2026 09:56:34 [---] libc:  version 2.36
client-cluster-2-1  | 17-Sep-2026 09:56:34 [---] Host name: cluster-02
client-cluster-2-1  | 17-Sep-2026 09:56:34 [---] Processor: 4 ARM  [Impl 0x61 Arch 8 Variant 0x0 Part 0x000 Rev 0]
client-cluster-2-1  | 17-Sep-2026 09:56:34 [---] Processor features: fp asimd evtstrm aes pmull sha1 sha2 crc32 atomics fphp asimdhp cpuid asimdrdm jscvt fcma lrcpc dcpop sha3 asimddp sha512 asimdfhm dit uscat ilrcpc flagm sb paca pacg dcpodp flagm2 frint i8mm bf16 bti afp
client-cluster-2-1  | 17-Sep-2026 09:56:34 [---] OS: Linux Debian GNU/Linux: Debian GNU/Linux 12 (bookworm) [6.8.0-100-generic|libc 2.36]
client-cluster-2-1  | 17-Sep-2026 09:56:34 [---] Memory: 9.69 GB physical, 0 bytes virtual
client-cluster-2-1  | 17-Sep-2026 09:56:34 [---] Disk: 18.33 GB total, 15.27 GB free
client-phone-2-1    | 17-Sep-2026 09:56:34 [---] Starting BOINC client version 7.20.5 for aarch64-unknown-linux-gnu
client-phone-2-1    | 17-Sep-2026 09:56:34 [---] This a development version of BOINC and may not function properly
makeproject-1       | added platform: (create_time, name, user_friendly_name) values (1789638893, 'windows_x86_64', 'Microsoft Windows running on an AMD x86_64 or Intel EM64T CPU')
makeproject-1       | added platform: (create_time, name, user_friendly_name) values (1789638893, 'windows_arm64', 'Microsoft Windows running on ARM 64-bit')
makeproject-1       | added platform: (create_time, name, user_friendly_name) values (1789638893, 'i686-pc-linux-gnu', 'Linux running on an Intel x86-compatible CPU')
client-cluster-2-1  | 17-Sep-2026 09:56:34 [---] Local time is UTC +0 hours
client-cluster-2-1  | 17-Sep-2026 09:56:34 [---] Config: GUI RPC allowed from any host
client-cluster-2-1  | 17-Sep-2026 09:56:34 [---] Config: simulate 4 CPUs
client-cluster-2-1  | 17-Sep-2026 09:56:34 [---] Config: report completed tasks immediately
client-cluster-2-1  | 17-Sep-2026 09:56:34 [---] No general preferences found - using defaults
client-cluster-2-1  | 17-Sep-2026 09:56:34 [---] Reading preferences override file
client-cluster-2-1  | 17-Sep-2026 09:56:34 [---] Preferences:
client-phone-1      | 17-Sep-2026 09:56:39 [---]    max memory usage when active: 8929.14 MB
client-phone-1      | 17-Sep-2026 09:56:39 [---]    max memory usage when idle: 8929.14 MB
client-phone-1      | 17-Sep-2026 09:56:39 [---]    max disk usage: 2.00 GB
client-phone-1      | 17-Sep-2026 09:56:39 [---]    don't use GPU while active
apache-1            | 2026-09-17 09:54:44,075 INFO spawned: 'rsyslogd' with pid 11
apache-1            | 2026-09-17 09:54:44,077 INFO spawned: 'apache2' with pid 12
apache-1            | 2026-09-17 09:54:46,049 INFO success: cron entered RUNNING state, process has stayed up for > than 1 seconds (startsecs)
apache-1            | 2026-09-17 09:54:46,049 INFO success: start entered RUNNING state, process has stayed up for > than 1 seconds (startsecs)
apache-1            | 2026-09-17 09:54:46,049 INFO success: rsyslogd entered RUNNING state, process has stayed up for > than 1 seconds (startsecs)
apache-1            | 2026-09-17 09:54:46,049 INFO success: apache2 entered RUNNING state, process has stayed up for > than 1 seconds (startsecs)
apache-1            | 2026-09-17 09:55:04,573 INFO reaped unknown pid 70
apache-1            | 2026-09-17 09:55:04,573 INFO reaped unknown pid 72
client-phone-1      | 17-Sep-2026 09:56:39 [---]    suspend work if non-BOINC CPU load exceeds 25%
client-phone-1      | 17-Sep-2026 09:56:39 [---]    (to change preferences, visit a project web site or select Preferences in the Manager)
client-phone-1      | 17-Sep-2026 09:56:39 [---] Setting up project and slot directories
client-phone-1      | dir_open: Could not open directory 'slots' from '/var/lib/boinc-client'.
client-phone-1      | 17-Sep-2026 09:56:39 [---] Checking active tasks
client-cluster-1    | 17-Sep-2026 09:56:39 [---] Libraries: libcurl/7.88.1 OpenSSL/3.0.20 zlib/1.2.13 brotli/1.0.9 zstd/1.5.4 libidn2/2.3.3 libpsl/0.21.2 (+libidn2/2.3.3) libssh2/1.10.0 nghttp2/1.52.0 librtmp/2.3 OpenLDAP/2.5.13
client-cluster-1    | 17-Sep-2026 09:56:39 [---] Data directory: /var/lib/boinc-client
client-desktop-1    | 17-Sep-2026 09:56:34 [---] Starting BOINC client version 7.20.5 for aarch64-unknown-linux-gnu
client-desktop-1    | 17-Sep-2026 09:56:34 [---] This a development version of BOINC and may not function properly
client-desktop-1    | 17-Sep-2026 09:56:34 [---] log flags: file_xfer, sched_ops, task
client-desktop-1    | 17-Sep-2026 09:56:34 [---] Libraries: libcurl/7.88.1 OpenSSL/3.0.20 zlib/1.2.13 brotli/1.0.9 zstd/1.5.4 libidn2/2.3.3 libpsl/0.21.2 (+libidn2/2.3.3) libssh2/1.10.0 nghttp2/1.52.0 librtmp/2.3 OpenLDAP/2.5.13
client-desktop-1    | 17-Sep-2026 09:56:34 [---] Data directory: /var/lib/boinc-client
makeproject-1       | added platform: (create_time, name, user_friendly_name) values (1789638893, 'x86_64-pc-linux-gnu', 'Linux running on an AMD x86_64 or Intel EM64T CPU')
makeproject-1       | added platform: (create_time, name, user_friendly_name) values (1789638893, 'powerpc-apple-darwin', 'Mac OS X 10.3 or later running on Motorola PowerPC')
makeproject-1       | added platform: (create_time, name, user_friendly_name) values (1789638893, 'i686-apple-darwin', 'Mac OS 10.4 or later running on Intel')
makeproject-1       | added platform: (create_time, name, user_friendly_name) values (1789638893, 'x86_64-apple-darwin', 'Intel 64-bit Mac OS 10.5 or later')
makeproject-1       | added platform: (create_time, name, user_friendly_name) values (1789638893, 'arm64-apple-darwin', 'Mac OS running on ARM')
client-cluster-1    | 17-Sep-2026 09:56:39 [---] No usable GPUs found
client-cluster-1    | 17-Sep-2026 09:56:39 [---] Creating new client state file
client-cluster-1    | 17-Sep-2026 09:56:39 [---] libc:  version 2.36
client-cluster-1    | 17-Sep-2026 09:56:39 [---] Host name: cluster-01
client-cluster-1    | 17-Sep-2026 09:56:39 [---] Processor: 4 ARM  [Impl 0x61 Arch 8 Variant 0x0 Part 0x000 Rev 0]
client-cluster-1    | 17-Sep-2026 09:56:39 [---] Processor features: fp asimd evtstrm aes pmull sha1 sha2 crc32 atomics fphp asimdhp cpuid asimdrdm jscvt fcma lrcpc dcpop sha3 asimddp sha512 asimdfhm dit uscat ilrcpc flagm sb paca pacg dcpodp flagm2 frint i8mm bf16 bti afp
client-cluster-1    | 17-Sep-2026 09:56:39 [---] OS: Linux Debian GNU/Linux: Debian GNU/Linux 12 (bookworm) [6.8.0-100-generic|libc 2.36]
apache-1            | 2026-09-17 09:55:04,573 INFO reaped unknown pid 74
apache-1            | 2026-09-17 09:55:12,214 INFO reaped unknown pid 73
apache-1            | 2026-09-17 09:55:12,214 INFO reaped unknown pid 75
client-phone-2-1    | 17-Sep-2026 09:56:34 [---] log flags: file_xfer, sched_ops, task
client-phone-2-1    | 17-Sep-2026 09:56:34 [---] Libraries: libcurl/7.88.1 OpenSSL/3.0.20 zlib/1.2.13 brotli/1.0.9 zstd/1.5.4 libidn2/2.3.3 libpsl/0.21.2 (+libidn2/2.3.3) libssh2/1.10.0 nghttp2/1.52.0 librtmp/2.3 OpenLDAP/2.5.13
client-phone-2-1    | 17-Sep-2026 09:56:34 [---] Data directory: /var/lib/boinc-client
client-phone-2-1    | 17-Sep-2026 09:56:34 [---] No usable GPUs found
mysql-1             | You can find additional information about the MySQL part at:
mysql-1             | http://dev.mysql.com
mysql-1             | Consider joining MariaDB's strong and vibrant community:
mysql-1             | https://mariadb.org/get-involved/
mysql-1             | 
client-low-power-1  | dir_open: Could not open directory 'projects/boincserver.local_boincserver' from '/var/lib/boinc-client'.
client-low-power-1  | 17-Sep-2026 09:56:40 [---] No general preferences found - using defaults
client-low-power-1  | 17-Sep-2026 09:56:40 [---] Reading preferences override file
makeproject-1       | added platform: (create_time, name, user_friendly_name) values (1789638893, 'sparc-sun-solaris2.7', 'Solaris 2.7 running on a SPARC-compatible CPU')
makeproject-1       | added platform: (create_time, name, user_friendly_name) values (1789638893, 'sparc-sun-solaris', 'Solaris 2.8 or later running on a SPARC-compatible CPU')
makeproject-1       | added platform: (create_time, name, user_friendly_name) values (1789638893, 'sparc64-sun-solaris', 'Solaris 2.8 or later running on a SPARC 64-bit CPU')
client-phone-1      | 17-Sep-2026 09:56:39 [---] Setting up GUI RPC socket
client-phone-1      | 17-Sep-2026 09:56:39 [---] Checking presence of 0 project files
client-phone-1      | 17-Sep-2026 09:56:39 [---] This computer is not attached to any projects
client-phone-1      | 17-Sep-2026 09:56:39 Initialization completed
client-desktop-1    | 17-Sep-2026 09:56:34 [---] No usable GPUs found
client-desktop-1    | 17-Sep-2026 09:56:34 [---] Creating new client state file
client-desktop-1    | 17-Sep-2026 09:56:34 [---] libc:  version 2.36
client-desktop-1    | 17-Sep-2026 09:56:34 [---] Host name: desktop-01
makeproject-1       | added platform: (create_time, name, user_friendly_name) values (1789638893, 'powerpc64-ps3-linux-gnu', 'Sony Playstation 3 running Linux')
makeproject-1       | added platform: (create_time, name, user_friendly_name) values (1789638893, 'arm-android-linux-gnu', 'Android running on ARM armeabi-v7a')
makeproject-1       | added platform: (create_time, name, user_friendly_name) values (1789638893, 'aarch64-android-linux-gnu', 'Android running on ARM 64-bit arm64-v8a')
makeproject-1       | added platform: (create_time, name, user_friendly_name) values (1789638893, 'x86_64-android-linux-gnu', 'Android running on Intel x64 compatible')
makeproject-1       | added platform: (create_time, name, user_friendly_name) values (1789638893, 'x86-android-linux-gnu', 'Android running on Intel x86 compatible')
client-low-power-1  | 17-Sep-2026 09:56:40 [---] Preferences:
client-low-power-1  | 17-Sep-2026 09:56:40 [---]    max memory usage when active: 8929.14 MB
client-low-power-1  | 17-Sep-2026 09:56:40 [---]    max memory usage when idle: 8929.14 MB
client-low-power-1  | 17-Sep-2026 09:56:40 [---]    max disk usage: 2.00 GB
client-desktop-1    | 17-Sep-2026 09:56:34 [---] Processor: 2 ARM  [Impl 0x61 Arch 8 Variant 0x0 Part 0x000 Rev 0]
client-desktop-1    | 17-Sep-2026 09:56:34 [---] Processor features: fp asimd evtstrm aes pmull sha1 sha2 crc32 atomics fphp asimdhp cpuid asimdrdm jscvt fcma lrcpc dcpop sha3 asimddp sha512 asimdfhm dit uscat ilrcpc flagm sb paca pacg dcpodp flagm2 frint i8mm bf16 bti afp
client-desktop-1    | 17-Sep-2026 09:56:34 [---] OS: Linux Debian GNU/Linux: Debian GNU/Linux 12 (bookworm) [6.8.0-100-generic|libc 2.36]
client-desktop-1    | 17-Sep-2026 09:56:34 [---] Memory: 9.69 GB physical, 0 bytes virtual
makeproject-1       | added platform: (create_time, name, user_friendly_name) values (1789638893, 'arm-unknown-linux-gnueabihf', 'Linux running on ARM, hardware FP')
makeproject-1       | added platform: (create_time, name, user_friendly_name) values (1789638893, 'aarch64-unknown-linux-gnu', 'Linux running on ARM64')
makeproject-1       | added platform: (create_time, name, user_friendly_name) values (1789638893, 'anonymous', 'anonymous')
makeproject-1       | 
apache-1            | 2026-09-17 09:55:12,216 INFO reaped unknown pid 71
apache-1            | 2026-09-17 09:55:20,396 INFO reaped unknown pid 159
apache-1            | 2026-09-17 09:55:20,396 INFO reaped unknown pid 161
apache-1            | 2026-09-17 09:55:20,396 INFO reaped unknown pid 163
apache-1            | 2026-09-17 09:55:20,396 INFO reaped unknown pid 165
apache-1            | 2026-09-17 09:55:20,396 INFO reaped unknown pid 167
apache-1            | 2026-09-17 10:00:01,110 INFO reaped unknown pid 610
apache-1            | 2026-09-17 10:00:01,216 INFO reaped unknown pid 612
apache-1            | 2026-09-17 10:00:01,322 INFO reaped unknown pid 614
client-phone-1      | dir_open: Could not open directory 'projects/boincserver.local_boincserver' from '/var/lib/boinc-client'.
client-phone-1      | 17-Sep-2026 09:56:40 [---] No general preferences found - using defaults
client-phone-1      | 17-Sep-2026 09:56:40 [---] Reading preferences override file
client-phone-1      | 17-Sep-2026 09:56:40 [---] Preferences:
client-phone-1      | 17-Sep-2026 09:56:40 [---]    max memory usage when active: 8929.14 MB
client-phone-1      | 17-Sep-2026 09:56:40 [---]    max memory usage when idle: 8929.14 MB
client-phone-1      | 17-Sep-2026 09:56:40 [---]    max disk usage: 2.00 GB
client-phone-1      | 17-Sep-2026 09:56:40 [---]    don't use GPU while active
client-phone-1      | 17-Sep-2026 09:56:40 [---]    suspend work if non-BOINC CPU load exceeds 25%
client-phone-1      | 17-Sep-2026 09:56:40 [---]    (to change preferences, visit a project web site or select Preferences in the Manager)
client-phone-1      | 17-Sep-2026 09:56:44 [http://boincserver.local/boincserver/] Fetching scheduler list
client-phone-1      | 17-Sep-2026 09:56:46 [http://boincserver.local/boincserver/] Master file download succeeded
client-phone-2-1    | 17-Sep-2026 09:56:34 [---] Creating new client state file
client-phone-2-1    | 17-Sep-2026 09:56:34 [---] libc:  version 2.36
client-phone-2-1    | 17-Sep-2026 09:56:34 [---] Host name: phone-02
client-phone-2-1    | 17-Sep-2026 09:56:34 [---] Processor: 1 ARM  [Impl 0x61 Arch 8 Variant 0x0 Part 0x000 Rev 0]
client-desktop-1    | 17-Sep-2026 09:56:34 [---] Disk: 18.33 GB total, 15.27 GB free
client-desktop-1    | 17-Sep-2026 09:56:34 [---] Local time is UTC +0 hours
apache-1            | 2026-09-17 10:00:01,426 INFO reaped unknown pid 616
apache-1            | 2026-09-17 10:00:01,532 INFO reaped unknown pid 618
apache-1            | 2026-09-17 10:00:02,569 INFO reaped unknown pid 609
apache-1            | 2026-09-17 10:00:02,569 INFO reaped unknown pid 611
apache-1            | 2026-09-17 10:00:02,569 INFO reaped unknown pid 613
apache-1            | 2026-09-17 10:00:02,569 INFO reaped unknown pid 615
apache-1            | 2026-09-17 10:00:02,569 INFO reaped unknown pid 617
apache-1            | 2026-09-17 10:00:02,569 INFO reaped unknown pid 619
apache-1            | 2026-09-17 10:00:02,569 INFO reaped unknown pid 620
apache-1            | 2026-09-17 10:00:02,569 INFO reaped unknown pid 624
apache-1            | 2026-09-17 10:00:02,570 INFO reaped unknown pid 631
client-phone-2-1    | 17-Sep-2026 09:56:34 [---] Processor features: fp asimd evtstrm aes pmull sha1 sha2 crc32 atomics fphp asimdhp cpuid asimdrdm jscvt fcma lrcpc dcpop sha3 asimddp sha512 asimdfhm dit uscat ilrcpc flagm sb paca pacg dcpodp flagm2 frint i8mm bf16 bti afp
client-phone-2-1    | 17-Sep-2026 09:56:34 [---] OS: Linux Debian GNU/Linux: Debian GNU/Linux 12 (bookworm) [6.8.0-100-generic|libc 2.36]
client-phone-2-1    | 17-Sep-2026 09:56:34 [---] Memory: 9.69 GB physical, 0 bytes virtual
client-phone-2-1    | 17-Sep-2026 09:56:34 [---] Disk: 18.33 GB total, 15.27 GB free
client-phone-2-1    | 17-Sep-2026 09:56:34 [---] Local time is UTC +0 hours
client-low-power-1  | 17-Sep-2026 09:56:40 [---]    don't use GPU while active
client-low-power-1  | 17-Sep-2026 09:56:40 [---]    suspend work if non-BOINC CPU load exceeds 25%
client-low-power-1  | 17-Sep-2026 09:56:40 [---]    (to change preferences, visit a project web site or select Preferences in the Manager)
client-low-power-1  | 17-Sep-2026 09:56:44 [http://boincserver.local/boincserver/] Fetching scheduler list
client-low-power-1  | 17-Sep-2026 09:56:51 [http://boincserver.local/boincserver/] Master file download succeeded
client-low-power-1  | 17-Sep-2026 09:56:56 [http://boincserver.local/boincserver/] Sending scheduler request: Project initialization.
client-phone-2-1    | 17-Sep-2026 09:56:34 [---] Config: GUI RPC allowed from any host
client-phone-2-1    | 17-Sep-2026 09:56:34 [---] Config: simulate 1 CPUs
mysql-1             | Database initialized
mysql-1             | MySQL init process in progress...
mysql-1             | 2026-09-17  9:54:44 0 [Note] mysqld (mysqld 10.3.8-MariaDB-1:10.3.8+maria~bionic) starting as process 104 ...
client-phone-1      | 17-Sep-2026 09:56:51 [http://boincserver.local/boincserver/] Sending scheduler request: Project initialization.
client-phone-1      | 17-Sep-2026 09:56:51 [http://boincserver.local/boincserver/] Requesting new tasks for CPU
client-phone-1      | 17-Sep-2026 09:56:53 [boincserver] Scheduler request completed: got 1 new tasks
client-phone-1      | 17-Sep-2026 09:56:53 [boincserver] Project requested delay of 7 seconds
client-cluster-2-1  | 17-Sep-2026 09:56:34 [---]    max memory usage when active: 8929.14 MB
client-cluster-2-1  | 17-Sep-2026 09:56:34 [---]    max memory usage when idle: 8929.14 MB
client-cluster-2-1  | 17-Sep-2026 09:56:34 [---]    max disk usage: 2.00 GB
client-cluster-2-1  | 17-Sep-2026 09:56:34 [---]    don't use GPU while active
client-cluster-2-1  | 17-Sep-2026 09:56:34 [---]    suspend work if non-BOINC CPU load exceeds 25%
client-cluster-2-1  | 17-Sep-2026 09:56:34 [---]    (to change preferences, visit a project web site or select Preferences in the Manager)
client-cluster-2-1  | 17-Sep-2026 09:56:34 [---] Setting up project and slot directories
client-cluster-2-1  | 17-Sep-2026 09:56:34 [---] Checking active tasks
client-phone-2-1    | 17-Sep-2026 09:56:34 [---] Config: report completed tasks immediately
client-phone-2-1    | 17-Sep-2026 09:56:34 [---] No general preferences found - using defaults
client-phone-2-1    | 17-Sep-2026 09:56:34 [---] Reading preferences override file
client-phone-2-1    | 17-Sep-2026 09:56:34 [---] Preferences:
client-phone-2-1    | 17-Sep-2026 09:56:34 [---]    max memory usage when active: 8929.14 MB
client-phone-2-1    | 17-Sep-2026 09:56:34 [---]    max memory usage when idle: 8929.14 MB
client-phone-2-1    | 17-Sep-2026 09:56:34 [---]    max disk usage: 2.00 GB
client-cluster-2-1  | 17-Sep-2026 09:56:34 [---] Setting up GUI RPC socket
client-cluster-2-1  | 17-Sep-2026 09:56:34 [---] Checking presence of 0 project files
client-cluster-2-1  | 17-Sep-2026 09:56:34 [---] This computer is not attached to any projects
client-cluster-2-1  | dir_open: Could not open directory 'slots' from '/var/lib/boinc-client'.
client-low-power-1  | 17-Sep-2026 09:56:56 [http://boincserver.local/boincserver/] Requesting new tasks for CPU
client-low-power-1  | 17-Sep-2026 09:56:58 [boincserver] Scheduler request completed: got 1 new tasks
client-low-power-1  | 17-Sep-2026 09:56:58 [boincserver] Project requested delay of 7 seconds
apache-1            | 2026-09-17 10:00:06,948 INFO reaped unknown pid 626
apache-1            | 2026-09-17 10:00:07,063 INFO reaped unknown pid 627
apache-1            | 2026-09-17 10:00:07,282 INFO reaped unknown pid 633
apache-1            | 2026-09-17 10:00:07,382 INFO reaped unknown pid 635
apache-1            | 2026-09-17 10:00:07,486 INFO reaped unknown pid 637
client-low-power-1  | 17-Sep-2026 09:57:00 [boincserver] Started download of hybrid_synthetic_1.0_aarch64-unknown-linux-gnu
client-low-power-1  | 17-Sep-2026 09:57:00 [boincserver] Started download of hybrid_synthetic_input.txt
client-low-power-1  | 17-Sep-2026 09:57:02 [boincserver] Finished download of hybrid_synthetic_1.0_aarch64-unknown-linux-gnu
client-low-power-1  | 17-Sep-2026 09:57:02 [boincserver] Finished download of hybrid_synthetic_input.txt
client-low-power-1  | 17-Sep-2026 09:57:02 [boincserver] Starting task exp_20260917T092942Z_hybrid_medium_2_0
client-desktop-1    | 17-Sep-2026 09:56:34 [---] Config: GUI RPC allowed from any host
client-desktop-1    | 17-Sep-2026 09:56:34 [---] Config: simulate 2 CPUs
client-desktop-1    | 17-Sep-2026 09:56:34 [---] Config: report completed tasks immediately
client-desktop-1    | 17-Sep-2026 09:56:34 [---] No general preferences found - using defaults
client-desktop-1    | 17-Sep-2026 09:56:34 [---] Reading preferences override file
client-desktop-1    | 17-Sep-2026 09:56:34 [---] Preferences:
client-low-power-1  | 17-Sep-2026 09:57:08 [boincserver] Sending scheduler request: To fetch work.
client-low-power-1  | 17-Sep-2026 09:57:08 [boincserver] Requesting new tasks for CPU
client-low-power-1  | 17-Sep-2026 09:57:10 [boincserver] Scheduler request completed: got 1 new tasks
client-low-power-1  | 17-Sep-2026 09:57:10 [boincserver] Project requested delay of 7 seconds
client-low-power-1  | 17-Sep-2026 09:57:21 [boincserver] Sending scheduler request: To fetch work.
client-low-power-1  | 17-Sep-2026 09:57:21 [boincserver] Requesting new tasks for CPU
client-low-power-1  | 17-Sep-2026 09:57:28 [boincserver] Scheduler request completed: got 0 new tasks
client-low-power-1  | 17-Sep-2026 09:57:28 [boincserver] No tasks sent
client-cluster-2-1  | 17-Sep-2026 09:56:34 Initialization completed
client-cluster-2-1  | dir_open: Could not open directory 'projects/boincserver.local_boincserver' from '/var/lib/boinc-client'.
client-cluster-2-1  | 17-Sep-2026 09:56:35 [---] No general preferences found - using defaults
client-cluster-2-1  | 17-Sep-2026 09:56:35 [---] Reading preferences override file
client-cluster-2-1  | 17-Sep-2026 09:56:35 [---] Preferences:
client-cluster-2-1  | 17-Sep-2026 09:56:35 [---]    max memory usage when active: 8929.14 MB
client-cluster-2-1  | 17-Sep-2026 09:56:35 [---]    max memory usage when idle: 8929.14 MB
client-cluster-2-1  | 17-Sep-2026 09:56:35 [---]    max disk usage: 2.00 GB
client-cluster-2-1  | 17-Sep-2026 09:56:35 [---]    don't use GPU while active
client-cluster-2-1  | 17-Sep-2026 09:56:35 [---]    suspend work if non-BOINC CPU load exceeds 25%
client-cluster-2-1  | 17-Sep-2026 09:56:35 [---]    (to change preferences, visit a project web site or select Preferences in the Manager)
client-low-power-1  | 17-Sep-2026 09:57:28 [boincserver] This computer has reached a limit on tasks in progress
client-low-power-1  | 17-Sep-2026 09:57:28 [boincserver] Project requested delay of 7 seconds
client-low-power-1  | 17-Sep-2026 09:57:36 [boincserver] Computation for task exp_20260917T092942Z_hybrid_medium_2_0 finished
client-low-power-1  | 17-Sep-2026 09:57:36 [boincserver] Starting task exp_20260917T092942Z_hybrid_medium_6_0
client-low-power-1  | 17-Sep-2026 09:57:38 [boincserver] Started upload of exp_20260917T092942Z_hybrid_medium_2_0_r350371734_0
client-low-power-1  | 17-Sep-2026 09:57:40 [boincserver] Finished upload of exp_20260917T092942Z_hybrid_medium_2_0_r350371734_0
client-low-power-1  | 17-Sep-2026 09:57:43 [boincserver] Sending scheduler request: To report completed tasks.
mysql-1             | 2026-09-17  9:54:44 0 [Note] InnoDB: Using Linux native AIO
mysql-1             | 2026-09-17  9:54:44 0 [Note] InnoDB: Mutexes and rw_locks use GCC atomic builtins
mysql-1             | 2026-09-17  9:54:44 0 [Note] InnoDB: Uses event mutexes
client-phone-1      | 17-Sep-2026 09:56:55 [boincserver] Started download of hybrid_synthetic_1.0_aarch64-unknown-linux-gnu
client-phone-1      | 17-Sep-2026 09:56:55 [boincserver] Started download of hybrid_synthetic_input.txt
client-phone-1      | 17-Sep-2026 09:56:57 [boincserver] Finished download of hybrid_synthetic_1.0_aarch64-unknown-linux-gnu
client-phone-1      | 17-Sep-2026 09:56:57 [boincserver] Finished download of hybrid_synthetic_input.txt
client-cluster-2-1  | 17-Sep-2026 09:56:39 [http://boincserver.local/boincserver/] Fetching scheduler list
client-cluster-2-1  | 17-Sep-2026 09:56:41 [http://boincserver.local/boincserver/] Master file download succeeded
client-cluster-2-1  | 17-Sep-2026 09:56:46 [http://boincserver.local/boincserver/] Sending scheduler request: Project initialization.
client-cluster-2-1  | 17-Sep-2026 09:56:46 [http://boincserver.local/boincserver/] Requesting new tasks for CPU
client-cluster-2-1  | 17-Sep-2026 09:56:48 [boincserver] Scheduler request completed: got 1 new tasks
client-cluster-2-1  | 17-Sep-2026 09:56:48 [boincserver] Project requested delay of 7 seconds
client-cluster-2-1  | 17-Sep-2026 09:56:50 [boincserver] Started download of hybrid_synthetic_1.0_aarch64-unknown-linux-gnu
client-cluster-1    | 17-Sep-2026 09:56:39 [---] Memory: 9.69 GB physical, 0 bytes virtual
client-cluster-1    | 17-Sep-2026 09:56:39 [---] Disk: 18.33 GB total, 15.27 GB free
client-cluster-1    | 17-Sep-2026 09:56:39 [---] Local time is UTC +0 hours
client-cluster-1    | 17-Sep-2026 09:56:39 [---] Config: GUI RPC allowed from any host
mysql-1             | 2026-09-17  9:54:44 0 [Note] InnoDB: Compressed tables use zlib 1.2.11
mysql-1             | 2026-09-17  9:54:44 0 [Note] InnoDB: Number of pools: 1
mysql-1             | 2026-09-17  9:54:44 0 [Note] InnoDB: Using generic crc32 instructions
client-desktop-1    | 17-Sep-2026 09:56:34 [---]    max memory usage when active: 8929.14 MB
client-desktop-1    | 17-Sep-2026 09:56:34 [---]    max memory usage when idle: 8929.14 MB
client-desktop-1    | 17-Sep-2026 09:56:34 [---]    max disk usage: 2.00 GB
client-desktop-1    | 17-Sep-2026 09:56:34 [---]    don't use GPU while active
client-low-power-1  | 17-Sep-2026 09:57:43 [boincserver] Reporting 1 completed tasks
mysql-1             | 2026-09-17  9:54:44 0 [Note] InnoDB: Initializing buffer pool, total size = 256M, instances = 1, chunk size = 128M
mysql-1             | 2026-09-17  9:54:44 0 [Note] InnoDB: Completed initialization of buffer pool
mysql-1             | 2026-09-17  9:54:44 0 [Note] InnoDB: If the mysqld execution user is authorized, page cleaner thread priority can be changed. See the man page of setpriority().
client-phone-2-1    | 17-Sep-2026 09:56:34 [---]    don't use GPU while active
client-phone-2-1    | 17-Sep-2026 09:56:34 [---]    suspend work if non-BOINC CPU load exceeds 25%
client-desktop-1    | 17-Sep-2026 09:56:34 [---]    suspend work if non-BOINC CPU load exceeds 25%
client-desktop-1    | 17-Sep-2026 09:56:34 [---]    (to change preferences, visit a project web site or select Preferences in the Manager)
client-desktop-1    | 17-Sep-2026 09:56:34 [---] Setting up project and slot directories
client-desktop-1    | 17-Sep-2026 09:56:34 [---] Checking active tasks
client-phone-1      | 17-Sep-2026 09:56:57 [boincserver] Elapsed time limit 50.000000 < 120.000000; setting to 43200.000000
client-phone-1      | 17-Sep-2026 09:56:57 [boincserver] Starting task exp_20260917T092942Z_hybrid_short_2_0
client-phone-2-1    | 17-Sep-2026 09:56:34 [---]    (to change preferences, visit a project web site or select Preferences in the Manager)
client-phone-2-1    | 17-Sep-2026 09:56:34 [---] Setting up project and slot directories
client-phone-2-1    | 17-Sep-2026 09:56:34 [---] Checking active tasks
client-phone-2-1    | 17-Sep-2026 09:56:34 [---] Setting up GUI RPC socket
client-low-power-1  | 17-Sep-2026 09:57:43 [boincserver] Requesting new tasks for CPU
client-low-power-1  | 17-Sep-2026 09:58:15 [boincserver] Scheduler request completed: got 1 new tasks
client-desktop-1    | 17-Sep-2026 09:56:34 [---] Setting up GUI RPC socket
client-desktop-1    | dir_open: Could not open directory 'slots' from '/var/lib/boinc-client'.
client-desktop-1    | 17-Sep-2026 09:56:34 [---] Checking presence of 0 project files
client-phone-1      | 17-Sep-2026 09:57:03 [boincserver] Sending scheduler request: To fetch work.
client-phone-1      | 17-Sep-2026 09:57:03 [boincserver] Requesting new tasks for CPU
client-phone-1      | 17-Sep-2026 09:57:05 [boincserver] Computation for task exp_20260917T092942Z_hybrid_short_2_0 finished
client-phone-1      | 17-Sep-2026 09:57:07 [boincserver] Started upload of exp_20260917T092942Z_hybrid_short_2_0_r1764294531_0
client-phone-1      | 17-Sep-2026 09:57:09 [boincserver] Finished upload of exp_20260917T092942Z_hybrid_short_2_0_r1764294531_0
client-phone-1      | 17-Sep-2026 09:57:10 [boincserver] Scheduler request completed: got 1 new tasks
client-phone-1      | 17-Sep-2026 09:57:10 [boincserver] Project requested delay of 7 seconds
client-phone-1      | 17-Sep-2026 09:57:13 [boincserver] Elapsed time limit 50.000000 < 120.000000; setting to 43200.000000
client-cluster-1    | 17-Sep-2026 09:56:39 [---] Config: simulate 4 CPUs
client-cluster-1    | 17-Sep-2026 09:56:39 [---] Config: report completed tasks immediately
client-cluster-1    | 17-Sep-2026 09:56:39 [---] No general preferences found - using defaults
client-cluster-1    | 17-Sep-2026 09:56:39 [---] Reading preferences override file
client-cluster-1    | 17-Sep-2026 09:56:39 [---] Preferences:
client-phone-1      | 17-Sep-2026 09:57:13 [boincserver] Starting task exp_20260917T092942Z_hybrid_short_5_0
client-phone-1      | 17-Sep-2026 09:57:21 [boincserver] Sending scheduler request: To report completed tasks.
client-phone-1      | 17-Sep-2026 09:57:21 [boincserver] Reporting 1 completed tasks
client-phone-1      | 17-Sep-2026 09:57:21 [boincserver] Requesting new tasks for CPU
client-phone-1      | 17-Sep-2026 09:57:22 [boincserver] Computation for task exp_20260917T092942Z_hybrid_short_5_0 finished
client-cluster-1    | 17-Sep-2026 09:56:39 [---]    max memory usage when active: 8929.14 MB
client-cluster-1    | 17-Sep-2026 09:56:39 [---]    max memory usage when idle: 8929.14 MB
client-phone-2-1    | 17-Sep-2026 09:56:34 [---] Checking presence of 0 project files
client-phone-2-1    | 17-Sep-2026 09:56:34 [---] This computer is not attached to any projects
client-phone-2-1    | 17-Sep-2026 09:56:34 Initialization completed
client-phone-2-1    | dir_open: Could not open directory 'slots' from '/var/lib/boinc-client'.
client-phone-2-1    | dir_open: Could not open directory 'projects/boincserver.local_boincserver' from '/var/lib/boinc-client'.
client-phone-2-1    | 17-Sep-2026 09:56:35 [---] No general preferences found - using defaults
client-phone-2-1    | 17-Sep-2026 09:56:35 [---] Reading preferences override file
client-phone-2-1    | 17-Sep-2026 09:56:35 [---] Preferences:
client-phone-2-1    | 17-Sep-2026 09:56:35 [---]    max memory usage when active: 8929.14 MB
client-phone-1      | 17-Sep-2026 09:57:24 [boincserver] Started upload of exp_20260917T092942Z_hybrid_short_5_0_r1223225110_0
client-phone-1      | 17-Sep-2026 09:57:26 [boincserver] Finished upload of exp_20260917T092942Z_hybrid_short_5_0_r1223225110_0
client-phone-1      | 17-Sep-2026 09:57:28 [boincserver] Scheduler request completed: got 1 new tasks
client-phone-1      | 17-Sep-2026 09:57:28 [boincserver] Project requested delay of 7 seconds
client-phone-1      | 17-Sep-2026 09:57:30 [boincserver] Elapsed time limit 50.000000 < 120.000000; setting to 43200.000000
client-phone-2-1    | 17-Sep-2026 09:56:35 [---]    max memory usage when idle: 8929.14 MB
client-phone-2-1    | 17-Sep-2026 09:56:35 [---]    max disk usage: 2.00 GB
client-phone-2-1    | 17-Sep-2026 09:56:35 [---]    don't use GPU while active
client-phone-2-1    | 17-Sep-2026 09:56:35 [---]    suspend work if non-BOINC CPU load exceeds 25%
client-phone-2-1    | 17-Sep-2026 09:56:35 [---]    (to change preferences, visit a project web site or select Preferences in the Manager)
client-phone-2-1    | 17-Sep-2026 09:56:39 [http://boincserver.local/boincserver/] Fetching scheduler list
client-phone-2-1    | 17-Sep-2026 09:56:41 [http://boincserver.local/boincserver/] Master file download succeeded
client-low-power-1  | 17-Sep-2026 09:58:15 [boincserver] Project requested delay of 7 seconds
client-low-power-1  | 17-Sep-2026 09:58:18 [boincserver] Computation for task exp_20260917T092942Z_hybrid_medium_6_0 finished
client-low-power-1  | 17-Sep-2026 09:58:18 [boincserver] Elapsed time limit 50.000000 < 120.000000; setting to 43200.000000
client-phone-1      | 17-Sep-2026 09:57:30 [boincserver] Starting task exp_20260917T092942Z_hybrid_short_4_0
client-phone-1      | 17-Sep-2026 09:57:38 [boincserver] Computation for task exp_20260917T092942Z_hybrid_short_4_0 finished
client-phone-1      | 17-Sep-2026 09:57:38 [boincserver] Sending scheduler request: To report completed tasks.
client-phone-1      | 17-Sep-2026 09:57:38 [boincserver] Reporting 1 completed tasks
client-phone-1      | 17-Sep-2026 09:57:38 [boincserver] Requesting new tasks for CPU
client-phone-1      | 17-Sep-2026 09:57:40 [boincserver] Started upload of exp_20260917T092942Z_hybrid_short_4_0_r1002807488_0
client-phone-1      | 17-Sep-2026 09:57:40 [boincserver] Scheduler request completed: got 1 new tasks
client-phone-1      | 17-Sep-2026 09:57:40 [boincserver] Project requested delay of 7 seconds
client-phone-1      | 17-Sep-2026 09:57:42 [boincserver] Finished upload of exp_20260917T092942Z_hybrid_short_4_0_r1002807488_0
client-phone-1      | 17-Sep-2026 09:57:42 [boincserver] Elapsed time limit 50.000000 < 120.000000; setting to 43200.000000
client-phone-1      | 17-Sep-2026 09:57:42 [boincserver] Starting task exp_20260917T092942Z_hybrid_short_10_0
client-phone-1      | 17-Sep-2026 09:57:50 [boincserver] Computation for task exp_20260917T092942Z_hybrid_short_10_0 finished
client-phone-1      | 17-Sep-2026 09:57:50 [boincserver] Sending scheduler request: To report completed tasks.
client-phone-2-1    | 17-Sep-2026 09:56:46 [http://boincserver.local/boincserver/] Sending scheduler request: Project initialization.
client-phone-2-1    | 17-Sep-2026 09:56:46 [http://boincserver.local/boincserver/] Requesting new tasks for CPU
client-phone-2-1    | 17-Sep-2026 09:56:48 [boincserver] Scheduler request completed: got 1 new tasks
client-phone-2-1    | 17-Sep-2026 09:56:48 [boincserver] Project requested delay of 7 seconds
client-phone-2-1    | 17-Sep-2026 09:56:50 [boincserver] Started download of hybrid_synthetic_1.0_aarch64-unknown-linux-gnu
client-phone-2-1    | 17-Sep-2026 09:56:50 [boincserver] Started download of hybrid_synthetic_input.txt
client-phone-2-1    | 17-Sep-2026 09:56:52 [boincserver] Finished download of hybrid_synthetic_1.0_aarch64-unknown-linux-gnu
client-phone-2-1    | 17-Sep-2026 09:56:52 [boincserver] Finished download of hybrid_synthetic_input.txt
client-low-power-1  | 17-Sep-2026 09:58:18 [boincserver] Starting task exp_20260917T092942Z_hybrid_short_11_0
client-low-power-1  | 17-Sep-2026 09:58:20 [boincserver] Started upload of exp_20260917T092942Z_hybrid_medium_6_0_r1993296268_0
client-low-power-1  | 17-Sep-2026 09:58:22 [boincserver] Finished upload of exp_20260917T092942Z_hybrid_medium_6_0_r1993296268_0
client-low-power-1  | 17-Sep-2026 09:58:25 [boincserver] Sending scheduler request: To report completed tasks.
client-low-power-1  | 17-Sep-2026 09:58:25 [boincserver] Reporting 1 completed tasks
client-low-power-1  | 17-Sep-2026 09:58:25 [boincserver] Requesting new tasks for CPU
client-low-power-1  | 17-Sep-2026 09:58:26 [boincserver] Computation for task exp_20260917T092942Z_hybrid_short_11_0 finished
client-low-power-1  | 17-Sep-2026 09:58:27 [boincserver] Scheduler request completed: got 0 new tasks
client-phone-1      | 17-Sep-2026 09:57:50 [boincserver] Reporting 1 completed tasks
client-phone-1      | 17-Sep-2026 09:57:50 [boincserver] Requesting new tasks for CPU
client-phone-1      | 17-Sep-2026 09:57:52 [boincserver] Started upload of exp_20260917T092942Z_hybrid_short_10_0_r144398983_0
client-phone-1      | 17-Sep-2026 09:57:54 [boincserver] Finished upload of exp_20260917T092942Z_hybrid_short_10_0_r144398983_0
client-phone-1      | 17-Sep-2026 09:58:25 [boincserver] Scheduler request completed: got 1 new tasks
client-phone-1      | 17-Sep-2026 09:58:25 [boincserver] Project requested delay of 7 seconds
client-low-power-1  | 17-Sep-2026 09:58:27 [boincserver] Project has no tasks available
client-low-power-1  | 17-Sep-2026 09:58:27 [boincserver] Project requested delay of 7 seconds
client-low-power-1  | 17-Sep-2026 09:58:28 [boincserver] Started upload of exp_20260917T092942Z_hybrid_short_11_0_r1605080955_0
client-desktop-1    | 17-Sep-2026 09:56:34 [---] This computer is not attached to any projects
client-desktop-1    | 17-Sep-2026 09:56:34 Initialization completed
client-cluster-2-1  | 17-Sep-2026 09:56:50 [boincserver] Started download of hybrid_synthetic_input.txt
client-cluster-2-1  | 17-Sep-2026 09:56:52 [boincserver] Finished download of hybrid_synthetic_1.0_aarch64-unknown-linux-gnu
client-cluster-2-1  | 17-Sep-2026 09:56:52 [boincserver] Finished download of hybrid_synthetic_input.txt
client-cluster-2-1  | 17-Sep-2026 09:56:52 [boincserver] Starting task exp_20260917T092942Z_hybrid_long_1_0
client-cluster-2-1  | 17-Sep-2026 09:56:58 [boincserver] Sending scheduler request: To fetch work.
client-low-power-1  | 17-Sep-2026 09:58:30 [boincserver] Finished upload of exp_20260917T092942Z_hybrid_short_11_0_r1605080955_0
client-low-power-1  | 17-Sep-2026 09:58:37 [boincserver] Sending scheduler request: To report completed tasks.
client-low-power-1  | 17-Sep-2026 09:58:37 [boincserver] Reporting 1 completed tasks
client-low-power-1  | 17-Sep-2026 09:58:37 [boincserver] Requesting new tasks for CPU
client-desktop-1    | dir_open: Could not open directory 'projects/boincserver.local_boincserver' from '/var/lib/boinc-client'.
client-desktop-1    | 17-Sep-2026 09:56:35 [---] No general preferences found - using defaults
client-desktop-1    | 17-Sep-2026 09:56:35 [---] Reading preferences override file
client-desktop-1    | 17-Sep-2026 09:56:35 [---] Preferences:
client-cluster-1    | 17-Sep-2026 09:56:39 [---]    max disk usage: 2.00 GB
client-cluster-1    | 17-Sep-2026 09:56:39 [---]    don't use GPU while active
client-low-power-1  | 17-Sep-2026 09:58:44 [boincserver] Scheduler request completed: got 0 new tasks
client-low-power-1  | 17-Sep-2026 09:58:44 [boincserver] Project has no tasks available
client-low-power-1  | 17-Sep-2026 09:58:44 [boincserver] Project requested delay of 7 seconds
client-low-power-1  | 17-Sep-2026 09:59:17 [boincserver] Sending scheduler request: To fetch work.
client-low-power-1  | 17-Sep-2026 09:59:17 [boincserver] Requesting new tasks for CPU
client-low-power-1  | 17-Sep-2026 09:59:19 [boincserver] Scheduler request completed: got 0 new tasks
client-cluster-1    | 17-Sep-2026 09:56:39 [---]    suspend work if non-BOINC CPU load exceeds 25%
client-cluster-1    | 17-Sep-2026 09:56:39 [---]    (to change preferences, visit a project web site or select Preferences in the Manager)
client-cluster-1    | 17-Sep-2026 09:56:39 [---] Setting up project and slot directories
client-phone-2-1    | 17-Sep-2026 09:56:52 [boincserver] Elapsed time limit 50.000000 < 120.000000; setting to 43200.000000
client-phone-2-1    | 17-Sep-2026 09:56:52 [boincserver] Starting task exp_20260917T092942Z_hybrid_short_1_0
client-phone-2-1    | 17-Sep-2026 09:56:58 [boincserver] Sending scheduler request: To fetch work.
client-phone-2-1    | 17-Sep-2026 09:56:58 [boincserver] Requesting new tasks for CPU
client-cluster-2-1  | 17-Sep-2026 09:56:58 [boincserver] Requesting new tasks for CPU
client-cluster-2-1  | 17-Sep-2026 09:57:05 [boincserver] Scheduler request completed: got 4 new tasks
client-desktop-1    | 17-Sep-2026 09:56:35 [---]    max memory usage when active: 8929.14 MB
client-desktop-1    | 17-Sep-2026 09:56:35 [---]    max memory usage when idle: 8929.14 MB
client-desktop-1    | 17-Sep-2026 09:56:35 [---]    max disk usage: 2.00 GB
client-desktop-1    | 17-Sep-2026 09:56:35 [---]    don't use GPU while active
client-cluster-1    | 17-Sep-2026 09:56:39 [---] Checking active tasks
client-cluster-1    | 17-Sep-2026 09:56:39 [---] Setting up GUI RPC socket
client-cluster-1    | dir_open: Could not open directory 'slots' from '/var/lib/boinc-client'.
client-cluster-1    | 17-Sep-2026 09:56:39 [---] Checking presence of 0 project files
mysql-1             | 2026-09-17  9:54:44 0 [Note] InnoDB: 128 out of 128 rollback segments are active.
mysql-1             | 2026-09-17  9:54:44 0 [Note] InnoDB: Creating shared tablespace for temporary tables
mysql-1             | 2026-09-17  9:54:44 0 [Note] InnoDB: Setting file './ibtmp1' size to 12 MB. Physically writing the file full; Please wait ...
mysql-1             | 2026-09-17  9:54:44 0 [Note] InnoDB: File './ibtmp1' size is now 12 MB.
mysql-1             | 2026-09-17  9:54:44 0 [Note] InnoDB: 10.3.8 started; log sequence number 1630815; transaction id 21
mysql-1             | 2026-09-17  9:54:44 0 [Note] InnoDB: Loading buffer pool(s) from /var/lib/mysql/ib_buffer_pool
client-phone-2-1    | 17-Sep-2026 09:57:00 [boincserver] Computation for task exp_20260917T092942Z_hybrid_short_1_0 finished
client-phone-2-1    | 17-Sep-2026 09:57:02 [boincserver] Started upload of exp_20260917T092942Z_hybrid_short_1_0_r294948834_0
client-phone-2-1    | 17-Sep-2026 09:57:04 [boincserver] Finished upload of exp_20260917T092942Z_hybrid_short_1_0_r294948834_0
client-phone-2-1    | 17-Sep-2026 09:57:05 [boincserver] Scheduler request completed: got 1 new tasks
client-phone-1      | 17-Sep-2026 09:58:27 [boincserver] Elapsed time limit 50.000000 < 120.000000; setting to 43200.000000
client-phone-1      | 17-Sep-2026 09:58:27 [boincserver] Starting task exp_20260917T092942Z_hybrid_short_14_0
client-phone-1      | 17-Sep-2026 09:58:36 [boincserver] Computation for task exp_20260917T092942Z_hybrid_short_14_0 finished
client-phone-1      | 17-Sep-2026 09:58:36 [boincserver] Sending scheduler request: To report completed tasks.
client-phone-1      | 17-Sep-2026 09:58:36 [boincserver] Reporting 1 completed tasks
client-desktop-1    | 17-Sep-2026 09:56:35 [---]    suspend work if non-BOINC CPU load exceeds 25%
client-desktop-1    | 17-Sep-2026 09:56:35 [---]    (to change preferences, visit a project web site or select Preferences in the Manager)
client-desktop-1    | 17-Sep-2026 09:56:39 [http://boincserver.local/boincserver/] Fetching scheduler list
client-desktop-1    | 17-Sep-2026 09:56:41 [http://boincserver.local/boincserver/] Master file download succeeded
client-desktop-1    | 17-Sep-2026 09:56:46 [http://boincserver.local/boincserver/] Sending scheduler request: Project initialization.
client-desktop-1    | 17-Sep-2026 09:56:46 [http://boincserver.local/boincserver/] Requesting new tasks for CPU
client-desktop-1    | 17-Sep-2026 09:56:48 [boincserver] Scheduler request completed: got 1 new tasks
client-low-power-1  | 17-Sep-2026 09:59:19 [boincserver] Project has no tasks available
client-low-power-1  | 17-Sep-2026 09:59:19 [boincserver] Project requested delay of 7 seconds
client-cluster-2-1  | 17-Sep-2026 09:57:05 [boincserver] Project requested delay of 7 seconds
client-cluster-2-1  | 17-Sep-2026 09:57:07 [boincserver] Starting task exp_20260917T092942Z_hybrid_long_5_0
client-cluster-2-1  | 17-Sep-2026 09:57:07 [boincserver] Starting task exp_20260917T092942Z_hybrid_long_6_0
client-phone-1      | 17-Sep-2026 09:58:36 [boincserver] Requesting new tasks for CPU
client-phone-1      | 17-Sep-2026 09:58:38 [boincserver] Started upload of exp_20260917T092942Z_hybrid_short_14_0_r949401990_0
client-cluster-1    | 17-Sep-2026 09:56:39 [---] This computer is not attached to any projects
client-cluster-1    | 17-Sep-2026 09:56:39 Initialization completed
client-cluster-1    | dir_open: Could not open directory 'projects/boincserver.local_boincserver' from '/var/lib/boinc-client'.
client-cluster-1    | 17-Sep-2026 09:56:40 [---] No general preferences found - using defaults
client-phone-2-1    | 17-Sep-2026 09:57:05 [boincserver] Project requested delay of 7 seconds
client-phone-2-1    | 17-Sep-2026 09:57:07 [boincserver] Elapsed time limit 50.000000 < 120.000000; setting to 43200.000000
client-phone-2-1    | 17-Sep-2026 09:57:07 [boincserver] Starting task exp_20260917T092942Z_hybrid_short_3_0
client-phone-2-1    | 17-Sep-2026 09:57:15 [boincserver] Sending scheduler request: To report completed tasks.
client-phone-2-1    | 17-Sep-2026 09:57:15 [boincserver] Reporting 1 completed tasks
client-phone-1      | 17-Sep-2026 09:58:38 [boincserver] Scheduler request completed: got 0 new tasks
client-phone-1      | 17-Sep-2026 09:58:38 [boincserver] Project has no tasks available
client-phone-1      | 17-Sep-2026 09:58:38 [boincserver] Project requested delay of 7 seconds
client-phone-1      | 17-Sep-2026 09:58:40 [boincserver] Finished upload of exp_20260917T092942Z_hybrid_short_14_0_r949401990_0
client-phone-1      | 17-Sep-2026 09:58:48 [boincserver] Sending scheduler request: To report completed tasks.
client-phone-1      | 17-Sep-2026 09:58:48 [boincserver] Reporting 1 completed tasks
client-cluster-2-1  | 17-Sep-2026 09:57:07 [boincserver] Starting task exp_20260917T092942Z_hybrid_long_3_0
client-cluster-2-1  | 17-Sep-2026 09:57:15 [boincserver] Sending scheduler request: To fetch work.
client-cluster-2-1  | 17-Sep-2026 09:57:15 [boincserver] Requesting new tasks for CPU
client-cluster-2-1  | 17-Sep-2026 09:57:22 [boincserver] Scheduler request completed: got 3 new tasks
client-cluster-2-1  | 17-Sep-2026 09:57:22 [boincserver] Project requested delay of 7 seconds
client-cluster-2-1  | 17-Sep-2026 09:57:56 [boincserver] Sending scheduler request: To fetch work.
client-cluster-2-1  | 17-Sep-2026 09:57:56 [boincserver] Requesting new tasks for CPU
client-cluster-2-1  | 17-Sep-2026 09:57:58 [boincserver] Scheduler request completed: got 0 new tasks
client-cluster-2-1  | 17-Sep-2026 09:57:58 [boincserver] No tasks sent
client-cluster-2-1  | 17-Sep-2026 09:57:58 [boincserver] This computer has reached a limit on tasks in progress
client-phone-1      | 17-Sep-2026 09:58:48 [boincserver] Requesting new tasks for CPU
client-phone-1      | 17-Sep-2026 09:58:54 [boincserver] Scheduler request completed: got 0 new tasks
client-phone-1      | 17-Sep-2026 09:58:54 [boincserver] Project has no tasks available
client-phone-1      | 17-Sep-2026 09:58:54 [boincserver] Project requested delay of 7 seconds
client-desktop-1    | 17-Sep-2026 09:56:48 [boincserver] Project requested delay of 7 seconds
client-desktop-1    | 17-Sep-2026 09:56:50 [boincserver] Started download of hybrid_synthetic_1.0_aarch64-unknown-linux-gnu
client-desktop-1    | 17-Sep-2026 09:56:50 [boincserver] Started download of hybrid_synthetic_input.txt
client-desktop-1    | 17-Sep-2026 09:56:52 [boincserver] Finished download of hybrid_synthetic_1.0_aarch64-unknown-linux-gnu
client-desktop-1    | 17-Sep-2026 09:56:52 [boincserver] Finished download of hybrid_synthetic_input.txt
client-phone-1      | 17-Sep-2026 09:59:27 [boincserver] Sending scheduler request: To fetch work.
client-phone-1      | 17-Sep-2026 09:59:27 [boincserver] Requesting new tasks for CPU
client-phone-1      | 17-Sep-2026 09:59:29 [boincserver] Scheduler request completed: got 0 new tasks
client-phone-1      | 17-Sep-2026 09:59:29 [boincserver] Project has no tasks available
client-phone-1      | 17-Sep-2026 09:59:29 [boincserver] Project requested delay of 7 seconds
mysql-1             | 2026-09-17  9:54:44 0 [Note] Plugin 'FEEDBACK' is disabled.
mysql-1             | 2026-09-17  9:54:44 0 [Note] InnoDB: Buffer pool(s) load completed at 260917  9:54:44
mysql-1             | 2026-09-17  9:54:44 0 [Warning] 'user' entry 'root@1fef08f6b74e' ignored in --skip-name-resolve mode.
mysql-1             | 2026-09-17  9:54:44 0 [Warning] 'user' entry '@1fef08f6b74e' ignored in --skip-name-resolve mode.
mysql-1             | 2026-09-17  9:54:44 0 [Warning] 'proxies_priv' entry '@% root@1fef08f6b74e' ignored in --skip-name-resolve mode.
mysql-1             | 2026-09-17  9:54:44 0 [Note] Reading of all Master_info entries succeded
mysql-1             | 2026-09-17  9:54:44 0 [Note] Added new Master_info '' to hash table
client-phone-2-1    | 17-Sep-2026 09:57:15 [boincserver] Requesting new tasks for CPU
client-phone-2-1    | 17-Sep-2026 09:57:17 [boincserver] Computation for task exp_20260917T092942Z_hybrid_short_3_0 finished
client-cluster-1    | 17-Sep-2026 09:56:40 [---] Reading preferences override file
client-cluster-1    | 17-Sep-2026 09:56:40 [---] Preferences:
client-cluster-1    | 17-Sep-2026 09:56:40 [---]    max memory usage when active: 8929.14 MB
client-cluster-1    | 17-Sep-2026 09:56:40 [---]    max memory usage when idle: 8929.14 MB
client-cluster-1    | 17-Sep-2026 09:56:40 [---]    max disk usage: 2.00 GB
client-cluster-1    | 17-Sep-2026 09:56:40 [---]    don't use GPU while active
mysql-1             | 2026-09-17  9:54:44 0 [Note] mysqld: ready for connections.
mysql-1             | Version: '10.3.8-MariaDB-1:10.3.8+maria~bionic'  socket: '/var/run/mysqld/mysqld.sock'  port: 0  mariadb.org binary distribution
mysql-1             | Warning: Unable to load '/usr/share/zoneinfo/leap-seconds.list' as time zone. Skipping it.
mysql-1             | 2026-09-17  9:54:46 10 [Warning] 'proxies_priv' entry '@% root@1fef08f6b74e' ignored in --skip-name-resolve mode.
client-cluster-1    | 17-Sep-2026 09:56:40 [---]    suspend work if non-BOINC CPU load exceeds 25%
client-cluster-1    | 17-Sep-2026 09:56:40 [---]    (to change preferences, visit a project web site or select Preferences in the Manager)
client-cluster-1    | 17-Sep-2026 09:56:44 [http://boincserver.local/boincserver/] Fetching scheduler list
client-cluster-1    | 17-Sep-2026 09:56:46 [http://boincserver.local/boincserver/] Master file download succeeded
client-phone-2-1    | 17-Sep-2026 09:57:19 [boincserver] Started upload of exp_20260917T092942Z_hybrid_short_3_0_r1577572404_0
client-phone-2-1    | 17-Sep-2026 09:57:22 [boincserver] Finished upload of exp_20260917T092942Z_hybrid_short_3_0_r1577572404_0
client-phone-2-1    | 17-Sep-2026 09:57:23 [boincserver] Scheduler request completed: got 1 new tasks
client-phone-2-1    | 17-Sep-2026 09:57:23 [boincserver] Project requested delay of 7 seconds
client-phone-2-1    | 17-Sep-2026 09:57:25 [boincserver] Elapsed time limit 50.000000 < 120.000000; setting to 43200.000000
client-phone-2-1    | 17-Sep-2026 09:57:25 [boincserver] Starting task exp_20260917T092942Z_hybrid_short_7_0
client-phone-2-1    | 17-Sep-2026 09:57:33 [boincserver] Computation for task exp_20260917T092942Z_hybrid_short_7_0 finished
client-phone-2-1    | 17-Sep-2026 09:57:33 [boincserver] Sending scheduler request: To report completed tasks.
client-cluster-1    | 17-Sep-2026 09:56:51 [http://boincserver.local/boincserver/] Sending scheduler request: Project initialization.
client-cluster-1    | 17-Sep-2026 09:56:51 [http://boincserver.local/boincserver/] Requesting new tasks for CPU
client-cluster-1    | 17-Sep-2026 09:56:53 [boincserver] Scheduler request completed: got 1 new tasks
client-cluster-1    | 17-Sep-2026 09:56:53 [boincserver] Project requested delay of 7 seconds
client-cluster-1    | 17-Sep-2026 09:56:55 [boincserver] Started download of hybrid_synthetic_1.0_aarch64-unknown-linux-gnu
client-cluster-1    | 17-Sep-2026 09:56:55 [boincserver] Started download of hybrid_synthetic_input.txt
client-cluster-1    | 17-Sep-2026 09:56:57 [boincserver] Finished download of hybrid_synthetic_1.0_aarch64-unknown-linux-gnu
client-cluster-1    | 17-Sep-2026 09:56:57 [boincserver] Finished download of hybrid_synthetic_input.txt
client-cluster-1    | 17-Sep-2026 09:56:57 [boincserver] Starting task exp_20260917T092942Z_hybrid_long_2_0
client-cluster-1    | 17-Sep-2026 09:57:03 [boincserver] Sending scheduler request: To fetch work.
client-cluster-1    | 17-Sep-2026 09:57:03 [boincserver] Requesting new tasks for CPU
client-cluster-1    | 17-Sep-2026 09:57:10 [boincserver] Scheduler request completed: got 4 new tasks
client-cluster-1    | 17-Sep-2026 09:57:10 [boincserver] Project requested delay of 7 seconds
client-desktop-1    | 17-Sep-2026 09:56:52 [boincserver] Starting task exp_20260917T092942Z_hybrid_medium_1_0
client-desktop-1    | 17-Sep-2026 09:56:58 [boincserver] Sending scheduler request: To fetch work.
client-desktop-1    | 17-Sep-2026 09:56:58 [boincserver] Requesting new tasks for CPU
client-desktop-1    | 17-Sep-2026 09:57:05 [boincserver] Scheduler request completed: got 2 new tasks
client-cluster-2-1  | 17-Sep-2026 09:57:58 [boincserver] Project requested delay of 7 seconds
client-cluster-2-1  | 17-Sep-2026 09:58:59 [boincserver] Computation for task exp_20260917T092942Z_hybrid_long_1_0 finished
client-cluster-2-1  | 17-Sep-2026 09:58:59 [boincserver] Starting task exp_20260917T092942Z_hybrid_long_4_0
mysql-1             | 
mysql-1             | 2026-09-17  9:54:46 0 [Note] mysqld (initiated by: unknown): Normal shutdown
client-phone-2-1    | 17-Sep-2026 09:57:33 [boincserver] Reporting 1 completed tasks
client-phone-2-1    | 17-Sep-2026 09:57:33 [boincserver] Requesting new tasks for CPU
client-phone-2-1    | 17-Sep-2026 09:57:35 [boincserver] Started upload of exp_20260917T092942Z_hybrid_short_7_0_r935821534_0
client-phone-2-1    | 17-Sep-2026 09:57:37 [boincserver] Finished upload of exp_20260917T092942Z_hybrid_short_7_0_r935821534_0
client-cluster-2-1  | 17-Sep-2026 09:59:01 [boincserver] Started upload of exp_20260917T092942Z_hybrid_long_1_0_r1620096849_0
client-cluster-2-1  | 17-Sep-2026 09:59:03 [boincserver] Finished upload of exp_20260917T092942Z_hybrid_long_1_0_r1620096849_0
client-cluster-2-1  | 17-Sep-2026 09:59:06 [boincserver] Sending scheduler request: To report completed tasks.
client-cluster-2-1  | 17-Sep-2026 09:59:06 [boincserver] Reporting 1 completed tasks
client-cluster-2-1  | 17-Sep-2026 09:59:06 [boincserver] Requesting new tasks for CPU
mysql-1             | 2026-09-17  9:54:46 0 [Note] Event Scheduler: Purging the queue. 0 events
mysql-1             | 2026-09-17  9:54:46 0 [Note] InnoDB: FTS optimize thread exiting.
mysql-1             | 2026-09-17  9:54:46 0 [Note] InnoDB: Starting shutdown...
mysql-1             | 2026-09-17  9:54:46 0 [Note] InnoDB: Dumping buffer pool(s) to /var/lib/mysql/ib_buffer_pool
client-desktop-1    | 17-Sep-2026 09:57:05 [boincserver] Project requested delay of 7 seconds
client-desktop-1    | 17-Sep-2026 09:57:07 [boincserver] Starting task exp_20260917T092942Z_hybrid_medium_3_0
client-desktop-1    | 17-Sep-2026 09:57:15 [boincserver] Sending scheduler request: To fetch work.
client-desktop-1    | 17-Sep-2026 09:57:15 [boincserver] Requesting new tasks for CPU
client-desktop-1    | 17-Sep-2026 09:57:22 [boincserver] Scheduler request completed: got 1 new tasks
client-desktop-1    | 17-Sep-2026 09:57:22 [boincserver] Project requested delay of 7 seconds
client-desktop-1    | 17-Sep-2026 09:57:25 [boincserver] Computation for task exp_20260917T092942Z_hybrid_medium_1_0 finished
client-desktop-1    | 17-Sep-2026 09:57:25 [boincserver] Starting task exp_20260917T092942Z_hybrid_medium_4_0
client-phone-2-1    | 17-Sep-2026 09:57:40 [boincserver] Scheduler request completed: got 1 new tasks
client-phone-2-1    | 17-Sep-2026 09:57:40 [boincserver] Project requested delay of 7 seconds
client-phone-2-1    | 17-Sep-2026 09:57:42 [boincserver] Elapsed time limit 50.000000 < 120.000000; setting to 43200.000000
client-phone-2-1    | 17-Sep-2026 09:57:42 [boincserver] Starting task exp_20260917T092942Z_hybrid_short_9_0
client-phone-2-1    | 17-Sep-2026 09:57:50 [boincserver] Computation for task exp_20260917T092942Z_hybrid_short_9_0 finished
client-phone-2-1    | 17-Sep-2026 09:57:50 [boincserver] Sending scheduler request: To report completed tasks.
client-cluster-1    | 17-Sep-2026 09:57:12 [boincserver] Starting task exp_20260917T092942Z_hybrid_medium_7_0
client-cluster-1    | 17-Sep-2026 09:57:12 [boincserver] Starting task exp_20260917T092942Z_hybrid_medium_9_0
client-cluster-2-1  | 17-Sep-2026 09:59:08 [boincserver] Scheduler request completed: got 0 new tasks
client-cluster-2-1  | 17-Sep-2026 09:59:08 [boincserver] Project has no tasks available
client-cluster-2-1  | 17-Sep-2026 09:59:08 [boincserver] Project requested delay of 7 seconds
client-cluster-2-1  | 17-Sep-2026 09:59:10 [boincserver] Computation for task exp_20260917T092942Z_hybrid_long_5_0 finished
client-cluster-2-1  | 17-Sep-2026 09:59:10 [boincserver] Starting task exp_20260917T092942Z_hybrid_medium_12_0
client-cluster-2-1  | 17-Sep-2026 09:59:11 [boincserver] Computation for task exp_20260917T092942Z_hybrid_long_6_0 finished
client-cluster-2-1  | 17-Sep-2026 09:59:11 [boincserver] Starting task exp_20260917T092942Z_hybrid_medium_10_0
client-cluster-2-1  | 17-Sep-2026 09:59:12 [boincserver] Started upload of exp_20260917T092942Z_hybrid_long_5_0_r1815631088_0
client-cluster-2-1  | 17-Sep-2026 09:59:12 [boincserver] Computation for task exp_20260917T092942Z_hybrid_long_3_0 finished
client-cluster-2-1  | 17-Sep-2026 09:59:12 [boincserver] Elapsed time limit 50.000000 < 120.000000; setting to 43200.000000
client-cluster-2-1  | 17-Sep-2026 09:59:12 [boincserver] Starting task exp_20260917T092942Z_hybrid_short_6_0
client-cluster-2-1  | 17-Sep-2026 09:59:13 [boincserver] Started upload of exp_20260917T092942Z_hybrid_long_6_0_r1956808425_0
client-desktop-1    | 17-Sep-2026 09:57:28 [boincserver] Started upload of exp_20260917T092942Z_hybrid_medium_1_0_r1563049551_0
client-desktop-1    | 17-Sep-2026 09:57:30 [boincserver] Finished upload of exp_20260917T092942Z_hybrid_medium_1_0_r1563049551_0
client-desktop-1    | 17-Sep-2026 09:57:33 [boincserver] Sending scheduler request: To report completed tasks.
client-desktop-1    | 17-Sep-2026 09:57:33 [boincserver] Reporting 1 completed tasks
client-cluster-2-1  | 17-Sep-2026 09:59:14 [boincserver] Finished upload of exp_20260917T092942Z_hybrid_long_5_0_r1815631088_0
client-cluster-2-1  | 17-Sep-2026 09:59:14 [boincserver] Finished upload of exp_20260917T092942Z_hybrid_long_6_0_r1956808425_0
client-cluster-2-1  | 17-Sep-2026 09:59:14 [boincserver] Started upload of exp_20260917T092942Z_hybrid_long_3_0_r1204068688_0
client-cluster-2-1  | 17-Sep-2026 09:59:16 [boincserver] Finished upload of exp_20260917T092942Z_hybrid_long_3_0_r1204068688_0
client-cluster-2-1  | 17-Sep-2026 09:59:18 [boincserver] Sending scheduler request: To report completed tasks.
client-cluster-2-1  | 17-Sep-2026 09:59:18 [boincserver] Reporting 3 completed tasks
client-cluster-2-1  | 17-Sep-2026 09:59:18 [boincserver] Requesting new tasks for CPU
client-cluster-2-1  | 17-Sep-2026 09:59:20 [boincserver] Computation for task exp_20260917T092942Z_hybrid_short_6_0 finished
client-cluster-1    | 17-Sep-2026 09:57:12 [boincserver] Starting task exp_20260917T092942Z_hybrid_medium_8_0
client-cluster-1    | 17-Sep-2026 09:57:46 [boincserver] Sending scheduler request: To fetch work.
client-cluster-1    | 17-Sep-2026 09:57:46 [boincserver] Requesting new tasks for CPU
client-cluster-2-1  | 17-Sep-2026 09:59:20 [boincserver] Scheduler request completed: got 0 new tasks
client-cluster-2-1  | 17-Sep-2026 09:59:20 [boincserver] Project has no tasks available
client-cluster-2-1  | 17-Sep-2026 09:59:20 [boincserver] Project requested delay of 7 seconds
client-desktop-1    | 17-Sep-2026 09:57:33 [boincserver] Requesting new tasks for CPU
client-desktop-1    | 17-Sep-2026 09:57:35 [boincserver] Scheduler request completed: got 1 new tasks
client-desktop-1    | 17-Sep-2026 09:57:35 [boincserver] Project requested delay of 7 seconds
client-desktop-1    | 17-Sep-2026 09:58:06 [boincserver] Sending scheduler request: To fetch work.
client-desktop-1    | 17-Sep-2026 09:58:06 [boincserver] Requesting new tasks for CPU
client-cluster-2-1  | 17-Sep-2026 09:59:22 [boincserver] Started upload of exp_20260917T092942Z_hybrid_short_6_0_r1678826349_0
client-cluster-2-1  | 17-Sep-2026 09:59:24 [boincserver] Finished upload of exp_20260917T092942Z_hybrid_short_6_0_r1678826349_0
client-cluster-2-1  | 17-Sep-2026 09:59:57 [boincserver] Sending scheduler request: To report completed tasks.
client-cluster-2-1  | 17-Sep-2026 09:59:57 [boincserver] Reporting 1 completed tasks
client-cluster-2-1  | 17-Sep-2026 09:59:57 [boincserver] Requesting new tasks for CPU
mysql-1             | 2026-09-17  9:54:46 0 [Note] InnoDB: Buffer pool(s) dump completed at 260917  9:54:46
mysql-1             | 2026-09-17  9:54:47 0 [Note] InnoDB: Shutdown completed; log sequence number 1630824; transaction id 24
client-desktop-1    | 17-Sep-2026 09:58:08 [boincserver] Computation for task exp_20260917T092942Z_hybrid_medium_3_0 finished
client-desktop-1    | 17-Sep-2026 09:58:08 [boincserver] Starting task exp_20260917T092942Z_hybrid_medium_11_0
client-desktop-1    | 17-Sep-2026 09:58:08 [boincserver] Scheduler request completed: got 0 new tasks
client-desktop-1    | 17-Sep-2026 09:58:08 [boincserver] Project has no tasks available
client-desktop-1    | 17-Sep-2026 09:58:08 [boincserver] Project requested delay of 7 seconds
client-desktop-1    | 17-Sep-2026 09:58:09 [boincserver] Computation for task exp_20260917T092942Z_hybrid_medium_4_0 finished
client-desktop-1    | 17-Sep-2026 09:58:09 [boincserver] Elapsed time limit 50.000000 < 120.000000; setting to 43200.000000
client-desktop-1    | 17-Sep-2026 09:58:09 [boincserver] Starting task exp_20260917T092942Z_hybrid_short_8_0
client-desktop-1    | 17-Sep-2026 09:58:10 [boincserver] Started upload of exp_20260917T092942Z_hybrid_medium_3_0_r377230246_0
client-cluster-2-1  | 17-Sep-2026 09:59:59 [boincserver] Computation for task exp_20260917T092942Z_hybrid_medium_12_0 finished
client-cluster-2-1  | 17-Sep-2026 09:59:59 [boincserver] Scheduler request completed: got 0 new tasks
client-cluster-2-1  | 17-Sep-2026 09:59:59 [boincserver] Project has no tasks available
client-cluster-2-1  | 17-Sep-2026 09:59:59 [boincserver] Project requested delay of 7 seconds
client-cluster-2-1  | 17-Sep-2026 10:00:00 [boincserver] Computation for task exp_20260917T092942Z_hybrid_medium_10_0 finished
client-cluster-2-1  | 17-Sep-2026 10:00:01 [boincserver] Started upload of exp_20260917T092942Z_hybrid_medium_12_0_r767513917_0
client-cluster-1    | 17-Sep-2026 09:57:48 [boincserver] Computation for task exp_20260917T092942Z_hybrid_medium_7_0 finished
client-cluster-1    | 17-Sep-2026 09:57:48 [boincserver] Starting task exp_20260917T092942Z_hybrid_medium_5_0
client-cluster-1    | 17-Sep-2026 09:57:49 [boincserver] Computation for task exp_20260917T092942Z_hybrid_medium_9_0 finished
client-cluster-1    | 17-Sep-2026 09:57:50 [boincserver] Started upload of exp_20260917T092942Z_hybrid_medium_7_0_r212987397_0
client-desktop-1    | 17-Sep-2026 09:58:11 [boincserver] Started upload of exp_20260917T092942Z_hybrid_medium_4_0_r966890259_0
client-desktop-1    | 17-Sep-2026 09:58:12 [boincserver] Finished upload of exp_20260917T092942Z_hybrid_medium_3_0_r377230246_0
client-desktop-1    | 17-Sep-2026 09:58:12 [boincserver] Finished upload of exp_20260917T092942Z_hybrid_medium_4_0_r966890259_0
client-desktop-1    | 17-Sep-2026 09:58:17 [boincserver] Computation for task exp_20260917T092942Z_hybrid_short_8_0 finished
client-cluster-1    | 17-Sep-2026 09:57:50 [boincserver] Computation for task exp_20260917T092942Z_hybrid_medium_8_0 finished
client-cluster-1    | 17-Sep-2026 09:57:51 [boincserver] Started upload of exp_20260917T092942Z_hybrid_medium_9_0_r532689468_0
client-cluster-1    | 17-Sep-2026 09:57:52 [boincserver] Finished upload of exp_20260917T092942Z_hybrid_medium_7_0_r212987397_0
client-cluster-1    | 17-Sep-2026 09:57:52 [boincserver] Finished upload of exp_20260917T092942Z_hybrid_medium_9_0_r532689468_0
client-cluster-1    | 17-Sep-2026 09:57:52 [boincserver] Started upload of exp_20260917T092942Z_hybrid_medium_8_0_r1264426187_0
client-phone-2-1    | 17-Sep-2026 09:57:50 [boincserver] Reporting 1 completed tasks
client-phone-2-1    | 17-Sep-2026 09:57:50 [boincserver] Requesting new tasks for CPU
client-phone-2-1    | 17-Sep-2026 09:57:52 [boincserver] Started upload of exp_20260917T092942Z_hybrid_short_9_0_r405864483_0
client-phone-2-1    | 17-Sep-2026 09:57:52 [boincserver] Scheduler request completed: got 1 new tasks
client-phone-2-1    | 17-Sep-2026 09:57:52 [boincserver] Project requested delay of 7 seconds
client-desktop-1    | 17-Sep-2026 09:58:18 [boincserver] Sending scheduler request: To report completed tasks.
client-desktop-1    | 17-Sep-2026 09:58:18 [boincserver] Reporting 2 completed tasks
client-desktop-1    | 17-Sep-2026 09:58:18 [boincserver] Requesting new tasks for CPU
client-desktop-1    | 17-Sep-2026 09:58:19 [boincserver] Started upload of exp_20260917T092942Z_hybrid_short_8_0_r1763479480_0
client-desktop-1    | 17-Sep-2026 09:58:20 [boincserver] Finished upload of exp_20260917T092942Z_hybrid_short_8_0_r1763479480_0
client-desktop-1    | 17-Sep-2026 09:58:20 [boincserver] Scheduler request completed: got 0 new tasks
client-desktop-1    | 17-Sep-2026 09:58:20 [boincserver] Project has no tasks available
mysql-1             | 2026-09-17  9:54:47 0 [Note] InnoDB: Removed temporary tablespace data file: "ibtmp1"
mysql-1             | 2026-09-17  9:54:47 0 [Note] mysqld: Shutdown complete
mysql-1             | 
client-cluster-2-1  | 17-Sep-2026 10:00:02 [boincserver] Started upload of exp_20260917T092942Z_hybrid_medium_10_0_r98274548_0
client-cluster-2-1  | 17-Sep-2026 10:00:03 [boincserver] Finished upload of exp_20260917T092942Z_hybrid_medium_12_0_r767513917_0
client-cluster-2-1  | 17-Sep-2026 10:00:03 [boincserver] Finished upload of exp_20260917T092942Z_hybrid_medium_10_0_r98274548_0
mysql-1             | 
mysql-1             | MySQL init process done. Ready for start up.
mysql-1             | 
mysql-1             | 2026-09-17  9:54:47 0 [Note] mysqld (mysqld 10.3.8-MariaDB-1:10.3.8+maria~bionic) starting as process 1 ...
client-cluster-2-1  | 17-Sep-2026 10:00:09 [boincserver] Sending scheduler request: To report completed tasks.
client-cluster-2-1  | 17-Sep-2026 10:00:09 [boincserver] Reporting 2 completed tasks
client-cluster-2-1  | 17-Sep-2026 10:00:09 [boincserver] Requesting new tasks for CPU
client-cluster-1    | 17-Sep-2026 09:57:53 [boincserver] Finished upload of exp_20260917T092942Z_hybrid_medium_8_0_r1264426187_0
client-cluster-1    | 17-Sep-2026 09:57:53 [boincserver] Scheduler request completed: got 3 new tasks
client-cluster-1    | 17-Sep-2026 09:57:53 [boincserver] Project requested delay of 7 seconds
client-cluster-1    | 17-Sep-2026 09:57:55 [boincserver] Elapsed time limit 50.000000 < 120.000000; setting to 43200.000000
client-desktop-1    | 17-Sep-2026 09:58:20 [boincserver] Project requested delay of 7 seconds
client-desktop-1    | 17-Sep-2026 09:58:30 [boincserver] Sending scheduler request: To report completed tasks.
client-desktop-1    | 17-Sep-2026 09:58:30 [boincserver] Reporting 1 completed tasks
client-desktop-1    | 17-Sep-2026 09:58:30 [boincserver] Requesting new tasks for CPU
client-desktop-1    | 17-Sep-2026 09:58:32 [boincserver] Scheduler request completed: got 0 new tasks
client-desktop-1    | 17-Sep-2026 09:58:32 [boincserver] Project has no tasks available
client-desktop-1    | 17-Sep-2026 09:58:32 [boincserver] Project requested delay of 7 seconds
client-desktop-1    | 17-Sep-2026 09:59:06 [boincserver] Sending scheduler request: To fetch work.
client-desktop-1    | 17-Sep-2026 09:59:06 [boincserver] Requesting new tasks for CPU
client-desktop-1    | 17-Sep-2026 09:59:08 [boincserver] Computation for task exp_20260917T092942Z_hybrid_medium_11_0 finished
client-desktop-1    | 17-Sep-2026 09:59:10 [boincserver] Started upload of exp_20260917T092942Z_hybrid_medium_11_0_r1667722174_0
client-desktop-1    | 17-Sep-2026 09:59:12 [boincserver] Finished upload of exp_20260917T092942Z_hybrid_medium_11_0_r1667722174_0
client-desktop-1    | 17-Sep-2026 09:59:12 [boincserver] Scheduler request completed: got 0 new tasks
client-cluster-1    | 17-Sep-2026 09:57:55 [boincserver] Elapsed time limit 50.000000 < 120.000000; setting to 43200.000000
client-cluster-1    | 17-Sep-2026 09:57:55 [boincserver] Starting task exp_20260917T092942Z_hybrid_short_15_0
client-cluster-1    | 17-Sep-2026 09:57:55 [boincserver] Starting task exp_20260917T092942Z_hybrid_short_12_0
client-cluster-1    | 17-Sep-2026 09:58:03 [boincserver] Computation for task exp_20260917T092942Z_hybrid_short_15_0 finished
client-desktop-1    | 17-Sep-2026 09:59:12 [boincserver] Project has no tasks available
client-desktop-1    | 17-Sep-2026 09:59:12 [boincserver] Project requested delay of 7 seconds
client-desktop-1    | 17-Sep-2026 09:59:22 [boincserver] Sending scheduler request: To report completed tasks.
client-desktop-1    | 17-Sep-2026 09:59:22 [boincserver] Reporting 1 completed tasks
mysql-1             | 2026-09-17  9:54:47 0 [Note] InnoDB: Using Linux native AIO
mysql-1             | 2026-09-17  9:54:47 0 [Note] InnoDB: Mutexes and rw_locks use GCC atomic builtins
mysql-1             | 2026-09-17  9:54:47 0 [Note] InnoDB: Uses event mutexes
mysql-1             | 2026-09-17  9:54:47 0 [Note] InnoDB: Compressed tables use zlib 1.2.11
client-cluster-1    | 17-Sep-2026 09:58:03 [boincserver] Elapsed time limit 50.000000 < 120.000000; setting to 43200.000000
client-cluster-1    | 17-Sep-2026 09:58:03 [boincserver] Starting task exp_20260917T092942Z_hybrid_short_16_0
client-cluster-1    | 17-Sep-2026 09:58:03 [boincserver] Sending scheduler request: To report completed tasks.
mysql-1             | 2026-09-17  9:54:47 0 [Note] InnoDB: Number of pools: 1
mysql-1             | 2026-09-17  9:54:47 0 [Note] InnoDB: Using generic crc32 instructions
client-desktop-1    | 17-Sep-2026 09:59:22 [boincserver] Requesting new tasks for CPU
client-desktop-1    | 17-Sep-2026 09:59:29 [boincserver] Scheduler request completed: got 0 new tasks
client-desktop-1    | 17-Sep-2026 09:59:29 [boincserver] Project has no tasks available
client-cluster-2-1  | 17-Sep-2026 10:00:11 [boincserver] Scheduler request completed: got 0 new tasks
client-cluster-2-1  | 17-Sep-2026 10:00:11 [boincserver] Project has no tasks available
client-cluster-2-1  | 17-Sep-2026 10:00:11 [boincserver] Project requested delay of 7 seconds
client-cluster-2-1  | 17-Sep-2026 10:00:21 [boincserver] Sending scheduler request: To fetch work.
client-cluster-2-1  | 17-Sep-2026 10:00:21 [boincserver] Requesting new tasks for CPU
client-desktop-1    | 17-Sep-2026 09:59:29 [boincserver] Project requested delay of 7 seconds
client-cluster-2-1  | 17-Sep-2026 10:00:23 [boincserver] Scheduler request completed: got 0 new tasks
client-cluster-2-1  | 17-Sep-2026 10:00:23 [boincserver] Project has no tasks available
client-cluster-2-1  | 17-Sep-2026 10:00:23 [boincserver] Project requested delay of 7 seconds
client-cluster-2-1  | 17-Sep-2026 10:01:02 [boincserver] Computation for task exp_20260917T092942Z_hybrid_long_4_0 finished
client-cluster-2-1  | 17-Sep-2026 10:01:04 [boincserver] Started upload of exp_20260917T092942Z_hybrid_long_4_0_r1478107227_0
client-cluster-2-1  | 17-Sep-2026 10:01:06 [boincserver] Finished upload of exp_20260917T092942Z_hybrid_long_4_0_r1478107227_0
client-cluster-2-1  | 17-Sep-2026 10:01:07 [boincserver] Sending scheduler request: To report completed tasks.
client-cluster-2-1  | 17-Sep-2026 10:01:07 [boincserver] Reporting 1 completed tasks
client-cluster-1    | 17-Sep-2026 09:58:03 [boincserver] Reporting 3 completed tasks
client-cluster-1    | 17-Sep-2026 09:58:03 [boincserver] Requesting new tasks for CPU
client-cluster-2-1  | 17-Sep-2026 10:01:07 [boincserver] Requesting new tasks for CPU
client-cluster-2-1  | 17-Sep-2026 10:01:09 [boincserver] Scheduler request completed: got 0 new tasks
client-cluster-2-1  | 17-Sep-2026 10:01:09 [boincserver] Project has no tasks available
client-cluster-2-1  | 17-Sep-2026 10:01:09 [boincserver] Project requested delay of 7 seconds
mysql-1             | 2026-09-17  9:54:47 0 [Note] InnoDB: Initializing buffer pool, total size = 256M, instances = 1, chunk size = 128M
mysql-1             | 2026-09-17  9:54:47 0 [Note] InnoDB: Completed initialization of buffer pool
mysql-1             | 2026-09-17  9:54:47 0 [Note] InnoDB: If the mysqld execution user is authorized, page cleaner thread priority can be changed. See the man page of setpriority().
mysql-1             | 2026-09-17  9:54:47 0 [Note] InnoDB: 128 out of 128 rollback segments are active.
client-cluster-1    | 17-Sep-2026 09:58:04 [boincserver] Computation for task exp_20260917T092942Z_hybrid_short_12_0 finished
client-cluster-1    | 17-Sep-2026 09:58:05 [boincserver] Started upload of exp_20260917T092942Z_hybrid_short_15_0_r837825579_0
client-cluster-1    | 17-Sep-2026 09:58:05 [boincserver] Scheduler request completed: got 1 new tasks
client-cluster-1    | 17-Sep-2026 09:58:05 [boincserver] Project requested delay of 7 seconds
client-cluster-1    | 17-Sep-2026 09:58:06 [boincserver] Started upload of exp_20260917T092942Z_hybrid_short_12_0_r318722575_0
client-cluster-1    | 17-Sep-2026 09:58:07 [boincserver] Finished upload of exp_20260917T092942Z_hybrid_short_15_0_r837825579_0
client-cluster-1    | 17-Sep-2026 09:58:07 [boincserver] Finished upload of exp_20260917T092942Z_hybrid_short_12_0_r318722575_0
client-phone-2-1    | 17-Sep-2026 09:57:54 [boincserver] Finished upload of exp_20260917T092942Z_hybrid_short_9_0_r405864483_0
client-phone-2-1    | 17-Sep-2026 09:57:54 [boincserver] Elapsed time limit 50.000000 < 120.000000; setting to 43200.000000
client-phone-2-1    | 17-Sep-2026 09:57:54 [boincserver] Starting task exp_20260917T092942Z_hybrid_short_13_0
mysql-1             | 2026-09-17  9:54:47 0 [Note] InnoDB: Creating shared tablespace for temporary tables
mysql-1             | 2026-09-17  9:54:47 0 [Note] InnoDB: Setting file './ibtmp1' size to 12 MB. Physically writing the file full; Please wait ...
mysql-1             | 2026-09-17  9:54:47 0 [Note] InnoDB: File './ibtmp1' size is now 12 MB.
mysql-1             | 2026-09-17  9:54:47 0 [Note] InnoDB: 10.3.8 started; log sequence number 1630824; transaction id 21
client-cluster-1    | 17-Sep-2026 09:58:07 [boincserver] Elapsed time limit 50.000000 < 120.000000; setting to 43200.000000
client-cluster-1    | 17-Sep-2026 09:58:07 [boincserver] Starting task exp_20260917T092942Z_hybrid_short_18_0
client-cluster-2-1  | 17-Sep-2026 10:01:19 [boincserver] Sending scheduler request: To fetch work.
client-cluster-2-1  | 17-Sep-2026 10:01:19 [boincserver] Requesting new tasks for CPU
client-cluster-2-1  | 17-Sep-2026 10:01:21 [boincserver] Scheduler request completed: got 0 new tasks
client-cluster-2-1  | 17-Sep-2026 10:01:21 [boincserver] Project has no tasks available
client-cluster-2-1  | 17-Sep-2026 10:01:21 [boincserver] Project requested delay of 7 seconds
mysql-1             | 2026-09-17  9:54:47 0 [Note] InnoDB: Loading buffer pool(s) from /var/lib/mysql/ib_buffer_pool
mysql-1             | 2026-09-17  9:54:47 0 [Note] Plugin 'FEEDBACK' is disabled.
mysql-1             | 2026-09-17  9:54:47 0 [Note] InnoDB: Buffer pool(s) load completed at 260917  9:54:47
mysql-1             | 2026-09-17  9:54:47 0 [Note] Server socket created on IP: '::'.
mysql-1             | 2026-09-17  9:54:47 0 [Warning] 'proxies_priv' entry '@% root@1fef08f6b74e' ignored in --skip-name-resolve mode.
mysql-1             | 2026-09-17  9:54:47 0 [Note] Reading of all Master_info entries succeded
mysql-1             | 2026-09-17  9:54:47 0 [Note] Added new Master_info '' to hash table
client-cluster-1    | 17-Sep-2026 09:58:11 [boincserver] Computation for task exp_20260917T092942Z_hybrid_short_16_0 finished
client-cluster-1    | 17-Sep-2026 09:58:13 [boincserver] Started upload of exp_20260917T092942Z_hybrid_short_16_0_r1874525680_0
client-cluster-1    | 17-Sep-2026 09:58:15 [boincserver] Finished upload of exp_20260917T092942Z_hybrid_short_16_0_r1874525680_0
mysql-1             | 2026-09-17  9:54:47 0 [Note] mysqld: ready for connections.
mysql-1             | Version: '10.3.8-MariaDB-1:10.3.8+maria~bionic'  socket: '/var/run/mysqld/mysqld.sock'  port: 3306  mariadb.org binary distribution
mysql-1             | 2026-09-17  9:54:48 8 [Warning] Access denied for user 'boincadm'@'172.21.0.3' (using password: NO)
mysql-1             | 2026-09-17  9:55:12 16 [Warning] Aborted connection 16 to db: 'boincserver' user: 'root' host: '172.21.0.4' (Got an error reading communication packets)
mysql-1             | 2026-09-17  9:55:12 17 [Warning] Aborted connection 17 to db: 'boincserver' user: 'root' host: '172.21.0.4' (Got an error reading communication packets)
client-phone-2-1    | 17-Sep-2026 09:58:02 [boincserver] Sending scheduler request: To report completed tasks.
client-phone-2-1    | 17-Sep-2026 09:58:02 [boincserver] Reporting 1 completed tasks
client-phone-2-1    | 17-Sep-2026 09:58:02 [boincserver] Requesting new tasks for CPU
client-cluster-1    | 17-Sep-2026 09:58:15 [boincserver] Computation for task exp_20260917T092942Z_hybrid_short_18_0 finished
client-cluster-1    | 17-Sep-2026 09:58:15 [boincserver] Sending scheduler request: To report completed tasks.
client-cluster-1    | 17-Sep-2026 09:58:15 [boincserver] Reporting 3 completed tasks
client-cluster-1    | 17-Sep-2026 09:58:15 [boincserver] Requesting new tasks for CPU
client-cluster-1    | 17-Sep-2026 09:58:47 [boincserver] Started upload of exp_20260917T092942Z_hybrid_short_18_0_r1071214102_0
mysql-1             | 2026-09-17  9:55:12 15 [Warning] Aborted connection 15 to db: 'boincserver' user: 'root' host: '172.21.0.4' (Got an error reading communication packets)
mysql-1             | 2026-09-17 10:00:01 178 [Warning] Aborted connection 178 to db: 'boincserver' user: 'root' host: '172.21.0.4' (Got an error reading communication packets)
mysql-1             | 2026-09-17 10:00:06 184 [Warning] Aborted connection 184 to db: 'boincserver' user: 'root' host: '172.21.0.4' (Got an error reading communication packets)
client-cluster-1    | 17-Sep-2026 09:58:47 [boincserver] Scheduler request completed: got 0 new tasks
client-cluster-1    | 17-Sep-2026 09:58:47 [boincserver] Project has no tasks available
client-cluster-1    | 17-Sep-2026 09:58:47 [boincserver] Project requested delay of 7 seconds
client-cluster-1    | 17-Sep-2026 09:58:49 [boincserver] Finished upload of exp_20260917T092942Z_hybrid_short_18_0_r1071214102_0
client-cluster-1    | 17-Sep-2026 09:58:49 [boincserver] Computation for task exp_20260917T092942Z_hybrid_medium_5_0 finished
client-cluster-1    | 17-Sep-2026 09:58:51 [boincserver] Started upload of exp_20260917T092942Z_hybrid_medium_5_0_r1218794184_0
client-cluster-1    | 17-Sep-2026 09:58:53 [boincserver] Finished upload of exp_20260917T092942Z_hybrid_medium_5_0_r1218794184_0
client-cluster-1    | 17-Sep-2026 09:58:57 [boincserver] Sending scheduler request: To report completed tasks.
client-cluster-1    | 17-Sep-2026 09:58:57 [boincserver] Reporting 2 completed tasks
client-phone-2-1    | 17-Sep-2026 09:58:03 [boincserver] Computation for task exp_20260917T092942Z_hybrid_short_13_0 finished
client-phone-2-1    | 17-Sep-2026 09:58:04 [boincserver] Scheduler request completed: got 1 new tasks
client-phone-2-1    | 17-Sep-2026 09:58:04 [boincserver] Project requested delay of 7 seconds
client-phone-2-1    | 17-Sep-2026 09:58:05 [boincserver] Started upload of exp_20260917T092942Z_hybrid_short_13_0_r1718564191_0
client-cluster-1    | 17-Sep-2026 09:58:57 [boincserver] Requesting new tasks for CPU
client-cluster-1    | 17-Sep-2026 09:58:59 [boincserver] Scheduler request completed: got 0 new tasks
client-cluster-1    | 17-Sep-2026 09:58:59 [boincserver] Project has no tasks available
client-cluster-1    | 17-Sep-2026 09:58:59 [boincserver] Project requested delay of 7 seconds
client-phone-2-1    | 17-Sep-2026 09:58:36 [boincserver] Elapsed time limit 50.000000 < 120.000000; setting to 43200.000000
client-phone-2-1    | 17-Sep-2026 09:58:36 [boincserver] Starting task exp_20260917T092942Z_hybrid_short_17_0
client-phone-2-1    | 17-Sep-2026 09:58:37 [boincserver] Finished upload of exp_20260917T092942Z_hybrid_short_13_0_r1718564191_0
client-phone-2-1    | 17-Sep-2026 09:58:41 [boincserver] Sending scheduler request: To report completed tasks.
client-cluster-1    | 17-Sep-2026 09:59:01 [boincserver] Computation for task exp_20260917T092942Z_hybrid_long_2_0 finished
client-cluster-1    | 17-Sep-2026 09:59:03 [boincserver] Started upload of exp_20260917T092942Z_hybrid_long_2_0_r1866348988_0
client-phone-2-1    | 17-Sep-2026 09:58:41 [boincserver] Reporting 1 completed tasks
client-phone-2-1    | 17-Sep-2026 09:58:41 [boincserver] Requesting new tasks for CPU
client-phone-2-1    | 17-Sep-2026 09:58:44 [boincserver] Computation for task exp_20260917T092942Z_hybrid_short_17_0 finished
client-cluster-1    | 17-Sep-2026 09:59:05 [boincserver] Finished upload of exp_20260917T092942Z_hybrid_long_2_0_r1866348988_0
client-cluster-1    | 17-Sep-2026 09:59:09 [boincserver] Sending scheduler request: To report completed tasks.
client-cluster-1    | 17-Sep-2026 09:59:09 [boincserver] Reporting 1 completed tasks
client-cluster-1    | 17-Sep-2026 09:59:09 [boincserver] Requesting new tasks for CPU
client-cluster-1    | 17-Sep-2026 09:59:11 [boincserver] Scheduler request completed: got 0 new tasks
client-cluster-1    | 17-Sep-2026 09:59:11 [boincserver] Project has no tasks available
client-cluster-1    | 17-Sep-2026 09:59:11 [boincserver] Project requested delay of 7 seconds
client-cluster-1    | 17-Sep-2026 09:59:47 [boincserver] Sending scheduler request: To fetch work.
client-cluster-1    | 17-Sep-2026 09:59:47 [boincserver] Requesting new tasks for CPU
client-phone-2-1    | 17-Sep-2026 09:58:46 [boincserver] Started upload of exp_20260917T092942Z_hybrid_short_17_0_r717570114_0
client-phone-2-1    | 17-Sep-2026 09:58:47 [boincserver] Finished upload of exp_20260917T092942Z_hybrid_short_17_0_r717570114_0
client-phone-2-1    | 17-Sep-2026 09:58:47 [boincserver] Scheduler request completed: got 0 new tasks
client-phone-2-1    | 17-Sep-2026 09:58:47 [boincserver] Project has no tasks available
client-phone-2-1    | 17-Sep-2026 09:58:47 [boincserver] Project requested delay of 7 seconds
client-phone-2-1    | 17-Sep-2026 09:58:57 [boincserver] Sending scheduler request: To report completed tasks.
client-phone-2-1    | 17-Sep-2026 09:58:57 [boincserver] Reporting 1 completed tasks
client-phone-2-1    | 17-Sep-2026 09:58:57 [boincserver] Requesting new tasks for CPU
client-phone-2-1    | 17-Sep-2026 09:59:04 [boincserver] Scheduler request completed: got 0 new tasks
client-phone-2-1    | 17-Sep-2026 09:59:04 [boincserver] Project has no tasks available
client-phone-2-1    | 17-Sep-2026 09:59:04 [boincserver] Project requested delay of 7 seconds
client-phone-2-1    | 17-Sep-2026 09:59:37 [boincserver] Sending scheduler request: To fetch work.
client-phone-2-1    | 17-Sep-2026 09:59:37 [boincserver] Requesting new tasks for CPU
client-phone-2-1    | 17-Sep-2026 09:59:39 [boincserver] Scheduler request completed: got 0 new tasks
client-phone-2-1    | 17-Sep-2026 09:59:39 [boincserver] Project has no tasks available
client-phone-2-1    | 17-Sep-2026 09:59:39 [boincserver] Project requested delay of 7 seconds
client-cluster-1    | 17-Sep-2026 09:59:49 [boincserver] Scheduler request completed: got 0 new tasks
client-cluster-1    | 17-Sep-2026 09:59:49 [boincserver] Project has no tasks available
client-cluster-1    | 17-Sep-2026 09:59:49 [boincserver] Project requested delay of 7 seconds
