makeproject-1  | Updating project files in data volume...
makeproject-1  | Waiting for MySQL server to start...
makeproject-1  | Creating database...
makeproject-1  | added platform: (create_time, name, user_friendly_name) values (1789639322, 'windows_intelx86', 'Microsoft Windows (98 or later) running on an Intel x86-compatible CPU')
makeproject-1  | added platform: (create_time, name, user_friendly_name) values (1789639322, 'windows_x86_64', 'Microsoft Windows running on an AMD x86_64 or Intel EM64T CPU')
makeproject-1  | added platform: (create_time, name, user_friendly_name) values (1789639322, 'windows_arm64', 'Microsoft Windows running on ARM 64-bit')
makeproject-1  | added platform: (create_time, name, user_friendly_name) values (1789639322, 'i686-pc-linux-gnu', 'Linux running on an Intel x86-compatible CPU')
makeproject-1  | added platform: (create_time, name, user_friendly_name) values (1789639322, 'x86_64-pc-linux-gnu', 'Linux running on an AMD x86_64 or Intel EM64T CPU')
makeproject-1  | added platform: (create_time, name, user_friendly_name) values (1789639322, 'powerpc-apple-darwin', 'Mac OS X 10.3 or later running on Motorola PowerPC')
makeproject-1  | added platform: (create_time, name, user_friendly_name) values (1789639322, 'i686-apple-darwin', 'Mac OS 10.4 or later running on Intel')
makeproject-1  | added platform: (create_time, name, user_friendly_name) values (1789639322, 'x86_64-apple-darwin', 'Intel 64-bit Mac OS 10.5 or later')
makeproject-1  | added platform: (create_time, name, user_friendly_name) values (1789639322, 'arm64-apple-darwin', 'Mac OS running on ARM')
makeproject-1  | added platform: (create_time, name, user_friendly_name) values (1789639322, 'sparc-sun-solaris2.7', 'Solaris 2.7 running on a SPARC-compatible CPU')
makeproject-1  | added platform: (create_time, name, user_friendly_name) values (1789639322, 'sparc-sun-solaris', 'Solaris 2.8 or later running on a SPARC-compatible CPU')
makeproject-1  | added platform: (create_time, name, user_friendly_name) values (1789639322, 'sparc64-sun-solaris', 'Solaris 2.8 or later running on a SPARC 64-bit CPU')
makeproject-1  | added platform: (create_time, name, user_friendly_name) values (1789639322, 'powerpc64-ps3-linux-gnu', 'Sony Playstation 3 running Linux')
makeproject-1  | added platform: (create_time, name, user_friendly_name) values (1789639322, 'arm-android-linux-gnu', 'Android running on ARM armeabi-v7a')
makeproject-1  | added platform: (create_time, name, user_friendly_name) values (1789639322, 'aarch64-android-linux-gnu', 'Android running on ARM 64-bit arm64-v8a')
makeproject-1  | added platform: (create_time, name, user_friendly_name) values (1789639322, 'x86_64-android-linux-gnu', 'Android running on Intel x64 compatible')
makeproject-1  | added platform: (create_time, name, user_friendly_name) values (1789639322, 'x86-android-linux-gnu', 'Android running on Intel x86 compatible')
makeproject-1  | added platform: (create_time, name, user_friendly_name) values (1789639322, 'arm-unknown-linux-gnueabihf', 'Linux running on ARM, hardware FP')
makeproject-1  | added platform: (create_time, name, user_friendly_name) values (1789639322, 'aarch64-unknown-linux-gnu', 'Linux running on ARM64')
makeproject-1  | added platform: (create_time, name, user_friendly_name) values (1789639322, 'anonymous', 'anonymous')
makeproject-1  | 
client-low-power-1  | 17-Sep-2026 10:03:43 [---] Starting BOINC client version 7.20.5 for aarch64-unknown-linux-gnu
client-low-power-1  | 17-Sep-2026 10:03:43 [---] This a development version of BOINC and may not function properly
client-low-power-1  | 17-Sep-2026 10:03:43 [---] log flags: file_xfer, sched_ops, task
client-low-power-1  | 17-Sep-2026 10:03:43 [---] Libraries: libcurl/7.88.1 OpenSSL/3.0.20 zlib/1.2.13 brotli/1.0.9 zstd/1.5.4 libidn2/2.3.3 libpsl/0.21.2 (+libidn2/2.3.3) libssh2/1.10.0 nghttp2/1.52.0 librtmp/2.3 OpenLDAP/2.5.13
client-low-power-1  | 17-Sep-2026 10:03:43 [---] Data directory: /var/lib/boinc-client
client-low-power-1  | 17-Sep-2026 10:03:43 [---] No usable GPUs found
client-low-power-1  | 17-Sep-2026 10:03:43 [---] Creating new client state file
client-low-power-1  | 17-Sep-2026 10:03:43 [---] libc:  version 2.36
client-low-power-1  | 17-Sep-2026 10:03:43 [---] Host name: low-power-01
client-low-power-1  | 17-Sep-2026 10:03:43 [---] Processor: 1 ARM  [Impl 0x61 Arch 8 Variant 0x0 Part 0x000 Rev 0]
client-low-power-1  | 17-Sep-2026 10:03:43 [---] Processor features: fp asimd evtstrm aes pmull sha1 sha2 crc32 atomics fphp asimdhp cpuid asimdrdm jscvt fcma lrcpc dcpop sha3 asimddp sha512 asimdfhm dit uscat ilrcpc flagm sb paca pacg dcpodp flagm2 frint i8mm bf16 bti afp
client-low-power-1  | 17-Sep-2026 10:03:43 [---] OS: Linux Debian GNU/Linux: Debian GNU/Linux 12 (bookworm) [6.8.0-100-generic|libc 2.36]
client-low-power-1  | 17-Sep-2026 10:03:43 [---] Memory: 9.69 GB physical, 0 bytes virtual
client-low-power-1  | 17-Sep-2026 10:03:43 [---] Disk: 18.33 GB total, 15.26 GB free
client-low-power-1  | 17-Sep-2026 10:03:43 [---] Local time is UTC +0 hours
client-cluster-1    | 17-Sep-2026 10:03:43 [---] Starting BOINC client version 7.20.5 for aarch64-unknown-linux-gnu
client-cluster-1    | 17-Sep-2026 10:03:43 [---] This a development version of BOINC and may not function properly
client-cluster-1    | 17-Sep-2026 10:03:43 [---] log flags: file_xfer, sched_ops, task
client-cluster-1    | 17-Sep-2026 10:03:43 [---] Libraries: libcurl/7.88.1 OpenSSL/3.0.20 zlib/1.2.13 brotli/1.0.9 zstd/1.5.4 libidn2/2.3.3 libpsl/0.21.2 (+libidn2/2.3.3) libssh2/1.10.0 nghttp2/1.52.0 librtmp/2.3 OpenLDAP/2.5.13
client-cluster-1    | 17-Sep-2026 10:03:43 [---] Data directory: /var/lib/boinc-client
client-cluster-1    | 17-Sep-2026 10:03:43 [---] No usable GPUs found
client-cluster-1    | 17-Sep-2026 10:03:43 [---] Creating new client state file
client-cluster-1    | 17-Sep-2026 10:03:43 [---] libc:  version 2.36
client-cluster-1    | 17-Sep-2026 10:03:43 [---] Host name: cluster-01
client-cluster-1    | 17-Sep-2026 10:03:43 [---] Processor: 4 ARM  [Impl 0x61 Arch 8 Variant 0x0 Part 0x000 Rev 0]
client-cluster-1    | 17-Sep-2026 10:03:43 [---] Processor features: fp asimd evtstrm aes pmull sha1 sha2 crc32 atomics fphp asimdhp cpuid asimdrdm jscvt fcma lrcpc dcpop sha3 asimddp sha512 asimdfhm dit uscat ilrcpc flagm sb paca pacg dcpodp flagm2 frint i8mm bf16 bti afp
client-cluster-1    | 17-Sep-2026 10:03:43 [---] OS: Linux Debian GNU/Linux: Debian GNU/Linux 12 (bookworm) [6.8.0-100-generic|libc 2.36]
client-cluster-1    | 17-Sep-2026 10:03:43 [---] Memory: 9.69 GB physical, 0 bytes virtual
client-cluster-1    | 17-Sep-2026 10:03:43 [---] Disk: 18.33 GB total, 15.26 GB free
client-cluster-1    | 17-Sep-2026 10:03:43 [---] Local time is UTC +0 hours
client-cluster-1    | 17-Sep-2026 10:03:43 [---] Config: GUI RPC allowed from any host
client-cluster-1    | 17-Sep-2026 10:03:43 [---] Config: simulate 4 CPUs
client-cluster-1    | 17-Sep-2026 10:03:43 [---] Config: report completed tasks immediately
client-cluster-1    | 17-Sep-2026 10:03:43 [---] No general preferences found - using defaults
client-cluster-1    | 17-Sep-2026 10:03:43 [---] Reading preferences override file
client-cluster-1    | 17-Sep-2026 10:03:43 [---] Preferences:
client-low-power-1  | 17-Sep-2026 10:03:43 [---] Config: GUI RPC allowed from any host
apache-1            | /usr/lib/python2.7/dist-packages/supervisor/options.py:461: UserWarning: Supervisord is running as root and it is searching for its configuration file in default locations (including its current working directory); you probably want to specify a "-c" argument specifying an absolute path to a configuration file for improved security.
apache-1            |   'Supervisord is running as root and it is searching '
apache-1            | 2026-09-17 10:01:51,376 CRIT Supervisor is running as root.  Privileges were not dropped because no user is specified in the config file.  If you intend to run as root, you can set user=root in the config file to avoid this message.
apache-1            | 2026-09-17 10:01:51,376 INFO Included extra file "/etc/supervisor/conf.d/supervisord.conf" during parsing
client-phone-1      | 17-Sep-2026 10:03:43 [---] Starting BOINC client version 7.20.5 for aarch64-unknown-linux-gnu
client-low-power-1  | 17-Sep-2026 10:03:43 [---] Config: simulate 1 CPUs
client-low-power-1  | 17-Sep-2026 10:03:43 [---] Config: report completed tasks immediately
client-low-power-1  | 17-Sep-2026 10:03:43 [---] No general preferences found - using defaults
client-low-power-1  | 17-Sep-2026 10:03:43 [---] Reading preferences override file
client-low-power-1  | 17-Sep-2026 10:03:43 [---] Preferences:
client-low-power-1  | 17-Sep-2026 10:03:43 [---]    max memory usage when active: 8929.14 MB
client-low-power-1  | 17-Sep-2026 10:03:43 [---]    max memory usage when idle: 8929.14 MB
client-low-power-1  | 17-Sep-2026 10:03:43 [---]    max disk usage: 2.00 GB
client-low-power-1  | 17-Sep-2026 10:03:43 [---]    don't use GPU while active
client-low-power-1  | 17-Sep-2026 10:03:43 [---]    suspend work if non-BOINC CPU load exceeds 25%
client-low-power-1  | 17-Sep-2026 10:03:43 [---]    (to change preferences, visit a project web site or select Preferences in the Manager)
client-low-power-1  | 17-Sep-2026 10:03:43 [---] Setting up project and slot directories
client-desktop-1    | 17-Sep-2026 10:03:43 [---] Starting BOINC client version 7.20.5 for aarch64-unknown-linux-gnu
client-desktop-1    | 17-Sep-2026 10:03:43 [---] This a development version of BOINC and may not function properly
client-desktop-1    | 17-Sep-2026 10:03:43 [---] log flags: file_xfer, sched_ops, task
client-desktop-1    | 17-Sep-2026 10:03:43 [---] Libraries: libcurl/7.88.1 OpenSSL/3.0.20 zlib/1.2.13 brotli/1.0.9 zstd/1.5.4 libidn2/2.3.3 libpsl/0.21.2 (+libidn2/2.3.3) libssh2/1.10.0 nghttp2/1.52.0 librtmp/2.3 OpenLDAP/2.5.13
client-desktop-1    | 17-Sep-2026 10:03:43 [---] Data directory: /var/lib/boinc-client
client-cluster-1    | 17-Sep-2026 10:03:43 [---]    max memory usage when active: 8929.14 MB
client-cluster-1    | 17-Sep-2026 10:03:43 [---]    max memory usage when idle: 8929.14 MB
client-cluster-1    | 17-Sep-2026 10:03:43 [---]    max disk usage: 2.00 GB
client-cluster-1    | 17-Sep-2026 10:03:43 [---]    don't use GPU while active
client-cluster-1    | 17-Sep-2026 10:03:43 [---]    suspend work if non-BOINC CPU load exceeds 25%
client-cluster-1    | dir_open: Could not open directory 'slots' from '/var/lib/boinc-client'.
client-cluster-2-1  | 17-Sep-2026 10:03:43 [---] Starting BOINC client version 7.20.5 for aarch64-unknown-linux-gnu
client-cluster-2-1  | 17-Sep-2026 10:03:43 [---] This a development version of BOINC and may not function properly
client-phone-1      | 17-Sep-2026 10:03:43 [---] This a development version of BOINC and may not function properly
client-phone-1      | 17-Sep-2026 10:03:43 [---] log flags: file_xfer, sched_ops, task
client-phone-1      | 17-Sep-2026 10:03:43 [---] Libraries: libcurl/7.88.1 OpenSSL/3.0.20 zlib/1.2.13 brotli/1.0.9 zstd/1.5.4 libidn2/2.3.3 libpsl/0.21.2 (+libidn2/2.3.3) libssh2/1.10.0 nghttp2/1.52.0 librtmp/2.3 OpenLDAP/2.5.13
client-phone-1      | 17-Sep-2026 10:03:43 [---] Data directory: /var/lib/boinc-client
client-phone-1      | 17-Sep-2026 10:03:43 [---] No usable GPUs found
client-phone-1      | 17-Sep-2026 10:03:43 [---] Creating new client state file
client-low-power-1  | 17-Sep-2026 10:03:43 [---] Checking active tasks
client-low-power-1  | 17-Sep-2026 10:03:43 [---] Setting up GUI RPC socket
mysql-1             | Initializing database
mysql-1             | 
mysql-1             | 
mysql-1             | PLEASE REMEMBER TO SET A PASSWORD FOR THE MariaDB root USER !
mysql-1             | To do so, start the server, then issue the following commands:
mysql-1             | 
client-desktop-1    | 17-Sep-2026 10:03:43 [---] No usable GPUs found
client-desktop-1    | 17-Sep-2026 10:03:43 [---] Creating new client state file
client-desktop-1    | 17-Sep-2026 10:03:43 [---] libc:  version 2.36
client-desktop-1    | 17-Sep-2026 10:03:43 [---] Host name: desktop-01
client-desktop-1    | 17-Sep-2026 10:03:43 [---] Processor: 2 ARM  [Impl 0x61 Arch 8 Variant 0x0 Part 0x000 Rev 0]
client-desktop-1    | 17-Sep-2026 10:03:43 [---] Processor features: fp asimd evtstrm aes pmull sha1 sha2 crc32 atomics fphp asimdhp cpuid asimdrdm jscvt fcma lrcpc dcpop sha3 asimddp sha512 asimdfhm dit uscat ilrcpc flagm sb paca pacg dcpodp flagm2 frint i8mm bf16 bti afp
client-desktop-1    | 17-Sep-2026 10:03:43 [---] OS: Linux Debian GNU/Linux: Debian GNU/Linux 12 (bookworm) [6.8.0-100-generic|libc 2.36]
client-desktop-1    | 17-Sep-2026 10:03:43 [---] Memory: 9.69 GB physical, 0 bytes virtual
client-desktop-1    | 17-Sep-2026 10:03:43 [---] Disk: 18.33 GB total, 15.26 GB free
client-desktop-1    | 17-Sep-2026 10:03:43 [---] Local time is UTC +0 hours
client-desktop-1    | 17-Sep-2026 10:03:43 [---] Config: GUI RPC allowed from any host
client-desktop-1    | 17-Sep-2026 10:03:43 [---] Config: simulate 2 CPUs
client-desktop-1    | 17-Sep-2026 10:03:43 [---] Config: report completed tasks immediately
client-desktop-1    | dir_open: Could not open directory 'slots' from '/var/lib/boinc-client'.
client-desktop-1    | 17-Sep-2026 10:03:43 [---] No general preferences found - using defaults
client-desktop-1    | 17-Sep-2026 10:03:43 [---] Reading preferences override file
client-desktop-1    | 17-Sep-2026 10:03:43 [---] Preferences:
client-desktop-1    | 17-Sep-2026 10:03:43 [---]    max memory usage when active: 8929.14 MB
client-desktop-1    | 17-Sep-2026 10:03:43 [---]    max memory usage when idle: 8929.14 MB
client-desktop-1    | 17-Sep-2026 10:03:43 [---]    max disk usage: 2.00 GB
client-desktop-1    | 17-Sep-2026 10:03:43 [---]    don't use GPU while active
apache-1            | 2026-09-17 10:01:51,381 INFO RPC interface 'supervisor' initialized
apache-1            | 2026-09-17 10:01:51,381 CRIT Server 'unix_http_server' running without any HTTP authentication checking
apache-1            | 2026-09-17 10:01:51,381 INFO supervisord started with pid 1
apache-1            | 2026-09-17 10:01:52,386 INFO spawned: 'cron' with pid 9
apache-1            | 2026-09-17 10:01:52,388 INFO spawned: 'start' with pid 10
apache-1            | 2026-09-17 10:01:52,389 INFO spawned: 'rsyslogd' with pid 11
apache-1            | 2026-09-17 10:01:52,391 INFO spawned: 'apache2' with pid 12
client-phone-2-1    | 17-Sep-2026 10:03:43 [---] Starting BOINC client version 7.20.5 for aarch64-unknown-linux-gnu
client-phone-2-1    | 17-Sep-2026 10:03:43 [---] This a development version of BOINC and may not function properly
client-phone-2-1    | 17-Sep-2026 10:03:43 [---] log flags: file_xfer, sched_ops, task
client-phone-2-1    | 17-Sep-2026 10:03:43 [---] Libraries: libcurl/7.88.1 OpenSSL/3.0.20 zlib/1.2.13 brotli/1.0.9 zstd/1.5.4 libidn2/2.3.3 libpsl/0.21.2 (+libidn2/2.3.3) libssh2/1.10.0 nghttp2/1.52.0 librtmp/2.3 OpenLDAP/2.5.13
client-phone-2-1    | 17-Sep-2026 10:03:43 [---] Data directory: /var/lib/boinc-client
client-phone-1      | 17-Sep-2026 10:03:43 [---] libc:  version 2.36
client-phone-1      | 17-Sep-2026 10:03:43 [---] Host name: phone-01
apache-1            | 2026-09-17 10:01:54,341 INFO success: cron entered RUNNING state, process has stayed up for > than 1 seconds (startsecs)
apache-1            | 2026-09-17 10:01:54,341 INFO success: start entered RUNNING state, process has stayed up for > than 1 seconds (startsecs)
apache-1            | 2026-09-17 10:01:54,341 INFO success: rsyslogd entered RUNNING state, process has stayed up for > than 1 seconds (startsecs)
apache-1            | 2026-09-17 10:01:54,341 INFO success: apache2 entered RUNNING state, process has stayed up for > than 1 seconds (startsecs)
apache-1            | 2026-09-17 10:02:12,901 INFO reaped unknown pid 69
apache-1            | 2026-09-17 10:02:12,901 INFO reaped unknown pid 71
apache-1            | 2026-09-17 10:02:12,902 INFO reaped unknown pid 73
client-cluster-2-1  | 17-Sep-2026 10:03:43 [---] log flags: file_xfer, sched_ops, task
client-cluster-2-1  | 17-Sep-2026 10:03:43 [---] Libraries: libcurl/7.88.1 OpenSSL/3.0.20 zlib/1.2.13 brotli/1.0.9 zstd/1.5.4 libidn2/2.3.3 libpsl/0.21.2 (+libidn2/2.3.3) libssh2/1.10.0 nghttp2/1.52.0 librtmp/2.3 OpenLDAP/2.5.13
client-cluster-2-1  | 17-Sep-2026 10:03:43 [---] Data directory: /var/lib/boinc-client
client-cluster-2-1  | 17-Sep-2026 10:03:43 [---] No usable GPUs found
client-cluster-2-1  | 17-Sep-2026 10:03:43 [---] Creating new client state file
client-cluster-2-1  | 17-Sep-2026 10:03:43 [---] libc:  version 2.36
client-cluster-2-1  | 17-Sep-2026 10:03:43 [---] Host name: cluster-02
client-phone-1      | 17-Sep-2026 10:03:43 [---] Processor: 1 ARM  [Impl 0x61 Arch 8 Variant 0x0 Part 0x000 Rev 0]
client-phone-1      | 17-Sep-2026 10:03:43 [---] Processor features: fp asimd evtstrm aes pmull sha1 sha2 crc32 atomics fphp asimdhp cpuid asimdrdm jscvt fcma lrcpc dcpop sha3 asimddp sha512 asimdfhm dit uscat ilrcpc flagm sb paca pacg dcpodp flagm2 frint i8mm bf16 bti afp
client-phone-1      | 17-Sep-2026 10:03:43 [---] OS: Linux Debian GNU/Linux: Debian GNU/Linux 12 (bookworm) [6.8.0-100-generic|libc 2.36]
client-cluster-1    | 17-Sep-2026 10:03:43 [---]    (to change preferences, visit a project web site or select Preferences in the Manager)
client-cluster-1    | 17-Sep-2026 10:03:43 [---] Setting up project and slot directories
mysql-1             | '/usr/bin/mysqladmin' -u root password 'new-password'
mysql-1             | '/usr/bin/mysqladmin' -u root -h  password 'new-password'
mysql-1             | 
mysql-1             | Alternatively you can run:
mysql-1             | '/usr/bin/mysql_secure_installation'
mysql-1             | 
client-phone-2-1    | 17-Sep-2026 10:03:43 [---] No usable GPUs found
client-phone-2-1    | 17-Sep-2026 10:03:43 [---] Creating new client state file
client-cluster-2-1  | 17-Sep-2026 10:03:43 [---] Processor: 4 ARM  [Impl 0x61 Arch 8 Variant 0x0 Part 0x000 Rev 0]
client-cluster-2-1  | 17-Sep-2026 10:03:43 [---] Processor features: fp asimd evtstrm aes pmull sha1 sha2 crc32 atomics fphp asimdhp cpuid asimdrdm jscvt fcma lrcpc dcpop sha3 asimddp sha512 asimdfhm dit uscat ilrcpc flagm sb paca pacg dcpodp flagm2 frint i8mm bf16 bti afp
client-cluster-2-1  | 17-Sep-2026 10:03:43 [---] OS: Linux Debian GNU/Linux: Debian GNU/Linux 12 (bookworm) [6.8.0-100-generic|libc 2.36]
client-cluster-2-1  | 17-Sep-2026 10:03:43 [---] Memory: 9.69 GB physical, 0 bytes virtual
client-phone-1      | 17-Sep-2026 10:03:43 [---] Memory: 9.69 GB physical, 0 bytes virtual
client-phone-1      | 17-Sep-2026 10:03:43 [---] Disk: 18.33 GB total, 15.26 GB free
client-phone-1      | 17-Sep-2026 10:03:43 [---] Local time is UTC +0 hours
client-phone-1      | 17-Sep-2026 10:03:43 [---] Config: GUI RPC allowed from any host
client-phone-1      | 17-Sep-2026 10:03:43 [---] Config: simulate 1 CPUs
client-phone-1      | 17-Sep-2026 10:03:43 [---] Config: report completed tasks immediately
client-phone-1      | 17-Sep-2026 10:03:43 [---] No general preferences found - using defaults
client-phone-1      | 17-Sep-2026 10:03:43 [---] Reading preferences override file
client-phone-1      | 17-Sep-2026 10:03:43 [---] Preferences:
client-phone-1      | 17-Sep-2026 10:03:43 [---]    max memory usage when active: 8929.14 MB
client-phone-2-1    | 17-Sep-2026 10:03:43 [---] libc:  version 2.36
client-phone-2-1    | 17-Sep-2026 10:03:43 [---] Host name: phone-02
client-phone-2-1    | 17-Sep-2026 10:03:43 [---] Processor: 1 ARM  [Impl 0x61 Arch 8 Variant 0x0 Part 0x000 Rev 0]
client-phone-2-1    | 17-Sep-2026 10:03:43 [---] Processor features: fp asimd evtstrm aes pmull sha1 sha2 crc32 atomics fphp asimdhp cpuid asimdrdm jscvt fcma lrcpc dcpop sha3 asimddp sha512 asimdfhm dit uscat ilrcpc flagm sb paca pacg dcpodp flagm2 frint i8mm bf16 bti afp
client-low-power-1  | dir_open: Could not open directory 'slots' from '/var/lib/boinc-client'.
client-low-power-1  | 17-Sep-2026 10:03:43 [---] Checking presence of 0 project files
client-cluster-1    | 17-Sep-2026 10:03:43 [---] Checking active tasks
client-cluster-1    | 17-Sep-2026 10:03:43 [---] Setting up GUI RPC socket
client-desktop-1    | 17-Sep-2026 10:03:43 [---]    suspend work if non-BOINC CPU load exceeds 25%
client-desktop-1    | 17-Sep-2026 10:03:43 [---]    (to change preferences, visit a project web site or select Preferences in the Manager)
client-desktop-1    | 17-Sep-2026 10:03:43 [---] Setting up project and slot directories
client-desktop-1    | 17-Sep-2026 10:03:43 [---] Checking active tasks
client-desktop-1    | 17-Sep-2026 10:03:43 [---] Setting up GUI RPC socket
client-desktop-1    | 17-Sep-2026 10:03:43 [---] Checking presence of 0 project files
client-phone-1      | 17-Sep-2026 10:03:43 [---]    max memory usage when idle: 8929.14 MB
client-phone-1      | 17-Sep-2026 10:03:43 [---]    max disk usage: 2.00 GB
client-phone-1      | 17-Sep-2026 10:03:43 [---]    don't use GPU while active
client-phone-1      | 17-Sep-2026 10:03:43 [---]    suspend work if non-BOINC CPU load exceeds 25%
client-phone-1      | 17-Sep-2026 10:03:43 [---]    (to change preferences, visit a project web site or select Preferences in the Manager)
client-phone-1      | 17-Sep-2026 10:03:43 [---] Setting up project and slot directories
client-phone-1      | 17-Sep-2026 10:03:43 [---] Checking active tasks
client-phone-1      | 17-Sep-2026 10:03:43 [---] Setting up GUI RPC socket
client-desktop-1    | 17-Sep-2026 10:03:43 [---] This computer is not attached to any projects
client-desktop-1    | 17-Sep-2026 10:03:43 Initialization completed
client-desktop-1    | dir_open: Could not open directory 'projects/boincserver.local_boincserver' from '/var/lib/boinc-client'.
client-desktop-1    | 17-Sep-2026 10:03:44 [---] No general preferences found - using defaults
client-desktop-1    | 17-Sep-2026 10:03:44 [---] Reading preferences override file
client-desktop-1    | 17-Sep-2026 10:03:44 [---] Preferences:
client-desktop-1    | 17-Sep-2026 10:03:44 [---]    max memory usage when active: 8929.14 MB
client-desktop-1    | 17-Sep-2026 10:03:44 [---]    max memory usage when idle: 8929.14 MB
client-desktop-1    | 17-Sep-2026 10:03:44 [---]    max disk usage: 2.00 GB
client-desktop-1    | 17-Sep-2026 10:03:44 [---]    don't use GPU while active
client-desktop-1    | 17-Sep-2026 10:03:44 [---]    suspend work if non-BOINC CPU load exceeds 25%
client-desktop-1    | 17-Sep-2026 10:03:44 [---]    (to change preferences, visit a project web site or select Preferences in the Manager)
client-low-power-1  | 17-Sep-2026 10:03:43 [---] This computer is not attached to any projects
client-low-power-1  | 17-Sep-2026 10:03:43 Initialization completed
client-low-power-1  | dir_open: Could not open directory 'projects/boincserver.local_boincserver' from '/var/lib/boinc-client'.
client-low-power-1  | 17-Sep-2026 10:03:44 [---] No general preferences found - using defaults
client-low-power-1  | 17-Sep-2026 10:03:44 [---] Reading preferences override file
client-low-power-1  | 17-Sep-2026 10:03:44 [---] Preferences:
mysql-1             | which will also give you the option of removing the test
mysql-1             | databases and anonymous user created by default.  This is
mysql-1             | strongly recommended for production servers.
client-phone-2-1    | 17-Sep-2026 10:03:43 [---] OS: Linux Debian GNU/Linux: Debian GNU/Linux 12 (bookworm) [6.8.0-100-generic|libc 2.36]
client-phone-2-1    | 17-Sep-2026 10:03:43 [---] Memory: 9.69 GB physical, 0 bytes virtual
client-phone-2-1    | 17-Sep-2026 10:03:43 [---] Disk: 18.33 GB total, 15.26 GB free
client-phone-2-1    | 17-Sep-2026 10:03:43 [---] Local time is UTC +0 hours
client-phone-2-1    | 17-Sep-2026 10:03:43 [---] Config: GUI RPC allowed from any host
client-desktop-1    | 17-Sep-2026 10:03:48 [http://boincserver.local/boincserver/] Fetching scheduler list
client-desktop-1    | 17-Sep-2026 10:03:50 [http://boincserver.local/boincserver/] Master file download succeeded
client-desktop-1    | 17-Sep-2026 10:03:55 [http://boincserver.local/boincserver/] Sending scheduler request: Project initialization.
client-desktop-1    | 17-Sep-2026 10:03:55 [http://boincserver.local/boincserver/] Requesting new tasks for CPU
client-desktop-1    | 17-Sep-2026 10:03:57 [boincserver] Scheduler request completed: got 1 new tasks
client-desktop-1    | 17-Sep-2026 10:03:57 [boincserver] Project requested delay of 7 seconds
client-desktop-1    | 17-Sep-2026 10:03:59 [boincserver] Started download of hybrid_synthetic_1.0_aarch64-unknown-linux-gnu
client-desktop-1    | 17-Sep-2026 10:03:59 [boincserver] Started download of hybrid_synthetic_input.txt
client-desktop-1    | 17-Sep-2026 10:04:01 [boincserver] Finished download of hybrid_synthetic_1.0_aarch64-unknown-linux-gnu
client-desktop-1    | 17-Sep-2026 10:04:01 [boincserver] Finished download of hybrid_synthetic_input.txt
client-desktop-1    | 17-Sep-2026 10:04:01 [boincserver] Elapsed time limit 50.000000 < 120.000000; setting to 43200.000000
mysql-1             | 
mysql-1             | See the MariaDB Knowledgebase at http://mariadb.com/kb or the
mysql-1             | MySQL manual for more instructions.
mysql-1             | 
mysql-1             | Please report any problems at http://mariadb.org/jira
mysql-1             | 
mysql-1             | The latest information about MariaDB is available at http://mariadb.org/.
mysql-1             | You can find additional information about the MySQL part at:
mysql-1             | http://dev.mysql.com
mysql-1             | Consider joining MariaDB's strong and vibrant community:
mysql-1             | https://mariadb.org/get-involved/
mysql-1             | 
client-desktop-1    | 17-Sep-2026 10:04:01 [boincserver] Starting task exp_20260917T092942Z_round_robin_short_1_0
client-desktop-1    | 17-Sep-2026 10:04:07 [boincserver] Sending scheduler request: To fetch work.
client-desktop-1    | 17-Sep-2026 10:04:07 [boincserver] Requesting new tasks for CPU
client-desktop-1    | 17-Sep-2026 10:04:09 [boincserver] Computation for task exp_20260917T092942Z_round_robin_short_1_0 finished
client-desktop-1    | 17-Sep-2026 10:04:09 [boincserver] Scheduler request completed: got 2 new tasks
client-desktop-1    | 17-Sep-2026 10:04:09 [boincserver] Project requested delay of 7 seconds
client-desktop-1    | 17-Sep-2026 10:04:11 [boincserver] Started upload of exp_20260917T092942Z_round_robin_short_1_0_r1897737942_0
client-desktop-1    | 17-Sep-2026 10:04:11 [boincserver] Elapsed time limit 50.000000 < 120.000000; setting to 43200.000000
client-desktop-1    | 17-Sep-2026 10:04:11 [boincserver] Elapsed time limit 50.000000 < 120.000000; setting to 43200.000000
client-desktop-1    | 17-Sep-2026 10:04:11 [boincserver] Starting task exp_20260917T092942Z_round_robin_short_13_0
client-desktop-1    | 17-Sep-2026 10:04:11 [boincserver] Starting task exp_20260917T092942Z_round_robin_short_7_0
client-desktop-1    | 17-Sep-2026 10:04:13 [boincserver] Finished upload of exp_20260917T092942Z_round_robin_short_1_0_r1897737942_0
client-phone-1      | 17-Sep-2026 10:03:43 [---] Checking presence of 0 project files
client-phone-1      | 17-Sep-2026 10:03:43 [---] This computer is not attached to any projects
client-phone-1      | 17-Sep-2026 10:03:43 Initialization completed
client-phone-1      | dir_open: Could not open directory 'slots' from '/var/lib/boinc-client'.
client-phone-1      | dir_open: Could not open directory 'projects/boincserver.local_boincserver' from '/var/lib/boinc-client'.
client-phone-1      | 17-Sep-2026 10:03:44 [---] No general preferences found - using defaults
client-phone-1      | 17-Sep-2026 10:03:44 [---] Reading preferences override file
client-phone-1      | 17-Sep-2026 10:03:44 [---] Preferences:
client-phone-1      | 17-Sep-2026 10:03:44 [---]    max memory usage when active: 8929.14 MB
client-phone-1      | 17-Sep-2026 10:03:44 [---]    max memory usage when idle: 8929.14 MB
client-phone-1      | 17-Sep-2026 10:03:44 [---]    max disk usage: 2.00 GB
client-phone-1      | 17-Sep-2026 10:03:44 [---]    don't use GPU while active
client-phone-1      | 17-Sep-2026 10:03:44 [---]    suspend work if non-BOINC CPU load exceeds 25%
client-phone-1      | 17-Sep-2026 10:03:44 [---]    (to change preferences, visit a project web site or select Preferences in the Manager)
client-phone-1      | 17-Sep-2026 10:03:48 [http://boincserver.local/boincserver/] Fetching scheduler list
client-phone-1      | 17-Sep-2026 10:03:55 [http://boincserver.local/boincserver/] Master file download succeeded
client-phone-1      | 17-Sep-2026 10:04:00 [http://boincserver.local/boincserver/] Sending scheduler request: Project initialization.
client-phone-1      | 17-Sep-2026 10:04:00 [http://boincserver.local/boincserver/] Requesting new tasks for CPU
client-phone-1      | 17-Sep-2026 10:04:02 [boincserver] Scheduler request completed: got 1 new tasks
client-phone-1      | 17-Sep-2026 10:04:02 [boincserver] Project requested delay of 7 seconds
client-phone-1      | 17-Sep-2026 10:04:04 [boincserver] Started download of hybrid_synthetic_1.0_aarch64-unknown-linux-gnu
client-desktop-1    | 17-Sep-2026 10:04:19 [boincserver] Computation for task exp_20260917T092942Z_round_robin_short_13_0 finished
client-desktop-1    | 17-Sep-2026 10:04:19 [boincserver] Sending scheduler request: To report completed tasks.
client-desktop-1    | 17-Sep-2026 10:04:19 [boincserver] Reporting 1 completed tasks
client-desktop-1    | 17-Sep-2026 10:04:19 [boincserver] Requesting new tasks for CPU
client-desktop-1    | 17-Sep-2026 10:04:20 [boincserver] Computation for task exp_20260917T092942Z_round_robin_short_7_0 finished
apache-1            | 2026-09-17 10:02:15,495 INFO reaped unknown pid 72
apache-1            | 2026-09-17 10:02:15,495 INFO reaped unknown pid 74
apache-1            | 2026-09-17 10:02:15,497 INFO reaped unknown pid 70
apache-1            | 2026-09-17 10:02:23,724 INFO reaped unknown pid 159
apache-1            | 2026-09-17 10:02:23,725 INFO reaped unknown pid 161
apache-1            | 2026-09-17 10:02:23,725 INFO reaped unknown pid 163
apache-1            | 2026-09-17 10:02:23,725 INFO reaped unknown pid 165
apache-1            | 2026-09-17 10:02:23,725 INFO reaped unknown pid 167
apache-1            | 2026-09-17 10:05:01,415 INFO reaped unknown pid 376
apache-1            | 2026-09-17 10:05:01,516 INFO reaped unknown pid 379
apache-1            | 2026-09-17 10:05:01,621 INFO reaped unknown pid 381
mysql-1             | Database initialized
mysql-1             | MySQL init process in progress...
mysql-1             | 2026-09-17 10:01:53 0 [Note] mysqld (mysqld 10.3.8-MariaDB-1:10.3.8+maria~bionic) starting as process 104 ...
mysql-1             | 2026-09-17 10:01:53 0 [Note] InnoDB: Using Linux native AIO
mysql-1             | 2026-09-17 10:01:53 0 [Note] InnoDB: Mutexes and rw_locks use GCC atomic builtins
client-phone-1      | 17-Sep-2026 10:04:04 [boincserver] Started download of hybrid_synthetic_input.txt
client-phone-1      | 17-Sep-2026 10:04:06 [boincserver] Finished download of hybrid_synthetic_1.0_aarch64-unknown-linux-gnu
apache-1            | 2026-09-17 10:05:01,725 INFO reaped unknown pid 383
apache-1            | 2026-09-17 10:05:01,827 INFO reaped unknown pid 385
apache-1            | 2026-09-17 10:05:02,846 INFO reaped unknown pid 375
apache-1            | 2026-09-17 10:05:02,846 INFO reaped unknown pid 378
client-low-power-1  | 17-Sep-2026 10:03:44 [---]    max memory usage when active: 8929.14 MB
client-low-power-1  | 17-Sep-2026 10:03:44 [---]    max memory usage when idle: 8929.14 MB
client-low-power-1  | 17-Sep-2026 10:03:44 [---]    max disk usage: 2.00 GB
client-low-power-1  | 17-Sep-2026 10:03:44 [---]    don't use GPU while active
client-low-power-1  | 17-Sep-2026 10:03:44 [---]    suspend work if non-BOINC CPU load exceeds 25%
client-low-power-1  | 17-Sep-2026 10:03:44 [---]    (to change preferences, visit a project web site or select Preferences in the Manager)
client-desktop-1    | 17-Sep-2026 10:04:21 [boincserver] Started upload of exp_20260917T092942Z_round_robin_short_13_0_r976126931_0
client-desktop-1    | 17-Sep-2026 10:04:21 [boincserver] Scheduler request completed: got 2 new tasks
client-desktop-1    | 17-Sep-2026 10:04:21 [boincserver] Project requested delay of 7 seconds
client-desktop-1    | 17-Sep-2026 10:04:22 [boincserver] Started upload of exp_20260917T092942Z_round_robin_short_7_0_r661925266_0
client-desktop-1    | 17-Sep-2026 10:04:23 [boincserver] Finished upload of exp_20260917T092942Z_round_robin_short_13_0_r976126931_0
client-desktop-1    | 17-Sep-2026 10:04:23 [boincserver] Finished upload of exp_20260917T092942Z_round_robin_short_7_0_r661925266_0
client-desktop-1    | 17-Sep-2026 10:04:23 [boincserver] Starting task exp_20260917T092942Z_round_robin_medium_1_0
client-desktop-1    | 17-Sep-2026 10:04:23 [boincserver] Starting task exp_20260917T092942Z_round_robin_medium_7_0
client-desktop-1    | 17-Sep-2026 10:04:31 [boincserver] Sending scheduler request: To report completed tasks.
client-desktop-1    | 17-Sep-2026 10:04:31 [boincserver] Reporting 2 completed tasks
client-desktop-1    | 17-Sep-2026 10:04:31 [boincserver] Requesting new tasks for CPU
client-desktop-1    | 17-Sep-2026 10:04:38 [boincserver] Scheduler request completed: got 2 new tasks
client-desktop-1    | 17-Sep-2026 10:04:38 [boincserver] Project requested delay of 7 seconds
client-cluster-2-1  | 17-Sep-2026 10:03:43 [---] Disk: 18.33 GB total, 15.26 GB free
client-cluster-2-1  | 17-Sep-2026 10:03:43 [---] Local time is UTC +0 hours
apache-1            | 2026-09-17 10:05:02,846 INFO reaped unknown pid 380
apache-1            | 2026-09-17 10:05:02,846 INFO reaped unknown pid 382
apache-1            | 2026-09-17 10:05:02,846 INFO reaped unknown pid 384
apache-1            | 2026-09-17 10:05:02,846 INFO reaped unknown pid 386
apache-1            | 2026-09-17 10:05:02,846 INFO reaped unknown pid 387
apache-1            | 2026-09-17 10:05:02,846 INFO reaped unknown pid 402
client-cluster-1    | 17-Sep-2026 10:03:43 [---] Checking presence of 0 project files
client-cluster-1    | 17-Sep-2026 10:03:43 [---] This computer is not attached to any projects
client-cluster-1    | 17-Sep-2026 10:03:43 Initialization completed
client-cluster-1    | dir_open: Could not open directory 'projects/boincserver.local_boincserver' from '/var/lib/boinc-client'.
client-cluster-1    | 17-Sep-2026 10:03:44 [---] No general preferences found - using defaults
client-phone-2-1    | 17-Sep-2026 10:03:43 [---] Config: simulate 1 CPUs
client-phone-2-1    | 17-Sep-2026 10:03:43 [---] Config: report completed tasks immediately
client-phone-2-1    | 17-Sep-2026 10:03:43 [---] No general preferences found - using defaults
client-phone-2-1    | 17-Sep-2026 10:03:43 [---] Reading preferences override file
apache-1            | 2026-09-17 10:05:07,147 INFO reaped unknown pid 391
apache-1            | 2026-09-17 10:05:07,237 INFO reaped unknown pid 393
apache-1            | 2026-09-17 10:05:07,353 INFO reaped unknown pid 394
apache-1            | 2026-09-17 10:05:07,454 INFO reaped unknown pid 396
apache-1            | 2026-09-17 10:05:07,562 INFO reaped unknown pid 398
apache-1            | 2026-09-17 10:05:07,656 INFO reaped unknown pid 400
client-cluster-2-1  | 17-Sep-2026 10:03:43 [---] Config: GUI RPC allowed from any host
client-cluster-2-1  | 17-Sep-2026 10:03:43 [---] Config: simulate 4 CPUs
client-cluster-2-1  | 17-Sep-2026 10:03:43 [---] Config: report completed tasks immediately
client-cluster-2-1  | 17-Sep-2026 10:03:43 [---] No general preferences found - using defaults
client-cluster-2-1  | 17-Sep-2026 10:03:43 [---] Reading preferences override file
client-cluster-2-1  | 17-Sep-2026 10:03:43 [---] Preferences:
client-cluster-2-1  | 17-Sep-2026 10:03:43 [---]    max memory usage when active: 8929.14 MB
client-desktop-1    | 17-Sep-2026 10:05:14 [boincserver] Sending scheduler request: To fetch work.
client-desktop-1    | 17-Sep-2026 10:05:14 [boincserver] Requesting new tasks for CPU
client-desktop-1    | 17-Sep-2026 10:05:16 [boincserver] Scheduler request completed: got 0 new tasks
client-desktop-1    | 17-Sep-2026 10:05:16 [boincserver] Project has no tasks available
client-desktop-1    | 17-Sep-2026 10:05:16 [boincserver] Project requested delay of 7 seconds
client-desktop-1    | 17-Sep-2026 10:05:17 [boincserver] Computation for task exp_20260917T092942Z_round_robin_medium_1_0 finished
client-desktop-1    | 17-Sep-2026 10:05:17 [boincserver] Elapsed time limit 50.000000 < 120.000000; setting to 43200.000000
client-desktop-1    | 17-Sep-2026 10:05:17 [boincserver] Starting task exp_20260917T092942Z_round_robin_short_6_0
client-desktop-1    | 17-Sep-2026 10:05:18 [boincserver] Computation for task exp_20260917T092942Z_round_robin_medium_7_0 finished
client-low-power-1  | 17-Sep-2026 10:03:48 [http://boincserver.local/boincserver/] Fetching scheduler list
client-low-power-1  | 17-Sep-2026 10:03:55 [http://boincserver.local/boincserver/] Master file download succeeded
mysql-1             | 2026-09-17 10:01:53 0 [Note] InnoDB: Uses event mutexes
mysql-1             | 2026-09-17 10:01:53 0 [Note] InnoDB: Compressed tables use zlib 1.2.11
mysql-1             | 2026-09-17 10:01:53 0 [Note] InnoDB: Number of pools: 1
mysql-1             | 2026-09-17 10:01:53 0 [Note] InnoDB: Using generic crc32 instructions
mysql-1             | 2026-09-17 10:01:53 0 [Note] InnoDB: Initializing buffer pool, total size = 256M, instances = 1, chunk size = 128M
client-cluster-2-1  | 17-Sep-2026 10:03:43 [---]    max memory usage when idle: 8929.14 MB
client-cluster-2-1  | dir_open: Could not open directory 'slots' from '/var/lib/boinc-client'.
client-cluster-2-1  | 17-Sep-2026 10:03:43 [---]    max disk usage: 2.00 GB
client-cluster-2-1  | 17-Sep-2026 10:03:43 [---]    don't use GPU while active
client-cluster-2-1  | 17-Sep-2026 10:03:43 [---]    suspend work if non-BOINC CPU load exceeds 25%
client-cluster-2-1  | 17-Sep-2026 10:03:43 [---]    (to change preferences, visit a project web site or select Preferences in the Manager)
client-cluster-2-1  | 17-Sep-2026 10:03:43 [---] Setting up project and slot directories
client-cluster-2-1  | 17-Sep-2026 10:03:43 [---] Checking active tasks
client-cluster-2-1  | 17-Sep-2026 10:03:43 [---] Setting up GUI RPC socket
client-cluster-2-1  | 17-Sep-2026 10:03:43 [---] Checking presence of 0 project files
client-cluster-2-1  | 17-Sep-2026 10:03:43 [---] This computer is not attached to any projects
client-phone-1      | 17-Sep-2026 10:04:06 [boincserver] Finished download of hybrid_synthetic_input.txt
client-phone-1      | 17-Sep-2026 10:04:06 [boincserver] Elapsed time limit 50.000000 < 120.000000; setting to 43200.000000
client-low-power-1  | 17-Sep-2026 10:04:00 [http://boincserver.local/boincserver/] Sending scheduler request: Project initialization.
client-low-power-1  | 17-Sep-2026 10:04:00 [http://boincserver.local/boincserver/] Requesting new tasks for CPU
client-cluster-2-1  | 17-Sep-2026 10:03:43 Initialization completed
client-cluster-2-1  | dir_open: Could not open directory 'projects/boincserver.local_boincserver' from '/var/lib/boinc-client'.
client-cluster-2-1  | 17-Sep-2026 10:03:44 [---] No general preferences found - using defaults
client-cluster-2-1  | 17-Sep-2026 10:03:44 [---] Reading preferences override file
client-cluster-2-1  | 17-Sep-2026 10:03:44 [---] Preferences:
client-cluster-2-1  | 17-Sep-2026 10:03:44 [---]    max memory usage when active: 8929.14 MB
client-cluster-2-1  | 17-Sep-2026 10:03:44 [---]    max memory usage when idle: 8929.14 MB
client-cluster-2-1  | 17-Sep-2026 10:03:44 [---]    max disk usage: 2.00 GB
client-cluster-2-1  | 17-Sep-2026 10:03:44 [---]    don't use GPU while active
client-cluster-2-1  | 17-Sep-2026 10:03:44 [---]    suspend work if non-BOINC CPU load exceeds 25%
client-cluster-2-1  | 17-Sep-2026 10:03:44 [---]    (to change preferences, visit a project web site or select Preferences in the Manager)
client-cluster-2-1  | 17-Sep-2026 10:03:48 [http://boincserver.local/boincserver/] Fetching scheduler list
client-cluster-2-1  | 17-Sep-2026 10:03:50 [http://boincserver.local/boincserver/] Master file download succeeded
client-cluster-2-1  | 17-Sep-2026 10:03:55 [http://boincserver.local/boincserver/] Sending scheduler request: Project initialization.
client-cluster-2-1  | 17-Sep-2026 10:03:55 [http://boincserver.local/boincserver/] Requesting new tasks for CPU
client-cluster-2-1  | 17-Sep-2026 10:04:02 [boincserver] Scheduler request completed: got 1 new tasks
client-cluster-2-1  | 17-Sep-2026 10:04:02 [boincserver] Project requested delay of 7 seconds
client-cluster-2-1  | 17-Sep-2026 10:04:04 [boincserver] Started download of hybrid_synthetic_1.0_aarch64-unknown-linux-gnu
client-cluster-2-1  | 17-Sep-2026 10:04:04 [boincserver] Started download of hybrid_synthetic_input.txt
mysql-1             | 2026-09-17 10:01:53 0 [Note] InnoDB: Completed initialization of buffer pool
mysql-1             | 2026-09-17 10:01:53 0 [Note] InnoDB: If the mysqld execution user is authorized, page cleaner thread priority can be changed. See the man page of setpriority().
mysql-1             | 2026-09-17 10:01:53 0 [Note] InnoDB: 128 out of 128 rollback segments are active.
mysql-1             | 2026-09-17 10:01:53 0 [Note] InnoDB: Creating shared tablespace for temporary tables
mysql-1             | 2026-09-17 10:01:53 0 [Note] InnoDB: Setting file './ibtmp1' size to 12 MB. Physically writing the file full; Please wait ...
mysql-1             | 2026-09-17 10:01:53 0 [Note] InnoDB: File './ibtmp1' size is now 12 MB.
mysql-1             | 2026-09-17 10:01:53 0 [Note] InnoDB: 10.3.8 started; log sequence number 1630815; transaction id 21
mysql-1             | 2026-09-17 10:01:53 0 [Note] InnoDB: Loading buffer pool(s) from /var/lib/mysql/ib_buffer_pool
mysql-1             | 2026-09-17 10:01:53 0 [Note] Plugin 'FEEDBACK' is disabled.
mysql-1             | 2026-09-17 10:01:53 0 [Note] InnoDB: Buffer pool(s) load completed at 260917 10:01:53
mysql-1             | 2026-09-17 10:01:53 0 [Warning] 'user' entry 'root@6d0c127408f4' ignored in --skip-name-resolve mode.
client-phone-2-1    | 17-Sep-2026 10:03:43 [---] Preferences:
client-phone-2-1    | 17-Sep-2026 10:03:43 [---]    max memory usage when active: 8929.14 MB
client-cluster-1    | 17-Sep-2026 10:03:44 [---] Reading preferences override file
client-cluster-1    | 17-Sep-2026 10:03:44 [---] Preferences:
client-cluster-1    | 17-Sep-2026 10:03:44 [---]    max memory usage when active: 8929.14 MB
client-cluster-1    | 17-Sep-2026 10:03:44 [---]    max memory usage when idle: 8929.14 MB
client-cluster-1    | 17-Sep-2026 10:03:44 [---]    max disk usage: 2.00 GB
client-cluster-1    | 17-Sep-2026 10:03:44 [---]    don't use GPU while active
client-cluster-1    | 17-Sep-2026 10:03:44 [---]    suspend work if non-BOINC CPU load exceeds 25%
client-phone-2-1    | dir_open: Could not open directory 'slots' from '/var/lib/boinc-client'.
client-phone-2-1    | 17-Sep-2026 10:03:43 [---]    max memory usage when idle: 8929.14 MB
client-phone-2-1    | 17-Sep-2026 10:03:43 [---]    max disk usage: 2.00 GB
client-cluster-2-1  | 17-Sep-2026 10:04:06 [boincserver] Finished download of hybrid_synthetic_1.0_aarch64-unknown-linux-gnu
client-cluster-2-1  | 17-Sep-2026 10:04:06 [boincserver] Finished download of hybrid_synthetic_input.txt
client-cluster-2-1  | 17-Sep-2026 10:04:06 [boincserver] Elapsed time limit 50.000000 < 120.000000; setting to 43200.000000
client-cluster-2-1  | 17-Sep-2026 10:04:06 [boincserver] Starting task exp_20260917T092942Z_round_robin_short_12_0
client-cluster-2-1  | 17-Sep-2026 10:04:12 [boincserver] Sending scheduler request: To fetch work.
client-cluster-2-1  | 17-Sep-2026 10:04:12 [boincserver] Requesting new tasks for CPU
client-cluster-2-1  | 17-Sep-2026 10:04:14 [boincserver] Computation for task exp_20260917T092942Z_round_robin_short_12_0 finished
client-cluster-2-1  | 17-Sep-2026 10:04:16 [boincserver] Started upload of exp_20260917T092942Z_round_robin_short_12_0_r1236768355_0
client-cluster-1    | 17-Sep-2026 10:03:44 [---]    (to change preferences, visit a project web site or select Preferences in the Manager)
client-cluster-1    | 17-Sep-2026 10:03:48 [http://boincserver.local/boincserver/] Fetching scheduler list
client-cluster-1    | 17-Sep-2026 10:03:50 [http://boincserver.local/boincserver/] Master file download succeeded
client-cluster-1    | 17-Sep-2026 10:03:55 [http://boincserver.local/boincserver/] Sending scheduler request: Project initialization.
client-cluster-1    | 17-Sep-2026 10:03:55 [http://boincserver.local/boincserver/] Requesting new tasks for CPU
client-cluster-1    | 17-Sep-2026 10:03:57 [boincserver] Scheduler request completed: got 1 new tasks
client-cluster-1    | 17-Sep-2026 10:03:57 [boincserver] Project requested delay of 7 seconds
client-cluster-1    | 17-Sep-2026 10:03:59 [boincserver] Started download of hybrid_synthetic_1.0_aarch64-unknown-linux-gnu
client-cluster-1    | 17-Sep-2026 10:03:59 [boincserver] Started download of hybrid_synthetic_input.txt
client-cluster-1    | 17-Sep-2026 10:04:01 [boincserver] Finished download of hybrid_synthetic_1.0_aarch64-unknown-linux-gnu
client-cluster-1    | 17-Sep-2026 10:04:01 [boincserver] Finished download of hybrid_synthetic_input.txt
client-cluster-1    | 17-Sep-2026 10:04:01 [boincserver] Elapsed time limit 50.000000 < 120.000000; setting to 43200.000000
client-cluster-1    | 17-Sep-2026 10:04:01 [boincserver] Starting task exp_20260917T092942Z_round_robin_short_2_0
client-cluster-1    | 17-Sep-2026 10:04:07 [boincserver] Sending scheduler request: To fetch work.
client-cluster-1    | 17-Sep-2026 10:04:07 [boincserver] Requesting new tasks for CPU
client-cluster-1    | 17-Sep-2026 10:04:09 [boincserver] Computation for task exp_20260917T092942Z_round_robin_short_2_0 finished
client-cluster-1    | 17-Sep-2026 10:04:11 [boincserver] Started upload of exp_20260917T092942Z_round_robin_short_2_0_r434616727_0
client-cluster-1    | 17-Sep-2026 10:04:13 [boincserver] Finished upload of exp_20260917T092942Z_round_robin_short_2_0_r434616727_0
client-cluster-1    | 17-Sep-2026 10:04:14 [boincserver] Scheduler request completed: got 4 new tasks
client-cluster-1    | 17-Sep-2026 10:04:14 [boincserver] Project requested delay of 7 seconds
client-phone-1      | 17-Sep-2026 10:04:06 [boincserver] Starting task exp_20260917T092942Z_round_robin_short_11_0
client-phone-1      | 17-Sep-2026 10:04:12 [boincserver] Sending scheduler request: To fetch work.
client-phone-1      | 17-Sep-2026 10:04:12 [boincserver] Requesting new tasks for CPU
client-phone-1      | 17-Sep-2026 10:04:14 [boincserver] Computation for task exp_20260917T092942Z_round_robin_short_11_0 finished
client-phone-1      | 17-Sep-2026 10:04:16 [boincserver] Started upload of exp_20260917T092942Z_round_robin_short_11_0_r1177921199_0
client-phone-1      | 17-Sep-2026 10:04:18 [boincserver] Finished upload of exp_20260917T092942Z_round_robin_short_11_0_r1177921199_0
client-phone-1      | 17-Sep-2026 10:04:19 [boincserver] Scheduler request completed: got 1 new tasks
client-phone-1      | 17-Sep-2026 10:04:19 [boincserver] Project requested delay of 7 seconds
mysql-1             | 2026-09-17 10:01:53 0 [Warning] 'user' entry '@6d0c127408f4' ignored in --skip-name-resolve mode.
mysql-1             | 2026-09-17 10:01:53 0 [Warning] 'proxies_priv' entry '@% root@6d0c127408f4' ignored in --skip-name-resolve mode.
client-cluster-2-1  | 17-Sep-2026 10:04:18 [boincserver] Finished upload of exp_20260917T092942Z_round_robin_short_12_0_r1236768355_0
client-cluster-2-1  | 17-Sep-2026 10:04:19 [boincserver] Scheduler request completed: got 4 new tasks
client-cluster-2-1  | 17-Sep-2026 10:04:19 [boincserver] Project requested delay of 7 seconds
client-cluster-2-1  | 17-Sep-2026 10:04:21 [boincserver] Elapsed time limit 50.000000 < 120.000000; setting to 43200.000000
client-cluster-2-1  | 17-Sep-2026 10:04:21 [boincserver] Starting task exp_20260917T092942Z_round_robin_short_18_0
client-cluster-2-1  | 17-Sep-2026 10:04:21 [boincserver] Starting task exp_20260917T092942Z_round_robin_long_6_0
client-cluster-2-1  | 17-Sep-2026 10:04:21 [boincserver] Starting task exp_20260917T092942Z_round_robin_medium_12_0
client-cluster-1    | 17-Sep-2026 10:04:16 [boincserver] Elapsed time limit 50.000000 < 120.000000; setting to 43200.000000
client-cluster-1    | 17-Sep-2026 10:04:16 [boincserver] Elapsed time limit 50.000000 < 120.000000; setting to 43200.000000
client-cluster-1    | 17-Sep-2026 10:04:16 [boincserver] Starting task exp_20260917T092942Z_round_robin_short_14_0
client-cluster-1    | 17-Sep-2026 10:04:16 [boincserver] Starting task exp_20260917T092942Z_round_robin_medium_8_0
client-cluster-1    | 17-Sep-2026 10:04:16 [boincserver] Starting task exp_20260917T092942Z_round_robin_short_8_0
client-cluster-1    | 17-Sep-2026 10:04:16 [boincserver] Starting task exp_20260917T092942Z_round_robin_medium_2_0
client-cluster-1    | 17-Sep-2026 10:04:54 [boincserver] Computation for task exp_20260917T092942Z_round_robin_short_14_0 finished
client-cluster-1    | 17-Sep-2026 10:04:54 [boincserver] Sending scheduler request: To report completed tasks.
client-cluster-1    | 17-Sep-2026 10:04:54 [boincserver] Reporting 1 completed tasks
client-cluster-1    | 17-Sep-2026 10:04:54 [boincserver] Requesting new tasks for CPU
client-cluster-1    | 17-Sep-2026 10:04:55 [boincserver] Computation for task exp_20260917T092942Z_round_robin_short_8_0 finished
client-cluster-1    | 17-Sep-2026 10:04:56 [boincserver] Started upload of exp_20260917T092942Z_round_robin_short_14_0_r111046426_0
client-cluster-1    | 17-Sep-2026 10:04:56 [boincserver] Scheduler request completed: got 1 new tasks
client-cluster-2-1  | 17-Sep-2026 10:04:21 [boincserver] Starting task exp_20260917T092942Z_round_robin_medium_6_0
client-cluster-2-1  | 17-Sep-2026 10:04:29 [boincserver] Computation for task exp_20260917T092942Z_round_robin_short_18_0 finished
client-desktop-1    | 17-Sep-2026 10:05:18 [boincserver] Starting task exp_20260917T092942Z_round_robin_long_2_0
client-desktop-1    | 17-Sep-2026 10:05:19 [boincserver] Started upload of exp_20260917T092942Z_round_robin_medium_1_0_r1575387779_0
mysql-1             | 2026-09-17 10:01:53 0 [Note] Reading of all Master_info entries succeded
mysql-1             | 2026-09-17 10:01:53 0 [Note] Added new Master_info '' to hash table
client-low-power-1  | 17-Sep-2026 10:04:02 [boincserver] Scheduler request completed: got 1 new tasks
client-low-power-1  | 17-Sep-2026 10:04:02 [boincserver] Project requested delay of 7 seconds
client-low-power-1  | 17-Sep-2026 10:04:04 [boincserver] Started download of hybrid_synthetic_1.0_aarch64-unknown-linux-gnu
client-low-power-1  | 17-Sep-2026 10:04:04 [boincserver] Started download of hybrid_synthetic_input.txt
client-low-power-1  | 17-Sep-2026 10:04:06 [boincserver] Finished download of hybrid_synthetic_1.0_aarch64-unknown-linux-gnu
client-desktop-1    | 17-Sep-2026 10:05:20 [boincserver] Started upload of exp_20260917T092942Z_round_robin_medium_7_0_r1938111481_0
client-desktop-1    | 17-Sep-2026 10:05:21 [boincserver] Finished upload of exp_20260917T092942Z_round_robin_medium_1_0_r1575387779_0
client-phone-1      | 17-Sep-2026 10:04:21 [boincserver] Elapsed time limit 50.000000 < 120.000000; setting to 43200.000000
client-phone-1      | 17-Sep-2026 10:04:21 [boincserver] Starting task exp_20260917T092942Z_round_robin_short_5_0
client-phone-1      | 17-Sep-2026 10:04:29 [boincserver] Sending scheduler request: To report completed tasks.
client-phone-1      | 17-Sep-2026 10:04:29 [boincserver] Reporting 1 completed tasks
client-phone-1      | 17-Sep-2026 10:04:29 [boincserver] Requesting new tasks for CPU
client-cluster-1    | 17-Sep-2026 10:04:56 [boincserver] Project requested delay of 7 seconds
client-cluster-1    | 17-Sep-2026 10:04:57 [boincserver] Started upload of exp_20260917T092942Z_round_robin_short_8_0_r1227779468_0
client-cluster-2-1  | 17-Sep-2026 10:04:29 [boincserver] Sending scheduler request: To report completed tasks.
client-cluster-2-1  | 17-Sep-2026 10:04:29 [boincserver] Reporting 1 completed tasks
client-low-power-1  | 17-Sep-2026 10:04:06 [boincserver] Finished download of hybrid_synthetic_input.txt
client-low-power-1  | 17-Sep-2026 10:04:06 [boincserver] Elapsed time limit 50.000000 < 120.000000; setting to 43200.000000
client-phone-1      | 17-Sep-2026 10:04:30 [boincserver] Computation for task exp_20260917T092942Z_round_robin_short_5_0 finished
client-phone-1      | 17-Sep-2026 10:04:31 [boincserver] Scheduler request completed: got 1 new tasks
client-phone-1      | 17-Sep-2026 10:04:31 [boincserver] Project requested delay of 7 seconds
client-phone-1      | 17-Sep-2026 10:04:32 [boincserver] Started upload of exp_20260917T092942Z_round_robin_short_5_0_r2038626442_0
client-cluster-2-1  | 17-Sep-2026 10:04:29 [boincserver] Requesting new tasks for CPU
client-cluster-2-1  | 17-Sep-2026 10:04:31 [boincserver] Started upload of exp_20260917T092942Z_round_robin_short_18_0_r1124254250_0
client-cluster-2-1  | 17-Sep-2026 10:04:31 [boincserver] Scheduler request completed: got 4 new tasks
client-cluster-2-1  | 17-Sep-2026 10:04:31 [boincserver] Project requested delay of 7 seconds
client-cluster-2-1  | 17-Sep-2026 10:04:33 [boincserver] Finished upload of exp_20260917T092942Z_round_robin_short_18_0_r1124254250_0
client-cluster-2-1  | 17-Sep-2026 10:04:33 [boincserver] Starting task exp_20260917T092942Z_round_robin_medium_11_0
client-phone-1      | 17-Sep-2026 10:04:33 [boincserver] Elapsed time limit 50.000000 < 120.000000; setting to 43200.000000
client-phone-1      | 17-Sep-2026 10:04:33 [boincserver] Starting task exp_20260917T092942Z_round_robin_short_17_0
client-phone-1      | 17-Sep-2026 10:04:34 [boincserver] Finished upload of exp_20260917T092942Z_round_robin_short_5_0_r2038626442_0
client-phone-1      | 17-Sep-2026 10:04:41 [boincserver] Computation for task exp_20260917T092942Z_round_robin_short_17_0 finished
client-phone-1      | 17-Sep-2026 10:04:41 [boincserver] Sending scheduler request: To report completed tasks.
client-phone-1      | 17-Sep-2026 10:04:41 [boincserver] Reporting 1 completed tasks
client-phone-1      | 17-Sep-2026 10:04:41 [boincserver] Requesting new tasks for CPU
client-phone-1      | 17-Sep-2026 10:04:43 [boincserver] Started upload of exp_20260917T092942Z_round_robin_short_17_0_r720136502_0
client-phone-1      | 17-Sep-2026 10:04:43 [boincserver] Scheduler request completed: got 1 new tasks
client-phone-1      | 17-Sep-2026 10:04:43 [boincserver] Project requested delay of 7 seconds
client-phone-1      | 17-Sep-2026 10:04:45 [boincserver] Finished upload of exp_20260917T092942Z_round_robin_short_17_0_r720136502_0
client-phone-1      | 17-Sep-2026 10:04:45 [boincserver] Starting task exp_20260917T092942Z_round_robin_medium_10_0
client-phone-1      | 17-Sep-2026 10:04:53 [boincserver] Sending scheduler request: To report completed tasks.
client-phone-1      | 17-Sep-2026 10:04:53 [boincserver] Reporting 1 completed tasks
mysql-1             | 2026-09-17 10:01:53 0 [Note] mysqld: ready for connections.
mysql-1             | Version: '10.3.8-MariaDB-1:10.3.8+maria~bionic'  socket: '/var/run/mysqld/mysqld.sock'  port: 0  mariadb.org binary distribution
mysql-1             | Warning: Unable to load '/usr/share/zoneinfo/leap-seconds.list' as time zone. Skipping it.
mysql-1             | 2026-09-17 10:01:54 10 [Warning] 'proxies_priv' entry '@% root@6d0c127408f4' ignored in --skip-name-resolve mode.
mysql-1             | 
mysql-1             | 2026-09-17 10:01:54 0 [Note] mysqld (initiated by: unknown): Normal shutdown
mysql-1             | 2026-09-17 10:01:54 0 [Note] Event Scheduler: Purging the queue. 0 events
mysql-1             | 2026-09-17 10:01:54 0 [Note] InnoDB: FTS optimize thread exiting.
client-cluster-1    | 17-Sep-2026 10:04:57 [boincserver] Computation for task exp_20260917T092942Z_round_robin_medium_8_0 finished
client-cluster-1    | 17-Sep-2026 10:04:58 [boincserver] Finished upload of exp_20260917T092942Z_round_robin_short_14_0_r111046426_0
client-cluster-1    | 17-Sep-2026 10:04:58 [boincserver] Finished upload of exp_20260917T092942Z_round_robin_short_8_0_r1227779468_0
client-cluster-1    | 17-Sep-2026 10:04:58 [boincserver] Computation for task exp_20260917T092942Z_round_robin_medium_2_0 finished
client-cluster-1    | 17-Sep-2026 10:04:58 [boincserver] Starting task exp_20260917T092942Z_round_robin_long_3_0
client-cluster-1    | 17-Sep-2026 10:04:59 [boincserver] Started upload of exp_20260917T092942Z_round_robin_medium_8_0_r76815839_0
client-cluster-1    | 17-Sep-2026 10:05:00 [boincserver] Started upload of exp_20260917T092942Z_round_robin_medium_2_0_r1615085802_0
client-cluster-1    | 17-Sep-2026 10:05:01 [boincserver] Finished upload of exp_20260917T092942Z_round_robin_medium_8_0_r76815839_0
client-cluster-1    | 17-Sep-2026 10:05:01 [boincserver] Finished upload of exp_20260917T092942Z_round_robin_medium_2_0_r1615085802_0
client-cluster-1    | 17-Sep-2026 10:05:06 [boincserver] Sending scheduler request: To report completed tasks.
client-cluster-1    | 17-Sep-2026 10:05:06 [boincserver] Reporting 4 completed tasks
client-cluster-1    | 17-Sep-2026 10:05:06 [boincserver] Requesting new tasks for CPU
client-cluster-1    | 17-Sep-2026 10:05:08 [boincserver] Scheduler request completed: got 0 new tasks
client-cluster-1    | 17-Sep-2026 10:05:08 [boincserver] Project has no tasks available
client-cluster-1    | 17-Sep-2026 10:05:08 [boincserver] Project requested delay of 7 seconds
client-cluster-1    | 17-Sep-2026 10:05:18 [boincserver] Sending scheduler request: To fetch work.
client-cluster-1    | 17-Sep-2026 10:05:18 [boincserver] Requesting new tasks for CPU
client-cluster-1    | 17-Sep-2026 10:05:20 [boincserver] Scheduler request completed: got 0 new tasks
mysql-1             | 2026-09-17 10:01:54 0 [Note] InnoDB: Starting shutdown...
mysql-1             | 2026-09-17 10:01:54 0 [Note] InnoDB: Dumping buffer pool(s) to /var/lib/mysql/ib_buffer_pool
client-cluster-2-1  | 17-Sep-2026 10:05:04 [boincserver] Sending scheduler request: To report completed tasks.
client-cluster-2-1  | 17-Sep-2026 10:05:04 [boincserver] Reporting 1 completed tasks
client-cluster-2-1  | 17-Sep-2026 10:05:04 [boincserver] Requesting new tasks for CPU
client-cluster-2-1  | 17-Sep-2026 10:05:06 [boincserver] Scheduler request completed: got 0 new tasks
client-cluster-2-1  | 17-Sep-2026 10:05:06 [boincserver] Project has no tasks available
client-cluster-2-1  | 17-Sep-2026 10:05:06 [boincserver] Project requested delay of 7 seconds
client-cluster-2-1  | 17-Sep-2026 10:05:07 [boincserver] Computation for task exp_20260917T092942Z_round_robin_medium_12_0 finished
client-cluster-2-1  | 17-Sep-2026 10:05:07 [boincserver] Starting task exp_20260917T092942Z_round_robin_medium_5_0
client-cluster-2-1  | 17-Sep-2026 10:05:08 [boincserver] Computation for task exp_20260917T092942Z_round_robin_medium_6_0 finished
client-cluster-2-1  | 17-Sep-2026 10:05:08 [boincserver] Starting task exp_20260917T092942Z_round_robin_long_1_0
client-cluster-2-1  | 17-Sep-2026 10:05:09 [boincserver] Started upload of exp_20260917T092942Z_round_robin_medium_12_0_r2077582545_0
client-cluster-1    | 17-Sep-2026 10:05:20 [boincserver] Project has no tasks available
client-cluster-1    | 17-Sep-2026 10:05:20 [boincserver] Project requested delay of 7 seconds
client-cluster-1    | 17-Sep-2026 10:07:01 [boincserver] Computation for task exp_20260917T092942Z_round_robin_long_3_0 finished
client-cluster-1    | 17-Sep-2026 10:07:03 [boincserver] Started upload of exp_20260917T092942Z_round_robin_long_3_0_r1553421380_0
client-cluster-1    | 17-Sep-2026 10:07:05 [boincserver] Finished upload of exp_20260917T092942Z_round_robin_long_3_0_r1553421380_0
client-cluster-1    | 17-Sep-2026 10:07:05 [boincserver] Sending scheduler request: To report completed tasks.
client-cluster-1    | 17-Sep-2026 10:07:05 [boincserver] Reporting 1 completed tasks
client-cluster-1    | 17-Sep-2026 10:07:05 [boincserver] Requesting new tasks for CPU
client-cluster-1    | 17-Sep-2026 10:07:07 [boincserver] Scheduler request completed: got 0 new tasks
client-cluster-1    | 17-Sep-2026 10:07:07 [boincserver] Project has no tasks available
client-cluster-1    | 17-Sep-2026 10:07:07 [boincserver] Project requested delay of 7 seconds
client-cluster-1    | 17-Sep-2026 10:07:17 [boincserver] Sending scheduler request: To fetch work.
client-cluster-1    | 17-Sep-2026 10:07:17 [boincserver] Requesting new tasks for CPU
mysql-1             | 2026-09-17 10:01:54 0 [Note] InnoDB: Buffer pool(s) dump completed at 260917 10:01:54
mysql-1             | 2026-09-17 10:01:56 0 [Note] InnoDB: Shutdown completed; log sequence number 1630824; transaction id 24
mysql-1             | 2026-09-17 10:01:56 0 [Note] InnoDB: Removed temporary tablespace data file: "ibtmp1"
mysql-1             | 2026-09-17 10:01:56 0 [Note] mysqld: Shutdown complete
mysql-1             | 
mysql-1             | 
client-phone-1      | 17-Sep-2026 10:04:53 [boincserver] Requesting new tasks for CPU
client-phone-1      | 17-Sep-2026 10:05:00 [boincserver] Scheduler request completed: got 1 new tasks
client-phone-1      | 17-Sep-2026 10:05:00 [boincserver] Project requested delay of 7 seconds
client-phone-1      | 17-Sep-2026 10:05:34 [boincserver] Sending scheduler request: To fetch work.
client-phone-1      | 17-Sep-2026 10:05:34 [boincserver] Requesting new tasks for CPU
client-phone-1      | 17-Sep-2026 10:05:36 [boincserver] Scheduler request completed: got 0 new tasks
client-cluster-2-1  | 17-Sep-2026 10:05:09 [boincserver] Computation for task exp_20260917T092942Z_round_robin_medium_11_0 finished
client-cluster-2-1  | 17-Sep-2026 10:05:09 [boincserver] Starting task exp_20260917T092942Z_round_robin_long_5_0
client-cluster-2-1  | 17-Sep-2026 10:05:10 [boincserver] Started upload of exp_20260917T092942Z_round_robin_medium_6_0_r1785241952_0
client-cluster-2-1  | 17-Sep-2026 10:05:11 [boincserver] Finished upload of exp_20260917T092942Z_round_robin_medium_12_0_r2077582545_0
client-cluster-2-1  | 17-Sep-2026 10:05:11 [boincserver] Finished upload of exp_20260917T092942Z_round_robin_medium_6_0_r1785241952_0
client-cluster-2-1  | 17-Sep-2026 10:05:11 [boincserver] Started upload of exp_20260917T092942Z_round_robin_medium_11_0_r844301362_0
client-cluster-2-1  | 17-Sep-2026 10:05:13 [boincserver] Finished upload of exp_20260917T092942Z_round_robin_medium_11_0_r844301362_0
client-cluster-2-1  | 17-Sep-2026 10:05:16 [boincserver] Sending scheduler request: To report completed tasks.
client-cluster-2-1  | 17-Sep-2026 10:05:16 [boincserver] Reporting 3 completed tasks
client-cluster-2-1  | 17-Sep-2026 10:05:16 [boincserver] Requesting new tasks for CPU
client-cluster-2-1  | 17-Sep-2026 10:05:18 [boincserver] Scheduler request completed: got 0 new tasks
client-cluster-2-1  | 17-Sep-2026 10:05:18 [boincserver] Project has no tasks available
client-cluster-2-1  | 17-Sep-2026 10:05:18 [boincserver] Project requested delay of 7 seconds
client-cluster-2-1  | 17-Sep-2026 10:05:28 [boincserver] Sending scheduler request: To fetch work.
client-cluster-2-1  | 17-Sep-2026 10:05:28 [boincserver] Requesting new tasks for CPU
client-cluster-2-1  | 17-Sep-2026 10:05:30 [boincserver] Scheduler request completed: got 0 new tasks
client-cluster-2-1  | 17-Sep-2026 10:05:30 [boincserver] Project has no tasks available
client-cluster-2-1  | 17-Sep-2026 10:05:30 [boincserver] Project requested delay of 7 seconds
client-cluster-2-1  | 17-Sep-2026 10:06:07 [boincserver] Computation for task exp_20260917T092942Z_round_robin_medium_5_0 finished
client-cluster-2-1  | 17-Sep-2026 10:06:09 [boincserver] Started upload of exp_20260917T092942Z_round_robin_medium_5_0_r1992976764_0
client-cluster-2-1  | 17-Sep-2026 10:06:11 [boincserver] Finished upload of exp_20260917T092942Z_round_robin_medium_5_0_r1992976764_0
client-cluster-2-1  | 17-Sep-2026 10:06:14 [boincserver] Sending scheduler request: To report completed tasks.
client-cluster-2-1  | 17-Sep-2026 10:06:14 [boincserver] Reporting 1 completed tasks
client-cluster-2-1  | 17-Sep-2026 10:06:14 [boincserver] Requesting new tasks for CPU
client-cluster-2-1  | 17-Sep-2026 10:06:21 [boincserver] Scheduler request completed: got 0 new tasks
client-cluster-2-1  | 17-Sep-2026 10:06:21 [boincserver] Project has no tasks available
client-desktop-1    | 17-Sep-2026 10:05:21 [boincserver] Finished upload of exp_20260917T092942Z_round_robin_medium_7_0_r1938111481_0
client-desktop-1    | 17-Sep-2026 10:05:25 [boincserver] Computation for task exp_20260917T092942Z_round_robin_short_6_0 finished
client-desktop-1    | 17-Sep-2026 10:05:26 [boincserver] Sending scheduler request: To report completed tasks.
client-desktop-1    | 17-Sep-2026 10:05:26 [boincserver] Reporting 2 completed tasks
client-desktop-1    | 17-Sep-2026 10:05:26 [boincserver] Requesting new tasks for CPU
client-desktop-1    | 17-Sep-2026 10:05:27 [boincserver] Started upload of exp_20260917T092942Z_round_robin_short_6_0_r1931297793_0
client-desktop-1    | 17-Sep-2026 10:05:28 [boincserver] Finished upload of exp_20260917T092942Z_round_robin_short_6_0_r1931297793_0
client-desktop-1    | 17-Sep-2026 10:05:28 [boincserver] Scheduler request completed: got 0 new tasks
client-desktop-1    | 17-Sep-2026 10:05:28 [boincserver] Project has no tasks available
client-desktop-1    | 17-Sep-2026 10:05:28 [boincserver] Project requested delay of 7 seconds
client-desktop-1    | 17-Sep-2026 10:05:38 [boincserver] Sending scheduler request: To report completed tasks.
client-desktop-1    | 17-Sep-2026 10:05:38 [boincserver] Reporting 1 completed tasks
client-desktop-1    | 17-Sep-2026 10:05:38 [boincserver] Requesting new tasks for CPU
client-desktop-1    | 17-Sep-2026 10:05:40 [boincserver] Scheduler request completed: got 0 new tasks
client-desktop-1    | 17-Sep-2026 10:05:40 [boincserver] Project has no tasks available
client-desktop-1    | 17-Sep-2026 10:05:40 [boincserver] Project requested delay of 7 seconds
client-desktop-1    | 17-Sep-2026 10:06:15 [boincserver] Sending scheduler request: To fetch work.
client-desktop-1    | 17-Sep-2026 10:06:15 [boincserver] Requesting new tasks for CPU
client-desktop-1    | 17-Sep-2026 10:06:17 [boincserver] Scheduler request completed: got 0 new tasks
client-desktop-1    | 17-Sep-2026 10:06:17 [boincserver] Project has no tasks available
client-desktop-1    | 17-Sep-2026 10:06:17 [boincserver] Project requested delay of 7 seconds
client-desktop-1    | 17-Sep-2026 10:07:21 [boincserver] Computation for task exp_20260917T092942Z_round_robin_long_2_0 finished
client-desktop-1    | 17-Sep-2026 10:07:23 [boincserver] Started upload of exp_20260917T092942Z_round_robin_long_2_0_r1206726288_0
client-desktop-1    | 17-Sep-2026 10:07:25 [boincserver] Finished upload of exp_20260917T092942Z_round_robin_long_2_0_r1206726288_0
client-desktop-1    | 17-Sep-2026 10:07:25 [boincserver] Sending scheduler request: To report completed tasks.
client-desktop-1    | 17-Sep-2026 10:07:25 [boincserver] Reporting 1 completed tasks
client-desktop-1    | 17-Sep-2026 10:07:25 [boincserver] Requesting new tasks for CPU
client-desktop-1    | 17-Sep-2026 10:07:27 [boincserver] Scheduler request completed: got 0 new tasks
client-desktop-1    | 17-Sep-2026 10:07:27 [boincserver] Project has no tasks available
client-desktop-1    | 17-Sep-2026 10:07:27 [boincserver] Project requested delay of 7 seconds
client-desktop-1    | 17-Sep-2026 10:07:37 [boincserver] Sending scheduler request: To fetch work.
client-desktop-1    | 17-Sep-2026 10:07:37 [boincserver] Requesting new tasks for CPU
client-desktop-1    | 17-Sep-2026 10:07:39 [boincserver] Scheduler request completed: got 0 new tasks
client-desktop-1    | 17-Sep-2026 10:07:39 [boincserver] Project has no tasks available
client-desktop-1    | 17-Sep-2026 10:07:39 [boincserver] Project requested delay of 7 seconds
client-cluster-2-1  | 17-Sep-2026 10:06:21 [boincserver] Project requested delay of 7 seconds
client-cluster-2-1  | 17-Sep-2026 10:06:23 [boincserver] Computation for task exp_20260917T092942Z_round_robin_long_6_0 finished
client-cluster-2-1  | 17-Sep-2026 10:06:25 [boincserver] Started upload of exp_20260917T092942Z_round_robin_long_6_0_r467911229_0
client-low-power-1  | 17-Sep-2026 10:04:06 [boincserver] Starting task exp_20260917T092942Z_round_robin_short_9_0
client-low-power-1  | 17-Sep-2026 10:04:12 [boincserver] Sending scheduler request: To fetch work.
client-low-power-1  | 17-Sep-2026 10:04:12 [boincserver] Requesting new tasks for CPU
client-low-power-1  | 17-Sep-2026 10:04:14 [boincserver] Computation for task exp_20260917T092942Z_round_robin_short_9_0 finished
client-low-power-1  | 17-Sep-2026 10:04:14 [boincserver] Scheduler request completed: got 1 new tasks
client-phone-2-1    | 17-Sep-2026 10:03:43 [---]    don't use GPU while active
client-phone-2-1    | 17-Sep-2026 10:03:43 [---]    suspend work if non-BOINC CPU load exceeds 25%
client-phone-2-1    | 17-Sep-2026 10:03:43 [---]    (to change preferences, visit a project web site or select Preferences in the Manager)
client-phone-2-1    | 17-Sep-2026 10:03:43 [---] Setting up project and slot directories
client-phone-2-1    | 17-Sep-2026 10:03:43 [---] Checking active tasks
client-phone-2-1    | 17-Sep-2026 10:03:43 [---] Setting up GUI RPC socket
client-phone-2-1    | 17-Sep-2026 10:03:43 [---] Checking presence of 0 project files
client-phone-2-1    | 17-Sep-2026 10:03:43 [---] This computer is not attached to any projects
client-phone-2-1    | 17-Sep-2026 10:03:43 Initialization completed
client-phone-2-1    | dir_open: Could not open directory 'projects/boincserver.local_boincserver' from '/var/lib/boinc-client'.
client-low-power-1  | 17-Sep-2026 10:04:14 [boincserver] Project requested delay of 7 seconds
client-cluster-1    | 17-Sep-2026 10:07:19 [boincserver] Scheduler request completed: got 0 new tasks
client-cluster-1    | 17-Sep-2026 10:07:19 [boincserver] Project has no tasks available
mysql-1             | MySQL init process done. Ready for start up.
mysql-1             | 
client-phone-2-1    | 17-Sep-2026 10:03:44 [---] No general preferences found - using defaults
client-phone-2-1    | 17-Sep-2026 10:03:44 [---] Reading preferences override file
client-phone-2-1    | 17-Sep-2026 10:03:44 [---] Preferences:
client-phone-2-1    | 17-Sep-2026 10:03:44 [---]    max memory usage when active: 8929.14 MB
client-phone-2-1    | 17-Sep-2026 10:03:44 [---]    max memory usage when idle: 8929.14 MB
client-phone-2-1    | 17-Sep-2026 10:03:44 [---]    max disk usage: 2.00 GB
client-phone-2-1    | 17-Sep-2026 10:03:44 [---]    don't use GPU while active
client-phone-2-1    | 17-Sep-2026 10:03:44 [---]    suspend work if non-BOINC CPU load exceeds 25%
client-cluster-1    | 17-Sep-2026 10:07:19 [boincserver] Project requested delay of 7 seconds
client-phone-1      | 17-Sep-2026 10:05:36 [boincserver] Project has no tasks available
client-phone-1      | 17-Sep-2026 10:05:36 [boincserver] Project requested delay of 7 seconds
mysql-1             | 2026-09-17 10:01:56 0 [Note] mysqld (mysqld 10.3.8-MariaDB-1:10.3.8+maria~bionic) starting as process 1 ...
mysql-1             | 2026-09-17 10:01:56 0 [Note] InnoDB: Using Linux native AIO
mysql-1             | 2026-09-17 10:01:56 0 [Note] InnoDB: Mutexes and rw_locks use GCC atomic builtins
mysql-1             | 2026-09-17 10:01:56 0 [Note] InnoDB: Uses event mutexes
client-phone-1      | 17-Sep-2026 10:05:37 [boincserver] Computation for task exp_20260917T092942Z_round_robin_medium_10_0 finished
client-phone-1      | 17-Sep-2026 10:05:37 [boincserver] Starting task exp_20260917T092942Z_round_robin_medium_9_0
client-phone-2-1    | 17-Sep-2026 10:03:44 [---]    (to change preferences, visit a project web site or select Preferences in the Manager)
client-phone-2-1    | 17-Sep-2026 10:03:48 [http://boincserver.local/boincserver/] Fetching scheduler list
client-phone-2-1    | 17-Sep-2026 10:03:55 [http://boincserver.local/boincserver/] Master file download succeeded
client-phone-2-1    | 17-Sep-2026 10:04:00 [http://boincserver.local/boincserver/] Sending scheduler request: Project initialization.
client-phone-2-1    | 17-Sep-2026 10:04:00 [http://boincserver.local/boincserver/] Requesting new tasks for CPU
client-phone-2-1    | 17-Sep-2026 10:04:02 [boincserver] Scheduler request completed: got 1 new tasks
client-phone-2-1    | 17-Sep-2026 10:04:02 [boincserver] Project requested delay of 7 seconds
client-phone-2-1    | 17-Sep-2026 10:04:04 [boincserver] Started download of hybrid_synthetic_1.0_aarch64-unknown-linux-gnu
client-phone-2-1    | 17-Sep-2026 10:04:04 [boincserver] Started download of hybrid_synthetic_input.txt
client-phone-2-1    | 17-Sep-2026 10:04:06 [boincserver] Finished download of hybrid_synthetic_1.0_aarch64-unknown-linux-gnu
client-phone-2-1    | 17-Sep-2026 10:04:06 [boincserver] Finished download of hybrid_synthetic_input.txt
mysql-1             | 2026-09-17 10:01:56 0 [Note] InnoDB: Compressed tables use zlib 1.2.11
mysql-1             | 2026-09-17 10:01:56 0 [Note] InnoDB: Number of pools: 1
mysql-1             | 2026-09-17 10:01:56 0 [Note] InnoDB: Using generic crc32 instructions
mysql-1             | 2026-09-17 10:01:56 0 [Note] InnoDB: Initializing buffer pool, total size = 256M, instances = 1, chunk size = 128M
mysql-1             | 2026-09-17 10:01:56 0 [Note] InnoDB: Completed initialization of buffer pool
mysql-1             | 2026-09-17 10:01:56 0 [Note] InnoDB: If the mysqld execution user is authorized, page cleaner thread priority can be changed. See the man page of setpriority().
client-cluster-2-1  | 17-Sep-2026 10:06:27 [boincserver] Finished upload of exp_20260917T092942Z_round_robin_long_6_0_r467911229_0
client-cluster-2-1  | 17-Sep-2026 10:06:31 [boincserver] Sending scheduler request: To report completed tasks.
client-cluster-2-1  | 17-Sep-2026 10:06:31 [boincserver] Reporting 1 completed tasks
client-cluster-2-1  | 17-Sep-2026 10:06:31 [boincserver] Requesting new tasks for CPU
client-phone-1      | 17-Sep-2026 10:05:39 [boincserver] Started upload of exp_20260917T092942Z_round_robin_medium_10_0_r131107656_0
client-phone-1      | 17-Sep-2026 10:05:41 [boincserver] Finished upload of exp_20260917T092942Z_round_robin_medium_10_0_r131107656_0
client-cluster-2-1  | 17-Sep-2026 10:06:33 [boincserver] Scheduler request completed: got 0 new tasks
client-cluster-2-1  | 17-Sep-2026 10:06:33 [boincserver] Project has no tasks available
client-cluster-2-1  | 17-Sep-2026 10:06:33 [boincserver] Project requested delay of 7 seconds
client-cluster-2-1  | 17-Sep-2026 10:07:05 [boincserver] Sending scheduler request: To fetch work.
client-cluster-2-1  | 17-Sep-2026 10:07:05 [boincserver] Requesting new tasks for CPU
client-cluster-2-1  | 17-Sep-2026 10:07:07 [boincserver] Scheduler request completed: got 0 new tasks
client-cluster-2-1  | 17-Sep-2026 10:07:07 [boincserver] Project has no tasks available
client-cluster-2-1  | 17-Sep-2026 10:07:07 [boincserver] Project requested delay of 7 seconds
client-phone-1      | 17-Sep-2026 10:05:46 [boincserver] Sending scheduler request: To report completed tasks.
client-phone-1      | 17-Sep-2026 10:05:46 [boincserver] Reporting 1 completed tasks
client-phone-1      | 17-Sep-2026 10:05:46 [boincserver] Requesting new tasks for CPU
mysql-1             | 2026-09-17 10:01:56 0 [Note] InnoDB: 128 out of 128 rollback segments are active.
mysql-1             | 2026-09-17 10:01:56 0 [Note] InnoDB: Creating shared tablespace for temporary tables
mysql-1             | 2026-09-17 10:01:56 0 [Note] InnoDB: Setting file './ibtmp1' size to 12 MB. Physically writing the file full; Please wait ...
mysql-1             | 2026-09-17 10:01:56 0 [Note] InnoDB: File './ibtmp1' size is now 12 MB.
client-phone-2-1    | 17-Sep-2026 10:04:06 [boincserver] Elapsed time limit 50.000000 < 120.000000; setting to 43200.000000
client-phone-2-1    | 17-Sep-2026 10:04:06 [boincserver] Starting task exp_20260917T092942Z_round_robin_short_10_0
client-phone-2-1    | 17-Sep-2026 10:04:12 [boincserver] Sending scheduler request: To fetch work.
client-phone-2-1    | 17-Sep-2026 10:04:12 [boincserver] Requesting new tasks for CPU
client-cluster-2-1  | 17-Sep-2026 10:07:11 [boincserver] Computation for task exp_20260917T092942Z_round_robin_long_1_0 finished
client-cluster-2-1  | 17-Sep-2026 10:07:12 [boincserver] Computation for task exp_20260917T092942Z_round_robin_long_5_0 finished
client-cluster-2-1  | 17-Sep-2026 10:07:13 [boincserver] Started upload of exp_20260917T092942Z_round_robin_long_1_0_r733537029_0
client-cluster-2-1  | 17-Sep-2026 10:07:14 [boincserver] Started upload of exp_20260917T092942Z_round_robin_long_5_0_r747553572_0
client-low-power-1  | 17-Sep-2026 10:04:16 [boincserver] Started upload of exp_20260917T092942Z_round_robin_short_9_0_r1907311639_0
client-low-power-1  | 17-Sep-2026 10:04:16 [boincserver] Elapsed time limit 50.000000 < 120.000000; setting to 43200.000000
client-low-power-1  | 17-Sep-2026 10:04:16 [boincserver] Starting task exp_20260917T092942Z_round_robin_short_15_0
client-low-power-1  | 17-Sep-2026 10:04:18 [boincserver] Finished upload of exp_20260917T092942Z_round_robin_short_9_0_r1907311639_0
client-low-power-1  | 17-Sep-2026 10:04:24 [boincserver] Computation for task exp_20260917T092942Z_round_robin_short_15_0 finished
client-low-power-1  | 17-Sep-2026 10:04:24 [boincserver] Sending scheduler request: To report completed tasks.
client-low-power-1  | 17-Sep-2026 10:04:24 [boincserver] Reporting 1 completed tasks
client-low-power-1  | 17-Sep-2026 10:04:24 [boincserver] Requesting new tasks for CPU
client-low-power-1  | 17-Sep-2026 10:04:26 [boincserver] Started upload of exp_20260917T092942Z_round_robin_short_15_0_r665941471_0
client-phone-1      | 17-Sep-2026 10:05:48 [boincserver] Scheduler request completed: got 0 new tasks
client-phone-1      | 17-Sep-2026 10:05:48 [boincserver] Project has no tasks available
client-phone-1      | 17-Sep-2026 10:05:48 [boincserver] Project requested delay of 7 seconds
client-phone-1      | 17-Sep-2026 10:05:58 [boincserver] Sending scheduler request: To fetch work.
client-phone-1      | 17-Sep-2026 10:05:58 [boincserver] Requesting new tasks for CPU
client-phone-1      | 17-Sep-2026 10:06:34 [boincserver] Scheduler request completed: got 0 new tasks
client-phone-2-1    | 17-Sep-2026 10:04:14 [boincserver] Computation for task exp_20260917T092942Z_round_robin_short_10_0 finished
client-phone-2-1    | 17-Sep-2026 10:04:14 [boincserver] Scheduler request completed: got 1 new tasks
client-low-power-1  | 17-Sep-2026 10:04:26 [boincserver] Scheduler request completed: got 1 new tasks
client-low-power-1  | 17-Sep-2026 10:04:26 [boincserver] Project requested delay of 7 seconds
client-low-power-1  | 17-Sep-2026 10:04:28 [boincserver] Finished upload of exp_20260917T092942Z_round_robin_short_15_0_r665941471_0
client-low-power-1  | 17-Sep-2026 10:04:28 [boincserver] Starting task exp_20260917T092942Z_round_robin_medium_3_0
client-phone-1      | 17-Sep-2026 10:06:34 [boincserver] Project has no tasks available
client-phone-1      | 17-Sep-2026 10:06:34 [boincserver] Project requested delay of 7 seconds
client-phone-1      | 17-Sep-2026 10:06:37 [boincserver] Computation for task exp_20260917T092942Z_round_robin_medium_9_0 finished
client-phone-1      | 17-Sep-2026 10:06:39 [boincserver] Started upload of exp_20260917T092942Z_round_robin_medium_9_0_r799402864_0
client-phone-1      | 17-Sep-2026 10:06:41 [boincserver] Finished upload of exp_20260917T092942Z_round_robin_medium_9_0_r799402864_0
client-phone-1      | 17-Sep-2026 10:06:44 [boincserver] Sending scheduler request: To report completed tasks.
client-phone-1      | 17-Sep-2026 10:06:44 [boincserver] Reporting 1 completed tasks
client-low-power-1  | 17-Sep-2026 10:04:36 [boincserver] Sending scheduler request: To report completed tasks.
client-low-power-1  | 17-Sep-2026 10:04:36 [boincserver] Reporting 1 completed tasks
client-low-power-1  | 17-Sep-2026 10:04:36 [boincserver] Requesting new tasks for CPU
client-low-power-1  | 17-Sep-2026 10:04:38 [boincserver] Scheduler request completed: got 1 new tasks
client-low-power-1  | 17-Sep-2026 10:04:38 [boincserver] Project requested delay of 7 seconds
client-low-power-1  | 17-Sep-2026 10:04:48 [boincserver] Sending scheduler request: To fetch work.
client-low-power-1  | 17-Sep-2026 10:04:48 [boincserver] Requesting new tasks for CPU
client-phone-2-1    | 17-Sep-2026 10:04:14 [boincserver] Project requested delay of 7 seconds
client-phone-2-1    | 17-Sep-2026 10:04:16 [boincserver] Started upload of exp_20260917T092942Z_round_robin_short_10_0_r931971483_0
client-phone-2-1    | 17-Sep-2026 10:04:16 [boincserver] Elapsed time limit 50.000000 < 120.000000; setting to 43200.000000
client-phone-2-1    | 17-Sep-2026 10:04:16 [boincserver] Starting task exp_20260917T092942Z_round_robin_short_16_0
client-low-power-1  | 17-Sep-2026 10:04:50 [boincserver] Scheduler request completed: got 0 new tasks
client-low-power-1  | 17-Sep-2026 10:04:50 [boincserver] No tasks sent
mysql-1             | 2026-09-17 10:01:56 0 [Note] InnoDB: 10.3.8 started; log sequence number 1630824; transaction id 21
mysql-1             | 2026-09-17 10:01:56 0 [Note] InnoDB: Loading buffer pool(s) from /var/lib/mysql/ib_buffer_pool
mysql-1             | 2026-09-17 10:01:56 0 [Note] Plugin 'FEEDBACK' is disabled.
mysql-1             | 2026-09-17 10:01:56 0 [Note] InnoDB: Buffer pool(s) load completed at 260917 10:01:56
mysql-1             | 2026-09-17 10:01:56 0 [Note] Server socket created on IP: '::'.
mysql-1             | 2026-09-17 10:01:56 0 [Warning] 'proxies_priv' entry '@% root@6d0c127408f4' ignored in --skip-name-resolve mode.
mysql-1             | 2026-09-17 10:01:56 0 [Note] Reading of all Master_info entries succeded
mysql-1             | 2026-09-17 10:01:56 0 [Note] Added new Master_info '' to hash table
client-low-power-1  | 17-Sep-2026 10:04:50 [boincserver] This computer has reached a limit on tasks in progress
client-low-power-1  | 17-Sep-2026 10:04:50 [boincserver] Project requested delay of 7 seconds
client-low-power-1  | 17-Sep-2026 10:05:26 [boincserver] Computation for task exp_20260917T092942Z_round_robin_medium_3_0 finished
client-low-power-1  | 17-Sep-2026 10:05:26 [boincserver] Elapsed time limit 50.000000 < 120.000000; setting to 43200.000000
client-cluster-2-1  | 17-Sep-2026 10:07:15 [boincserver] Finished upload of exp_20260917T092942Z_round_robin_long_1_0_r733537029_0
client-cluster-2-1  | 17-Sep-2026 10:07:15 [boincserver] Finished upload of exp_20260917T092942Z_round_robin_long_5_0_r747553572_0
client-phone-1      | 17-Sep-2026 10:06:44 [boincserver] Requesting new tasks for CPU
client-phone-1      | 17-Sep-2026 10:06:46 [boincserver] Scheduler request completed: got 0 new tasks
client-phone-1      | 17-Sep-2026 10:06:46 [boincserver] Project has no tasks available
client-phone-2-1    | 17-Sep-2026 10:04:18 [boincserver] Finished upload of exp_20260917T092942Z_round_robin_short_10_0_r931971483_0
client-phone-2-1    | 17-Sep-2026 10:04:24 [boincserver] Sending scheduler request: To report completed tasks.
client-phone-2-1    | 17-Sep-2026 10:04:24 [boincserver] Reporting 1 completed tasks
client-phone-2-1    | 17-Sep-2026 10:04:24 [boincserver] Requesting new tasks for CPU
client-phone-2-1    | 17-Sep-2026 10:04:25 [boincserver] Computation for task exp_20260917T092942Z_round_robin_short_16_0 finished
client-phone-2-1    | 17-Sep-2026 10:04:26 [boincserver] Scheduler request completed: got 1 new tasks
client-phone-2-1    | 17-Sep-2026 10:04:26 [boincserver] Project requested delay of 7 seconds
client-phone-2-1    | 17-Sep-2026 10:04:27 [boincserver] Started upload of exp_20260917T092942Z_round_robin_short_16_0_r2081421508_0
client-cluster-2-1  | 17-Sep-2026 10:07:17 [boincserver] Sending scheduler request: To report completed tasks.
client-cluster-2-1  | 17-Sep-2026 10:07:17 [boincserver] Reporting 2 completed tasks
client-cluster-2-1  | 17-Sep-2026 10:07:17 [boincserver] Requesting new tasks for CPU
client-cluster-2-1  | 17-Sep-2026 10:07:19 [boincserver] Scheduler request completed: got 0 new tasks
client-cluster-2-1  | 17-Sep-2026 10:07:19 [boincserver] Project has no tasks available
client-cluster-2-1  | 17-Sep-2026 10:07:19 [boincserver] Project requested delay of 7 seconds
client-cluster-2-1  | 17-Sep-2026 10:07:29 [boincserver] Sending scheduler request: To fetch work.
client-cluster-2-1  | 17-Sep-2026 10:07:29 [boincserver] Requesting new tasks for CPU
client-cluster-2-1  | 17-Sep-2026 10:08:03 [boincserver] Scheduler request completed: got 0 new tasks
client-cluster-2-1  | 17-Sep-2026 10:08:03 [boincserver] Project has no tasks available
client-cluster-2-1  | 17-Sep-2026 10:08:03 [boincserver] Project requested delay of 7 seconds
client-phone-2-1    | 17-Sep-2026 10:04:28 [boincserver] Elapsed time limit 50.000000 < 120.000000; setting to 43200.000000
client-phone-2-1    | 17-Sep-2026 10:04:28 [boincserver] Starting task exp_20260917T092942Z_round_robin_short_4_0
mysql-1             | 2026-09-17 10:01:56 0 [Note] mysqld: ready for connections.
mysql-1             | Version: '10.3.8-MariaDB-1:10.3.8+maria~bionic'  socket: '/var/run/mysqld/mysqld.sock'  port: 3306  mariadb.org binary distribution
mysql-1             | 2026-09-17 10:01:56 8 [Warning] Access denied for user 'boincadm'@'172.21.0.2' (using password: NO)
mysql-1             | 2026-09-17 10:02:15 17 [Warning] Aborted connection 17 to db: 'boincserver' user: 'root' host: '172.21.0.4' (Got an error reading communication packets)
mysql-1             | 2026-09-17 10:02:15 16 [Warning] Aborted connection 16 to db: 'boincserver' user: 'root' host: '172.21.0.4' (Got an error reading communication packets)
mysql-1             | 2026-09-17 10:02:15 15 [Warning] Aborted connection 15 to db: 'boincserver' user: 'root' host: '172.21.0.4' (Got an error reading communication packets)
client-phone-2-1    | 17-Sep-2026 10:04:29 [boincserver] Finished upload of exp_20260917T092942Z_round_robin_short_16_0_r2081421508_0
client-phone-2-1    | 17-Sep-2026 10:04:36 [boincserver] Sending scheduler request: To report completed tasks.
client-phone-2-1    | 17-Sep-2026 10:04:36 [boincserver] Reporting 1 completed tasks
client-phone-2-1    | 17-Sep-2026 10:04:36 [boincserver] Requesting new tasks for CPU
client-phone-2-1    | 17-Sep-2026 10:04:37 [boincserver] Computation for task exp_20260917T092942Z_round_robin_short_4_0 finished
client-low-power-1  | 17-Sep-2026 10:05:26 [boincserver] Starting task exp_20260917T092942Z_round_robin_short_3_0
client-low-power-1  | 17-Sep-2026 10:05:28 [boincserver] Started upload of exp_20260917T092942Z_round_robin_medium_3_0_r1698424602_0
client-low-power-1  | 17-Sep-2026 10:05:30 [boincserver] Finished upload of exp_20260917T092942Z_round_robin_medium_3_0_r1698424602_0
client-phone-2-1    | 17-Sep-2026 10:04:38 [boincserver] Scheduler request completed: got 1 new tasks
client-phone-2-1    | 17-Sep-2026 10:04:38 [boincserver] Project requested delay of 7 seconds
client-phone-2-1    | 17-Sep-2026 10:04:39 [boincserver] Started upload of exp_20260917T092942Z_round_robin_short_4_0_r116221972_0
client-phone-2-1    | 17-Sep-2026 10:04:40 [boincserver] Starting task exp_20260917T092942Z_round_robin_medium_4_0
client-phone-2-1    | 17-Sep-2026 10:04:41 [boincserver] Finished upload of exp_20260917T092942Z_round_robin_short_4_0_r116221972_0
client-phone-2-1    | 17-Sep-2026 10:04:48 [boincserver] Sending scheduler request: To report completed tasks.
client-phone-2-1    | 17-Sep-2026 10:04:48 [boincserver] Reporting 1 completed tasks
client-phone-2-1    | 17-Sep-2026 10:04:48 [boincserver] Requesting new tasks for CPU
client-phone-2-1    | 17-Sep-2026 10:04:50 [boincserver] Scheduler request completed: got 1 new tasks
client-phone-2-1    | 17-Sep-2026 10:04:50 [boincserver] Project requested delay of 7 seconds
client-phone-2-1    | 17-Sep-2026 10:05:00 [boincserver] Sending scheduler request: To fetch work.
client-phone-2-1    | 17-Sep-2026 10:05:00 [boincserver] Requesting new tasks for CPU
client-phone-2-1    | 17-Sep-2026 10:05:06 [boincserver] Scheduler request completed: got 0 new tasks
client-phone-2-1    | 17-Sep-2026 10:05:06 [boincserver] Project has no tasks available
client-phone-2-1    | 17-Sep-2026 10:05:06 [boincserver] Project requested delay of 7 seconds
client-phone-2-1    | 17-Sep-2026 10:05:44 [boincserver] Computation for task exp_20260917T092942Z_round_robin_medium_4_0 finished
client-phone-2-1    | 17-Sep-2026 10:05:44 [boincserver] Starting task exp_20260917T092942Z_round_robin_long_4_0
client-phone-2-1    | 17-Sep-2026 10:05:46 [boincserver] Started upload of exp_20260917T092942Z_round_robin_medium_4_0_r1611781543_0
client-phone-2-1    | 17-Sep-2026 10:05:48 [boincserver] Finished upload of exp_20260917T092942Z_round_robin_medium_4_0_r1611781543_0
client-phone-2-1    | 17-Sep-2026 10:05:49 [boincserver] Sending scheduler request: To report completed tasks.
client-phone-2-1    | 17-Sep-2026 10:05:49 [boincserver] Reporting 1 completed tasks
client-low-power-1  | 17-Sep-2026 10:05:34 [boincserver] Computation for task exp_20260917T092942Z_round_robin_short_3_0 finished
client-low-power-1  | 17-Sep-2026 10:05:34 [boincserver] Sending scheduler request: To report completed tasks.
client-low-power-1  | 17-Sep-2026 10:05:34 [boincserver] Reporting 1 completed tasks
client-low-power-1  | 17-Sep-2026 10:05:34 [boincserver] Requesting new tasks for CPU
client-low-power-1  | 17-Sep-2026 10:05:36 [boincserver] Started upload of exp_20260917T092942Z_round_robin_short_3_0_r654766696_0
client-low-power-1  | 17-Sep-2026 10:05:36 [boincserver] Scheduler request completed: got 0 new tasks
client-low-power-1  | 17-Sep-2026 10:05:36 [boincserver] Project has no tasks available
client-low-power-1  | 17-Sep-2026 10:05:36 [boincserver] Project requested delay of 7 seconds
client-low-power-1  | 17-Sep-2026 10:05:38 [boincserver] Finished upload of exp_20260917T092942Z_round_robin_short_3_0_r654766696_0
client-low-power-1  | 17-Sep-2026 10:05:46 [boincserver] Sending scheduler request: To report completed tasks.
client-low-power-1  | 17-Sep-2026 10:05:46 [boincserver] Reporting 1 completed tasks
client-low-power-1  | 17-Sep-2026 10:05:46 [boincserver] Requesting new tasks for CPU
client-low-power-1  | 17-Sep-2026 10:05:53 [boincserver] Scheduler request completed: got 0 new tasks
client-low-power-1  | 17-Sep-2026 10:05:53 [boincserver] Project has no tasks available
client-phone-1      | 17-Sep-2026 10:06:46 [boincserver] Project requested delay of 7 seconds
client-phone-1      | 17-Sep-2026 10:06:56 [boincserver] Sending scheduler request: To fetch work.
client-phone-1      | 17-Sep-2026 10:06:56 [boincserver] Requesting new tasks for CPU
client-phone-1      | 17-Sep-2026 10:06:58 [boincserver] Scheduler request completed: got 0 new tasks
client-phone-1      | 17-Sep-2026 10:06:58 [boincserver] Project has no tasks available
client-phone-1      | 17-Sep-2026 10:06:58 [boincserver] Project requested delay of 7 seconds
client-phone-2-1    | 17-Sep-2026 10:05:49 [boincserver] Requesting new tasks for CPU
client-phone-2-1    | 17-Sep-2026 10:05:56 [boincserver] Scheduler request completed: got 0 new tasks
client-phone-2-1    | 17-Sep-2026 10:05:56 [boincserver] Project has no tasks available
client-phone-2-1    | 17-Sep-2026 10:05:56 [boincserver] Project requested delay of 7 seconds
client-phone-2-1    | 17-Sep-2026 10:06:07 [boincserver] Sending scheduler request: To fetch work.
client-phone-2-1    | 17-Sep-2026 10:06:07 [boincserver] Requesting new tasks for CPU
client-phone-2-1    | 17-Sep-2026 10:06:14 [boincserver] Scheduler request completed: got 0 new tasks
client-phone-2-1    | 17-Sep-2026 10:06:14 [boincserver] Project has no tasks available
client-phone-2-1    | 17-Sep-2026 10:06:14 [boincserver] Project requested delay of 7 seconds
client-phone-2-1    | 17-Sep-2026 10:07:48 [boincserver] Computation for task exp_20260917T092942Z_round_robin_long_4_0 finished
client-phone-2-1    | 17-Sep-2026 10:07:50 [boincserver] Started upload of exp_20260917T092942Z_round_robin_long_4_0_r1224937071_0
client-phone-2-1    | 17-Sep-2026 10:07:52 [boincserver] Finished upload of exp_20260917T092942Z_round_robin_long_4_0_r1224937071_0
client-phone-2-1    | 17-Sep-2026 10:07:55 [boincserver] Sending scheduler request: To report completed tasks.
client-phone-2-1    | 17-Sep-2026 10:07:55 [boincserver] Reporting 1 completed tasks
client-phone-2-1    | 17-Sep-2026 10:07:55 [boincserver] Requesting new tasks for CPU
client-phone-2-1    | 17-Sep-2026 10:07:57 [boincserver] Scheduler request completed: got 0 new tasks
client-phone-2-1    | 17-Sep-2026 10:07:57 [boincserver] Project has no tasks available
mysql-1             | 2026-09-17 10:05:01 123 [Warning] Aborted connection 123 to db: 'boincserver' user: 'root' host: '172.21.0.4' (Got an error reading communication packets)
mysql-1             | 2026-09-17 10:05:07 130 [Warning] Aborted connection 130 to db: 'boincserver' user: 'root' host: '172.21.0.4' (Got an error reading communication packets)
client-low-power-1  | 17-Sep-2026 10:05:53 [boincserver] Project requested delay of 7 seconds
client-low-power-1  | 17-Sep-2026 10:06:25 [boincserver] Sending scheduler request: To fetch work.
client-low-power-1  | 17-Sep-2026 10:06:25 [boincserver] Requesting new tasks for CPU
client-low-power-1  | 17-Sep-2026 10:06:31 [boincserver] Scheduler request completed: got 0 new tasks
client-low-power-1  | 17-Sep-2026 10:06:31 [boincserver] Project has no tasks available
client-low-power-1  | 17-Sep-2026 10:06:31 [boincserver] Project requested delay of 7 seconds
client-phone-2-1    | 17-Sep-2026 10:07:57 [boincserver] Project requested delay of 7 seconds
client-phone-2-1    | 17-Sep-2026 10:08:08 [boincserver] Sending scheduler request: To fetch work.
client-phone-2-1    | 17-Sep-2026 10:08:08 [boincserver] Requesting new tasks for CPU
client-phone-2-1    | 17-Sep-2026 10:08:10 [boincserver] Scheduler request completed: got 0 new tasks
client-phone-2-1    | 17-Sep-2026 10:08:10 [boincserver] Project has no tasks available
client-phone-2-1    | 17-Sep-2026 10:08:10 [boincserver] Project requested delay of 7 seconds
