client-phone-1  | 16-Sep-2026 18:40:28 [---] Starting BOINC client version 7.20.5 for aarch64-unknown-linux-gnu
client-phone-1  | 16-Sep-2026 18:40:28 [---] This a development version of BOINC and may not function properly
client-phone-1  | 16-Sep-2026 18:40:28 [---] log flags: file_xfer, sched_ops, task
client-phone-1  | 16-Sep-2026 18:40:28 [---] Libraries: libcurl/7.88.1 OpenSSL/3.0.20 zlib/1.2.13 brotli/1.0.9 zstd/1.5.4 libidn2/2.3.3 libpsl/0.21.2 (+libidn2/2.3.3) libssh2/1.10.0 nghttp2/1.52.0 librtmp/2.3 OpenLDAP/2.5.13
client-phone-1  | 16-Sep-2026 18:40:28 [---] Data directory: /var/lib/boinc-client
client-phone-1  | 16-Sep-2026 18:40:28 [---] No usable GPUs found
client-phone-1  | 16-Sep-2026 18:40:28 [---] Creating new client state file
client-phone-1  | 16-Sep-2026 18:40:28 [---] libc:  version 2.36
client-phone-1  | 16-Sep-2026 18:40:28 [---] Host name: phone-01
client-phone-1  | 16-Sep-2026 18:40:28 [---] Processor: 1 ARM  [Impl 0x61 Arch 8 Variant 0x0 Part 0x000 Rev 0]
client-phone-1  | 16-Sep-2026 18:40:28 [---] Processor features: fp asimd evtstrm aes pmull sha1 sha2 crc32 atomics fphp asimdhp cpuid asimdrdm jscvt fcma lrcpc dcpop sha3 asimddp sha512 asimdfhm dit uscat ilrcpc flagm sb paca pacg dcpodp flagm2 frint i8mm bf16 bti afp
client-phone-1  | 16-Sep-2026 18:40:28 [---] OS: Linux Debian GNU/Linux: Debian GNU/Linux 12 (bookworm) [6.8.0-100-generic|libc 2.36]
client-phone-1  | 16-Sep-2026 18:40:28 [---] Memory: 9.69 GB physical, 0 bytes virtual
client-phone-1  | 16-Sep-2026 18:40:28 [---] Disk: 18.33 GB total, 15.43 GB free
client-phone-1  | 16-Sep-2026 18:40:28 [---] Local time is UTC +0 hours
client-phone-1  | 16-Sep-2026 18:40:28 [---] Config: GUI RPC allowed from any host
client-phone-1  | 16-Sep-2026 18:40:28 [---] Config: simulate 1 CPUs
client-phone-1  | 16-Sep-2026 18:40:28 [---] Config: report completed tasks immediately
client-phone-1  | 16-Sep-2026 18:40:28 [---] No general preferences found - using defaults
client-phone-1  | dir_open: Could not open directory 'slots' from '/var/lib/boinc-client'.
client-phone-1  | 16-Sep-2026 18:40:28 [---] Reading preferences override file
client-phone-1  | 16-Sep-2026 18:40:28 [---] Preferences:
client-phone-1  | 16-Sep-2026 18:40:28 [---]    max memory usage when active: 8929.14 MB
client-phone-1  | 16-Sep-2026 18:40:28 [---]    max memory usage when idle: 8929.14 MB
client-phone-1  | 16-Sep-2026 18:40:28 [---]    max disk usage: 2.00 GB
client-phone-1      | 16-Sep-2026 18:40:28 [---]    don't use GPU while active
client-phone-1      | 16-Sep-2026 18:40:28 [---]    suspend work if non-BOINC CPU load exceeds 25%
client-phone-1      | 16-Sep-2026 18:40:28 [---]    (to change preferences, visit a project web site or select Preferences in the Manager)
client-phone-1      | 16-Sep-2026 18:40:28 [---] Setting up project and slot directories
client-phone-1      | 16-Sep-2026 18:40:28 [---] Checking active tasks
client-phone-1      | 16-Sep-2026 18:40:28 [---] Setting up GUI RPC socket
client-cluster-2-1  | 16-Sep-2026 18:40:33 [---] Starting BOINC client version 7.20.5 for aarch64-unknown-linux-gnu
client-cluster-2-1  | 16-Sep-2026 18:40:33 [---] This a development version of BOINC and may not function properly
client-cluster-2-1  | 16-Sep-2026 18:40:33 [---] log flags: file_xfer, sched_ops, task
client-cluster-2-1  | 16-Sep-2026 18:40:33 [---] Libraries: libcurl/7.88.1 OpenSSL/3.0.20 zlib/1.2.13 brotli/1.0.9 zstd/1.5.4 libidn2/2.3.3 libpsl/0.21.2 (+libidn2/2.3.3) libssh2/1.10.0 nghttp2/1.52.0 librtmp/2.3 OpenLDAP/2.5.13
client-cluster-2-1  | 16-Sep-2026 18:40:33 [---] Data directory: /var/lib/boinc-client
client-cluster-2-1  | 16-Sep-2026 18:40:33 [---] No usable GPUs found
client-cluster-2-1  | 16-Sep-2026 18:40:33 [---] Creating new client state file
client-cluster-2-1  | 16-Sep-2026 18:40:33 [---] libc:  version 2.36
client-cluster-2-1  | 16-Sep-2026 18:40:33 [---] Host name: cluster-02
mysql-1             | Initializing database
mysql-1             | 
mysql-1             | 
mysql-1             | PLEASE REMEMBER TO SET A PASSWORD FOR THE MariaDB root USER !
mysql-1             | To do so, start the server, then issue the following commands:
mysql-1             | 
mysql-1             | '/usr/bin/mysqladmin' -u root password 'new-password'
mysql-1             | '/usr/bin/mysqladmin' -u root -h  password 'new-password'
mysql-1             | 
mysql-1             | Alternatively you can run:
mysql-1             | '/usr/bin/mysql_secure_installation'
mysql-1             | 
mysql-1             | which will also give you the option of removing the test
mysql-1             | databases and anonymous user created by default.  This is
mysql-1             | strongly recommended for production servers.
mysql-1             | 
client-cluster-2-1  | 16-Sep-2026 18:40:33 [---] Processor: 4 ARM  [Impl 0x61 Arch 8 Variant 0x0 Part 0x000 Rev 0]
client-cluster-2-1  | 16-Sep-2026 18:40:33 [---] Processor features: fp asimd evtstrm aes pmull sha1 sha2 crc32 atomics fphp asimdhp cpuid asimdrdm jscvt fcma lrcpc dcpop sha3 asimddp sha512 asimdfhm dit uscat ilrcpc flagm sb paca pacg dcpodp flagm2 frint i8mm bf16 bti afp
client-cluster-2-1  | 16-Sep-2026 18:40:33 [---] OS: Linux Debian GNU/Linux: Debian GNU/Linux 12 (bookworm) [6.8.0-100-generic|libc 2.36]
makeproject-1       | Updating project files in data volume...
makeproject-1       | Waiting for MySQL server to start...
makeproject-1       | Creating database...
makeproject-1       | added platform: (create_time, name, user_friendly_name) values (1789583937, 'windows_intelx86', 'Microsoft Windows (98 or later) running on an Intel x86-compatible CPU')
makeproject-1       | added platform: (create_time, name, user_friendly_name) values (1789583937, 'windows_x86_64', 'Microsoft Windows running on an AMD x86_64 or Intel EM64T CPU')
makeproject-1       | added platform: (create_time, name, user_friendly_name) values (1789583937, 'windows_arm64', 'Microsoft Windows running on ARM 64-bit')
makeproject-1       | added platform: (create_time, name, user_friendly_name) values (1789583938, 'i686-pc-linux-gnu', 'Linux running on an Intel x86-compatible CPU')
client-cluster-2-1  | 16-Sep-2026 18:40:33 [---] Memory: 9.69 GB physical, 0 bytes virtual
client-cluster-2-1  | 16-Sep-2026 18:40:33 [---] Disk: 18.33 GB total, 15.43 GB free
client-cluster-2-1  | 16-Sep-2026 18:40:33 [---] Local time is UTC +0 hours
client-cluster-2-1  | 16-Sep-2026 18:40:33 [---] Config: GUI RPC allowed from any host
client-cluster-2-1  | 16-Sep-2026 18:40:33 [---] Config: simulate 4 CPUs
client-cluster-2-1  | 16-Sep-2026 18:40:33 [---] Config: report completed tasks immediately
client-cluster-2-1  | 16-Sep-2026 18:40:33 [---] No general preferences found - using defaults
client-cluster-2-1  | 16-Sep-2026 18:40:33 [---] Reading preferences override file
client-low-power-1  | 16-Sep-2026 18:40:28 [---] Starting BOINC client version 7.20.5 for aarch64-unknown-linux-gnu
client-low-power-1  | 16-Sep-2026 18:40:28 [---] This a development version of BOINC and may not function properly
client-cluster-2-1  | 16-Sep-2026 18:40:33 [---] Preferences:
client-desktop-1    | 16-Sep-2026 18:40:28 [---] Starting BOINC client version 7.20.5 for aarch64-unknown-linux-gnu
client-desktop-1    | 16-Sep-2026 18:40:28 [---] This a development version of BOINC and may not function properly
client-desktop-1    | 16-Sep-2026 18:40:28 [---] log flags: file_xfer, sched_ops, task
client-desktop-1    | 16-Sep-2026 18:40:28 [---] Libraries: libcurl/7.88.1 OpenSSL/3.0.20 zlib/1.2.13 brotli/1.0.9 zstd/1.5.4 libidn2/2.3.3 libpsl/0.21.2 (+libidn2/2.3.3) libssh2/1.10.0 nghttp2/1.52.0 librtmp/2.3 OpenLDAP/2.5.13
makeproject-1       | added platform: (create_time, name, user_friendly_name) values (1789583938, 'x86_64-pc-linux-gnu', 'Linux running on an AMD x86_64 or Intel EM64T CPU')
client-cluster-2-1  | 16-Sep-2026 18:40:33 [---]    max memory usage when active: 8929.14 MB
client-cluster-2-1  | 16-Sep-2026 18:40:33 [---]    max memory usage when idle: 8929.14 MB
client-cluster-2-1  | 16-Sep-2026 18:40:33 [---]    max disk usage: 2.00 GB
client-cluster-2-1  | 16-Sep-2026 18:40:33 [---]    don't use GPU while active
client-cluster-2-1  | 16-Sep-2026 18:40:33 [---]    suspend work if non-BOINC CPU load exceeds 25%
client-cluster-2-1  | 16-Sep-2026 18:40:33 [---]    (to change preferences, visit a project web site or select Preferences in the Manager)
client-cluster-2-1  | 16-Sep-2026 18:40:33 [---] Setting up project and slot directories
makeproject-1       | added platform: (create_time, name, user_friendly_name) values (1789583938, 'powerpc-apple-darwin', 'Mac OS X 10.3 or later running on Motorola PowerPC')
makeproject-1       | added platform: (create_time, name, user_friendly_name) values (1789583938, 'i686-apple-darwin', 'Mac OS 10.4 or later running on Intel')
makeproject-1       | added platform: (create_time, name, user_friendly_name) values (1789583938, 'x86_64-apple-darwin', 'Intel 64-bit Mac OS 10.5 or later')
client-low-power-1  | 16-Sep-2026 18:40:28 [---] log flags: file_xfer, sched_ops, task
client-low-power-1  | 16-Sep-2026 18:40:28 [---] Libraries: libcurl/7.88.1 OpenSSL/3.0.20 zlib/1.2.13 brotli/1.0.9 zstd/1.5.4 libidn2/2.3.3 libpsl/0.21.2 (+libidn2/2.3.3) libssh2/1.10.0 nghttp2/1.52.0 librtmp/2.3 OpenLDAP/2.5.13
client-low-power-1  | 16-Sep-2026 18:40:28 [---] Data directory: /var/lib/boinc-client
client-desktop-1    | 16-Sep-2026 18:40:28 [---] Data directory: /var/lib/boinc-client
client-desktop-1    | 16-Sep-2026 18:40:28 [---] No usable GPUs found
client-desktop-1    | 16-Sep-2026 18:40:28 [---] Creating new client state file
client-phone-1      | 16-Sep-2026 18:40:28 [---] Checking presence of 0 project files
client-phone-1      | 16-Sep-2026 18:40:28 [---] This computer is not attached to any projects
client-phone-1      | 16-Sep-2026 18:40:28 Initialization completed
client-phone-1      | dir_open: Could not open directory 'projects/boincserver.local_boincserver' from '/var/lib/boinc-client'.
client-phone-1      | 16-Sep-2026 18:40:29 [---] No general preferences found - using defaults
client-phone-1      | 16-Sep-2026 18:40:29 [---] Reading preferences override file
client-phone-1      | 16-Sep-2026 18:40:29 [---] Preferences:
client-phone-1      | 16-Sep-2026 18:40:29 [---]    max memory usage when active: 8929.14 MB
client-phone-1      | 16-Sep-2026 18:40:29 [---]    max memory usage when idle: 8929.14 MB
client-phone-1      | 16-Sep-2026 18:40:29 [---]    max disk usage: 2.00 GB
client-phone-1      | 16-Sep-2026 18:40:29 [---]    don't use GPU while active
client-phone-1      | 16-Sep-2026 18:40:29 [---]    suspend work if non-BOINC CPU load exceeds 25%
mysql-1             | See the MariaDB Knowledgebase at http://mariadb.com/kb or the
mysql-1             | MySQL manual for more instructions.
mysql-1             | 
mysql-1             | Please report any problems at http://mariadb.org/jira
mysql-1             | 
apache-1            | /usr/lib/python2.7/dist-packages/supervisor/options.py:461: UserWarning: Supervisord is running as root and it is searching for its configuration file in default locations (including its current working directory); you probably want to specify a "-c" argument specifying an absolute path to a configuration file for improved security.
apache-1            |   'Supervisord is running as root and it is searching '
apache-1            | 2026-09-16 18:38:46,949 CRIT Supervisor is running as root.  Privileges were not dropped because no user is specified in the config file.  If you intend to run as root, you can set user=root in the config file to avoid this message.
apache-1            | 2026-09-16 18:38:46,949 INFO Included extra file "/etc/supervisor/conf.d/supervisord.conf" during parsing
apache-1            | 2026-09-16 18:38:46,960 INFO RPC interface 'supervisor' initialized
apache-1            | 2026-09-16 18:38:46,960 CRIT Server 'unix_http_server' running without any HTTP authentication checking
apache-1            | 2026-09-16 18:38:46,961 INFO supervisord started with pid 1
apache-1            | 2026-09-16 18:38:47,966 INFO spawned: 'cron' with pid 9
apache-1            | 2026-09-16 18:38:47,967 INFO spawned: 'start' with pid 10
apache-1            | 2026-09-16 18:38:47,969 INFO spawned: 'rsyslogd' with pid 11
apache-1            | 2026-09-16 18:38:47,971 INFO spawned: 'apache2' with pid 12
client-cluster-2-1  | dir_open: Could not open directory 'slots' from '/var/lib/boinc-client'.
client-cluster-2-1  | 16-Sep-2026 18:40:33 [---] Checking active tasks
client-cluster-2-1  | 16-Sep-2026 18:40:33 [---] Setting up GUI RPC socket
client-cluster-2-1  | 16-Sep-2026 18:40:33 [---] Checking presence of 0 project files
makeproject-1       | added platform: (create_time, name, user_friendly_name) values (1789583938, 'arm64-apple-darwin', 'Mac OS running on ARM')
makeproject-1       | added platform: (create_time, name, user_friendly_name) values (1789583938, 'sparc-sun-solaris2.7', 'Solaris 2.7 running on a SPARC-compatible CPU')
makeproject-1       | added platform: (create_time, name, user_friendly_name) values (1789583938, 'sparc-sun-solaris', 'Solaris 2.8 or later running on a SPARC-compatible CPU')
apache-1            | 2026-09-16 18:38:49,873 INFO success: cron entered RUNNING state, process has stayed up for > than 1 seconds (startsecs)
apache-1            | 2026-09-16 18:38:49,873 INFO success: start entered RUNNING state, process has stayed up for > than 1 seconds (startsecs)
apache-1            | 2026-09-16 18:38:49,873 INFO success: rsyslogd entered RUNNING state, process has stayed up for > than 1 seconds (startsecs)
apache-1            | 2026-09-16 18:38:49,873 INFO success: apache2 entered RUNNING state, process has stayed up for > than 1 seconds (startsecs)
apache-1            | 2026-09-16 18:39:03,489 INFO reaped unknown pid 64
apache-1            | 2026-09-16 18:39:03,490 INFO reaped unknown pid 66
apache-1            | 2026-09-16 18:39:03,490 INFO reaped unknown pid 68
apache-1            | 2026-09-16 18:39:10,354 INFO reaped unknown pid 67
apache-1            | 2026-09-16 18:39:10,354 INFO reaped unknown pid 69
apache-1            | 2026-09-16 18:39:10,355 INFO reaped unknown pid 65
apache-1            | 2026-09-16 18:39:18,600 INFO reaped unknown pid 153
apache-1            | 2026-09-16 18:39:18,600 INFO reaped unknown pid 155
apache-1            | 2026-09-16 18:39:18,600 INFO reaped unknown pid 157
client-cluster-2-1  | 16-Sep-2026 18:40:33 [---] This computer is not attached to any projects
client-cluster-2-1  | 16-Sep-2026 18:40:33 Initialization completed
client-phone-1      | 16-Sep-2026 18:40:29 [---]    (to change preferences, visit a project web site or select Preferences in the Manager)
client-phone-1      | 16-Sep-2026 18:40:33 [http://boincserver.local/boincserver/] Fetching scheduler list
client-phone-1      | 16-Sep-2026 18:40:35 [http://boincserver.local/boincserver/] Master file download succeeded
client-phone-1      | 16-Sep-2026 18:40:40 [http://boincserver.local/boincserver/] Sending scheduler request: Project initialization.
client-phone-1      | 16-Sep-2026 18:40:40 [http://boincserver.local/boincserver/] Requesting new tasks for CPU
client-low-power-1  | 16-Sep-2026 18:40:28 [---] No usable GPUs found
client-low-power-1  | 16-Sep-2026 18:40:28 [---] Creating new client state file
client-cluster-2-1  | dir_open: Could not open directory 'projects/boincserver.local_boincserver' from '/var/lib/boinc-client'.
client-cluster-2-1  | 16-Sep-2026 18:40:34 [---] No general preferences found - using defaults
client-cluster-2-1  | 16-Sep-2026 18:40:34 [---] Reading preferences override file
client-cluster-2-1  | 16-Sep-2026 18:40:34 [---] Preferences:
mysql-1             | The latest information about MariaDB is available at http://mariadb.org/.
mysql-1             | You can find additional information about the MySQL part at:
mysql-1             | http://dev.mysql.com
mysql-1             | Consider joining MariaDB's strong and vibrant community:
mysql-1             | https://mariadb.org/get-involved/
mysql-1             | 
mysql-1             | Database initialized
client-desktop-1    | 16-Sep-2026 18:40:28 [---] libc:  version 2.36
client-phone-2-1    | 16-Sep-2026 18:40:33 [---] Starting BOINC client version 7.20.5 for aarch64-unknown-linux-gnu
client-phone-2-1    | 16-Sep-2026 18:40:33 [---] This a development version of BOINC and may not function properly
client-phone-2-1    | 16-Sep-2026 18:40:33 [---] log flags: file_xfer, sched_ops, task
makeproject-1       | added platform: (create_time, name, user_friendly_name) values (1789583938, 'sparc64-sun-solaris', 'Solaris 2.8 or later running on a SPARC 64-bit CPU')
makeproject-1       | added platform: (create_time, name, user_friendly_name) values (1789583938, 'powerpc64-ps3-linux-gnu', 'Sony Playstation 3 running Linux')
makeproject-1       | added platform: (create_time, name, user_friendly_name) values (1789583938, 'arm-android-linux-gnu', 'Android running on ARM armeabi-v7a')
makeproject-1       | added platform: (create_time, name, user_friendly_name) values (1789583938, 'aarch64-android-linux-gnu', 'Android running on ARM 64-bit arm64-v8a')
makeproject-1       | added platform: (create_time, name, user_friendly_name) values (1789583938, 'x86_64-android-linux-gnu', 'Android running on Intel x64 compatible')
client-desktop-1    | 16-Sep-2026 18:40:28 [---] Host name: desktop-01
client-desktop-1    | 16-Sep-2026 18:40:28 [---] Processor: 2 ARM  [Impl 0x61 Arch 8 Variant 0x0 Part 0x000 Rev 0]
client-desktop-1    | 16-Sep-2026 18:40:28 [---] Processor features: fp asimd evtstrm aes pmull sha1 sha2 crc32 atomics fphp asimdhp cpuid asimdrdm jscvt fcma lrcpc dcpop sha3 asimddp sha512 asimdfhm dit uscat ilrcpc flagm sb paca pacg dcpodp flagm2 frint i8mm bf16 bti afp
client-desktop-1    | 16-Sep-2026 18:40:28 [---] OS: Linux Debian GNU/Linux: Debian GNU/Linux 12 (bookworm) [6.8.0-100-generic|libc 2.36]
client-desktop-1    | 16-Sep-2026 18:40:28 [---] Memory: 9.69 GB physical, 0 bytes virtual
apache-1            | 2026-09-16 18:39:18,600 INFO reaped unknown pid 159
apache-1            | 2026-09-16 18:39:18,601 INFO reaped unknown pid 161
client-phone-1      | 16-Sep-2026 18:40:42 [boincserver] Scheduler request completed: got 1 new tasks
client-phone-1      | 16-Sep-2026 18:40:42 [boincserver] Project requested delay of 7 seconds
mysql-1             | 2026-09-16 18:38:48 0 [Note] mysqld (mysqld 10.3.8-MariaDB-1:10.3.8+maria~bionic) starting as process 103 ...
mysql-1             | MySQL init process in progress...
client-desktop-1    | 16-Sep-2026 18:40:28 [---] Disk: 18.33 GB total, 15.43 GB free
client-desktop-1    | 16-Sep-2026 18:40:28 [---] Local time is UTC +0 hours
client-desktop-1    | 16-Sep-2026 18:40:28 [---] Config: GUI RPC allowed from any host
client-desktop-1    | 16-Sep-2026 18:40:28 [---] Config: simulate 2 CPUs
client-cluster-1    | 16-Sep-2026 18:40:28 [---] Starting BOINC client version 7.20.5 for aarch64-unknown-linux-gnu
client-cluster-1    | 16-Sep-2026 18:40:28 [---] This a development version of BOINC and may not function properly
client-cluster-1    | 16-Sep-2026 18:40:28 [---] log flags: file_xfer, sched_ops, task
client-phone-2-1    | 16-Sep-2026 18:40:33 [---] Libraries: libcurl/7.88.1 OpenSSL/3.0.20 zlib/1.2.13 brotli/1.0.9 zstd/1.5.4 libidn2/2.3.3 libpsl/0.21.2 (+libidn2/2.3.3) libssh2/1.10.0 nghttp2/1.52.0 librtmp/2.3 OpenLDAP/2.5.13
client-phone-2-1    | 16-Sep-2026 18:40:33 [---] Data directory: /var/lib/boinc-client
client-phone-2-1    | 16-Sep-2026 18:40:33 [---] No usable GPUs found
client-desktop-1    | 16-Sep-2026 18:40:28 [---] Config: report completed tasks immediately
client-cluster-2-1  | 16-Sep-2026 18:40:34 [---]    max memory usage when active: 8929.14 MB
client-cluster-2-1  | 16-Sep-2026 18:40:34 [---]    max memory usage when idle: 8929.14 MB
client-cluster-2-1  | 16-Sep-2026 18:40:34 [---]    max disk usage: 2.00 GB
client-cluster-2-1  | 16-Sep-2026 18:40:34 [---]    don't use GPU while active
client-cluster-2-1  | 16-Sep-2026 18:40:34 [---]    suspend work if non-BOINC CPU load exceeds 25%
mysql-1             | 2026-09-16 18:38:48 0 [Note] InnoDB: Using Linux native AIO
mysql-1             | 2026-09-16 18:38:48 0 [Note] InnoDB: Mutexes and rw_locks use GCC atomic builtins
mysql-1             | 2026-09-16 18:38:48 0 [Note] InnoDB: Uses event mutexes
makeproject-1       | added platform: (create_time, name, user_friendly_name) values (1789583938, 'x86-android-linux-gnu', 'Android running on Intel x86 compatible')
makeproject-1       | added platform: (create_time, name, user_friendly_name) values (1789583938, 'arm-unknown-linux-gnueabihf', 'Linux running on ARM, hardware FP')
makeproject-1       | added platform: (create_time, name, user_friendly_name) values (1789583938, 'aarch64-unknown-linux-gnu', 'Linux running on ARM64')
makeproject-1       | added platform: (create_time, name, user_friendly_name) values (1789583938, 'anonymous', 'anonymous')
makeproject-1       | 
apache-1            | 2026-09-16 18:40:01,998 INFO reaped unknown pid 212
client-phone-1      | 16-Sep-2026 18:40:44 [boincserver] Started download of hybrid_synthetic_1.0_aarch64-unknown-linux-gnu
client-phone-1      | 16-Sep-2026 18:40:44 [boincserver] Started download of hybrid_synthetic_input.txt
client-phone-1      | 16-Sep-2026 18:40:46 [boincserver] Finished download of hybrid_synthetic_1.0_aarch64-unknown-linux-gnu
client-phone-1      | 16-Sep-2026 18:40:46 [boincserver] Finished download of hybrid_synthetic_input.txt
client-phone-1      | 16-Sep-2026 18:40:46 [boincserver] Elapsed time limit 50.000000 < 120.000000; setting to 43200.000000
client-phone-1      | 16-Sep-2026 18:40:46 [boincserver] Starting task exp_20260916T180210Z_weighted_least_loaded_short_2_0
client-cluster-2-1  | 16-Sep-2026 18:40:34 [---]    (to change preferences, visit a project web site or select Preferences in the Manager)
client-cluster-2-1  | 16-Sep-2026 18:40:38 [http://boincserver.local/boincserver/] Fetching scheduler list
client-cluster-2-1  | 16-Sep-2026 18:40:40 [http://boincserver.local/boincserver/] Master file download succeeded
client-phone-2-1    | 16-Sep-2026 18:40:33 [---] Creating new client state file
client-phone-2-1    | 16-Sep-2026 18:40:33 [---] libc:  version 2.36
client-low-power-1  | 16-Sep-2026 18:40:28 [---] libc:  version 2.36
client-low-power-1  | 16-Sep-2026 18:40:28 [---] Host name: low-power-01
client-low-power-1  | 16-Sep-2026 18:40:28 [---] Processor: 1 ARM  [Impl 0x61 Arch 8 Variant 0x0 Part 0x000 Rev 0]
client-low-power-1  | 16-Sep-2026 18:40:28 [---] Processor features: fp asimd evtstrm aes pmull sha1 sha2 crc32 atomics fphp asimdhp cpuid asimdrdm jscvt fcma lrcpc dcpop sha3 asimddp sha512 asimdfhm dit uscat ilrcpc flagm sb paca pacg dcpodp flagm2 frint i8mm bf16 bti afp
client-low-power-1  | 16-Sep-2026 18:40:28 [---] OS: Linux Debian GNU/Linux: Debian GNU/Linux 12 (bookworm) [6.8.0-100-generic|libc 2.36]
client-low-power-1  | 16-Sep-2026 18:40:28 [---] Memory: 9.69 GB physical, 0 bytes virtual
client-low-power-1  | 16-Sep-2026 18:40:28 [---] Disk: 18.33 GB total, 15.43 GB free
client-low-power-1  | 16-Sep-2026 18:40:28 [---] Local time is UTC +0 hours
client-low-power-1  | 16-Sep-2026 18:40:28 [---] Config: GUI RPC allowed from any host
client-low-power-1  | 16-Sep-2026 18:40:28 [---] Config: simulate 1 CPUs
client-low-power-1  | 16-Sep-2026 18:40:28 [---] Config: report completed tasks immediately
client-phone-1      | 16-Sep-2026 18:40:52 [boincserver] Sending scheduler request: To fetch work.
client-phone-1      | 16-Sep-2026 18:40:52 [boincserver] Requesting new tasks for CPU
client-phone-1      | 16-Sep-2026 18:40:54 [boincserver] Scheduler request completed: got 1 new tasks
client-phone-1      | 16-Sep-2026 18:40:54 [boincserver] Project requested delay of 7 seconds
client-phone-1      | 16-Sep-2026 18:40:55 [boincserver] Computation for task exp_20260916T180210Z_weighted_least_loaded_short_2_0 finished
client-cluster-2-1  | 16-Sep-2026 18:40:45 [http://boincserver.local/boincserver/] Sending scheduler request: Project initialization.
client-cluster-2-1  | 16-Sep-2026 18:40:45 [http://boincserver.local/boincserver/] Requesting new tasks for CPU
client-cluster-2-1  | 16-Sep-2026 18:40:47 [boincserver] Scheduler request completed: got 1 new tasks
client-cluster-2-1  | 16-Sep-2026 18:40:47 [boincserver] Project requested delay of 7 seconds
client-cluster-2-1  | 16-Sep-2026 18:40:49 [boincserver] Started download of hybrid_synthetic_1.0_aarch64-unknown-linux-gnu
client-cluster-2-1  | 16-Sep-2026 18:40:49 [boincserver] Started download of hybrid_synthetic_input.txt
client-phone-2-1    | 16-Sep-2026 18:40:33 [---] Host name: phone-02
client-phone-2-1    | 16-Sep-2026 18:40:33 [---] Processor: 1 ARM  [Impl 0x61 Arch 8 Variant 0x0 Part 0x000 Rev 0]
client-desktop-1    | 16-Sep-2026 18:40:28 [---] No general preferences found - using defaults
client-desktop-1    | 16-Sep-2026 18:40:28 [---] Reading preferences override file
client-desktop-1    | 16-Sep-2026 18:40:28 [---] Preferences:
client-desktop-1    | 16-Sep-2026 18:40:28 [---]    max memory usage when active: 8929.14 MB
client-desktop-1    | 16-Sep-2026 18:40:28 [---]    max memory usage when idle: 8929.14 MB
client-low-power-1  | 16-Sep-2026 18:40:28 [---] No general preferences found - using defaults
client-low-power-1  | 16-Sep-2026 18:40:28 [---] Reading preferences override file
client-low-power-1  | 16-Sep-2026 18:40:28 [---] Preferences:
client-low-power-1  | 16-Sep-2026 18:40:28 [---]    max memory usage when active: 8929.14 MB
client-low-power-1  | 16-Sep-2026 18:40:28 [---]    max memory usage when idle: 8929.14 MB
mysql-1             | 2026-09-16 18:38:48 0 [Note] InnoDB: Compressed tables use zlib 1.2.11
mysql-1             | 2026-09-16 18:38:48 0 [Note] InnoDB: Number of pools: 1
mysql-1             | 2026-09-16 18:38:48 0 [Note] InnoDB: Using generic crc32 instructions
mysql-1             | 2026-09-16 18:38:48 0 [Note] InnoDB: Initializing buffer pool, total size = 256M, instances = 1, chunk size = 128M
mysql-1             | 2026-09-16 18:38:48 0 [Note] InnoDB: Completed initialization of buffer pool
mysql-1             | 2026-09-16 18:38:48 0 [Note] InnoDB: If the mysqld execution user is authorized, page cleaner thread priority can be changed. See the man page of setpriority().
mysql-1             | 2026-09-16 18:38:48 0 [Note] InnoDB: 128 out of 128 rollback segments are active.
mysql-1             | 2026-09-16 18:38:48 0 [Note] InnoDB: Creating shared tablespace for temporary tables
mysql-1             | 2026-09-16 18:38:48 0 [Note] InnoDB: Setting file './ibtmp1' size to 12 MB. Physically writing the file full; Please wait ...
mysql-1             | 2026-09-16 18:38:48 0 [Note] InnoDB: File './ibtmp1' size is now 12 MB.
mysql-1             | 2026-09-16 18:38:48 0 [Note] InnoDB: 10.3.8 started; log sequence number 1630815; transaction id 21
mysql-1             | 2026-09-16 18:38:48 0 [Note] InnoDB: Loading buffer pool(s) from /var/lib/mysql/ib_buffer_pool
client-cluster-1    | 16-Sep-2026 18:40:28 [---] Libraries: libcurl/7.88.1 OpenSSL/3.0.20 zlib/1.2.13 brotli/1.0.9 zstd/1.5.4 libidn2/2.3.3 libpsl/0.21.2 (+libidn2/2.3.3) libssh2/1.10.0 nghttp2/1.52.0 librtmp/2.3 OpenLDAP/2.5.13
client-cluster-1    | 16-Sep-2026 18:40:28 [---] Data directory: /var/lib/boinc-client
client-cluster-1    | 16-Sep-2026 18:40:28 [---] No usable GPUs found
client-cluster-1    | 16-Sep-2026 18:40:28 [---] Creating new client state file
client-cluster-1    | 16-Sep-2026 18:40:28 [---] libc:  version 2.36
client-cluster-1    | 16-Sep-2026 18:40:28 [---] Host name: cluster-01
client-phone-1      | 16-Sep-2026 18:40:56 [boincserver] Elapsed time limit 50.000000 < 120.000000; setting to 43200.000000
client-phone-1      | 16-Sep-2026 18:40:56 [boincserver] Starting task exp_20260916T180210Z_weighted_least_loaded_short_7_0
client-phone-1      | 16-Sep-2026 18:40:57 [boincserver] Started upload of exp_20260916T180210Z_weighted_least_loaded_short_2_0_r1158736367_0
client-phone-1      | 16-Sep-2026 18:40:59 [boincserver] Finished upload of exp_20260916T180210Z_weighted_least_loaded_short_2_0_r1158736367_0
mysql-1             | 2026-09-16 18:38:48 0 [Note] Plugin 'FEEDBACK' is disabled.
mysql-1             | 2026-09-16 18:38:48 0 [Note] InnoDB: Buffer pool(s) load completed at 260916 18:38:48
mysql-1             | 2026-09-16 18:38:48 0 [Warning] 'user' entry 'root@8100c238d4b4' ignored in --skip-name-resolve mode.
mysql-1             | 2026-09-16 18:38:48 0 [Warning] 'user' entry '@8100c238d4b4' ignored in --skip-name-resolve mode.
mysql-1             | 2026-09-16 18:38:48 0 [Warning] 'proxies_priv' entry '@% root@8100c238d4b4' ignored in --skip-name-resolve mode.
mysql-1             | 2026-09-16 18:38:48 0 [Note] Reading of all Master_info entries succeded
mysql-1             | 2026-09-16 18:38:48 0 [Note] Added new Master_info '' to hash table
mysql-1             | 2026-09-16 18:38:48 0 [Note] mysqld: ready for connections.
mysql-1             | Version: '10.3.8-MariaDB-1:10.3.8+maria~bionic'  socket: '/var/run/mysqld/mysqld.sock'  port: 0  mariadb.org binary distribution
mysql-1             | Warning: Unable to load '/usr/share/zoneinfo/leap-seconds.list' as time zone. Skipping it.
mysql-1             | 2026-09-16 18:38:50 10 [Warning] 'proxies_priv' entry '@% root@8100c238d4b4' ignored in --skip-name-resolve mode.
mysql-1             | 
mysql-1             | 2026-09-16 18:38:50 0 [Note] mysqld (initiated by: unknown): Normal shutdown
apache-1            | 2026-09-16 18:40:02,101 INFO reaped unknown pid 214
apache-1            | 2026-09-16 18:40:02,203 INFO reaped unknown pid 216
apache-1            | 2026-09-16 18:40:02,304 INFO reaped unknown pid 218
client-cluster-1    | 16-Sep-2026 18:40:28 [---] Processor: 4 ARM  [Impl 0x61 Arch 8 Variant 0x0 Part 0x000 Rev 0]
client-cluster-1    | 16-Sep-2026 18:40:28 [---] Processor features: fp asimd evtstrm aes pmull sha1 sha2 crc32 atomics fphp asimdhp cpuid asimdrdm jscvt fcma lrcpc dcpop sha3 asimddp sha512 asimdfhm dit uscat ilrcpc flagm sb paca pacg dcpodp flagm2 frint i8mm bf16 bti afp
client-cluster-1    | 16-Sep-2026 18:40:28 [---] OS: Linux Debian GNU/Linux: Debian GNU/Linux 12 (bookworm) [6.8.0-100-generic|libc 2.36]
client-cluster-1    | 16-Sep-2026 18:40:28 [---] Memory: 9.69 GB physical, 0 bytes virtual
mysql-1             | 2026-09-16 18:38:50 0 [Note] Event Scheduler: Purging the queue. 0 events
mysql-1             | 2026-09-16 18:38:50 0 [Note] InnoDB: FTS optimize thread exiting.
mysql-1             | 2026-09-16 18:38:50 0 [Note] InnoDB: Starting shutdown...
mysql-1             | 2026-09-16 18:38:50 0 [Note] InnoDB: Dumping buffer pool(s) to /var/lib/mysql/ib_buffer_pool
client-cluster-2-1  | 16-Sep-2026 18:40:51 [boincserver] Finished download of hybrid_synthetic_1.0_aarch64-unknown-linux-gnu
client-cluster-2-1  | 16-Sep-2026 18:40:51 [boincserver] Finished download of hybrid_synthetic_input.txt
client-cluster-2-1  | 16-Sep-2026 18:40:51 [boincserver] Elapsed time limit 50.000000 < 120.000000; setting to 43200.000000
client-low-power-1  | 16-Sep-2026 18:40:28 [---]    max disk usage: 2.00 GB
client-low-power-1  | 16-Sep-2026 18:40:28 [---]    don't use GPU while active
client-low-power-1  | 16-Sep-2026 18:40:28 [---]    suspend work if non-BOINC CPU load exceeds 25%
client-low-power-1  | 16-Sep-2026 18:40:28 [---]    (to change preferences, visit a project web site or select Preferences in the Manager)
client-desktop-1    | 16-Sep-2026 18:40:28 [---]    max disk usage: 2.00 GB
client-desktop-1    | 16-Sep-2026 18:40:28 [---]    don't use GPU while active
client-cluster-2-1  | 16-Sep-2026 18:40:51 [boincserver] Starting task exp_20260916T180210Z_weighted_least_loaded_short_5_0
client-cluster-2-1  | 16-Sep-2026 18:40:57 [boincserver] Sending scheduler request: To fetch work.
client-cluster-2-1  | 16-Sep-2026 18:40:57 [boincserver] Requesting new tasks for CPU
client-cluster-2-1  | 16-Sep-2026 18:40:59 [boincserver] Computation for task exp_20260916T180210Z_weighted_least_loaded_short_5_0 finished
client-cluster-1    | 16-Sep-2026 18:40:28 [---] Disk: 18.33 GB total, 15.43 GB free
client-cluster-1    | 16-Sep-2026 18:40:28 [---] Local time is UTC +0 hours
mysql-1             | 2026-09-16 18:38:50 0 [Note] InnoDB: Buffer pool(s) dump completed at 260916 18:38:50
mysql-1             | 2026-09-16 18:38:51 0 [Note] InnoDB: Shutdown completed; log sequence number 1630824; transaction id 24
mysql-1             | 2026-09-16 18:38:51 0 [Note] InnoDB: Removed temporary tablespace data file: "ibtmp1"
mysql-1             | 2026-09-16 18:38:51 0 [Note] mysqld: Shutdown complete
mysql-1             | 
mysql-1             | 
apache-1            | 2026-09-16 18:40:02,408 INFO reaped unknown pid 220
apache-1            | 2026-09-16 18:40:03,448 INFO reaped unknown pid 211
apache-1            | 2026-09-16 18:40:03,448 INFO reaped unknown pid 213
apache-1            | 2026-09-16 18:40:03,448 INFO reaped unknown pid 215
client-cluster-1    | 16-Sep-2026 18:40:28 [---] Config: GUI RPC allowed from any host
mysql-1             | MySQL init process done. Ready for start up.
mysql-1             | 
apache-1            | 2026-09-16 18:40:03,448 INFO reaped unknown pid 217
apache-1            | 2026-09-16 18:40:03,448 INFO reaped unknown pid 219
apache-1            | 2026-09-16 18:40:03,448 INFO reaped unknown pid 221
apache-1            | 2026-09-16 18:40:03,448 INFO reaped unknown pid 223
apache-1            | 2026-09-16 18:40:03,448 INFO reaped unknown pid 227
apache-1            | 2026-09-16 18:40:03,449 INFO reaped unknown pid 229
client-phone-2-1    | 16-Sep-2026 18:40:33 [---] Processor features: fp asimd evtstrm aes pmull sha1 sha2 crc32 atomics fphp asimdhp cpuid asimdrdm jscvt fcma lrcpc dcpop sha3 asimddp sha512 asimdfhm dit uscat ilrcpc flagm sb paca pacg dcpodp flagm2 frint i8mm bf16 bti afp
client-phone-2-1    | 16-Sep-2026 18:40:33 [---] OS: Linux Debian GNU/Linux: Debian GNU/Linux 12 (bookworm) [6.8.0-100-generic|libc 2.36]
client-phone-2-1    | 16-Sep-2026 18:40:33 [---] Memory: 9.69 GB physical, 0 bytes virtual
client-phone-2-1    | 16-Sep-2026 18:40:33 [---] Disk: 18.33 GB total, 15.43 GB free
mysql-1             | 2026-09-16 18:38:51 0 [Note] mysqld (mysqld 10.3.8-MariaDB-1:10.3.8+maria~bionic) starting as process 1 ...
mysql-1             | 2026-09-16 18:38:51 0 [Note] InnoDB: Using Linux native AIO
mysql-1             | 2026-09-16 18:38:51 0 [Note] InnoDB: Mutexes and rw_locks use GCC atomic builtins
mysql-1             | 2026-09-16 18:38:51 0 [Note] InnoDB: Uses event mutexes
client-cluster-1    | 16-Sep-2026 18:40:28 [---] Config: simulate 4 CPUs
client-cluster-1    | 16-Sep-2026 18:40:28 [---] Config: report completed tasks immediately
apache-1            | 2026-09-16 18:40:03,449 INFO reaped unknown pid 232
apache-1            | 2026-09-16 18:40:03,449 INFO reaped unknown pid 238
apache-1            | 2026-09-16 18:40:07,957 INFO reaped unknown pid 230
apache-1            | 2026-09-16 18:40:08,167 INFO reaped unknown pid 234
apache-1            | 2026-09-16 18:40:08,264 INFO reaped unknown pid 236
client-desktop-1    | 16-Sep-2026 18:40:28 [---]    suspend work if non-BOINC CPU load exceeds 25%
client-desktop-1    | 16-Sep-2026 18:40:28 [---]    (to change preferences, visit a project web site or select Preferences in the Manager)
client-desktop-1    | 16-Sep-2026 18:40:28 [---] Setting up project and slot directories
client-desktop-1    | 16-Sep-2026 18:40:28 [---] Checking active tasks
client-desktop-1    | 16-Sep-2026 18:40:28 [---] Setting up GUI RPC socket
client-desktop-1    | dir_open: Could not open directory 'slots' from '/var/lib/boinc-client'.
client-desktop-1    | 16-Sep-2026 18:40:28 [---] Checking presence of 0 project files
client-desktop-1    | 16-Sep-2026 18:40:28 [---] This computer is not attached to any projects
client-desktop-1    | 16-Sep-2026 18:40:28 Initialization completed
client-desktop-1    | dir_open: Could not open directory 'projects/boincserver.local_boincserver' from '/var/lib/boinc-client'.
client-desktop-1    | 16-Sep-2026 18:40:29 [---] No general preferences found - using defaults
client-desktop-1    | 16-Sep-2026 18:40:29 [---] Reading preferences override file
client-desktop-1    | 16-Sep-2026 18:40:29 [---] Preferences:
client-desktop-1    | 16-Sep-2026 18:40:29 [---]    max memory usage when active: 8929.14 MB
client-desktop-1    | 16-Sep-2026 18:40:29 [---]    max memory usage when idle: 8929.14 MB
client-desktop-1    | 16-Sep-2026 18:40:29 [---]    max disk usage: 2.00 GB
client-desktop-1    | 16-Sep-2026 18:40:29 [---]    don't use GPU while active
client-phone-1      | 16-Sep-2026 18:41:04 [boincserver] Sending scheduler request: To report completed tasks.
client-phone-1      | 16-Sep-2026 18:41:04 [boincserver] Reporting 1 completed tasks
client-phone-1      | 16-Sep-2026 18:41:04 [boincserver] Requesting new tasks for CPU
client-phone-1      | 16-Sep-2026 18:41:06 [boincserver] Computation for task exp_20260916T180210Z_weighted_least_loaded_short_7_0 finished
client-phone-1      | 16-Sep-2026 18:41:06 [boincserver] Scheduler request completed: got 1 new tasks
client-phone-1      | 16-Sep-2026 18:41:06 [boincserver] Project requested delay of 7 seconds
client-phone-1      | 16-Sep-2026 18:41:08 [boincserver] Started upload of exp_20260916T180210Z_weighted_least_loaded_short_7_0_r42640366_0
client-cluster-2-1  | 16-Sep-2026 18:40:59 [boincserver] Scheduler request completed: got 4 new tasks
client-desktop-1    | 16-Sep-2026 18:40:29 [---]    suspend work if non-BOINC CPU load exceeds 25%
client-desktop-1    | 16-Sep-2026 18:40:29 [---]    (to change preferences, visit a project web site or select Preferences in the Manager)
client-desktop-1    | 16-Sep-2026 18:40:33 [http://boincserver.local/boincserver/] Fetching scheduler list
client-desktop-1    | 16-Sep-2026 18:40:35 [http://boincserver.local/boincserver/] Master file download succeeded
client-desktop-1    | 16-Sep-2026 18:40:40 [http://boincserver.local/boincserver/] Sending scheduler request: Project initialization.
client-desktop-1    | 16-Sep-2026 18:40:40 [http://boincserver.local/boincserver/] Requesting new tasks for CPU
client-desktop-1    | 16-Sep-2026 18:40:42 [boincserver] Scheduler request completed: got 1 new tasks
client-desktop-1    | 16-Sep-2026 18:40:42 [boincserver] Project requested delay of 7 seconds
client-desktop-1    | 16-Sep-2026 18:40:44 [boincserver] Started download of hybrid_synthetic_1.0_aarch64-unknown-linux-gnu
client-low-power-1  | 16-Sep-2026 18:40:28 [---] Setting up project and slot directories
client-low-power-1  | 16-Sep-2026 18:40:28 [---] Checking active tasks
client-low-power-1  | 16-Sep-2026 18:40:28 [---] Setting up GUI RPC socket
client-low-power-1  | dir_open: Could not open directory 'slots' from '/var/lib/boinc-client'.
client-low-power-1  | 16-Sep-2026 18:40:28 [---] Checking presence of 0 project files
client-low-power-1  | 16-Sep-2026 18:40:28 [---] This computer is not attached to any projects
client-low-power-1  | 16-Sep-2026 18:40:28 Initialization completed
client-low-power-1  | dir_open: Could not open directory 'projects/boincserver.local_boincserver' from '/var/lib/boinc-client'.
client-low-power-1  | 16-Sep-2026 18:40:29 [---] No general preferences found - using defaults
client-desktop-1    | 16-Sep-2026 18:40:44 [boincserver] Started download of hybrid_synthetic_input.txt
client-desktop-1    | 16-Sep-2026 18:40:46 [boincserver] Finished download of hybrid_synthetic_1.0_aarch64-unknown-linux-gnu
client-desktop-1    | 16-Sep-2026 18:40:46 [boincserver] Finished download of hybrid_synthetic_input.txt
client-desktop-1    | 16-Sep-2026 18:40:46 [boincserver] Elapsed time limit 50.000000 < 120.000000; setting to 43200.000000
client-desktop-1    | 16-Sep-2026 18:40:46 [boincserver] Starting task exp_20260916T180210Z_weighted_least_loaded_short_3_0
client-phone-2-1    | 16-Sep-2026 18:40:33 [---] Local time is UTC +0 hours
client-phone-2-1    | 16-Sep-2026 18:40:33 [---] Config: GUI RPC allowed from any host
client-phone-2-1    | 16-Sep-2026 18:40:33 [---] Config: simulate 1 CPUs
client-phone-1      | 16-Sep-2026 18:41:08 [boincserver] Starting task exp_20260916T180210Z_weighted_least_loaded_medium_3_0
client-phone-1      | 16-Sep-2026 18:41:10 [boincserver] Finished upload of exp_20260916T180210Z_weighted_least_loaded_short_7_0_r42640366_0
client-phone-1      | 16-Sep-2026 18:41:16 [boincserver] Sending scheduler request: To report completed tasks.
client-phone-1      | 16-Sep-2026 18:41:16 [boincserver] Reporting 1 completed tasks
client-phone-1      | 16-Sep-2026 18:41:16 [boincserver] Requesting new tasks for CPU
client-phone-1      | 16-Sep-2026 18:41:18 [boincserver] Scheduler request completed: got 1 new tasks
client-phone-1      | 16-Sep-2026 18:41:18 [boincserver] Project requested delay of 7 seconds
client-phone-1      | 16-Sep-2026 18:41:28 [boincserver] Sending scheduler request: To fetch work.
client-phone-1      | 16-Sep-2026 18:41:28 [boincserver] Requesting new tasks for CPU
client-phone-1      | 16-Sep-2026 18:41:35 [boincserver] Scheduler request completed: got 0 new tasks
client-phone-1      | 16-Sep-2026 18:41:35 [boincserver] Project has no tasks available
client-phone-1      | 16-Sep-2026 18:41:35 [boincserver] Project requested delay of 7 seconds
client-phone-1      | 16-Sep-2026 18:41:41 [boincserver] Computation for task exp_20260916T180210Z_weighted_least_loaded_medium_3_0 finished
client-phone-1      | 16-Sep-2026 18:41:41 [boincserver] Starting task exp_20260916T180210Z_weighted_least_loaded_long_2_0
client-phone-1      | 16-Sep-2026 18:41:43 [boincserver] Started upload of exp_20260916T180210Z_weighted_least_loaded_medium_3_0_r1464667374_0
client-desktop-1    | 16-Sep-2026 18:40:52 [boincserver] Sending scheduler request: To fetch work.
client-desktop-1    | 16-Sep-2026 18:40:52 [boincserver] Requesting new tasks for CPU
client-desktop-1    | 16-Sep-2026 18:40:54 [boincserver] Computation for task exp_20260916T180210Z_weighted_least_loaded_short_3_0 finished
client-desktop-1    | 16-Sep-2026 18:40:54 [boincserver] Scheduler request completed: got 2 new tasks
client-desktop-1    | 16-Sep-2026 18:40:54 [boincserver] Project requested delay of 7 seconds
client-phone-2-1    | 16-Sep-2026 18:40:33 [---] Config: report completed tasks immediately
client-phone-2-1    | 16-Sep-2026 18:40:33 [---] No general preferences found - using defaults
client-phone-2-1    | 16-Sep-2026 18:40:33 [---] Reading preferences override file
client-phone-2-1    | 16-Sep-2026 18:40:33 [---] Preferences:
client-phone-2-1    | 16-Sep-2026 18:40:33 [---]    max memory usage when active: 8929.14 MB
client-phone-2-1    | 16-Sep-2026 18:40:33 [---]    max memory usage when idle: 8929.14 MB
client-phone-2-1    | 16-Sep-2026 18:40:33 [---]    max disk usage: 2.00 GB
client-phone-2-1    | 16-Sep-2026 18:40:33 [---]    don't use GPU while active
client-phone-2-1    | dir_open: Could not open directory 'slots' from '/var/lib/boinc-client'.
client-phone-1      | 16-Sep-2026 18:41:45 [boincserver] Finished upload of exp_20260916T180210Z_weighted_least_loaded_medium_3_0_r1464667374_0
client-phone-1      | 16-Sep-2026 18:41:45 [boincserver] Sending scheduler request: To report completed tasks.
client-phone-1      | 16-Sep-2026 18:41:45 [boincserver] Reporting 1 completed tasks
client-phone-1      | 16-Sep-2026 18:41:45 [boincserver] Requesting new tasks for CPU
client-phone-1      | 16-Sep-2026 18:41:47 [boincserver] Scheduler request completed: got 0 new tasks
client-desktop-1    | 16-Sep-2026 18:40:56 [boincserver] Started upload of exp_20260916T180210Z_weighted_least_loaded_short_3_0_r1375681461_0
client-desktop-1    | 16-Sep-2026 18:40:56 [boincserver] Elapsed time limit 50.000000 < 120.000000; setting to 43200.000000
client-desktop-1    | 16-Sep-2026 18:40:56 [boincserver] Elapsed time limit 50.000000 < 120.000000; setting to 43200.000000
client-cluster-2-1  | 16-Sep-2026 18:40:59 [boincserver] Project requested delay of 7 seconds
client-cluster-2-1  | 16-Sep-2026 18:41:01 [boincserver] Started upload of exp_20260916T180210Z_weighted_least_loaded_short_5_0_r534329886_0
client-cluster-2-1  | 16-Sep-2026 18:41:01 [boincserver] Elapsed time limit 50.000000 < 120.000000; setting to 43200.000000
client-cluster-2-1  | 16-Sep-2026 18:41:01 [boincserver] Elapsed time limit 50.000000 < 120.000000; setting to 43200.000000
client-cluster-2-1  | 16-Sep-2026 18:41:01 [boincserver] Elapsed time limit 50.000000 < 120.000000; setting to 43200.000000
mysql-1             | 2026-09-16 18:38:51 0 [Note] InnoDB: Compressed tables use zlib 1.2.11
mysql-1             | 2026-09-16 18:38:51 0 [Note] InnoDB: Number of pools: 1
mysql-1             | 2026-09-16 18:38:51 0 [Note] InnoDB: Using generic crc32 instructions
client-phone-1      | 16-Sep-2026 18:41:47 [boincserver] Project has no tasks available
client-phone-1      | 16-Sep-2026 18:41:47 [boincserver] Project requested delay of 7 seconds
client-phone-1      | 16-Sep-2026 18:41:57 [boincserver] Sending scheduler request: To fetch work.
client-phone-1      | 16-Sep-2026 18:41:57 [boincserver] Requesting new tasks for CPU
client-phone-1      | 16-Sep-2026 18:41:59 [boincserver] Scheduler request completed: got 0 new tasks
client-phone-1      | 16-Sep-2026 18:41:59 [boincserver] Project has no tasks available
client-phone-1      | 16-Sep-2026 18:41:59 [boincserver] Project requested delay of 7 seconds
client-phone-1      | 16-Sep-2026 18:43:55 [boincserver] Computation for task exp_20260916T180210Z_weighted_least_loaded_long_2_0 finished
client-phone-1      | 16-Sep-2026 18:43:57 [boincserver] Started upload of exp_20260916T180210Z_weighted_least_loaded_long_2_0_r1647068897_0
client-phone-1      | 16-Sep-2026 18:43:59 [boincserver] Finished upload of exp_20260916T180210Z_weighted_least_loaded_long_2_0_r1647068897_0
client-phone-1      | 16-Sep-2026 18:44:02 [boincserver] Sending scheduler request: To report completed tasks.
client-phone-1      | 16-Sep-2026 18:44:02 [boincserver] Reporting 1 completed tasks
client-phone-1      | 16-Sep-2026 18:44:02 [boincserver] Requesting new tasks for CPU
client-phone-1      | 16-Sep-2026 18:44:04 [boincserver] Scheduler request completed: got 0 new tasks
client-phone-1      | 16-Sep-2026 18:44:04 [boincserver] Project has no tasks available
client-phone-1      | 16-Sep-2026 18:44:04 [boincserver] Project requested delay of 7 seconds
client-phone-1      | 16-Sep-2026 18:44:14 [boincserver] Sending scheduler request: To fetch work.
client-phone-1      | 16-Sep-2026 18:44:14 [boincserver] Requesting new tasks for CPU
client-phone-1      | 16-Sep-2026 18:44:16 [boincserver] Scheduler request completed: got 0 new tasks
client-phone-1      | 16-Sep-2026 18:44:16 [boincserver] Project has no tasks available
client-desktop-1    | 16-Sep-2026 18:40:56 [boincserver] Starting task exp_20260916T180210Z_weighted_least_loaded_short_9_0
client-desktop-1    | 16-Sep-2026 18:40:56 [boincserver] Starting task exp_20260916T180210Z_weighted_least_loaded_short_10_0
mysql-1             | 2026-09-16 18:38:51 0 [Note] InnoDB: Initializing buffer pool, total size = 256M, instances = 1, chunk size = 128M
mysql-1             | 2026-09-16 18:38:51 0 [Note] InnoDB: Completed initialization of buffer pool
mysql-1             | 2026-09-16 18:38:51 0 [Note] InnoDB: If the mysqld execution user is authorized, page cleaner thread priority can be changed. See the man page of setpriority().
mysql-1             | 2026-09-16 18:38:51 0 [Note] InnoDB: 128 out of 128 rollback segments are active.
mysql-1             | 2026-09-16 18:38:51 0 [Note] InnoDB: Creating shared tablespace for temporary tables
mysql-1             | 2026-09-16 18:38:51 0 [Note] InnoDB: Setting file './ibtmp1' size to 12 MB. Physically writing the file full; Please wait ...
mysql-1             | 2026-09-16 18:38:51 0 [Note] InnoDB: File './ibtmp1' size is now 12 MB.
mysql-1             | 2026-09-16 18:38:51 0 [Note] InnoDB: Waiting for purge to start
mysql-1             | 2026-09-16 18:38:51 0 [Note] InnoDB: 10.3.8 started; log sequence number 1630824; transaction id 21
mysql-1             | 2026-09-16 18:38:51 0 [Note] InnoDB: Loading buffer pool(s) from /var/lib/mysql/ib_buffer_pool
client-low-power-1  | 16-Sep-2026 18:40:29 [---] Reading preferences override file
client-low-power-1  | 16-Sep-2026 18:40:29 [---] Preferences:
client-low-power-1  | 16-Sep-2026 18:40:29 [---]    max memory usage when active: 8929.14 MB
client-low-power-1  | 16-Sep-2026 18:40:29 [---]    max memory usage when idle: 8929.14 MB
client-phone-2-1    | 16-Sep-2026 18:40:33 [---]    suspend work if non-BOINC CPU load exceeds 25%
client-phone-2-1    | 16-Sep-2026 18:40:33 [---]    (to change preferences, visit a project web site or select Preferences in the Manager)
client-phone-2-1    | 16-Sep-2026 18:40:33 [---] Setting up project and slot directories
client-phone-2-1    | 16-Sep-2026 18:40:33 [---] Checking active tasks
client-phone-2-1    | 16-Sep-2026 18:40:33 [---] Setting up GUI RPC socket
client-phone-2-1    | 16-Sep-2026 18:40:33 [---] Checking presence of 0 project files
client-phone-2-1    | 16-Sep-2026 18:40:33 [---] This computer is not attached to any projects
client-phone-2-1    | 16-Sep-2026 18:40:33 Initialization completed
client-phone-2-1    | dir_open: Could not open directory 'projects/boincserver.local_boincserver' from '/var/lib/boinc-client'.
client-phone-2-1    | 16-Sep-2026 18:40:34 [---] No general preferences found - using defaults
client-cluster-2-1  | 16-Sep-2026 18:41:01 [boincserver] Elapsed time limit 50.000000 < 120.000000; setting to 43200.000000
client-cluster-2-1  | 16-Sep-2026 18:41:01 [boincserver] Starting task exp_20260916T180210Z_weighted_least_loaded_short_12_0
client-cluster-2-1  | 16-Sep-2026 18:41:01 [boincserver] Starting task exp_20260916T180210Z_weighted_least_loaded_short_13_0
client-cluster-2-1  | 16-Sep-2026 18:41:01 [boincserver] Starting task exp_20260916T180210Z_weighted_least_loaded_short_14_0
client-cluster-2-1  | 16-Sep-2026 18:41:01 [boincserver] Starting task exp_20260916T180210Z_weighted_least_loaded_short_11_0
client-cluster-2-1  | 16-Sep-2026 18:41:03 [boincserver] Finished upload of exp_20260916T180210Z_weighted_least_loaded_short_5_0_r534329886_0
client-phone-2-1    | 16-Sep-2026 18:40:34 [---] Reading preferences override file
client-phone-2-1    | 16-Sep-2026 18:40:34 [---] Preferences:
client-phone-2-1    | 16-Sep-2026 18:40:34 [---]    max memory usage when active: 8929.14 MB
mysql-1             | 2026-09-16 18:38:51 0 [Note] Plugin 'FEEDBACK' is disabled.
mysql-1             | 2026-09-16 18:38:51 0 [Note] InnoDB: Buffer pool(s) load completed at 260916 18:38:51
mysql-1             | 2026-09-16 18:38:51 0 [Note] Server socket created on IP: '::'.
client-desktop-1    | 16-Sep-2026 18:40:58 [boincserver] Finished upload of exp_20260916T180210Z_weighted_least_loaded_short_3_0_r1375681461_0
client-desktop-1    | 16-Sep-2026 18:41:04 [boincserver] Computation for task exp_20260916T180210Z_weighted_least_loaded_short_9_0 finished
client-desktop-1    | 16-Sep-2026 18:41:04 [boincserver] Sending scheduler request: To report completed tasks.
client-desktop-1    | 16-Sep-2026 18:41:04 [boincserver] Reporting 1 completed tasks
client-desktop-1    | 16-Sep-2026 18:41:04 [boincserver] Requesting new tasks for CPU
client-desktop-1    | 16-Sep-2026 18:41:05 [boincserver] Computation for task exp_20260916T180210Z_weighted_least_loaded_short_10_0 finished
client-desktop-1    | 16-Sep-2026 18:41:06 [boincserver] Started upload of exp_20260916T180210Z_weighted_least_loaded_short_9_0_r729772987_0
client-desktop-1    | 16-Sep-2026 18:41:06 [boincserver] Scheduler request completed: got 2 new tasks
client-desktop-1    | 16-Sep-2026 18:41:06 [boincserver] Project requested delay of 7 seconds
client-phone-1      | 16-Sep-2026 18:44:16 [boincserver] Project requested delay of 7 seconds
client-cluster-2-1  | 16-Sep-2026 18:41:09 [boincserver] Sending scheduler request: To report completed tasks.
client-cluster-2-1  | 16-Sep-2026 18:41:09 [boincserver] Reporting 1 completed tasks
client-cluster-2-1  | 16-Sep-2026 18:41:09 [boincserver] Requesting new tasks for CPU
client-cluster-2-1  | 16-Sep-2026 18:41:10 [boincserver] Computation for task exp_20260916T180210Z_weighted_least_loaded_short_12_0 finished
client-cluster-2-1  | 16-Sep-2026 18:41:11 [boincserver] Computation for task exp_20260916T180210Z_weighted_least_loaded_short_13_0 finished
client-cluster-2-1  | 16-Sep-2026 18:41:12 [boincserver] Started upload of exp_20260916T180210Z_weighted_least_loaded_short_12_0_r1102232804_0
client-cluster-2-1  | 16-Sep-2026 18:41:12 [boincserver] Computation for task exp_20260916T180210Z_weighted_least_loaded_short_14_0 finished
client-cluster-2-1  | 16-Sep-2026 18:41:13 [boincserver] Started upload of exp_20260916T180210Z_weighted_least_loaded_short_13_0_r165827464_0
client-cluster-2-1  | 16-Sep-2026 18:41:13 [boincserver] Computation for task exp_20260916T180210Z_weighted_least_loaded_short_11_0 finished
client-cluster-2-1  | 16-Sep-2026 18:41:14 [boincserver] Finished upload of exp_20260916T180210Z_weighted_least_loaded_short_12_0_r1102232804_0
client-cluster-2-1  | 16-Sep-2026 18:41:14 [boincserver] Finished upload of exp_20260916T180210Z_weighted_least_loaded_short_13_0_r165827464_0
client-cluster-2-1  | 16-Sep-2026 18:41:14 [boincserver] Started upload of exp_20260916T180210Z_weighted_least_loaded_short_14_0_r187411747_0
mysql-1             | 2026-09-16 18:38:51 0 [Warning] 'proxies_priv' entry '@% root@8100c238d4b4' ignored in --skip-name-resolve mode.
mysql-1             | 2026-09-16 18:38:51 0 [Note] Reading of all Master_info entries succeded
mysql-1             | 2026-09-16 18:38:51 0 [Note] Added new Master_info '' to hash table
mysql-1             | 2026-09-16 18:38:51 0 [Note] mysqld: ready for connections.
client-low-power-1  | 16-Sep-2026 18:40:29 [---]    max disk usage: 2.00 GB
mysql-1             | Version: '10.3.8-MariaDB-1:10.3.8+maria~bionic'  socket: '/var/run/mysqld/mysqld.sock'  port: 3306  mariadb.org binary distribution
mysql-1             | 2026-09-16 18:38:52 8 [Warning] Access denied for user 'boincadm'@'172.21.0.2' (using password: NO)
mysql-1             | 2026-09-16 18:39:10 21 [Warning] Aborted connection 21 to db: 'boincserver' user: 'root' host: '172.21.0.4' (Got an error reading communication packets)
mysql-1             | 2026-09-16 18:39:10 15 [Warning] Aborted connection 15 to db: 'boincserver' user: 'root' host: '172.21.0.4' (Got an error reading communication packets)
mysql-1             | 2026-09-16 18:39:10 20 [Warning] Aborted connection 20 to db: 'boincserver' user: 'root' host: '172.21.0.4' (Got an error reading communication packets)
mysql-1             | 2026-09-16 18:40:02 53 [Warning] Aborted connection 53 to db: 'boincserver' user: 'root' host: '172.21.0.4' (Got an error reading communication packets)
client-desktop-1    | 16-Sep-2026 18:41:07 [boincserver] Started upload of exp_20260916T180210Z_weighted_least_loaded_short_10_0_r394049811_0
client-desktop-1    | 16-Sep-2026 18:41:08 [boincserver] Finished upload of exp_20260916T180210Z_weighted_least_loaded_short_9_0_r729772987_0
client-desktop-1    | 16-Sep-2026 18:41:08 [boincserver] Finished upload of exp_20260916T180210Z_weighted_least_loaded_short_10_0_r394049811_0
client-desktop-1    | 16-Sep-2026 18:41:08 [boincserver] Starting task exp_20260916T180210Z_weighted_least_loaded_medium_4_0
client-desktop-1    | 16-Sep-2026 18:41:08 [boincserver] Starting task exp_20260916T180210Z_weighted_least_loaded_medium_2_0
client-desktop-1    | 16-Sep-2026 18:41:16 [boincserver] Sending scheduler request: To report completed tasks.
client-desktop-1    | 16-Sep-2026 18:41:16 [boincserver] Reporting 2 completed tasks
client-desktop-1    | 16-Sep-2026 18:41:16 [boincserver] Requesting new tasks for CPU
client-cluster-2-1  | 16-Sep-2026 18:41:15 [boincserver] Started upload of exp_20260916T180210Z_weighted_least_loaded_short_11_0_r108846108_0
client-cluster-2-1  | 16-Sep-2026 18:41:16 [boincserver] Finished upload of exp_20260916T180210Z_weighted_least_loaded_short_14_0_r187411747_0
mysql-1             | 2026-09-16 18:40:02 57 [Warning] Aborted connection 57 to db: 'boincserver' user: 'root' host: '172.21.0.4' (Got an error reading communication packets)
client-phone-2-1    | 16-Sep-2026 18:40:34 [---]    max memory usage when idle: 8929.14 MB
client-phone-2-1    | 16-Sep-2026 18:40:34 [---]    max disk usage: 2.00 GB
client-phone-2-1    | 16-Sep-2026 18:40:34 [---]    don't use GPU while active
client-desktop-1    | 16-Sep-2026 18:41:18 [boincserver] Scheduler request completed: got 2 new tasks
client-desktop-1    | 16-Sep-2026 18:41:18 [boincserver] Project requested delay of 7 seconds
client-desktop-1    | 16-Sep-2026 18:41:28 [boincserver] Sending scheduler request: To fetch work.
client-desktop-1    | 16-Sep-2026 18:41:28 [boincserver] Requesting new tasks for CPU
client-desktop-1    | 16-Sep-2026 18:41:35 [boincserver] Scheduler request completed: got 0 new tasks
client-desktop-1    | 16-Sep-2026 18:41:35 [boincserver] Project has no tasks available
client-desktop-1    | 16-Sep-2026 18:41:35 [boincserver] Project requested delay of 7 seconds
client-phone-2-1    | 16-Sep-2026 18:40:34 [---]    suspend work if non-BOINC CPU load exceeds 25%
client-phone-2-1    | 16-Sep-2026 18:40:34 [---]    (to change preferences, visit a project web site or select Preferences in the Manager)
client-phone-2-1    | 16-Sep-2026 18:40:38 [http://boincserver.local/boincserver/] Fetching scheduler list
client-phone-2-1    | 16-Sep-2026 18:40:40 [http://boincserver.local/boincserver/] Master file download succeeded
client-phone-2-1    | 16-Sep-2026 18:40:45 [http://boincserver.local/boincserver/] Sending scheduler request: Project initialization.
client-phone-2-1    | 16-Sep-2026 18:40:45 [http://boincserver.local/boincserver/] Requesting new tasks for CPU
client-phone-2-1    | 16-Sep-2026 18:40:47 [boincserver] Scheduler request completed: got 1 new tasks
client-phone-2-1    | 16-Sep-2026 18:40:47 [boincserver] Project requested delay of 7 seconds
client-phone-2-1    | 16-Sep-2026 18:40:49 [boincserver] Started download of hybrid_synthetic_1.0_aarch64-unknown-linux-gnu
client-phone-2-1    | 16-Sep-2026 18:40:49 [boincserver] Started download of hybrid_synthetic_input.txt
client-phone-2-1    | 16-Sep-2026 18:40:51 [boincserver] Finished download of hybrid_synthetic_1.0_aarch64-unknown-linux-gnu
client-phone-2-1    | 16-Sep-2026 18:40:51 [boincserver] Finished download of hybrid_synthetic_input.txt
client-phone-2-1    | 16-Sep-2026 18:40:51 [boincserver] Elapsed time limit 50.000000 < 120.000000; setting to 43200.000000
client-cluster-2-1  | 16-Sep-2026 18:41:16 [boincserver] Finished upload of exp_20260916T180210Z_weighted_least_loaded_short_11_0_r108846108_0
client-cluster-2-1  | 16-Sep-2026 18:41:16 [boincserver] Scheduler request completed: got 4 new tasks
client-cluster-2-1  | 16-Sep-2026 18:41:16 [boincserver] Project requested delay of 7 seconds
client-cluster-2-1  | 16-Sep-2026 18:41:18 [boincserver] Starting task exp_20260916T180210Z_weighted_least_loaded_medium_6_0
client-phone-2-1    | 16-Sep-2026 18:40:51 [boincserver] Starting task exp_20260916T180210Z_weighted_least_loaded_short_6_0
client-phone-2-1    | 16-Sep-2026 18:40:57 [boincserver] Sending scheduler request: To fetch work.
client-phone-2-1    | 16-Sep-2026 18:40:57 [boincserver] Requesting new tasks for CPU
client-phone-2-1    | 16-Sep-2026 18:40:59 [boincserver] Scheduler request completed: got 1 new tasks
client-phone-2-1    | 16-Sep-2026 18:40:59 [boincserver] Project requested delay of 7 seconds
client-phone-2-1    | 16-Sep-2026 18:41:00 [boincserver] Computation for task exp_20260916T180210Z_weighted_least_loaded_short_6_0 finished
client-phone-2-1    | 16-Sep-2026 18:41:01 [boincserver] Elapsed time limit 50.000000 < 120.000000; setting to 43200.000000
client-phone-2-1    | 16-Sep-2026 18:41:01 [boincserver] Starting task exp_20260916T180210Z_weighted_least_loaded_short_15_0
client-cluster-2-1  | 16-Sep-2026 18:41:18 [boincserver] Starting task exp_20260916T180210Z_weighted_least_loaded_medium_11_0
client-cluster-2-1  | 16-Sep-2026 18:41:18 [boincserver] Starting task exp_20260916T180210Z_weighted_least_loaded_medium_8_0
client-cluster-2-1  | 16-Sep-2026 18:41:18 [boincserver] Starting task exp_20260916T180210Z_weighted_least_loaded_medium_9_0
client-cluster-2-1  | 16-Sep-2026 18:41:26 [boincserver] Sending scheduler request: To report completed tasks.
client-cluster-2-1  | 16-Sep-2026 18:41:26 [boincserver] Reporting 4 completed tasks
client-cluster-2-1  | 16-Sep-2026 18:41:26 [boincserver] Requesting new tasks for CPU
client-phone-2-1    | 16-Sep-2026 18:41:02 [boincserver] Started upload of exp_20260916T180210Z_weighted_least_loaded_short_6_0_r213776106_0
client-phone-2-1    | 16-Sep-2026 18:41:04 [boincserver] Finished upload of exp_20260916T180210Z_weighted_least_loaded_short_6_0_r213776106_0
client-phone-2-1    | 16-Sep-2026 18:41:09 [boincserver] Sending scheduler request: To report completed tasks.
client-phone-2-1    | 16-Sep-2026 18:41:09 [boincserver] Reporting 1 completed tasks
client-phone-2-1    | 16-Sep-2026 18:41:09 [boincserver] Requesting new tasks for CPU
client-phone-2-1    | 16-Sep-2026 18:41:11 [boincserver] Computation for task exp_20260916T180210Z_weighted_least_loaded_short_15_0 finished
client-phone-2-1    | 16-Sep-2026 18:41:11 [boincserver] Scheduler request completed: got 1 new tasks
client-phone-2-1    | 16-Sep-2026 18:41:11 [boincserver] Project requested delay of 7 seconds
client-phone-2-1    | 16-Sep-2026 18:41:13 [boincserver] Started upload of exp_20260916T180210Z_weighted_least_loaded_short_15_0_r1195129948_0
client-desktop-1    | 16-Sep-2026 18:41:50 [boincserver] Computation for task exp_20260916T180210Z_weighted_least_loaded_medium_4_0 finished
client-desktop-1    | 16-Sep-2026 18:41:50 [boincserver] Starting task exp_20260916T180210Z_weighted_least_loaded_long_1_0
client-desktop-1    | 16-Sep-2026 18:41:51 [boincserver] Computation for task exp_20260916T180210Z_weighted_least_loaded_medium_2_0 finished
client-desktop-1    | 16-Sep-2026 18:41:51 [boincserver] Starting task exp_20260916T180210Z_weighted_least_loaded_medium_12_0
client-desktop-1    | 16-Sep-2026 18:41:52 [boincserver] Started upload of exp_20260916T180210Z_weighted_least_loaded_medium_4_0_r1849992912_0
client-desktop-1    | 16-Sep-2026 18:41:53 [boincserver] Started upload of exp_20260916T180210Z_weighted_least_loaded_medium_2_0_r1871710346_0
client-desktop-1    | 16-Sep-2026 18:41:54 [boincserver] Finished upload of exp_20260916T180210Z_weighted_least_loaded_medium_4_0_r1849992912_0
client-desktop-1    | 16-Sep-2026 18:41:54 [boincserver] Finished upload of exp_20260916T180210Z_weighted_least_loaded_medium_2_0_r1871710346_0
client-desktop-1    | 16-Sep-2026 18:41:55 [boincserver] Sending scheduler request: To report completed tasks.
client-desktop-1    | 16-Sep-2026 18:41:55 [boincserver] Reporting 2 completed tasks
client-cluster-1    | dir_open: Could not open directory 'slots' from '/var/lib/boinc-client'.
client-cluster-1    | 16-Sep-2026 18:40:28 [---] No general preferences found - using defaults
client-cluster-1    | 16-Sep-2026 18:40:28 [---] Reading preferences override file
client-cluster-1    | 16-Sep-2026 18:40:28 [---] Preferences:
client-phone-2-1    | 16-Sep-2026 18:41:13 [boincserver] Starting task exp_20260916T180210Z_weighted_least_loaded_medium_7_0
client-phone-2-1    | 16-Sep-2026 18:41:15 [boincserver] Finished upload of exp_20260916T180210Z_weighted_least_loaded_short_15_0_r1195129948_0
client-cluster-1    | 16-Sep-2026 18:40:28 [---]    max memory usage when active: 8929.14 MB
client-cluster-1    | 16-Sep-2026 18:40:28 [---]    max memory usage when idle: 8929.14 MB
client-cluster-2-1  | 16-Sep-2026 18:41:39 [boincserver] Scheduler request completed: got 0 new tasks
client-cluster-2-1  | 16-Sep-2026 18:41:39 [boincserver] Project has no tasks available
client-cluster-2-1  | 16-Sep-2026 18:41:39 [boincserver] Project requested delay of 7 seconds
client-cluster-2-1  | 16-Sep-2026 18:41:49 [boincserver] Sending scheduler request: To fetch work.
client-cluster-2-1  | 16-Sep-2026 18:41:49 [boincserver] Requesting new tasks for CPU
client-cluster-2-1  | 16-Sep-2026 18:41:51 [boincserver] Computation for task exp_20260916T180210Z_weighted_least_loaded_medium_6_0 finished
client-cluster-2-1  | 16-Sep-2026 18:41:51 [boincserver] Scheduler request completed: got 0 new tasks
client-cluster-2-1  | 16-Sep-2026 18:41:51 [boincserver] Project has no tasks available
client-cluster-2-1  | 16-Sep-2026 18:41:51 [boincserver] Project requested delay of 7 seconds
client-cluster-2-1  | 16-Sep-2026 18:41:52 [boincserver] Computation for task exp_20260916T180210Z_weighted_least_loaded_medium_11_0 finished
client-phone-2-1    | 16-Sep-2026 18:41:21 [boincserver] Sending scheduler request: To report completed tasks.
client-phone-2-1    | 16-Sep-2026 18:41:21 [boincserver] Reporting 1 completed tasks
client-phone-2-1    | 16-Sep-2026 18:41:21 [boincserver] Requesting new tasks for CPU
client-phone-2-1    | 16-Sep-2026 18:41:23 [boincserver] Scheduler request completed: got 0 new tasks
client-phone-2-1    | 16-Sep-2026 18:41:23 [boincserver] Project has no tasks available
client-phone-2-1    | 16-Sep-2026 18:41:23 [boincserver] Project requested delay of 7 seconds
client-phone-2-1    | 16-Sep-2026 18:41:33 [boincserver] Sending scheduler request: To fetch work.
client-phone-2-1    | 16-Sep-2026 18:41:33 [boincserver] Requesting new tasks for CPU
client-cluster-2-1  | 16-Sep-2026 18:41:53 [boincserver] Started upload of exp_20260916T180210Z_weighted_least_loaded_medium_6_0_r2111605905_0
client-cluster-2-1  | 16-Sep-2026 18:41:53 [boincserver] Computation for task exp_20260916T180210Z_weighted_least_loaded_medium_8_0 finished
client-cluster-1    | 16-Sep-2026 18:40:28 [---]    max disk usage: 2.00 GB
client-cluster-1    | 16-Sep-2026 18:40:28 [---]    don't use GPU while active
client-cluster-1    | 16-Sep-2026 18:40:28 [---]    suspend work if non-BOINC CPU load exceeds 25%
client-phone-2-1    | 16-Sep-2026 18:41:40 [boincserver] Scheduler request completed: got 0 new tasks
client-phone-2-1    | 16-Sep-2026 18:41:40 [boincserver] Project has no tasks available
client-phone-2-1    | 16-Sep-2026 18:41:40 [boincserver] Project requested delay of 7 seconds
client-phone-2-1    | 16-Sep-2026 18:41:47 [boincserver] Computation for task exp_20260916T180210Z_weighted_least_loaded_medium_7_0 finished
client-phone-2-1    | 16-Sep-2026 18:41:49 [boincserver] Started upload of exp_20260916T180210Z_weighted_least_loaded_medium_7_0_r1097897950_0
client-low-power-1  | 16-Sep-2026 18:40:29 [---]    don't use GPU while active
client-low-power-1  | 16-Sep-2026 18:40:29 [---]    suspend work if non-BOINC CPU load exceeds 25%
client-low-power-1  | 16-Sep-2026 18:40:29 [---]    (to change preferences, visit a project web site or select Preferences in the Manager)
client-cluster-2-1  | 16-Sep-2026 18:41:55 [boincserver] Started upload of exp_20260916T180210Z_weighted_least_loaded_medium_11_0_r524503079_0
client-cluster-2-1  | 16-Sep-2026 18:41:55 [boincserver] Computation for task exp_20260916T180210Z_weighted_least_loaded_medium_9_0 finished
client-cluster-2-1  | 16-Sep-2026 18:41:56 [boincserver] Finished upload of exp_20260916T180210Z_weighted_least_loaded_medium_6_0_r2111605905_0
client-cluster-2-1  | 16-Sep-2026 18:41:56 [boincserver] Finished upload of exp_20260916T180210Z_weighted_least_loaded_medium_11_0_r524503079_0
client-cluster-1    | 16-Sep-2026 18:40:28 [---]    (to change preferences, visit a project web site or select Preferences in the Manager)
client-cluster-1    | 16-Sep-2026 18:40:28 [---] Setting up project and slot directories
client-cluster-1    | 16-Sep-2026 18:40:28 [---] Checking active tasks
client-cluster-1    | 16-Sep-2026 18:40:28 [---] Setting up GUI RPC socket
client-phone-2-1    | 16-Sep-2026 18:41:51 [boincserver] Finished upload of exp_20260916T180210Z_weighted_least_loaded_medium_7_0_r1097897950_0
client-phone-2-1    | 16-Sep-2026 18:41:55 [boincserver] Sending scheduler request: To report completed tasks.
client-desktop-1    | 16-Sep-2026 18:41:55 [boincserver] Requesting new tasks for CPU
client-desktop-1    | 16-Sep-2026 18:41:57 [boincserver] Scheduler request completed: got 0 new tasks
client-desktop-1    | 16-Sep-2026 18:41:57 [boincserver] Project has no tasks available
client-desktop-1    | 16-Sep-2026 18:41:57 [boincserver] Project requested delay of 7 seconds
client-desktop-1    | 16-Sep-2026 18:42:07 [boincserver] Sending scheduler request: To fetch work.
client-desktop-1    | 16-Sep-2026 18:42:07 [boincserver] Requesting new tasks for CPU
client-desktop-1    | 16-Sep-2026 18:42:09 [boincserver] Scheduler request completed: got 0 new tasks
client-cluster-1    | 16-Sep-2026 18:40:28 [---] Checking presence of 0 project files
client-cluster-1    | 16-Sep-2026 18:40:28 [---] This computer is not attached to any projects
client-cluster-2-1  | 16-Sep-2026 18:41:56 [boincserver] Started upload of exp_20260916T180210Z_weighted_least_loaded_medium_8_0_r1264827287_0
client-desktop-1    | 16-Sep-2026 18:42:09 [boincserver] Project has no tasks available
client-cluster-1    | 16-Sep-2026 18:40:28 Initialization completed
client-cluster-1    | dir_open: Could not open directory 'projects/boincserver.local_boincserver' from '/var/lib/boinc-client'.
client-cluster-2-1  | 16-Sep-2026 18:41:57 [boincserver] Started upload of exp_20260916T180210Z_weighted_least_loaded_medium_9_0_r908513565_0
client-cluster-2-1  | 16-Sep-2026 18:41:58 [boincserver] Finished upload of exp_20260916T180210Z_weighted_least_loaded_medium_8_0_r1264827287_0
client-cluster-2-1  | 16-Sep-2026 18:41:58 [boincserver] Finished upload of exp_20260916T180210Z_weighted_least_loaded_medium_9_0_r908513565_0
client-cluster-2-1  | 16-Sep-2026 18:42:02 [boincserver] Sending scheduler request: To report completed tasks.
client-cluster-2-1  | 16-Sep-2026 18:42:02 [boincserver] Reporting 4 completed tasks
client-cluster-2-1  | 16-Sep-2026 18:42:02 [boincserver] Requesting new tasks for CPU
client-desktop-1    | 16-Sep-2026 18:42:09 [boincserver] Project requested delay of 7 seconds
client-desktop-1    | 16-Sep-2026 18:42:24 [boincserver] Computation for task exp_20260916T180210Z_weighted_least_loaded_medium_12_0 finished
client-desktop-1    | 16-Sep-2026 18:42:26 [boincserver] Started upload of exp_20260916T180210Z_weighted_least_loaded_medium_12_0_r1924714777_0
client-desktop-1    | 16-Sep-2026 18:42:28 [boincserver] Finished upload of exp_20260916T180210Z_weighted_least_loaded_medium_12_0_r1924714777_0
client-desktop-1    | 16-Sep-2026 18:42:29 [boincserver] Sending scheduler request: To report completed tasks.
client-cluster-1    | 16-Sep-2026 18:40:29 [---] No general preferences found - using defaults
client-cluster-1    | 16-Sep-2026 18:40:29 [---] Reading preferences override file
client-cluster-1    | 16-Sep-2026 18:40:29 [---] Preferences:
client-cluster-1    | 16-Sep-2026 18:40:29 [---]    max memory usage when active: 8929.14 MB
client-cluster-1    | 16-Sep-2026 18:40:29 [---]    max memory usage when idle: 8929.14 MB
client-cluster-2-1  | 16-Sep-2026 18:42:04 [boincserver] Scheduler request completed: got 0 new tasks
client-cluster-2-1  | 16-Sep-2026 18:42:04 [boincserver] Project has no tasks available
client-cluster-2-1  | 16-Sep-2026 18:42:04 [boincserver] Project requested delay of 7 seconds
client-cluster-2-1  | 16-Sep-2026 18:42:14 [boincserver] Sending scheduler request: To fetch work.
client-cluster-2-1  | 16-Sep-2026 18:42:14 [boincserver] Requesting new tasks for CPU
client-cluster-2-1  | 16-Sep-2026 18:42:16 [boincserver] Scheduler request completed: got 0 new tasks
client-cluster-2-1  | 16-Sep-2026 18:42:16 [boincserver] Project has no tasks available
client-low-power-1  | 16-Sep-2026 18:40:33 [http://boincserver.local/boincserver/] Fetching scheduler list
client-low-power-1  | 16-Sep-2026 18:40:35 [http://boincserver.local/boincserver/] Master file download succeeded
client-low-power-1  | 16-Sep-2026 18:40:40 [http://boincserver.local/boincserver/] Sending scheduler request: Project initialization.
client-phone-2-1    | 16-Sep-2026 18:41:55 [boincserver] Reporting 1 completed tasks
client-phone-2-1    | 16-Sep-2026 18:41:55 [boincserver] Requesting new tasks for CPU
client-phone-2-1    | 16-Sep-2026 18:41:57 [boincserver] Scheduler request completed: got 0 new tasks
client-phone-2-1    | 16-Sep-2026 18:41:57 [boincserver] Project has no tasks available
client-phone-2-1    | 16-Sep-2026 18:41:57 [boincserver] Project requested delay of 7 seconds
client-cluster-2-1  | 16-Sep-2026 18:42:16 [boincserver] Project requested delay of 7 seconds
client-low-power-1  | 16-Sep-2026 18:40:40 [http://boincserver.local/boincserver/] Requesting new tasks for CPU
client-low-power-1  | 16-Sep-2026 18:40:42 [boincserver] Scheduler request completed: got 1 new tasks
client-low-power-1  | 16-Sep-2026 18:40:42 [boincserver] Project requested delay of 7 seconds
client-low-power-1  | 16-Sep-2026 18:40:44 [boincserver] Started download of hybrid_synthetic_1.0_aarch64-unknown-linux-gnu
client-low-power-1  | 16-Sep-2026 18:40:44 [boincserver] Started download of hybrid_synthetic_input.txt
client-low-power-1  | 16-Sep-2026 18:40:46 [boincserver] Finished download of hybrid_synthetic_1.0_aarch64-unknown-linux-gnu
client-low-power-1  | 16-Sep-2026 18:40:46 [boincserver] Finished download of hybrid_synthetic_input.txt
client-desktop-1    | 16-Sep-2026 18:42:29 [boincserver] Reporting 1 completed tasks
client-desktop-1    | 16-Sep-2026 18:42:29 [boincserver] Requesting new tasks for CPU
client-phone-2-1    | 16-Sep-2026 18:42:07 [boincserver] Sending scheduler request: To fetch work.
client-phone-2-1    | 16-Sep-2026 18:42:07 [boincserver] Requesting new tasks for CPU
client-phone-2-1    | 16-Sep-2026 18:42:09 [boincserver] Scheduler request completed: got 0 new tasks
client-phone-2-1    | 16-Sep-2026 18:42:09 [boincserver] Project has no tasks available
client-low-power-1  | 16-Sep-2026 18:40:46 [boincserver] Elapsed time limit 50.000000 < 120.000000; setting to 43200.000000
client-low-power-1  | 16-Sep-2026 18:40:46 [boincserver] Starting task exp_20260916T180210Z_weighted_least_loaded_short_4_0
client-desktop-1    | 16-Sep-2026 18:42:41 [boincserver] Scheduler request completed: got 0 new tasks
client-desktop-1    | 16-Sep-2026 18:42:41 [boincserver] Project has no tasks available
client-desktop-1    | 16-Sep-2026 18:42:41 [boincserver] Project requested delay of 7 seconds
client-desktop-1    | 16-Sep-2026 18:42:51 [boincserver] Sending scheduler request: To fetch work.
client-desktop-1    | 16-Sep-2026 18:42:51 [boincserver] Requesting new tasks for CPU
client-desktop-1    | 16-Sep-2026 18:42:53 [boincserver] Scheduler request completed: got 0 new tasks
client-cluster-1    | 16-Sep-2026 18:40:29 [---]    max disk usage: 2.00 GB
client-cluster-1    | 16-Sep-2026 18:40:29 [---]    don't use GPU while active
client-cluster-1    | 16-Sep-2026 18:40:29 [---]    suspend work if non-BOINC CPU load exceeds 25%
client-cluster-1    | 16-Sep-2026 18:40:29 [---]    (to change preferences, visit a project web site or select Preferences in the Manager)
client-phone-2-1    | 16-Sep-2026 18:42:09 [boincserver] Project requested delay of 7 seconds
client-cluster-1    | 16-Sep-2026 18:40:33 [http://boincserver.local/boincserver/] Fetching scheduler list
client-cluster-1    | 16-Sep-2026 18:40:35 [http://boincserver.local/boincserver/] Master file download succeeded
client-low-power-1  | 16-Sep-2026 18:40:52 [boincserver] Sending scheduler request: To fetch work.
client-low-power-1  | 16-Sep-2026 18:40:52 [boincserver] Requesting new tasks for CPU
client-low-power-1  | 16-Sep-2026 18:40:54 [boincserver] Computation for task exp_20260916T180210Z_weighted_least_loaded_short_4_0 finished
client-low-power-1  | 16-Sep-2026 18:40:56 [boincserver] Started upload of exp_20260916T180210Z_weighted_least_loaded_short_4_0_r542143861_0
client-low-power-1  | 16-Sep-2026 18:40:58 [boincserver] Finished upload of exp_20260916T180210Z_weighted_least_loaded_short_4_0_r542143861_0
client-cluster-1    | 16-Sep-2026 18:40:40 [http://boincserver.local/boincserver/] Sending scheduler request: Project initialization.
client-cluster-1    | 16-Sep-2026 18:40:40 [http://boincserver.local/boincserver/] Requesting new tasks for CPU
client-cluster-1    | 16-Sep-2026 18:40:47 [boincserver] Scheduler request completed: got 1 new tasks
client-cluster-1    | 16-Sep-2026 18:40:47 [boincserver] Project requested delay of 7 seconds
client-cluster-1    | 16-Sep-2026 18:40:49 [boincserver] Started download of hybrid_synthetic_1.0_aarch64-unknown-linux-gnu
client-cluster-1    | 16-Sep-2026 18:40:49 [boincserver] Started download of hybrid_synthetic_input.txt
client-cluster-1    | 16-Sep-2026 18:40:51 [boincserver] Finished download of hybrid_synthetic_1.0_aarch64-unknown-linux-gnu
client-desktop-1    | 16-Sep-2026 18:42:53 [boincserver] Project has no tasks available
client-desktop-1    | 16-Sep-2026 18:42:53 [boincserver] Project requested delay of 7 seconds
client-desktop-1    | 16-Sep-2026 18:43:53 [boincserver] Computation for task exp_20260916T180210Z_weighted_least_loaded_long_1_0 finished
client-desktop-1    | 16-Sep-2026 18:43:55 [boincserver] Started upload of exp_20260916T180210Z_weighted_least_loaded_long_1_0_r1718297026_0
client-desktop-1    | 16-Sep-2026 18:43:57 [boincserver] Finished upload of exp_20260916T180210Z_weighted_least_loaded_long_1_0_r1718297026_0
client-desktop-1    | 16-Sep-2026 18:43:57 [boincserver] Sending scheduler request: To report completed tasks.
client-low-power-1  | 16-Sep-2026 18:40:58 [boincserver] Scheduler request completed: got 1 new tasks
client-low-power-1  | 16-Sep-2026 18:40:58 [boincserver] Project requested delay of 7 seconds
client-low-power-1  | 16-Sep-2026 18:41:00 [boincserver] Elapsed time limit 50.000000 < 120.000000; setting to 43200.000000
client-low-power-1  | 16-Sep-2026 18:41:00 [boincserver] Starting task exp_20260916T180210Z_weighted_least_loaded_short_8_0
client-desktop-1    | 16-Sep-2026 18:43:57 [boincserver] Reporting 1 completed tasks
client-desktop-1    | 16-Sep-2026 18:43:57 [boincserver] Requesting new tasks for CPU
client-desktop-1    | 16-Sep-2026 18:43:59 [boincserver] Scheduler request completed: got 0 new tasks
client-desktop-1    | 16-Sep-2026 18:43:59 [boincserver] Project has no tasks available
client-desktop-1    | 16-Sep-2026 18:43:59 [boincserver] Project requested delay of 7 seconds
client-cluster-1    | 16-Sep-2026 18:40:51 [boincserver] Finished download of hybrid_synthetic_input.txt
client-cluster-1    | 16-Sep-2026 18:40:51 [boincserver] Elapsed time limit 50.000000 < 120.000000; setting to 43200.000000
client-cluster-1    | 16-Sep-2026 18:40:51 [boincserver] Starting task exp_20260916T180210Z_weighted_least_loaded_short_1_0
client-low-power-1  | 16-Sep-2026 18:41:08 [boincserver] Sending scheduler request: To report completed tasks.
client-low-power-1  | 16-Sep-2026 18:41:08 [boincserver] Reporting 1 completed tasks
client-cluster-1    | 16-Sep-2026 18:40:57 [boincserver] Sending scheduler request: To fetch work.
client-cluster-1    | 16-Sep-2026 18:40:57 [boincserver] Requesting new tasks for CPU
client-cluster-1    | 16-Sep-2026 18:40:59 [boincserver] Computation for task exp_20260916T180210Z_weighted_least_loaded_short_1_0 finished
client-cluster-1    | 16-Sep-2026 18:41:01 [boincserver] Started upload of exp_20260916T180210Z_weighted_least_loaded_short_1_0_r1961292891_0
client-cluster-1    | 16-Sep-2026 18:41:03 [boincserver] Finished upload of exp_20260916T180210Z_weighted_least_loaded_short_1_0_r1961292891_0
client-cluster-1    | 16-Sep-2026 18:41:04 [boincserver] Scheduler request completed: got 4 new tasks
client-low-power-1  | 16-Sep-2026 18:41:08 [boincserver] Requesting new tasks for CPU
client-low-power-1  | 16-Sep-2026 18:41:09 [boincserver] Computation for task exp_20260916T180210Z_weighted_least_loaded_short_8_0 finished
client-low-power-1  | 16-Sep-2026 18:41:10 [boincserver] Scheduler request completed: got 1 new tasks
client-low-power-1  | 16-Sep-2026 18:41:10 [boincserver] Project requested delay of 7 seconds
client-cluster-1    | 16-Sep-2026 18:41:04 [boincserver] Project requested delay of 7 seconds
client-cluster-1    | 16-Sep-2026 18:41:06 [boincserver] Elapsed time limit 50.000000 < 120.000000; setting to 43200.000000
client-cluster-1    | 16-Sep-2026 18:41:06 [boincserver] Elapsed time limit 50.000000 < 120.000000; setting to 43200.000000
client-desktop-1    | 16-Sep-2026 18:44:09 [boincserver] Sending scheduler request: To fetch work.
client-desktop-1    | 16-Sep-2026 18:44:09 [boincserver] Requesting new tasks for CPU
client-desktop-1    | 16-Sep-2026 18:44:11 [boincserver] Scheduler request completed: got 0 new tasks
client-desktop-1    | 16-Sep-2026 18:44:11 [boincserver] Project has no tasks available
client-desktop-1    | 16-Sep-2026 18:44:11 [boincserver] Project requested delay of 7 seconds
client-cluster-1    | 16-Sep-2026 18:41:06 [boincserver] Elapsed time limit 50.000000 < 120.000000; setting to 43200.000000
client-cluster-1    | 16-Sep-2026 18:41:06 [boincserver] Starting task exp_20260916T180210Z_weighted_least_loaded_short_16_0
client-cluster-1    | 16-Sep-2026 18:41:06 [boincserver] Starting task exp_20260916T180210Z_weighted_least_loaded_short_17_0
client-cluster-1    | 16-Sep-2026 18:41:06 [boincserver] Starting task exp_20260916T180210Z_weighted_least_loaded_medium_1_0
client-cluster-1    | 16-Sep-2026 18:41:06 [boincserver] Starting task exp_20260916T180210Z_weighted_least_loaded_short_18_0
client-low-power-1  | 16-Sep-2026 18:41:11 [boincserver] Started upload of exp_20260916T180210Z_weighted_least_loaded_short_8_0_r1924437628_0
client-low-power-1  | 16-Sep-2026 18:41:12 [boincserver] Starting task exp_20260916T180210Z_weighted_least_loaded_medium_5_0
client-low-power-1  | 16-Sep-2026 18:41:13 [boincserver] Finished upload of exp_20260916T180210Z_weighted_least_loaded_short_8_0_r1924437628_0
client-low-power-1  | 16-Sep-2026 18:41:20 [boincserver] Sending scheduler request: To report completed tasks.
client-low-power-1  | 16-Sep-2026 18:41:20 [boincserver] Reporting 1 completed tasks
client-low-power-1  | 16-Sep-2026 18:41:20 [boincserver] Requesting new tasks for CPU
client-cluster-1    | 16-Sep-2026 18:41:13 [boincserver] Computation for task exp_20260916T180210Z_weighted_least_loaded_short_16_0 finished
client-cluster-1    | 16-Sep-2026 18:41:14 [boincserver] Sending scheduler request: To report completed tasks.
client-cluster-1    | 16-Sep-2026 18:41:14 [boincserver] Reporting 1 completed tasks
client-cluster-1    | 16-Sep-2026 18:41:14 [boincserver] Requesting new tasks for CPU
client-cluster-1    | 16-Sep-2026 18:41:15 [boincserver] Started upload of exp_20260916T180210Z_weighted_least_loaded_short_16_0_r1349271253_0
client-cluster-1    | 16-Sep-2026 18:41:15 [boincserver] Computation for task exp_20260916T180210Z_weighted_least_loaded_short_17_0 finished
client-cluster-1    | 16-Sep-2026 18:41:16 [boincserver] Finished upload of exp_20260916T180210Z_weighted_least_loaded_short_16_0_r1349271253_0
client-cluster-1    | 16-Sep-2026 18:41:16 [boincserver] Computation for task exp_20260916T180210Z_weighted_least_loaded_short_18_0 finished
client-low-power-1  | 16-Sep-2026 18:41:22 [boincserver] Scheduler request completed: got 1 new tasks
client-low-power-1  | 16-Sep-2026 18:41:22 [boincserver] Project requested delay of 7 seconds
client-low-power-1  | 16-Sep-2026 18:41:32 [boincserver] Sending scheduler request: To fetch work.
client-low-power-1  | 16-Sep-2026 18:41:32 [boincserver] Requesting new tasks for CPU
client-cluster-1    | 16-Sep-2026 18:41:17 [boincserver] Started upload of exp_20260916T180210Z_weighted_least_loaded_short_17_0_r1068616443_0
client-cluster-1    | 16-Sep-2026 18:41:18 [boincserver] Started upload of exp_20260916T180210Z_weighted_least_loaded_short_18_0_r1366919363_0
client-cluster-1    | 16-Sep-2026 18:41:29 [boincserver] Finished upload of exp_20260916T180210Z_weighted_least_loaded_short_17_0_r1068616443_0
client-cluster-1    | 16-Sep-2026 18:41:29 [boincserver] Finished upload of exp_20260916T180210Z_weighted_least_loaded_short_18_0_r1366919363_0
client-cluster-1    | 16-Sep-2026 18:41:29 [boincserver] Scheduler request completed: got 4 new tasks
client-cluster-1    | 16-Sep-2026 18:41:29 [boincserver] Project requested delay of 7 seconds
client-cluster-1    | 16-Sep-2026 18:41:31 [boincserver] Starting task exp_20260916T180210Z_weighted_least_loaded_long_4_0
client-cluster-1    | 16-Sep-2026 18:41:31 [boincserver] Starting task exp_20260916T180210Z_weighted_least_loaded_long_5_0
client-cluster-1    | 16-Sep-2026 18:41:31 [boincserver] Starting task exp_20260916T180210Z_weighted_least_loaded_medium_10_0
client-low-power-1  | 16-Sep-2026 18:41:34 [boincserver] Scheduler request completed: got 0 new tasks
client-low-power-1  | 16-Sep-2026 18:41:34 [boincserver] Project has no tasks available
client-low-power-1  | 16-Sep-2026 18:41:34 [boincserver] Project requested delay of 7 seconds
client-low-power-1  | 16-Sep-2026 18:41:45 [boincserver] Computation for task exp_20260916T180210Z_weighted_least_loaded_medium_5_0 finished
client-low-power-1  | 16-Sep-2026 18:41:45 [boincserver] Starting task exp_20260916T180210Z_weighted_least_loaded_long_6_0
client-low-power-1  | 16-Sep-2026 18:41:47 [boincserver] Started upload of exp_20260916T180210Z_weighted_least_loaded_medium_5_0_r788383769_0
client-low-power-1  | 16-Sep-2026 18:41:49 [boincserver] Finished upload of exp_20260916T180210Z_weighted_least_loaded_medium_5_0_r788383769_0
client-cluster-1    | 16-Sep-2026 18:41:39 [boincserver] Computation for task exp_20260916T180210Z_weighted_least_loaded_medium_1_0 finished
client-cluster-1    | 16-Sep-2026 18:41:39 [boincserver] Starting task exp_20260916T180210Z_weighted_least_loaded_long_3_0
client-low-power-1  | 16-Sep-2026 18:41:49 [boincserver] Sending scheduler request: To report completed tasks.
client-low-power-1  | 16-Sep-2026 18:41:49 [boincserver] Reporting 1 completed tasks
client-cluster-1    | 16-Sep-2026 18:41:39 [boincserver] Sending scheduler request: To report completed tasks.
client-cluster-1    | 16-Sep-2026 18:41:39 [boincserver] Reporting 3 completed tasks
client-cluster-1    | 16-Sep-2026 18:41:39 [boincserver] Requesting new tasks for CPU
client-cluster-1    | 16-Sep-2026 18:41:41 [boincserver] Started upload of exp_20260916T180210Z_weighted_least_loaded_medium_1_0_r596634639_0
client-cluster-1    | 16-Sep-2026 18:41:43 [boincserver] Finished upload of exp_20260916T180210Z_weighted_least_loaded_medium_1_0_r596634639_0
client-cluster-1    | 16-Sep-2026 18:41:46 [boincserver] Scheduler request completed: got 0 new tasks
client-low-power-1  | 16-Sep-2026 18:41:49 [boincserver] Requesting new tasks for CPU
client-low-power-1  | 16-Sep-2026 18:42:02 [boincserver] Scheduler request completed: got 0 new tasks
client-low-power-1  | 16-Sep-2026 18:42:02 [boincserver] Project has no tasks available
client-low-power-1  | 16-Sep-2026 18:42:02 [boincserver] Project requested delay of 7 seconds
client-cluster-1    | 16-Sep-2026 18:41:46 [boincserver] Project has no tasks available
client-cluster-1    | 16-Sep-2026 18:41:46 [boincserver] Project requested delay of 7 seconds
client-cluster-1    | 16-Sep-2026 18:41:56 [boincserver] Sending scheduler request: To report completed tasks.
client-cluster-1    | 16-Sep-2026 18:41:56 [boincserver] Reporting 1 completed tasks
client-cluster-1    | 16-Sep-2026 18:41:56 [boincserver] Requesting new tasks for CPU
client-cluster-1    | 16-Sep-2026 18:41:58 [boincserver] Scheduler request completed: got 0 new tasks
client-low-power-1  | 16-Sep-2026 18:42:12 [boincserver] Sending scheduler request: To fetch work.
client-low-power-1  | 16-Sep-2026 18:42:12 [boincserver] Requesting new tasks for CPU
client-cluster-1    | 16-Sep-2026 18:41:58 [boincserver] Project has no tasks available
client-cluster-1    | 16-Sep-2026 18:41:58 [boincserver] Project requested delay of 7 seconds
client-low-power-1  | 16-Sep-2026 18:42:14 [boincserver] Scheduler request completed: got 0 new tasks
client-low-power-1  | 16-Sep-2026 18:42:14 [boincserver] Project has no tasks available
client-low-power-1  | 16-Sep-2026 18:42:14 [boincserver] Project requested delay of 7 seconds
client-cluster-1    | 16-Sep-2026 18:42:03 [boincserver] Computation for task exp_20260916T180210Z_weighted_least_loaded_medium_10_0 finished
client-cluster-1    | 16-Sep-2026 18:42:05 [boincserver] Started upload of exp_20260916T180210Z_weighted_least_loaded_medium_10_0_r643267592_0
client-low-power-1  | 16-Sep-2026 18:43:48 [boincserver] Computation for task exp_20260916T180210Z_weighted_least_loaded_long_6_0 finished
client-low-power-1  | 16-Sep-2026 18:43:50 [boincserver] Started upload of exp_20260916T180210Z_weighted_least_loaded_long_6_0_r826434590_0
client-cluster-1    | 16-Sep-2026 18:42:07 [boincserver] Finished upload of exp_20260916T180210Z_weighted_least_loaded_medium_10_0_r643267592_0
client-cluster-1    | 16-Sep-2026 18:42:09 [boincserver] Sending scheduler request: To report completed tasks.
client-cluster-1    | 16-Sep-2026 18:42:09 [boincserver] Reporting 1 completed tasks
client-cluster-1    | 16-Sep-2026 18:42:09 [boincserver] Requesting new tasks for CPU
client-cluster-1    | 16-Sep-2026 18:42:20 [boincserver] Scheduler request completed: got 0 new tasks
client-low-power-1  | 16-Sep-2026 18:43:52 [boincserver] Finished upload of exp_20260916T180210Z_weighted_least_loaded_long_6_0_r826434590_0
client-low-power-1  | 16-Sep-2026 18:43:52 [boincserver] Sending scheduler request: To report completed tasks.
client-low-power-1  | 16-Sep-2026 18:43:52 [boincserver] Reporting 1 completed tasks
client-low-power-1  | 16-Sep-2026 18:43:52 [boincserver] Requesting new tasks for CPU
client-cluster-1    | 16-Sep-2026 18:42:20 [boincserver] Project has no tasks available
client-cluster-1    | 16-Sep-2026 18:42:20 [boincserver] Project requested delay of 7 seconds
client-cluster-1    | 16-Sep-2026 18:42:30 [boincserver] Sending scheduler request: To fetch work.
client-cluster-1    | 16-Sep-2026 18:42:30 [boincserver] Requesting new tasks for CPU
client-cluster-1    | 16-Sep-2026 18:42:32 [boincserver] Scheduler request completed: got 0 new tasks
client-cluster-1    | 16-Sep-2026 18:42:32 [boincserver] Project has no tasks available
client-cluster-1    | 16-Sep-2026 18:42:32 [boincserver] Project requested delay of 7 seconds
client-cluster-1    | 16-Sep-2026 18:43:35 [boincserver] Computation for task exp_20260916T180210Z_weighted_least_loaded_long_4_0 finished
client-cluster-1    | 16-Sep-2026 18:43:36 [boincserver] Computation for task exp_20260916T180210Z_weighted_least_loaded_long_5_0 finished
client-cluster-1    | 16-Sep-2026 18:43:37 [boincserver] Started upload of exp_20260916T180210Z_weighted_least_loaded_long_4_0_r177179464_0
client-low-power-1  | 16-Sep-2026 18:43:54 [boincserver] Scheduler request completed: got 0 new tasks
client-low-power-1  | 16-Sep-2026 18:43:54 [boincserver] Project has no tasks available
client-low-power-1  | 16-Sep-2026 18:43:54 [boincserver] Project requested delay of 7 seconds
client-low-power-1  | 16-Sep-2026 18:44:04 [boincserver] Sending scheduler request: To fetch work.
client-low-power-1  | 16-Sep-2026 18:44:04 [boincserver] Requesting new tasks for CPU
client-low-power-1  | 16-Sep-2026 18:44:06 [boincserver] Scheduler request completed: got 0 new tasks
client-low-power-1  | 16-Sep-2026 18:44:06 [boincserver] Project has no tasks available
client-low-power-1  | 16-Sep-2026 18:44:06 [boincserver] Project requested delay of 7 seconds
client-cluster-1    | 16-Sep-2026 18:43:38 [boincserver] Started upload of exp_20260916T180210Z_weighted_least_loaded_long_5_0_r389967088_0
client-cluster-1    | 16-Sep-2026 18:43:39 [boincserver] Finished upload of exp_20260916T180210Z_weighted_least_loaded_long_4_0_r177179464_0
client-cluster-1    | 16-Sep-2026 18:43:39 [boincserver] Finished upload of exp_20260916T180210Z_weighted_least_loaded_long_5_0_r389967088_0
client-cluster-1    | 16-Sep-2026 18:43:42 [boincserver] Computation for task exp_20260916T180210Z_weighted_least_loaded_long_3_0 finished
client-cluster-1    | 16-Sep-2026 18:43:42 [boincserver] Sending scheduler request: To report completed tasks.
client-cluster-1    | 16-Sep-2026 18:43:42 [boincserver] Reporting 2 completed tasks
client-cluster-1    | 16-Sep-2026 18:43:42 [boincserver] Requesting new tasks for CPU
client-cluster-1    | 16-Sep-2026 18:43:44 [boincserver] Started upload of exp_20260916T180210Z_weighted_least_loaded_long_3_0_r1335587401_0
client-cluster-1    | 16-Sep-2026 18:43:44 [boincserver] Scheduler request completed: got 0 new tasks
client-cluster-1    | 16-Sep-2026 18:43:44 [boincserver] Project has no tasks available
client-cluster-1    | 16-Sep-2026 18:43:44 [boincserver] Project requested delay of 7 seconds
client-cluster-1    | 16-Sep-2026 18:43:46 [boincserver] Finished upload of exp_20260916T180210Z_weighted_least_loaded_long_3_0_r1335587401_0
client-cluster-1    | 16-Sep-2026 18:44:02 [boincserver] Sending scheduler request: To report completed tasks.
client-cluster-1    | 16-Sep-2026 18:44:02 [boincserver] Reporting 1 completed tasks
client-cluster-1    | 16-Sep-2026 18:44:02 [boincserver] Requesting new tasks for CPU
client-cluster-1    | 16-Sep-2026 18:44:04 [boincserver] Scheduler request completed: got 0 new tasks
client-cluster-1    | 16-Sep-2026 18:44:04 [boincserver] Project has no tasks available
client-cluster-1    | 16-Sep-2026 18:44:04 [boincserver] Project requested delay of 7 seconds
client-cluster-1    | 16-Sep-2026 18:44:14 [boincserver] Sending scheduler request: To fetch work.
client-cluster-1    | 16-Sep-2026 18:44:14 [boincserver] Requesting new tasks for CPU
client-cluster-1    | 16-Sep-2026 18:44:16 [boincserver] Scheduler request completed: got 0 new tasks
client-cluster-1    | 16-Sep-2026 18:44:16 [boincserver] Project has no tasks available
client-cluster-1    | 16-Sep-2026 18:44:16 [boincserver] Project requested delay of 7 seconds
