client-phone-1    | 16-Sep-2026 17:13:52 [---] Starting BOINC client version 7.20.5 for aarch64-unknown-linux-gnu
apache-1          | /usr/lib/python2.7/dist-packages/supervisor/options.py:461: UserWarning: Supervisord is running as root and it is searching for its configuration file in default locations (including its current working directory); you probably want to specify a "-c" argument specifying an absolute path to a configuration file for improved security.
apache-1          |   'Supervisord is running as root and it is searching '
apache-1          | 2026-09-16 17:12:25,977 CRIT Supervisor is running as root.  Privileges were not dropped because no user is specified in the config file.  If you intend to run as root, you can set user=root in the config file to avoid this message.
client-phone-1    | 16-Sep-2026 17:13:52 [---] This a development version of BOINC and may not function properly
client-phone-1      | 16-Sep-2026 17:13:52 [---] log flags: file_xfer, sched_ops, task
client-phone-1      | 16-Sep-2026 17:13:52 [---] Libraries: libcurl/7.88.1 OpenSSL/3.0.20 zlib/1.2.13 brotli/1.0.9 zstd/1.5.4 libidn2/2.3.3 libpsl/0.21.2 (+libidn2/2.3.3) libssh2/1.10.0 nghttp2/1.52.0 librtmp/2.3 OpenLDAP/2.5.13
client-phone-1      | 16-Sep-2026 17:13:52 [---] Data directory: /var/lib/boinc-client
client-phone-1      | 16-Sep-2026 17:13:52 [---] No usable GPUs found
client-low-power-1  | 16-Sep-2026 17:13:57 [---] Starting BOINC client version 7.20.5 for aarch64-unknown-linux-gnu
client-low-power-1  | 16-Sep-2026 17:13:57 [---] This a development version of BOINC and may not function properly
client-low-power-1  | 16-Sep-2026 17:13:57 [---] log flags: file_xfer, sched_ops, task
client-low-power-1  | 16-Sep-2026 17:13:57 [---] Libraries: libcurl/7.88.1 OpenSSL/3.0.20 zlib/1.2.13 brotli/1.0.9 zstd/1.5.4 libidn2/2.3.3 libpsl/0.21.2 (+libidn2/2.3.3) libssh2/1.10.0 nghttp2/1.52.0 librtmp/2.3 OpenLDAP/2.5.13
client-cluster-2-1  | 16-Sep-2026 17:13:52 [---] Starting BOINC client version 7.20.5 for aarch64-unknown-linux-gnu
client-cluster-2-1  | 16-Sep-2026 17:13:52 [---] This a development version of BOINC and may not function properly
client-cluster-2-1  | 16-Sep-2026 17:13:52 [---] log flags: file_xfer, sched_ops, task
client-cluster-1  | 16-Sep-2026 17:13:52 [---] Starting BOINC client version 7.20.5 for aarch64-unknown-linux-gnu
client-cluster-2-1  | 16-Sep-2026 17:13:52 [---] Libraries: libcurl/7.88.1 OpenSSL/3.0.20 zlib/1.2.13 brotli/1.0.9 zstd/1.5.4 libidn2/2.3.3 libpsl/0.21.2 (+libidn2/2.3.3) libssh2/1.10.0 nghttp2/1.52.0 librtmp/2.3 OpenLDAP/2.5.13
client-cluster-2-1  | 16-Sep-2026 17:13:52 [---] Data directory: /var/lib/boinc-client
client-cluster-2-1  | 16-Sep-2026 17:13:52 [---] No usable GPUs found
client-cluster-2-1  | 16-Sep-2026 17:13:52 [---] Creating new client state file
client-cluster-2-1  | 16-Sep-2026 17:13:52 [---] libc:  version 2.36
client-cluster-2-1  | 16-Sep-2026 17:13:52 [---] Host name: cluster-02
client-cluster-1    | 16-Sep-2026 17:13:52 [---] This a development version of BOINC and may not function properly
client-cluster-1    | 16-Sep-2026 17:13:52 [---] log flags: file_xfer, sched_ops, task
client-cluster-1    | 16-Sep-2026 17:13:52 [---] Libraries: libcurl/7.88.1 OpenSSL/3.0.20 zlib/1.2.13 brotli/1.0.9 zstd/1.5.4 libidn2/2.3.3 libpsl/0.21.2 (+libidn2/2.3.3) libssh2/1.10.0 nghttp2/1.52.0 librtmp/2.3 OpenLDAP/2.5.13
client-cluster-1    | 16-Sep-2026 17:13:52 [---] Data directory: /var/lib/boinc-client
client-cluster-1    | 16-Sep-2026 17:13:52 [---] No usable GPUs found
client-cluster-1    | 16-Sep-2026 17:13:52 [---] Creating new client state file
client-cluster-1    | 16-Sep-2026 17:13:52 [---] libc:  version 2.36
client-cluster-1    | 16-Sep-2026 17:13:52 [---] Host name: cluster-01
client-cluster-1    | 16-Sep-2026 17:13:52 [---] Processor: 4 ARM  [Impl 0x61 Arch 8 Variant 0x0 Part 0x000 Rev 0]
mysql-1             | Initializing database
mysql-1             | 
mysql-1             | 
mysql-1             | PLEASE REMEMBER TO SET A PASSWORD FOR THE MariaDB root USER !
mysql-1             | To do so, start the server, then issue the following commands:
mysql-1             | 
mysql-1             | '/usr/bin/mysqladmin' -u root password 'new-password'
mysql-1             | '/usr/bin/mysqladmin' -u root -h  password 'new-password'
mysql-1             | 
mysql-1             | Alternatively you can run:
apache-1          | 2026-09-16 17:12:25,977 INFO Included extra file "/etc/supervisor/conf.d/supervisord.conf" during parsing
apache-1            | 2026-09-16 17:12:25,984 INFO RPC interface 'supervisor' initialized
apache-1            | 2026-09-16 17:12:25,984 CRIT Server 'unix_http_server' running without any HTTP authentication checking
apache-1            | 2026-09-16 17:12:25,984 INFO supervisord started with pid 1
apache-1            | 2026-09-16 17:12:26,990 INFO spawned: 'cron' with pid 9
client-desktop-1  | 16-Sep-2026 17:13:52 [---] Starting BOINC client version 7.20.5 for aarch64-unknown-linux-gnu
client-desktop-1    | 16-Sep-2026 17:13:52 [---] This a development version of BOINC and may not function properly
client-desktop-1    | 16-Sep-2026 17:13:52 [---] log flags: file_xfer, sched_ops, task
client-desktop-1    | 16-Sep-2026 17:13:52 [---] Libraries: libcurl/7.88.1 OpenSSL/3.0.20 zlib/1.2.13 brotli/1.0.9 zstd/1.5.4 libidn2/2.3.3 libpsl/0.21.2 (+libidn2/2.3.3) libssh2/1.10.0 nghttp2/1.52.0 librtmp/2.3 OpenLDAP/2.5.13
client-desktop-1    | 16-Sep-2026 17:13:52 [---] Data directory: /var/lib/boinc-client
client-desktop-1    | 16-Sep-2026 17:13:52 [---] No usable GPUs found
client-cluster-2-1  | 16-Sep-2026 17:13:52 [---] Processor: 4 ARM  [Impl 0x61 Arch 8 Variant 0x0 Part 0x000 Rev 0]
client-cluster-2-1  | 16-Sep-2026 17:13:52 [---] Processor features: fp asimd evtstrm aes pmull sha1 sha2 crc32 atomics fphp asimdhp cpuid asimdrdm jscvt fcma lrcpc dcpop sha3 asimddp sha512 asimdfhm dit uscat ilrcpc flagm sb paca pacg dcpodp flagm2 frint i8mm bf16 bti afp
client-cluster-2-1  | 16-Sep-2026 17:13:52 [---] OS: Linux Debian GNU/Linux: Debian GNU/Linux 12 (bookworm) [6.8.0-100-generic|libc 2.36]
client-cluster-2-1  | 16-Sep-2026 17:13:52 [---] Memory: 9.69 GB physical, 0 bytes virtual
client-cluster-2-1  | 16-Sep-2026 17:13:52 [---] Disk: 18.33 GB total, 15.56 GB free
client-cluster-2-1  | 16-Sep-2026 17:13:52 [---] Local time is UTC +0 hours
client-cluster-1    | 16-Sep-2026 17:13:52 [---] Processor features: fp asimd evtstrm aes pmull sha1 sha2 crc32 atomics fphp asimdhp cpuid asimdrdm jscvt fcma lrcpc dcpop sha3 asimddp sha512 asimdfhm dit uscat ilrcpc flagm sb paca pacg dcpodp flagm2 frint i8mm bf16 bti afp
client-cluster-1    | 16-Sep-2026 17:13:52 [---] OS: Linux Debian GNU/Linux: Debian GNU/Linux 12 (bookworm) [6.8.0-100-generic|libc 2.36]
client-cluster-1    | 16-Sep-2026 17:13:52 [---] Memory: 9.69 GB physical, 0 bytes virtual
client-cluster-1    | 16-Sep-2026 17:13:52 [---] Disk: 18.33 GB total, 15.56 GB free
client-cluster-1    | 16-Sep-2026 17:13:52 [---] Local time is UTC +0 hours
client-cluster-1    | 16-Sep-2026 17:13:52 [---] Config: GUI RPC allowed from any host
client-cluster-1    | 16-Sep-2026 17:13:52 [---] Config: simulate 4 CPUs
client-cluster-1    | 16-Sep-2026 17:13:52 [---] Config: report completed tasks immediately
client-cluster-1    | 16-Sep-2026 17:13:52 [---] No general preferences found - using defaults
client-cluster-1    | 16-Sep-2026 17:13:52 [---] Reading preferences override file
client-low-power-1  | 16-Sep-2026 17:13:57 [---] Data directory: /var/lib/boinc-client
client-low-power-1  | 16-Sep-2026 17:13:57 [---] No usable GPUs found
client-low-power-1  | 16-Sep-2026 17:13:57 [---] Creating new client state file
client-low-power-1  | 16-Sep-2026 17:13:57 [---] libc:  version 2.36
client-low-power-1  | 16-Sep-2026 17:13:57 [---] Host name: low-power-01
client-low-power-1  | 16-Sep-2026 17:13:57 [---] Processor: 1 ARM  [Impl 0x61 Arch 8 Variant 0x0 Part 0x000 Rev 0]
client-low-power-1  | 16-Sep-2026 17:13:57 [---] Processor features: fp asimd evtstrm aes pmull sha1 sha2 crc32 atomics fphp asimdhp cpuid asimdrdm jscvt fcma lrcpc dcpop sha3 asimddp sha512 asimdfhm dit uscat ilrcpc flagm sb paca pacg dcpodp flagm2 frint i8mm bf16 bti afp
client-low-power-1  | 16-Sep-2026 17:13:57 [---] OS: Linux Debian GNU/Linux: Debian GNU/Linux 12 (bookworm) [6.8.0-100-generic|libc 2.36]
client-low-power-1  | 16-Sep-2026 17:13:57 [---] Memory: 9.69 GB physical, 0 bytes virtual
client-low-power-1  | 16-Sep-2026 17:13:57 [---] Disk: 18.33 GB total, 15.56 GB free
client-low-power-1  | 16-Sep-2026 17:13:57 [---] Local time is UTC +0 hours
apache-1            | 2026-09-16 17:12:26,993 INFO spawned: 'start' with pid 10
apache-1            | 2026-09-16 17:12:26,995 INFO spawned: 'rsyslogd' with pid 11
apache-1            | 2026-09-16 17:12:26,998 INFO spawned: 'apache2' with pid 12
apache-1            | 2026-09-16 17:12:28,942 INFO success: cron entered RUNNING state, process has stayed up for > than 1 seconds (startsecs)
apache-1            | 2026-09-16 17:12:28,942 INFO success: start entered RUNNING state, process has stayed up for > than 1 seconds (startsecs)
apache-1            | 2026-09-16 17:12:28,943 INFO success: rsyslogd entered RUNNING state, process has stayed up for > than 1 seconds (startsecs)
apache-1            | 2026-09-16 17:12:28,943 INFO success: apache2 entered RUNNING state, process has stayed up for > than 1 seconds (startsecs)
apache-1            | 2026-09-16 17:12:37,451 INFO reaped unknown pid 59
apache-1            | 2026-09-16 17:12:37,451 INFO reaped unknown pid 61
makeproject-1       | Updating project files in data volume...
makeproject-1       | Waiting for MySQL server to start...
makeproject-1       | Creating database...
makeproject-1       | added platform: (create_time, name, user_friendly_name) values (1789578751, 'windows_intelx86', 'Microsoft Windows (98 or later) running on an Intel x86-compatible CPU')
makeproject-1       | added platform: (create_time, name, user_friendly_name) values (1789578751, 'windows_x86_64', 'Microsoft Windows running on an AMD x86_64 or Intel EM64T CPU')
makeproject-1       | added platform: (create_time, name, user_friendly_name) values (1789578751, 'windows_arm64', 'Microsoft Windows running on ARM 64-bit')
mysql-1             | '/usr/bin/mysql_secure_installation'
mysql-1             | 
client-phone-2-1  | 16-Sep-2026 17:13:52 [---] Starting BOINC client version 7.20.5 for aarch64-unknown-linux-gnu
client-phone-2-1    | 16-Sep-2026 17:13:52 [---] This a development version of BOINC and may not function properly
client-phone-2-1    | 16-Sep-2026 17:13:52 [---] log flags: file_xfer, sched_ops, task
client-phone-2-1    | 16-Sep-2026 17:13:52 [---] Libraries: libcurl/7.88.1 OpenSSL/3.0.20 zlib/1.2.13 brotli/1.0.9 zstd/1.5.4 libidn2/2.3.3 libpsl/0.21.2 (+libidn2/2.3.3) libssh2/1.10.0 nghttp2/1.52.0 librtmp/2.3 OpenLDAP/2.5.13
client-phone-2-1    | 16-Sep-2026 17:13:52 [---] Data directory: /var/lib/boinc-client
client-phone-2-1    | 16-Sep-2026 17:13:52 [---] No usable GPUs found
makeproject-1       | added platform: (create_time, name, user_friendly_name) values (1789578751, 'i686-pc-linux-gnu', 'Linux running on an Intel x86-compatible CPU')
makeproject-1       | added platform: (create_time, name, user_friendly_name) values (1789578751, 'x86_64-pc-linux-gnu', 'Linux running on an AMD x86_64 or Intel EM64T CPU')
makeproject-1       | added platform: (create_time, name, user_friendly_name) values (1789578751, 'powerpc-apple-darwin', 'Mac OS X 10.3 or later running on Motorola PowerPC')
makeproject-1       | added platform: (create_time, name, user_friendly_name) values (1789578751, 'i686-apple-darwin', 'Mac OS 10.4 or later running on Intel')
makeproject-1       | added platform: (create_time, name, user_friendly_name) values (1789578751, 'x86_64-apple-darwin', 'Intel 64-bit Mac OS 10.5 or later')
client-cluster-2-1  | 16-Sep-2026 17:13:52 [---] Config: GUI RPC allowed from any host
client-cluster-2-1  | 16-Sep-2026 17:13:52 [---] Config: simulate 4 CPUs
client-cluster-2-1  | 16-Sep-2026 17:13:52 [---] Config: report completed tasks immediately
client-cluster-2-1  | 16-Sep-2026 17:13:52 [---] No general preferences found - using defaults
client-cluster-2-1  | 16-Sep-2026 17:13:52 [---] Reading preferences override file
client-phone-2-1    | 16-Sep-2026 17:13:52 [---] Creating new client state file
client-phone-2-1    | 16-Sep-2026 17:13:52 [---] libc:  version 2.36
client-phone-2-1    | 16-Sep-2026 17:13:52 [---] Host name: phone-02
client-phone-2-1    | 16-Sep-2026 17:13:52 [---] Processor: 1 ARM  [Impl 0x61 Arch 8 Variant 0x0 Part 0x000 Rev 0]
client-phone-2-1    | 16-Sep-2026 17:13:52 [---] Processor features: fp asimd evtstrm aes pmull sha1 sha2 crc32 atomics fphp asimdhp cpuid asimdrdm jscvt fcma lrcpc dcpop sha3 asimddp sha512 asimdfhm dit uscat ilrcpc flagm sb paca pacg dcpodp flagm2 frint i8mm bf16 bti afp
client-phone-2-1    | 16-Sep-2026 17:13:52 [---] OS: Linux Debian GNU/Linux: Debian GNU/Linux 12 (bookworm) [6.8.0-100-generic|libc 2.36]
client-cluster-2-1  | 16-Sep-2026 17:13:52 [---] Preferences:
client-cluster-2-1  | 16-Sep-2026 17:13:52 [---]    max memory usage when active: 8929.14 MB
client-cluster-2-1  | 16-Sep-2026 17:13:52 [---]    max memory usage when idle: 8929.14 MB
mysql-1             | which will also give you the option of removing the test
mysql-1             | databases and anonymous user created by default.  This is
mysql-1             | strongly recommended for production servers.
makeproject-1       | added platform: (create_time, name, user_friendly_name) values (1789578751, 'arm64-apple-darwin', 'Mac OS running on ARM')
makeproject-1       | added platform: (create_time, name, user_friendly_name) values (1789578751, 'sparc-sun-solaris2.7', 'Solaris 2.7 running on a SPARC-compatible CPU')
makeproject-1       | added platform: (create_time, name, user_friendly_name) values (1789578751, 'sparc-sun-solaris', 'Solaris 2.8 or later running on a SPARC-compatible CPU')
makeproject-1       | added platform: (create_time, name, user_friendly_name) values (1789578751, 'sparc64-sun-solaris', 'Solaris 2.8 or later running on a SPARC 64-bit CPU')
makeproject-1       | added platform: (create_time, name, user_friendly_name) values (1789578751, 'powerpc64-ps3-linux-gnu', 'Sony Playstation 3 running Linux')
makeproject-1       | added platform: (create_time, name, user_friendly_name) values (1789578751, 'arm-android-linux-gnu', 'Android running on ARM armeabi-v7a')
makeproject-1       | added platform: (create_time, name, user_friendly_name) values (1789578751, 'aarch64-android-linux-gnu', 'Android running on ARM 64-bit arm64-v8a')
makeproject-1       | added platform: (create_time, name, user_friendly_name) values (1789578751, 'x86_64-android-linux-gnu', 'Android running on Intel x64 compatible')
makeproject-1       | added platform: (create_time, name, user_friendly_name) values (1789578751, 'x86-android-linux-gnu', 'Android running on Intel x86 compatible')
makeproject-1       | added platform: (create_time, name, user_friendly_name) values (1789578751, 'arm-unknown-linux-gnueabihf', 'Linux running on ARM, hardware FP')
makeproject-1       | added platform: (create_time, name, user_friendly_name) values (1789578751, 'aarch64-unknown-linux-gnu', 'Linux running on ARM64')
makeproject-1       | added platform: (create_time, name, user_friendly_name) values (1789578751, 'anonymous', 'anonymous')
makeproject-1       | 
client-phone-1      | 16-Sep-2026 17:13:52 [---] Creating new client state file
client-phone-1      | 16-Sep-2026 17:13:52 [---] libc:  version 2.36
client-phone-2-1    | 16-Sep-2026 17:13:52 [---] Memory: 9.69 GB physical, 0 bytes virtual
client-phone-2-1    | 16-Sep-2026 17:13:52 [---] Disk: 18.33 GB total, 15.56 GB free
client-phone-2-1    | 16-Sep-2026 17:13:52 [---] Local time is UTC +0 hours
client-phone-2-1    | 16-Sep-2026 17:13:52 [---] Config: GUI RPC allowed from any host
client-phone-2-1    | 16-Sep-2026 17:13:52 [---] Config: simulate 1 CPUs
client-cluster-1    | 16-Sep-2026 17:13:52 [---] Preferences:
client-cluster-1    | 16-Sep-2026 17:13:52 [---]    max memory usage when active: 8929.14 MB
client-cluster-1    | 16-Sep-2026 17:13:52 [---]    max memory usage when idle: 8929.14 MB
client-cluster-1    | 16-Sep-2026 17:13:52 [---]    max disk usage: 2.00 GB
client-cluster-1    | 16-Sep-2026 17:13:52 [---]    don't use GPU while active
client-cluster-1    | 16-Sep-2026 17:13:52 [---]    suspend work if non-BOINC CPU load exceeds 25%
client-cluster-1    | 16-Sep-2026 17:13:52 [---]    (to change preferences, visit a project web site or select Preferences in the Manager)
client-cluster-1    | dir_open: Could not open directory 'slots' from '/var/lib/boinc-client'.
mysql-1             | 
mysql-1             | See the MariaDB Knowledgebase at http://mariadb.com/kb or the
client-desktop-1    | 16-Sep-2026 17:13:52 [---] Creating new client state file
client-desktop-1    | 16-Sep-2026 17:13:52 [---] libc:  version 2.36
client-desktop-1    | 16-Sep-2026 17:13:52 [---] Host name: desktop-01
client-desktop-1    | 16-Sep-2026 17:13:52 [---] Processor: 2 ARM  [Impl 0x61 Arch 8 Variant 0x0 Part 0x000 Rev 0]
client-low-power-1  | 16-Sep-2026 17:13:57 [---] Config: GUI RPC allowed from any host
client-low-power-1  | 16-Sep-2026 17:13:57 [---] Config: simulate 1 CPUs
client-low-power-1  | 16-Sep-2026 17:13:57 [---] Config: report completed tasks immediately
client-phone-1      | 16-Sep-2026 17:13:52 [---] Host name: phone-01
client-phone-1      | 16-Sep-2026 17:13:52 [---] Processor: 1 ARM  [Impl 0x61 Arch 8 Variant 0x0 Part 0x000 Rev 0]
client-desktop-1    | 16-Sep-2026 17:13:52 [---] Processor features: fp asimd evtstrm aes pmull sha1 sha2 crc32 atomics fphp asimdhp cpuid asimdrdm jscvt fcma lrcpc dcpop sha3 asimddp sha512 asimdfhm dit uscat ilrcpc flagm sb paca pacg dcpodp flagm2 frint i8mm bf16 bti afp
client-desktop-1    | 16-Sep-2026 17:13:52 [---] OS: Linux Debian GNU/Linux: Debian GNU/Linux 12 (bookworm) [6.8.0-100-generic|libc 2.36]
client-desktop-1    | 16-Sep-2026 17:13:52 [---] Memory: 9.69 GB physical, 0 bytes virtual
client-desktop-1    | 16-Sep-2026 17:13:52 [---] Disk: 18.33 GB total, 15.56 GB free
client-desktop-1    | 16-Sep-2026 17:13:52 [---] Local time is UTC +0 hours
client-desktop-1    | 16-Sep-2026 17:13:52 [---] Config: GUI RPC allowed from any host
client-desktop-1    | 16-Sep-2026 17:13:52 [---] Config: simulate 2 CPUs
client-desktop-1    | 16-Sep-2026 17:13:52 [---] Config: report completed tasks immediately
client-desktop-1    | 16-Sep-2026 17:13:52 [---] No general preferences found - using defaults
client-desktop-1    | 16-Sep-2026 17:13:52 [---] Reading preferences override file
client-desktop-1    | 16-Sep-2026 17:13:52 [---] Preferences:
client-desktop-1    | 16-Sep-2026 17:13:52 [---]    max memory usage when active: 8929.14 MB
client-low-power-1  | dir_open: Could not open directory 'slots' from '/var/lib/boinc-client'.
client-low-power-1  | 16-Sep-2026 17:13:57 [---] No general preferences found - using defaults
client-low-power-1  | 16-Sep-2026 17:13:57 [---] Reading preferences override file
client-phone-1      | 16-Sep-2026 17:13:52 [---] Processor features: fp asimd evtstrm aes pmull sha1 sha2 crc32 atomics fphp asimdhp cpuid asimdrdm jscvt fcma lrcpc dcpop sha3 asimddp sha512 asimdfhm dit uscat ilrcpc flagm sb paca pacg dcpodp flagm2 frint i8mm bf16 bti afp
client-phone-1      | 16-Sep-2026 17:13:52 [---] OS: Linux Debian GNU/Linux: Debian GNU/Linux 12 (bookworm) [6.8.0-100-generic|libc 2.36]
client-phone-1      | 16-Sep-2026 17:13:52 [---] Memory: 9.69 GB physical, 0 bytes virtual
client-phone-1      | 16-Sep-2026 17:13:52 [---] Disk: 18.33 GB total, 15.56 GB free
client-phone-1      | 16-Sep-2026 17:13:52 [---] Local time is UTC +0 hours
client-phone-1      | 16-Sep-2026 17:13:52 [---] Config: GUI RPC allowed from any host
client-phone-1      | 16-Sep-2026 17:13:52 [---] Config: simulate 1 CPUs
client-phone-1      | 16-Sep-2026 17:13:52 [---] Config: report completed tasks immediately
client-phone-1      | 16-Sep-2026 17:13:52 [---] No general preferences found - using defaults
apache-1            | 2026-09-16 17:12:37,451 INFO reaped unknown pid 63
apache-1            | 2026-09-16 17:12:40,094 INFO reaped unknown pid 62
apache-1            | 2026-09-16 17:12:40,094 INFO reaped unknown pid 64
apache-1            | 2026-09-16 17:12:40,096 INFO reaped unknown pid 60
apache-1            | 2026-09-16 17:12:48,305 INFO reaped unknown pid 150
apache-1            | 2026-09-16 17:12:48,305 INFO reaped unknown pid 152
apache-1            | 2026-09-16 17:12:48,305 INFO reaped unknown pid 154
apache-1            | 2026-09-16 17:12:48,305 INFO reaped unknown pid 156
apache-1            | 2026-09-16 17:12:48,305 INFO reaped unknown pid 158
apache-1            | 2026-09-16 17:15:01,045 INFO reaped unknown pid 382
apache-1            | 2026-09-16 17:15:01,141 INFO reaped unknown pid 384
client-cluster-2-1  | 16-Sep-2026 17:13:52 [---]    max disk usage: 2.00 GB
client-cluster-2-1  | 16-Sep-2026 17:13:52 [---]    don't use GPU while active
client-phone-2-1    | 16-Sep-2026 17:13:52 [---] Config: report completed tasks immediately
client-phone-2-1    | 16-Sep-2026 17:13:52 [---] No general preferences found - using defaults
apache-1            | 2026-09-16 17:15:01,240 INFO reaped unknown pid 386
apache-1            | 2026-09-16 17:15:01,343 INFO reaped unknown pid 388
mysql-1             | MySQL manual for more instructions.
mysql-1             | 
mysql-1             | Please report any problems at http://mariadb.org/jira
mysql-1             | 
client-cluster-1    | 16-Sep-2026 17:13:52 [---] Setting up project and slot directories
client-cluster-1    | 16-Sep-2026 17:13:52 [---] Checking active tasks
client-cluster-1    | 16-Sep-2026 17:13:52 [---] Setting up GUI RPC socket
client-cluster-1    | 16-Sep-2026 17:13:52 [---] Checking presence of 0 project files
client-cluster-1    | 16-Sep-2026 17:13:52 [---] This computer is not attached to any projects
client-cluster-1    | 16-Sep-2026 17:13:52 Initialization completed
client-cluster-1    | dir_open: Could not open directory 'projects/boincserver.local_boincserver' from '/var/lib/boinc-client'.
client-cluster-1    | 16-Sep-2026 17:13:53 [---] No general preferences found - using defaults
client-phone-2-1    | 16-Sep-2026 17:13:52 [---] Reading preferences override file
client-phone-2-1    | 16-Sep-2026 17:13:52 [---] Preferences:
client-phone-2-1    | 16-Sep-2026 17:13:52 [---]    max memory usage when active: 8929.14 MB
client-phone-2-1    | 16-Sep-2026 17:13:52 [---]    max memory usage when idle: 8929.14 MB
client-phone-2-1    | dir_open: Could not open directory 'slots' from '/var/lib/boinc-client'.
client-phone-2-1    | 16-Sep-2026 17:13:52 [---]    max disk usage: 2.00 GB
client-phone-2-1    | 16-Sep-2026 17:13:52 [---]    don't use GPU while active
client-phone-2-1    | 16-Sep-2026 17:13:52 [---]    suspend work if non-BOINC CPU load exceeds 25%
client-phone-2-1    | 16-Sep-2026 17:13:52 [---]    (to change preferences, visit a project web site or select Preferences in the Manager)
client-phone-2-1    | 16-Sep-2026 17:13:52 [---] Setting up project and slot directories
client-phone-2-1    | 16-Sep-2026 17:13:52 [---] Checking active tasks
client-phone-2-1    | 16-Sep-2026 17:13:52 [---] Setting up GUI RPC socket
client-phone-2-1    | 16-Sep-2026 17:13:52 [---] Checking presence of 0 project files
client-phone-2-1    | 16-Sep-2026 17:13:52 [---] This computer is not attached to any projects
client-phone-2-1    | 16-Sep-2026 17:13:52 Initialization completed
client-phone-2-1    | dir_open: Could not open directory 'projects/boincserver.local_boincserver' from '/var/lib/boinc-client'.
client-phone-2-1    | 16-Sep-2026 17:13:53 [---] No general preferences found - using defaults
client-phone-1      | 16-Sep-2026 17:13:52 [---] Reading preferences override file
client-phone-1      | 16-Sep-2026 17:13:52 [---] Preferences:
client-phone-1      | 16-Sep-2026 17:13:52 [---]    max memory usage when active: 8929.14 MB
client-phone-1      | 16-Sep-2026 17:13:52 [---]    max memory usage when idle: 8929.14 MB
client-phone-1      | 16-Sep-2026 17:13:52 [---]    max disk usage: 2.00 GB
client-phone-1      | 16-Sep-2026 17:13:52 [---]    don't use GPU while active
client-phone-1      | dir_open: Could not open directory 'slots' from '/var/lib/boinc-client'.
client-phone-1      | 16-Sep-2026 17:13:52 [---]    suspend work if non-BOINC CPU load exceeds 25%
client-phone-1      | 16-Sep-2026 17:13:52 [---]    (to change preferences, visit a project web site or select Preferences in the Manager)
client-phone-1      | 16-Sep-2026 17:13:52 [---] Setting up project and slot directories
client-phone-1      | 16-Sep-2026 17:13:52 [---] Checking active tasks
client-phone-1      | 16-Sep-2026 17:13:52 [---] Setting up GUI RPC socket
client-phone-1      | 16-Sep-2026 17:13:52 [---] Checking presence of 0 project files
client-phone-1      | 16-Sep-2026 17:13:52 [---] This computer is not attached to any projects
client-phone-1      | 16-Sep-2026 17:13:52 Initialization completed
client-phone-1      | dir_open: Could not open directory 'projects/boincserver.local_boincserver' from '/var/lib/boinc-client'.
client-phone-1      | 16-Sep-2026 17:13:53 [---] No general preferences found - using defaults
client-phone-1      | 16-Sep-2026 17:13:53 [---] Reading preferences override file
client-phone-1      | 16-Sep-2026 17:13:53 [---] Preferences:
client-phone-1      | 16-Sep-2026 17:13:53 [---]    max memory usage when active: 8929.14 MB
client-phone-1      | 16-Sep-2026 17:13:53 [---]    max memory usage when idle: 8929.14 MB
client-phone-1      | 16-Sep-2026 17:13:53 [---]    max disk usage: 2.00 GB
client-phone-1      | 16-Sep-2026 17:13:53 [---]    don't use GPU while active
client-phone-1      | 16-Sep-2026 17:13:53 [---]    suspend work if non-BOINC CPU load exceeds 25%
client-low-power-1  | 16-Sep-2026 17:13:57 [---] Preferences:
client-low-power-1  | 16-Sep-2026 17:13:57 [---]    max memory usage when active: 8929.14 MB
client-low-power-1  | 16-Sep-2026 17:13:57 [---]    max memory usage when idle: 8929.14 MB
client-low-power-1  | 16-Sep-2026 17:13:57 [---]    max disk usage: 2.00 GB
client-low-power-1  | 16-Sep-2026 17:13:57 [---]    don't use GPU while active
client-phone-1      | 16-Sep-2026 17:13:53 [---]    (to change preferences, visit a project web site or select Preferences in the Manager)
client-phone-1      | 16-Sep-2026 17:13:57 [http://boincserver.local/boincserver/] Fetching scheduler list
client-phone-1      | 16-Sep-2026 17:13:59 [http://boincserver.local/boincserver/] Master file download succeeded
client-phone-1      | 16-Sep-2026 17:14:04 [http://boincserver.local/boincserver/] Sending scheduler request: Project initialization.
client-phone-1      | 16-Sep-2026 17:14:04 [http://boincserver.local/boincserver/] Requesting new tasks for CPU
client-phone-1      | 16-Sep-2026 17:14:06 [boincserver] Scheduler request completed: got 1 new tasks
client-phone-1      | 16-Sep-2026 17:14:06 [boincserver] Project requested delay of 7 seconds
apache-1            | 2026-09-16 17:15:01,446 INFO reaped unknown pid 390
apache-1            | 2026-09-16 17:15:02,463 INFO reaped unknown pid 381
apache-1            | 2026-09-16 17:15:02,463 INFO reaped unknown pid 383
apache-1            | 2026-09-16 17:15:02,463 INFO reaped unknown pid 385
apache-1            | 2026-09-16 17:15:02,463 INFO reaped unknown pid 387
apache-1            | 2026-09-16 17:15:02,463 INFO reaped unknown pid 389
apache-1            | 2026-09-16 17:15:02,463 INFO reaped unknown pid 392
apache-1            | 2026-09-16 17:15:02,463 INFO reaped unknown pid 395
apache-1            | 2026-09-16 17:15:02,464 INFO reaped unknown pid 397
apache-1            | 2026-09-16 17:15:02,464 INFO reaped unknown pid 400
apache-1            | 2026-09-16 17:15:02,464 INFO reaped unknown pid 402
apache-1            | 2026-09-16 17:15:02,464 INFO reaped unknown pid 405
apache-1            | 2026-09-16 17:15:02,464 INFO reaped unknown pid 407
apache-1            | 2026-09-16 17:15:06,680 INFO reaped unknown pid 393
client-cluster-1    | 16-Sep-2026 17:13:53 [---] Reading preferences override file
client-cluster-1    | 16-Sep-2026 17:13:53 [---] Preferences:
client-cluster-2-1  | 16-Sep-2026 17:13:52 [---]    suspend work if non-BOINC CPU load exceeds 25%
client-cluster-2-1  | 16-Sep-2026 17:13:52 [---]    (to change preferences, visit a project web site or select Preferences in the Manager)
client-cluster-2-1  | 16-Sep-2026 17:13:52 [---] Setting up project and slot directories
client-desktop-1    | 16-Sep-2026 17:13:52 [---]    max memory usage when idle: 8929.14 MB
client-desktop-1    | 16-Sep-2026 17:13:52 [---]    max disk usage: 2.00 GB
client-desktop-1    | 16-Sep-2026 17:13:52 [---]    don't use GPU while active
client-desktop-1    | 16-Sep-2026 17:13:52 [---]    suspend work if non-BOINC CPU load exceeds 25%
client-desktop-1    | 16-Sep-2026 17:13:52 [---]    (to change preferences, visit a project web site or select Preferences in the Manager)
client-desktop-1    | 16-Sep-2026 17:13:52 [---] Setting up project and slot directories
client-desktop-1    | 16-Sep-2026 17:13:52 [---] Checking active tasks
client-desktop-1    | 16-Sep-2026 17:13:52 [---] Setting up GUI RPC socket
client-desktop-1    | 16-Sep-2026 17:13:52 [---] Checking presence of 0 project files
client-desktop-1    | 16-Sep-2026 17:13:52 [---] This computer is not attached to any projects
client-desktop-1    | 16-Sep-2026 17:13:52 Initialization completed
client-desktop-1    | dir_open: Could not open directory 'slots' from '/var/lib/boinc-client'.
client-desktop-1    | dir_open: Could not open directory 'projects/boincserver.local_boincserver' from '/var/lib/boinc-client'.
client-desktop-1    | 16-Sep-2026 17:13:53 [---] No general preferences found - using defaults
client-desktop-1    | 16-Sep-2026 17:13:53 [---] Reading preferences override file
client-desktop-1    | 16-Sep-2026 17:13:53 [---] Preferences:
client-desktop-1    | 16-Sep-2026 17:13:53 [---]    max memory usage when active: 8929.14 MB
client-desktop-1    | 16-Sep-2026 17:13:53 [---]    max memory usage when idle: 8929.14 MB
client-desktop-1    | 16-Sep-2026 17:13:53 [---]    max disk usage: 2.00 GB
client-desktop-1    | 16-Sep-2026 17:13:53 [---]    don't use GPU while active
client-desktop-1    | 16-Sep-2026 17:13:53 [---]    suspend work if non-BOINC CPU load exceeds 25%
client-desktop-1    | 16-Sep-2026 17:13:53 [---]    (to change preferences, visit a project web site or select Preferences in the Manager)
client-desktop-1    | 16-Sep-2026 17:13:57 [http://boincserver.local/boincserver/] Fetching scheduler list
apache-1            | 2026-09-16 17:15:06,996 INFO reaped unknown pid 398
client-cluster-1    | 16-Sep-2026 17:13:53 [---]    max memory usage when active: 8929.14 MB
client-cluster-1    | 16-Sep-2026 17:13:53 [---]    max memory usage when idle: 8929.14 MB
client-cluster-1    | 16-Sep-2026 17:13:53 [---]    max disk usage: 2.00 GB
client-cluster-1    | 16-Sep-2026 17:13:53 [---]    don't use GPU while active
client-cluster-1    | 16-Sep-2026 17:13:53 [---]    suspend work if non-BOINC CPU load exceeds 25%
client-cluster-1    | 16-Sep-2026 17:13:53 [---]    (to change preferences, visit a project web site or select Preferences in the Manager)
client-cluster-2-1  | 16-Sep-2026 17:13:52 [---] Checking active tasks
client-cluster-2-1  | 16-Sep-2026 17:13:52 [---] Setting up GUI RPC socket
client-phone-2-1    | 16-Sep-2026 17:13:53 [---] Reading preferences override file
client-phone-2-1    | 16-Sep-2026 17:13:53 [---] Preferences:
client-cluster-1    | 16-Sep-2026 17:13:57 [http://boincserver.local/boincserver/] Fetching scheduler list
client-cluster-1    | 16-Sep-2026 17:13:59 [http://boincserver.local/boincserver/] Master file download succeeded
client-cluster-1    | 16-Sep-2026 17:14:04 [http://boincserver.local/boincserver/] Sending scheduler request: Project initialization.
client-cluster-1    | 16-Sep-2026 17:14:04 [http://boincserver.local/boincserver/] Requesting new tasks for CPU
client-cluster-1    | 16-Sep-2026 17:14:11 [boincserver] Scheduler request completed: got 1 new tasks
client-cluster-1    | 16-Sep-2026 17:14:11 [boincserver] Project requested delay of 7 seconds
client-phone-2-1    | 16-Sep-2026 17:13:53 [---]    max memory usage when active: 8929.14 MB
client-phone-2-1    | 16-Sep-2026 17:13:53 [---]    max memory usage when idle: 8929.14 MB
client-phone-2-1    | 16-Sep-2026 17:13:53 [---]    max disk usage: 2.00 GB
client-phone-2-1    | 16-Sep-2026 17:13:53 [---]    don't use GPU while active
client-cluster-2-1  | dir_open: Could not open directory 'slots' from '/var/lib/boinc-client'.
client-cluster-2-1  | 16-Sep-2026 17:13:52 [---] Checking presence of 0 project files
client-cluster-1    | 16-Sep-2026 17:14:13 [boincserver] Started download of hybrid_synthetic_1.0_aarch64-unknown-linux-gnu
client-cluster-1    | 16-Sep-2026 17:14:13 [boincserver] Started download of hybrid_synthetic_input.txt
client-cluster-1    | 16-Sep-2026 17:14:15 [boincserver] Finished download of hybrid_synthetic_1.0_aarch64-unknown-linux-gnu
client-cluster-1    | 16-Sep-2026 17:14:15 [boincserver] Finished download of hybrid_synthetic_input.txt
client-cluster-1    | 16-Sep-2026 17:14:15 [boincserver] Elapsed time limit 50.000000 < 120.000000; setting to 43200.000000
client-cluster-1    | 16-Sep-2026 17:14:15 [boincserver] Starting task exp_20260916T165346Z_sjf_short_1_0
client-cluster-1    | 16-Sep-2026 17:14:21 [boincserver] Sending scheduler request: To fetch work.
client-cluster-1    | 16-Sep-2026 17:14:21 [boincserver] Requesting new tasks for CPU
client-cluster-1    | 16-Sep-2026 17:14:23 [boincserver] Computation for task exp_20260916T165346Z_sjf_short_1_0 finished
client-cluster-1    | 16-Sep-2026 17:14:25 [boincserver] Started upload of exp_20260916T165346Z_sjf_short_1_0_r580737326_0
client-cluster-1    | 16-Sep-2026 17:14:27 [boincserver] Finished upload of exp_20260916T165346Z_sjf_short_1_0_r580737326_0
client-cluster-1    | 16-Sep-2026 17:14:41 [boincserver] Scheduler request completed: got 4 new tasks
client-cluster-1    | 16-Sep-2026 17:14:41 [boincserver] Project requested delay of 7 seconds
client-cluster-1    | 16-Sep-2026 17:14:43 [boincserver] Elapsed time limit 50.000000 < 120.000000; setting to 43200.000000
client-cluster-1    | 16-Sep-2026 17:14:43 [boincserver] Elapsed time limit 50.000000 < 120.000000; setting to 43200.000000
client-cluster-1    | 16-Sep-2026 17:14:43 [boincserver] Elapsed time limit 50.000000 < 120.000000; setting to 43200.000000
client-cluster-1    | 16-Sep-2026 17:14:43 [boincserver] Starting task exp_20260916T165346Z_sjf_short_17_0
client-cluster-1    | 16-Sep-2026 17:14:43 [boincserver] Starting task exp_20260916T165346Z_sjf_short_18_0
client-cluster-2-1  | 16-Sep-2026 17:13:52 [---] This computer is not attached to any projects
client-cluster-2-1  | 16-Sep-2026 17:13:52 Initialization completed
client-cluster-2-1  | dir_open: Could not open directory 'projects/boincserver.local_boincserver' from '/var/lib/boinc-client'.
client-cluster-2-1  | 16-Sep-2026 17:13:53 [---] No general preferences found - using defaults
client-cluster-2-1  | 16-Sep-2026 17:13:53 [---] Reading preferences override file
client-cluster-2-1  | 16-Sep-2026 17:13:53 [---] Preferences:
client-cluster-2-1  | 16-Sep-2026 17:13:53 [---]    max memory usage when active: 8929.14 MB
client-cluster-2-1  | 16-Sep-2026 17:13:53 [---]    max memory usage when idle: 8929.14 MB
client-cluster-2-1  | 16-Sep-2026 17:13:53 [---]    max disk usage: 2.00 GB
client-phone-1      | 16-Sep-2026 17:14:08 [boincserver] Started download of hybrid_synthetic_1.0_aarch64-unknown-linux-gnu
client-phone-1      | 16-Sep-2026 17:14:08 [boincserver] Started download of hybrid_synthetic_input.txt
mysql-1             | The latest information about MariaDB is available at http://mariadb.org/.
mysql-1             | You can find additional information about the MySQL part at:
mysql-1             | http://dev.mysql.com
mysql-1             | Consider joining MariaDB's strong and vibrant community:
mysql-1             | https://mariadb.org/get-involved/
mysql-1             | 
mysql-1             | Database initialized
mysql-1             | MySQL init process in progress...
client-cluster-1    | 16-Sep-2026 17:14:43 [boincserver] Starting task exp_20260916T165346Z_sjf_short_10_0
client-cluster-1    | 16-Sep-2026 17:14:43 [boincserver] Starting task exp_20260916T165346Z_sjf_medium_1_0
client-phone-2-1    | 16-Sep-2026 17:13:53 [---]    suspend work if non-BOINC CPU load exceeds 25%
client-phone-2-1    | 16-Sep-2026 17:13:53 [---]    (to change preferences, visit a project web site or select Preferences in the Manager)
client-phone-2-1    | 16-Sep-2026 17:13:57 [http://boincserver.local/boincserver/] Fetching scheduler list
client-phone-2-1    | 16-Sep-2026 17:13:59 [http://boincserver.local/boincserver/] Master file download succeeded
client-phone-2-1    | 16-Sep-2026 17:14:04 [http://boincserver.local/boincserver/] Sending scheduler request: Project initialization.
client-phone-2-1    | 16-Sep-2026 17:14:04 [http://boincserver.local/boincserver/] Requesting new tasks for CPU
client-low-power-1  | 16-Sep-2026 17:13:57 [---]    suspend work if non-BOINC CPU load exceeds 25%
client-low-power-1  | 16-Sep-2026 17:13:57 [---]    (to change preferences, visit a project web site or select Preferences in the Manager)
client-low-power-1  | 16-Sep-2026 17:13:57 [---] Setting up project and slot directories
client-low-power-1  | 16-Sep-2026 17:13:57 [---] Checking active tasks
client-phone-1      | 16-Sep-2026 17:14:10 [boincserver] Finished download of hybrid_synthetic_1.0_aarch64-unknown-linux-gnu
client-phone-1      | 16-Sep-2026 17:14:10 [boincserver] Finished download of hybrid_synthetic_input.txt
client-phone-1      | 16-Sep-2026 17:14:10 [boincserver] Elapsed time limit 50.000000 < 120.000000; setting to 43200.000000
client-phone-1      | 16-Sep-2026 17:14:10 [boincserver] Starting task exp_20260916T165346Z_sjf_short_3_0
client-phone-1      | 16-Sep-2026 17:14:16 [boincserver] Sending scheduler request: To fetch work.
client-phone-1      | 16-Sep-2026 17:14:16 [boincserver] Requesting new tasks for CPU
client-phone-1      | 16-Sep-2026 17:14:18 [boincserver] Computation for task exp_20260916T165346Z_sjf_short_3_0 finished
client-cluster-2-1  | 16-Sep-2026 17:13:53 [---]    don't use GPU while active
client-cluster-2-1  | 16-Sep-2026 17:13:53 [---]    suspend work if non-BOINC CPU load exceeds 25%
client-cluster-2-1  | 16-Sep-2026 17:13:53 [---]    (to change preferences, visit a project web site or select Preferences in the Manager)
client-cluster-2-1  | 16-Sep-2026 17:13:57 [http://boincserver.local/boincserver/] Fetching scheduler list
client-cluster-2-1  | 16-Sep-2026 17:13:59 [http://boincserver.local/boincserver/] Master file download succeeded
client-cluster-2-1  | 16-Sep-2026 17:14:04 [http://boincserver.local/boincserver/] Sending scheduler request: Project initialization.
client-phone-1      | 16-Sep-2026 17:14:18 [boincserver] Scheduler request completed: got 1 new tasks
client-phone-1      | 16-Sep-2026 17:14:18 [boincserver] Project requested delay of 7 seconds
client-phone-1      | 16-Sep-2026 17:14:20 [boincserver] Started upload of exp_20260916T165346Z_sjf_short_3_0_r1942633144_0
client-phone-1      | 16-Sep-2026 17:14:20 [boincserver] Elapsed time limit 50.000000 < 120.000000; setting to 43200.000000
client-phone-1      | 16-Sep-2026 17:14:20 [boincserver] Starting task exp_20260916T165346Z_sjf_short_7_0
client-phone-1      | 16-Sep-2026 17:14:22 [boincserver] Finished upload of exp_20260916T165346Z_sjf_short_3_0_r1942633144_0
mysql-1             | 2026-09-16 17:12:27 0 [Note] mysqld (mysqld 10.3.8-MariaDB-1:10.3.8+maria~bionic) starting as process 103 ...
mysql-1             | 2026-09-16 17:12:27 0 [Note] InnoDB: Using Linux native AIO
client-cluster-1    | 16-Sep-2026 17:14:51 [boincserver] Computation for task exp_20260916T165346Z_sjf_short_17_0 finished
client-cluster-1    | 16-Sep-2026 17:14:51 [boincserver] Sending scheduler request: To report completed tasks.
client-cluster-1    | 16-Sep-2026 17:14:51 [boincserver] Reporting 1 completed tasks
client-phone-1      | 16-Sep-2026 17:14:28 [boincserver] Sending scheduler request: To report completed tasks.
mysql-1             | 2026-09-16 17:12:27 0 [Note] InnoDB: Mutexes and rw_locks use GCC atomic builtins
mysql-1             | 2026-09-16 17:12:27 0 [Note] InnoDB: Uses event mutexes
client-low-power-1  | 16-Sep-2026 17:13:57 [---] Setting up GUI RPC socket
client-low-power-1  | 16-Sep-2026 17:13:57 [---] Checking presence of 0 project files
client-low-power-1  | 16-Sep-2026 17:13:57 [---] This computer is not attached to any projects
client-low-power-1  | 16-Sep-2026 17:13:57 Initialization completed
client-low-power-1  | dir_open: Could not open directory 'projects/boincserver.local_boincserver' from '/var/lib/boinc-client'.
client-low-power-1  | 16-Sep-2026 17:13:58 [---] No general preferences found - using defaults
mysql-1             | 2026-09-16 17:12:27 0 [Note] InnoDB: Compressed tables use zlib 1.2.11
mysql-1             | 2026-09-16 17:12:27 0 [Note] InnoDB: Number of pools: 1
client-cluster-1    | 16-Sep-2026 17:14:51 [boincserver] Requesting new tasks for CPU
client-cluster-1    | 16-Sep-2026 17:14:52 [boincserver] Computation for task exp_20260916T165346Z_sjf_short_18_0 finished
client-cluster-1    | 16-Sep-2026 17:14:53 [boincserver] Started upload of exp_20260916T165346Z_sjf_short_17_0_r1574049102_0
client-cluster-1    | 16-Sep-2026 17:14:53 [boincserver] Computation for task exp_20260916T165346Z_sjf_short_10_0 finished
client-phone-1      | 16-Sep-2026 17:14:28 [boincserver] Reporting 1 completed tasks
client-phone-1      | 16-Sep-2026 17:14:28 [boincserver] Requesting new tasks for CPU
client-phone-1      | 16-Sep-2026 17:14:29 [boincserver] Computation for task exp_20260916T165346Z_sjf_short_7_0 finished
client-phone-1      | 16-Sep-2026 17:14:31 [boincserver] Started upload of exp_20260916T165346Z_sjf_short_7_0_r713515089_0
client-phone-1      | 16-Sep-2026 17:14:33 [boincserver] Finished upload of exp_20260916T165346Z_sjf_short_7_0_r713515089_0
client-phone-1      | 16-Sep-2026 17:14:35 [boincserver] Scheduler request completed: got 1 new tasks
client-cluster-2-1  | 16-Sep-2026 17:14:04 [http://boincserver.local/boincserver/] Requesting new tasks for CPU
client-cluster-2-1  | 16-Sep-2026 17:14:11 [boincserver] Scheduler request completed: got 1 new tasks
client-cluster-2-1  | 16-Sep-2026 17:14:11 [boincserver] Project requested delay of 7 seconds
client-cluster-2-1  | 16-Sep-2026 17:14:13 [boincserver] Started download of hybrid_synthetic_1.0_aarch64-unknown-linux-gnu
client-cluster-2-1  | 16-Sep-2026 17:14:13 [boincserver] Started download of hybrid_synthetic_input.txt
client-cluster-2-1  | 16-Sep-2026 17:14:15 [boincserver] Finished download of hybrid_synthetic_1.0_aarch64-unknown-linux-gnu
client-cluster-2-1  | 16-Sep-2026 17:14:15 [boincserver] Finished download of hybrid_synthetic_input.txt
client-cluster-2-1  | 16-Sep-2026 17:14:15 [boincserver] Elapsed time limit 50.000000 < 120.000000; setting to 43200.000000
client-cluster-2-1  | 16-Sep-2026 17:14:15 [boincserver] Starting task exp_20260916T165346Z_sjf_short_2_0
client-cluster-2-1  | 16-Sep-2026 17:14:21 [boincserver] Sending scheduler request: To fetch work.
client-cluster-2-1  | 16-Sep-2026 17:14:21 [boincserver] Requesting new tasks for CPU
client-cluster-2-1  | 16-Sep-2026 17:14:23 [boincserver] Computation for task exp_20260916T165346Z_sjf_short_2_0 finished
client-cluster-1    | 16-Sep-2026 17:14:53 [boincserver] Scheduler request completed: got 4 new tasks
client-desktop-1    | 16-Sep-2026 17:13:59 [http://boincserver.local/boincserver/] Master file download succeeded
client-desktop-1    | 16-Sep-2026 17:14:04 [http://boincserver.local/boincserver/] Sending scheduler request: Project initialization.
client-cluster-2-1  | 16-Sep-2026 17:14:23 [boincserver] Scheduler request completed: got 4 new tasks
client-cluster-2-1  | 16-Sep-2026 17:14:23 [boincserver] Project requested delay of 7 seconds
client-cluster-2-1  | 16-Sep-2026 17:14:25 [boincserver] Started upload of exp_20260916T165346Z_sjf_short_2_0_r1341162106_0
client-cluster-2-1  | 16-Sep-2026 17:14:25 [boincserver] Elapsed time limit 50.000000 < 120.000000; setting to 43200.000000
client-cluster-2-1  | 16-Sep-2026 17:14:25 [boincserver] Elapsed time limit 50.000000 < 120.000000; setting to 43200.000000
client-cluster-2-1  | 16-Sep-2026 17:14:25 [boincserver] Elapsed time limit 50.000000 < 120.000000; setting to 43200.000000
client-cluster-2-1  | 16-Sep-2026 17:14:25 [boincserver] Elapsed time limit 50.000000 < 120.000000; setting to 43200.000000
client-cluster-2-1  | 16-Sep-2026 17:14:25 [boincserver] Starting task exp_20260916T165346Z_sjf_short_13_0
client-cluster-2-1  | 16-Sep-2026 17:14:25 [boincserver] Starting task exp_20260916T165346Z_sjf_short_11_0
client-cluster-2-1  | 16-Sep-2026 17:14:25 [boincserver] Starting task exp_20260916T165346Z_sjf_short_12_0
client-cluster-2-1  | 16-Sep-2026 17:14:25 [boincserver] Starting task exp_20260916T165346Z_sjf_short_14_0
client-cluster-2-1  | 16-Sep-2026 17:14:27 [boincserver] Finished upload of exp_20260916T165346Z_sjf_short_2_0_r1341162106_0
client-cluster-2-1  | 16-Sep-2026 17:14:33 [boincserver] Computation for task exp_20260916T165346Z_sjf_short_13_0 finished
client-low-power-1  | 16-Sep-2026 17:13:58 [---] Reading preferences override file
client-low-power-1  | 16-Sep-2026 17:13:58 [---] Preferences:
client-cluster-1    | 16-Sep-2026 17:14:53 [boincserver] Project requested delay of 7 seconds
client-cluster-1    | 16-Sep-2026 17:14:54 [boincserver] Started upload of exp_20260916T165346Z_sjf_short_18_0_r717177550_0
client-phone-2-1    | 16-Sep-2026 17:14:06 [boincserver] Scheduler request completed: got 1 new tasks
client-phone-2-1    | 16-Sep-2026 17:14:06 [boincserver] Project requested delay of 7 seconds
client-phone-2-1    | 16-Sep-2026 17:14:08 [boincserver] Started download of hybrid_synthetic_1.0_aarch64-unknown-linux-gnu
client-phone-2-1    | 16-Sep-2026 17:14:08 [boincserver] Started download of hybrid_synthetic_input.txt
client-phone-2-1    | 16-Sep-2026 17:14:10 [boincserver] Finished download of hybrid_synthetic_1.0_aarch64-unknown-linux-gnu
client-phone-2-1    | 16-Sep-2026 17:14:10 [boincserver] Finished download of hybrid_synthetic_input.txt
client-phone-2-1    | 16-Sep-2026 17:14:10 [boincserver] Elapsed time limit 50.000000 < 120.000000; setting to 43200.000000
client-phone-2-1    | 16-Sep-2026 17:14:10 [boincserver] Starting task exp_20260916T165346Z_sjf_short_5_0
client-phone-1      | 16-Sep-2026 17:14:35 [boincserver] Project requested delay of 7 seconds
client-phone-1      | 16-Sep-2026 17:14:37 [boincserver] Starting task exp_20260916T165346Z_sjf_medium_2_0
client-phone-1      | 16-Sep-2026 17:14:45 [boincserver] Sending scheduler request: To report completed tasks.
client-phone-1      | 16-Sep-2026 17:14:45 [boincserver] Reporting 1 completed tasks
client-low-power-1  | 16-Sep-2026 17:13:58 [---]    max memory usage when active: 8929.14 MB
client-low-power-1  | 16-Sep-2026 17:13:58 [---]    max memory usage when idle: 8929.14 MB
client-low-power-1  | 16-Sep-2026 17:13:58 [---]    max disk usage: 2.00 GB
client-low-power-1  | 16-Sep-2026 17:13:58 [---]    don't use GPU while active
client-phone-1      | 16-Sep-2026 17:14:45 [boincserver] Requesting new tasks for CPU
client-phone-1      | 16-Sep-2026 17:14:47 [boincserver] Scheduler request completed: got 1 new tasks
client-phone-1      | 16-Sep-2026 17:14:47 [boincserver] Project requested delay of 7 seconds
client-phone-1      | 16-Sep-2026 17:14:58 [boincserver] Sending scheduler request: To fetch work.
client-phone-1      | 16-Sep-2026 17:14:58 [boincserver] Requesting new tasks for CPU
client-phone-1      | 16-Sep-2026 17:15:00 [boincserver] Scheduler request completed: got 0 new tasks
client-phone-1      | 16-Sep-2026 17:15:00 [boincserver] No tasks sent
client-phone-1      | 16-Sep-2026 17:15:00 [boincserver] This computer has reached a limit on tasks in progress
client-phone-1      | 16-Sep-2026 17:15:00 [boincserver] Project requested delay of 7 seconds
client-cluster-1    | 16-Sep-2026 17:14:55 [boincserver] Finished upload of exp_20260916T165346Z_sjf_short_17_0_r1574049102_0
client-cluster-1    | 16-Sep-2026 17:14:55 [boincserver] Finished upload of exp_20260916T165346Z_sjf_short_18_0_r717177550_0
client-cluster-1    | 16-Sep-2026 17:14:55 [boincserver] Started upload of exp_20260916T165346Z_sjf_short_10_0_r1483704926_0
client-cluster-1    | 16-Sep-2026 17:14:55 [boincserver] Starting task exp_20260916T165346Z_sjf_long_5_0
client-cluster-1    | 16-Sep-2026 17:14:55 [boincserver] Starting task exp_20260916T165346Z_sjf_long_3_0
client-cluster-1    | 16-Sep-2026 17:14:55 [boincserver] Starting task exp_20260916T165346Z_sjf_long_2_0
client-cluster-1    | 16-Sep-2026 17:14:57 [boincserver] Finished upload of exp_20260916T165346Z_sjf_short_10_0_r1483704926_0
client-cluster-1    | 16-Sep-2026 17:15:03 [boincserver] Sending scheduler request: To report completed tasks.
client-cluster-2-1  | 16-Sep-2026 17:14:33 [boincserver] Sending scheduler request: To report completed tasks.
client-cluster-2-1  | 16-Sep-2026 17:14:33 [boincserver] Reporting 1 completed tasks
client-cluster-2-1  | 16-Sep-2026 17:14:33 [boincserver] Requesting new tasks for CPU
client-cluster-2-1  | 16-Sep-2026 17:14:34 [boincserver] Computation for task exp_20260916T165346Z_sjf_short_11_0 finished
client-cluster-2-1  | 16-Sep-2026 17:14:35 [boincserver] Started upload of exp_20260916T165346Z_sjf_short_13_0_r1744491131_0
client-cluster-2-1  | 16-Sep-2026 17:14:35 [boincserver] Computation for task exp_20260916T165346Z_sjf_short_12_0 finished
client-cluster-2-1  | 16-Sep-2026 17:14:36 [boincserver] Started upload of exp_20260916T165346Z_sjf_short_11_0_r1583456735_0
client-low-power-1  | 16-Sep-2026 17:13:58 [---]    suspend work if non-BOINC CPU load exceeds 25%
client-low-power-1  | 16-Sep-2026 17:13:58 [---]    (to change preferences, visit a project web site or select Preferences in the Manager)
mysql-1             | 2026-09-16 17:12:27 0 [Note] InnoDB: Using generic crc32 instructions
mysql-1             | 2026-09-16 17:12:27 0 [Note] InnoDB: Initializing buffer pool, total size = 256M, instances = 1, chunk size = 128M
mysql-1             | 2026-09-16 17:12:27 0 [Note] InnoDB: Completed initialization of buffer pool
mysql-1             | 2026-09-16 17:12:27 0 [Note] InnoDB: If the mysqld execution user is authorized, page cleaner thread priority can be changed. See the man page of setpriority().
client-cluster-1    | 16-Sep-2026 17:15:03 [boincserver] Reporting 3 completed tasks
client-cluster-1    | 16-Sep-2026 17:15:03 [boincserver] Requesting new tasks for CPU
client-low-power-1  | 16-Sep-2026 17:14:02 [http://boincserver.local/boincserver/] Fetching scheduler list
client-low-power-1  | 16-Sep-2026 17:14:04 [http://boincserver.local/boincserver/] Master file download succeeded
client-phone-2-1    | 16-Sep-2026 17:14:16 [boincserver] Sending scheduler request: To fetch work.
client-phone-2-1    | 16-Sep-2026 17:14:16 [boincserver] Requesting new tasks for CPU
client-phone-2-1    | 16-Sep-2026 17:14:18 [boincserver] Computation for task exp_20260916T165346Z_sjf_short_5_0 finished
client-phone-2-1    | 16-Sep-2026 17:14:18 [boincserver] Scheduler request completed: got 1 new tasks
client-phone-2-1    | 16-Sep-2026 17:14:18 [boincserver] Project requested delay of 7 seconds
client-phone-2-1    | 16-Sep-2026 17:14:20 [boincserver] Started upload of exp_20260916T165346Z_sjf_short_5_0_r1819952721_0
client-phone-2-1    | 16-Sep-2026 17:14:20 [boincserver] Elapsed time limit 50.000000 < 120.000000; setting to 43200.000000
mysql-1             | 2026-09-16 17:12:27 0 [Note] InnoDB: 128 out of 128 rollback segments are active.
mysql-1             | 2026-09-16 17:12:27 0 [Note] InnoDB: Creating shared tablespace for temporary tables
mysql-1             | 2026-09-16 17:12:27 0 [Note] InnoDB: Setting file './ibtmp1' size to 12 MB. Physically writing the file full; Please wait ...
mysql-1             | 2026-09-16 17:12:27 0 [Note] InnoDB: File './ibtmp1' size is now 12 MB.
client-phone-1      | 16-Sep-2026 17:15:23 [boincserver] Computation for task exp_20260916T165346Z_sjf_medium_2_0 finished
client-phone-1      | 16-Sep-2026 17:15:23 [boincserver] Starting task exp_20260916T165346Z_sjf_medium_12_0
client-desktop-1    | 16-Sep-2026 17:14:04 [http://boincserver.local/boincserver/] Requesting new tasks for CPU
client-desktop-1    | 16-Sep-2026 17:14:06 [boincserver] Scheduler request completed: got 1 new tasks
client-phone-2-1    | 16-Sep-2026 17:14:20 [boincserver] Starting task exp_20260916T165346Z_sjf_short_9_0
client-phone-2-1    | 16-Sep-2026 17:14:22 [boincserver] Finished upload of exp_20260916T165346Z_sjf_short_5_0_r1819952721_0
client-phone-2-1    | 16-Sep-2026 17:14:28 [boincserver] Sending scheduler request: To report completed tasks.
client-phone-2-1    | 16-Sep-2026 17:14:28 [boincserver] Reporting 1 completed tasks
client-phone-2-1    | 16-Sep-2026 17:14:28 [boincserver] Requesting new tasks for CPU
client-phone-2-1    | 16-Sep-2026 17:14:29 [boincserver] Computation for task exp_20260916T165346Z_sjf_short_9_0 finished
client-phone-2-1    | 16-Sep-2026 17:14:30 [boincserver] Scheduler request completed: got 1 new tasks
client-phone-2-1    | 16-Sep-2026 17:14:30 [boincserver] Project requested delay of 7 seconds
client-phone-2-1    | 16-Sep-2026 17:14:31 [boincserver] Started upload of exp_20260916T165346Z_sjf_short_9_0_r53785422_0
client-phone-2-1    | 16-Sep-2026 17:14:32 [boincserver] Starting task exp_20260916T165346Z_sjf_medium_3_0
client-phone-2-1    | 16-Sep-2026 17:14:33 [boincserver] Finished upload of exp_20260916T165346Z_sjf_short_9_0_r53785422_0
client-phone-1      | 16-Sep-2026 17:15:25 [boincserver] Started upload of exp_20260916T165346Z_sjf_medium_2_0_r1411348549_0
client-phone-1      | 16-Sep-2026 17:15:27 [boincserver] Finished upload of exp_20260916T165346Z_sjf_medium_2_0_r1411348549_0
client-phone-1      | 16-Sep-2026 17:15:31 [boincserver] Sending scheduler request: To report completed tasks.
client-phone-1      | 16-Sep-2026 17:15:31 [boincserver] Reporting 1 completed tasks
client-phone-1      | 16-Sep-2026 17:15:31 [boincserver] Requesting new tasks for CPU
client-cluster-1    | 16-Sep-2026 17:15:05 [boincserver] Scheduler request completed: got 0 new tasks
client-cluster-1    | 16-Sep-2026 17:15:05 [boincserver] Project has no tasks available
client-cluster-1    | 16-Sep-2026 17:15:05 [boincserver] Project requested delay of 7 seconds
client-cluster-1    | 16-Sep-2026 17:15:18 [boincserver] Sending scheduler request: To fetch work.
client-cluster-1    | 16-Sep-2026 17:15:18 [boincserver] Requesting new tasks for CPU
client-cluster-1    | 16-Sep-2026 17:15:20 [boincserver] Computation for task exp_20260916T165346Z_sjf_medium_1_0 finished
client-cluster-1    | 16-Sep-2026 17:15:20 [boincserver] Starting task exp_20260916T165346Z_sjf_long_4_0
client-low-power-1  | 16-Sep-2026 17:14:09 [http://boincserver.local/boincserver/] Sending scheduler request: Project initialization.
client-low-power-1  | 16-Sep-2026 17:14:09 [http://boincserver.local/boincserver/] Requesting new tasks for CPU
client-low-power-1  | 16-Sep-2026 17:14:11 [boincserver] Scheduler request completed: got 1 new tasks
client-low-power-1  | 16-Sep-2026 17:14:11 [boincserver] Project requested delay of 7 seconds
client-low-power-1  | 16-Sep-2026 17:14:13 [boincserver] Started download of hybrid_synthetic_1.0_aarch64-unknown-linux-gnu
client-low-power-1  | 16-Sep-2026 17:14:13 [boincserver] Started download of hybrid_synthetic_input.txt
client-low-power-1  | 16-Sep-2026 17:14:15 [boincserver] Finished download of hybrid_synthetic_1.0_aarch64-unknown-linux-gnu
client-low-power-1  | 16-Sep-2026 17:14:15 [boincserver] Finished download of hybrid_synthetic_input.txt
client-low-power-1  | 16-Sep-2026 17:14:15 [boincserver] Elapsed time limit 50.000000 < 120.000000; setting to 43200.000000
client-low-power-1  | 16-Sep-2026 17:14:15 [boincserver] Starting task exp_20260916T165346Z_sjf_short_6_0
client-phone-1      | 16-Sep-2026 17:15:38 [boincserver] Scheduler request completed: got 0 new tasks
client-phone-1      | 16-Sep-2026 17:15:38 [boincserver] Project has no tasks available
client-phone-1      | 16-Sep-2026 17:15:38 [boincserver] Project requested delay of 7 seconds
client-phone-1      | 16-Sep-2026 17:15:58 [boincserver] Sending scheduler request: To fetch work.
client-phone-1      | 16-Sep-2026 17:15:58 [boincserver] Requesting new tasks for CPU
client-low-power-1  | 16-Sep-2026 17:14:21 [boincserver] Sending scheduler request: To fetch work.
client-low-power-1  | 16-Sep-2026 17:14:21 [boincserver] Requesting new tasks for CPU
client-low-power-1  | 16-Sep-2026 17:14:23 [boincserver] Computation for task exp_20260916T165346Z_sjf_short_6_0 finished
client-low-power-1  | 16-Sep-2026 17:14:25 [boincserver] Started upload of exp_20260916T165346Z_sjf_short_6_0_r879097301_0
client-low-power-1  | 16-Sep-2026 17:14:27 [boincserver] Finished upload of exp_20260916T165346Z_sjf_short_6_0_r879097301_0
client-low-power-1  | 16-Sep-2026 17:14:28 [boincserver] Scheduler request completed: got 1 new tasks
client-phone-1      | 16-Sep-2026 17:16:00 [boincserver] Scheduler request completed: got 0 new tasks
client-phone-1      | 16-Sep-2026 17:16:00 [boincserver] Project has no tasks available
client-phone-1      | 16-Sep-2026 17:16:00 [boincserver] Project requested delay of 7 seconds
client-phone-1      | 16-Sep-2026 17:16:01 [boincserver] Computation for task exp_20260916T165346Z_sjf_medium_12_0 finished
client-phone-1      | 16-Sep-2026 17:16:03 [boincserver] Started upload of exp_20260916T165346Z_sjf_medium_12_0_r371888708_0
client-phone-1      | 16-Sep-2026 17:16:05 [boincserver] Finished upload of exp_20260916T165346Z_sjf_medium_12_0_r371888708_0
mysql-1             | 2026-09-16 17:12:27 0 [Note] InnoDB: Waiting for purge to start
client-low-power-1  | 16-Sep-2026 17:14:28 [boincserver] Project requested delay of 7 seconds
client-low-power-1  | 16-Sep-2026 17:14:30 [boincserver] Elapsed time limit 50.000000 < 120.000000; setting to 43200.000000
client-cluster-2-1  | 16-Sep-2026 17:14:36 [boincserver] Computation for task exp_20260916T165346Z_sjf_short_14_0 finished
client-cluster-2-1  | 16-Sep-2026 17:14:37 [boincserver] Finished upload of exp_20260916T165346Z_sjf_short_13_0_r1744491131_0
client-cluster-2-1  | 16-Sep-2026 17:14:37 [boincserver] Finished upload of exp_20260916T165346Z_sjf_short_11_0_r1583456735_0
client-phone-1      | 16-Sep-2026 17:16:10 [boincserver] Sending scheduler request: To report completed tasks.
client-phone-1      | 16-Sep-2026 17:16:10 [boincserver] Reporting 1 completed tasks
client-phone-1      | 16-Sep-2026 17:16:10 [boincserver] Requesting new tasks for CPU
client-phone-1      | 16-Sep-2026 17:16:12 [boincserver] Scheduler request completed: got 0 new tasks
client-phone-1      | 16-Sep-2026 17:16:12 [boincserver] Project has no tasks available
client-phone-1      | 16-Sep-2026 17:16:12 [boincserver] Project requested delay of 7 seconds
client-phone-1      | 16-Sep-2026 17:16:22 [boincserver] Sending scheduler request: To fetch work.
client-phone-1      | 16-Sep-2026 17:16:22 [boincserver] Requesting new tasks for CPU
client-desktop-1    | 16-Sep-2026 17:14:06 [boincserver] Project requested delay of 7 seconds
client-desktop-1    | 16-Sep-2026 17:14:08 [boincserver] Started download of hybrid_synthetic_1.0_aarch64-unknown-linux-gnu
client-desktop-1    | 16-Sep-2026 17:14:08 [boincserver] Started download of hybrid_synthetic_input.txt
client-cluster-2-1  | 16-Sep-2026 17:14:37 [boincserver] Started upload of exp_20260916T165346Z_sjf_short_12_0_r56719327_0
client-cluster-2-1  | 16-Sep-2026 17:14:50 [boincserver] Started upload of exp_20260916T165346Z_sjf_short_14_0_r256720078_0
client-cluster-2-1  | 16-Sep-2026 17:14:50 [boincserver] Scheduler request completed: got 4 new tasks
client-cluster-2-1  | 16-Sep-2026 17:14:50 [boincserver] Project requested delay of 7 seconds
client-cluster-2-1  | 16-Sep-2026 17:14:51 [boincserver] Finished upload of exp_20260916T165346Z_sjf_short_12_0_r56719327_0
client-cluster-2-1  | 16-Sep-2026 17:14:51 [boincserver] Finished upload of exp_20260916T165346Z_sjf_short_14_0_r256720078_0
client-cluster-2-1  | 16-Sep-2026 17:14:52 [boincserver] Starting task exp_20260916T165346Z_sjf_medium_7_0
client-cluster-2-1  | 16-Sep-2026 17:14:52 [boincserver] Starting task exp_20260916T165346Z_sjf_medium_4_0
client-cluster-2-1  | 16-Sep-2026 17:14:52 [boincserver] Starting task exp_20260916T165346Z_sjf_medium_6_0
client-cluster-2-1  | 16-Sep-2026 17:14:52 [boincserver] Starting task exp_20260916T165346Z_sjf_medium_8_0
client-cluster-2-1  | 16-Sep-2026 17:15:00 [boincserver] Sending scheduler request: To report completed tasks.
client-phone-2-1    | 16-Sep-2026 17:14:41 [boincserver] Sending scheduler request: To report completed tasks.
client-phone-2-1    | 16-Sep-2026 17:14:41 [boincserver] Reporting 1 completed tasks
mysql-1             | 2026-09-16 17:12:28 0 [Note] InnoDB: 10.3.8 started; log sequence number 1630815; transaction id 21
mysql-1             | 2026-09-16 17:12:28 0 [Note] InnoDB: Loading buffer pool(s) from /var/lib/mysql/ib_buffer_pool
client-phone-1      | 16-Sep-2026 17:16:36 [boincserver] Scheduler request completed: got 0 new tasks
client-phone-1      | 16-Sep-2026 17:16:36 [boincserver] Project has no tasks available
client-phone-1      | 16-Sep-2026 17:16:36 [boincserver] Project requested delay of 7 seconds
client-phone-2-1    | 16-Sep-2026 17:14:41 [boincserver] Requesting new tasks for CPU
client-phone-2-1    | 16-Sep-2026 17:14:43 [boincserver] Scheduler request completed: got 1 new tasks
client-phone-2-1    | 16-Sep-2026 17:14:43 [boincserver] Project requested delay of 7 seconds
client-phone-2-1    | 16-Sep-2026 17:14:53 [boincserver] Sending scheduler request: To fetch work.
client-phone-2-1    | 16-Sep-2026 17:14:53 [boincserver] Requesting new tasks for CPU
client-phone-2-1    | 16-Sep-2026 17:14:55 [boincserver] Scheduler request completed: got 0 new tasks
client-phone-2-1    | 16-Sep-2026 17:14:55 [boincserver] No tasks sent
client-phone-2-1    | 16-Sep-2026 17:14:55 [boincserver] This computer has reached a limit on tasks in progress
client-phone-2-1    | 16-Sep-2026 17:14:55 [boincserver] Project requested delay of 7 seconds
client-phone-2-1    | 16-Sep-2026 17:15:06 [boincserver] Computation for task exp_20260916T165346Z_sjf_medium_3_0 finished
client-phone-2-1    | 16-Sep-2026 17:15:06 [boincserver] Starting task exp_20260916T165346Z_sjf_medium_11_0
client-desktop-1    | 16-Sep-2026 17:14:10 [boincserver] Finished download of hybrid_synthetic_1.0_aarch64-unknown-linux-gnu
client-desktop-1    | 16-Sep-2026 17:14:10 [boincserver] Finished download of hybrid_synthetic_input.txt
client-desktop-1    | 16-Sep-2026 17:14:10 [boincserver] Elapsed time limit 50.000000 < 120.000000; setting to 43200.000000
client-low-power-1  | 16-Sep-2026 17:14:30 [boincserver] Starting task exp_20260916T165346Z_sjf_short_16_0
client-low-power-1  | 16-Sep-2026 17:14:37 [boincserver] Computation for task exp_20260916T165346Z_sjf_short_16_0 finished
client-low-power-1  | 16-Sep-2026 17:14:38 [boincserver] Sending scheduler request: To report completed tasks.
client-low-power-1  | 16-Sep-2026 17:14:38 [boincserver] Reporting 1 completed tasks
client-low-power-1  | 16-Sep-2026 17:14:38 [boincserver] Requesting new tasks for CPU
client-low-power-1  | 16-Sep-2026 17:14:39 [boincserver] Started upload of exp_20260916T165346Z_sjf_short_16_0_r962281008_0
client-low-power-1  | 16-Sep-2026 17:14:40 [boincserver] Finished upload of exp_20260916T165346Z_sjf_short_16_0_r962281008_0
client-low-power-1  | 16-Sep-2026 17:14:40 [boincserver] Scheduler request completed: got 1 new tasks
client-low-power-1  | 16-Sep-2026 17:14:40 [boincserver] Project requested delay of 7 seconds
client-low-power-1  | 16-Sep-2026 17:14:42 [boincserver] Starting task exp_20260916T165346Z_sjf_medium_10_0
client-low-power-1  | 16-Sep-2026 17:14:51 [boincserver] Sending scheduler request: To report completed tasks.
client-low-power-1  | 16-Sep-2026 17:14:51 [boincserver] Reporting 1 completed tasks
client-low-power-1  | 16-Sep-2026 17:14:51 [boincserver] Requesting new tasks for CPU
client-low-power-1  | 16-Sep-2026 17:14:53 [boincserver] Scheduler request completed: got 1 new tasks
client-low-power-1  | 16-Sep-2026 17:14:53 [boincserver] Project requested delay of 7 seconds
mysql-1             | 2026-09-16 17:12:28 0 [Note] Plugin 'FEEDBACK' is disabled.
mysql-1             | 2026-09-16 17:12:28 0 [Note] InnoDB: Buffer pool(s) load completed at 260916 17:12:28
client-phone-2-1    | 16-Sep-2026 17:15:08 [boincserver] Started upload of exp_20260916T165346Z_sjf_medium_3_0_r312422049_0
client-phone-2-1    | 16-Sep-2026 17:15:10 [boincserver] Finished upload of exp_20260916T165346Z_sjf_medium_3_0_r312422049_0
client-phone-2-1    | 16-Sep-2026 17:15:10 [boincserver] Sending scheduler request: To report completed tasks.
client-cluster-2-1  | 16-Sep-2026 17:15:00 [boincserver] Reporting 4 completed tasks
client-cluster-2-1  | 16-Sep-2026 17:15:00 [boincserver] Requesting new tasks for CPU
mysql-1             | 2026-09-16 17:12:28 0 [Warning] 'user' entry 'root@d4b4eccf5330' ignored in --skip-name-resolve mode.
mysql-1             | 2026-09-16 17:12:28 0 [Warning] 'user' entry '@d4b4eccf5330' ignored in --skip-name-resolve mode.
client-low-power-1  | 16-Sep-2026 17:15:11 [boincserver] Sending scheduler request: To fetch work.
client-low-power-1  | 16-Sep-2026 17:15:11 [boincserver] Requesting new tasks for CPU
client-low-power-1  | 16-Sep-2026 17:15:13 [boincserver] Scheduler request completed: got 0 new tasks
client-low-power-1  | 16-Sep-2026 17:15:13 [boincserver] Project has no tasks available
client-low-power-1  | 16-Sep-2026 17:15:13 [boincserver] Project requested delay of 7 seconds
client-low-power-1  | 16-Sep-2026 17:15:15 [boincserver] Computation for task exp_20260916T165346Z_sjf_medium_10_0 finished
client-low-power-1  | 16-Sep-2026 17:15:15 [boincserver] Starting task exp_20260916T165346Z_sjf_long_1_0
client-low-power-1  | 16-Sep-2026 17:15:17 [boincserver] Started upload of exp_20260916T165346Z_sjf_medium_10_0_r241062019_0
client-cluster-2-1  | 16-Sep-2026 17:15:02 [boincserver] Scheduler request completed: got 1 new tasks
client-cluster-2-1  | 16-Sep-2026 17:15:02 [boincserver] Project requested delay of 7 seconds
client-cluster-2-1  | 16-Sep-2026 17:15:12 [boincserver] Sending scheduler request: To fetch work.
client-cluster-2-1  | 16-Sep-2026 17:15:12 [boincserver] Requesting new tasks for CPU
client-cluster-2-1  | 16-Sep-2026 17:15:14 [boincserver] Scheduler request completed: got 0 new tasks
client-cluster-2-1  | 16-Sep-2026 17:15:14 [boincserver] Project has no tasks available
client-cluster-2-1  | 16-Sep-2026 17:15:14 [boincserver] Project requested delay of 7 seconds
mysql-1             | 2026-09-16 17:12:28 0 [Warning] 'proxies_priv' entry '@% root@d4b4eccf5330' ignored in --skip-name-resolve mode.
mysql-1             | 2026-09-16 17:12:28 0 [Note] Reading of all Master_info entries succeded
mysql-1             | 2026-09-16 17:12:28 0 [Note] Added new Master_info '' to hash table
mysql-1             | 2026-09-16 17:12:28 0 [Note] mysqld: ready for connections.
mysql-1             | Version: '10.3.8-MariaDB-1:10.3.8+maria~bionic'  socket: '/var/run/mysqld/mysqld.sock'  port: 0  mariadb.org binary distribution
mysql-1             | Warning: Unable to load '/usr/share/zoneinfo/leap-seconds.list' as time zone. Skipping it.
mysql-1             | 2026-09-16 17:12:29 10 [Warning] 'proxies_priv' entry '@% root@d4b4eccf5330' ignored in --skip-name-resolve mode.
mysql-1             | 
client-desktop-1    | 16-Sep-2026 17:14:10 [boincserver] Starting task exp_20260916T165346Z_sjf_short_4_0
client-desktop-1    | 16-Sep-2026 17:14:16 [boincserver] Sending scheduler request: To fetch work.
client-cluster-2-1  | 16-Sep-2026 17:15:30 [boincserver] Computation for task exp_20260916T165346Z_sjf_medium_7_0 finished
client-phone-2-1    | 16-Sep-2026 17:15:10 [boincserver] Reporting 1 completed tasks
client-phone-2-1    | 16-Sep-2026 17:15:10 [boincserver] Requesting new tasks for CPU
client-cluster-1    | 16-Sep-2026 17:15:22 [boincserver] Started upload of exp_20260916T165346Z_sjf_medium_1_0_r2056104082_0
client-cluster-1    | 16-Sep-2026 17:15:24 [boincserver] Finished upload of exp_20260916T165346Z_sjf_medium_1_0_r2056104082_0
client-cluster-1    | 16-Sep-2026 17:15:25 [boincserver] Scheduler request completed: got 0 new tasks
client-cluster-1    | 16-Sep-2026 17:15:25 [boincserver] Project has no tasks available
client-cluster-1    | 16-Sep-2026 17:15:25 [boincserver] Project requested delay of 7 seconds
client-cluster-1    | 16-Sep-2026 17:15:35 [boincserver] Sending scheduler request: To report completed tasks.
client-cluster-1    | 16-Sep-2026 17:15:35 [boincserver] Reporting 1 completed tasks
client-cluster-1    | 16-Sep-2026 17:15:35 [boincserver] Requesting new tasks for CPU
client-cluster-1    | 16-Sep-2026 17:15:42 [boincserver] Scheduler request completed: got 0 new tasks
client-cluster-1    | 16-Sep-2026 17:15:42 [boincserver] Project has no tasks available
client-cluster-1    | 16-Sep-2026 17:15:42 [boincserver] Project requested delay of 7 seconds
client-cluster-1    | 16-Sep-2026 17:16:57 [boincserver] Computation for task exp_20260916T165346Z_sjf_long_5_0 finished
client-cluster-1    | 16-Sep-2026 17:17:11 [boincserver] Computation for task exp_20260916T165346Z_sjf_long_3_0 finished
client-low-power-1  | 16-Sep-2026 17:15:19 [boincserver] Finished upload of exp_20260916T165346Z_sjf_medium_10_0_r241062019_0
client-low-power-1  | 16-Sep-2026 17:15:23 [boincserver] Sending scheduler request: To report completed tasks.
client-phone-2-1    | 16-Sep-2026 17:15:12 [boincserver] Scheduler request completed: got 0 new tasks
client-phone-2-1    | 16-Sep-2026 17:15:12 [boincserver] Project has no tasks available
client-phone-2-1    | 16-Sep-2026 17:15:12 [boincserver] Project requested delay of 7 seconds
client-phone-2-1    | 16-Sep-2026 17:15:31 [boincserver] Sending scheduler request: To fetch work.
client-phone-2-1    | 16-Sep-2026 17:15:31 [boincserver] Requesting new tasks for CPU
client-phone-2-1    | 16-Sep-2026 17:15:33 [boincserver] Scheduler request completed: got 0 new tasks
mysql-1             | 2026-09-16 17:12:29 0 [Note] mysqld (initiated by: unknown): Normal shutdown
mysql-1             | 2026-09-16 17:12:29 0 [Note] Event Scheduler: Purging the queue. 0 events
client-cluster-2-1  | 16-Sep-2026 17:15:30 [boincserver] Starting task exp_20260916T165346Z_sjf_long_6_0
client-cluster-2-1  | 16-Sep-2026 17:15:31 [boincserver] Computation for task exp_20260916T165346Z_sjf_medium_4_0 finished
client-cluster-2-1  | 16-Sep-2026 17:15:32 [boincserver] Started upload of exp_20260916T165346Z_sjf_medium_7_0_r1976835313_0
client-cluster-2-1  | 16-Sep-2026 17:15:32 [boincserver] Computation for task exp_20260916T165346Z_sjf_medium_6_0 finished
client-cluster-2-1  | 16-Sep-2026 17:15:33 [boincserver] Started upload of exp_20260916T165346Z_sjf_medium_4_0_r2003138363_0
client-cluster-2-1  | 16-Sep-2026 17:15:33 [boincserver] Computation for task exp_20260916T165346Z_sjf_medium_8_0 finished
client-low-power-1  | 16-Sep-2026 17:15:23 [boincserver] Reporting 1 completed tasks
client-low-power-1  | 16-Sep-2026 17:15:23 [boincserver] Requesting new tasks for CPU
client-cluster-1    | 16-Sep-2026 17:17:12 [boincserver] Started upload of exp_20260916T165346Z_sjf_long_5_0_r589014771_0
client-cluster-1    | 16-Sep-2026 17:17:12 [boincserver] Computation for task exp_20260916T165346Z_sjf_long_2_0 finished
client-cluster-1    | 16-Sep-2026 17:17:13 [boincserver] Started upload of exp_20260916T165346Z_sjf_long_3_0_r1350984220_0
client-desktop-1    | 16-Sep-2026 17:14:16 [boincserver] Requesting new tasks for CPU
client-desktop-1    | 16-Sep-2026 17:14:18 [boincserver] Computation for task exp_20260916T165346Z_sjf_short_4_0 finished
client-desktop-1    | 16-Sep-2026 17:14:20 [boincserver] Started upload of exp_20260916T165346Z_sjf_short_4_0_r665398192_0
client-desktop-1    | 16-Sep-2026 17:14:22 [boincserver] Finished upload of exp_20260916T165346Z_sjf_short_4_0_r665398192_0
client-desktop-1    | 16-Sep-2026 17:14:23 [boincserver] Scheduler request completed: got 2 new tasks
client-desktop-1    | 16-Sep-2026 17:14:23 [boincserver] Project requested delay of 7 seconds
client-desktop-1    | 16-Sep-2026 17:14:25 [boincserver] Elapsed time limit 50.000000 < 120.000000; setting to 43200.000000
client-phone-2-1    | 16-Sep-2026 17:15:33 [boincserver] Project has no tasks available
client-phone-2-1    | 16-Sep-2026 17:15:33 [boincserver] Project requested delay of 7 seconds
client-phone-2-1    | 16-Sep-2026 17:15:40 [boincserver] Computation for task exp_20260916T165346Z_sjf_medium_11_0 finished
client-phone-2-1    | 16-Sep-2026 17:15:42 [boincserver] Started upload of exp_20260916T165346Z_sjf_medium_11_0_r947731610_0
client-phone-2-1    | 16-Sep-2026 17:15:44 [boincserver] Finished upload of exp_20260916T165346Z_sjf_medium_11_0_r947731610_0
client-phone-2-1    | 16-Sep-2026 17:15:48 [boincserver] Sending scheduler request: To report completed tasks.
client-phone-2-1    | 16-Sep-2026 17:15:48 [boincserver] Reporting 1 completed tasks
client-phone-2-1    | 16-Sep-2026 17:15:48 [boincserver] Requesting new tasks for CPU
client-phone-2-1    | 16-Sep-2026 17:15:50 [boincserver] Scheduler request completed: got 0 new tasks
client-phone-2-1    | 16-Sep-2026 17:15:50 [boincserver] Project has no tasks available
client-phone-2-1    | 16-Sep-2026 17:15:50 [boincserver] Project requested delay of 7 seconds
client-phone-2-1    | 16-Sep-2026 17:16:08 [boincserver] Sending scheduler request: To fetch work.
client-phone-2-1    | 16-Sep-2026 17:16:08 [boincserver] Requesting new tasks for CPU
client-low-power-1  | 16-Sep-2026 17:15:25 [boincserver] Scheduler request completed: got 0 new tasks
client-low-power-1  | 16-Sep-2026 17:15:25 [boincserver] Project has no tasks available
client-low-power-1  | 16-Sep-2026 17:15:25 [boincserver] Project requested delay of 7 seconds
client-low-power-1  | 16-Sep-2026 17:15:35 [boincserver] Sending scheduler request: To fetch work.
mysql-1             | 2026-09-16 17:12:29 0 [Note] InnoDB: FTS optimize thread exiting.
mysql-1             | 2026-09-16 17:12:29 0 [Note] InnoDB: Starting shutdown...
mysql-1             | 2026-09-16 17:12:29 0 [Note] InnoDB: Dumping buffer pool(s) to /var/lib/mysql/ib_buffer_pool
client-cluster-1    | 16-Sep-2026 17:17:14 [boincserver] Finished upload of exp_20260916T165346Z_sjf_long_5_0_r589014771_0
client-cluster-1    | 16-Sep-2026 17:17:14 [boincserver] Finished upload of exp_20260916T165346Z_sjf_long_3_0_r1350984220_0
client-cluster-1    | 16-Sep-2026 17:17:14 [boincserver] Started upload of exp_20260916T165346Z_sjf_long_2_0_r600641468_0
client-cluster-1    | 16-Sep-2026 17:17:16 [boincserver] Finished upload of exp_20260916T165346Z_sjf_long_2_0_r600641468_0
client-desktop-1    | 16-Sep-2026 17:14:25 [boincserver] Elapsed time limit 50.000000 < 120.000000; setting to 43200.000000
mysql-1             | 2026-09-16 17:12:29 0 [Note] InnoDB: Buffer pool(s) dump completed at 260916 17:12:29
mysql-1             | 2026-09-16 17:12:30 0 [Note] InnoDB: Shutdown completed; log sequence number 1630824; transaction id 24
mysql-1             | 2026-09-16 17:12:30 0 [Note] InnoDB: Removed temporary tablespace data file: "ibtmp1"
mysql-1             | 2026-09-16 17:12:30 0 [Note] mysqld: Shutdown complete
mysql-1             | 
mysql-1             | 
mysql-1             | MySQL init process done. Ready for start up.
client-desktop-1    | 16-Sep-2026 17:14:25 [boincserver] Starting task exp_20260916T165346Z_sjf_short_15_0
client-desktop-1    | 16-Sep-2026 17:14:25 [boincserver] Starting task exp_20260916T165346Z_sjf_short_8_0
client-cluster-2-1  | 16-Sep-2026 17:15:34 [boincserver] Finished upload of exp_20260916T165346Z_sjf_medium_7_0_r1976835313_0
client-cluster-2-1  | 16-Sep-2026 17:15:34 [boincserver] Finished upload of exp_20260916T165346Z_sjf_medium_4_0_r2003138363_0
client-cluster-2-1  | 16-Sep-2026 17:15:34 [boincserver] Started upload of exp_20260916T165346Z_sjf_medium_6_0_r1439045804_0
client-cluster-2-1  | 16-Sep-2026 17:15:35 [boincserver] Started upload of exp_20260916T165346Z_sjf_medium_8_0_r1854410338_0
client-low-power-1  | 16-Sep-2026 17:15:35 [boincserver] Requesting new tasks for CPU
client-low-power-1  | 16-Sep-2026 17:15:49 [boincserver] Scheduler request completed: got 0 new tasks
client-low-power-1  | 16-Sep-2026 17:15:49 [boincserver] Project has no tasks available
client-low-power-1  | 16-Sep-2026 17:15:49 [boincserver] Project requested delay of 7 seconds
client-low-power-1  | 16-Sep-2026 17:17:18 [boincserver] Computation for task exp_20260916T165346Z_sjf_long_1_0 finished
client-cluster-2-1  | 16-Sep-2026 17:15:36 [boincserver] Finished upload of exp_20260916T165346Z_sjf_medium_6_0_r1439045804_0
client-cluster-2-1  | 16-Sep-2026 17:15:36 [boincserver] Finished upload of exp_20260916T165346Z_sjf_medium_8_0_r1854410338_0
client-cluster-2-1  | 16-Sep-2026 17:15:38 [boincserver] Sending scheduler request: To report completed tasks.
client-cluster-1    | 16-Sep-2026 17:17:16 [boincserver] Sending scheduler request: To report completed tasks.
client-cluster-1    | 16-Sep-2026 17:17:16 [boincserver] Reporting 3 completed tasks
client-cluster-1    | 16-Sep-2026 17:17:16 [boincserver] Requesting new tasks for CPU
client-cluster-1    | 16-Sep-2026 17:17:18 [boincserver] Scheduler request completed: got 0 new tasks
client-cluster-1    | 16-Sep-2026 17:17:18 [boincserver] Project has no tasks available
client-cluster-2-1  | 16-Sep-2026 17:15:38 [boincserver] Reporting 4 completed tasks
client-cluster-2-1  | 16-Sep-2026 17:15:38 [boincserver] Requesting new tasks for CPU
client-low-power-1  | 16-Sep-2026 17:17:20 [boincserver] Started upload of exp_20260916T165346Z_sjf_long_1_0_r230623845_0
client-low-power-1  | 16-Sep-2026 17:17:22 [boincserver] Finished upload of exp_20260916T165346Z_sjf_long_1_0_r230623845_0
client-low-power-1  | 16-Sep-2026 17:17:24 [boincserver] Sending scheduler request: To report completed tasks.
client-low-power-1  | 16-Sep-2026 17:17:24 [boincserver] Reporting 1 completed tasks
client-low-power-1  | 16-Sep-2026 17:17:24 [boincserver] Requesting new tasks for CPU
client-cluster-2-1  | 16-Sep-2026 17:15:40 [boincserver] Scheduler request completed: got 0 new tasks
client-cluster-2-1  | 16-Sep-2026 17:15:40 [boincserver] Project has no tasks available
client-cluster-2-1  | 16-Sep-2026 17:15:40 [boincserver] Project requested delay of 7 seconds
client-cluster-2-1  | 16-Sep-2026 17:15:50 [boincserver] Sending scheduler request: To fetch work.
client-cluster-2-1  | 16-Sep-2026 17:15:50 [boincserver] Requesting new tasks for CPU
client-cluster-2-1  | 16-Sep-2026 17:16:05 [boincserver] Scheduler request completed: got 0 new tasks
client-cluster-2-1  | 16-Sep-2026 17:16:05 [boincserver] Project has no tasks available
client-cluster-2-1  | 16-Sep-2026 17:16:05 [boincserver] Project requested delay of 7 seconds
client-cluster-2-1  | 16-Sep-2026 17:17:33 [boincserver] Computation for task exp_20260916T165346Z_sjf_long_6_0 finished
client-cluster-2-1  | 16-Sep-2026 17:17:35 [boincserver] Started upload of exp_20260916T165346Z_sjf_long_6_0_r274943321_0
client-cluster-2-1  | 16-Sep-2026 17:17:37 [boincserver] Finished upload of exp_20260916T165346Z_sjf_long_6_0_r274943321_0
client-desktop-1    | 16-Sep-2026 17:14:33 [boincserver] Computation for task exp_20260916T165346Z_sjf_short_15_0 finished
client-desktop-1    | 16-Sep-2026 17:14:33 [boincserver] Sending scheduler request: To report completed tasks.
client-cluster-1    | 16-Sep-2026 17:17:18 [boincserver] Project requested delay of 7 seconds
client-cluster-1    | 16-Sep-2026 17:17:23 [boincserver] Computation for task exp_20260916T165346Z_sjf_long_4_0 finished
client-low-power-1  | 16-Sep-2026 17:17:40 [boincserver] Scheduler request completed: got 0 new tasks
client-low-power-1  | 16-Sep-2026 17:17:40 [boincserver] Project has no tasks available
mysql-1             | 
mysql-1             | 2026-09-16 17:12:30 0 [Note] mysqld (mysqld 10.3.8-MariaDB-1:10.3.8+maria~bionic) starting as process 1 ...
mysql-1             | 2026-09-16 17:12:30 0 [Note] InnoDB: Using Linux native AIO
mysql-1             | 2026-09-16 17:12:30 0 [Note] InnoDB: Mutexes and rw_locks use GCC atomic builtins
mysql-1             | 2026-09-16 17:12:30 0 [Note] InnoDB: Uses event mutexes
mysql-1             | 2026-09-16 17:12:30 0 [Note] InnoDB: Compressed tables use zlib 1.2.11
mysql-1             | 2026-09-16 17:12:30 0 [Note] InnoDB: Number of pools: 1
mysql-1             | 2026-09-16 17:12:30 0 [Note] InnoDB: Using generic crc32 instructions
mysql-1             | 2026-09-16 17:12:30 0 [Note] InnoDB: Initializing buffer pool, total size = 256M, instances = 1, chunk size = 128M
mysql-1             | 2026-09-16 17:12:30 0 [Note] InnoDB: Completed initialization of buffer pool
mysql-1             | 2026-09-16 17:12:30 0 [Note] InnoDB: If the mysqld execution user is authorized, page cleaner thread priority can be changed. See the man page of setpriority().
mysql-1             | 2026-09-16 17:12:30 0 [Note] InnoDB: 128 out of 128 rollback segments are active.
mysql-1             | 2026-09-16 17:12:30 0 [Note] InnoDB: Creating shared tablespace for temporary tables
mysql-1             | 2026-09-16 17:12:30 0 [Note] InnoDB: Setting file './ibtmp1' size to 12 MB. Physically writing the file full; Please wait ...
mysql-1             | 2026-09-16 17:12:30 0 [Note] InnoDB: File './ibtmp1' size is now 12 MB.
client-cluster-2-1  | 16-Sep-2026 17:17:41 [boincserver] Sending scheduler request: To report completed tasks.
client-cluster-2-1  | 16-Sep-2026 17:17:41 [boincserver] Reporting 1 completed tasks
client-cluster-2-1  | 16-Sep-2026 17:17:41 [boincserver] Requesting new tasks for CPU
client-cluster-1    | 16-Sep-2026 17:17:25 [boincserver] Started upload of exp_20260916T165346Z_sjf_long_4_0_r1667901139_0
client-cluster-1    | 16-Sep-2026 17:17:27 [boincserver] Finished upload of exp_20260916T165346Z_sjf_long_4_0_r1667901139_0
client-cluster-1    | 16-Sep-2026 17:17:28 [boincserver] Sending scheduler request: To report completed tasks.
client-cluster-1    | 16-Sep-2026 17:17:28 [boincserver] Reporting 1 completed tasks
client-cluster-1    | 16-Sep-2026 17:17:28 [boincserver] Requesting new tasks for CPU
client-cluster-1    | 16-Sep-2026 17:17:30 [boincserver] Scheduler request completed: got 0 new tasks
client-cluster-1    | 16-Sep-2026 17:17:30 [boincserver] Project has no tasks available
client-cluster-1    | 16-Sep-2026 17:17:30 [boincserver] Project requested delay of 7 seconds
client-cluster-1    | 16-Sep-2026 17:17:48 [boincserver] Sending scheduler request: To fetch work.
client-cluster-1    | 16-Sep-2026 17:17:48 [boincserver] Requesting new tasks for CPU
client-cluster-1    | 16-Sep-2026 17:17:50 [boincserver] Scheduler request completed: got 0 new tasks
mysql-1             | 2026-09-16 17:12:30 0 [Note] InnoDB: 10.3.8 started; log sequence number 1630824; transaction id 21
mysql-1             | 2026-09-16 17:12:30 0 [Note] InnoDB: Loading buffer pool(s) from /var/lib/mysql/ib_buffer_pool
mysql-1             | 2026-09-16 17:12:30 0 [Note] Plugin 'FEEDBACK' is disabled.
mysql-1             | 2026-09-16 17:12:30 0 [Note] InnoDB: Buffer pool(s) load completed at 260916 17:12:30
mysql-1             | 2026-09-16 17:12:30 0 [Note] Server socket created on IP: '::'.
mysql-1             | 2026-09-16 17:12:30 0 [Warning] 'proxies_priv' entry '@% root@d4b4eccf5330' ignored in --skip-name-resolve mode.
mysql-1             | 2026-09-16 17:12:30 0 [Note] Reading of all Master_info entries succeded
mysql-1             | 2026-09-16 17:12:30 0 [Note] Added new Master_info '' to hash table
mysql-1             | 2026-09-16 17:12:30 0 [Note] mysqld: ready for connections.
mysql-1             | Version: '10.3.8-MariaDB-1:10.3.8+maria~bionic'  socket: '/var/run/mysqld/mysqld.sock'  port: 3306  mariadb.org binary distribution
mysql-1             | 2026-09-16 17:12:31 8 [Warning] Access denied for user 'boincadm'@'172.21.0.3' (using password: NO)
mysql-1             | 2026-09-16 17:12:40 20 [Warning] Aborted connection 20 to db: 'boincserver' user: 'root' host: '172.21.0.4' (Got an error reading communication packets)
mysql-1             | 2026-09-16 17:12:40 21 [Warning] Aborted connection 21 to db: 'boincserver' user: 'root' host: '172.21.0.4' (Got an error reading communication packets)
mysql-1             | 2026-09-16 17:12:40 15 [Warning] Aborted connection 15 to db: 'boincserver' user: 'root' host: '172.21.0.4' (Got an error reading communication packets)
mysql-1             | 2026-09-16 17:15:01 124 [Warning] Aborted connection 124 to db: 'boincserver' user: 'root' host: '172.21.0.4' (Got an error reading communication packets)
mysql-1             | 2026-09-16 17:15:01 126 [Warning] Aborted connection 126 to db: 'boincserver' user: 'root' host: '172.21.0.4' (Got an error reading communication packets)
client-low-power-1  | 16-Sep-2026 17:17:40 [boincserver] Project requested delay of 7 seconds
client-low-power-1  | 16-Sep-2026 17:17:50 [boincserver] Sending scheduler request: To fetch work.
client-low-power-1  | 16-Sep-2026 17:17:50 [boincserver] Requesting new tasks for CPU
client-low-power-1  | 16-Sep-2026 17:17:52 [boincserver] Scheduler request completed: got 0 new tasks
client-low-power-1  | 16-Sep-2026 17:17:52 [boincserver] Project has no tasks available
client-low-power-1  | 16-Sep-2026 17:17:52 [boincserver] Project requested delay of 7 seconds
client-phone-2-1    | 16-Sep-2026 17:16:10 [boincserver] Scheduler request completed: got 0 new tasks
client-phone-2-1    | 16-Sep-2026 17:16:10 [boincserver] Project has no tasks available
client-phone-2-1    | 16-Sep-2026 17:16:10 [boincserver] Project requested delay of 7 seconds
client-desktop-1    | 16-Sep-2026 17:14:33 [boincserver] Reporting 1 completed tasks
client-desktop-1    | 16-Sep-2026 17:14:33 [boincserver] Requesting new tasks for CPU
client-desktop-1    | 16-Sep-2026 17:14:34 [boincserver] Computation for task exp_20260916T165346Z_sjf_short_8_0 finished
client-desktop-1    | 16-Sep-2026 17:14:35 [boincserver] Started upload of exp_20260916T165346Z_sjf_short_15_0_r1690097535_0
client-desktop-1    | 16-Sep-2026 17:14:36 [boincserver] Started upload of exp_20260916T165346Z_sjf_short_8_0_r2044311831_0
client-desktop-1    | 16-Sep-2026 17:14:37 [boincserver] Finished upload of exp_20260916T165346Z_sjf_short_15_0_r1690097535_0
client-desktop-1    | 16-Sep-2026 17:14:37 [boincserver] Finished upload of exp_20260916T165346Z_sjf_short_8_0_r2044311831_0
client-cluster-1    | 16-Sep-2026 17:17:50 [boincserver] Project has no tasks available
client-cluster-1    | 16-Sep-2026 17:17:50 [boincserver] Project requested delay of 7 seconds
client-cluster-2-1  | 16-Sep-2026 17:17:53 [boincserver] Scheduler request completed: got 0 new tasks
client-cluster-2-1  | 16-Sep-2026 17:17:53 [boincserver] Project has no tasks available
client-desktop-1    | 16-Sep-2026 17:14:40 [boincserver] Scheduler request completed: got 2 new tasks
client-desktop-1    | 16-Sep-2026 17:14:40 [boincserver] Project requested delay of 7 seconds
client-desktop-1    | 16-Sep-2026 17:14:42 [boincserver] Starting task exp_20260916T165346Z_sjf_medium_5_0
client-desktop-1    | 16-Sep-2026 17:14:42 [boincserver] Starting task exp_20260916T165346Z_sjf_medium_9_0
client-cluster-2-1  | 16-Sep-2026 17:17:53 [boincserver] Project requested delay of 7 seconds
client-desktop-1    | 16-Sep-2026 17:15:01 [boincserver] Sending scheduler request: To report completed tasks.
client-desktop-1    | 16-Sep-2026 17:15:01 [boincserver] Reporting 2 completed tasks
client-desktop-1    | 16-Sep-2026 17:15:01 [boincserver] Requesting new tasks for CPU
client-desktop-1    | 16-Sep-2026 17:15:03 [boincserver] Scheduler request completed: got 0 new tasks
client-desktop-1    | 16-Sep-2026 17:15:03 [boincserver] Project has no tasks available
client-desktop-1    | 16-Sep-2026 17:15:03 [boincserver] Project requested delay of 7 seconds
client-desktop-1    | 16-Sep-2026 17:15:13 [boincserver] Sending scheduler request: To fetch work.
client-desktop-1    | 16-Sep-2026 17:15:13 [boincserver] Requesting new tasks for CPU
client-desktop-1    | 16-Sep-2026 17:15:15 [boincserver] Scheduler request completed: got 0 new tasks
client-desktop-1    | 16-Sep-2026 17:15:15 [boincserver] Project has no tasks available
client-desktop-1    | 16-Sep-2026 17:15:15 [boincserver] Project requested delay of 7 seconds
client-desktop-1    | 16-Sep-2026 17:15:16 [boincserver] Computation for task exp_20260916T165346Z_sjf_medium_5_0 finished
client-desktop-1    | 16-Sep-2026 17:15:17 [boincserver] Computation for task exp_20260916T165346Z_sjf_medium_9_0 finished
client-desktop-1    | 16-Sep-2026 17:15:18 [boincserver] Started upload of exp_20260916T165346Z_sjf_medium_5_0_r431452668_0
client-desktop-1    | 16-Sep-2026 17:15:19 [boincserver] Started upload of exp_20260916T165346Z_sjf_medium_9_0_r1399370848_0
client-desktop-1    | 16-Sep-2026 17:15:20 [boincserver] Finished upload of exp_20260916T165346Z_sjf_medium_5_0_r431452668_0
client-desktop-1    | 16-Sep-2026 17:15:20 [boincserver] Finished upload of exp_20260916T165346Z_sjf_medium_9_0_r1399370848_0
client-desktop-1    | 16-Sep-2026 17:15:25 [boincserver] Sending scheduler request: To report completed tasks.
client-desktop-1    | 16-Sep-2026 17:15:25 [boincserver] Reporting 2 completed tasks
client-desktop-1    | 16-Sep-2026 17:15:25 [boincserver] Requesting new tasks for CPU
client-desktop-1    | 16-Sep-2026 17:15:39 [boincserver] Scheduler request completed: got 0 new tasks
client-desktop-1    | 16-Sep-2026 17:15:39 [boincserver] Project has no tasks available
client-desktop-1    | 16-Sep-2026 17:15:39 [boincserver] Project requested delay of 7 seconds
client-desktop-1    | 16-Sep-2026 17:15:49 [boincserver] Sending scheduler request: To fetch work.
client-desktop-1    | 16-Sep-2026 17:15:49 [boincserver] Requesting new tasks for CPU
client-desktop-1    | 16-Sep-2026 17:15:55 [boincserver] Scheduler request completed: got 0 new tasks
client-desktop-1    | 16-Sep-2026 17:15:55 [boincserver] Project has no tasks available
client-desktop-1    | 16-Sep-2026 17:15:55 [boincserver] Project requested delay of 7 seconds
