client-cluster-2-1  | 16-Sep-2026 17:27:09 [---] Starting BOINC client version 7.20.5 for aarch64-unknown-linux-gnu
client-cluster-2-1  | 16-Sep-2026 17:27:09 [---] This a development version of BOINC and may not function properly
client-cluster-2-1  | 16-Sep-2026 17:27:09 [---] log flags: file_xfer, sched_ops, task
client-cluster-2-1  | 16-Sep-2026 17:27:09 [---] Libraries: libcurl/7.88.1 OpenSSL/3.0.20 zlib/1.2.13 brotli/1.0.9 zstd/1.5.4 libidn2/2.3.3 libpsl/0.21.2 (+libidn2/2.3.3) libssh2/1.10.0 nghttp2/1.52.0 librtmp/2.3 OpenLDAP/2.5.13
client-cluster-2-1  | 16-Sep-2026 17:27:09 [---] Data directory: /var/lib/boinc-client
client-cluster-2-1  | 16-Sep-2026 17:27:09 [---] No usable GPUs found
client-cluster-2-1  | 16-Sep-2026 17:27:09 [---] Creating new client state file
client-cluster-2-1  | 16-Sep-2026 17:27:09 [---] libc:  version 2.36
client-cluster-2-1  | 16-Sep-2026 17:27:09 [---] Host name: cluster-02
client-cluster-2-1  | 16-Sep-2026 17:27:09 [---] Processor: 4 ARM  [Impl 0x61 Arch 8 Variant 0x0 Part 0x000 Rev 0]
client-cluster-2-1  | 16-Sep-2026 17:27:09 [---] Processor features: fp asimd evtstrm aes pmull sha1 sha2 crc32 atomics fphp asimdhp cpuid asimdrdm jscvt fcma lrcpc dcpop sha3 asimddp sha512 asimdfhm dit uscat ilrcpc flagm sb paca pacg dcpodp flagm2 frint i8mm bf16 bti afp
client-cluster-2-1  | 16-Sep-2026 17:27:09 [---] OS: Linux Debian GNU/Linux: Debian GNU/Linux 12 (bookworm) [6.8.0-100-generic|libc 2.36]
client-desktop-1    | 16-Sep-2026 17:27:09 [---] Starting BOINC client version 7.20.5 for aarch64-unknown-linux-gnu
client-desktop-1    | 16-Sep-2026 17:27:09 [---] This a development version of BOINC and may not function properly
client-cluster-2-1  | 16-Sep-2026 17:27:09 [---] Memory: 9.69 GB physical, 0 bytes virtual
makeproject-1       | Updating project files in data volume...
makeproject-1       | Waiting for MySQL server to start...
makeproject-1       | Creating database...
apache-1            | /usr/lib/python2.7/dist-packages/supervisor/options.py:461: UserWarning: Supervisord is running as root and it is searching for its configuration file in default locations (including its current working directory); you probably want to specify a "-c" argument specifying an absolute path to a configuration file for improved security.
apache-1            |   'Supervisord is running as root and it is searching '
apache-1            | 2026-09-16 17:25:38,647 CRIT Supervisor is running as root.  Privileges were not dropped because no user is specified in the config file.  If you intend to run as root, you can set user=root in the config file to avoid this message.
apache-1            | 2026-09-16 17:25:38,647 INFO Included extra file "/etc/supervisor/conf.d/supervisord.conf" during parsing
apache-1            | 2026-09-16 17:25:38,651 INFO RPC interface 'supervisor' initialized
apache-1            | 2026-09-16 17:25:38,651 CRIT Server 'unix_http_server' running without any HTTP authentication checking
apache-1            | 2026-09-16 17:25:38,652 INFO supervisord started with pid 1
apache-1            | 2026-09-16 17:25:39,653 INFO spawned: 'cron' with pid 9
client-phone-2-1    | 16-Sep-2026 17:27:14 [---] Starting BOINC client version 7.20.5 for aarch64-unknown-linux-gnu
client-phone-2-1    | 16-Sep-2026 17:27:14 [---] This a development version of BOINC and may not function properly
client-phone-2-1    | 16-Sep-2026 17:27:14 [---] log flags: file_xfer, sched_ops, task
client-phone-2-1    | 16-Sep-2026 17:27:14 [---] Libraries: libcurl/7.88.1 OpenSSL/3.0.20 zlib/1.2.13 brotli/1.0.9 zstd/1.5.4 libidn2/2.3.3 libpsl/0.21.2 (+libidn2/2.3.3) libssh2/1.10.0 nghttp2/1.52.0 librtmp/2.3 OpenLDAP/2.5.13
client-phone-2-1    | 16-Sep-2026 17:27:14 [---] Data directory: /var/lib/boinc-client
client-phone-2-1    | 16-Sep-2026 17:27:14 [---] No usable GPUs found
client-phone-2-1    | 16-Sep-2026 17:27:14 [---] Creating new client state file
client-phone-2-1    | 16-Sep-2026 17:27:14 [---] libc:  version 2.36
client-phone-2-1    | 16-Sep-2026 17:27:14 [---] Host name: phone-02
client-phone-2-1    | 16-Sep-2026 17:27:14 [---] Processor: 1 ARM  [Impl 0x61 Arch 8 Variant 0x0 Part 0x000 Rev 0]
client-phone-2-1    | 16-Sep-2026 17:27:14 [---] Processor features: fp asimd evtstrm aes pmull sha1 sha2 crc32 atomics fphp asimdhp cpuid asimdrdm jscvt fcma lrcpc dcpop sha3 asimddp sha512 asimdfhm dit uscat ilrcpc flagm sb paca pacg dcpodp flagm2 frint i8mm bf16 bti afp
client-phone-2-1    | 16-Sep-2026 17:27:14 [---] OS: Linux Debian GNU/Linux: Debian GNU/Linux 12 (bookworm) [6.8.0-100-generic|libc 2.36]
client-phone-2-1    | 16-Sep-2026 17:27:14 [---] Memory: 9.69 GB physical, 0 bytes virtual
client-desktop-1    | 16-Sep-2026 17:27:09 [---] log flags: file_xfer, sched_ops, task
client-desktop-1    | 16-Sep-2026 17:27:09 [---] Libraries: libcurl/7.88.1 OpenSSL/3.0.20 zlib/1.2.13 brotli/1.0.9 zstd/1.5.4 libidn2/2.3.3 libpsl/0.21.2 (+libidn2/2.3.3) libssh2/1.10.0 nghttp2/1.52.0 librtmp/2.3 OpenLDAP/2.5.13
client-desktop-1    | 16-Sep-2026 17:27:09 [---] Data directory: /var/lib/boinc-client
client-desktop-1    | 16-Sep-2026 17:27:09 [---] No usable GPUs found
client-desktop-1    | 16-Sep-2026 17:27:09 [---] Creating new client state file
client-desktop-1    | 16-Sep-2026 17:27:09 [---] libc:  version 2.36
client-desktop-1    | 16-Sep-2026 17:27:09 [---] Host name: desktop-01
mysql-1             | Initializing database
mysql-1             | 
mysql-1             | 
mysql-1             | PLEASE REMEMBER TO SET A PASSWORD FOR THE MariaDB root USER !
mysql-1             | To do so, start the server, then issue the following commands:
mysql-1             | 
apache-1            | 2026-09-16 17:25:39,653 INFO spawned: 'start' with pid 10
apache-1            | 2026-09-16 17:25:39,654 INFO spawned: 'rsyslogd' with pid 11
apache-1            | 2026-09-16 17:25:39,655 INFO spawned: 'apache2' with pid 12
apache-1            | 2026-09-16 17:25:41,624 INFO success: cron entered RUNNING state, process has stayed up for > than 1 seconds (startsecs)
apache-1            | 2026-09-16 17:25:41,624 INFO success: start entered RUNNING state, process has stayed up for > than 1 seconds (startsecs)
client-phone-2-1    | 16-Sep-2026 17:27:14 [---] Disk: 18.33 GB total, 15.53 GB free
client-phone-2-1    | 16-Sep-2026 17:27:14 [---] Local time is UTC +0 hours
client-phone-2-1    | 16-Sep-2026 17:27:14 [---] Config: GUI RPC allowed from any host
client-phone-2-1    | 16-Sep-2026 17:27:14 [---] Config: simulate 1 CPUs
client-phone-2-1    | 16-Sep-2026 17:27:14 [---] Config: report completed tasks immediately
client-phone-2-1    | 16-Sep-2026 17:27:14 [---] No general preferences found - using defaults
client-phone-2-1    | 16-Sep-2026 17:27:14 [---] Reading preferences override file
client-cluster-1    | 16-Sep-2026 17:27:14 [---] Starting BOINC client version 7.20.5 for aarch64-unknown-linux-gnu
client-cluster-1    | 16-Sep-2026 17:27:14 [---] This a development version of BOINC and may not function properly
client-cluster-1    | 16-Sep-2026 17:27:14 [---] log flags: file_xfer, sched_ops, task
client-cluster-1    | 16-Sep-2026 17:27:14 [---] Libraries: libcurl/7.88.1 OpenSSL/3.0.20 zlib/1.2.13 brotli/1.0.9 zstd/1.5.4 libidn2/2.3.3 libpsl/0.21.2 (+libidn2/2.3.3) libssh2/1.10.0 nghttp2/1.52.0 librtmp/2.3 OpenLDAP/2.5.13
client-cluster-2-1  | 16-Sep-2026 17:27:09 [---] Disk: 18.33 GB total, 15.53 GB free
client-cluster-2-1  | 16-Sep-2026 17:27:09 [---] Local time is UTC +0 hours
makeproject-1       | added platform: (create_time, name, user_friendly_name) values (1789579544, 'windows_intelx86', 'Microsoft Windows (98 or later) running on an Intel x86-compatible CPU')
makeproject-1       | added platform: (create_time, name, user_friendly_name) values (1789579544, 'windows_x86_64', 'Microsoft Windows running on an AMD x86_64 or Intel EM64T CPU')
makeproject-1       | added platform: (create_time, name, user_friendly_name) values (1789579544, 'windows_arm64', 'Microsoft Windows running on ARM 64-bit')
client-phone-1      | 16-Sep-2026 17:27:14 [---] Starting BOINC client version 7.20.5 for aarch64-unknown-linux-gnu
client-phone-1      | 16-Sep-2026 17:27:14 [---] This a development version of BOINC and may not function properly
client-phone-1      | 16-Sep-2026 17:27:14 [---] log flags: file_xfer, sched_ops, task
client-low-power-1  | 16-Sep-2026 17:27:14 [---] Starting BOINC client version 7.20.5 for aarch64-unknown-linux-gnu
client-low-power-1  | 16-Sep-2026 17:27:14 [---] This a development version of BOINC and may not function properly
client-low-power-1  | 16-Sep-2026 17:27:14 [---] log flags: file_xfer, sched_ops, task
client-low-power-1  | 16-Sep-2026 17:27:14 [---] Libraries: libcurl/7.88.1 OpenSSL/3.0.20 zlib/1.2.13 brotli/1.0.9 zstd/1.5.4 libidn2/2.3.3 libpsl/0.21.2 (+libidn2/2.3.3) libssh2/1.10.0 nghttp2/1.52.0 librtmp/2.3 OpenLDAP/2.5.13
client-low-power-1  | 16-Sep-2026 17:27:14 [---] Data directory: /var/lib/boinc-client
client-low-power-1  | 16-Sep-2026 17:27:14 [---] No usable GPUs found
client-low-power-1  | 16-Sep-2026 17:27:14 [---] Creating new client state file
client-low-power-1  | 16-Sep-2026 17:27:14 [---] libc:  version 2.36
client-low-power-1  | 16-Sep-2026 17:27:14 [---] Host name: low-power-01
client-low-power-1  | 16-Sep-2026 17:27:14 [---] Processor: 1 ARM  [Impl 0x61 Arch 8 Variant 0x0 Part 0x000 Rev 0]
client-low-power-1  | 16-Sep-2026 17:27:14 [---] Processor features: fp asimd evtstrm aes pmull sha1 sha2 crc32 atomics fphp asimdhp cpuid asimdrdm jscvt fcma lrcpc dcpop sha3 asimddp sha512 asimdfhm dit uscat ilrcpc flagm sb paca pacg dcpodp flagm2 frint i8mm bf16 bti afp
client-low-power-1  | 16-Sep-2026 17:27:14 [---] OS: Linux Debian GNU/Linux: Debian GNU/Linux 12 (bookworm) [6.8.0-100-generic|libc 2.36]
client-low-power-1  | 16-Sep-2026 17:27:14 [---] Memory: 9.69 GB physical, 0 bytes virtual
client-low-power-1  | 16-Sep-2026 17:27:14 [---] Disk: 18.33 GB total, 15.53 GB free
client-low-power-1  | 16-Sep-2026 17:27:14 [---] Local time is UTC +0 hours
mysql-1             | '/usr/bin/mysqladmin' -u root password 'new-password'
mysql-1             | '/usr/bin/mysqladmin' -u root -h  password 'new-password'
mysql-1             | 
mysql-1             | Alternatively you can run:
mysql-1             | '/usr/bin/mysql_secure_installation'
mysql-1             | 
mysql-1             | which will also give you the option of removing the test
mysql-1             | databases and anonymous user created by default.  This is
client-cluster-1    | 16-Sep-2026 17:27:14 [---] Data directory: /var/lib/boinc-client
client-cluster-1    | 16-Sep-2026 17:27:14 [---] No usable GPUs found
client-cluster-1    | 16-Sep-2026 17:27:14 [---] Creating new client state file
client-cluster-1    | 16-Sep-2026 17:27:14 [---] libc:  version 2.36
client-desktop-1    | 16-Sep-2026 17:27:09 [---] Processor: 2 ARM  [Impl 0x61 Arch 8 Variant 0x0 Part 0x000 Rev 0]
client-desktop-1    | 16-Sep-2026 17:27:09 [---] Processor features: fp asimd evtstrm aes pmull sha1 sha2 crc32 atomics fphp asimdhp cpuid asimdrdm jscvt fcma lrcpc dcpop sha3 asimddp sha512 asimdfhm dit uscat ilrcpc flagm sb paca pacg dcpodp flagm2 frint i8mm bf16 bti afp
client-desktop-1    | 16-Sep-2026 17:27:09 [---] OS: Linux Debian GNU/Linux: Debian GNU/Linux 12 (bookworm) [6.8.0-100-generic|libc 2.36]
client-low-power-1  | 16-Sep-2026 17:27:14 [---] Config: GUI RPC allowed from any host
client-low-power-1  | 16-Sep-2026 17:27:14 [---] Config: simulate 1 CPUs
client-low-power-1  | 16-Sep-2026 17:27:14 [---] Config: report completed tasks immediately
client-low-power-1  | 16-Sep-2026 17:27:14 [---] No general preferences found - using defaults
client-cluster-2-1  | 16-Sep-2026 17:27:09 [---] Config: GUI RPC allowed from any host
client-cluster-2-1  | 16-Sep-2026 17:27:09 [---] Config: simulate 4 CPUs
client-cluster-2-1  | 16-Sep-2026 17:27:09 [---] Config: report completed tasks immediately
makeproject-1       | added platform: (create_time, name, user_friendly_name) values (1789579544, 'i686-pc-linux-gnu', 'Linux running on an Intel x86-compatible CPU')
makeproject-1       | added platform: (create_time, name, user_friendly_name) values (1789579544, 'x86_64-pc-linux-gnu', 'Linux running on an AMD x86_64 or Intel EM64T CPU')
makeproject-1       | added platform: (create_time, name, user_friendly_name) values (1789579544, 'powerpc-apple-darwin', 'Mac OS X 10.3 or later running on Motorola PowerPC')
makeproject-1       | added platform: (create_time, name, user_friendly_name) values (1789579544, 'i686-apple-darwin', 'Mac OS 10.4 or later running on Intel')
makeproject-1       | added platform: (create_time, name, user_friendly_name) values (1789579544, 'x86_64-apple-darwin', 'Intel 64-bit Mac OS 10.5 or later')
client-low-power-1  | 16-Sep-2026 17:27:14 [---] Reading preferences override file
client-low-power-1  | 16-Sep-2026 17:27:14 [---] Preferences:
client-cluster-2-1  | 16-Sep-2026 17:27:09 [---] No general preferences found - using defaults
client-cluster-2-1  | 16-Sep-2026 17:27:09 [---] Reading preferences override file
client-cluster-2-1  | 16-Sep-2026 17:27:09 [---] Preferences:
client-cluster-2-1  | 16-Sep-2026 17:27:09 [---]    max memory usage when active: 8929.14 MB
client-cluster-2-1  | 16-Sep-2026 17:27:09 [---]    max memory usage when idle: 8929.14 MB
client-cluster-2-1  | 16-Sep-2026 17:27:09 [---]    max disk usage: 2.00 GB
client-cluster-2-1  | 16-Sep-2026 17:27:09 [---]    don't use GPU while active
client-cluster-2-1  | 16-Sep-2026 17:27:09 [---]    suspend work if non-BOINC CPU load exceeds 25%
client-cluster-2-1  | 16-Sep-2026 17:27:09 [---]    (to change preferences, visit a project web site or select Preferences in the Manager)
client-cluster-2-1  | 16-Sep-2026 17:27:09 [---] Setting up project and slot directories
client-cluster-2-1  | dir_open: Could not open directory 'slots' from '/var/lib/boinc-client'.
client-cluster-2-1  | 16-Sep-2026 17:27:09 [---] Checking active tasks
client-cluster-2-1  | 16-Sep-2026 17:27:09 [---] Setting up GUI RPC socket
apache-1            | 2026-09-16 17:25:41,624 INFO success: rsyslogd entered RUNNING state, process has stayed up for > than 1 seconds (startsecs)
apache-1            | 2026-09-16 17:25:41,624 INFO success: apache2 entered RUNNING state, process has stayed up for > than 1 seconds (startsecs)
apache-1            | 2026-09-16 17:25:55,112 INFO reaped unknown pid 64
apache-1            | 2026-09-16 17:25:55,112 INFO reaped unknown pid 66
mysql-1             | strongly recommended for production servers.
mysql-1             | 
mysql-1             | See the MariaDB Knowledgebase at http://mariadb.com/kb or the
mysql-1             | MySQL manual for more instructions.
mysql-1             | 
makeproject-1       | added platform: (create_time, name, user_friendly_name) values (1789579544, 'arm64-apple-darwin', 'Mac OS running on ARM')
makeproject-1       | added platform: (create_time, name, user_friendly_name) values (1789579544, 'sparc-sun-solaris2.7', 'Solaris 2.7 running on a SPARC-compatible CPU')
makeproject-1       | added platform: (create_time, name, user_friendly_name) values (1789579544, 'sparc-sun-solaris', 'Solaris 2.8 or later running on a SPARC-compatible CPU')
makeproject-1       | added platform: (create_time, name, user_friendly_name) values (1789579544, 'sparc64-sun-solaris', 'Solaris 2.8 or later running on a SPARC 64-bit CPU')
makeproject-1       | added platform: (create_time, name, user_friendly_name) values (1789579544, 'powerpc64-ps3-linux-gnu', 'Sony Playstation 3 running Linux')
makeproject-1       | added platform: (create_time, name, user_friendly_name) values (1789579544, 'arm-android-linux-gnu', 'Android running on ARM armeabi-v7a')
client-phone-1      | 16-Sep-2026 17:27:14 [---] Libraries: libcurl/7.88.1 OpenSSL/3.0.20 zlib/1.2.13 brotli/1.0.9 zstd/1.5.4 libidn2/2.3.3 libpsl/0.21.2 (+libidn2/2.3.3) libssh2/1.10.0 nghttp2/1.52.0 librtmp/2.3 OpenLDAP/2.5.13
client-phone-1      | 16-Sep-2026 17:27:14 [---] Data directory: /var/lib/boinc-client
mysql-1             | Please report any problems at http://mariadb.org/jira
mysql-1             | 
mysql-1             | The latest information about MariaDB is available at http://mariadb.org/.
mysql-1             | You can find additional information about the MySQL part at:
mysql-1             | http://dev.mysql.com
mysql-1             | Consider joining MariaDB's strong and vibrant community:
client-cluster-2-1  | 16-Sep-2026 17:27:09 [---] Checking presence of 0 project files
client-cluster-2-1  | 16-Sep-2026 17:27:09 [---] This computer is not attached to any projects
client-cluster-2-1  | 16-Sep-2026 17:27:09 Initialization completed
client-cluster-1    | 16-Sep-2026 17:27:14 [---] Host name: cluster-01
client-cluster-1    | 16-Sep-2026 17:27:14 [---] Processor: 4 ARM  [Impl 0x61 Arch 8 Variant 0x0 Part 0x000 Rev 0]
client-desktop-1    | 16-Sep-2026 17:27:09 [---] Memory: 9.69 GB physical, 0 bytes virtual
client-desktop-1    | 16-Sep-2026 17:27:09 [---] Disk: 18.33 GB total, 15.53 GB free
client-desktop-1    | 16-Sep-2026 17:27:09 [---] Local time is UTC +0 hours
client-desktop-1    | 16-Sep-2026 17:27:09 [---] Config: GUI RPC allowed from any host
client-phone-2-1    | 16-Sep-2026 17:27:14 [---] Preferences:
client-phone-2-1    | 16-Sep-2026 17:27:14 [---]    max memory usage when active: 8929.14 MB
client-phone-2-1    | 16-Sep-2026 17:27:14 [---]    max memory usage when idle: 8929.14 MB
client-phone-2-1    | 16-Sep-2026 17:27:14 [---]    max disk usage: 2.00 GB
client-cluster-1    | 16-Sep-2026 17:27:14 [---] Processor features: fp asimd evtstrm aes pmull sha1 sha2 crc32 atomics fphp asimdhp cpuid asimdrdm jscvt fcma lrcpc dcpop sha3 asimddp sha512 asimdfhm dit uscat ilrcpc flagm sb paca pacg dcpodp flagm2 frint i8mm bf16 bti afp
client-cluster-1    | 16-Sep-2026 17:27:14 [---] OS: Linux Debian GNU/Linux: Debian GNU/Linux 12 (bookworm) [6.8.0-100-generic|libc 2.36]
client-cluster-1    | 16-Sep-2026 17:27:14 [---] Memory: 9.69 GB physical, 0 bytes virtual
makeproject-1       | added platform: (create_time, name, user_friendly_name) values (1789579544, 'aarch64-android-linux-gnu', 'Android running on ARM 64-bit arm64-v8a')
makeproject-1       | added platform: (create_time, name, user_friendly_name) values (1789579544, 'x86_64-android-linux-gnu', 'Android running on Intel x64 compatible')
makeproject-1       | added platform: (create_time, name, user_friendly_name) values (1789579544, 'x86-android-linux-gnu', 'Android running on Intel x86 compatible')
makeproject-1       | added platform: (create_time, name, user_friendly_name) values (1789579544, 'arm-unknown-linux-gnueabihf', 'Linux running on ARM, hardware FP')
makeproject-1       | added platform: (create_time, name, user_friendly_name) values (1789579544, 'aarch64-unknown-linux-gnu', 'Linux running on ARM64')
makeproject-1       | added platform: (create_time, name, user_friendly_name) values (1789579544, 'anonymous', 'anonymous')
makeproject-1       | 
client-desktop-1    | 16-Sep-2026 17:27:09 [---] Config: simulate 2 CPUs
client-desktop-1    | 16-Sep-2026 17:27:09 [---] Config: report completed tasks immediately
client-desktop-1    | dir_open: Could not open directory 'slots' from '/var/lib/boinc-client'.
client-cluster-2-1  | dir_open: Could not open directory 'projects/boincserver.local_boincserver' from '/var/lib/boinc-client'.
client-cluster-2-1  | 16-Sep-2026 17:27:10 [---] No general preferences found - using defaults
client-cluster-2-1  | 16-Sep-2026 17:27:10 [---] Reading preferences override file
client-phone-2-1    | 16-Sep-2026 17:27:14 [---]    don't use GPU while active
client-phone-2-1    | 16-Sep-2026 17:27:14 [---]    suspend work if non-BOINC CPU load exceeds 25%
client-phone-2-1    | 16-Sep-2026 17:27:14 [---]    (to change preferences, visit a project web site or select Preferences in the Manager)
client-phone-2-1    | 16-Sep-2026 17:27:14 [---] Setting up project and slot directories
client-phone-2-1    | 16-Sep-2026 17:27:14 [---] Checking active tasks
client-phone-2-1    | 16-Sep-2026 17:27:14 [---] Setting up GUI RPC socket
client-phone-2-1    | dir_open: Could not open directory 'slots' from '/var/lib/boinc-client'.
client-phone-2-1    | 16-Sep-2026 17:27:14 [---] Checking presence of 0 project files
client-phone-2-1    | 16-Sep-2026 17:27:14 [---] This computer is not attached to any projects
client-phone-2-1    | 16-Sep-2026 17:27:14 Initialization completed
mysql-1             | https://mariadb.org/get-involved/
mysql-1             | 
mysql-1             | Database initialized
mysql-1             | 2026-09-16 17:25:40 0 [Note] mysqld (mysqld 10.3.8-MariaDB-1:10.3.8+maria~bionic) starting as process 105 ...
mysql-1             | MySQL init process in progress...
mysql-1             | 2026-09-16 17:25:40 0 [Note] InnoDB: Using Linux native AIO
mysql-1             | 2026-09-16 17:25:40 0 [Note] InnoDB: Mutexes and rw_locks use GCC atomic builtins
mysql-1             | 2026-09-16 17:25:40 0 [Note] InnoDB: Uses event mutexes
mysql-1             | 2026-09-16 17:25:40 0 [Note] InnoDB: Compressed tables use zlib 1.2.11
mysql-1             | 2026-09-16 17:25:40 0 [Note] InnoDB: Number of pools: 1
mysql-1             | 2026-09-16 17:25:40 0 [Note] InnoDB: Using generic crc32 instructions
mysql-1             | 2026-09-16 17:25:40 0 [Note] InnoDB: Initializing buffer pool, total size = 256M, instances = 1, chunk size = 128M
mysql-1             | 2026-09-16 17:25:40 0 [Note] InnoDB: Completed initialization of buffer pool
client-cluster-1    | 16-Sep-2026 17:27:14 [---] Disk: 18.33 GB total, 15.53 GB free
client-cluster-1    | 16-Sep-2026 17:27:14 [---] Local time is UTC +0 hours
client-cluster-1    | 16-Sep-2026 17:27:14 [---] Config: GUI RPC allowed from any host
client-cluster-1    | 16-Sep-2026 17:27:14 [---] Config: simulate 4 CPUs
client-cluster-1    | 16-Sep-2026 17:27:14 [---] Config: report completed tasks immediately
client-cluster-1    | 16-Sep-2026 17:27:14 [---] No general preferences found - using defaults
apache-1            | 2026-09-16 17:25:55,112 INFO reaped unknown pid 68
apache-1            | 2026-09-16 17:25:56,676 INFO reaped unknown pid 67
apache-1            | 2026-09-16 17:25:56,676 INFO reaped unknown pid 69
apache-1            | 2026-09-16 17:25:56,678 INFO reaped unknown pid 65
apache-1            | 2026-09-16 17:26:04,918 INFO reaped unknown pid 152
apache-1            | 2026-09-16 17:26:04,918 INFO reaped unknown pid 154
apache-1            | 2026-09-16 17:26:04,918 INFO reaped unknown pid 156
client-cluster-2-1  | 16-Sep-2026 17:27:10 [---] Preferences:
client-low-power-1  | 16-Sep-2026 17:27:14 [---]    max memory usage when active: 8929.14 MB
apache-1            | 2026-09-16 17:26:04,918 INFO reaped unknown pid 158
apache-1            | 2026-09-16 17:26:04,919 INFO reaped unknown pid 160
apache-1            | 2026-09-16 17:30:01,701 INFO reaped unknown pid 580
apache-1            | 2026-09-16 17:30:01,802 INFO reaped unknown pid 582
apache-1            | 2026-09-16 17:30:01,906 INFO reaped unknown pid 584
apache-1            | 2026-09-16 17:30:02,011 INFO reaped unknown pid 586
apache-1            | 2026-09-16 17:30:02,116 INFO reaped unknown pid 588
apache-1            | 2026-09-16 17:30:03,150 INFO reaped unknown pid 579
apache-1            | 2026-09-16 17:30:03,150 INFO reaped unknown pid 581
apache-1            | 2026-09-16 17:30:03,150 INFO reaped unknown pid 583
apache-1            | 2026-09-16 17:30:03,150 INFO reaped unknown pid 585
mysql-1             | 2026-09-16 17:25:40 0 [Note] InnoDB: If the mysqld execution user is authorized, page cleaner thread priority can be changed. See the man page of setpriority().
mysql-1             | 2026-09-16 17:25:40 0 [Note] InnoDB: 128 out of 128 rollback segments are active.
mysql-1             | 2026-09-16 17:25:40 0 [Note] InnoDB: Creating shared tablespace for temporary tables
mysql-1             | 2026-09-16 17:25:40 0 [Note] InnoDB: Setting file './ibtmp1' size to 12 MB. Physically writing the file full; Please wait ...
mysql-1             | 2026-09-16 17:25:40 0 [Note] InnoDB: File './ibtmp1' size is now 12 MB.
client-phone-1      | 16-Sep-2026 17:27:14 [---] No usable GPUs found
client-phone-1      | 16-Sep-2026 17:27:14 [---] Creating new client state file
client-phone-1      | 16-Sep-2026 17:27:14 [---] libc:  version 2.36
client-phone-1      | 16-Sep-2026 17:27:14 [---] Host name: phone-01
client-phone-1      | 16-Sep-2026 17:27:14 [---] Processor: 1 ARM  [Impl 0x61 Arch 8 Variant 0x0 Part 0x000 Rev 0]
client-phone-1      | 16-Sep-2026 17:27:14 [---] Processor features: fp asimd evtstrm aes pmull sha1 sha2 crc32 atomics fphp asimdhp cpuid asimdrdm jscvt fcma lrcpc dcpop sha3 asimddp sha512 asimdfhm dit uscat ilrcpc flagm sb paca pacg dcpodp flagm2 frint i8mm bf16 bti afp
client-phone-1      | 16-Sep-2026 17:27:14 [---] OS: Linux Debian GNU/Linux: Debian GNU/Linux 12 (bookworm) [6.8.0-100-generic|libc 2.36]
client-phone-1      | 16-Sep-2026 17:27:14 [---] Memory: 9.69 GB physical, 0 bytes virtual
client-phone-1      | 16-Sep-2026 17:27:14 [---] Disk: 18.33 GB total, 15.53 GB free
client-phone-1      | 16-Sep-2026 17:27:14 [---] Local time is UTC +0 hours
client-phone-2-1    | dir_open: Could not open directory 'projects/boincserver.local_boincserver' from '/var/lib/boinc-client'.
client-phone-2-1    | 16-Sep-2026 17:27:15 [---] No general preferences found - using defaults
client-phone-2-1    | 16-Sep-2026 17:27:15 [---] Reading preferences override file
client-phone-2-1    | 16-Sep-2026 17:27:15 [---] Preferences:
client-phone-2-1    | 16-Sep-2026 17:27:15 [---]    max memory usage when active: 8929.14 MB
client-phone-2-1    | 16-Sep-2026 17:27:15 [---]    max memory usage when idle: 8929.14 MB
client-phone-2-1    | 16-Sep-2026 17:27:15 [---]    max disk usage: 2.00 GB
apache-1            | 2026-09-16 17:30:03,150 INFO reaped unknown pid 587
apache-1            | 2026-09-16 17:30:03,150 INFO reaped unknown pid 590
client-low-power-1  | 16-Sep-2026 17:27:14 [---]    max memory usage when idle: 8929.14 MB
client-low-power-1  | 16-Sep-2026 17:27:14 [---]    max disk usage: 2.00 GB
client-desktop-1    | 16-Sep-2026 17:27:09 [---] No general preferences found - using defaults
client-desktop-1    | 16-Sep-2026 17:27:09 [---] Reading preferences override file
client-cluster-2-1  | 16-Sep-2026 17:27:10 [---]    max memory usage when active: 8929.14 MB
client-cluster-2-1  | 16-Sep-2026 17:27:10 [---]    max memory usage when idle: 8929.14 MB
client-cluster-2-1  | 16-Sep-2026 17:27:10 [---]    max disk usage: 2.00 GB
client-cluster-2-1  | 16-Sep-2026 17:27:10 [---]    don't use GPU while active
mysql-1             | 2026-09-16 17:25:40 0 [Note] InnoDB: 10.3.8 started; log sequence number 1630815; transaction id 21
mysql-1             | 2026-09-16 17:25:40 0 [Note] InnoDB: Loading buffer pool(s) from /var/lib/mysql/ib_buffer_pool
mysql-1             | 2026-09-16 17:25:40 0 [Note] Plugin 'FEEDBACK' is disabled.
mysql-1             | 2026-09-16 17:25:40 0 [Note] InnoDB: Buffer pool(s) load completed at 260916 17:25:40
mysql-1             | 2026-09-16 17:25:40 0 [Warning] 'user' entry 'root@1a6d6a25a67a' ignored in --skip-name-resolve mode.
client-phone-1      | 16-Sep-2026 17:27:14 [---] Config: GUI RPC allowed from any host
client-phone-1      | 16-Sep-2026 17:27:14 [---] Config: simulate 1 CPUs
client-phone-1      | 16-Sep-2026 17:27:14 [---] Config: report completed tasks immediately
client-phone-1      | 16-Sep-2026 17:27:14 [---] No general preferences found - using defaults
client-phone-1      | 16-Sep-2026 17:27:14 [---] Reading preferences override file
client-phone-1      | 16-Sep-2026 17:27:14 [---] Preferences:
client-phone-2-1    | 16-Sep-2026 17:27:15 [---]    don't use GPU while active
client-phone-2-1    | 16-Sep-2026 17:27:15 [---]    suspend work if non-BOINC CPU load exceeds 25%
client-phone-2-1    | 16-Sep-2026 17:27:15 [---]    (to change preferences, visit a project web site or select Preferences in the Manager)
client-phone-2-1    | 16-Sep-2026 17:27:19 [http://boincserver.local/boincserver/] Fetching scheduler list
client-phone-2-1    | 16-Sep-2026 17:27:21 [http://boincserver.local/boincserver/] Master file download succeeded
client-phone-2-1    | 16-Sep-2026 17:27:26 [http://boincserver.local/boincserver/] Sending scheduler request: Project initialization.
client-phone-2-1    | 16-Sep-2026 17:27:26 [http://boincserver.local/boincserver/] Requesting new tasks for CPU
client-phone-2-1    | 16-Sep-2026 17:27:33 [boincserver] Scheduler request completed: got 1 new tasks
client-phone-2-1    | 16-Sep-2026 17:27:33 [boincserver] Project requested delay of 7 seconds
client-phone-2-1    | 16-Sep-2026 17:27:35 [boincserver] Started download of hybrid_synthetic_1.0_aarch64-unknown-linux-gnu
apache-1            | 2026-09-16 17:30:03,150 INFO reaped unknown pid 599
apache-1            | 2026-09-16 17:30:03,150 INFO reaped unknown pid 601
apache-1            | 2026-09-16 17:30:03,150 INFO reaped unknown pid 603
apache-1            | 2026-09-16 17:30:03,150 INFO reaped unknown pid 605
apache-1            | 2026-09-16 17:30:07,229 INFO reaped unknown pid 589
apache-1            | 2026-09-16 17:30:07,455 INFO reaped unknown pid 594
client-phone-1      | 16-Sep-2026 17:27:14 [---]    max memory usage when active: 8929.14 MB
client-phone-1      | 16-Sep-2026 17:27:14 [---]    max memory usage when idle: 8929.14 MB
client-cluster-2-1  | 16-Sep-2026 17:27:10 [---]    suspend work if non-BOINC CPU load exceeds 25%
client-cluster-2-1  | 16-Sep-2026 17:27:10 [---]    (to change preferences, visit a project web site or select Preferences in the Manager)
client-cluster-2-1  | 16-Sep-2026 17:27:14 [http://boincserver.local/boincserver/] Fetching scheduler list
client-cluster-2-1  | 16-Sep-2026 17:27:16 [http://boincserver.local/boincserver/] Master file download succeeded
client-cluster-2-1  | 16-Sep-2026 17:27:21 [http://boincserver.local/boincserver/] Sending scheduler request: Project initialization.
client-cluster-2-1  | 16-Sep-2026 17:27:21 [http://boincserver.local/boincserver/] Requesting new tasks for CPU
client-cluster-2-1  | 16-Sep-2026 17:27:23 [boincserver] Scheduler request completed: got 1 new tasks
client-cluster-2-1  | 16-Sep-2026 17:27:23 [boincserver] Project requested delay of 7 seconds
client-cluster-2-1  | 16-Sep-2026 17:27:25 [boincserver] Started download of hybrid_synthetic_1.0_aarch64-unknown-linux-gnu
client-phone-2-1    | 16-Sep-2026 17:27:35 [boincserver] Started download of hybrid_synthetic_input.txt
client-phone-2-1    | 16-Sep-2026 17:27:37 [boincserver] Finished download of hybrid_synthetic_1.0_aarch64-unknown-linux-gnu
client-phone-2-1    | 16-Sep-2026 17:27:37 [boincserver] Finished download of hybrid_synthetic_input.txt
client-phone-2-1    | 16-Sep-2026 17:27:37 [boincserver] Elapsed time limit 50.000000 < 120.000000; setting to 43200.000000
client-phone-2-1    | 16-Sep-2026 17:27:37 [boincserver] Starting task exp_20260916T165346Z_round_robin_short_6_0
client-phone-2-1    | 16-Sep-2026 17:27:43 [boincserver] Sending scheduler request: To fetch work.
client-phone-2-1    | 16-Sep-2026 17:27:43 [boincserver] Requesting new tasks for CPU
client-phone-2-1    | 16-Sep-2026 17:27:45 [boincserver] Scheduler request completed: got 1 new tasks
client-phone-2-1    | 16-Sep-2026 17:27:45 [boincserver] Project requested delay of 7 seconds
client-phone-2-1    | 16-Sep-2026 17:27:46 [boincserver] Computation for task exp_20260916T165346Z_round_robin_short_6_0 finished
client-phone-2-1    | 16-Sep-2026 17:27:47 [boincserver] Elapsed time limit 50.000000 < 120.000000; setting to 43200.000000
client-phone-2-1    | 16-Sep-2026 17:27:47 [boincserver] Starting task exp_20260916T165346Z_round_robin_short_12_0
client-phone-2-1    | 16-Sep-2026 17:27:48 [boincserver] Started upload of exp_20260916T165346Z_round_robin_short_6_0_r1896798796_0
client-phone-2-1    | 16-Sep-2026 17:27:50 [boincserver] Finished upload of exp_20260916T165346Z_round_robin_short_6_0_r1896798796_0
client-phone-2-1    | 16-Sep-2026 17:27:55 [boincserver] Computation for task exp_20260916T165346Z_round_robin_short_12_0 finished
client-phone-2-1    | 16-Sep-2026 17:27:55 [boincserver] Sending scheduler request: To report completed tasks.
client-phone-2-1    | 16-Sep-2026 17:27:55 [boincserver] Reporting 1 completed tasks
client-cluster-2-1  | 16-Sep-2026 17:27:25 [boincserver] Started download of hybrid_synthetic_input.txt
client-cluster-2-1  | 16-Sep-2026 17:27:27 [boincserver] Finished download of hybrid_synthetic_1.0_aarch64-unknown-linux-gnu
client-cluster-2-1  | 16-Sep-2026 17:27:27 [boincserver] Finished download of hybrid_synthetic_input.txt
client-cluster-2-1  | 16-Sep-2026 17:27:27 [boincserver] Elapsed time limit 50.000000 < 120.000000; setting to 43200.000000
client-cluster-2-1  | 16-Sep-2026 17:27:27 [boincserver] Starting task exp_20260916T165346Z_round_robin_short_2_0
client-phone-2-1    | 16-Sep-2026 17:27:55 [boincserver] Requesting new tasks for CPU
client-phone-2-1    | 16-Sep-2026 17:27:57 [boincserver] Started upload of exp_20260916T165346Z_round_robin_short_12_0_r2004503230_0
client-phone-2-1    | 16-Sep-2026 17:27:57 [boincserver] Scheduler request completed: got 1 new tasks
client-phone-2-1    | 16-Sep-2026 17:27:57 [boincserver] Project requested delay of 7 seconds
client-desktop-1    | 16-Sep-2026 17:27:09 [---] Preferences:
client-desktop-1    | 16-Sep-2026 17:27:09 [---]    max memory usage when active: 8929.14 MB
client-desktop-1    | 16-Sep-2026 17:27:09 [---]    max memory usage when idle: 8929.14 MB
client-desktop-1    | 16-Sep-2026 17:27:09 [---]    max disk usage: 2.00 GB
client-phone-1      | dir_open: Could not open directory 'slots' from '/var/lib/boinc-client'.
client-phone-1      | 16-Sep-2026 17:27:14 [---]    max disk usage: 2.00 GB
client-phone-1      | 16-Sep-2026 17:27:14 [---]    don't use GPU while active
client-phone-1      | 16-Sep-2026 17:27:14 [---]    suspend work if non-BOINC CPU load exceeds 25%
client-phone-1      | 16-Sep-2026 17:27:14 [---]    (to change preferences, visit a project web site or select Preferences in the Manager)
client-phone-1      | 16-Sep-2026 17:27:14 [---] Setting up project and slot directories
client-phone-1      | 16-Sep-2026 17:27:14 [---] Checking active tasks
client-desktop-1    | 16-Sep-2026 17:27:09 [---]    don't use GPU while active
client-desktop-1    | 16-Sep-2026 17:27:09 [---]    suspend work if non-BOINC CPU load exceeds 25%
client-desktop-1    | 16-Sep-2026 17:27:09 [---]    (to change preferences, visit a project web site or select Preferences in the Manager)
client-desktop-1    | 16-Sep-2026 17:27:09 [---] Setting up project and slot directories
mysql-1             | 2026-09-16 17:25:40 0 [Warning] 'user' entry '@1a6d6a25a67a' ignored in --skip-name-resolve mode.
mysql-1             | 2026-09-16 17:25:40 0 [Warning] 'proxies_priv' entry '@% root@1a6d6a25a67a' ignored in --skip-name-resolve mode.
mysql-1             | 2026-09-16 17:25:40 0 [Note] Reading of all Master_info entries succeded
mysql-1             | 2026-09-16 17:25:40 0 [Note] Added new Master_info '' to hash table
mysql-1             | 2026-09-16 17:25:40 0 [Note] mysqld: ready for connections.
mysql-1             | Version: '10.3.8-MariaDB-1:10.3.8+maria~bionic'  socket: '/var/run/mysqld/mysqld.sock'  port: 0  mariadb.org binary distribution
mysql-1             | Warning: Unable to load '/usr/share/zoneinfo/leap-seconds.list' as time zone. Skipping it.
mysql-1             | 2026-09-16 17:25:42 10 [Warning] 'proxies_priv' entry '@% root@1a6d6a25a67a' ignored in --skip-name-resolve mode.
mysql-1             | 
mysql-1             | 2026-09-16 17:25:42 0 [Note] mysqld (initiated by: unknown): Normal shutdown
mysql-1             | 2026-09-16 17:25:42 0 [Note] Event Scheduler: Purging the queue. 0 events
mysql-1             | 2026-09-16 17:25:42 0 [Note] InnoDB: FTS optimize thread exiting.
client-low-power-1  | 16-Sep-2026 17:27:14 [---]    don't use GPU while active
client-low-power-1  | 16-Sep-2026 17:27:14 [---]    suspend work if non-BOINC CPU load exceeds 25%
client-low-power-1  | 16-Sep-2026 17:27:14 [---]    (to change preferences, visit a project web site or select Preferences in the Manager)
client-low-power-1  | 16-Sep-2026 17:27:14 [---] Setting up project and slot directories
client-cluster-1    | 16-Sep-2026 17:27:14 [---] Reading preferences override file
client-cluster-1    | 16-Sep-2026 17:27:14 [---] Preferences:
client-cluster-1    | 16-Sep-2026 17:27:14 [---]    max memory usage when active: 8929.14 MB
client-cluster-1    | 16-Sep-2026 17:27:14 [---]    max memory usage when idle: 8929.14 MB
apache-1            | 2026-09-16 17:30:07,542 INFO reaped unknown pid 596
apache-1            | 2026-09-16 17:30:07,661 INFO reaped unknown pid 597
client-cluster-2-1  | 16-Sep-2026 17:27:33 [boincserver] Sending scheduler request: To fetch work.
client-cluster-2-1  | 16-Sep-2026 17:27:33 [boincserver] Requesting new tasks for CPU
client-cluster-2-1  | 16-Sep-2026 17:27:35 [boincserver] Computation for task exp_20260916T165346Z_round_robin_short_2_0 finished
client-cluster-2-1  | 16-Sep-2026 17:27:35 [boincserver] Scheduler request completed: got 4 new tasks
client-cluster-2-1  | 16-Sep-2026 17:27:35 [boincserver] Project requested delay of 7 seconds
client-cluster-2-1  | 16-Sep-2026 17:27:37 [boincserver] Started upload of exp_20260916T165346Z_round_robin_short_2_0_r1236196738_0
client-cluster-2-1  | 16-Sep-2026 17:27:37 [boincserver] Elapsed time limit 50.000000 < 120.000000; setting to 43200.000000
client-low-power-1  | 16-Sep-2026 17:27:14 [---] Checking active tasks
client-low-power-1  | 16-Sep-2026 17:27:14 [---] Setting up GUI RPC socket
client-low-power-1  | dir_open: Could not open directory 'slots' from '/var/lib/boinc-client'.
client-low-power-1  | 16-Sep-2026 17:27:14 [---] Checking presence of 0 project files
client-cluster-1    | dir_open: Could not open directory 'slots' from '/var/lib/boinc-client'.
client-cluster-1    | 16-Sep-2026 17:27:14 [---]    max disk usage: 2.00 GB
client-cluster-1    | 16-Sep-2026 17:27:14 [---]    don't use GPU while active
client-cluster-2-1  | 16-Sep-2026 17:27:37 [boincserver] Elapsed time limit 50.000000 < 120.000000; setting to 43200.000000
client-cluster-2-1  | 16-Sep-2026 17:27:37 [boincserver] Starting task exp_20260916T165346Z_round_robin_short_8_0
client-cluster-2-1  | 16-Sep-2026 17:27:37 [boincserver] Starting task exp_20260916T165346Z_round_robin_short_14_0
client-cluster-2-1  | 16-Sep-2026 17:27:37 [boincserver] Starting task exp_20260916T165346Z_round_robin_medium_2_0
client-low-power-1  | 16-Sep-2026 17:27:14 [---] This computer is not attached to any projects
client-low-power-1  | 16-Sep-2026 17:27:14 Initialization completed
client-low-power-1  | dir_open: Could not open directory 'projects/boincserver.local_boincserver' from '/var/lib/boinc-client'.
client-low-power-1  | 16-Sep-2026 17:27:15 [---] No general preferences found - using defaults
client-low-power-1  | 16-Sep-2026 17:27:15 [---] Reading preferences override file
client-low-power-1  | 16-Sep-2026 17:27:15 [---] Preferences:
client-low-power-1  | 16-Sep-2026 17:27:15 [---]    max memory usage when active: 8929.14 MB
client-desktop-1    | 16-Sep-2026 17:27:09 [---] Checking active tasks
client-desktop-1    | 16-Sep-2026 17:27:09 [---] Setting up GUI RPC socket
client-desktop-1    | 16-Sep-2026 17:27:09 [---] Checking presence of 0 project files
client-desktop-1    | 16-Sep-2026 17:27:09 [---] This computer is not attached to any projects
client-desktop-1    | 16-Sep-2026 17:27:09 Initialization completed
client-desktop-1    | dir_open: Could not open directory 'projects/boincserver.local_boincserver' from '/var/lib/boinc-client'.
client-desktop-1    | 16-Sep-2026 17:27:10 [---] No general preferences found - using defaults
client-desktop-1    | 16-Sep-2026 17:27:10 [---] Reading preferences override file
client-desktop-1    | 16-Sep-2026 17:27:10 [---] Preferences:
client-desktop-1    | 16-Sep-2026 17:27:10 [---]    max memory usage when active: 8929.14 MB
client-desktop-1    | 16-Sep-2026 17:27:10 [---]    max memory usage when idle: 8929.14 MB
client-cluster-2-1  | 16-Sep-2026 17:27:37 [boincserver] Starting task exp_20260916T165346Z_round_robin_medium_8_0
client-cluster-2-1  | 16-Sep-2026 17:27:39 [boincserver] Finished upload of exp_20260916T165346Z_round_robin_short_2_0_r1236196738_0
client-cluster-2-1  | 16-Sep-2026 17:27:45 [boincserver] Computation for task exp_20260916T165346Z_round_robin_short_8_0 finished
client-cluster-2-1  | 16-Sep-2026 17:27:45 [boincserver] Sending scheduler request: To report completed tasks.
mysql-1             | 2026-09-16 17:25:42 0 [Note] InnoDB: Starting shutdown...
mysql-1             | 2026-09-16 17:25:42 0 [Note] InnoDB: Dumping buffer pool(s) to /var/lib/mysql/ib_buffer_pool
mysql-1             | 2026-09-16 17:25:42 0 [Note] InnoDB: Buffer pool(s) dump completed at 260916 17:25:42
mysql-1             | 2026-09-16 17:25:43 0 [Note] InnoDB: Shutdown completed; log sequence number 1630824; transaction id 24
mysql-1             | 2026-09-16 17:25:43 0 [Note] InnoDB: Removed temporary tablespace data file: "ibtmp1"
mysql-1             | 2026-09-16 17:25:43 0 [Note] mysqld: Shutdown complete
mysql-1             | 
mysql-1             | 
mysql-1             | MySQL init process done. Ready for start up.
mysql-1             | 
mysql-1             | 2026-09-16 17:25:43 0 [Note] mysqld (mysqld 10.3.8-MariaDB-1:10.3.8+maria~bionic) starting as process 1 ...
mysql-1             | 2026-09-16 17:25:43 0 [Note] InnoDB: Using Linux native AIO
mysql-1             | 2026-09-16 17:25:43 0 [Note] InnoDB: Mutexes and rw_locks use GCC atomic builtins
mysql-1             | 2026-09-16 17:25:43 0 [Note] InnoDB: Uses event mutexes
mysql-1             | 2026-09-16 17:25:43 0 [Note] InnoDB: Compressed tables use zlib 1.2.11
mysql-1             | 2026-09-16 17:25:43 0 [Note] InnoDB: Number of pools: 1
mysql-1             | 2026-09-16 17:25:43 0 [Note] InnoDB: Using generic crc32 instructions
client-phone-2-1    | 16-Sep-2026 17:27:59 [boincserver] Finished upload of exp_20260916T165346Z_round_robin_short_12_0_r2004503230_0
client-phone-2-1    | 16-Sep-2026 17:27:59 [boincserver] Elapsed time limit 50.000000 < 120.000000; setting to 43200.000000
client-phone-2-1    | 16-Sep-2026 17:27:59 [boincserver] Starting task exp_20260916T165346Z_round_robin_short_18_0
client-phone-2-1    | 16-Sep-2026 17:28:07 [boincserver] Sending scheduler request: To report completed tasks.
client-desktop-1    | 16-Sep-2026 17:27:10 [---]    max disk usage: 2.00 GB
client-desktop-1    | 16-Sep-2026 17:27:10 [---]    don't use GPU while active
client-desktop-1    | 16-Sep-2026 17:27:10 [---]    suspend work if non-BOINC CPU load exceeds 25%
client-desktop-1    | 16-Sep-2026 17:27:10 [---]    (to change preferences, visit a project web site or select Preferences in the Manager)
client-desktop-1    | 16-Sep-2026 17:27:14 [http://boincserver.local/boincserver/] Fetching scheduler list
client-desktop-1    | 16-Sep-2026 17:27:16 [http://boincserver.local/boincserver/] Master file download succeeded
client-desktop-1    | 16-Sep-2026 17:27:21 [http://boincserver.local/boincserver/] Sending scheduler request: Project initialization.
client-low-power-1  | 16-Sep-2026 17:27:15 [---]    max memory usage when idle: 8929.14 MB
client-low-power-1  | 16-Sep-2026 17:27:15 [---]    max disk usage: 2.00 GB
client-low-power-1  | 16-Sep-2026 17:27:15 [---]    don't use GPU while active
client-low-power-1  | 16-Sep-2026 17:27:15 [---]    suspend work if non-BOINC CPU load exceeds 25%
mysql-1             | 2026-09-16 17:25:43 0 [Note] InnoDB: Initializing buffer pool, total size = 256M, instances = 1, chunk size = 128M
mysql-1             | 2026-09-16 17:25:43 0 [Note] InnoDB: Completed initialization of buffer pool
mysql-1             | 2026-09-16 17:25:43 0 [Note] InnoDB: If the mysqld execution user is authorized, page cleaner thread priority can be changed. See the man page of setpriority().
mysql-1             | 2026-09-16 17:25:43 0 [Note] InnoDB: 128 out of 128 rollback segments are active.
mysql-1             | 2026-09-16 17:25:43 0 [Note] InnoDB: Creating shared tablespace for temporary tables
mysql-1             | 2026-09-16 17:25:43 0 [Note] InnoDB: Setting file './ibtmp1' size to 12 MB. Physically writing the file full; Please wait ...
mysql-1             | 2026-09-16 17:25:43 0 [Note] InnoDB: File './ibtmp1' size is now 12 MB.
client-desktop-1    | 16-Sep-2026 17:27:21 [http://boincserver.local/boincserver/] Requesting new tasks for CPU
client-desktop-1    | 16-Sep-2026 17:27:23 [boincserver] Scheduler request completed: got 1 new tasks
client-desktop-1    | 16-Sep-2026 17:27:23 [boincserver] Project requested delay of 7 seconds
client-desktop-1    | 16-Sep-2026 17:27:25 [boincserver] Started download of hybrid_synthetic_1.0_aarch64-unknown-linux-gnu
client-desktop-1    | 16-Sep-2026 17:27:25 [boincserver] Started download of hybrid_synthetic_input.txt
client-low-power-1  | 16-Sep-2026 17:27:15 [---]    (to change preferences, visit a project web site or select Preferences in the Manager)
client-low-power-1  | 16-Sep-2026 17:27:19 [http://boincserver.local/boincserver/] Fetching scheduler list
client-low-power-1  | 16-Sep-2026 17:27:21 [http://boincserver.local/boincserver/] Master file download succeeded
client-low-power-1  | 16-Sep-2026 17:27:26 [http://boincserver.local/boincserver/] Sending scheduler request: Project initialization.
client-low-power-1  | 16-Sep-2026 17:27:26 [http://boincserver.local/boincserver/] Requesting new tasks for CPU
client-low-power-1  | 16-Sep-2026 17:27:28 [boincserver] Scheduler request completed: got 1 new tasks
client-low-power-1  | 16-Sep-2026 17:27:28 [boincserver] Project requested delay of 7 seconds
mysql-1             | 2026-09-16 17:25:43 0 [Note] InnoDB: 10.3.8 started; log sequence number 1630824; transaction id 21
mysql-1             | 2026-09-16 17:25:43 0 [Note] InnoDB: Loading buffer pool(s) from /var/lib/mysql/ib_buffer_pool
mysql-1             | 2026-09-16 17:25:43 0 [Note] Plugin 'FEEDBACK' is disabled.
mysql-1             | 2026-09-16 17:25:43 0 [Note] InnoDB: Buffer pool(s) load completed at 260916 17:25:43
client-cluster-1    | 16-Sep-2026 17:27:14 [---]    suspend work if non-BOINC CPU load exceeds 25%
client-cluster-1    | 16-Sep-2026 17:27:14 [---]    (to change preferences, visit a project web site or select Preferences in the Manager)
client-cluster-1    | 16-Sep-2026 17:27:14 [---] Setting up project and slot directories
client-cluster-1    | 16-Sep-2026 17:27:14 [---] Checking active tasks
client-cluster-1    | 16-Sep-2026 17:27:14 [---] Setting up GUI RPC socket
client-cluster-1    | 16-Sep-2026 17:27:14 [---] Checking presence of 0 project files
client-cluster-1    | 16-Sep-2026 17:27:14 [---] This computer is not attached to any projects
client-cluster-1    | 16-Sep-2026 17:27:14 Initialization completed
client-cluster-1    | dir_open: Could not open directory 'projects/boincserver.local_boincserver' from '/var/lib/boinc-client'.
client-cluster-1    | 16-Sep-2026 17:27:15 [---] No general preferences found - using defaults
mysql-1             | 2026-09-16 17:25:43 0 [Note] Server socket created on IP: '::'.
mysql-1             | 2026-09-16 17:25:43 0 [Warning] 'proxies_priv' entry '@% root@1a6d6a25a67a' ignored in --skip-name-resolve mode.
mysql-1             | 2026-09-16 17:25:43 0 [Note] Reading of all Master_info entries succeded
client-desktop-1    | 16-Sep-2026 17:27:27 [boincserver] Finished download of hybrid_synthetic_1.0_aarch64-unknown-linux-gnu
client-desktop-1    | 16-Sep-2026 17:27:27 [boincserver] Finished download of hybrid_synthetic_input.txt
client-desktop-1    | 16-Sep-2026 17:27:27 [boincserver] Elapsed time limit 50.000000 < 120.000000; setting to 43200.000000
client-desktop-1    | 16-Sep-2026 17:27:27 [boincserver] Starting task exp_20260916T165346Z_round_robin_short_1_0
client-desktop-1    | 16-Sep-2026 17:27:33 [boincserver] Sending scheduler request: To fetch work.
client-desktop-1    | 16-Sep-2026 17:27:33 [boincserver] Requesting new tasks for CPU
client-desktop-1    | 16-Sep-2026 17:27:35 [boincserver] Computation for task exp_20260916T165346Z_round_robin_short_1_0 finished
client-desktop-1    | 16-Sep-2026 17:27:35 [boincserver] Scheduler request completed: got 2 new tasks
client-cluster-1    | 16-Sep-2026 17:27:15 [---] Reading preferences override file
client-cluster-1    | 16-Sep-2026 17:27:15 [---] Preferences:
client-cluster-1    | 16-Sep-2026 17:27:15 [---]    max memory usage when active: 8929.14 MB
client-cluster-1    | 16-Sep-2026 17:27:15 [---]    max memory usage when idle: 8929.14 MB
client-cluster-1    | 16-Sep-2026 17:27:15 [---]    max disk usage: 2.00 GB
client-cluster-1    | 16-Sep-2026 17:27:15 [---]    don't use GPU while active
client-cluster-1    | 16-Sep-2026 17:27:15 [---]    suspend work if non-BOINC CPU load exceeds 25%
client-cluster-1    | 16-Sep-2026 17:27:15 [---]    (to change preferences, visit a project web site or select Preferences in the Manager)
client-cluster-1    | 16-Sep-2026 17:27:19 [http://boincserver.local/boincserver/] Fetching scheduler list
client-cluster-1    | 16-Sep-2026 17:27:21 [http://boincserver.local/boincserver/] Master file download succeeded
client-cluster-1    | 16-Sep-2026 17:27:26 [http://boincserver.local/boincserver/] Sending scheduler request: Project initialization.
client-phone-2-1    | 16-Sep-2026 17:28:07 [boincserver] Reporting 1 completed tasks
client-phone-2-1    | 16-Sep-2026 17:28:07 [boincserver] Requesting new tasks for CPU
client-cluster-2-1  | 16-Sep-2026 17:27:45 [boincserver] Reporting 1 completed tasks
client-cluster-2-1  | 16-Sep-2026 17:27:45 [boincserver] Requesting new tasks for CPU
client-cluster-2-1  | 16-Sep-2026 17:27:46 [boincserver] Computation for task exp_20260916T165346Z_round_robin_short_14_0 finished
client-cluster-2-1  | 16-Sep-2026 17:27:47 [boincserver] Started upload of exp_20260916T165346Z_round_robin_short_8_0_r2128821639_0
client-cluster-2-1  | 16-Sep-2026 17:27:48 [boincserver] Started upload of exp_20260916T165346Z_round_robin_short_14_0_r505294373_0
client-cluster-2-1  | 16-Sep-2026 17:27:49 [boincserver] Finished upload of exp_20260916T165346Z_round_robin_short_8_0_r2128821639_0
client-cluster-2-1  | 16-Sep-2026 17:27:49 [boincserver] Finished upload of exp_20260916T165346Z_round_robin_short_14_0_r505294373_0
client-cluster-2-1  | 16-Sep-2026 17:27:52 [boincserver] Scheduler request completed: got 4 new tasks
client-cluster-2-1  | 16-Sep-2026 17:27:52 [boincserver] Project requested delay of 7 seconds
client-cluster-2-1  | 16-Sep-2026 17:27:54 [boincserver] Starting task exp_20260916T165346Z_round_robin_long_1_0
client-cluster-2-1  | 16-Sep-2026 17:27:54 [boincserver] Starting task exp_20260916T165346Z_round_robin_medium_9_0
client-cluster-2-1  | 16-Sep-2026 17:28:07 [boincserver] Sending scheduler request: To report completed tasks.
client-cluster-2-1  | 16-Sep-2026 17:28:07 [boincserver] Reporting 2 completed tasks
client-cluster-2-1  | 16-Sep-2026 17:28:07 [boincserver] Requesting new tasks for CPU
mysql-1             | 2026-09-16 17:25:43 0 [Note] Added new Master_info '' to hash table
mysql-1             | 2026-09-16 17:25:43 0 [Note] mysqld: ready for connections.
mysql-1             | Version: '10.3.8-MariaDB-1:10.3.8+maria~bionic'  socket: '/var/run/mysqld/mysqld.sock'  port: 3306  mariadb.org binary distribution
mysql-1             | 2026-09-16 17:25:43 8 [Warning] Access denied for user 'boincadm'@'172.21.0.3' (using password: NO)
mysql-1             | 2026-09-16 17:25:56 19 [Warning] Aborted connection 19 to db: 'boincserver' user: 'root' host: '172.21.0.4' (Got an error reading communication packets)
mysql-1             | 2026-09-16 17:25:56 16 [Warning] Aborted connection 16 to db: 'boincserver' user: 'root' host: '172.21.0.4' (Got an error reading communication packets)
client-cluster-2-1  | 16-Sep-2026 17:28:10 [boincserver] Computation for task exp_20260916T165346Z_round_robin_medium_2_0 finished
client-cluster-2-1  | 16-Sep-2026 17:28:10 [boincserver] Starting task exp_20260916T165346Z_round_robin_long_2_0
client-cluster-2-1  | 16-Sep-2026 17:28:11 [boincserver] Computation for task exp_20260916T165346Z_round_robin_medium_8_0 finished
client-low-power-1  | 16-Sep-2026 17:27:30 [boincserver] Started download of hybrid_synthetic_1.0_aarch64-unknown-linux-gnu
client-low-power-1  | 16-Sep-2026 17:27:30 [boincserver] Started download of hybrid_synthetic_input.txt
client-low-power-1  | 16-Sep-2026 17:27:32 [boincserver] Finished download of hybrid_synthetic_1.0_aarch64-unknown-linux-gnu
client-low-power-1  | 16-Sep-2026 17:27:32 [boincserver] Finished download of hybrid_synthetic_input.txt
client-low-power-1  | 16-Sep-2026 17:27:32 [boincserver] Elapsed time limit 50.000000 < 120.000000; setting to 43200.000000
client-cluster-2-1  | 16-Sep-2026 17:28:11 [boincserver] Elapsed time limit 50.000000 < 120.000000; setting to 43200.000000
client-cluster-2-1  | 16-Sep-2026 17:28:11 [boincserver] Starting task exp_20260916T165346Z_round_robin_short_9_0
client-cluster-2-1  | 16-Sep-2026 17:28:12 [boincserver] Started upload of exp_20260916T165346Z_round_robin_medium_2_0_r1566097925_0
client-cluster-2-1  | 16-Sep-2026 17:28:13 [boincserver] Started upload of exp_20260916T165346Z_round_robin_medium_8_0_r1146012682_0
client-low-power-1  | 16-Sep-2026 17:27:32 [boincserver] Starting task exp_20260916T165346Z_round_robin_short_11_0
client-low-power-1  | 16-Sep-2026 17:27:38 [boincserver] Sending scheduler request: To fetch work.
client-desktop-1    | 16-Sep-2026 17:27:35 [boincserver] Project requested delay of 7 seconds
client-desktop-1    | 16-Sep-2026 17:27:37 [boincserver] Started upload of exp_20260916T165346Z_round_robin_short_1_0_r511547401_0
client-desktop-1    | 16-Sep-2026 17:27:37 [boincserver] Elapsed time limit 50.000000 < 120.000000; setting to 43200.000000
client-desktop-1    | 16-Sep-2026 17:27:37 [boincserver] Elapsed time limit 50.000000 < 120.000000; setting to 43200.000000
client-desktop-1    | 16-Sep-2026 17:27:37 [boincserver] Starting task exp_20260916T165346Z_round_robin_short_13_0
client-desktop-1    | 16-Sep-2026 17:27:37 [boincserver] Starting task exp_20260916T165346Z_round_robin_short_7_0
client-desktop-1    | 16-Sep-2026 17:27:39 [boincserver] Finished upload of exp_20260916T165346Z_round_robin_short_1_0_r511547401_0
client-desktop-1    | 16-Sep-2026 17:27:45 [boincserver] Computation for task exp_20260916T165346Z_round_robin_short_13_0 finished
client-desktop-1    | 16-Sep-2026 17:27:45 [boincserver] Sending scheduler request: To report completed tasks.
client-desktop-1    | 16-Sep-2026 17:27:45 [boincserver] Reporting 1 completed tasks
client-desktop-1    | 16-Sep-2026 17:27:45 [boincserver] Requesting new tasks for CPU
client-desktop-1    | 16-Sep-2026 17:27:46 [boincserver] Computation for task exp_20260916T165346Z_round_robin_short_7_0 finished
client-cluster-1    | 16-Sep-2026 17:27:26 [http://boincserver.local/boincserver/] Requesting new tasks for CPU
client-cluster-1    | 16-Sep-2026 17:27:28 [boincserver] Scheduler request completed: got 1 new tasks
client-cluster-1    | 16-Sep-2026 17:27:28 [boincserver] Project requested delay of 7 seconds
client-cluster-1    | 16-Sep-2026 17:27:30 [boincserver] Started download of hybrid_synthetic_1.0_aarch64-unknown-linux-gnu
client-cluster-1    | 16-Sep-2026 17:27:30 [boincserver] Started download of hybrid_synthetic_input.txt
client-cluster-1    | 16-Sep-2026 17:27:32 [boincserver] Finished download of hybrid_synthetic_1.0_aarch64-unknown-linux-gnu
mysql-1             | 2026-09-16 17:25:56 15 [Warning] Aborted connection 15 to db: 'boincserver' user: 'root' host: '172.21.0.4' (Got an error reading communication packets)
mysql-1             | 2026-09-16 17:30:07 178 [Warning] Aborted connection 178 to db: 'boincserver' user: 'root' host: '172.21.0.4' (Got an error reading communication packets)
mysql-1             | 2026-09-16 17:30:07 180 [Warning] Aborted connection 180 to db: 'boincserver' user: 'root' host: '172.21.0.4' (Got an error reading communication packets)
client-cluster-1    | 16-Sep-2026 17:27:32 [boincserver] Finished download of hybrid_synthetic_input.txt
client-cluster-1    | 16-Sep-2026 17:27:32 [boincserver] Elapsed time limit 50.000000 < 120.000000; setting to 43200.000000
client-cluster-1    | 16-Sep-2026 17:27:32 [boincserver] Starting task exp_20260916T165346Z_round_robin_short_4_0
client-cluster-1    | 16-Sep-2026 17:27:38 [boincserver] Sending scheduler request: To fetch work.
client-cluster-1    | 16-Sep-2026 17:27:38 [boincserver] Requesting new tasks for CPU
client-phone-2-1    | 16-Sep-2026 17:28:08 [boincserver] Computation for task exp_20260916T165346Z_round_robin_short_18_0 finished
client-phone-2-1    | 16-Sep-2026 17:28:09 [boincserver] Scheduler request completed: got 0 new tasks
client-phone-2-1    | 16-Sep-2026 17:28:09 [boincserver] Project has no tasks available
client-phone-2-1    | 16-Sep-2026 17:28:09 [boincserver] Project requested delay of 7 seconds
client-phone-2-1    | 16-Sep-2026 17:28:10 [boincserver] Started upload of exp_20260916T165346Z_round_robin_short_18_0_r330905493_0
client-phone-2-1    | 16-Sep-2026 17:28:12 [boincserver] Finished upload of exp_20260916T165346Z_round_robin_short_18_0_r330905493_0
client-phone-2-1    | 16-Sep-2026 17:28:19 [boincserver] Sending scheduler request: To report completed tasks.
client-low-power-1  | 16-Sep-2026 17:27:38 [boincserver] Requesting new tasks for CPU
client-low-power-1  | 16-Sep-2026 17:27:40 [boincserver] Computation for task exp_20260916T165346Z_round_robin_short_11_0 finished
client-low-power-1  | 16-Sep-2026 17:27:40 [boincserver] Scheduler request completed: got 1 new tasks
client-low-power-1  | 16-Sep-2026 17:27:40 [boincserver] Project requested delay of 7 seconds
client-low-power-1  | 16-Sep-2026 17:27:42 [boincserver] Started upload of exp_20260916T165346Z_round_robin_short_11_0_r844345042_0
client-low-power-1  | 16-Sep-2026 17:27:42 [boincserver] Elapsed time limit 50.000000 < 120.000000; setting to 43200.000000
client-low-power-1  | 16-Sep-2026 17:27:42 [boincserver] Starting task exp_20260916T165346Z_round_robin_short_5_0
client-low-power-1  | 16-Sep-2026 17:27:44 [boincserver] Finished upload of exp_20260916T165346Z_round_robin_short_11_0_r844345042_0
client-low-power-1  | 16-Sep-2026 17:27:50 [boincserver] Computation for task exp_20260916T165346Z_round_robin_short_5_0 finished
client-low-power-1  | 16-Sep-2026 17:27:50 [boincserver] Sending scheduler request: To report completed tasks.
client-low-power-1  | 16-Sep-2026 17:27:50 [boincserver] Reporting 1 completed tasks
client-low-power-1  | 16-Sep-2026 17:27:50 [boincserver] Requesting new tasks for CPU
client-low-power-1  | 16-Sep-2026 17:27:52 [boincserver] Started upload of exp_20260916T165346Z_round_robin_short_5_0_r363214109_0
client-low-power-1  | 16-Sep-2026 17:27:52 [boincserver] Scheduler request completed: got 1 new tasks
client-low-power-1  | 16-Sep-2026 17:27:52 [boincserver] Project requested delay of 7 seconds
client-low-power-1  | 16-Sep-2026 17:27:54 [boincserver] Finished upload of exp_20260916T165346Z_round_robin_short_5_0_r363214109_0
client-low-power-1  | 16-Sep-2026 17:27:54 [boincserver] Elapsed time limit 50.000000 < 120.000000; setting to 43200.000000
client-low-power-1  | 16-Sep-2026 17:27:54 [boincserver] Starting task exp_20260916T165346Z_round_robin_short_17_0
client-phone-2-1    | 16-Sep-2026 17:28:19 [boincserver] Reporting 1 completed tasks
client-phone-2-1    | 16-Sep-2026 17:28:19 [boincserver] Requesting new tasks for CPU
client-phone-2-1    | 16-Sep-2026 17:28:21 [boincserver] Scheduler request completed: got 0 new tasks
client-phone-2-1    | 16-Sep-2026 17:28:21 [boincserver] Project has no tasks available
client-phone-2-1    | 16-Sep-2026 17:28:21 [boincserver] Project requested delay of 7 seconds
client-phone-2-1    | 16-Sep-2026 17:28:31 [boincserver] Sending scheduler request: To fetch work.
client-phone-2-1    | 16-Sep-2026 17:28:31 [boincserver] Requesting new tasks for CPU
client-phone-2-1    | 16-Sep-2026 17:28:33 [boincserver] Scheduler request completed: got 0 new tasks
client-phone-2-1    | 16-Sep-2026 17:28:33 [boincserver] Project has no tasks available
client-phone-2-1    | 16-Sep-2026 17:28:33 [boincserver] Project requested delay of 7 seconds
client-desktop-1    | 16-Sep-2026 17:27:47 [boincserver] Started upload of exp_20260916T165346Z_round_robin_short_13_0_r943065894_0
client-desktop-1    | 16-Sep-2026 17:27:47 [boincserver] Scheduler request completed: got 2 new tasks
client-desktop-1    | 16-Sep-2026 17:27:47 [boincserver] Project requested delay of 7 seconds
client-desktop-1    | 16-Sep-2026 17:27:48 [boincserver] Started upload of exp_20260916T165346Z_round_robin_short_7_0_r1468645461_0
client-desktop-1    | 16-Sep-2026 17:27:49 [boincserver] Finished upload of exp_20260916T165346Z_round_robin_short_13_0_r943065894_0
client-desktop-1    | 16-Sep-2026 17:27:49 [boincserver] Finished upload of exp_20260916T165346Z_round_robin_short_7_0_r1468645461_0
client-low-power-1  | 16-Sep-2026 17:28:02 [boincserver] Computation for task exp_20260916T165346Z_round_robin_short_17_0 finished
client-low-power-1  | 16-Sep-2026 17:28:02 [boincserver] Sending scheduler request: To report completed tasks.
client-desktop-1    | 16-Sep-2026 17:27:49 [boincserver] Starting task exp_20260916T165346Z_round_robin_medium_1_0
client-desktop-1    | 16-Sep-2026 17:27:49 [boincserver] Starting task exp_20260916T165346Z_round_robin_medium_7_0
client-cluster-2-1  | 16-Sep-2026 17:28:14 [boincserver] Finished upload of exp_20260916T165346Z_round_robin_medium_2_0_r1566097925_0
client-cluster-2-1  | 16-Sep-2026 17:28:14 [boincserver] Finished upload of exp_20260916T165346Z_round_robin_medium_8_0_r1146012682_0
client-cluster-2-1  | 16-Sep-2026 17:28:14 [boincserver] Scheduler request completed: got 0 new tasks
client-cluster-2-1  | 16-Sep-2026 17:28:14 [boincserver] Project has no tasks available
client-cluster-2-1  | 16-Sep-2026 17:28:14 [boincserver] Project requested delay of 7 seconds
client-cluster-2-1  | 16-Sep-2026 17:28:19 [boincserver] Computation for task exp_20260916T165346Z_round_robin_short_9_0 finished
client-phone-1      | 16-Sep-2026 17:27:14 [---] Setting up GUI RPC socket
client-phone-1      | 16-Sep-2026 17:27:14 [---] Checking presence of 0 project files
client-phone-1      | 16-Sep-2026 17:27:14 [---] This computer is not attached to any projects
client-phone-1      | 16-Sep-2026 17:27:14 Initialization completed
client-cluster-2-1  | 16-Sep-2026 17:28:21 [boincserver] Started upload of exp_20260916T165346Z_round_robin_short_9_0_r51929098_0
client-cluster-2-1  | 16-Sep-2026 17:28:23 [boincserver] Finished upload of exp_20260916T165346Z_round_robin_short_9_0_r51929098_0
client-cluster-2-1  | 16-Sep-2026 17:28:24 [boincserver] Sending scheduler request: To report completed tasks.
client-cluster-2-1  | 16-Sep-2026 17:28:24 [boincserver] Reporting 3 completed tasks
client-cluster-2-1  | 16-Sep-2026 17:28:24 [boincserver] Requesting new tasks for CPU
client-cluster-2-1  | 16-Sep-2026 17:28:26 [boincserver] Scheduler request completed: got 0 new tasks
client-desktop-1    | 16-Sep-2026 17:27:57 [boincserver] Sending scheduler request: To report completed tasks.
client-desktop-1    | 16-Sep-2026 17:27:57 [boincserver] Reporting 2 completed tasks
client-desktop-1    | 16-Sep-2026 17:27:57 [boincserver] Requesting new tasks for CPU
client-desktop-1    | 16-Sep-2026 17:27:59 [boincserver] Scheduler request completed: got 2 new tasks
client-desktop-1    | 16-Sep-2026 17:27:59 [boincserver] Project requested delay of 7 seconds
client-low-power-1  | 16-Sep-2026 17:28:02 [boincserver] Reporting 1 completed tasks
client-low-power-1  | 16-Sep-2026 17:28:02 [boincserver] Requesting new tasks for CPU
client-low-power-1  | 16-Sep-2026 17:28:04 [boincserver] Started upload of exp_20260916T165346Z_round_robin_short_17_0_r854616041_0
client-desktop-1    | 16-Sep-2026 17:28:17 [boincserver] Sending scheduler request: To fetch work.
client-desktop-1    | 16-Sep-2026 17:28:17 [boincserver] Requesting new tasks for CPU
client-desktop-1    | 16-Sep-2026 17:28:19 [boincserver] Scheduler request completed: got 0 new tasks
client-desktop-1    | 16-Sep-2026 17:28:19 [boincserver] Project has no tasks available
client-desktop-1    | 16-Sep-2026 17:28:19 [boincserver] Project requested delay of 7 seconds
client-phone-1      | dir_open: Could not open directory 'projects/boincserver.local_boincserver' from '/var/lib/boinc-client'.
client-phone-1      | 16-Sep-2026 17:27:15 [---] No general preferences found - using defaults
client-cluster-1    | 16-Sep-2026 17:27:40 [boincserver] Computation for task exp_20260916T165346Z_round_robin_short_4_0 finished
client-cluster-1    | 16-Sep-2026 17:27:40 [boincserver] Scheduler request completed: got 4 new tasks
client-cluster-1    | 16-Sep-2026 17:27:40 [boincserver] Project requested delay of 7 seconds
client-cluster-1    | 16-Sep-2026 17:27:42 [boincserver] Started upload of exp_20260916T165346Z_round_robin_short_4_0_r48168879_0
client-phone-1      | 16-Sep-2026 17:27:15 [---] Reading preferences override file
client-phone-1      | 16-Sep-2026 17:27:15 [---] Preferences:
client-phone-1      | 16-Sep-2026 17:27:15 [---]    max memory usage when active: 8929.14 MB
client-desktop-1    | 16-Sep-2026 17:28:22 [boincserver] Computation for task exp_20260916T165346Z_round_robin_medium_1_0 finished
client-desktop-1    | 16-Sep-2026 17:28:22 [boincserver] Starting task exp_20260916T165346Z_round_robin_medium_6_0
client-desktop-1    | 16-Sep-2026 17:28:23 [boincserver] Computation for task exp_20260916T165346Z_round_robin_medium_7_0 finished
client-cluster-2-1  | 16-Sep-2026 17:28:26 [boincserver] Project has no tasks available
client-cluster-2-1  | 16-Sep-2026 17:28:26 [boincserver] Project requested delay of 7 seconds
client-cluster-2-1  | 16-Sep-2026 17:28:27 [boincserver] Computation for task exp_20260916T165346Z_round_robin_medium_9_0 finished
client-cluster-2-1  | 16-Sep-2026 17:28:29 [boincserver] Started upload of exp_20260916T165346Z_round_robin_medium_9_0_r701612307_0
client-cluster-1    | 16-Sep-2026 17:27:42 [boincserver] Elapsed time limit 50.000000 < 120.000000; setting to 43200.000000
client-cluster-1    | 16-Sep-2026 17:27:42 [boincserver] Elapsed time limit 50.000000 < 120.000000; setting to 43200.000000
client-cluster-1    | 16-Sep-2026 17:27:42 [boincserver] Starting task exp_20260916T165346Z_round_robin_short_10_0
client-cluster-1    | 16-Sep-2026 17:27:42 [boincserver] Starting task exp_20260916T165346Z_round_robin_short_16_0
client-cluster-1    | 16-Sep-2026 17:27:42 [boincserver] Starting task exp_20260916T165346Z_round_robin_medium_4_0
client-cluster-1    | 16-Sep-2026 17:27:42 [boincserver] Starting task exp_20260916T165346Z_round_robin_medium_10_0
client-cluster-1    | 16-Sep-2026 17:27:44 [boincserver] Finished upload of exp_20260916T165346Z_round_robin_short_4_0_r48168879_0
client-cluster-1    | 16-Sep-2026 17:27:57 [boincserver] Sending scheduler request: To report completed tasks.
client-cluster-1    | 16-Sep-2026 17:27:57 [boincserver] Reporting 1 completed tasks
client-cluster-1    | 16-Sep-2026 17:27:57 [boincserver] Requesting new tasks for CPU
client-cluster-1    | 16-Sep-2026 17:27:59 [boincserver] Computation for task exp_20260916T165346Z_round_robin_short_10_0 finished
client-cluster-1    | 16-Sep-2026 17:27:59 [boincserver] Scheduler request completed: got 4 new tasks
client-cluster-1    | 16-Sep-2026 17:27:59 [boincserver] Project requested delay of 7 seconds
client-cluster-1    | 16-Sep-2026 17:28:00 [boincserver] Computation for task exp_20260916T165346Z_round_robin_short_16_0 finished
client-cluster-1    | 16-Sep-2026 17:28:01 [boincserver] Started upload of exp_20260916T165346Z_round_robin_short_10_0_r1306572358_0
client-cluster-1    | 16-Sep-2026 17:28:01 [boincserver] Starting task exp_20260916T165346Z_round_robin_medium_5_0
client-cluster-1    | 16-Sep-2026 17:28:01 [boincserver] Starting task exp_20260916T165346Z_round_robin_medium_11_0
client-phone-1      | 16-Sep-2026 17:27:15 [---]    max memory usage when idle: 8929.14 MB
client-phone-1      | 16-Sep-2026 17:27:15 [---]    max disk usage: 2.00 GB
client-phone-1      | 16-Sep-2026 17:27:15 [---]    don't use GPU while active
client-phone-1      | 16-Sep-2026 17:27:15 [---]    suspend work if non-BOINC CPU load exceeds 25%
client-phone-1      | 16-Sep-2026 17:27:15 [---]    (to change preferences, visit a project web site or select Preferences in the Manager)
client-phone-1      | 16-Sep-2026 17:27:19 [http://boincserver.local/boincserver/] Fetching scheduler list
client-phone-1      | 16-Sep-2026 17:27:21 [http://boincserver.local/boincserver/] Master file download succeeded
client-desktop-1    | 16-Sep-2026 17:28:23 [boincserver] Starting task exp_20260916T165346Z_round_robin_medium_12_0
client-desktop-1    | 16-Sep-2026 17:28:24 [boincserver] Started upload of exp_20260916T165346Z_round_robin_medium_1_0_r1567807846_0
client-desktop-1    | 16-Sep-2026 17:28:25 [boincserver] Started upload of exp_20260916T165346Z_round_robin_medium_7_0_r228740460_0
client-desktop-1    | 16-Sep-2026 17:28:26 [boincserver] Finished upload of exp_20260916T165346Z_round_robin_medium_1_0_r1567807846_0
client-desktop-1    | 16-Sep-2026 17:28:26 [boincserver] Finished upload of exp_20260916T165346Z_round_robin_medium_7_0_r228740460_0
client-desktop-1    | 16-Sep-2026 17:28:29 [boincserver] Sending scheduler request: To report completed tasks.
client-desktop-1    | 16-Sep-2026 17:28:29 [boincserver] Reporting 2 completed tasks
client-cluster-2-1  | 16-Sep-2026 17:28:31 [boincserver] Finished upload of exp_20260916T165346Z_round_robin_medium_9_0_r701612307_0
client-cluster-2-1  | 16-Sep-2026 17:28:45 [boincserver] Sending scheduler request: To report completed tasks.
client-cluster-2-1  | 16-Sep-2026 17:28:45 [boincserver] Reporting 1 completed tasks
client-cluster-1    | 16-Sep-2026 17:28:02 [boincserver] Started upload of exp_20260916T165346Z_round_robin_short_16_0_r1716829567_0
client-cluster-1    | 16-Sep-2026 17:28:03 [boincserver] Finished upload of exp_20260916T165346Z_round_robin_short_10_0_r1306572358_0
client-cluster-1    | 16-Sep-2026 17:28:03 [boincserver] Finished upload of exp_20260916T165346Z_round_robin_short_16_0_r1716829567_0
client-cluster-1    | 16-Sep-2026 17:28:09 [boincserver] Sending scheduler request: To report completed tasks.
client-cluster-1    | 16-Sep-2026 17:28:09 [boincserver] Reporting 2 completed tasks
client-cluster-1    | 16-Sep-2026 17:28:09 [boincserver] Requesting new tasks for CPU
client-low-power-1  | 16-Sep-2026 17:28:06 [boincserver] Finished upload of exp_20260916T165346Z_round_robin_short_17_0_r854616041_0
client-low-power-1  | 16-Sep-2026 17:28:09 [boincserver] Scheduler request completed: got 1 new tasks
client-low-power-1  | 16-Sep-2026 17:28:09 [boincserver] Project requested delay of 7 seconds
client-low-power-1  | 16-Sep-2026 17:28:11 [boincserver] Starting task exp_20260916T165346Z_round_robin_long_6_0
client-cluster-1    | 16-Sep-2026 17:28:15 [boincserver] Computation for task exp_20260916T165346Z_round_robin_medium_4_0 finished
client-cluster-1    | 16-Sep-2026 17:28:15 [boincserver] Starting task exp_20260916T165346Z_round_robin_long_4_0
client-cluster-1    | 16-Sep-2026 17:28:16 [boincserver] Computation for task exp_20260916T165346Z_round_robin_medium_10_0 finished
client-cluster-1    | 16-Sep-2026 17:28:16 [boincserver] Starting task exp_20260916T165346Z_round_robin_long_3_0
client-cluster-1    | 16-Sep-2026 17:28:16 [boincserver] Scheduler request completed: got 0 new tasks
client-cluster-1    | 16-Sep-2026 17:28:16 [boincserver] Project has no tasks available
client-desktop-1    | 16-Sep-2026 17:28:29 [boincserver] Requesting new tasks for CPU
client-desktop-1    | 16-Sep-2026 17:28:31 [boincserver] Scheduler request completed: got 0 new tasks
client-desktop-1    | 16-Sep-2026 17:28:31 [boincserver] Project has no tasks available
client-desktop-1    | 16-Sep-2026 17:28:31 [boincserver] Project requested delay of 7 seconds
client-low-power-1  | 16-Sep-2026 17:28:27 [boincserver] Sending scheduler request: To report completed tasks.
client-low-power-1  | 16-Sep-2026 17:28:27 [boincserver] Reporting 1 completed tasks
client-low-power-1  | 16-Sep-2026 17:28:27 [boincserver] Requesting new tasks for CPU
client-low-power-1  | 16-Sep-2026 17:28:29 [boincserver] Scheduler request completed: got 0 new tasks
client-desktop-1    | 16-Sep-2026 17:28:41 [boincserver] Sending scheduler request: To fetch work.
client-desktop-1    | 16-Sep-2026 17:28:41 [boincserver] Requesting new tasks for CPU
client-desktop-1    | 16-Sep-2026 17:28:56 [boincserver] Scheduler request completed: got 0 new tasks
client-cluster-1    | 16-Sep-2026 17:28:16 [boincserver] Project requested delay of 7 seconds
client-cluster-1    | 16-Sep-2026 17:28:17 [boincserver] Started upload of exp_20260916T165346Z_round_robin_medium_4_0_r133918066_0
client-cluster-1    | 16-Sep-2026 17:28:18 [boincserver] Started upload of exp_20260916T165346Z_round_robin_medium_10_0_r323193123_0
client-cluster-1    | 16-Sep-2026 17:28:19 [boincserver] Finished upload of exp_20260916T165346Z_round_robin_medium_4_0_r133918066_0
client-cluster-1    | 16-Sep-2026 17:28:19 [boincserver] Finished upload of exp_20260916T165346Z_round_robin_medium_10_0_r323193123_0
client-cluster-1    | 16-Sep-2026 17:28:34 [boincserver] Sending scheduler request: To report completed tasks.
client-cluster-1    | 16-Sep-2026 17:28:34 [boincserver] Reporting 2 completed tasks
client-cluster-2-1  | 16-Sep-2026 17:28:45 [boincserver] Requesting new tasks for CPU
client-cluster-2-1  | 16-Sep-2026 17:28:47 [boincserver] Scheduler request completed: got 0 new tasks
client-cluster-2-1  | 16-Sep-2026 17:28:47 [boincserver] Project has no tasks available
client-phone-1      | 16-Sep-2026 17:27:26 [http://boincserver.local/boincserver/] Sending scheduler request: Project initialization.
client-phone-1      | 16-Sep-2026 17:27:26 [http://boincserver.local/boincserver/] Requesting new tasks for CPU
client-phone-1      | 16-Sep-2026 17:27:28 [boincserver] Scheduler request completed: got 1 new tasks
client-phone-1      | 16-Sep-2026 17:27:28 [boincserver] Project requested delay of 7 seconds
client-low-power-1  | 16-Sep-2026 17:28:29 [boincserver] Project has no tasks available
client-low-power-1  | 16-Sep-2026 17:28:29 [boincserver] Project requested delay of 7 seconds
client-low-power-1  | 16-Sep-2026 17:28:39 [boincserver] Sending scheduler request: To fetch work.
client-low-power-1  | 16-Sep-2026 17:28:39 [boincserver] Requesting new tasks for CPU
client-low-power-1  | 16-Sep-2026 17:28:41 [boincserver] Scheduler request completed: got 0 new tasks
client-low-power-1  | 16-Sep-2026 17:28:41 [boincserver] Project has no tasks available
client-low-power-1  | 16-Sep-2026 17:28:41 [boincserver] Project requested delay of 7 seconds
client-cluster-1    | 16-Sep-2026 17:28:34 [boincserver] Requesting new tasks for CPU
client-cluster-1    | 16-Sep-2026 17:28:36 [boincserver] Computation for task exp_20260916T165346Z_round_robin_medium_5_0 finished
client-cluster-1    | 16-Sep-2026 17:28:36 [boincserver] Scheduler request completed: got 0 new tasks
client-cluster-1    | 16-Sep-2026 17:28:36 [boincserver] Project has no tasks available
client-cluster-1    | 16-Sep-2026 17:28:36 [boincserver] Project requested delay of 7 seconds
client-cluster-1    | 16-Sep-2026 17:28:37 [boincserver] Computation for task exp_20260916T165346Z_round_robin_medium_11_0 finished
client-cluster-2-1  | 16-Sep-2026 17:28:47 [boincserver] Project requested delay of 7 seconds
client-cluster-2-1  | 16-Sep-2026 17:28:57 [boincserver] Sending scheduler request: To fetch work.
client-cluster-2-1  | 16-Sep-2026 17:28:57 [boincserver] Requesting new tasks for CPU
client-low-power-1  | 16-Sep-2026 17:30:22 [boincserver] Computation for task exp_20260916T165346Z_round_robin_long_6_0 finished
client-low-power-1  | 16-Sep-2026 17:30:24 [boincserver] Started upload of exp_20260916T165346Z_round_robin_long_6_0_r290319576_0
client-low-power-1  | 16-Sep-2026 17:30:26 [boincserver] Finished upload of exp_20260916T165346Z_round_robin_long_6_0_r290319576_0
client-low-power-1  | 16-Sep-2026 17:30:30 [boincserver] Sending scheduler request: To report completed tasks.
client-low-power-1  | 16-Sep-2026 17:30:30 [boincserver] Reporting 1 completed tasks
client-low-power-1  | 16-Sep-2026 17:30:30 [boincserver] Requesting new tasks for CPU
client-low-power-1  | 16-Sep-2026 17:30:32 [boincserver] Scheduler request completed: got 0 new tasks
client-low-power-1  | 16-Sep-2026 17:30:32 [boincserver] Project has no tasks available
client-low-power-1  | 16-Sep-2026 17:30:32 [boincserver] Project requested delay of 7 seconds
client-cluster-1    | 16-Sep-2026 17:28:38 [boincserver] Started upload of exp_20260916T165346Z_round_robin_medium_5_0_r497523135_0
client-cluster-1    | 16-Sep-2026 17:28:39 [boincserver] Started upload of exp_20260916T165346Z_round_robin_medium_11_0_r277328133_0
client-cluster-1    | 16-Sep-2026 17:28:40 [boincserver] Finished upload of exp_20260916T165346Z_round_robin_medium_5_0_r497523135_0
client-cluster-1    | 16-Sep-2026 17:28:40 [boincserver] Finished upload of exp_20260916T165346Z_round_robin_medium_11_0_r277328133_0
client-low-power-1  | 16-Sep-2026 17:30:42 [boincserver] Sending scheduler request: To fetch work.
client-low-power-1  | 16-Sep-2026 17:30:42 [boincserver] Requesting new tasks for CPU
client-cluster-2-1  | 16-Sep-2026 17:29:03 [boincserver] Scheduler request completed: got 0 new tasks
client-cluster-2-1  | 16-Sep-2026 17:29:03 [boincserver] Project has no tasks available
client-phone-1      | 16-Sep-2026 17:27:30 [boincserver] Started download of hybrid_synthetic_1.0_aarch64-unknown-linux-gnu
client-low-power-1  | 16-Sep-2026 17:30:44 [boincserver] Scheduler request completed: got 0 new tasks
client-low-power-1  | 16-Sep-2026 17:30:44 [boincserver] Project has no tasks available
client-low-power-1  | 16-Sep-2026 17:30:44 [boincserver] Project requested delay of 7 seconds
client-phone-1      | 16-Sep-2026 17:27:30 [boincserver] Started download of hybrid_synthetic_input.txt
client-phone-1      | 16-Sep-2026 17:27:32 [boincserver] Finished download of hybrid_synthetic_1.0_aarch64-unknown-linux-gnu
client-cluster-2-1  | 16-Sep-2026 17:29:03 [boincserver] Project requested delay of 7 seconds
client-cluster-2-1  | 16-Sep-2026 17:30:02 [boincserver] Computation for task exp_20260916T165346Z_round_robin_long_1_0 finished
client-cluster-2-1  | 16-Sep-2026 17:30:04 [boincserver] Started upload of exp_20260916T165346Z_round_robin_long_1_0_r1117694472_0
client-cluster-2-1  | 16-Sep-2026 17:30:06 [boincserver] Finished upload of exp_20260916T165346Z_round_robin_long_1_0_r1117694472_0
client-cluster-2-1  | 16-Sep-2026 17:30:09 [boincserver] Sending scheduler request: To report completed tasks.
client-cluster-1    | 16-Sep-2026 17:28:46 [boincserver] Sending scheduler request: To report completed tasks.
client-cluster-1    | 16-Sep-2026 17:28:46 [boincserver] Reporting 2 completed tasks
client-cluster-1    | 16-Sep-2026 17:28:46 [boincserver] Requesting new tasks for CPU
client-cluster-1    | 16-Sep-2026 17:28:48 [boincserver] Scheduler request completed: got 0 new tasks
client-phone-1      | 16-Sep-2026 17:27:32 [boincserver] Finished download of hybrid_synthetic_input.txt
client-phone-1      | 16-Sep-2026 17:27:32 [boincserver] Elapsed time limit 50.000000 < 120.000000; setting to 43200.000000
client-phone-1      | 16-Sep-2026 17:27:32 [boincserver] Starting task exp_20260916T165346Z_round_robin_short_3_0
client-phone-1      | 16-Sep-2026 17:27:38 [boincserver] Sending scheduler request: To fetch work.
client-desktop-1    | 16-Sep-2026 17:28:56 [boincserver] Project has no tasks available
client-desktop-1    | 16-Sep-2026 17:28:56 [boincserver] Project requested delay of 7 seconds
client-desktop-1    | 16-Sep-2026 17:28:57 [boincserver] Computation for task exp_20260916T165346Z_round_robin_medium_12_0 finished
client-desktop-1    | 16-Sep-2026 17:28:58 [boincserver] Computation for task exp_20260916T165346Z_round_robin_medium_6_0 finished
client-desktop-1    | 16-Sep-2026 17:28:59 [boincserver] Started upload of exp_20260916T165346Z_round_robin_medium_12_0_r1498449244_0
client-desktop-1    | 16-Sep-2026 17:29:00 [boincserver] Started upload of exp_20260916T165346Z_round_robin_medium_6_0_r874777307_0
client-desktop-1    | 16-Sep-2026 17:29:01 [boincserver] Finished upload of exp_20260916T165346Z_round_robin_medium_12_0_r1498449244_0
client-desktop-1    | 16-Sep-2026 17:29:01 [boincserver] Finished upload of exp_20260916T165346Z_round_robin_medium_6_0_r874777307_0
client-desktop-1    | 16-Sep-2026 17:29:06 [boincserver] Sending scheduler request: To report completed tasks.
client-desktop-1    | 16-Sep-2026 17:29:06 [boincserver] Reporting 2 completed tasks
client-desktop-1    | 16-Sep-2026 17:29:06 [boincserver] Requesting new tasks for CPU
client-desktop-1    | 16-Sep-2026 17:29:08 [boincserver] Scheduler request completed: got 0 new tasks
client-desktop-1    | 16-Sep-2026 17:29:08 [boincserver] Project has no tasks available
client-desktop-1    | 16-Sep-2026 17:29:08 [boincserver] Project requested delay of 7 seconds
client-cluster-2-1  | 16-Sep-2026 17:30:09 [boincserver] Reporting 1 completed tasks
client-cluster-2-1  | 16-Sep-2026 17:30:09 [boincserver] Requesting new tasks for CPU
client-cluster-2-1  | 16-Sep-2026 17:30:11 [boincserver] Scheduler request completed: got 0 new tasks
client-cluster-2-1  | 16-Sep-2026 17:30:11 [boincserver] Project has no tasks available
client-cluster-2-1  | 16-Sep-2026 17:30:11 [boincserver] Project requested delay of 7 seconds
client-desktop-1    | 16-Sep-2026 17:29:18 [boincserver] Sending scheduler request: To fetch work.
client-desktop-1    | 16-Sep-2026 17:29:18 [boincserver] Requesting new tasks for CPU
client-desktop-1    | 16-Sep-2026 17:29:32 [boincserver] Scheduler request completed: got 0 new tasks
client-desktop-1    | 16-Sep-2026 17:29:32 [boincserver] Project has no tasks available
client-desktop-1    | 16-Sep-2026 17:29:32 [boincserver] Project requested delay of 7 seconds
client-cluster-1    | 16-Sep-2026 17:28:48 [boincserver] Project has no tasks available
client-cluster-1    | 16-Sep-2026 17:28:48 [boincserver] Project requested delay of 7 seconds
client-cluster-1    | 16-Sep-2026 17:28:58 [boincserver] Sending scheduler request: To fetch work.
client-cluster-1    | 16-Sep-2026 17:28:58 [boincserver] Requesting new tasks for CPU
client-cluster-2-1  | 16-Sep-2026 17:30:14 [boincserver] Computation for task exp_20260916T165346Z_round_robin_long_2_0 finished
client-cluster-2-1  | 16-Sep-2026 17:30:16 [boincserver] Started upload of exp_20260916T165346Z_round_robin_long_2_0_r1662119115_0
client-cluster-2-1  | 16-Sep-2026 17:30:18 [boincserver] Finished upload of exp_20260916T165346Z_round_robin_long_2_0_r1662119115_0
client-cluster-2-1  | 16-Sep-2026 17:30:21 [boincserver] Sending scheduler request: To report completed tasks.
client-cluster-2-1  | 16-Sep-2026 17:30:21 [boincserver] Reporting 1 completed tasks
client-cluster-2-1  | 16-Sep-2026 17:30:21 [boincserver] Requesting new tasks for CPU
client-cluster-2-1  | 16-Sep-2026 17:30:23 [boincserver] Scheduler request completed: got 0 new tasks
client-cluster-2-1  | 16-Sep-2026 17:30:23 [boincserver] Project has no tasks available
client-cluster-2-1  | 16-Sep-2026 17:30:23 [boincserver] Project requested delay of 7 seconds
client-cluster-2-1  | 16-Sep-2026 17:30:37 [boincserver] Sending scheduler request: To fetch work.
client-cluster-2-1  | 16-Sep-2026 17:30:37 [boincserver] Requesting new tasks for CPU
client-cluster-2-1  | 16-Sep-2026 17:30:39 [boincserver] Scheduler request completed: got 0 new tasks
client-cluster-2-1  | 16-Sep-2026 17:30:39 [boincserver] Project has no tasks available
client-cluster-2-1  | 16-Sep-2026 17:30:39 [boincserver] Project requested delay of 7 seconds
client-phone-1      | 16-Sep-2026 17:27:38 [boincserver] Requesting new tasks for CPU
client-phone-1      | 16-Sep-2026 17:27:40 [boincserver] Scheduler request completed: got 1 new tasks
client-phone-1      | 16-Sep-2026 17:27:40 [boincserver] Project requested delay of 7 seconds
client-phone-1      | 16-Sep-2026 17:27:41 [boincserver] Computation for task exp_20260916T165346Z_round_robin_short_3_0 finished
client-cluster-1    | 16-Sep-2026 17:29:17 [boincserver] Scheduler request completed: got 0 new tasks
client-cluster-1    | 16-Sep-2026 17:29:17 [boincserver] Project has no tasks available
client-phone-1      | 16-Sep-2026 17:27:42 [boincserver] Elapsed time limit 50.000000 < 120.000000; setting to 43200.000000
client-phone-1      | 16-Sep-2026 17:27:42 [boincserver] Starting task exp_20260916T165346Z_round_robin_short_15_0
client-phone-1      | 16-Sep-2026 17:27:43 [boincserver] Started upload of exp_20260916T165346Z_round_robin_short_3_0_r993778635_0
client-phone-1      | 16-Sep-2026 17:27:45 [boincserver] Finished upload of exp_20260916T165346Z_round_robin_short_3_0_r993778635_0
client-phone-1      | 16-Sep-2026 17:27:50 [boincserver] Sending scheduler request: To report completed tasks.
client-phone-1      | 16-Sep-2026 17:27:50 [boincserver] Reporting 1 completed tasks
client-phone-1      | 16-Sep-2026 17:27:50 [boincserver] Requesting new tasks for CPU
client-phone-1      | 16-Sep-2026 17:27:51 [boincserver] Computation for task exp_20260916T165346Z_round_robin_short_15_0 finished
client-phone-1      | 16-Sep-2026 17:27:52 [boincserver] Scheduler request completed: got 1 new tasks
client-phone-1      | 16-Sep-2026 17:27:52 [boincserver] Project requested delay of 7 seconds
client-cluster-1    | 16-Sep-2026 17:29:17 [boincserver] Project requested delay of 7 seconds
client-cluster-1    | 16-Sep-2026 17:30:29 [boincserver] Computation for task exp_20260916T165346Z_round_robin_long_4_0 finished
client-cluster-1    | 16-Sep-2026 17:30:30 [boincserver] Computation for task exp_20260916T165346Z_round_robin_long_3_0 finished
client-cluster-1    | 16-Sep-2026 17:30:31 [boincserver] Started upload of exp_20260916T165346Z_round_robin_long_4_0_r1479513434_0
client-cluster-1    | 16-Sep-2026 17:30:32 [boincserver] Started upload of exp_20260916T165346Z_round_robin_long_3_0_r1077389431_0
client-cluster-1    | 16-Sep-2026 17:30:33 [boincserver] Finished upload of exp_20260916T165346Z_round_robin_long_4_0_r1479513434_0
client-cluster-1    | 16-Sep-2026 17:30:33 [boincserver] Finished upload of exp_20260916T165346Z_round_robin_long_3_0_r1077389431_0
client-cluster-1    | 16-Sep-2026 17:30:37 [boincserver] Sending scheduler request: To report completed tasks.
client-cluster-1    | 16-Sep-2026 17:30:37 [boincserver] Reporting 2 completed tasks
client-cluster-1    | 16-Sep-2026 17:30:37 [boincserver] Requesting new tasks for CPU
client-phone-1      | 16-Sep-2026 17:27:53 [boincserver] Started upload of exp_20260916T165346Z_round_robin_short_15_0_r682442594_0
client-phone-1      | 16-Sep-2026 17:27:54 [boincserver] Starting task exp_20260916T165346Z_round_robin_medium_3_0
client-phone-1      | 16-Sep-2026 17:27:55 [boincserver] Finished upload of exp_20260916T165346Z_round_robin_short_15_0_r682442594_0
client-phone-1      | 16-Sep-2026 17:28:02 [boincserver] Sending scheduler request: To report completed tasks.
client-phone-1      | 16-Sep-2026 17:28:02 [boincserver] Reporting 1 completed tasks
client-phone-1      | 16-Sep-2026 17:28:02 [boincserver] Requesting new tasks for CPU
client-phone-1      | 16-Sep-2026 17:28:04 [boincserver] Scheduler request completed: got 1 new tasks
client-phone-1      | 16-Sep-2026 17:28:04 [boincserver] Project requested delay of 7 seconds
client-cluster-1    | 16-Sep-2026 17:30:39 [boincserver] Scheduler request completed: got 0 new tasks
client-cluster-1    | 16-Sep-2026 17:30:39 [boincserver] Project has no tasks available
client-cluster-1    | 16-Sep-2026 17:30:39 [boincserver] Project requested delay of 7 seconds
client-cluster-1    | 16-Sep-2026 17:30:49 [boincserver] Sending scheduler request: To fetch work.
client-cluster-1    | 16-Sep-2026 17:30:49 [boincserver] Requesting new tasks for CPU
client-cluster-1    | 16-Sep-2026 17:30:51 [boincserver] Scheduler request completed: got 0 new tasks
client-cluster-1    | 16-Sep-2026 17:30:51 [boincserver] Project has no tasks available
client-cluster-1    | 16-Sep-2026 17:30:51 [boincserver] Project requested delay of 7 seconds
client-phone-1      | 16-Sep-2026 17:28:14 [boincserver] Sending scheduler request: To fetch work.
client-phone-1      | 16-Sep-2026 17:28:14 [boincserver] Requesting new tasks for CPU
client-phone-1      | 16-Sep-2026 17:28:16 [boincserver] Scheduler request completed: got 0 new tasks
client-phone-1      | 16-Sep-2026 17:28:16 [boincserver] Project has no tasks available
client-phone-1      | 16-Sep-2026 17:28:16 [boincserver] Project requested delay of 7 seconds
client-phone-1      | 16-Sep-2026 17:28:37 [boincserver] Computation for task exp_20260916T165346Z_round_robin_medium_3_0 finished
client-phone-1      | 16-Sep-2026 17:28:37 [boincserver] Starting task exp_20260916T165346Z_round_robin_long_5_0
client-phone-1      | 16-Sep-2026 17:28:39 [boincserver] Started upload of exp_20260916T165346Z_round_robin_medium_3_0_r1708124461_0
client-phone-1      | 16-Sep-2026 17:28:41 [boincserver] Finished upload of exp_20260916T165346Z_round_robin_medium_3_0_r1708124461_0
client-phone-1      | 16-Sep-2026 17:28:42 [boincserver] Sending scheduler request: To report completed tasks.
client-phone-1      | 16-Sep-2026 17:28:42 [boincserver] Reporting 1 completed tasks
client-phone-1      | 16-Sep-2026 17:28:42 [boincserver] Requesting new tasks for CPU
client-phone-1      | 16-Sep-2026 17:28:44 [boincserver] Scheduler request completed: got 0 new tasks
client-phone-1      | 16-Sep-2026 17:28:44 [boincserver] Project has no tasks available
client-phone-1      | 16-Sep-2026 17:28:44 [boincserver] Project requested delay of 7 seconds
client-phone-1      | 16-Sep-2026 17:28:54 [boincserver] Sending scheduler request: To fetch work.
client-phone-1      | 16-Sep-2026 17:28:54 [boincserver] Requesting new tasks for CPU
client-phone-1      | 16-Sep-2026 17:28:56 [boincserver] Scheduler request completed: got 0 new tasks
client-phone-1      | 16-Sep-2026 17:28:56 [boincserver] Project has no tasks available
client-phone-1      | 16-Sep-2026 17:28:56 [boincserver] Project requested delay of 7 seconds
client-phone-1      | 16-Sep-2026 17:30:41 [boincserver] Computation for task exp_20260916T165346Z_round_robin_long_5_0 finished
client-phone-1      | 16-Sep-2026 17:30:43 [boincserver] Started upload of exp_20260916T165346Z_round_robin_long_5_0_r2000111495_0
client-phone-1      | 16-Sep-2026 17:30:45 [boincserver] Finished upload of exp_20260916T165346Z_round_robin_long_5_0_r2000111495_0
client-phone-1      | 16-Sep-2026 17:30:49 [boincserver] Sending scheduler request: To report completed tasks.
client-phone-1      | 16-Sep-2026 17:30:49 [boincserver] Reporting 1 completed tasks
client-phone-1      | 16-Sep-2026 17:30:49 [boincserver] Requesting new tasks for CPU
client-phone-1      | 16-Sep-2026 17:30:51 [boincserver] Scheduler request completed: got 0 new tasks
client-phone-1      | 16-Sep-2026 17:30:51 [boincserver] Project has no tasks available
client-phone-1      | 16-Sep-2026 17:30:51 [boincserver] Project requested delay of 7 seconds
client-phone-1      | 16-Sep-2026 17:30:59 [boincserver] Sending scheduler request: To fetch work.
client-phone-1      | 16-Sep-2026 17:30:59 [boincserver] Requesting new tasks for CPU
client-phone-1      | 16-Sep-2026 17:31:01 [boincserver] Scheduler request completed: got 0 new tasks
client-phone-1      | 16-Sep-2026 17:31:01 [boincserver] Project has no tasks available
client-phone-1      | 16-Sep-2026 17:31:01 [boincserver] Project requested delay of 7 seconds
