client-desktop-1  | 16-Sep-2026 18:27:18 [---] Starting BOINC client version 7.20.5 for aarch64-unknown-linux-gnu
client-desktop-1  | 16-Sep-2026 18:27:18 [---] This a development version of BOINC and may not function properly
client-desktop-1  | 16-Sep-2026 18:27:18 [---] log flags: file_xfer, sched_ops, task
client-desktop-1  | 16-Sep-2026 18:27:18 [---] Libraries: libcurl/7.88.1 OpenSSL/3.0.20 zlib/1.2.13 brotli/1.0.9 zstd/1.5.4 libidn2/2.3.3 libpsl/0.21.2 (+libidn2/2.3.3) libssh2/1.10.0 nghttp2/1.52.0 librtmp/2.3 OpenLDAP/2.5.13
client-desktop-1  | 16-Sep-2026 18:27:18 [---] Data directory: /var/lib/boinc-client
client-desktop-1  | 16-Sep-2026 18:27:18 [---] No usable GPUs found
client-desktop-1  | 16-Sep-2026 18:27:18 [---] Creating new client state file
client-desktop-1  | 16-Sep-2026 18:27:18 [---] libc:  version 2.36
client-desktop-1  | 16-Sep-2026 18:27:18 [---] Host name: desktop-01
client-desktop-1  | 16-Sep-2026 18:27:18 [---] Processor: 2 ARM  [Impl 0x61 Arch 8 Variant 0x0 Part 0x000 Rev 0]
client-desktop-1  | 16-Sep-2026 18:27:18 [---] Processor features: fp asimd evtstrm aes pmull sha1 sha2 crc32 atomics fphp asimdhp cpuid asimdrdm jscvt fcma lrcpc dcpop sha3 asimddp sha512 asimdfhm dit uscat ilrcpc flagm sb paca pacg dcpodp flagm2 frint i8mm bf16 bti afp
client-desktop-1  | 16-Sep-2026 18:27:18 [---] OS: Linux Debian GNU/Linux: Debian GNU/Linux 12 (bookworm) [6.8.0-100-generic|libc 2.36]
client-desktop-1  | 16-Sep-2026 18:27:18 [---] Memory: 9.69 GB physical, 0 bytes virtual
client-desktop-1    | 16-Sep-2026 18:27:18 [---] Disk: 18.33 GB total, 15.45 GB free
client-desktop-1    | 16-Sep-2026 18:27:18 [---] Local time is UTC +0 hours
client-desktop-1    | 16-Sep-2026 18:27:18 [---] Config: GUI RPC allowed from any host
client-desktop-1    | 16-Sep-2026 18:27:18 [---] Config: simulate 2 CPUs
client-cluster-1  | 16-Sep-2026 18:27:18 [---] Starting BOINC client version 7.20.5 for aarch64-unknown-linux-gnu
client-cluster-1    | 16-Sep-2026 18:27:18 [---] This a development version of BOINC and may not function properly
client-cluster-1    | 16-Sep-2026 18:27:18 [---] log flags: file_xfer, sched_ops, task
client-phone-2-1    | 16-Sep-2026 18:27:18 [---] Starting BOINC client version 7.20.5 for aarch64-unknown-linux-gnu
client-phone-2-1    | 16-Sep-2026 18:27:18 [---] This a development version of BOINC and may not function properly
mysql-1             | Initializing database
client-phone-1    | 16-Sep-2026 18:27:23 [---] Starting BOINC client version 7.20.5 for aarch64-unknown-linux-gnu
client-cluster-1    | 16-Sep-2026 18:27:18 [---] Libraries: libcurl/7.88.1 OpenSSL/3.0.20 zlib/1.2.13 brotli/1.0.9 zstd/1.5.4 libidn2/2.3.3 libpsl/0.21.2 (+libidn2/2.3.3) libssh2/1.10.0 nghttp2/1.52.0 librtmp/2.3 OpenLDAP/2.5.13
client-cluster-1    | 16-Sep-2026 18:27:18 [---] Data directory: /var/lib/boinc-client
client-cluster-1    | 16-Sep-2026 18:27:18 [---] No usable GPUs found
client-low-power-1  | 16-Sep-2026 18:27:17 [---] Starting BOINC client version 7.20.5 for aarch64-unknown-linux-gnu
client-phone-2-1    | 16-Sep-2026 18:27:18 [---] log flags: file_xfer, sched_ops, task
client-phone-2-1    | 16-Sep-2026 18:27:18 [---] Libraries: libcurl/7.88.1 OpenSSL/3.0.20 zlib/1.2.13 brotli/1.0.9 zstd/1.5.4 libidn2/2.3.3 libpsl/0.21.2 (+libidn2/2.3.3) libssh2/1.10.0 nghttp2/1.52.0 librtmp/2.3 OpenLDAP/2.5.13
client-phone-2-1    | 16-Sep-2026 18:27:18 [---] Data directory: /var/lib/boinc-client
client-phone-1      | 16-Sep-2026 18:27:23 [---] This a development version of BOINC and may not function properly
client-phone-1      | 16-Sep-2026 18:27:23 [---] log flags: file_xfer, sched_ops, task
client-phone-1      | 16-Sep-2026 18:27:23 [---] Libraries: libcurl/7.88.1 OpenSSL/3.0.20 zlib/1.2.13 brotli/1.0.9 zstd/1.5.4 libidn2/2.3.3 libpsl/0.21.2 (+libidn2/2.3.3) libssh2/1.10.0 nghttp2/1.52.0 librtmp/2.3 OpenLDAP/2.5.13
client-phone-1      | 16-Sep-2026 18:27:23 [---] Data directory: /var/lib/boinc-client
client-phone-1      | 16-Sep-2026 18:27:23 [---] No usable GPUs found
client-phone-1      | 16-Sep-2026 18:27:23 [---] Creating new client state file
client-phone-1      | 16-Sep-2026 18:27:23 [---] libc:  version 2.36
client-phone-1      | 16-Sep-2026 18:27:23 [---] Host name: phone-01
client-cluster-2-1  | 16-Sep-2026 18:27:17 [---] Starting BOINC client version 7.20.5 for aarch64-unknown-linux-gnu
client-cluster-2-1  | 16-Sep-2026 18:27:17 [---] This a development version of BOINC and may not function properly
mysql-1             | 
mysql-1             | 
client-phone-2-1    | 16-Sep-2026 18:27:18 [---] No usable GPUs found
client-phone-2-1    | 16-Sep-2026 18:27:18 [---] Creating new client state file
client-phone-2-1    | 16-Sep-2026 18:27:18 [---] libc:  version 2.36
client-phone-2-1    | 16-Sep-2026 18:27:18 [---] Host name: phone-02
client-phone-2-1    | 16-Sep-2026 18:27:18 [---] Processor: 1 ARM  [Impl 0x61 Arch 8 Variant 0x0 Part 0x000 Rev 0]
client-phone-1      | 16-Sep-2026 18:27:23 [---] Processor: 1 ARM  [Impl 0x61 Arch 8 Variant 0x0 Part 0x000 Rev 0]
client-phone-1      | 16-Sep-2026 18:27:23 [---] Processor features: fp asimd evtstrm aes pmull sha1 sha2 crc32 atomics fphp asimdhp cpuid asimdrdm jscvt fcma lrcpc dcpop sha3 asimddp sha512 asimdfhm dit uscat ilrcpc flagm sb paca pacg dcpodp flagm2 frint i8mm bf16 bti afp
client-phone-1      | 16-Sep-2026 18:27:23 [---] OS: Linux Debian GNU/Linux: Debian GNU/Linux 12 (bookworm) [6.8.0-100-generic|libc 2.36]
client-phone-1      | 16-Sep-2026 18:27:23 [---] Memory: 9.69 GB physical, 0 bytes virtual
client-phone-1      | 16-Sep-2026 18:27:23 [---] Disk: 18.33 GB total, 15.45 GB free
client-phone-1      | 16-Sep-2026 18:27:23 [---] Local time is UTC +0 hours
makeproject-1     | Updating project files in data volume...
makeproject-1       | Waiting for MySQL server to start...
makeproject-1       | Creating database...
makeproject-1       | added platform: (create_time, name, user_friendly_name) values (1789583152, 'windows_intelx86', 'Microsoft Windows (98 or later) running on an Intel x86-compatible CPU')
makeproject-1       | added platform: (create_time, name, user_friendly_name) values (1789583152, 'windows_x86_64', 'Microsoft Windows running on an AMD x86_64 or Intel EM64T CPU')
client-low-power-1  | 16-Sep-2026 18:27:17 [---] This a development version of BOINC and may not function properly
client-low-power-1  | 16-Sep-2026 18:27:17 [---] log flags: file_xfer, sched_ops, task
client-low-power-1  | 16-Sep-2026 18:27:17 [---] Libraries: libcurl/7.88.1 OpenSSL/3.0.20 zlib/1.2.13 brotli/1.0.9 zstd/1.5.4 libidn2/2.3.3 libpsl/0.21.2 (+libidn2/2.3.3) libssh2/1.10.0 nghttp2/1.52.0 librtmp/2.3 OpenLDAP/2.5.13
client-low-power-1  | 16-Sep-2026 18:27:17 [---] Data directory: /var/lib/boinc-client
client-low-power-1  | 16-Sep-2026 18:27:17 [---] No usable GPUs found
client-phone-2-1    | 16-Sep-2026 18:27:18 [---] Processor features: fp asimd evtstrm aes pmull sha1 sha2 crc32 atomics fphp asimdhp cpuid asimdrdm jscvt fcma lrcpc dcpop sha3 asimddp sha512 asimdfhm dit uscat ilrcpc flagm sb paca pacg dcpodp flagm2 frint i8mm bf16 bti afp
client-phone-2-1    | 16-Sep-2026 18:27:18 [---] OS: Linux Debian GNU/Linux: Debian GNU/Linux 12 (bookworm) [6.8.0-100-generic|libc 2.36]
client-phone-2-1    | 16-Sep-2026 18:27:18 [---] Memory: 9.69 GB physical, 0 bytes virtual
mysql-1             | PLEASE REMEMBER TO SET A PASSWORD FOR THE MariaDB root USER !
mysql-1             | To do so, start the server, then issue the following commands:
mysql-1             | 
client-phone-1      | 16-Sep-2026 18:27:23 [---] Config: GUI RPC allowed from any host
client-phone-1      | 16-Sep-2026 18:27:23 [---] Config: simulate 1 CPUs
client-phone-1      | 16-Sep-2026 18:27:23 [---] Config: report completed tasks immediately
client-phone-1      | 16-Sep-2026 18:27:23 [---] No general preferences found - using defaults
makeproject-1       | added platform: (create_time, name, user_friendly_name) values (1789583152, 'windows_arm64', 'Microsoft Windows running on ARM 64-bit')
makeproject-1       | added platform: (create_time, name, user_friendly_name) values (1789583152, 'i686-pc-linux-gnu', 'Linux running on an Intel x86-compatible CPU')
makeproject-1       | added platform: (create_time, name, user_friendly_name) values (1789583152, 'x86_64-pc-linux-gnu', 'Linux running on an AMD x86_64 or Intel EM64T CPU')
makeproject-1       | added platform: (create_time, name, user_friendly_name) values (1789583152, 'powerpc-apple-darwin', 'Mac OS X 10.3 or later running on Motorola PowerPC')
makeproject-1       | added platform: (create_time, name, user_friendly_name) values (1789583152, 'i686-apple-darwin', 'Mac OS 10.4 or later running on Intel')
makeproject-1       | added platform: (create_time, name, user_friendly_name) values (1789583152, 'x86_64-apple-darwin', 'Intel 64-bit Mac OS 10.5 or later')
makeproject-1       | added platform: (create_time, name, user_friendly_name) values (1789583152, 'arm64-apple-darwin', 'Mac OS running on ARM')
makeproject-1       | added platform: (create_time, name, user_friendly_name) values (1789583152, 'sparc-sun-solaris2.7', 'Solaris 2.7 running on a SPARC-compatible CPU')
makeproject-1       | added platform: (create_time, name, user_friendly_name) values (1789583152, 'sparc-sun-solaris', 'Solaris 2.8 or later running on a SPARC-compatible CPU')
makeproject-1       | added platform: (create_time, name, user_friendly_name) values (1789583152, 'sparc64-sun-solaris', 'Solaris 2.8 or later running on a SPARC 64-bit CPU')
client-phone-2-1    | 16-Sep-2026 18:27:18 [---] Disk: 18.33 GB total, 15.45 GB free
client-phone-2-1    | 16-Sep-2026 18:27:18 [---] Local time is UTC +0 hours
client-phone-2-1    | 16-Sep-2026 18:27:18 [---] Config: GUI RPC allowed from any host
client-phone-2-1    | 16-Sep-2026 18:27:18 [---] Config: simulate 1 CPUs
client-low-power-1  | 16-Sep-2026 18:27:17 [---] Creating new client state file
client-low-power-1  | 16-Sep-2026 18:27:17 [---] libc:  version 2.36
client-phone-1      | 16-Sep-2026 18:27:23 [---] Reading preferences override file
client-phone-1      | 16-Sep-2026 18:27:23 [---] Preferences:
client-phone-1      | 16-Sep-2026 18:27:23 [---]    max memory usage when active: 8929.14 MB
client-cluster-1    | 16-Sep-2026 18:27:18 [---] Creating new client state file
client-cluster-1    | 16-Sep-2026 18:27:18 [---] libc:  version 2.36
apache-1            | /usr/lib/python2.7/dist-packages/supervisor/options.py:461: UserWarning: Supervisord is running as root and it is searching for its configuration file in default locations (including its current working directory); you probably want to specify a "-c" argument specifying an absolute path to a configuration file for improved security.
apache-1            |   'Supervisord is running as root and it is searching '
apache-1            | 2026-09-16 18:25:42,275 CRIT Supervisor is running as root.  Privileges were not dropped because no user is specified in the config file.  If you intend to run as root, you can set user=root in the config file to avoid this message.
apache-1            | 2026-09-16 18:25:42,275 INFO Included extra file "/etc/supervisor/conf.d/supervisord.conf" during parsing
apache-1            | 2026-09-16 18:25:42,278 INFO RPC interface 'supervisor' initialized
apache-1            | 2026-09-16 18:25:42,278 CRIT Server 'unix_http_server' running without any HTTP authentication checking
apache-1            | 2026-09-16 18:25:42,278 INFO supervisord started with pid 1
apache-1            | 2026-09-16 18:25:43,286 INFO spawned: 'cron' with pid 9
client-desktop-1    | 16-Sep-2026 18:27:18 [---] Config: report completed tasks immediately
client-desktop-1    | 16-Sep-2026 18:27:18 [---] No general preferences found - using defaults
client-desktop-1    | 16-Sep-2026 18:27:18 [---] Reading preferences override file
client-desktop-1    | 16-Sep-2026 18:27:18 [---] Preferences:
client-desktop-1    | 16-Sep-2026 18:27:18 [---]    max memory usage when active: 8929.14 MB
client-desktop-1    | 16-Sep-2026 18:27:18 [---]    max memory usage when idle: 8929.14 MB
client-desktop-1    | dir_open: Could not open directory 'slots' from '/var/lib/boinc-client'.
client-desktop-1    | 16-Sep-2026 18:27:18 [---]    max disk usage: 2.00 GB
client-desktop-1    | 16-Sep-2026 18:27:18 [---]    don't use GPU while active
client-desktop-1    | 16-Sep-2026 18:27:18 [---]    suspend work if non-BOINC CPU load exceeds 25%
client-desktop-1    | 16-Sep-2026 18:27:18 [---]    (to change preferences, visit a project web site or select Preferences in the Manager)
client-desktop-1    | 16-Sep-2026 18:27:18 [---] Setting up project and slot directories
makeproject-1       | added platform: (create_time, name, user_friendly_name) values (1789583152, 'powerpc64-ps3-linux-gnu', 'Sony Playstation 3 running Linux')
makeproject-1       | added platform: (create_time, name, user_friendly_name) values (1789583152, 'arm-android-linux-gnu', 'Android running on ARM armeabi-v7a')
makeproject-1       | added platform: (create_time, name, user_friendly_name) values (1789583152, 'aarch64-android-linux-gnu', 'Android running on ARM 64-bit arm64-v8a')
makeproject-1       | added platform: (create_time, name, user_friendly_name) values (1789583152, 'x86_64-android-linux-gnu', 'Android running on Intel x64 compatible')
makeproject-1       | added platform: (create_time, name, user_friendly_name) values (1789583152, 'x86-android-linux-gnu', 'Android running on Intel x86 compatible')
makeproject-1       | added platform: (create_time, name, user_friendly_name) values (1789583152, 'arm-unknown-linux-gnueabihf', 'Linux running on ARM, hardware FP')
makeproject-1       | added platform: (create_time, name, user_friendly_name) values (1789583152, 'aarch64-unknown-linux-gnu', 'Linux running on ARM64')
client-low-power-1  | 16-Sep-2026 18:27:17 [---] Host name: low-power-01
client-low-power-1  | 16-Sep-2026 18:27:17 [---] Processor: 1 ARM  [Impl 0x61 Arch 8 Variant 0x0 Part 0x000 Rev 0]
client-low-power-1  | 16-Sep-2026 18:27:17 [---] Processor features: fp asimd evtstrm aes pmull sha1 sha2 crc32 atomics fphp asimdhp cpuid asimdrdm jscvt fcma lrcpc dcpop sha3 asimddp sha512 asimdfhm dit uscat ilrcpc flagm sb paca pacg dcpodp flagm2 frint i8mm bf16 bti afp
client-low-power-1  | 16-Sep-2026 18:27:17 [---] OS: Linux Debian GNU/Linux: Debian GNU/Linux 12 (bookworm) [6.8.0-100-generic|libc 2.36]
client-low-power-1  | 16-Sep-2026 18:27:17 [---] Memory: 9.69 GB physical, 0 bytes virtual
client-phone-2-1    | 16-Sep-2026 18:27:18 [---] Config: report completed tasks immediately
client-phone-2-1    | 16-Sep-2026 18:27:18 [---] No general preferences found - using defaults
client-phone-2-1    | 16-Sep-2026 18:27:18 [---] Reading preferences override file
client-desktop-1    | 16-Sep-2026 18:27:18 [---] Checking active tasks
client-desktop-1    | 16-Sep-2026 18:27:18 [---] Setting up GUI RPC socket
client-desktop-1    | 16-Sep-2026 18:27:18 [---] Checking presence of 0 project files
client-desktop-1    | 16-Sep-2026 18:27:18 [---] This computer is not attached to any projects
apache-1            | 2026-09-16 18:25:43,289 INFO spawned: 'start' with pid 10
apache-1            | 2026-09-16 18:25:43,292 INFO spawned: 'rsyslogd' with pid 11
apache-1            | 2026-09-16 18:25:43,293 INFO spawned: 'apache2' with pid 12
apache-1            | 2026-09-16 18:25:45,277 INFO success: cron entered RUNNING state, process has stayed up for > than 1 seconds (startsecs)
apache-1            | 2026-09-16 18:25:45,277 INFO success: start entered RUNNING state, process has stayed up for > than 1 seconds (startsecs)
apache-1            | 2026-09-16 18:25:45,277 INFO success: rsyslogd entered RUNNING state, process has stayed up for > than 1 seconds (startsecs)
apache-1            | 2026-09-16 18:25:45,277 INFO success: apache2 entered RUNNING state, process has stayed up for > than 1 seconds (startsecs)
apache-1            | 2026-09-16 18:25:58,752 INFO reaped unknown pid 64
apache-1            | 2026-09-16 18:25:58,752 INFO reaped unknown pid 66
apache-1            | 2026-09-16 18:25:58,752 INFO reaped unknown pid 68
apache-1            | 2026-09-16 18:26:00,376 INFO reaped unknown pid 67
makeproject-1       | added platform: (create_time, name, user_friendly_name) values (1789583152, 'anonymous', 'anonymous')
makeproject-1       | 
client-phone-1      | 16-Sep-2026 18:27:23 [---]    max memory usage when idle: 8929.14 MB
client-phone-1      | dir_open: Could not open directory 'slots' from '/var/lib/boinc-client'.
client-phone-1      | 16-Sep-2026 18:27:23 [---]    max disk usage: 2.00 GB
client-phone-1      | 16-Sep-2026 18:27:23 [---]    don't use GPU while active
client-desktop-1    | 16-Sep-2026 18:27:18 Initialization completed
client-desktop-1    | dir_open: Could not open directory 'projects/boincserver.local_boincserver' from '/var/lib/boinc-client'.
apache-1            | 2026-09-16 18:26:00,376 INFO reaped unknown pid 69
apache-1            | 2026-09-16 18:26:00,378 INFO reaped unknown pid 65
apache-1            | 2026-09-16 18:26:08,587 INFO reaped unknown pid 153
apache-1            | 2026-09-16 18:26:08,588 INFO reaped unknown pid 155
apache-1            | 2026-09-16 18:26:08,588 INFO reaped unknown pid 157
apache-1            | 2026-09-16 18:26:08,588 INFO reaped unknown pid 159
apache-1            | 2026-09-16 18:26:08,588 INFO reaped unknown pid 161
apache-1            | 2026-09-16 18:30:01,323 INFO reaped unknown pid 549
apache-1            | 2026-09-16 18:30:01,429 INFO reaped unknown pid 551
apache-1            | 2026-09-16 18:30:01,533 INFO reaped unknown pid 553
apache-1            | 2026-09-16 18:30:01,638 INFO reaped unknown pid 555
apache-1            | 2026-09-16 18:30:01,743 INFO reaped unknown pid 557
client-phone-1      | 16-Sep-2026 18:27:23 [---]    suspend work if non-BOINC CPU load exceeds 25%
client-phone-1      | 16-Sep-2026 18:27:23 [---]    (to change preferences, visit a project web site or select Preferences in the Manager)
client-phone-1      | 16-Sep-2026 18:27:23 [---] Setting up project and slot directories
client-low-power-1  | 16-Sep-2026 18:27:17 [---] Disk: 18.33 GB total, 15.45 GB free
client-low-power-1  | 16-Sep-2026 18:27:17 [---] Local time is UTC +0 hours
client-low-power-1  | 16-Sep-2026 18:27:17 [---] Config: GUI RPC allowed from any host
client-low-power-1  | 16-Sep-2026 18:27:17 [---] Config: simulate 1 CPUs
client-low-power-1  | 16-Sep-2026 18:27:17 [---] Config: report completed tasks immediately
client-low-power-1  | dir_open: Could not open directory 'slots' from '/var/lib/boinc-client'.
client-phone-1      | 16-Sep-2026 18:27:23 [---] Checking active tasks
client-phone-1      | 16-Sep-2026 18:27:23 [---] Setting up GUI RPC socket
client-phone-1      | 16-Sep-2026 18:27:23 [---] Checking presence of 0 project files
client-phone-1      | 16-Sep-2026 18:27:23 [---] This computer is not attached to any projects
client-phone-1      | 16-Sep-2026 18:27:23 Initialization completed
client-phone-1      | dir_open: Could not open directory 'projects/boincserver.local_boincserver' from '/var/lib/boinc-client'.
client-cluster-1    | 16-Sep-2026 18:27:18 [---] Host name: cluster-01
client-cluster-1    | 16-Sep-2026 18:27:18 [---] Processor: 4 ARM  [Impl 0x61 Arch 8 Variant 0x0 Part 0x000 Rev 0]
client-cluster-1    | 16-Sep-2026 18:27:18 [---] Processor features: fp asimd evtstrm aes pmull sha1 sha2 crc32 atomics fphp asimdhp cpuid asimdrdm jscvt fcma lrcpc dcpop sha3 asimddp sha512 asimdfhm dit uscat ilrcpc flagm sb paca pacg dcpodp flagm2 frint i8mm bf16 bti afp
client-cluster-1    | 16-Sep-2026 18:27:18 [---] OS: Linux Debian GNU/Linux: Debian GNU/Linux 12 (bookworm) [6.8.0-100-generic|libc 2.36]
client-phone-2-1    | 16-Sep-2026 18:27:18 [---] Preferences:
client-phone-2-1    | 16-Sep-2026 18:27:18 [---]    max memory usage when active: 8929.14 MB
client-phone-2-1    | 16-Sep-2026 18:27:18 [---]    max memory usage when idle: 8929.14 MB
client-phone-2-1    | 16-Sep-2026 18:27:18 [---]    max disk usage: 2.00 GB
client-phone-1      | 16-Sep-2026 18:27:24 [---] No general preferences found - using defaults
client-phone-1      | 16-Sep-2026 18:27:24 [---] Reading preferences override file
client-phone-1      | 16-Sep-2026 18:27:24 [---] Preferences:
client-phone-1      | 16-Sep-2026 18:27:24 [---]    max memory usage when active: 8929.14 MB
client-phone-1      | 16-Sep-2026 18:27:24 [---]    max memory usage when idle: 8929.14 MB
client-phone-1      | 16-Sep-2026 18:27:24 [---]    max disk usage: 2.00 GB
client-phone-1      | 16-Sep-2026 18:27:24 [---]    don't use GPU while active
client-phone-1      | 16-Sep-2026 18:27:24 [---]    suspend work if non-BOINC CPU load exceeds 25%
client-phone-1      | 16-Sep-2026 18:27:24 [---]    (to change preferences, visit a project web site or select Preferences in the Manager)
client-cluster-1    | 16-Sep-2026 18:27:18 [---] Memory: 9.69 GB physical, 0 bytes virtual
client-cluster-1    | 16-Sep-2026 18:27:18 [---] Disk: 18.33 GB total, 15.45 GB free
mysql-1             | '/usr/bin/mysqladmin' -u root password 'new-password'
mysql-1             | '/usr/bin/mysqladmin' -u root -h  password 'new-password'
mysql-1             | 
client-phone-2-1    | 16-Sep-2026 18:27:18 [---]    don't use GPU while active
client-phone-2-1    | 16-Sep-2026 18:27:18 [---]    suspend work if non-BOINC CPU load exceeds 25%
client-phone-1      | 16-Sep-2026 18:27:28 [http://boincserver.local/boincserver/] Fetching scheduler list
client-phone-1      | 16-Sep-2026 18:27:30 [http://boincserver.local/boincserver/] Master file download succeeded
client-phone-1      | 16-Sep-2026 18:27:35 [http://boincserver.local/boincserver/] Sending scheduler request: Project initialization.
client-phone-1      | 16-Sep-2026 18:27:35 [http://boincserver.local/boincserver/] Requesting new tasks for CPU
client-cluster-1    | 16-Sep-2026 18:27:18 [---] Local time is UTC +0 hours
client-cluster-1    | 16-Sep-2026 18:27:18 [---] Config: GUI RPC allowed from any host
client-cluster-1    | 16-Sep-2026 18:27:18 [---] Config: simulate 4 CPUs
client-cluster-1    | 16-Sep-2026 18:27:18 [---] Config: report completed tasks immediately
client-cluster-1    | 16-Sep-2026 18:27:18 [---] No general preferences found - using defaults
client-cluster-1    | 16-Sep-2026 18:27:18 [---] Reading preferences override file
client-cluster-1    | 16-Sep-2026 18:27:18 [---] Preferences:
client-cluster-1    | 16-Sep-2026 18:27:18 [---]    max memory usage when active: 8929.14 MB
mysql-1             | Alternatively you can run:
mysql-1             | '/usr/bin/mysql_secure_installation'
client-phone-2-1    | 16-Sep-2026 18:27:18 [---]    (to change preferences, visit a project web site or select Preferences in the Manager)
client-phone-2-1    | 16-Sep-2026 18:27:18 [---] Setting up project and slot directories
client-phone-2-1    | 16-Sep-2026 18:27:18 [---] Checking active tasks
client-phone-2-1    | 16-Sep-2026 18:27:18 [---] Setting up GUI RPC socket
client-phone-2-1    | dir_open: Could not open directory 'slots' from '/var/lib/boinc-client'.
client-phone-2-1    | 16-Sep-2026 18:27:18 [---] Checking presence of 0 project files
client-phone-2-1    | 16-Sep-2026 18:27:18 [---] This computer is not attached to any projects
client-cluster-2-1  | 16-Sep-2026 18:27:17 [---] log flags: file_xfer, sched_ops, task
client-cluster-2-1  | 16-Sep-2026 18:27:17 [---] Libraries: libcurl/7.88.1 OpenSSL/3.0.20 zlib/1.2.13 brotli/1.0.9 zstd/1.5.4 libidn2/2.3.3 libpsl/0.21.2 (+libidn2/2.3.3) libssh2/1.10.0 nghttp2/1.52.0 librtmp/2.3 OpenLDAP/2.5.13
client-low-power-1  | 16-Sep-2026 18:27:17 [---] No general preferences found - using defaults
client-low-power-1  | 16-Sep-2026 18:27:17 [---] Reading preferences override file
client-low-power-1  | 16-Sep-2026 18:27:17 [---] Preferences:
client-cluster-1    | 16-Sep-2026 18:27:18 [---]    max memory usage when idle: 8929.14 MB
client-cluster-1    | 16-Sep-2026 18:27:18 [---]    max disk usage: 2.00 GB
client-cluster-1    | 16-Sep-2026 18:27:18 [---]    don't use GPU while active
apache-1            | 2026-09-16 18:30:02,776 INFO reaped unknown pid 548
apache-1            | 2026-09-16 18:30:02,776 INFO reaped unknown pid 550
client-phone-1      | 16-Sep-2026 18:27:37 [boincserver] Scheduler request completed: got 1 new tasks
client-phone-1      | 16-Sep-2026 18:27:37 [boincserver] Project requested delay of 7 seconds
client-phone-1      | 16-Sep-2026 18:27:39 [boincserver] Started download of hybrid_synthetic_1.0_aarch64-unknown-linux-gnu
client-phone-1      | 16-Sep-2026 18:27:39 [boincserver] Started download of hybrid_synthetic_input.txt
client-phone-1      | 16-Sep-2026 18:27:41 [boincserver] Finished download of hybrid_synthetic_1.0_aarch64-unknown-linux-gnu
client-phone-1      | 16-Sep-2026 18:27:41 [boincserver] Finished download of hybrid_synthetic_input.txt
client-phone-1      | 16-Sep-2026 18:27:41 [boincserver] Elapsed time limit 50.000000 < 120.000000; setting to 43200.000000
client-phone-1      | 16-Sep-2026 18:27:41 [boincserver] Starting task exp_20260916T180210Z_hybrid_short_3_0
client-phone-1      | 16-Sep-2026 18:27:47 [boincserver] Sending scheduler request: To fetch work.
client-desktop-1    | 16-Sep-2026 18:27:19 [---] No general preferences found - using defaults
client-desktop-1    | 16-Sep-2026 18:27:19 [---] Reading preferences override file
client-cluster-1    | 16-Sep-2026 18:27:18 [---]    suspend work if non-BOINC CPU load exceeds 25%
client-cluster-1    | 16-Sep-2026 18:27:18 [---]    (to change preferences, visit a project web site or select Preferences in the Manager)
client-cluster-1    | 16-Sep-2026 18:27:18 [---] Setting up project and slot directories
client-cluster-1    | 16-Sep-2026 18:27:18 [---] Checking active tasks
client-cluster-1    | 16-Sep-2026 18:27:18 [---] Setting up GUI RPC socket
apache-1            | 2026-09-16 18:30:02,776 INFO reaped unknown pid 552
client-desktop-1    | 16-Sep-2026 18:27:19 [---] Preferences:
client-desktop-1    | 16-Sep-2026 18:27:19 [---]    max memory usage when active: 8929.14 MB
client-cluster-2-1  | 16-Sep-2026 18:27:17 [---] Data directory: /var/lib/boinc-client
client-cluster-2-1  | 16-Sep-2026 18:27:18 [---] No usable GPUs found
client-cluster-2-1  | 16-Sep-2026 18:27:18 [---] Creating new client state file
client-cluster-2-1  | 16-Sep-2026 18:27:18 [---] libc:  version 2.36
client-cluster-2-1  | 16-Sep-2026 18:27:18 [---] Host name: cluster-02
client-cluster-2-1  | 16-Sep-2026 18:27:18 [---] Processor: 4 ARM  [Impl 0x61 Arch 8 Variant 0x0 Part 0x000 Rev 0]
client-cluster-2-1  | 16-Sep-2026 18:27:18 [---] Processor features: fp asimd evtstrm aes pmull sha1 sha2 crc32 atomics fphp asimdhp cpuid asimdrdm jscvt fcma lrcpc dcpop sha3 asimddp sha512 asimdfhm dit uscat ilrcpc flagm sb paca pacg dcpodp flagm2 frint i8mm bf16 bti afp
client-cluster-2-1  | 16-Sep-2026 18:27:18 [---] OS: Linux Debian GNU/Linux: Debian GNU/Linux 12 (bookworm) [6.8.0-100-generic|libc 2.36]
client-cluster-2-1  | 16-Sep-2026 18:27:18 [---] Memory: 9.69 GB physical, 0 bytes virtual
client-cluster-2-1  | 16-Sep-2026 18:27:18 [---] Disk: 18.33 GB total, 15.45 GB free
client-phone-1      | 16-Sep-2026 18:27:47 [boincserver] Requesting new tasks for CPU
client-phone-1      | 16-Sep-2026 18:27:50 [boincserver] Computation for task exp_20260916T180210Z_hybrid_short_3_0 finished
client-phone-1      | 16-Sep-2026 18:27:52 [boincserver] Started upload of exp_20260916T180210Z_hybrid_short_3_0_r56168066_0
client-phone-1      | 16-Sep-2026 18:27:54 [boincserver] Finished upload of exp_20260916T180210Z_hybrid_short_3_0_r56168066_0
client-phone-1      | 16-Sep-2026 18:27:54 [boincserver] Scheduler request completed: got 1 new tasks
client-phone-1      | 16-Sep-2026 18:27:54 [boincserver] Project requested delay of 7 seconds
client-phone-1      | 16-Sep-2026 18:27:56 [boincserver] Elapsed time limit 50.000000 < 120.000000; setting to 43200.000000
client-phone-1      | 16-Sep-2026 18:27:56 [boincserver] Starting task exp_20260916T180210Z_hybrid_short_5_0
client-low-power-1  | 16-Sep-2026 18:27:17 [---]    max memory usage when active: 8929.14 MB
client-low-power-1  | 16-Sep-2026 18:27:17 [---]    max memory usage when idle: 8929.14 MB
apache-1            | 2026-09-16 18:30:02,776 INFO reaped unknown pid 554
apache-1            | 2026-09-16 18:30:02,776 INFO reaped unknown pid 556
client-cluster-1    | 16-Sep-2026 18:27:18 [---] Checking presence of 0 project files
client-cluster-1    | 16-Sep-2026 18:27:18 [---] This computer is not attached to any projects
client-cluster-1    | 16-Sep-2026 18:27:18 Initialization completed
client-cluster-1    | dir_open: Could not open directory 'slots' from '/var/lib/boinc-client'.
client-cluster-1    | dir_open: Could not open directory 'projects/boincserver.local_boincserver' from '/var/lib/boinc-client'.
client-cluster-1    | 16-Sep-2026 18:27:19 [---] No general preferences found - using defaults
client-phone-2-1    | 16-Sep-2026 18:27:18 Initialization completed
client-phone-2-1    | dir_open: Could not open directory 'projects/boincserver.local_boincserver' from '/var/lib/boinc-client'.
client-phone-2-1    | 16-Sep-2026 18:27:19 [---] No general preferences found - using defaults
client-phone-2-1    | 16-Sep-2026 18:27:19 [---] Reading preferences override file
client-phone-2-1    | 16-Sep-2026 18:27:19 [---] Preferences:
client-phone-2-1    | 16-Sep-2026 18:27:19 [---]    max memory usage when active: 8929.14 MB
client-phone-2-1    | 16-Sep-2026 18:27:19 [---]    max memory usage when idle: 8929.14 MB
apache-1            | 2026-09-16 18:30:02,776 INFO reaped unknown pid 558
apache-1            | 2026-09-16 18:30:02,776 INFO reaped unknown pid 561
apache-1            | 2026-09-16 18:30:02,776 INFO reaped unknown pid 563
apache-1            | 2026-09-16 18:30:02,776 INFO reaped unknown pid 574
apache-1            | 2026-09-16 18:30:02,776 INFO reaped unknown pid 576
apache-1            | 2026-09-16 18:30:06,983 INFO reaped unknown pid 559
apache-1            | 2026-09-16 18:30:07,285 INFO reaped unknown pid 564
apache-1            | 2026-09-16 18:30:07,380 INFO reaped unknown pid 566
apache-1            | 2026-09-16 18:30:07,688 INFO reaped unknown pid 578
client-cluster-1    | 16-Sep-2026 18:27:19 [---] Reading preferences override file
client-cluster-1    | 16-Sep-2026 18:27:19 [---] Preferences:
client-cluster-1    | 16-Sep-2026 18:27:19 [---]    max memory usage when active: 8929.14 MB
client-cluster-1    | 16-Sep-2026 18:27:19 [---]    max memory usage when idle: 8929.14 MB
client-cluster-1    | 16-Sep-2026 18:27:19 [---]    max disk usage: 2.00 GB
client-cluster-1    | 16-Sep-2026 18:27:19 [---]    don't use GPU while active
client-cluster-1    | 16-Sep-2026 18:27:19 [---]    suspend work if non-BOINC CPU load exceeds 25%
client-cluster-1    | 16-Sep-2026 18:27:19 [---]    (to change preferences, visit a project web site or select Preferences in the Manager)
client-cluster-1    | 16-Sep-2026 18:27:23 [http://boincserver.local/boincserver/] Fetching scheduler list
client-cluster-1    | 16-Sep-2026 18:27:25 [http://boincserver.local/boincserver/] Master file download succeeded
client-cluster-2-1  | 16-Sep-2026 18:27:18 [---] Local time is UTC +0 hours
client-cluster-2-1  | 16-Sep-2026 18:27:18 [---] Config: GUI RPC allowed from any host
client-cluster-2-1  | 16-Sep-2026 18:27:18 [---] Config: simulate 4 CPUs
client-cluster-2-1  | 16-Sep-2026 18:27:18 [---] Config: report completed tasks immediately
client-cluster-2-1  | 16-Sep-2026 18:27:18 [---] No general preferences found - using defaults
client-cluster-1    | 16-Sep-2026 18:27:30 [http://boincserver.local/boincserver/] Sending scheduler request: Project initialization.
client-cluster-1    | 16-Sep-2026 18:27:30 [http://boincserver.local/boincserver/] Requesting new tasks for CPU
client-cluster-1    | 16-Sep-2026 18:27:32 [boincserver] Scheduler request completed: got 1 new tasks
client-cluster-1    | 16-Sep-2026 18:27:32 [boincserver] Project requested delay of 7 seconds
client-cluster-1    | 16-Sep-2026 18:27:34 [boincserver] Started download of hybrid_synthetic_1.0_aarch64-unknown-linux-gnu
client-cluster-1    | 16-Sep-2026 18:27:34 [boincserver] Started download of hybrid_synthetic_input.txt
client-cluster-1    | 16-Sep-2026 18:27:36 [boincserver] Finished download of hybrid_synthetic_1.0_aarch64-unknown-linux-gnu
client-cluster-1    | 16-Sep-2026 18:27:36 [boincserver] Finished download of hybrid_synthetic_input.txt
client-cluster-1    | 16-Sep-2026 18:27:36 [boincserver] Starting task exp_20260916T180210Z_hybrid_long_1_0
client-cluster-1    | 16-Sep-2026 18:27:42 [boincserver] Sending scheduler request: To fetch work.
client-cluster-1    | 16-Sep-2026 18:27:42 [boincserver] Requesting new tasks for CPU
client-cluster-1    | 16-Sep-2026 18:27:44 [boincserver] Scheduler request completed: got 4 new tasks
client-cluster-1    | 16-Sep-2026 18:27:44 [boincserver] Project requested delay of 7 seconds
client-cluster-1    | 16-Sep-2026 18:27:46 [boincserver] Starting task exp_20260916T180210Z_hybrid_long_4_0
client-cluster-1    | 16-Sep-2026 18:27:46 [boincserver] Starting task exp_20260916T180210Z_hybrid_long_6_0
client-cluster-1    | 16-Sep-2026 18:27:46 [boincserver] Starting task exp_20260916T180210Z_hybrid_long_5_0
client-cluster-1    | 16-Sep-2026 18:27:54 [boincserver] Sending scheduler request: To fetch work.
client-cluster-1    | 16-Sep-2026 18:27:54 [boincserver] Requesting new tasks for CPU
client-cluster-1    | 16-Sep-2026 18:27:56 [boincserver] Scheduler request completed: got 3 new tasks
client-cluster-1    | 16-Sep-2026 18:27:56 [boincserver] Project requested delay of 7 seconds
mysql-1             | 
mysql-1             | which will also give you the option of removing the test
mysql-1             | databases and anonymous user created by default.  This is
client-cluster-1    | 16-Sep-2026 18:28:06 [boincserver] Sending scheduler request: To fetch work.
client-cluster-1    | 16-Sep-2026 18:28:06 [boincserver] Requesting new tasks for CPU
client-cluster-1    | 16-Sep-2026 18:28:08 [boincserver] Scheduler request completed: got 0 new tasks
client-cluster-1    | 16-Sep-2026 18:28:08 [boincserver] No tasks sent
client-cluster-1    | 16-Sep-2026 18:28:08 [boincserver] This computer has reached a limit on tasks in progress
client-cluster-1    | 16-Sep-2026 18:28:08 [boincserver] Project requested delay of 7 seconds
client-low-power-1  | 16-Sep-2026 18:27:17 [---]    max disk usage: 2.00 GB
client-low-power-1  | 16-Sep-2026 18:27:17 [---]    don't use GPU while active
client-low-power-1  | 16-Sep-2026 18:27:17 [---]    suspend work if non-BOINC CPU load exceeds 25%
client-low-power-1  | 16-Sep-2026 18:27:17 [---]    (to change preferences, visit a project web site or select Preferences in the Manager)
client-low-power-1  | 16-Sep-2026 18:27:17 [---] Setting up project and slot directories
client-low-power-1  | 16-Sep-2026 18:27:17 [---] Checking active tasks
client-low-power-1  | 16-Sep-2026 18:27:17 [---] Setting up GUI RPC socket
client-low-power-1  | 16-Sep-2026 18:27:17 [---] Checking presence of 0 project files
client-low-power-1  | 16-Sep-2026 18:27:17 [---] This computer is not attached to any projects
client-low-power-1  | 16-Sep-2026 18:27:17 Initialization completed
client-low-power-1  | dir_open: Could not open directory 'projects/boincserver.local_boincserver' from '/var/lib/boinc-client'.
mysql-1             | strongly recommended for production servers.
mysql-1             | 
client-desktop-1    | 16-Sep-2026 18:27:19 [---]    max memory usage when idle: 8929.14 MB
client-desktop-1    | 16-Sep-2026 18:27:19 [---]    max disk usage: 2.00 GB
client-desktop-1    | 16-Sep-2026 18:27:19 [---]    don't use GPU while active
client-desktop-1    | 16-Sep-2026 18:27:19 [---]    suspend work if non-BOINC CPU load exceeds 25%
client-desktop-1    | 16-Sep-2026 18:27:19 [---]    (to change preferences, visit a project web site or select Preferences in the Manager)
client-low-power-1  | 16-Sep-2026 18:27:18 [---] No general preferences found - using defaults
client-low-power-1  | 16-Sep-2026 18:27:18 [---] Reading preferences override file
client-low-power-1  | 16-Sep-2026 18:27:18 [---] Preferences:
client-low-power-1  | 16-Sep-2026 18:27:18 [---]    max memory usage when active: 8929.14 MB
client-low-power-1  | 16-Sep-2026 18:27:18 [---]    max memory usage when idle: 8929.14 MB
client-low-power-1  | 16-Sep-2026 18:27:18 [---]    max disk usage: 2.00 GB
client-low-power-1  | 16-Sep-2026 18:27:18 [---]    don't use GPU while active
mysql-1             | See the MariaDB Knowledgebase at http://mariadb.com/kb or the
mysql-1             | MySQL manual for more instructions.
client-cluster-2-1  | 16-Sep-2026 18:27:18 [---] Reading preferences override file
client-cluster-2-1  | 16-Sep-2026 18:27:18 [---] Preferences:
client-cluster-2-1  | 16-Sep-2026 18:27:18 [---]    max memory usage when active: 8929.14 MB
client-cluster-2-1  | 16-Sep-2026 18:27:18 [---]    max memory usage when idle: 8929.14 MB
client-cluster-2-1  | 16-Sep-2026 18:27:18 [---]    max disk usage: 2.00 GB
client-desktop-1    | 16-Sep-2026 18:27:23 [http://boincserver.local/boincserver/] Fetching scheduler list
client-desktop-1    | 16-Sep-2026 18:27:25 [http://boincserver.local/boincserver/] Master file download succeeded
client-cluster-1    | 16-Sep-2026 18:29:38 [boincserver] Computation for task exp_20260916T180210Z_hybrid_long_1_0 finished
client-cluster-1    | 16-Sep-2026 18:29:38 [boincserver] Starting task exp_20260916T180210Z_hybrid_long_3_0
client-cluster-1    | 16-Sep-2026 18:29:40 [boincserver] Started upload of exp_20260916T180210Z_hybrid_long_1_0_r1131491567_0
client-cluster-1    | 16-Sep-2026 18:29:42 [boincserver] Finished upload of exp_20260916T180210Z_hybrid_long_1_0_r1131491567_0
client-cluster-2-1  | 16-Sep-2026 18:27:18 [---]    don't use GPU while active
client-cluster-2-1  | 16-Sep-2026 18:27:18 [---]    suspend work if non-BOINC CPU load exceeds 25%
client-cluster-2-1  | 16-Sep-2026 18:27:18 [---]    (to change preferences, visit a project web site or select Preferences in the Manager)
client-low-power-1  | 16-Sep-2026 18:27:18 [---]    suspend work if non-BOINC CPU load exceeds 25%
client-low-power-1  | 16-Sep-2026 18:27:18 [---]    (to change preferences, visit a project web site or select Preferences in the Manager)
client-phone-2-1    | 16-Sep-2026 18:27:19 [---]    max disk usage: 2.00 GB
client-phone-2-1    | 16-Sep-2026 18:27:19 [---]    don't use GPU while active
client-phone-2-1    | 16-Sep-2026 18:27:19 [---]    suspend work if non-BOINC CPU load exceeds 25%
client-phone-2-1    | 16-Sep-2026 18:27:19 [---]    (to change preferences, visit a project web site or select Preferences in the Manager)
mysql-1             | 
mysql-1             | Please report any problems at http://mariadb.org/jira
mysql-1             | 
mysql-1             | The latest information about MariaDB is available at http://mariadb.org/.
client-phone-2-1    | 16-Sep-2026 18:27:23 [http://boincserver.local/boincserver/] Fetching scheduler list
client-phone-2-1    | 16-Sep-2026 18:27:25 [http://boincserver.local/boincserver/] Master file download succeeded
client-phone-2-1    | 16-Sep-2026 18:27:30 [http://boincserver.local/boincserver/] Sending scheduler request: Project initialization.
client-phone-2-1    | 16-Sep-2026 18:27:30 [http://boincserver.local/boincserver/] Requesting new tasks for CPU
client-phone-2-1    | 16-Sep-2026 18:27:32 [boincserver] Scheduler request completed: got 1 new tasks
client-phone-2-1    | 16-Sep-2026 18:27:32 [boincserver] Project requested delay of 7 seconds
mysql-1             | You can find additional information about the MySQL part at:
mysql-1             | http://dev.mysql.com
mysql-1             | Consider joining MariaDB's strong and vibrant community:
mysql-1             | https://mariadb.org/get-involved/
client-low-power-1  | 16-Sep-2026 18:27:23 [http://boincserver.local/boincserver/] Fetching scheduler list
client-low-power-1  | 16-Sep-2026 18:27:30 [http://boincserver.local/boincserver/] Master file download succeeded
client-phone-2-1    | 16-Sep-2026 18:27:34 [boincserver] Started download of hybrid_synthetic_1.0_aarch64-unknown-linux-gnu
client-phone-2-1    | 16-Sep-2026 18:27:34 [boincserver] Started download of hybrid_synthetic_input.txt
client-phone-2-1    | 16-Sep-2026 18:27:36 [boincserver] Finished download of hybrid_synthetic_1.0_aarch64-unknown-linux-gnu
client-phone-2-1    | 16-Sep-2026 18:27:36 [boincserver] Finished download of hybrid_synthetic_input.txt
mysql-1             | 
mysql-1             | Database initialized
mysql-1             | MySQL init process in progress...
client-low-power-1  | 16-Sep-2026 18:27:35 [http://boincserver.local/boincserver/] Sending scheduler request: Project initialization.
client-low-power-1  | 16-Sep-2026 18:27:35 [http://boincserver.local/boincserver/] Requesting new tasks for CPU
client-low-power-1  | 16-Sep-2026 18:27:37 [boincserver] Scheduler request completed: got 1 new tasks
client-low-power-1  | 16-Sep-2026 18:27:37 [boincserver] Project requested delay of 7 seconds
client-low-power-1  | 16-Sep-2026 18:27:39 [boincserver] Started download of hybrid_synthetic_1.0_aarch64-unknown-linux-gnu
client-low-power-1  | 16-Sep-2026 18:27:39 [boincserver] Started download of hybrid_synthetic_input.txt
client-cluster-2-1  | 16-Sep-2026 18:27:18 [---] Setting up project and slot directories
client-cluster-2-1  | 16-Sep-2026 18:27:18 [---] Checking active tasks
client-cluster-2-1  | 16-Sep-2026 18:27:18 [---] Setting up GUI RPC socket
client-cluster-2-1  | dir_open: Could not open directory 'slots' from '/var/lib/boinc-client'.
client-cluster-2-1  | 16-Sep-2026 18:27:18 [---] Checking presence of 0 project files
client-cluster-2-1  | 16-Sep-2026 18:27:18 [---] This computer is not attached to any projects
client-cluster-2-1  | 16-Sep-2026 18:27:18 Initialization completed
client-low-power-1  | 16-Sep-2026 18:27:41 [boincserver] Finished download of hybrid_synthetic_1.0_aarch64-unknown-linux-gnu
client-low-power-1  | 16-Sep-2026 18:27:41 [boincserver] Finished download of hybrid_synthetic_input.txt
client-low-power-1  | 16-Sep-2026 18:27:41 [boincserver] Starting task exp_20260916T180210Z_hybrid_medium_1_0
client-low-power-1  | 16-Sep-2026 18:27:47 [boincserver] Sending scheduler request: To fetch work.
client-phone-2-1    | 16-Sep-2026 18:27:36 [boincserver] Elapsed time limit 50.000000 < 120.000000; setting to 43200.000000
client-phone-2-1    | 16-Sep-2026 18:27:36 [boincserver] Starting task exp_20260916T180210Z_hybrid_short_1_0
client-phone-2-1    | 16-Sep-2026 18:27:42 [boincserver] Sending scheduler request: To fetch work.
client-phone-2-1    | 16-Sep-2026 18:27:42 [boincserver] Requesting new tasks for CPU
client-phone-2-1    | 16-Sep-2026 18:27:45 [boincserver] Computation for task exp_20260916T180210Z_hybrid_short_1_0 finished
client-phone-2-1    | 16-Sep-2026 18:27:47 [boincserver] Started upload of exp_20260916T180210Z_hybrid_short_1_0_r615965784_0
client-phone-2-1    | 16-Sep-2026 18:27:49 [boincserver] Finished upload of exp_20260916T180210Z_hybrid_short_1_0_r615965784_0
client-cluster-1    | 16-Sep-2026 18:29:44 [boincserver] Sending scheduler request: To report completed tasks.
client-cluster-1    | 16-Sep-2026 18:29:44 [boincserver] Reporting 1 completed tasks
client-cluster-1    | 16-Sep-2026 18:29:44 [boincserver] Requesting new tasks for CPU
client-cluster-1    | 16-Sep-2026 18:29:48 [boincserver] Computation for task exp_20260916T180210Z_hybrid_long_6_0 finished
client-phone-1      | 16-Sep-2026 18:28:04 [boincserver] Computation for task exp_20260916T180210Z_hybrid_short_5_0 finished
client-phone-1      | 16-Sep-2026 18:28:04 [boincserver] Sending scheduler request: To report completed tasks.
client-phone-1      | 16-Sep-2026 18:28:04 [boincserver] Reporting 1 completed tasks
client-phone-1      | 16-Sep-2026 18:28:04 [boincserver] Requesting new tasks for CPU
client-phone-1      | 16-Sep-2026 18:28:06 [boincserver] Started upload of exp_20260916T180210Z_hybrid_short_5_0_r1111903419_0
client-phone-1      | 16-Sep-2026 18:28:06 [boincserver] Scheduler request completed: got 1 new tasks
client-phone-1      | 16-Sep-2026 18:28:06 [boincserver] Project requested delay of 7 seconds
client-low-power-1  | 16-Sep-2026 18:27:47 [boincserver] Requesting new tasks for CPU
client-low-power-1  | 16-Sep-2026 18:27:54 [boincserver] Scheduler request completed: got 1 new tasks
client-low-power-1  | 16-Sep-2026 18:27:54 [boincserver] Project requested delay of 7 seconds
client-low-power-1  | 16-Sep-2026 18:28:04 [boincserver] Sending scheduler request: To fetch work.
client-low-power-1  | 16-Sep-2026 18:28:04 [boincserver] Requesting new tasks for CPU
client-phone-1      | 16-Sep-2026 18:28:08 [boincserver] Finished upload of exp_20260916T180210Z_hybrid_short_5_0_r1111903419_0
client-phone-1      | 16-Sep-2026 18:28:08 [boincserver] Elapsed time limit 50.000000 < 120.000000; setting to 43200.000000
client-phone-1      | 16-Sep-2026 18:28:08 [boincserver] Starting task exp_20260916T180210Z_hybrid_short_10_0
client-cluster-2-1  | dir_open: Could not open directory 'projects/boincserver.local_boincserver' from '/var/lib/boinc-client'.
client-cluster-2-1  | 16-Sep-2026 18:27:19 [---] No general preferences found - using defaults
client-phone-2-1    | 16-Sep-2026 18:27:49 [boincserver] Scheduler request completed: got 1 new tasks
client-phone-2-1    | 16-Sep-2026 18:27:49 [boincserver] Project requested delay of 7 seconds
client-phone-2-1    | 16-Sep-2026 18:27:51 [boincserver] Elapsed time limit 50.000000 < 120.000000; setting to 43200.000000
client-phone-2-1    | 16-Sep-2026 18:27:51 [boincserver] Starting task exp_20260916T180210Z_hybrid_short_4_0
client-phone-2-1    | 16-Sep-2026 18:27:59 [boincserver] Computation for task exp_20260916T180210Z_hybrid_short_4_0 finished
client-desktop-1    | 16-Sep-2026 18:27:30 [http://boincserver.local/boincserver/] Sending scheduler request: Project initialization.
client-desktop-1    | 16-Sep-2026 18:27:30 [http://boincserver.local/boincserver/] Requesting new tasks for CPU
client-desktop-1    | 16-Sep-2026 18:27:37 [boincserver] Scheduler request completed: got 1 new tasks
client-desktop-1    | 16-Sep-2026 18:27:37 [boincserver] Project requested delay of 7 seconds
client-desktop-1    | 16-Sep-2026 18:27:39 [boincserver] Started download of hybrid_synthetic_1.0_aarch64-unknown-linux-gnu
client-desktop-1    | 16-Sep-2026 18:27:39 [boincserver] Started download of hybrid_synthetic_input.txt
client-phone-2-1    | 16-Sep-2026 18:27:59 [boincserver] Sending scheduler request: To report completed tasks.
client-phone-2-1    | 16-Sep-2026 18:27:59 [boincserver] Reporting 1 completed tasks
client-low-power-1  | 16-Sep-2026 18:28:11 [boincserver] Scheduler request completed: got 0 new tasks
client-low-power-1  | 16-Sep-2026 18:28:11 [boincserver] No tasks sent
client-low-power-1  | 16-Sep-2026 18:28:11 [boincserver] This computer has reached a limit on tasks in progress
client-low-power-1  | 16-Sep-2026 18:28:11 [boincserver] Project requested delay of 7 seconds
client-low-power-1  | 16-Sep-2026 18:28:14 [boincserver] Computation for task exp_20260916T180210Z_hybrid_medium_1_0 finished
client-low-power-1  | 16-Sep-2026 18:28:14 [boincserver] Starting task exp_20260916T180210Z_hybrid_medium_9_0
client-low-power-1  | 16-Sep-2026 18:28:16 [boincserver] Started upload of exp_20260916T180210Z_hybrid_medium_1_0_r1880369500_0
client-low-power-1  | 16-Sep-2026 18:28:18 [boincserver] Finished upload of exp_20260916T180210Z_hybrid_medium_1_0_r1880369500_0
client-low-power-1  | 16-Sep-2026 18:28:21 [boincserver] Sending scheduler request: To report completed tasks.
client-cluster-1    | 16-Sep-2026 18:29:48 [boincserver] Starting task exp_20260916T180210Z_hybrid_medium_10_0
client-cluster-1    | 16-Sep-2026 18:29:49 [boincserver] Computation for task exp_20260916T180210Z_hybrid_long_4_0 finished
client-cluster-1    | 16-Sep-2026 18:29:49 [boincserver] Starting task exp_20260916T180210Z_hybrid_medium_12_0
client-cluster-1    | 16-Sep-2026 18:30:00 [boincserver] Started upload of exp_20260916T180210Z_hybrid_long_6_0_r348944691_0
client-cluster-1    | 16-Sep-2026 18:30:00 [boincserver] Computation for task exp_20260916T180210Z_hybrid_long_5_0 finished
client-phone-1      | 16-Sep-2026 18:28:16 [boincserver] Sending scheduler request: To report completed tasks.
client-phone-1      | 16-Sep-2026 18:28:16 [boincserver] Reporting 1 completed tasks
client-phone-1      | 16-Sep-2026 18:28:16 [boincserver] Requesting new tasks for CPU
client-phone-1      | 16-Sep-2026 18:28:18 [boincserver] Computation for task exp_20260916T180210Z_hybrid_short_10_0 finished
client-phone-1      | 16-Sep-2026 18:28:20 [boincserver] Started upload of exp_20260916T180210Z_hybrid_short_10_0_r1681900824_0
client-phone-1      | 16-Sep-2026 18:28:22 [boincserver] Finished upload of exp_20260916T180210Z_hybrid_short_10_0_r1681900824_0
client-phone-1      | 16-Sep-2026 18:28:23 [boincserver] Scheduler request completed: got 1 new tasks
client-low-power-1  | 16-Sep-2026 18:28:21 [boincserver] Reporting 1 completed tasks
client-low-power-1  | 16-Sep-2026 18:28:21 [boincserver] Requesting new tasks for CPU
client-low-power-1  | 16-Sep-2026 18:28:23 [boincserver] Scheduler request completed: got 1 new tasks
client-low-power-1  | 16-Sep-2026 18:28:23 [boincserver] Project requested delay of 7 seconds
client-low-power-1  | 16-Sep-2026 18:28:33 [boincserver] Sending scheduler request: To fetch work.
mysql-1             | 2026-09-16 18:25:44 0 [Note] mysqld (mysqld 10.3.8-MariaDB-1:10.3.8+maria~bionic) starting as process 104 ...
mysql-1             | 2026-09-16 18:25:44 0 [Note] InnoDB: Using Linux native AIO
mysql-1             | 2026-09-16 18:25:44 0 [Note] InnoDB: Mutexes and rw_locks use GCC atomic builtins
mysql-1             | 2026-09-16 18:25:44 0 [Note] InnoDB: Uses event mutexes
mysql-1             | 2026-09-16 18:25:44 0 [Note] InnoDB: Compressed tables use zlib 1.2.11
mysql-1             | 2026-09-16 18:25:44 0 [Note] InnoDB: Number of pools: 1
mysql-1             | 2026-09-16 18:25:44 0 [Note] InnoDB: Using generic crc32 instructions
mysql-1             | 2026-09-16 18:25:44 0 [Note] InnoDB: Initializing buffer pool, total size = 256M, instances = 1, chunk size = 128M
mysql-1             | 2026-09-16 18:25:44 0 [Note] InnoDB: Completed initialization of buffer pool
mysql-1             | 2026-09-16 18:25:44 0 [Note] InnoDB: If the mysqld execution user is authorized, page cleaner thread priority can be changed. See the man page of setpriority().
client-phone-2-1    | 16-Sep-2026 18:27:59 [boincserver] Requesting new tasks for CPU
client-phone-2-1    | 16-Sep-2026 18:28:01 [boincserver] Started upload of exp_20260916T180210Z_hybrid_short_4_0_r289664394_0
client-phone-2-1    | 16-Sep-2026 18:28:03 [boincserver] Finished upload of exp_20260916T180210Z_hybrid_short_4_0_r289664394_0
client-phone-2-1    | 16-Sep-2026 18:28:06 [boincserver] Scheduler request completed: got 1 new tasks
client-phone-2-1    | 16-Sep-2026 18:28:06 [boincserver] Project requested delay of 7 seconds
client-phone-2-1    | 16-Sep-2026 18:28:08 [boincserver] Elapsed time limit 50.000000 < 120.000000; setting to 43200.000000
client-phone-2-1    | 16-Sep-2026 18:28:08 [boincserver] Starting task exp_20260916T180210Z_hybrid_short_6_0
client-phone-2-1    | 16-Sep-2026 18:28:16 [boincserver] Sending scheduler request: To report completed tasks.
client-phone-2-1    | 16-Sep-2026 18:28:16 [boincserver] Reporting 1 completed tasks
client-phone-2-1    | 16-Sep-2026 18:28:16 [boincserver] Requesting new tasks for CPU
client-phone-2-1    | 16-Sep-2026 18:28:18 [boincserver] Computation for task exp_20260916T180210Z_hybrid_short_6_0 finished
client-phone-2-1    | 16-Sep-2026 18:28:18 [boincserver] Scheduler request completed: got 1 new tasks
client-phone-2-1    | 16-Sep-2026 18:28:18 [boincserver] Project requested delay of 7 seconds
client-phone-2-1    | 16-Sep-2026 18:28:20 [boincserver] Started upload of exp_20260916T180210Z_hybrid_short_6_0_r1293204303_0
client-phone-1      | 16-Sep-2026 18:28:23 [boincserver] Project requested delay of 7 seconds
client-phone-1      | 16-Sep-2026 18:28:25 [boincserver] Elapsed time limit 50.000000 < 120.000000; setting to 43200.000000
client-desktop-1    | 16-Sep-2026 18:27:41 [boincserver] Finished download of hybrid_synthetic_1.0_aarch64-unknown-linux-gnu
client-desktop-1    | 16-Sep-2026 18:27:41 [boincserver] Finished download of hybrid_synthetic_input.txt
client-desktop-1    | 16-Sep-2026 18:27:41 [boincserver] Starting task exp_20260916T180210Z_hybrid_medium_2_0
client-desktop-1    | 16-Sep-2026 18:27:47 [boincserver] Sending scheduler request: To fetch work.
client-desktop-1    | 16-Sep-2026 18:27:47 [boincserver] Requesting new tasks for CPU
client-phone-2-1    | 16-Sep-2026 18:28:20 [boincserver] Elapsed time limit 50.000000 < 120.000000; setting to 43200.000000
client-phone-2-1    | 16-Sep-2026 18:28:20 [boincserver] Starting task exp_20260916T180210Z_hybrid_short_8_0
client-phone-2-1    | 16-Sep-2026 18:28:22 [boincserver] Finished upload of exp_20260916T180210Z_hybrid_short_6_0_r1293204303_0
mysql-1             | 2026-09-16 18:25:44 0 [Note] InnoDB: 128 out of 128 rollback segments are active.
mysql-1             | 2026-09-16 18:25:44 0 [Note] InnoDB: Creating shared tablespace for temporary tables
client-desktop-1    | 16-Sep-2026 18:27:49 [boincserver] Scheduler request completed: got 2 new tasks
client-desktop-1    | 16-Sep-2026 18:27:49 [boincserver] Project requested delay of 7 seconds
client-desktop-1    | 16-Sep-2026 18:27:51 [boincserver] Starting task exp_20260916T180210Z_hybrid_medium_6_0
client-desktop-1    | 16-Sep-2026 18:27:59 [boincserver] Sending scheduler request: To fetch work.
client-desktop-1    | 16-Sep-2026 18:27:59 [boincserver] Requesting new tasks for CPU
client-desktop-1    | 16-Sep-2026 18:28:01 [boincserver] Scheduler request completed: got 1 new tasks
client-desktop-1    | 16-Sep-2026 18:28:01 [boincserver] Project requested delay of 7 seconds
client-desktop-1    | 16-Sep-2026 18:28:11 [boincserver] Sending scheduler request: To fetch work.
client-desktop-1    | 16-Sep-2026 18:28:11 [boincserver] Requesting new tasks for CPU
client-desktop-1    | 16-Sep-2026 18:28:13 [boincserver] Scheduler request completed: got 0 new tasks
client-desktop-1    | 16-Sep-2026 18:28:13 [boincserver] No tasks sent
client-desktop-1    | 16-Sep-2026 18:28:13 [boincserver] This computer has reached a limit on tasks in progress
client-desktop-1    | 16-Sep-2026 18:28:13 [boincserver] Project requested delay of 7 seconds
client-desktop-1    | 16-Sep-2026 18:28:14 [boincserver] Computation for task exp_20260916T180210Z_hybrid_medium_2_0 finished
client-desktop-1    | 16-Sep-2026 18:28:14 [boincserver] Starting task exp_20260916T180210Z_hybrid_medium_8_0
client-desktop-1    | 16-Sep-2026 18:28:16 [boincserver] Started upload of exp_20260916T180210Z_hybrid_medium_2_0_r487730975_0
client-desktop-1    | 16-Sep-2026 18:28:18 [boincserver] Finished upload of exp_20260916T180210Z_hybrid_medium_2_0_r487730975_0
client-desktop-1    | 16-Sep-2026 18:28:23 [boincserver] Computation for task exp_20260916T180210Z_hybrid_medium_6_0 finished
client-desktop-1    | 16-Sep-2026 18:28:23 [boincserver] Elapsed time limit 50.000000 < 120.000000; setting to 43200.000000
client-phone-1      | 16-Sep-2026 18:28:25 [boincserver] Starting task exp_20260916T180210Z_hybrid_short_12_0
client-phone-1      | 16-Sep-2026 18:28:33 [boincserver] Sending scheduler request: To report completed tasks.
client-cluster-2-1  | 16-Sep-2026 18:27:19 [---] Reading preferences override file
client-cluster-2-1  | 16-Sep-2026 18:27:19 [---] Preferences:
client-low-power-1  | 16-Sep-2026 18:28:33 [boincserver] Requesting new tasks for CPU
client-low-power-1  | 16-Sep-2026 18:28:35 [boincserver] Scheduler request completed: got 0 new tasks
client-low-power-1  | 16-Sep-2026 18:28:35 [boincserver] No tasks sent
client-desktop-1    | 16-Sep-2026 18:28:23 [boincserver] Starting task exp_20260916T180210Z_hybrid_short_7_0
client-desktop-1    | 16-Sep-2026 18:28:23 [boincserver] Sending scheduler request: To report completed tasks.
client-desktop-1    | 16-Sep-2026 18:28:23 [boincserver] Reporting 1 completed tasks
client-desktop-1    | 16-Sep-2026 18:28:23 [boincserver] Requesting new tasks for CPU
client-desktop-1    | 16-Sep-2026 18:28:25 [boincserver] Started upload of exp_20260916T180210Z_hybrid_medium_6_0_r1344475334_0
client-desktop-1    | 16-Sep-2026 18:28:25 [boincserver] Scheduler request completed: got 1 new tasks
client-low-power-1  | 16-Sep-2026 18:28:35 [boincserver] This computer has reached a limit on tasks in progress
client-low-power-1  | 16-Sep-2026 18:28:35 [boincserver] Project requested delay of 7 seconds
client-low-power-1  | 16-Sep-2026 18:28:52 [boincserver] Computation for task exp_20260916T180210Z_hybrid_medium_9_0 finished
client-low-power-1  | 16-Sep-2026 18:28:52 [boincserver] Elapsed time limit 50.000000 < 120.000000; setting to 43200.000000
client-low-power-1  | 16-Sep-2026 18:28:52 [boincserver] Starting task exp_20260916T180210Z_hybrid_short_13_0
client-low-power-1  | 16-Sep-2026 18:28:54 [boincserver] Started upload of exp_20260916T180210Z_hybrid_medium_9_0_r1394146218_0
client-low-power-1  | 16-Sep-2026 18:28:56 [boincserver] Finished upload of exp_20260916T180210Z_hybrid_medium_9_0_r1394146218_0
client-low-power-1  | 16-Sep-2026 18:28:59 [boincserver] Sending scheduler request: To report completed tasks.
client-cluster-1    | 16-Sep-2026 18:30:00 [boincserver] Starting task exp_20260916T180210Z_hybrid_medium_11_0
client-cluster-1    | 16-Sep-2026 18:30:00 [boincserver] Scheduler request completed: got 0 new tasks
client-cluster-1    | 16-Sep-2026 18:30:00 [boincserver] Project has no tasks available
client-cluster-1    | 16-Sep-2026 18:30:00 [boincserver] Project requested delay of 7 seconds
mysql-1             | 2026-09-16 18:25:44 0 [Note] InnoDB: Setting file './ibtmp1' size to 12 MB. Physically writing the file full; Please wait ...
mysql-1             | 2026-09-16 18:25:44 0 [Note] InnoDB: File './ibtmp1' size is now 12 MB.
mysql-1             | 2026-09-16 18:25:44 0 [Note] InnoDB: 10.3.8 started; log sequence number 1630815; transaction id 21
mysql-1             | 2026-09-16 18:25:44 0 [Note] InnoDB: Loading buffer pool(s) from /var/lib/mysql/ib_buffer_pool
client-cluster-2-1  | 16-Sep-2026 18:27:19 [---]    max memory usage when active: 8929.14 MB
client-cluster-2-1  | 16-Sep-2026 18:27:19 [---]    max memory usage when idle: 8929.14 MB
client-desktop-1    | 16-Sep-2026 18:28:25 [boincserver] Project requested delay of 7 seconds
client-desktop-1    | 16-Sep-2026 18:28:27 [boincserver] Finished upload of exp_20260916T180210Z_hybrid_medium_6_0_r1344475334_0
client-desktop-1    | 16-Sep-2026 18:28:39 [boincserver] Computation for task exp_20260916T180210Z_hybrid_short_7_0 finished
client-desktop-1    | 16-Sep-2026 18:28:39 [boincserver] Elapsed time limit 50.000000 < 120.000000; setting to 43200.000000
client-desktop-1    | 16-Sep-2026 18:28:39 [boincserver] Starting task exp_20260916T180210Z_hybrid_short_14_0
client-desktop-1    | 16-Sep-2026 18:28:39 [boincserver] Sending scheduler request: To report completed tasks.
client-desktop-1    | 16-Sep-2026 18:28:39 [boincserver] Reporting 1 completed tasks
client-desktop-1    | 16-Sep-2026 18:28:39 [boincserver] Requesting new tasks for CPU
mysql-1             | 2026-09-16 18:25:44 0 [Note] Plugin 'FEEDBACK' is disabled.
mysql-1             | 2026-09-16 18:25:44 0 [Note] InnoDB: Buffer pool(s) load completed at 260916 18:25:44
mysql-1             | 2026-09-16 18:25:44 0 [Warning] 'user' entry 'root@a15785853542' ignored in --skip-name-resolve mode.
mysql-1             | 2026-09-16 18:25:44 0 [Warning] 'user' entry '@a15785853542' ignored in --skip-name-resolve mode.
mysql-1             | 2026-09-16 18:25:44 0 [Warning] 'proxies_priv' entry '@% root@a15785853542' ignored in --skip-name-resolve mode.
client-phone-1      | 16-Sep-2026 18:28:33 [boincserver] Reporting 1 completed tasks
client-phone-1      | 16-Sep-2026 18:28:33 [boincserver] Requesting new tasks for CPU
client-phone-1      | 16-Sep-2026 18:28:34 [boincserver] Computation for task exp_20260916T180210Z_hybrid_short_12_0 finished
client-phone-1      | 16-Sep-2026 18:28:35 [boincserver] Scheduler request completed: got 1 new tasks
client-phone-1      | 16-Sep-2026 18:28:35 [boincserver] Project requested delay of 7 seconds
client-phone-1      | 16-Sep-2026 18:28:36 [boincserver] Started upload of exp_20260916T180210Z_hybrid_short_12_0_r536372281_0
client-desktop-1    | 16-Sep-2026 18:28:41 [boincserver] Started upload of exp_20260916T180210Z_hybrid_short_7_0_r1940726619_0
client-desktop-1    | 16-Sep-2026 18:28:41 [boincserver] Scheduler request completed: got 0 new tasks
client-desktop-1    | 16-Sep-2026 18:28:41 [boincserver] Project has no tasks available
client-desktop-1    | 16-Sep-2026 18:28:41 [boincserver] Project requested delay of 7 seconds
client-desktop-1    | 16-Sep-2026 18:28:43 [boincserver] Finished upload of exp_20260916T180210Z_hybrid_short_7_0_r1940726619_0
client-desktop-1    | 16-Sep-2026 18:28:47 [boincserver] Computation for task exp_20260916T180210Z_hybrid_medium_8_0 finished
client-cluster-2-1  | 16-Sep-2026 18:27:19 [---]    max disk usage: 2.00 GB
client-cluster-2-1  | 16-Sep-2026 18:27:19 [---]    don't use GPU while active
client-low-power-1  | 16-Sep-2026 18:28:59 [boincserver] Reporting 1 completed tasks
client-low-power-1  | 16-Sep-2026 18:28:59 [boincserver] Requesting new tasks for CPU
client-low-power-1  | 16-Sep-2026 18:29:00 [boincserver] Computation for task exp_20260916T180210Z_hybrid_short_13_0 finished
client-low-power-1  | 16-Sep-2026 18:29:02 [boincserver] Started upload of exp_20260916T180210Z_hybrid_short_13_0_r1893549925_0
client-low-power-1  | 16-Sep-2026 18:29:04 [boincserver] Finished upload of exp_20260916T180210Z_hybrid_short_13_0_r1893549925_0
client-low-power-1  | 16-Sep-2026 18:29:05 [boincserver] Scheduler request completed: got 0 new tasks
client-low-power-1  | 16-Sep-2026 18:29:05 [boincserver] Project has no tasks available
client-low-power-1  | 16-Sep-2026 18:29:05 [boincserver] Project requested delay of 7 seconds
client-low-power-1  | 16-Sep-2026 18:29:15 [boincserver] Sending scheduler request: To report completed tasks.
client-low-power-1  | 16-Sep-2026 18:29:15 [boincserver] Reporting 1 completed tasks
client-desktop-1    | 16-Sep-2026 18:28:48 [boincserver] Computation for task exp_20260916T180210Z_hybrid_short_14_0 finished
client-desktop-1    | 16-Sep-2026 18:28:49 [boincserver] Started upload of exp_20260916T180210Z_hybrid_medium_8_0_r1228811804_0
client-desktop-1    | 16-Sep-2026 18:28:50 [boincserver] Started upload of exp_20260916T180210Z_hybrid_short_14_0_r1820349640_0
client-phone-2-1    | 16-Sep-2026 18:28:28 [boincserver] Sending scheduler request: To report completed tasks.
client-phone-2-1    | 16-Sep-2026 18:28:28 [boincserver] Reporting 1 completed tasks
client-phone-2-1    | 16-Sep-2026 18:28:28 [boincserver] Requesting new tasks for CPU
client-phone-2-1    | 16-Sep-2026 18:28:29 [boincserver] Computation for task exp_20260916T180210Z_hybrid_short_8_0 finished
client-phone-2-1    | 16-Sep-2026 18:28:30 [boincserver] Scheduler request completed: got 1 new tasks
client-phone-2-1    | 16-Sep-2026 18:28:30 [boincserver] Project requested delay of 7 seconds
client-phone-2-1    | 16-Sep-2026 18:28:31 [boincserver] Started upload of exp_20260916T180210Z_hybrid_short_8_0_r531962929_0
client-phone-2-1    | 16-Sep-2026 18:28:32 [boincserver] Elapsed time limit 50.000000 < 120.000000; setting to 43200.000000
client-phone-2-1    | 16-Sep-2026 18:28:32 [boincserver] Starting task exp_20260916T180210Z_hybrid_short_15_0
client-phone-2-1    | 16-Sep-2026 18:28:33 [boincserver] Finished upload of exp_20260916T180210Z_hybrid_short_8_0_r531962929_0
client-phone-2-1    | 16-Sep-2026 18:28:40 [boincserver] Sending scheduler request: To report completed tasks.
client-phone-2-1    | 16-Sep-2026 18:28:40 [boincserver] Reporting 1 completed tasks
client-phone-2-1    | 16-Sep-2026 18:28:40 [boincserver] Requesting new tasks for CPU
client-phone-2-1    | 16-Sep-2026 18:28:42 [boincserver] Computation for task exp_20260916T180210Z_hybrid_short_15_0 finished
client-phone-2-1    | 16-Sep-2026 18:28:42 [boincserver] Scheduler request completed: got 0 new tasks
client-phone-2-1    | 16-Sep-2026 18:28:42 [boincserver] Project has no tasks available
mysql-1             | 2026-09-16 18:25:44 0 [Note] Reading of all Master_info entries succeded
mysql-1             | 2026-09-16 18:25:44 0 [Note] Added new Master_info '' to hash table
client-desktop-1    | 16-Sep-2026 18:28:51 [boincserver] Finished upload of exp_20260916T180210Z_hybrid_medium_8_0_r1228811804_0
client-desktop-1    | 16-Sep-2026 18:28:51 [boincserver] Finished upload of exp_20260916T180210Z_hybrid_short_14_0_r1820349640_0
client-desktop-1    | 16-Sep-2026 18:28:51 [boincserver] Sending scheduler request: To report completed tasks.
client-desktop-1    | 16-Sep-2026 18:28:51 [boincserver] Reporting 3 completed tasks
client-desktop-1    | 16-Sep-2026 18:28:51 [boincserver] Requesting new tasks for CPU
client-desktop-1    | 16-Sep-2026 18:28:53 [boincserver] Scheduler request completed: got 0 new tasks
client-desktop-1    | 16-Sep-2026 18:28:53 [boincserver] Project has no tasks available
client-desktop-1    | 16-Sep-2026 18:28:53 [boincserver] Project requested delay of 7 seconds
client-desktop-1    | 16-Sep-2026 18:29:03 [boincserver] Sending scheduler request: To fetch work.
client-desktop-1    | 16-Sep-2026 18:29:03 [boincserver] Requesting new tasks for CPU
client-desktop-1    | 16-Sep-2026 18:29:10 [boincserver] Scheduler request completed: got 0 new tasks
client-desktop-1    | 16-Sep-2026 18:29:10 [boincserver] Project has no tasks available
client-desktop-1    | 16-Sep-2026 18:29:10 [boincserver] Project requested delay of 7 seconds
client-phone-1      | 16-Sep-2026 18:28:37 [boincserver] Elapsed time limit 50.000000 < 120.000000; setting to 43200.000000
client-cluster-1    | 16-Sep-2026 18:30:01 [boincserver] Started upload of exp_20260916T180210Z_hybrid_long_4_0_r2016389389_0
client-cluster-1    | 16-Sep-2026 18:30:02 [boincserver] Finished upload of exp_20260916T180210Z_hybrid_long_6_0_r348944691_0
client-cluster-1    | 16-Sep-2026 18:30:02 [boincserver] Finished upload of exp_20260916T180210Z_hybrid_long_4_0_r2016389389_0
client-cluster-1    | 16-Sep-2026 18:30:02 [boincserver] Started upload of exp_20260916T180210Z_hybrid_long_5_0_r2096387261_0
client-cluster-1    | 16-Sep-2026 18:30:04 [boincserver] Finished upload of exp_20260916T180210Z_hybrid_long_5_0_r2096387261_0
client-cluster-1    | 16-Sep-2026 18:30:10 [boincserver] Sending scheduler request: To report completed tasks.
client-cluster-1    | 16-Sep-2026 18:30:10 [boincserver] Reporting 3 completed tasks
client-cluster-1    | 16-Sep-2026 18:30:10 [boincserver] Requesting new tasks for CPU
client-cluster-2-1  | 16-Sep-2026 18:27:19 [---]    suspend work if non-BOINC CPU load exceeds 25%
client-cluster-2-1  | 16-Sep-2026 18:27:19 [---]    (to change preferences, visit a project web site or select Preferences in the Manager)
client-cluster-2-1  | 16-Sep-2026 18:27:23 [http://boincserver.local/boincserver/] Fetching scheduler list
client-cluster-2-1  | 16-Sep-2026 18:27:25 [http://boincserver.local/boincserver/] Master file download succeeded
client-cluster-2-1  | 16-Sep-2026 18:27:30 [http://boincserver.local/boincserver/] Sending scheduler request: Project initialization.
client-cluster-2-1  | 16-Sep-2026 18:27:30 [http://boincserver.local/boincserver/] Requesting new tasks for CPU
client-cluster-2-1  | 16-Sep-2026 18:27:32 [boincserver] Scheduler request completed: got 1 new tasks
client-cluster-2-1  | 16-Sep-2026 18:27:32 [boincserver] Project requested delay of 7 seconds
client-low-power-1  | 16-Sep-2026 18:29:15 [boincserver] Requesting new tasks for CPU
client-low-power-1  | 16-Sep-2026 18:29:17 [boincserver] Scheduler request completed: got 0 new tasks
client-low-power-1  | 16-Sep-2026 18:29:17 [boincserver] Project has no tasks available
client-low-power-1  | 16-Sep-2026 18:29:17 [boincserver] Project requested delay of 7 seconds
mysql-1             | 2026-09-16 18:25:44 0 [Note] mysqld: ready for connections.
mysql-1             | Version: '10.3.8-MariaDB-1:10.3.8+maria~bionic'  socket: '/var/run/mysqld/mysqld.sock'  port: 0  mariadb.org binary distribution
mysql-1             | Warning: Unable to load '/usr/share/zoneinfo/leap-seconds.list' as time zone. Skipping it.
mysql-1             | 2026-09-16 18:25:45 10 [Warning] 'proxies_priv' entry '@% root@a15785853542' ignored in --skip-name-resolve mode.
mysql-1             | 
mysql-1             | 2026-09-16 18:25:45 0 [Note] mysqld (initiated by: unknown): Normal shutdown
mysql-1             | 2026-09-16 18:25:45 0 [Note] Event Scheduler: Purging the queue. 0 events
mysql-1             | 2026-09-16 18:25:45 0 [Note] InnoDB: FTS optimize thread exiting.
mysql-1             | 2026-09-16 18:25:45 0 [Note] InnoDB: Starting shutdown...
mysql-1             | 2026-09-16 18:25:45 0 [Note] InnoDB: Dumping buffer pool(s) to /var/lib/mysql/ib_buffer_pool
mysql-1             | 2026-09-16 18:25:45 0 [Note] InnoDB: Buffer pool(s) dump completed at 260916 18:25:45
mysql-1             | 2026-09-16 18:25:46 0 [Note] InnoDB: Shutdown completed; log sequence number 1630824; transaction id 24
client-phone-2-1    | 16-Sep-2026 18:28:42 [boincserver] Project requested delay of 7 seconds
client-phone-2-1    | 16-Sep-2026 18:28:44 [boincserver] Started upload of exp_20260916T180210Z_hybrid_short_15_0_r1667330313_0
client-low-power-1  | 16-Sep-2026 18:29:27 [boincserver] Sending scheduler request: To fetch work.
client-low-power-1  | 16-Sep-2026 18:29:27 [boincserver] Requesting new tasks for CPU
client-low-power-1  | 16-Sep-2026 18:29:29 [boincserver] Scheduler request completed: got 0 new tasks
client-low-power-1  | 16-Sep-2026 18:29:29 [boincserver] Project has no tasks available
client-low-power-1  | 16-Sep-2026 18:29:29 [boincserver] Project requested delay of 7 seconds
client-phone-2-1    | 16-Sep-2026 18:28:46 [boincserver] Finished upload of exp_20260916T180210Z_hybrid_short_15_0_r1667330313_0
client-phone-2-1    | 16-Sep-2026 18:28:52 [boincserver] Sending scheduler request: To report completed tasks.
client-phone-1      | 16-Sep-2026 18:28:37 [boincserver] Starting task exp_20260916T180210Z_hybrid_short_16_0
client-phone-1      | 16-Sep-2026 18:28:38 [boincserver] Finished upload of exp_20260916T180210Z_hybrid_short_12_0_r536372281_0
client-cluster-1    | 16-Sep-2026 18:30:17 [boincserver] Scheduler request completed: got 0 new tasks
client-cluster-1    | 16-Sep-2026 18:30:17 [boincserver] Project has no tasks available
client-cluster-1    | 16-Sep-2026 18:30:17 [boincserver] Project requested delay of 7 seconds
client-cluster-1    | 16-Sep-2026 18:30:21 [boincserver] Computation for task exp_20260916T180210Z_hybrid_medium_10_0 finished
client-cluster-1    | 16-Sep-2026 18:30:22 [boincserver] Computation for task exp_20260916T180210Z_hybrid_medium_12_0 finished
client-cluster-1    | 16-Sep-2026 18:30:23 [boincserver] Started upload of exp_20260916T180210Z_hybrid_medium_10_0_r338981341_0
client-cluster-1    | 16-Sep-2026 18:30:24 [boincserver] Started upload of exp_20260916T180210Z_hybrid_medium_12_0_r20655934_0
client-cluster-1    | 16-Sep-2026 18:30:25 [boincserver] Finished upload of exp_20260916T180210Z_hybrid_medium_10_0_r338981341_0
client-cluster-1    | 16-Sep-2026 18:30:25 [boincserver] Finished upload of exp_20260916T180210Z_hybrid_medium_12_0_r20655934_0
client-cluster-1    | 16-Sep-2026 18:30:27 [boincserver] Sending scheduler request: To report completed tasks.
client-cluster-1    | 16-Sep-2026 18:30:27 [boincserver] Reporting 2 completed tasks
client-cluster-1    | 16-Sep-2026 18:30:27 [boincserver] Requesting new tasks for CPU
client-cluster-1    | 16-Sep-2026 18:30:33 [boincserver] Computation for task exp_20260916T180210Z_hybrid_medium_11_0 finished
client-cluster-1    | 16-Sep-2026 18:30:34 [boincserver] Scheduler request completed: got 0 new tasks
client-cluster-1    | 16-Sep-2026 18:30:34 [boincserver] Project has no tasks available
client-phone-2-1    | 16-Sep-2026 18:28:52 [boincserver] Reporting 1 completed tasks
client-phone-2-1    | 16-Sep-2026 18:28:52 [boincserver] Requesting new tasks for CPU
client-phone-2-1    | 16-Sep-2026 18:28:54 [boincserver] Scheduler request completed: got 0 new tasks
client-phone-2-1    | 16-Sep-2026 18:28:54 [boincserver] Project has no tasks available
client-phone-2-1    | 16-Sep-2026 18:28:54 [boincserver] Project requested delay of 7 seconds
client-phone-2-1    | 16-Sep-2026 18:29:09 [boincserver] Sending scheduler request: To fetch work.
client-phone-2-1    | 16-Sep-2026 18:29:09 [boincserver] Requesting new tasks for CPU
client-phone-2-1    | 16-Sep-2026 18:29:16 [boincserver] Scheduler request completed: got 0 new tasks
client-phone-2-1    | 16-Sep-2026 18:29:16 [boincserver] Project has no tasks available
client-phone-2-1    | 16-Sep-2026 18:29:16 [boincserver] Project requested delay of 7 seconds
client-cluster-2-1  | 16-Sep-2026 18:27:34 [boincserver] Started download of hybrid_synthetic_1.0_aarch64-unknown-linux-gnu
client-cluster-2-1  | 16-Sep-2026 18:27:34 [boincserver] Started download of hybrid_synthetic_input.txt
client-cluster-2-1  | 16-Sep-2026 18:27:36 [boincserver] Finished download of hybrid_synthetic_1.0_aarch64-unknown-linux-gnu
client-cluster-2-1  | 16-Sep-2026 18:27:36 [boincserver] Finished download of hybrid_synthetic_input.txt
client-cluster-2-1  | 16-Sep-2026 18:27:36 [boincserver] Starting task exp_20260916T180210Z_hybrid_long_2_0
client-cluster-2-1  | 16-Sep-2026 18:27:42 [boincserver] Sending scheduler request: To fetch work.
client-cluster-2-1  | 16-Sep-2026 18:27:42 [boincserver] Requesting new tasks for CPU
client-cluster-2-1  | 16-Sep-2026 18:27:49 [boincserver] Scheduler request completed: got 4 new tasks
client-cluster-2-1  | 16-Sep-2026 18:27:49 [boincserver] Project requested delay of 7 seconds
client-cluster-2-1  | 16-Sep-2026 18:27:51 [boincserver] Starting task exp_20260916T180210Z_hybrid_medium_4_0
client-cluster-2-1  | 16-Sep-2026 18:27:51 [boincserver] Starting task exp_20260916T180210Z_hybrid_medium_5_0
client-cluster-2-1  | 16-Sep-2026 18:27:51 [boincserver] Starting task exp_20260916T180210Z_hybrid_medium_3_0
client-phone-1      | 16-Sep-2026 18:28:45 [boincserver] Sending scheduler request: To report completed tasks.
client-phone-1      | 16-Sep-2026 18:28:45 [boincserver] Reporting 1 completed tasks
mysql-1             | 2026-09-16 18:25:46 0 [Note] InnoDB: Removed temporary tablespace data file: "ibtmp1"
mysql-1             | 2026-09-16 18:25:46 0 [Note] mysqld: Shutdown complete
mysql-1             | 
mysql-1             | 
mysql-1             | MySQL init process done. Ready for start up.
client-cluster-1    | 16-Sep-2026 18:30:34 [boincserver] Project requested delay of 7 seconds
client-cluster-1    | 16-Sep-2026 18:30:35 [boincserver] Started upload of exp_20260916T180210Z_hybrid_medium_11_0_r1147039364_0
client-cluster-1    | 16-Sep-2026 18:30:37 [boincserver] Finished upload of exp_20260916T180210Z_hybrid_medium_11_0_r1147039364_0
client-cluster-1    | 16-Sep-2026 18:30:51 [boincserver] Sending scheduler request: To report completed tasks.
client-cluster-1    | 16-Sep-2026 18:30:51 [boincserver] Reporting 1 completed tasks
client-cluster-1    | 16-Sep-2026 18:30:51 [boincserver] Requesting new tasks for CPU
client-cluster-1    | 16-Sep-2026 18:30:53 [boincserver] Scheduler request completed: got 0 new tasks
client-cluster-1    | 16-Sep-2026 18:30:53 [boincserver] Project has no tasks available
client-cluster-1    | 16-Sep-2026 18:30:53 [boincserver] Project requested delay of 7 seconds
client-cluster-1    | 16-Sep-2026 18:31:03 [boincserver] Sending scheduler request: To fetch work.
client-cluster-1    | 16-Sep-2026 18:31:03 [boincserver] Requesting new tasks for CPU
client-cluster-1    | 16-Sep-2026 18:31:05 [boincserver] Scheduler request completed: got 0 new tasks
client-cluster-1    | 16-Sep-2026 18:31:05 [boincserver] Project has no tasks available
client-cluster-1    | 16-Sep-2026 18:31:05 [boincserver] Project requested delay of 7 seconds
client-cluster-2-1  | 16-Sep-2026 18:27:59 [boincserver] Sending scheduler request: To fetch work.
client-cluster-2-1  | 16-Sep-2026 18:27:59 [boincserver] Requesting new tasks for CPU
client-cluster-2-1  | 16-Sep-2026 18:28:06 [boincserver] Scheduler request completed: got 3 new tasks
client-cluster-2-1  | 16-Sep-2026 18:28:06 [boincserver] Project requested delay of 7 seconds
client-cluster-2-1  | 16-Sep-2026 18:28:16 [boincserver] Sending scheduler request: To fetch work.
client-cluster-2-1  | 16-Sep-2026 18:28:16 [boincserver] Requesting new tasks for CPU
client-cluster-2-1  | 16-Sep-2026 18:28:18 [boincserver] Scheduler request completed: got 0 new tasks
client-cluster-2-1  | 16-Sep-2026 18:28:18 [boincserver] No tasks sent
client-cluster-2-1  | 16-Sep-2026 18:28:18 [boincserver] This computer has reached a limit on tasks in progress
client-cluster-2-1  | 16-Sep-2026 18:28:18 [boincserver] Project requested delay of 7 seconds
client-cluster-2-1  | 16-Sep-2026 18:28:31 [boincserver] Computation for task exp_20260916T180210Z_hybrid_medium_4_0 finished
client-cluster-2-1  | 16-Sep-2026 18:28:31 [boincserver] Starting task exp_20260916T180210Z_hybrid_medium_7_0
client-cluster-2-1  | 16-Sep-2026 18:28:32 [boincserver] Computation for task exp_20260916T180210Z_hybrid_medium_5_0 finished
client-cluster-1    | 16-Sep-2026 18:31:43 [boincserver] Computation for task exp_20260916T180210Z_hybrid_long_3_0 finished
client-cluster-1    | 16-Sep-2026 18:31:45 [boincserver] Started upload of exp_20260916T180210Z_hybrid_long_3_0_r1130374982_0
client-cluster-1    | 16-Sep-2026 18:31:47 [boincserver] Finished upload of exp_20260916T180210Z_hybrid_long_3_0_r1130374982_0
client-cluster-1    | 16-Sep-2026 18:31:51 [boincserver] Sending scheduler request: To report completed tasks.
client-cluster-1    | 16-Sep-2026 18:31:51 [boincserver] Reporting 1 completed tasks
client-cluster-1    | 16-Sep-2026 18:31:51 [boincserver] Requesting new tasks for CPU
client-cluster-2-1  | 16-Sep-2026 18:28:32 [boincserver] Elapsed time limit 50.000000 < 120.000000; setting to 43200.000000
client-cluster-2-1  | 16-Sep-2026 18:28:32 [boincserver] Starting task exp_20260916T180210Z_hybrid_short_2_0
client-cluster-2-1  | 16-Sep-2026 18:28:33 [boincserver] Started upload of exp_20260916T180210Z_hybrid_medium_4_0_r618037685_0
client-cluster-2-1  | 16-Sep-2026 18:28:33 [boincserver] Computation for task exp_20260916T180210Z_hybrid_medium_3_0 finished
client-cluster-2-1  | 16-Sep-2026 18:28:33 [boincserver] Elapsed time limit 50.000000 < 120.000000; setting to 43200.000000
client-cluster-2-1  | 16-Sep-2026 18:28:33 [boincserver] Starting task exp_20260916T180210Z_hybrid_short_9_0
client-cluster-2-1  | 16-Sep-2026 18:28:34 [boincserver] Started upload of exp_20260916T180210Z_hybrid_medium_5_0_r1564312070_0
client-cluster-2-1  | 16-Sep-2026 18:28:35 [boincserver] Finished upload of exp_20260916T180210Z_hybrid_medium_4_0_r618037685_0
client-cluster-2-1  | 16-Sep-2026 18:28:35 [boincserver] Finished upload of exp_20260916T180210Z_hybrid_medium_5_0_r1564312070_0
client-cluster-2-1  | 16-Sep-2026 18:28:35 [boincserver] Started upload of exp_20260916T180210Z_hybrid_medium_3_0_r1393603083_0
client-phone-1      | 16-Sep-2026 18:28:45 [boincserver] Requesting new tasks for CPU
client-phone-1      | 16-Sep-2026 18:28:47 [boincserver] Computation for task exp_20260916T180210Z_hybrid_short_16_0 finished
client-phone-1      | 16-Sep-2026 18:28:59 [boincserver] Started upload of exp_20260916T180210Z_hybrid_short_16_0_r882744266_0
client-cluster-2-1  | 16-Sep-2026 18:28:37 [boincserver] Finished upload of exp_20260916T180210Z_hybrid_medium_3_0_r1393603083_0
client-cluster-2-1  | 16-Sep-2026 18:28:39 [boincserver] Sending scheduler request: To report completed tasks.
client-cluster-1    | 16-Sep-2026 18:31:53 [boincserver] Scheduler request completed: got 0 new tasks
client-cluster-1    | 16-Sep-2026 18:31:53 [boincserver] Project has no tasks available
client-cluster-1    | 16-Sep-2026 18:31:53 [boincserver] Project requested delay of 7 seconds
client-phone-1      | 16-Sep-2026 18:28:59 [boincserver] Scheduler request completed: got 0 new tasks
client-phone-1      | 16-Sep-2026 18:28:59 [boincserver] Project has no tasks available
client-phone-1      | 16-Sep-2026 18:28:59 [boincserver] Project requested delay of 7 seconds
client-phone-1      | 16-Sep-2026 18:29:01 [boincserver] Finished upload of exp_20260916T180210Z_hybrid_short_16_0_r882744266_0
client-phone-1      | 16-Sep-2026 18:29:09 [boincserver] Sending scheduler request: To report completed tasks.
client-phone-1      | 16-Sep-2026 18:29:09 [boincserver] Reporting 1 completed tasks
client-phone-1      | 16-Sep-2026 18:29:09 [boincserver] Requesting new tasks for CPU
client-phone-1      | 16-Sep-2026 18:29:11 [boincserver] Scheduler request completed: got 0 new tasks
client-phone-1      | 16-Sep-2026 18:29:11 [boincserver] Project has no tasks available
client-phone-1      | 16-Sep-2026 18:29:11 [boincserver] Project requested delay of 7 seconds
client-phone-1      | 16-Sep-2026 18:29:21 [boincserver] Sending scheduler request: To fetch work.
client-phone-1      | 16-Sep-2026 18:29:21 [boincserver] Requesting new tasks for CPU
client-phone-1      | 16-Sep-2026 18:29:28 [boincserver] Scheduler request completed: got 0 new tasks
client-phone-1      | 16-Sep-2026 18:29:28 [boincserver] Project has no tasks available
client-phone-1      | 16-Sep-2026 18:29:28 [boincserver] Project requested delay of 7 seconds
client-cluster-2-1  | 16-Sep-2026 18:28:39 [boincserver] Reporting 3 completed tasks
client-cluster-2-1  | 16-Sep-2026 18:28:39 [boincserver] Requesting new tasks for CPU
client-cluster-2-1  | 16-Sep-2026 18:28:40 [boincserver] Computation for task exp_20260916T180210Z_hybrid_short_2_0 finished
client-cluster-2-1  | 16-Sep-2026 18:28:40 [boincserver] Elapsed time limit 50.000000 < 120.000000; setting to 43200.000000
client-cluster-2-1  | 16-Sep-2026 18:28:40 [boincserver] Starting task exp_20260916T180210Z_hybrid_short_11_0
mysql-1             | 
mysql-1             | 2026-09-16 18:25:46 0 [Note] mysqld (mysqld 10.3.8-MariaDB-1:10.3.8+maria~bionic) starting as process 1 ...
mysql-1             | 2026-09-16 18:25:46 0 [Note] InnoDB: Using Linux native AIO
mysql-1             | 2026-09-16 18:25:46 0 [Note] InnoDB: Mutexes and rw_locks use GCC atomic builtins
mysql-1             | 2026-09-16 18:25:46 0 [Note] InnoDB: Uses event mutexes
mysql-1             | 2026-09-16 18:25:46 0 [Note] InnoDB: Compressed tables use zlib 1.2.11
mysql-1             | 2026-09-16 18:25:46 0 [Note] InnoDB: Number of pools: 1
mysql-1             | 2026-09-16 18:25:46 0 [Note] InnoDB: Using generic crc32 instructions
mysql-1             | 2026-09-16 18:25:46 0 [Note] InnoDB: Initializing buffer pool, total size = 256M, instances = 1, chunk size = 128M
mysql-1             | 2026-09-16 18:25:46 0 [Note] InnoDB: Completed initialization of buffer pool
mysql-1             | 2026-09-16 18:25:46 0 [Note] InnoDB: If the mysqld execution user is authorized, page cleaner thread priority can be changed. See the man page of setpriority().
mysql-1             | 2026-09-16 18:25:46 0 [Note] InnoDB: 128 out of 128 rollback segments are active.
mysql-1             | 2026-09-16 18:25:46 0 [Note] InnoDB: Creating shared tablespace for temporary tables
mysql-1             | 2026-09-16 18:25:46 0 [Note] InnoDB: Setting file './ibtmp1' size to 12 MB. Physically writing the file full; Please wait ...
client-cluster-2-1  | 16-Sep-2026 18:28:41 [boincserver] Computation for task exp_20260916T180210Z_hybrid_short_9_0 finished
client-cluster-2-1  | 16-Sep-2026 18:28:41 [boincserver] Scheduler request completed: got 2 new tasks
client-cluster-2-1  | 16-Sep-2026 18:28:41 [boincserver] Project requested delay of 7 seconds
client-cluster-2-1  | 16-Sep-2026 18:28:42 [boincserver] Started upload of exp_20260916T180210Z_hybrid_short_2_0_r1671051956_0
client-cluster-2-1  | 16-Sep-2026 18:28:43 [boincserver] Started upload of exp_20260916T180210Z_hybrid_short_9_0_r231693560_0
client-cluster-2-1  | 16-Sep-2026 18:28:43 [boincserver] Elapsed time limit 50.000000 < 120.000000; setting to 43200.000000
client-cluster-2-1  | 16-Sep-2026 18:28:43 [boincserver] Starting task exp_20260916T180210Z_hybrid_short_18_0
client-cluster-2-1  | 16-Sep-2026 18:28:44 [boincserver] Finished upload of exp_20260916T180210Z_hybrid_short_2_0_r1671051956_0
client-cluster-2-1  | 16-Sep-2026 18:28:44 [boincserver] Finished upload of exp_20260916T180210Z_hybrid_short_9_0_r231693560_0
client-cluster-2-1  | 16-Sep-2026 18:28:48 [boincserver] Computation for task exp_20260916T180210Z_hybrid_short_11_0 finished
client-cluster-2-1  | 16-Sep-2026 18:28:48 [boincserver] Elapsed time limit 50.000000 < 120.000000; setting to 43200.000000
client-cluster-2-1  | 16-Sep-2026 18:28:48 [boincserver] Starting task exp_20260916T180210Z_hybrid_short_17_0
client-cluster-2-1  | 16-Sep-2026 18:28:50 [boincserver] Started upload of exp_20260916T180210Z_hybrid_short_11_0_r651492393_0
mysql-1             | 2026-09-16 18:25:46 0 [Note] InnoDB: File './ibtmp1' size is now 12 MB.
mysql-1             | 2026-09-16 18:25:46 0 [Note] InnoDB: 10.3.8 started; log sequence number 1630824; transaction id 21
client-cluster-2-1  | 16-Sep-2026 18:28:51 [boincserver] Computation for task exp_20260916T180210Z_hybrid_short_18_0 finished
client-cluster-2-1  | 16-Sep-2026 18:28:51 [boincserver] Sending scheduler request: To fetch work.
client-cluster-2-1  | 16-Sep-2026 18:28:51 [boincserver] Reporting 2 completed tasks
client-cluster-2-1  | 16-Sep-2026 18:28:51 [boincserver] Requesting new tasks for CPU
client-cluster-2-1  | 16-Sep-2026 18:28:52 [boincserver] Finished upload of exp_20260916T180210Z_hybrid_short_11_0_r651492393_0
client-cluster-2-1  | 16-Sep-2026 18:28:52 [boincserver] Scheduler request completed: got 0 new tasks
client-cluster-2-1  | 16-Sep-2026 18:28:52 [boincserver] Project has no tasks available
client-cluster-2-1  | 16-Sep-2026 18:28:52 [boincserver] Project requested delay of 7 seconds
mysql-1             | 2026-09-16 18:25:46 0 [Note] InnoDB: Loading buffer pool(s) from /var/lib/mysql/ib_buffer_pool
mysql-1             | 2026-09-16 18:25:46 0 [Note] Plugin 'FEEDBACK' is disabled.
mysql-1             | 2026-09-16 18:25:46 0 [Note] InnoDB: Buffer pool(s) load completed at 260916 18:25:46
client-cluster-2-1  | 16-Sep-2026 18:28:53 [boincserver] Started upload of exp_20260916T180210Z_hybrid_short_18_0_r660316168_0
client-cluster-2-1  | 16-Sep-2026 18:28:55 [boincserver] Finished upload of exp_20260916T180210Z_hybrid_short_18_0_r660316168_0
client-cluster-2-1  | 16-Sep-2026 18:28:56 [boincserver] Computation for task exp_20260916T180210Z_hybrid_short_17_0 finished
client-cluster-2-1  | 16-Sep-2026 18:28:58 [boincserver] Started upload of exp_20260916T180210Z_hybrid_short_17_0_r1702002040_0
client-cluster-2-1  | 16-Sep-2026 18:29:00 [boincserver] Finished upload of exp_20260916T180210Z_hybrid_short_17_0_r1702002040_0
client-cluster-2-1  | 16-Sep-2026 18:29:02 [boincserver] Sending scheduler request: To report completed tasks.
mysql-1             | 2026-09-16 18:25:46 0 [Note] Server socket created on IP: '::'.
mysql-1             | 2026-09-16 18:25:46 0 [Warning] 'proxies_priv' entry '@% root@a15785853542' ignored in --skip-name-resolve mode.
mysql-1             | 2026-09-16 18:25:46 0 [Note] Reading of all Master_info entries succeded
mysql-1             | 2026-09-16 18:25:46 0 [Note] Added new Master_info '' to hash table
mysql-1             | 2026-09-16 18:25:46 0 [Note] mysqld: ready for connections.
mysql-1             | Version: '10.3.8-MariaDB-1:10.3.8+maria~bionic'  socket: '/var/run/mysqld/mysqld.sock'  port: 3306  mariadb.org binary distribution
mysql-1             | 2026-09-16 18:25:47 8 [Warning] Access denied for user 'boincadm'@'172.21.0.2' (using password: NO)
mysql-1             | 2026-09-16 18:26:00 15 [Warning] Aborted connection 15 to db: 'boincserver' user: 'root' host: '172.21.0.4' (Got an error reading communication packets)
mysql-1             | 2026-09-16 18:26:00 18 [Warning] Aborted connection 18 to db: 'boincserver' user: 'root' host: '172.21.0.4' (Got an error reading communication packets)
mysql-1             | 2026-09-16 18:26:00 17 [Warning] Aborted connection 17 to db: 'boincserver' user: 'root' host: '172.21.0.4' (Got an error reading communication packets)
mysql-1             | 2026-09-16 18:30:01 167 [Warning] Aborted connection 167 to db: 'boincserver' user: 'root' host: '172.21.0.4' (Got an error reading communication packets)
mysql-1             | 2026-09-16 18:30:02 169 [Warning] Aborted connection 169 to db: 'boincserver' user: 'root' host: '172.21.0.4' (Got an error reading communication packets)
client-cluster-2-1  | 16-Sep-2026 18:29:02 [boincserver] Reporting 3 completed tasks
client-cluster-2-1  | 16-Sep-2026 18:29:02 [boincserver] Requesting new tasks for CPU
client-cluster-2-1  | 16-Sep-2026 18:29:04 [boincserver] Computation for task exp_20260916T180210Z_hybrid_medium_7_0 finished
client-cluster-2-1  | 16-Sep-2026 18:29:04 [boincserver] Scheduler request completed: got 0 new tasks
client-cluster-2-1  | 16-Sep-2026 18:29:04 [boincserver] Project has no tasks available
client-cluster-2-1  | 16-Sep-2026 18:29:04 [boincserver] Project requested delay of 7 seconds
client-cluster-2-1  | 16-Sep-2026 18:29:06 [boincserver] Started upload of exp_20260916T180210Z_hybrid_medium_7_0_r426173339_0
client-cluster-2-1  | 16-Sep-2026 18:29:08 [boincserver] Finished upload of exp_20260916T180210Z_hybrid_medium_7_0_r426173339_0
client-cluster-2-1  | 16-Sep-2026 18:29:19 [boincserver] Sending scheduler request: To report completed tasks.
client-cluster-2-1  | 16-Sep-2026 18:29:19 [boincserver] Reporting 1 completed tasks
client-cluster-2-1  | 16-Sep-2026 18:29:19 [boincserver] Requesting new tasks for CPU
client-cluster-2-1  | 16-Sep-2026 18:29:21 [boincserver] Scheduler request completed: got 0 new tasks
client-cluster-2-1  | 16-Sep-2026 18:29:21 [boincserver] Project has no tasks available
client-cluster-2-1  | 16-Sep-2026 18:29:21 [boincserver] Project requested delay of 7 seconds
client-cluster-2-1  | 16-Sep-2026 18:29:31 [boincserver] Sending scheduler request: To fetch work.
client-cluster-2-1  | 16-Sep-2026 18:29:31 [boincserver] Requesting new tasks for CPU
client-cluster-2-1  | 16-Sep-2026 18:29:38 [boincserver] Computation for task exp_20260916T180210Z_hybrid_long_2_0 finished
client-cluster-2-1  | 16-Sep-2026 18:29:38 [boincserver] Scheduler request completed: got 0 new tasks
client-cluster-2-1  | 16-Sep-2026 18:29:38 [boincserver] Project has no tasks available
client-cluster-2-1  | 16-Sep-2026 18:29:38 [boincserver] Project requested delay of 7 seconds
client-cluster-2-1  | 16-Sep-2026 18:29:40 [boincserver] Started upload of exp_20260916T180210Z_hybrid_long_2_0_r455098966_0
client-cluster-2-1  | 16-Sep-2026 18:29:42 [boincserver] Finished upload of exp_20260916T180210Z_hybrid_long_2_0_r455098966_0
client-cluster-2-1  | 16-Sep-2026 18:29:48 [boincserver] Sending scheduler request: To report completed tasks.
client-cluster-2-1  | 16-Sep-2026 18:29:48 [boincserver] Reporting 1 completed tasks
client-cluster-2-1  | 16-Sep-2026 18:29:48 [boincserver] Requesting new tasks for CPU
client-cluster-2-1  | 16-Sep-2026 18:29:55 [boincserver] Scheduler request completed: got 0 new tasks
client-cluster-2-1  | 16-Sep-2026 18:29:55 [boincserver] Project has no tasks available
client-cluster-2-1  | 16-Sep-2026 18:29:55 [boincserver] Project requested delay of 7 seconds
client-cluster-2-1  | 16-Sep-2026 18:30:11 [boincserver] Sending scheduler request: To fetch work.
client-cluster-2-1  | 16-Sep-2026 18:30:11 [boincserver] Requesting new tasks for CPU
client-cluster-2-1  | 16-Sep-2026 18:30:13 [boincserver] Scheduler request completed: got 0 new tasks
client-cluster-2-1  | 16-Sep-2026 18:30:13 [boincserver] Project has no tasks available
client-cluster-2-1  | 16-Sep-2026 18:30:13 [boincserver] Project requested delay of 7 seconds
