makeproject-1  | Updating project files in data volume...
makeproject-1  | Waiting for MySQL server to start...
makeproject-1  | Creating database...
makeproject-1  | added platform: (create_time, name, user_friendly_name) values (1789574963, 'windows_intelx86', 'Microsoft Windows (98 or later) running on an Intel x86-compatible CPU')
makeproject-1  | added platform: (create_time, name, user_friendly_name) values (1789574963, 'windows_x86_64', 'Microsoft Windows running on an AMD x86_64 or Intel EM64T CPU')
makeproject-1  | added platform: (create_time, name, user_friendly_name) values (1789574963, 'windows_arm64', 'Microsoft Windows running on ARM 64-bit')
makeproject-1  | added platform: (create_time, name, user_friendly_name) values (1789574963, 'i686-pc-linux-gnu', 'Linux running on an Intel x86-compatible CPU')
makeproject-1  | added platform: (create_time, name, user_friendly_name) values (1789574963, 'x86_64-pc-linux-gnu', 'Linux running on an AMD x86_64 or Intel EM64T CPU')
makeproject-1  | added platform: (create_time, name, user_friendly_name) values (1789574963, 'powerpc-apple-darwin', 'Mac OS X 10.3 or later running on Motorola PowerPC')
makeproject-1  | added platform: (create_time, name, user_friendly_name) values (1789574963, 'i686-apple-darwin', 'Mac OS 10.4 or later running on Intel')
makeproject-1  | added platform: (create_time, name, user_friendly_name) values (1789574963, 'x86_64-apple-darwin', 'Intel 64-bit Mac OS 10.5 or later')
makeproject-1  | added platform: (create_time, name, user_friendly_name) values (1789574963, 'arm64-apple-darwin', 'Mac OS running on ARM')
makeproject-1  | added platform: (create_time, name, user_friendly_name) values (1789574963, 'sparc-sun-solaris2.7', 'Solaris 2.7 running on a SPARC-compatible CPU')
makeproject-1  | added platform: (create_time, name, user_friendly_name) values (1789574963, 'sparc-sun-solaris', 'Solaris 2.8 or later running on a SPARC-compatible CPU')
makeproject-1  | added platform: (create_time, name, user_friendly_name) values (1789574963, 'sparc64-sun-solaris', 'Solaris 2.8 or later running on a SPARC 64-bit CPU')
makeproject-1  | added platform: (create_time, name, user_friendly_name) values (1789574963, 'powerpc64-ps3-linux-gnu', 'Sony Playstation 3 running Linux')
makeproject-1  | added platform: (create_time, name, user_friendly_name) values (1789574963, 'arm-android-linux-gnu', 'Android running on ARM armeabi-v7a')
makeproject-1  | added platform: (create_time, name, user_friendly_name) values (1789574963, 'aarch64-android-linux-gnu', 'Android running on ARM 64-bit arm64-v8a')
makeproject-1  | added platform: (create_time, name, user_friendly_name) values (1789574963, 'x86_64-android-linux-gnu', 'Android running on Intel x64 compatible')
makeproject-1  | added platform: (create_time, name, user_friendly_name) values (1789574963, 'x86-android-linux-gnu', 'Android running on Intel x86 compatible')
makeproject-1  | added platform: (create_time, name, user_friendly_name) values (1789574963, 'arm-unknown-linux-gnueabihf', 'Linux running on ARM, hardware FP')
makeproject-1  | added platform: (create_time, name, user_friendly_name) values (1789574963, 'aarch64-unknown-linux-gnu', 'Linux running on ARM64')
makeproject-1  | added platform: (create_time, name, user_friendly_name) values (1789574963, 'anonymous', 'anonymous')
makeproject-1  | 
apache-1       | /usr/lib/python2.7/dist-packages/supervisor/options.py:461: UserWarning: Supervisord is running as root and it is searching for its configuration file in default locations (including its current working directory); you probably want to specify a "-c" argument specifying an absolute path to a configuration file for improved security.
apache-1       |   'Supervisord is running as root and it is searching '
apache-1       | 2026-09-16 16:09:17,357 CRIT Supervisor is running as root.  Privileges were not dropped because no user is specified in the config file.  If you intend to run as root, you can set user=root in the config file to avoid this message.
apache-1       | 2026-09-16 16:09:17,357 INFO Included extra file "/etc/supervisor/conf.d/supervisord.conf" during parsing
apache-1       | 2026-09-16 16:09:17,361 INFO RPC interface 'supervisor' initialized
apache-1       | 2026-09-16 16:09:17,361 CRIT Server 'unix_http_server' running without any HTTP authentication checking
apache-1       | 2026-09-16 16:09:17,361 INFO supervisord started with pid 1
apache-1       | 2026-09-16 16:09:18,366 INFO spawned: 'cron' with pid 9
apache-1       | 2026-09-16 16:09:18,368 INFO spawned: 'start' with pid 10
apache-1       | 2026-09-16 16:09:18,369 INFO spawned: 'rsyslogd' with pid 11
apache-1       | 2026-09-16 16:09:18,370 INFO spawned: 'apache2' with pid 12
apache-1       | 2026-09-16 16:09:20,351 INFO success: cron entered RUNNING state, process has stayed up for > than 1 seconds (startsecs)
apache-1       | 2026-09-16 16:09:20,351 INFO success: start entered RUNNING state, process has stayed up for > than 1 seconds (startsecs)
apache-1       | 2026-09-16 16:09:20,351 INFO success: rsyslogd entered RUNNING state, process has stayed up for > than 1 seconds (startsecs)
apache-1       | 2026-09-16 16:09:20,351 INFO success: apache2 entered RUNNING state, process has stayed up for > than 1 seconds (startsecs)
apache-1       | 2026-09-16 16:09:33,822 INFO reaped unknown pid 64
apache-1       | 2026-09-16 16:09:33,822 INFO reaped unknown pid 66
apache-1       | 2026-09-16 16:09:33,822 INFO reaped unknown pid 68
apache-1       | 2026-09-16 16:09:34,700 INFO reaped unknown pid 171
apache-1       | 2026-09-16 16:09:34,806 INFO reaped unknown pid 173
apache-1          | 2026-09-16 16:09:34,916 INFO reaped unknown pid 175
apache-1          | 2026-09-16 16:09:40,234 INFO reaped unknown pid 170
client-cluster-1  | 16-Sep-2026 16:10:49 [---] Starting BOINC client version 7.20.5 for aarch64-unknown-linux-gnu
client-cluster-1  | 16-Sep-2026 16:10:49 [---] This a development version of BOINC and may not function properly
client-phone-1    | 16-Sep-2026 16:10:44 [---] Starting BOINC client version 7.20.5 for aarch64-unknown-linux-gnu
client-phone-1    | 16-Sep-2026 16:10:44 [---] This a development version of BOINC and may not function properly
client-phone-1    | 16-Sep-2026 16:10:44 [---] log flags: file_xfer, sched_ops, task
client-phone-1      | 16-Sep-2026 16:10:44 [---] Libraries: libcurl/7.88.1 OpenSSL/3.0.20 zlib/1.2.13 brotli/1.0.9 zstd/1.5.4 libidn2/2.3.3 libpsl/0.21.2 (+libidn2/2.3.3) libssh2/1.10.0 nghttp2/1.52.0 librtmp/2.3 OpenLDAP/2.5.13
client-phone-1      | 16-Sep-2026 16:10:44 [---] Data directory: /var/lib/boinc-client
client-phone-1      | 16-Sep-2026 16:10:44 [---] No usable GPUs found
client-phone-1      | 16-Sep-2026 16:10:44 [---] Creating new client state file
client-low-power-1  | 16-Sep-2026 16:10:44 [---] Starting BOINC client version 7.20.5 for aarch64-unknown-linux-gnu
client-low-power-1  | 16-Sep-2026 16:10:44 [---] This a development version of BOINC and may not function properly
client-low-power-1  | 16-Sep-2026 16:10:44 [---] log flags: file_xfer, sched_ops, task
apache-1          | 2026-09-16 16:09:40,234 INFO reaped unknown pid 172
mysql-1             | Initializing database
mysql-1             | 
mysql-1             | 
mysql-1             | PLEASE REMEMBER TO SET A PASSWORD FOR THE MariaDB root USER !
mysql-1             | To do so, start the server, then issue the following commands:
mysql-1             | 
mysql-1             | '/usr/bin/mysqladmin' -u root password 'new-password'
mysql-1             | '/usr/bin/mysqladmin' -u root -h  password 'new-password'
mysql-1             | 
mysql-1             | Alternatively you can run:
mysql-1             | '/usr/bin/mysql_secure_installation'
mysql-1             | 
mysql-1             | which will also give you the option of removing the test
mysql-1             | databases and anonymous user created by default.  This is
mysql-1             | strongly recommended for production servers.
mysql-1             | 
mysql-1             | See the MariaDB Knowledgebase at http://mariadb.com/kb or the
mysql-1             | MySQL manual for more instructions.
mysql-1             | 
mysql-1             | Please report any problems at http://mariadb.org/jira
mysql-1             | 
client-phone-1      | 16-Sep-2026 16:10:44 [---] libc:  version 2.36
client-desktop-1    | 16-Sep-2026 16:10:44 [---] Starting BOINC client version 7.20.5 for aarch64-unknown-linux-gnu
client-desktop-1    | 16-Sep-2026 16:10:44 [---] This a development version of BOINC and may not function properly
client-desktop-1    | 16-Sep-2026 16:10:44 [---] log flags: file_xfer, sched_ops, task
client-desktop-1    | 16-Sep-2026 16:10:44 [---] Libraries: libcurl/7.88.1 OpenSSL/3.0.20 zlib/1.2.13 brotli/1.0.9 zstd/1.5.4 libidn2/2.3.3 libpsl/0.21.2 (+libidn2/2.3.3) libssh2/1.10.0 nghttp2/1.52.0 librtmp/2.3 OpenLDAP/2.5.13
client-desktop-1    | 16-Sep-2026 16:10:44 [---] Data directory: /var/lib/boinc-client
client-desktop-1    | 16-Sep-2026 16:10:44 [---] No usable GPUs found
client-desktop-1    | 16-Sep-2026 16:10:44 [---] Creating new client state file
client-desktop-1    | 16-Sep-2026 16:10:44 [---] libc:  version 2.36
client-desktop-1    | 16-Sep-2026 16:10:44 [---] Host name: desktop-01
client-desktop-1    | 16-Sep-2026 16:10:44 [---] Processor: 2 ARM  [Impl 0x61 Arch 8 Variant 0x0 Part 0x000 Rev 0]
client-phone-1      | 16-Sep-2026 16:10:44 [---] Host name: phone-01
client-low-power-1  | 16-Sep-2026 16:10:44 [---] Libraries: libcurl/7.88.1 OpenSSL/3.0.20 zlib/1.2.13 brotli/1.0.9 zstd/1.5.4 libidn2/2.3.3 libpsl/0.21.2 (+libidn2/2.3.3) libssh2/1.10.0 nghttp2/1.52.0 librtmp/2.3 OpenLDAP/2.5.13
client-cluster-1  | 16-Sep-2026 16:10:49 [---] log flags: file_xfer, sched_ops, task
client-cluster-1    | 16-Sep-2026 16:10:49 [---] Libraries: libcurl/7.88.1 OpenSSL/3.0.20 zlib/1.2.13 brotli/1.0.9 zstd/1.5.4 libidn2/2.3.3 libpsl/0.21.2 (+libidn2/2.3.3) libssh2/1.10.0 nghttp2/1.52.0 librtmp/2.3 OpenLDAP/2.5.13
client-cluster-1    | 16-Sep-2026 16:10:49 [---] Data directory: /var/lib/boinc-client
client-cluster-1    | 16-Sep-2026 16:10:49 [---] No usable GPUs found
client-phone-2-1    | 16-Sep-2026 16:10:44 [---] Starting BOINC client version 7.20.5 for aarch64-unknown-linux-gnu
client-phone-2-1    | 16-Sep-2026 16:10:44 [---] This a development version of BOINC and may not function properly
client-low-power-1  | 16-Sep-2026 16:10:44 [---] Data directory: /var/lib/boinc-client
client-low-power-1  | 16-Sep-2026 16:10:44 [---] No usable GPUs found
client-low-power-1  | 16-Sep-2026 16:10:44 [---] Creating new client state file
client-low-power-1  | 16-Sep-2026 16:10:44 [---] libc:  version 2.36
client-low-power-1  | 16-Sep-2026 16:10:44 [---] Host name: low-power-01
client-desktop-1    | 16-Sep-2026 16:10:44 [---] Processor features: fp asimd evtstrm aes pmull sha1 sha2 crc32 atomics fphp asimdhp cpuid asimdrdm jscvt fcma lrcpc dcpop sha3 asimddp sha512 asimdfhm dit uscat ilrcpc flagm sb paca pacg dcpodp flagm2 frint i8mm bf16 bti afp
client-phone-2-1    | 16-Sep-2026 16:10:44 [---] log flags: file_xfer, sched_ops, task
client-phone-2-1    | 16-Sep-2026 16:10:44 [---] Libraries: libcurl/7.88.1 OpenSSL/3.0.20 zlib/1.2.13 brotli/1.0.9 zstd/1.5.4 libidn2/2.3.3 libpsl/0.21.2 (+libidn2/2.3.3) libssh2/1.10.0 nghttp2/1.52.0 librtmp/2.3 OpenLDAP/2.5.13
client-phone-2-1    | 16-Sep-2026 16:10:44 [---] Data directory: /var/lib/boinc-client
client-phone-2-1    | 16-Sep-2026 16:10:44 [---] No usable GPUs found
client-desktop-1    | 16-Sep-2026 16:10:44 [---] OS: Linux Debian GNU/Linux: Debian GNU/Linux 12 (bookworm) [6.8.0-100-generic|libc 2.36]
client-phone-2-1    | 16-Sep-2026 16:10:44 [---] Creating new client state file
client-phone-2-1    | 16-Sep-2026 16:10:44 [---] libc:  version 2.36
client-phone-2-1    | 16-Sep-2026 16:10:44 [---] Host name: phone-02
client-phone-2-1    | 16-Sep-2026 16:10:44 [---] Processor: 1 ARM  [Impl 0x61 Arch 8 Variant 0x0 Part 0x000 Rev 0]
client-phone-2-1    | 16-Sep-2026 16:10:44 [---] Processor features: fp asimd evtstrm aes pmull sha1 sha2 crc32 atomics fphp asimdhp cpuid asimdrdm jscvt fcma lrcpc dcpop sha3 asimddp sha512 asimdfhm dit uscat ilrcpc flagm sb paca pacg dcpodp flagm2 frint i8mm bf16 bti afp
client-phone-2-1    | 16-Sep-2026 16:10:44 [---] OS: Linux Debian GNU/Linux: Debian GNU/Linux 12 (bookworm) [6.8.0-100-generic|libc 2.36]
client-phone-2-1    | 16-Sep-2026 16:10:44 [---] Memory: 9.69 GB physical, 0 bytes virtual
client-phone-2-1    | 16-Sep-2026 16:10:44 [---] Disk: 18.33 GB total, 15.64 GB free
client-phone-2-1    | 16-Sep-2026 16:10:44 [---] Local time is UTC +0 hours
client-low-power-1  | 16-Sep-2026 16:10:44 [---] Processor: 1 ARM  [Impl 0x61 Arch 8 Variant 0x0 Part 0x000 Rev 0]
client-low-power-1  | 16-Sep-2026 16:10:44 [---] Processor features: fp asimd evtstrm aes pmull sha1 sha2 crc32 atomics fphp asimdhp cpuid asimdrdm jscvt fcma lrcpc dcpop sha3 asimddp sha512 asimdfhm dit uscat ilrcpc flagm sb paca pacg dcpodp flagm2 frint i8mm bf16 bti afp
client-low-power-1  | 16-Sep-2026 16:10:44 [---] OS: Linux Debian GNU/Linux: Debian GNU/Linux 12 (bookworm) [6.8.0-100-generic|libc 2.36]
client-low-power-1  | 16-Sep-2026 16:10:44 [---] Memory: 9.69 GB physical, 0 bytes virtual
client-low-power-1  | 16-Sep-2026 16:10:44 [---] Disk: 18.33 GB total, 15.64 GB free
client-desktop-1    | 16-Sep-2026 16:10:44 [---] Memory: 9.69 GB physical, 0 bytes virtual
client-desktop-1    | 16-Sep-2026 16:10:44 [---] Disk: 18.33 GB total, 15.64 GB free
client-desktop-1    | 16-Sep-2026 16:10:44 [---] Local time is UTC +0 hours
client-desktop-1    | 16-Sep-2026 16:10:44 [---] Config: GUI RPC allowed from any host
client-desktop-1    | 16-Sep-2026 16:10:44 [---] Config: simulate 2 CPUs
client-cluster-2-1  | 16-Sep-2026 16:10:49 [---] Starting BOINC client version 7.20.5 for aarch64-unknown-linux-gnu
client-cluster-2-1  | 16-Sep-2026 16:10:49 [---] This a development version of BOINC and may not function properly
client-cluster-2-1  | 16-Sep-2026 16:10:49 [---] log flags: file_xfer, sched_ops, task
client-low-power-1  | 16-Sep-2026 16:10:44 [---] Local time is UTC +0 hours
client-low-power-1  | 16-Sep-2026 16:10:44 [---] Config: GUI RPC allowed from any host
client-low-power-1  | 16-Sep-2026 16:10:44 [---] Config: simulate 1 CPUs
client-low-power-1  | 16-Sep-2026 16:10:44 [---] Config: report completed tasks immediately
client-desktop-1    | 16-Sep-2026 16:10:44 [---] Config: report completed tasks immediately
client-desktop-1    | 16-Sep-2026 16:10:44 [---] No general preferences found - using defaults
client-cluster-2-1  | 16-Sep-2026 16:10:49 [---] Libraries: libcurl/7.88.1 OpenSSL/3.0.20 zlib/1.2.13 brotli/1.0.9 zstd/1.5.4 libidn2/2.3.3 libpsl/0.21.2 (+libidn2/2.3.3) libssh2/1.10.0 nghttp2/1.52.0 librtmp/2.3 OpenLDAP/2.5.13
client-cluster-2-1  | 16-Sep-2026 16:10:49 [---] Data directory: /var/lib/boinc-client
client-cluster-2-1  | 16-Sep-2026 16:10:49 [---] No usable GPUs found
client-cluster-2-1  | 16-Sep-2026 16:10:49 [---] Creating new client state file
client-cluster-2-1  | 16-Sep-2026 16:10:49 [---] libc:  version 2.36
client-low-power-1  | 16-Sep-2026 16:10:44 [---] No general preferences found - using defaults
client-low-power-1  | 16-Sep-2026 16:10:44 [---] Reading preferences override file
client-low-power-1  | 16-Sep-2026 16:10:44 [---] Preferences:
client-low-power-1  | 16-Sep-2026 16:10:44 [---]    max memory usage when active: 8929.14 MB
apache-1            | 2026-09-16 16:09:40,234 INFO reaped unknown pid 174
apache-1            | 2026-09-16 16:09:40,234 INFO reaped unknown pid 176
client-phone-1      | 16-Sep-2026 16:10:44 [---] Processor: 1 ARM  [Impl 0x61 Arch 8 Variant 0x0 Part 0x000 Rev 0]
client-phone-1      | 16-Sep-2026 16:10:44 [---] Processor features: fp asimd evtstrm aes pmull sha1 sha2 crc32 atomics fphp asimdhp cpuid asimdrdm jscvt fcma lrcpc dcpop sha3 asimddp sha512 asimdfhm dit uscat ilrcpc flagm sb paca pacg dcpodp flagm2 frint i8mm bf16 bti afp
client-phone-1      | 16-Sep-2026 16:10:44 [---] OS: Linux Debian GNU/Linux: Debian GNU/Linux 12 (bookworm) [6.8.0-100-generic|libc 2.36]
client-cluster-1    | 16-Sep-2026 16:10:49 [---] Creating new client state file
client-cluster-1    | 16-Sep-2026 16:10:49 [---] libc:  version 2.36
client-cluster-1    | 16-Sep-2026 16:10:49 [---] Host name: cluster-01
client-cluster-1    | 16-Sep-2026 16:10:49 [---] Processor: 4 ARM  [Impl 0x61 Arch 8 Variant 0x0 Part 0x000 Rev 0]
client-cluster-1    | 16-Sep-2026 16:10:49 [---] Processor features: fp asimd evtstrm aes pmull sha1 sha2 crc32 atomics fphp asimdhp cpuid asimdrdm jscvt fcma lrcpc dcpop sha3 asimddp sha512 asimdfhm dit uscat ilrcpc flagm sb paca pacg dcpodp flagm2 frint i8mm bf16 bti afp
client-cluster-1    | 16-Sep-2026 16:10:49 [---] OS: Linux Debian GNU/Linux: Debian GNU/Linux 12 (bookworm) [6.8.0-100-generic|libc 2.36]
client-cluster-1    | 16-Sep-2026 16:10:49 [---] Memory: 9.69 GB physical, 0 bytes virtual
client-cluster-1    | 16-Sep-2026 16:10:49 [---] Disk: 18.33 GB total, 15.64 GB free
client-cluster-1    | 16-Sep-2026 16:10:49 [---] Local time is UTC +0 hours
client-cluster-1    | 16-Sep-2026 16:10:49 [---] Config: GUI RPC allowed from any host
client-low-power-1  | 16-Sep-2026 16:10:44 [---]    max memory usage when idle: 8929.14 MB
client-low-power-1  | 16-Sep-2026 16:10:44 [---]    max disk usage: 2.00 GB
client-low-power-1  | 16-Sep-2026 16:10:44 [---]    don't use GPU while active
client-low-power-1  | 16-Sep-2026 16:10:44 [---]    suspend work if non-BOINC CPU load exceeds 25%
client-low-power-1  | 16-Sep-2026 16:10:44 [---]    (to change preferences, visit a project web site or select Preferences in the Manager)
client-low-power-1  | dir_open: Could not open directory 'slots' from '/var/lib/boinc-client'.
client-low-power-1  | 16-Sep-2026 16:10:44 [---] Setting up project and slot directories
client-low-power-1  | 16-Sep-2026 16:10:44 [---] Checking active tasks
client-low-power-1  | 16-Sep-2026 16:10:44 [---] Setting up GUI RPC socket
client-low-power-1  | 16-Sep-2026 16:10:44 [---] Checking presence of 0 project files
client-low-power-1  | 16-Sep-2026 16:10:44 [---] This computer is not attached to any projects
client-phone-1      | 16-Sep-2026 16:10:44 [---] Memory: 9.69 GB physical, 0 bytes virtual
client-phone-1      | 16-Sep-2026 16:10:44 [---] Disk: 18.33 GB total, 15.64 GB free
client-cluster-1    | 16-Sep-2026 16:10:49 [---] Config: simulate 4 CPUs
mysql-1             | The latest information about MariaDB is available at http://mariadb.org/.
mysql-1             | You can find additional information about the MySQL part at:
mysql-1             | http://dev.mysql.com
client-low-power-1  | 16-Sep-2026 16:10:44 Initialization completed
client-low-power-1  | dir_open: Could not open directory 'projects/boincserver.local_boincserver' from '/var/lib/boinc-client'.
client-low-power-1  | 16-Sep-2026 16:10:45 [---] No general preferences found - using defaults
client-low-power-1  | 16-Sep-2026 16:10:45 [---] Reading preferences override file
client-low-power-1  | 16-Sep-2026 16:10:45 [---] Preferences:
client-cluster-1    | 16-Sep-2026 16:10:49 [---] Config: report completed tasks immediately
client-cluster-1    | 16-Sep-2026 16:10:49 [---] No general preferences found - using defaults
client-cluster-1    | 16-Sep-2026 16:10:49 [---] Reading preferences override file
client-cluster-1    | 16-Sep-2026 16:10:49 [---] Preferences:
client-cluster-1    | 16-Sep-2026 16:10:49 [---]    max memory usage when active: 8929.14 MB
client-cluster-1    | 16-Sep-2026 16:10:49 [---]    max memory usage when idle: 8929.14 MB
client-cluster-1    | 16-Sep-2026 16:10:49 [---]    max disk usage: 2.00 GB
client-cluster-1    | 16-Sep-2026 16:10:49 [---]    don't use GPU while active
mysql-1             | Consider joining MariaDB's strong and vibrant community:
mysql-1             | https://mariadb.org/get-involved/
mysql-1             | 
client-desktop-1    | 16-Sep-2026 16:10:44 [---] Reading preferences override file
client-desktop-1    | 16-Sep-2026 16:10:44 [---] Preferences:
client-desktop-1    | 16-Sep-2026 16:10:44 [---]    max memory usage when active: 8929.14 MB
client-desktop-1    | 16-Sep-2026 16:10:44 [---]    max memory usage when idle: 8929.14 MB
client-desktop-1    | 16-Sep-2026 16:10:44 [---]    max disk usage: 2.00 GB
client-desktop-1    | 16-Sep-2026 16:10:44 [---]    don't use GPU while active
mysql-1             | Database initialized
mysql-1             | MySQL init process in progress...
mysql-1             | 2026-09-16 16:09:19 0 [Note] mysqld (mysqld 10.3.8-MariaDB-1:10.3.8+maria~bionic) starting as process 104 ...
mysql-1             | 2026-09-16 16:09:19 0 [Note] InnoDB: Using Linux native AIO
apache-1            | 2026-09-16 16:09:40,234 INFO reaped unknown pid 178
apache-1            | 2026-09-16 16:10:01,409 INFO reaped unknown pid 212
apache-1            | 2026-09-16 16:10:01,524 INFO reaped unknown pid 214
apache-1            | 2026-09-16 16:10:01,624 INFO reaped unknown pid 216
apache-1            | 2026-09-16 16:10:01,728 INFO reaped unknown pid 218
apache-1            | 2026-09-16 16:10:01,834 INFO reaped unknown pid 220
mysql-1             | 2026-09-16 16:09:19 0 [Note] InnoDB: Mutexes and rw_locks use GCC atomic builtins
mysql-1             | 2026-09-16 16:09:19 0 [Note] InnoDB: Uses event mutexes
mysql-1             | 2026-09-16 16:09:19 0 [Note] InnoDB: Compressed tables use zlib 1.2.11
mysql-1             | 2026-09-16 16:09:19 0 [Note] InnoDB: Number of pools: 1
mysql-1             | 2026-09-16 16:09:19 0 [Note] InnoDB: Using generic crc32 instructions
mysql-1             | 2026-09-16 16:09:19 0 [Note] InnoDB: Initializing buffer pool, total size = 256M, instances = 1, chunk size = 128M
mysql-1             | 2026-09-16 16:09:19 0 [Note] InnoDB: Completed initialization of buffer pool
apache-1            | 2026-09-16 16:10:02,882 INFO reaped unknown pid 211
apache-1            | 2026-09-16 16:10:02,882 INFO reaped unknown pid 213
apache-1            | 2026-09-16 16:10:02,882 INFO reaped unknown pid 215
apache-1            | 2026-09-16 16:10:02,882 INFO reaped unknown pid 217
client-phone-2-1    | 16-Sep-2026 16:10:44 [---] Config: GUI RPC allowed from any host
client-phone-2-1    | 16-Sep-2026 16:10:44 [---] Config: simulate 1 CPUs
client-cluster-2-1  | 16-Sep-2026 16:10:49 [---] Host name: cluster-02
client-cluster-2-1  | 16-Sep-2026 16:10:49 [---] Processor: 4 ARM  [Impl 0x61 Arch 8 Variant 0x0 Part 0x000 Rev 0]
client-cluster-2-1  | 16-Sep-2026 16:10:49 [---] Processor features: fp asimd evtstrm aes pmull sha1 sha2 crc32 atomics fphp asimdhp cpuid asimdrdm jscvt fcma lrcpc dcpop sha3 asimddp sha512 asimdfhm dit uscat ilrcpc flagm sb paca pacg dcpodp flagm2 frint i8mm bf16 bti afp
client-cluster-2-1  | 16-Sep-2026 16:10:49 [---] OS: Linux Debian GNU/Linux: Debian GNU/Linux 12 (bookworm) [6.8.0-100-generic|libc 2.36]
client-cluster-2-1  | 16-Sep-2026 16:10:49 [---] Memory: 9.69 GB physical, 0 bytes virtual
client-cluster-2-1  | 16-Sep-2026 16:10:49 [---] Disk: 18.33 GB total, 15.64 GB free
client-cluster-2-1  | 16-Sep-2026 16:10:49 [---] Local time is UTC +0 hours
client-phone-2-1    | 16-Sep-2026 16:10:44 [---] Config: report completed tasks immediately
client-phone-2-1    | 16-Sep-2026 16:10:44 [---] No general preferences found - using defaults
client-phone-2-1    | 16-Sep-2026 16:10:44 [---] Reading preferences override file
client-phone-2-1    | 16-Sep-2026 16:10:44 [---] Preferences:
client-cluster-1    | 16-Sep-2026 16:10:49 [---]    suspend work if non-BOINC CPU load exceeds 25%
client-cluster-1    | 16-Sep-2026 16:10:49 [---]    (to change preferences, visit a project web site or select Preferences in the Manager)
client-cluster-1    | 16-Sep-2026 16:10:49 [---] Setting up project and slot directories
client-cluster-1    | 16-Sep-2026 16:10:49 [---] Checking active tasks
client-cluster-1    | dir_open: Could not open directory 'slots' from '/var/lib/boinc-client'.
client-phone-2-1    | 16-Sep-2026 16:10:44 [---]    max memory usage when active: 8929.14 MB
client-phone-2-1    | 16-Sep-2026 16:10:44 [---]    max memory usage when idle: 8929.14 MB
client-phone-2-1    | 16-Sep-2026 16:10:44 [---]    max disk usage: 2.00 GB
client-phone-2-1    | 16-Sep-2026 16:10:44 [---]    don't use GPU while active
client-phone-2-1    | 16-Sep-2026 16:10:44 [---]    suspend work if non-BOINC CPU load exceeds 25%
client-phone-1      | 16-Sep-2026 16:10:44 [---] Local time is UTC +0 hours
client-phone-1      | 16-Sep-2026 16:10:44 [---] Config: GUI RPC allowed from any host
client-phone-1      | 16-Sep-2026 16:10:44 [---] Config: simulate 1 CPUs
client-phone-1      | 16-Sep-2026 16:10:44 [---] Config: report completed tasks immediately
client-phone-1      | 16-Sep-2026 16:10:44 [---] No general preferences found - using defaults
client-desktop-1    | 16-Sep-2026 16:10:44 [---]    suspend work if non-BOINC CPU load exceeds 25%
client-desktop-1    | 16-Sep-2026 16:10:44 [---]    (to change preferences, visit a project web site or select Preferences in the Manager)
mysql-1             | 2026-09-16 16:09:19 0 [Note] InnoDB: If the mysqld execution user is authorized, page cleaner thread priority can be changed. See the man page of setpriority().
mysql-1             | 2026-09-16 16:09:19 0 [Note] InnoDB: 128 out of 128 rollback segments are active.
mysql-1             | 2026-09-16 16:09:19 0 [Note] InnoDB: Creating shared tablespace for temporary tables
mysql-1             | 2026-09-16 16:09:19 0 [Note] InnoDB: Setting file './ibtmp1' size to 12 MB. Physically writing the file full; Please wait ...
mysql-1             | 2026-09-16 16:09:19 0 [Note] InnoDB: File './ibtmp1' size is now 12 MB.
mysql-1             | 2026-09-16 16:09:19 0 [Note] InnoDB: Waiting for purge to start
mysql-1             | 2026-09-16 16:09:19 0 [Note] InnoDB: 10.3.8 started; log sequence number 1630815; transaction id 21
client-desktop-1    | 16-Sep-2026 16:10:44 [---] Setting up project and slot directories
client-desktop-1    | dir_open: Could not open directory 'slots' from '/var/lib/boinc-client'.
client-desktop-1    | 16-Sep-2026 16:10:44 [---] Checking active tasks
client-desktop-1    | 16-Sep-2026 16:10:44 [---] Setting up GUI RPC socket
client-low-power-1  | 16-Sep-2026 16:10:45 [---]    max memory usage when active: 8929.14 MB
client-low-power-1  | 16-Sep-2026 16:10:45 [---]    max memory usage when idle: 8929.14 MB
client-low-power-1  | 16-Sep-2026 16:10:45 [---]    max disk usage: 2.00 GB
client-low-power-1  | 16-Sep-2026 16:10:45 [---]    don't use GPU while active
client-low-power-1  | 16-Sep-2026 16:10:45 [---]    suspend work if non-BOINC CPU load exceeds 25%
client-low-power-1  | 16-Sep-2026 16:10:45 [---]    (to change preferences, visit a project web site or select Preferences in the Manager)
client-low-power-1  | 16-Sep-2026 16:10:49 [http://boincserver.local/boincserver/] Fetching scheduler list
client-desktop-1    | 16-Sep-2026 16:10:44 [---] Checking presence of 0 project files
client-desktop-1    | 16-Sep-2026 16:10:44 [---] This computer is not attached to any projects
client-phone-2-1    | 16-Sep-2026 16:10:44 [---]    (to change preferences, visit a project web site or select Preferences in the Manager)
client-phone-2-1    | 16-Sep-2026 16:10:44 [---] Setting up project and slot directories
client-phone-2-1    | 16-Sep-2026 16:10:44 [---] Checking active tasks
client-phone-2-1    | 16-Sep-2026 16:10:44 [---] Setting up GUI RPC socket
client-phone-2-1    | dir_open: Could not open directory 'slots' from '/var/lib/boinc-client'.
client-cluster-1    | 16-Sep-2026 16:10:49 [---] Setting up GUI RPC socket
client-cluster-1    | 16-Sep-2026 16:10:49 [---] Checking presence of 0 project files
mysql-1             | 2026-09-16 16:09:19 0 [Note] InnoDB: Loading buffer pool(s) from /var/lib/mysql/ib_buffer_pool
mysql-1             | 2026-09-16 16:09:19 0 [Note] Plugin 'FEEDBACK' is disabled.
client-phone-2-1    | 16-Sep-2026 16:10:44 [---] Checking presence of 0 project files
client-phone-2-1    | 16-Sep-2026 16:10:44 [---] This computer is not attached to any projects
client-phone-2-1    | 16-Sep-2026 16:10:44 Initialization completed
client-phone-2-1    | dir_open: Could not open directory 'projects/boincserver.local_boincserver' from '/var/lib/boinc-client'.
client-phone-2-1    | 16-Sep-2026 16:10:45 [---] No general preferences found - using defaults
client-phone-2-1    | 16-Sep-2026 16:10:45 [---] Reading preferences override file
client-phone-2-1    | 16-Sep-2026 16:10:45 [---] Preferences:
client-low-power-1  | 16-Sep-2026 16:10:55 [http://boincserver.local/boincserver/] Master file download succeeded
client-low-power-1  | 16-Sep-2026 16:11:00 [http://boincserver.local/boincserver/] Sending scheduler request: Project initialization.
client-low-power-1  | 16-Sep-2026 16:11:00 [http://boincserver.local/boincserver/] Requesting new tasks for CPU
client-low-power-1  | 16-Sep-2026 16:11:02 [boincserver] Scheduler request completed: got 1 new tasks
client-low-power-1  | 16-Sep-2026 16:11:02 [boincserver] Project requested delay of 7 seconds
client-low-power-1  | 16-Sep-2026 16:11:05 [boincserver] Started download of hybrid_synthetic_1.0_aarch64-unknown-linux-gnu
client-low-power-1  | 16-Sep-2026 16:11:05 [boincserver] Started download of hybrid_synthetic_input.txt
client-low-power-1  | 16-Sep-2026 16:11:07 [boincserver] Finished download of hybrid_synthetic_1.0_aarch64-unknown-linux-gnu
client-low-power-1  | 16-Sep-2026 16:11:07 [boincserver] Finished download of hybrid_synthetic_input.txt
client-low-power-1  | 16-Sep-2026 16:11:07 [boincserver] Starting task exp_20260916T154418Z_hybrid_medium_2_0
client-low-power-1  | 16-Sep-2026 16:11:13 [boincserver] Sending scheduler request: To fetch work.
client-low-power-1  | 16-Sep-2026 16:11:13 [boincserver] Requesting new tasks for CPU
client-low-power-1  | 16-Sep-2026 16:11:20 [boincserver] Scheduler request completed: got 1 new tasks
client-low-power-1  | 16-Sep-2026 16:11:20 [boincserver] Project requested delay of 7 seconds
client-low-power-1  | 16-Sep-2026 16:11:30 [boincserver] Sending scheduler request: To fetch work.
client-low-power-1  | 16-Sep-2026 16:11:30 [boincserver] Requesting new tasks for CPU
client-low-power-1  | 16-Sep-2026 16:11:32 [boincserver] Scheduler request completed: got 0 new tasks
client-low-power-1  | 16-Sep-2026 16:11:32 [boincserver] No tasks sent
client-low-power-1  | 16-Sep-2026 16:11:32 [boincserver] This computer has reached a limit on tasks in progress
client-desktop-1    | 16-Sep-2026 16:10:44 Initialization completed
client-desktop-1    | dir_open: Could not open directory 'projects/boincserver.local_boincserver' from '/var/lib/boinc-client'.
client-desktop-1    | 16-Sep-2026 16:10:45 [---] No general preferences found - using defaults
client-desktop-1    | 16-Sep-2026 16:10:45 [---] Reading preferences override file
client-desktop-1    | 16-Sep-2026 16:10:45 [---] Preferences:
client-desktop-1    | 16-Sep-2026 16:10:45 [---]    max memory usage when active: 8929.14 MB
client-desktop-1    | 16-Sep-2026 16:10:45 [---]    max memory usage when idle: 8929.14 MB
client-cluster-2-1  | 16-Sep-2026 16:10:49 [---] Config: GUI RPC allowed from any host
client-cluster-2-1  | 16-Sep-2026 16:10:49 [---] Config: simulate 4 CPUs
client-cluster-2-1  | 16-Sep-2026 16:10:49 [---] Config: report completed tasks immediately
client-desktop-1    | 16-Sep-2026 16:10:45 [---]    max disk usage: 2.00 GB
client-desktop-1    | 16-Sep-2026 16:10:45 [---]    don't use GPU while active
mysql-1             | 2026-09-16 16:09:19 0 [Note] InnoDB: Buffer pool(s) load completed at 260916 16:09:19
mysql-1             | 2026-09-16 16:09:19 0 [Warning] 'user' entry 'root@7ac511918ebb' ignored in --skip-name-resolve mode.
mysql-1             | 2026-09-16 16:09:19 0 [Warning] 'user' entry '@7ac511918ebb' ignored in --skip-name-resolve mode.
mysql-1             | 2026-09-16 16:09:19 0 [Warning] 'proxies_priv' entry '@% root@7ac511918ebb' ignored in --skip-name-resolve mode.
mysql-1             | 2026-09-16 16:09:19 0 [Note] Reading of all Master_info entries succeded
client-cluster-2-1  | 16-Sep-2026 16:10:49 [---] No general preferences found - using defaults
client-cluster-2-1  | 16-Sep-2026 16:10:49 [---] Reading preferences override file
client-cluster-2-1  | 16-Sep-2026 16:10:49 [---] Preferences:
apache-1            | 2026-09-16 16:10:02,882 INFO reaped unknown pid 219
apache-1            | 2026-09-16 16:10:02,882 INFO reaped unknown pid 221
apache-1            | 2026-09-16 16:10:02,882 INFO reaped unknown pid 222
apache-1            | 2026-09-16 16:10:02,882 INFO reaped unknown pid 226
apache-1            | 2026-09-16 16:10:02,883 INFO reaped unknown pid 228
apache-1            | 2026-09-16 16:10:02,883 INFO reaped unknown pid 235
apache-1            | 2026-09-16 16:10:02,883 INFO reaped unknown pid 237
apache-1            | 2026-09-16 16:10:07,395 INFO reaped unknown pid 229
apache-1            | 2026-09-16 16:10:07,501 INFO reaped unknown pid 231
apache-1            | 2026-09-16 16:10:07,623 INFO reaped unknown pid 233
apache-1            | 2026-09-16 16:15:01,920 INFO reaped unknown pid 712
apache-1            | 2026-09-16 16:15:02,025 INFO reaped unknown pid 714
client-phone-2-1    | 16-Sep-2026 16:10:45 [---]    max memory usage when active: 8929.14 MB
client-phone-2-1    | 16-Sep-2026 16:10:45 [---]    max memory usage when idle: 8929.14 MB
client-phone-2-1    | 16-Sep-2026 16:10:45 [---]    max disk usage: 2.00 GB
client-phone-2-1    | 16-Sep-2026 16:10:45 [---]    don't use GPU while active
client-phone-2-1    | 16-Sep-2026 16:10:45 [---]    suspend work if non-BOINC CPU load exceeds 25%
client-phone-2-1    | 16-Sep-2026 16:10:45 [---]    (to change preferences, visit a project web site or select Preferences in the Manager)
client-phone-2-1    | 16-Sep-2026 16:10:49 [http://boincserver.local/boincserver/] Fetching scheduler list
client-phone-2-1    | 16-Sep-2026 16:10:55 [http://boincserver.local/boincserver/] Master file download succeeded
apache-1            | 2026-09-16 16:15:02,126 INFO reaped unknown pid 716
apache-1            | 2026-09-16 16:15:02,227 INFO reaped unknown pid 718
apache-1            | 2026-09-16 16:15:02,333 INFO reaped unknown pid 720
apache-1            | 2026-09-16 16:15:02,435 INFO reaped unknown pid 711
apache-1            | 2026-09-16 16:15:02,435 INFO reaped unknown pid 713
apache-1            | 2026-09-16 16:15:02,435 INFO reaped unknown pid 715
client-phone-1      | 16-Sep-2026 16:10:44 [---] Reading preferences override file
client-phone-1      | 16-Sep-2026 16:10:44 [---] Preferences:
client-phone-1      | 16-Sep-2026 16:10:44 [---]    max memory usage when active: 8929.14 MB
client-phone-1      | 16-Sep-2026 16:10:44 [---]    max memory usage when idle: 8929.14 MB
client-phone-1      | 16-Sep-2026 16:10:44 [---]    max disk usage: 2.00 GB
client-phone-1      | 16-Sep-2026 16:10:44 [---]    don't use GPU while active
apache-1            | 2026-09-16 16:15:02,435 INFO reaped unknown pid 717
mysql-1             | 2026-09-16 16:09:19 0 [Note] Added new Master_info '' to hash table
mysql-1             | 2026-09-16 16:09:19 0 [Note] mysqld: ready for connections.
mysql-1             | Version: '10.3.8-MariaDB-1:10.3.8+maria~bionic'  socket: '/var/run/mysqld/mysqld.sock'  port: 0  mariadb.org binary distribution
mysql-1             | Warning: Unable to load '/usr/share/zoneinfo/leap-seconds.list' as time zone. Skipping it.
mysql-1             | 2026-09-16 16:09:20 10 [Warning] 'proxies_priv' entry '@% root@7ac511918ebb' ignored in --skip-name-resolve mode.
mysql-1             | 
mysql-1             | 2026-09-16 16:09:20 0 [Note] mysqld (initiated by: unknown): Normal shutdown
mysql-1             | 2026-09-16 16:09:20 0 [Note] Event Scheduler: Purging the queue. 0 events
client-cluster-2-1  | 16-Sep-2026 16:10:49 [---]    max memory usage when active: 8929.14 MB
client-cluster-2-1  | 16-Sep-2026 16:10:49 [---]    max memory usage when idle: 8929.14 MB
client-cluster-2-1  | 16-Sep-2026 16:10:49 [---]    max disk usage: 2.00 GB
mysql-1             | 2026-09-16 16:09:20 0 [Note] InnoDB: FTS optimize thread exiting.
mysql-1             | 2026-09-16 16:09:20 0 [Note] InnoDB: Starting shutdown...
client-desktop-1    | 16-Sep-2026 16:10:45 [---]    suspend work if non-BOINC CPU load exceeds 25%
client-desktop-1    | 16-Sep-2026 16:10:45 [---]    (to change preferences, visit a project web site or select Preferences in the Manager)
client-desktop-1    | 16-Sep-2026 16:10:49 [http://boincserver.local/boincserver/] Fetching scheduler list
client-desktop-1    | 16-Sep-2026 16:10:55 [http://boincserver.local/boincserver/] Master file download succeeded
client-desktop-1    | 16-Sep-2026 16:11:00 [http://boincserver.local/boincserver/] Sending scheduler request: Project initialization.
client-desktop-1    | 16-Sep-2026 16:11:00 [http://boincserver.local/boincserver/] Requesting new tasks for CPU
client-desktop-1    | 16-Sep-2026 16:11:02 [boincserver] Scheduler request completed: got 1 new tasks
mysql-1             | 2026-09-16 16:09:20 0 [Note] InnoDB: Dumping buffer pool(s) to /var/lib/mysql/ib_buffer_pool
mysql-1             | 2026-09-16 16:09:20 0 [Note] InnoDB: Buffer pool(s) dump completed at 260916 16:09:20
mysql-1             | 2026-09-16 16:09:22 0 [Note] InnoDB: Shutdown completed; log sequence number 1630824; transaction id 24
mysql-1             | 2026-09-16 16:09:22 0 [Note] InnoDB: Removed temporary tablespace data file: "ibtmp1"
mysql-1             | 2026-09-16 16:09:22 0 [Note] mysqld: Shutdown complete
mysql-1             | 
apache-1            | 2026-09-16 16:15:02,435 INFO reaped unknown pid 719
client-phone-2-1    | 16-Sep-2026 16:11:00 [http://boincserver.local/boincserver/] Sending scheduler request: Project initialization.
client-phone-2-1    | 16-Sep-2026 16:11:00 [http://boincserver.local/boincserver/] Requesting new tasks for CPU
client-phone-2-1    | 16-Sep-2026 16:11:08 [boincserver] Scheduler request completed: got 1 new tasks
client-phone-2-1    | 16-Sep-2026 16:11:08 [boincserver] Project requested delay of 7 seconds
client-phone-2-1    | 16-Sep-2026 16:11:10 [boincserver] Started download of hybrid_synthetic_1.0_aarch64-unknown-linux-gnu
client-phone-2-1    | 16-Sep-2026 16:11:10 [boincserver] Started download of hybrid_synthetic_input.txt
client-phone-2-1    | 16-Sep-2026 16:11:12 [boincserver] Finished download of hybrid_synthetic_1.0_aarch64-unknown-linux-gnu
client-phone-2-1    | 16-Sep-2026 16:11:12 [boincserver] Finished download of hybrid_synthetic_input.txt
client-phone-2-1    | 16-Sep-2026 16:11:12 [boincserver] Elapsed time limit 50.000000 < 120.000000; setting to 43200.000000
client-phone-2-1    | 16-Sep-2026 16:11:12 [boincserver] Starting task exp_20260916T154418Z_hybrid_short_2_0
client-phone-2-1    | 16-Sep-2026 16:11:18 [boincserver] Sending scheduler request: To fetch work.
client-phone-2-1    | 16-Sep-2026 16:11:18 [boincserver] Requesting new tasks for CPU
client-phone-2-1    | 16-Sep-2026 16:11:20 [boincserver] Computation for task exp_20260916T154418Z_hybrid_short_2_0 finished
client-low-power-1  | 16-Sep-2026 16:11:32 [boincserver] Project requested delay of 7 seconds
client-low-power-1  | 16-Sep-2026 16:11:40 [boincserver] Computation for task exp_20260916T154418Z_hybrid_medium_2_0 finished
client-low-power-1  | 16-Sep-2026 16:11:40 [boincserver] Starting task exp_20260916T154418Z_hybrid_medium_3_0
mysql-1             | 
mysql-1             | MySQL init process done. Ready for start up.
mysql-1             | 
client-desktop-1    | 16-Sep-2026 16:11:02 [boincserver] Project requested delay of 7 seconds
client-desktop-1    | 16-Sep-2026 16:11:04 [boincserver] Started download of hybrid_synthetic_1.0_aarch64-unknown-linux-gnu
client-desktop-1    | 16-Sep-2026 16:11:04 [boincserver] Started download of hybrid_synthetic_input.txt
client-desktop-1    | 16-Sep-2026 16:11:07 [boincserver] Finished download of hybrid_synthetic_1.0_aarch64-unknown-linux-gnu
client-low-power-1  | 16-Sep-2026 16:11:42 [boincserver] Started upload of exp_20260916T154418Z_hybrid_medium_2_0_r1872033841_0
client-low-power-1  | 16-Sep-2026 16:11:44 [boincserver] Finished upload of exp_20260916T154418Z_hybrid_medium_2_0_r1872033841_0
client-low-power-1  | 16-Sep-2026 16:11:47 [boincserver] Sending scheduler request: To report completed tasks.
client-low-power-1  | 16-Sep-2026 16:11:47 [boincserver] Reporting 1 completed tasks
client-low-power-1  | 16-Sep-2026 16:11:47 [boincserver] Requesting new tasks for CPU
client-phone-1      | dir_open: Could not open directory 'slots' from '/var/lib/boinc-client'.
client-phone-1      | 16-Sep-2026 16:10:44 [---]    suspend work if non-BOINC CPU load exceeds 25%
client-phone-1      | 16-Sep-2026 16:10:44 [---]    (to change preferences, visit a project web site or select Preferences in the Manager)
client-phone-1      | 16-Sep-2026 16:10:44 [---] Setting up project and slot directories
client-cluster-2-1  | 16-Sep-2026 16:10:49 [---]    don't use GPU while active
client-cluster-2-1  | 16-Sep-2026 16:10:49 [---]    suspend work if non-BOINC CPU load exceeds 25%
client-cluster-2-1  | 16-Sep-2026 16:10:49 [---]    (to change preferences, visit a project web site or select Preferences in the Manager)
client-cluster-2-1  | 16-Sep-2026 16:10:49 [---] Setting up project and slot directories
client-cluster-2-1  | 16-Sep-2026 16:10:49 [---] Checking active tasks
client-phone-2-1    | 16-Sep-2026 16:11:20 [boincserver] Scheduler request completed: got 1 new tasks
client-phone-2-1    | 16-Sep-2026 16:11:20 [boincserver] Project requested delay of 7 seconds
client-phone-2-1    | 16-Sep-2026 16:11:22 [boincserver] Started upload of exp_20260916T154418Z_hybrid_short_2_0_r867177894_0
client-phone-2-1    | 16-Sep-2026 16:11:22 [boincserver] Elapsed time limit 50.000000 < 120.000000; setting to 43200.000000
client-phone-2-1    | 16-Sep-2026 16:11:22 [boincserver] Starting task exp_20260916T154418Z_hybrid_short_3_0
client-cluster-2-1  | 16-Sep-2026 16:10:49 [---] Setting up GUI RPC socket
client-cluster-2-1  | dir_open: Could not open directory 'slots' from '/var/lib/boinc-client'.
client-cluster-2-1  | 16-Sep-2026 16:10:49 [---] Checking presence of 0 project files
client-cluster-2-1  | 16-Sep-2026 16:10:49 [---] This computer is not attached to any projects
client-cluster-2-1  | 16-Sep-2026 16:10:49 Initialization completed
client-cluster-2-1  | dir_open: Could not open directory 'projects/boincserver.local_boincserver' from '/var/lib/boinc-client'.
client-cluster-2-1  | 16-Sep-2026 16:10:50 [---] No general preferences found - using defaults
client-cluster-2-1  | 16-Sep-2026 16:10:50 [---] Reading preferences override file
client-cluster-2-1  | 16-Sep-2026 16:10:50 [---] Preferences:
client-cluster-2-1  | 16-Sep-2026 16:10:50 [---]    max memory usage when active: 8929.14 MB
client-desktop-1    | 16-Sep-2026 16:11:07 [boincserver] Finished download of hybrid_synthetic_input.txt
client-desktop-1    | 16-Sep-2026 16:11:07 [boincserver] Starting task exp_20260916T154418Z_hybrid_medium_1_0
client-desktop-1    | 16-Sep-2026 16:11:13 [boincserver] Sending scheduler request: To fetch work.
client-cluster-2-1  | 16-Sep-2026 16:10:50 [---]    max memory usage when idle: 8929.14 MB
client-cluster-2-1  | 16-Sep-2026 16:10:50 [---]    max disk usage: 2.00 GB
client-cluster-2-1  | 16-Sep-2026 16:10:50 [---]    don't use GPU while active
client-cluster-2-1  | 16-Sep-2026 16:10:50 [---]    suspend work if non-BOINC CPU load exceeds 25%
client-cluster-2-1  | 16-Sep-2026 16:10:50 [---]    (to change preferences, visit a project web site or select Preferences in the Manager)
client-cluster-2-1  | 16-Sep-2026 16:10:54 [http://boincserver.local/boincserver/] Fetching scheduler list
mysql-1             | 2026-09-16 16:09:22 0 [Note] mysqld (mysqld 10.3.8-MariaDB-1:10.3.8+maria~bionic) starting as process 1 ...
mysql-1             | 2026-09-16 16:09:22 0 [Note] InnoDB: Using Linux native AIO
mysql-1             | 2026-09-16 16:09:22 0 [Note] InnoDB: Mutexes and rw_locks use GCC atomic builtins
client-phone-2-1    | 16-Sep-2026 16:11:24 [boincserver] Finished upload of exp_20260916T154418Z_hybrid_short_2_0_r867177894_0
client-phone-2-1    | 16-Sep-2026 16:11:30 [boincserver] Sending scheduler request: To report completed tasks.
client-phone-2-1    | 16-Sep-2026 16:11:30 [boincserver] Reporting 1 completed tasks
client-phone-2-1    | 16-Sep-2026 16:11:30 [boincserver] Requesting new tasks for CPU
client-phone-2-1    | 16-Sep-2026 16:11:31 [boincserver] Computation for task exp_20260916T154418Z_hybrid_short_3_0 finished
client-phone-2-1    | 16-Sep-2026 16:11:32 [boincserver] Scheduler request completed: got 1 new tasks
client-phone-2-1    | 16-Sep-2026 16:11:32 [boincserver] Project requested delay of 7 seconds
client-phone-2-1    | 16-Sep-2026 16:11:33 [boincserver] Started upload of exp_20260916T154418Z_hybrid_short_3_0_r2040352708_0
client-phone-2-1    | 16-Sep-2026 16:11:34 [boincserver] Elapsed time limit 50.000000 < 120.000000; setting to 43200.000000
client-desktop-1    | 16-Sep-2026 16:11:13 [boincserver] Requesting new tasks for CPU
client-desktop-1    | 16-Sep-2026 16:11:20 [boincserver] Scheduler request completed: got 2 new tasks
client-cluster-2-1  | 16-Sep-2026 16:10:56 [http://boincserver.local/boincserver/] Master file download succeeded
client-cluster-2-1  | 16-Sep-2026 16:11:01 [http://boincserver.local/boincserver/] Sending scheduler request: Project initialization.
client-phone-1      | 16-Sep-2026 16:10:44 [---] Checking active tasks
client-phone-1      | 16-Sep-2026 16:10:44 [---] Setting up GUI RPC socket
client-phone-2-1    | 16-Sep-2026 16:11:34 [boincserver] Starting task exp_20260916T154418Z_hybrid_short_6_0
client-phone-2-1    | 16-Sep-2026 16:11:35 [boincserver] Finished upload of exp_20260916T154418Z_hybrid_short_3_0_r2040352708_0
client-desktop-1    | 16-Sep-2026 16:11:20 [boincserver] Project requested delay of 7 seconds
client-desktop-1    | 16-Sep-2026 16:11:22 [boincserver] Starting task exp_20260916T154418Z_hybrid_medium_5_0
client-cluster-2-1  | 16-Sep-2026 16:11:01 [http://boincserver.local/boincserver/] Requesting new tasks for CPU
client-cluster-2-1  | 16-Sep-2026 16:11:03 [boincserver] Scheduler request completed: got 1 new tasks
client-cluster-2-1  | 16-Sep-2026 16:11:03 [boincserver] Project requested delay of 7 seconds
client-cluster-2-1  | 16-Sep-2026 16:11:05 [boincserver] Started download of hybrid_synthetic_1.0_aarch64-unknown-linux-gnu
client-cluster-2-1  | 16-Sep-2026 16:11:05 [boincserver] Started download of hybrid_synthetic_input.txt
client-cluster-2-1  | 16-Sep-2026 16:11:07 [boincserver] Finished download of hybrid_synthetic_1.0_aarch64-unknown-linux-gnu
client-cluster-2-1  | 16-Sep-2026 16:11:07 [boincserver] Finished download of hybrid_synthetic_input.txt
client-cluster-2-1  | 16-Sep-2026 16:11:08 [boincserver] Starting task exp_20260916T154418Z_hybrid_long_1_0
client-cluster-2-1  | 16-Sep-2026 16:11:14 [boincserver] Sending scheduler request: To fetch work.
client-phone-1      | 16-Sep-2026 16:10:44 [---] Checking presence of 0 project files
client-phone-1      | 16-Sep-2026 16:10:44 [---] This computer is not attached to any projects
client-phone-1      | 16-Sep-2026 16:10:44 Initialization completed
client-phone-1      | dir_open: Could not open directory 'projects/boincserver.local_boincserver' from '/var/lib/boinc-client'.
client-phone-1      | 16-Sep-2026 16:10:45 [---] No general preferences found - using defaults
client-cluster-2-1  | 16-Sep-2026 16:11:14 [boincserver] Requesting new tasks for CPU
client-cluster-2-1  | 16-Sep-2026 16:11:21 [boincserver] Scheduler request completed: got 4 new tasks
client-cluster-2-1  | 16-Sep-2026 16:11:21 [boincserver] Project requested delay of 7 seconds
client-cluster-2-1  | 16-Sep-2026 16:11:23 [boincserver] Starting task exp_20260916T154418Z_hybrid_long_6_0
client-desktop-1    | 16-Sep-2026 16:11:30 [boincserver] Sending scheduler request: To fetch work.
client-desktop-1    | 16-Sep-2026 16:11:30 [boincserver] Requesting new tasks for CPU
client-desktop-1    | 16-Sep-2026 16:11:32 [boincserver] Scheduler request completed: got 1 new tasks
client-desktop-1    | 16-Sep-2026 16:11:32 [boincserver] Project requested delay of 7 seconds
client-low-power-1  | 16-Sep-2026 16:11:49 [boincserver] Scheduler request completed: got 1 new tasks
client-low-power-1  | 16-Sep-2026 16:11:49 [boincserver] Project requested delay of 7 seconds
client-low-power-1  | 16-Sep-2026 16:11:59 [boincserver] Sending scheduler request: To fetch work.
client-low-power-1  | 16-Sep-2026 16:11:59 [boincserver] Requesting new tasks for CPU
client-cluster-2-1  | 16-Sep-2026 16:11:23 [boincserver] Starting task exp_20260916T154418Z_hybrid_long_3_0
client-cluster-2-1  | 16-Sep-2026 16:11:23 [boincserver] Starting task exp_20260916T154418Z_hybrid_long_4_0
client-cluster-2-1  | 16-Sep-2026 16:11:31 [boincserver] Sending scheduler request: To fetch work.
client-cluster-2-1  | 16-Sep-2026 16:11:31 [boincserver] Requesting new tasks for CPU
client-cluster-2-1  | 16-Sep-2026 16:11:33 [boincserver] Scheduler request completed: got 3 new tasks
client-cluster-2-1  | 16-Sep-2026 16:11:33 [boincserver] Project requested delay of 7 seconds
client-cluster-2-1  | 16-Sep-2026 16:11:43 [boincserver] Sending scheduler request: To fetch work.
client-cluster-2-1  | 16-Sep-2026 16:11:43 [boincserver] Requesting new tasks for CPU
client-cluster-2-1  | 16-Sep-2026 16:11:50 [boincserver] Scheduler request completed: got 0 new tasks
client-cluster-2-1  | 16-Sep-2026 16:11:50 [boincserver] No tasks sent
client-cluster-2-1  | 16-Sep-2026 16:11:50 [boincserver] This computer has reached a limit on tasks in progress
client-cluster-2-1  | 16-Sep-2026 16:11:50 [boincserver] Project requested delay of 7 seconds
client-cluster-2-1  | 16-Sep-2026 16:13:11 [boincserver] Computation for task exp_20260916T154418Z_hybrid_long_1_0 finished
client-cluster-2-1  | 16-Sep-2026 16:13:11 [boincserver] Starting task exp_20260916T154418Z_hybrid_long_5_0
client-cluster-2-1  | 16-Sep-2026 16:13:13 [boincserver] Started upload of exp_20260916T154418Z_hybrid_long_1_0_r1779475953_0
client-cluster-2-1  | 16-Sep-2026 16:13:15 [boincserver] Finished upload of exp_20260916T154418Z_hybrid_long_1_0_r1779475953_0
client-low-power-1  | 16-Sep-2026 16:12:01 [boincserver] Scheduler request completed: got 0 new tasks
client-low-power-1  | 16-Sep-2026 16:12:01 [boincserver] No tasks sent
client-low-power-1  | 16-Sep-2026 16:12:01 [boincserver] This computer has reached a limit on tasks in progress
client-low-power-1  | 16-Sep-2026 16:12:01 [boincserver] Project requested delay of 7 seconds
client-cluster-1    | 16-Sep-2026 16:10:49 [---] This computer is not attached to any projects
client-cluster-1    | 16-Sep-2026 16:10:49 Initialization completed
client-cluster-1    | dir_open: Could not open directory 'projects/boincserver.local_boincserver' from '/var/lib/boinc-client'.
client-cluster-1    | 16-Sep-2026 16:10:50 [---] No general preferences found - using defaults
client-cluster-2-1  | 16-Sep-2026 16:13:15 [boincserver] Sending scheduler request: To report completed tasks.
client-cluster-2-1  | 16-Sep-2026 16:13:15 [boincserver] Reporting 1 completed tasks
client-phone-1      | 16-Sep-2026 16:10:45 [---] Reading preferences override file
client-phone-1      | 16-Sep-2026 16:10:45 [---] Preferences:
client-phone-1      | 16-Sep-2026 16:10:45 [---]    max memory usage when active: 8929.14 MB
client-phone-1      | 16-Sep-2026 16:10:45 [---]    max memory usage when idle: 8929.14 MB
client-phone-1      | 16-Sep-2026 16:10:45 [---]    max disk usage: 2.00 GB
client-phone-1      | 16-Sep-2026 16:10:45 [---]    don't use GPU while active
mysql-1             | 2026-09-16 16:09:22 0 [Note] InnoDB: Uses event mutexes
mysql-1             | 2026-09-16 16:09:22 0 [Note] InnoDB: Compressed tables use zlib 1.2.11
client-phone-1      | 16-Sep-2026 16:10:45 [---]    suspend work if non-BOINC CPU load exceeds 25%
client-phone-1      | 16-Sep-2026 16:10:45 [---]    (to change preferences, visit a project web site or select Preferences in the Manager)
client-phone-1      | 16-Sep-2026 16:10:49 [http://boincserver.local/boincserver/] Fetching scheduler list
client-phone-1      | 16-Sep-2026 16:10:51 [http://boincserver.local/boincserver/] Master file download succeeded
client-phone-1      | 16-Sep-2026 16:10:56 [http://boincserver.local/boincserver/] Sending scheduler request: Project initialization.
client-phone-1      | 16-Sep-2026 16:10:56 [http://boincserver.local/boincserver/] Requesting new tasks for CPU
mysql-1             | 2026-09-16 16:09:22 0 [Note] InnoDB: Number of pools: 1
mysql-1             | 2026-09-16 16:09:22 0 [Note] InnoDB: Using generic crc32 instructions
client-phone-2-1    | 16-Sep-2026 16:11:41 [boincserver] Computation for task exp_20260916T154418Z_hybrid_short_6_0 finished
client-phone-2-1    | 16-Sep-2026 16:11:42 [boincserver] Sending scheduler request: To report completed tasks.
client-cluster-2-1  | 16-Sep-2026 16:13:15 [boincserver] Requesting new tasks for CPU
client-cluster-2-1  | 16-Sep-2026 16:13:22 [boincserver] Scheduler request completed: got 0 new tasks
client-phone-1      | 16-Sep-2026 16:10:59 [boincserver] Scheduler request completed: got 1 new tasks
client-phone-1      | 16-Sep-2026 16:10:59 [boincserver] Project requested delay of 7 seconds
client-phone-1      | 16-Sep-2026 16:11:01 [boincserver] Started download of hybrid_synthetic_1.0_aarch64-unknown-linux-gnu
client-phone-1      | 16-Sep-2026 16:11:01 [boincserver] Started download of hybrid_synthetic_input.txt
mysql-1             | 2026-09-16 16:09:22 0 [Note] InnoDB: Initializing buffer pool, total size = 256M, instances = 1, chunk size = 128M
mysql-1             | 2026-09-16 16:09:22 0 [Note] InnoDB: Completed initialization of buffer pool
client-cluster-2-1  | 16-Sep-2026 16:13:22 [boincserver] Project has no tasks available
client-cluster-2-1  | 16-Sep-2026 16:13:22 [boincserver] Project requested delay of 7 seconds
client-cluster-2-1  | 16-Sep-2026 16:13:26 [boincserver] Computation for task exp_20260916T154418Z_hybrid_long_6_0 finished
client-phone-1      | 16-Sep-2026 16:11:03 [boincserver] Finished download of hybrid_synthetic_1.0_aarch64-unknown-linux-gnu
client-phone-1      | 16-Sep-2026 16:11:03 [boincserver] Finished download of hybrid_synthetic_input.txt
client-phone-1      | 16-Sep-2026 16:11:03 [boincserver] Elapsed time limit 50.000000 < 120.000000; setting to 43200.000000
client-phone-1      | 16-Sep-2026 16:11:03 [boincserver] Starting task exp_20260916T154418Z_hybrid_short_1_0
client-phone-1      | 16-Sep-2026 16:11:09 [boincserver] Sending scheduler request: To fetch work.
mysql-1             | 2026-09-16 16:09:22 0 [Note] InnoDB: If the mysqld execution user is authorized, page cleaner thread priority can be changed. See the man page of setpriority().
mysql-1             | 2026-09-16 16:09:22 0 [Note] InnoDB: 128 out of 128 rollback segments are active.
mysql-1             | 2026-09-16 16:09:22 0 [Note] InnoDB: Creating shared tablespace for temporary tables
mysql-1             | 2026-09-16 16:09:22 0 [Note] InnoDB: Setting file './ibtmp1' size to 12 MB. Physically writing the file full; Please wait ...
mysql-1             | 2026-09-16 16:09:22 0 [Note] InnoDB: File './ibtmp1' size is now 12 MB.
mysql-1             | 2026-09-16 16:09:22 0 [Note] InnoDB: 10.3.8 started; log sequence number 1630824; transaction id 21
mysql-1             | 2026-09-16 16:09:22 0 [Note] InnoDB: Loading buffer pool(s) from /var/lib/mysql/ib_buffer_pool
mysql-1             | 2026-09-16 16:09:22 0 [Note] Plugin 'FEEDBACK' is disabled.
client-cluster-1    | 16-Sep-2026 16:10:50 [---] Reading preferences override file
client-cluster-1    | 16-Sep-2026 16:10:50 [---] Preferences:
client-cluster-1    | 16-Sep-2026 16:10:50 [---]    max memory usage when active: 8929.14 MB
client-cluster-1    | 16-Sep-2026 16:10:50 [---]    max memory usage when idle: 8929.14 MB
client-cluster-1    | 16-Sep-2026 16:10:50 [---]    max disk usage: 2.00 GB
client-cluster-1    | 16-Sep-2026 16:10:50 [---]    don't use GPU while active
client-cluster-1    | 16-Sep-2026 16:10:50 [---]    suspend work if non-BOINC CPU load exceeds 25%
client-cluster-1    | 16-Sep-2026 16:10:50 [---]    (to change preferences, visit a project web site or select Preferences in the Manager)
client-cluster-1    | 16-Sep-2026 16:10:54 [http://boincserver.local/boincserver/] Fetching scheduler list
client-low-power-1  | 16-Sep-2026 16:12:12 [boincserver] Computation for task exp_20260916T154418Z_hybrid_medium_3_0 finished
client-low-power-1  | 16-Sep-2026 16:12:12 [boincserver] Elapsed time limit 50.000000 < 120.000000; setting to 43200.000000
client-low-power-1  | 16-Sep-2026 16:12:12 [boincserver] Starting task exp_20260916T154418Z_hybrid_short_14_0
client-low-power-1  | 16-Sep-2026 16:12:14 [boincserver] Started upload of exp_20260916T154418Z_hybrid_medium_3_0_r1431297645_0
client-low-power-1  | 16-Sep-2026 16:12:16 [boincserver] Finished upload of exp_20260916T154418Z_hybrid_medium_3_0_r1431297645_0
client-low-power-1  | 16-Sep-2026 16:12:16 [boincserver] Sending scheduler request: To report completed tasks.
client-low-power-1  | 16-Sep-2026 16:12:16 [boincserver] Reporting 1 completed tasks
client-low-power-1  | 16-Sep-2026 16:12:16 [boincserver] Requesting new tasks for CPU
client-desktop-1    | 16-Sep-2026 16:11:40 [boincserver] Computation for task exp_20260916T154418Z_hybrid_medium_1_0 finished
client-desktop-1    | 16-Sep-2026 16:11:40 [boincserver] Starting task exp_20260916T154418Z_hybrid_medium_4_0
client-desktop-1    | 16-Sep-2026 16:11:42 [boincserver] Started upload of exp_20260916T154418Z_hybrid_medium_1_0_r1538012062_0
client-desktop-1    | 16-Sep-2026 16:11:44 [boincserver] Finished upload of exp_20260916T154418Z_hybrid_medium_1_0_r1538012062_0
mysql-1             | 2026-09-16 16:09:22 0 [Note] InnoDB: Buffer pool(s) load completed at 260916 16:09:22
mysql-1             | 2026-09-16 16:09:22 0 [Note] Server socket created on IP: '::'.
mysql-1             | 2026-09-16 16:09:22 0 [Warning] 'proxies_priv' entry '@% root@7ac511918ebb' ignored in --skip-name-resolve mode.
client-cluster-2-1  | 16-Sep-2026 16:13:26 [boincserver] Elapsed time limit 50.000000 < 120.000000; setting to 43200.000000
client-cluster-2-1  | 16-Sep-2026 16:13:26 [boincserver] Starting task exp_20260916T154418Z_hybrid_short_7_0
client-cluster-2-1  | 16-Sep-2026 16:13:27 [boincserver] Computation for task exp_20260916T154418Z_hybrid_long_3_0 finished
client-cluster-2-1  | 16-Sep-2026 16:13:27 [boincserver] Starting task exp_20260916T154418Z_hybrid_medium_11_0
client-cluster-2-1  | 16-Sep-2026 16:13:28 [boincserver] Started upload of exp_20260916T154418Z_hybrid_long_6_0_r974336837_0
client-phone-2-1    | 16-Sep-2026 16:11:42 [boincserver] Reporting 1 completed tasks
client-phone-2-1    | 16-Sep-2026 16:11:42 [boincserver] Requesting new tasks for CPU
client-phone-2-1    | 16-Sep-2026 16:11:43 [boincserver] Started upload of exp_20260916T154418Z_hybrid_short_6_0_r635191937_0
client-low-power-1  | 16-Sep-2026 16:12:20 [boincserver] Computation for task exp_20260916T154418Z_hybrid_short_14_0 finished
client-low-power-1  | 16-Sep-2026 16:12:22 [boincserver] Started upload of exp_20260916T154418Z_hybrid_short_14_0_r148900986_0
client-low-power-1  | 16-Sep-2026 16:12:23 [boincserver] Finished upload of exp_20260916T154418Z_hybrid_short_14_0_r148900986_0
client-low-power-1  | 16-Sep-2026 16:12:23 [boincserver] Scheduler request completed: got 0 new tasks
client-low-power-1  | 16-Sep-2026 16:12:23 [boincserver] Project has no tasks available
client-low-power-1  | 16-Sep-2026 16:12:23 [boincserver] Project requested delay of 7 seconds
client-phone-2-1    | 16-Sep-2026 16:11:44 [boincserver] Finished upload of exp_20260916T154418Z_hybrid_short_6_0_r635191937_0
client-phone-2-1    | 16-Sep-2026 16:11:44 [boincserver] Scheduler request completed: got 1 new tasks
client-phone-2-1    | 16-Sep-2026 16:11:44 [boincserver] Project requested delay of 7 seconds
client-phone-2-1    | 16-Sep-2026 16:11:46 [boincserver] Elapsed time limit 50.000000 < 120.000000; setting to 43200.000000
client-phone-2-1    | 16-Sep-2026 16:11:46 [boincserver] Starting task exp_20260916T154418Z_hybrid_short_12_0
client-phone-2-1    | 16-Sep-2026 16:11:54 [boincserver] Sending scheduler request: To report completed tasks.
client-phone-2-1    | 16-Sep-2026 16:11:54 [boincserver] Reporting 1 completed tasks
client-phone-2-1    | 16-Sep-2026 16:11:54 [boincserver] Requesting new tasks for CPU
client-phone-2-1    | 16-Sep-2026 16:11:56 [boincserver] Computation for task exp_20260916T154418Z_hybrid_short_12_0 finished
client-cluster-1    | 16-Sep-2026 16:11:01 [http://boincserver.local/boincserver/] Master file download succeeded
client-cluster-1    | 16-Sep-2026 16:11:06 [http://boincserver.local/boincserver/] Sending scheduler request: Project initialization.
client-desktop-1    | 16-Sep-2026 16:11:47 [boincserver] Sending scheduler request: To report completed tasks.
client-desktop-1    | 16-Sep-2026 16:11:47 [boincserver] Reporting 1 completed tasks
client-phone-1      | 16-Sep-2026 16:11:09 [boincserver] Requesting new tasks for CPU
client-phone-1      | 16-Sep-2026 16:11:11 [boincserver] Computation for task exp_20260916T154418Z_hybrid_short_1_0 finished
client-phone-1      | 16-Sep-2026 16:11:13 [boincserver] Started upload of exp_20260916T154418Z_hybrid_short_1_0_r986609018_0
client-phone-1      | 16-Sep-2026 16:11:15 [boincserver] Finished upload of exp_20260916T154418Z_hybrid_short_1_0_r986609018_0
client-phone-1      | 16-Sep-2026 16:11:15 [boincserver] Scheduler request completed: got 1 new tasks
client-low-power-1  | 16-Sep-2026 16:12:33 [boincserver] Sending scheduler request: To report completed tasks.
client-low-power-1  | 16-Sep-2026 16:12:33 [boincserver] Reporting 1 completed tasks
client-cluster-2-1  | 16-Sep-2026 16:13:28 [boincserver] Computation for task exp_20260916T154418Z_hybrid_long_4_0 finished
mysql-1             | 2026-09-16 16:09:22 0 [Note] Reading of all Master_info entries succeded
mysql-1             | 2026-09-16 16:09:22 0 [Note] Added new Master_info '' to hash table
mysql-1             | 2026-09-16 16:09:22 0 [Note] mysqld: ready for connections.
mysql-1             | Version: '10.3.8-MariaDB-1:10.3.8+maria~bionic'  socket: '/var/run/mysqld/mysqld.sock'  port: 3306  mariadb.org binary distribution
mysql-1             | 2026-09-16 16:09:22 8 [Warning] Access denied for user 'boincadm'@'172.21.0.3' (using password: NO)
mysql-1             | 2026-09-16 16:10:01 34 [Warning] Aborted connection 34 to db: 'boincserver' user: 'root' host: '172.21.0.4' (Got an error reading communication packets)
mysql-1             | 2026-09-16 16:10:02 37 [Warning] Aborted connection 37 to db: 'boincserver' user: 'root' host: '172.21.0.4' (Got an error reading communication packets)
client-cluster-2-1  | 16-Sep-2026 16:13:28 [boincserver] Starting task exp_20260916T154418Z_hybrid_medium_12_0
client-cluster-2-1  | 16-Sep-2026 16:13:29 [boincserver] Started upload of exp_20260916T154418Z_hybrid_long_3_0_r180005480_0
client-desktop-1    | 16-Sep-2026 16:11:47 [boincserver] Requesting new tasks for CPU
client-desktop-1    | 16-Sep-2026 16:11:54 [boincserver] Computation for task exp_20260916T154418Z_hybrid_medium_5_0 finished
client-desktop-1    | 16-Sep-2026 16:11:54 [boincserver] Starting task exp_20260916T154418Z_hybrid_medium_10_0
client-desktop-1    | 16-Sep-2026 16:11:54 [boincserver] Scheduler request completed: got 1 new tasks
client-desktop-1    | 16-Sep-2026 16:11:54 [boincserver] Project requested delay of 7 seconds
client-cluster-2-1  | 16-Sep-2026 16:13:30 [boincserver] Finished upload of exp_20260916T154418Z_hybrid_long_6_0_r974336837_0
client-cluster-2-1  | 16-Sep-2026 16:13:30 [boincserver] Finished upload of exp_20260916T154418Z_hybrid_long_3_0_r180005480_0
client-cluster-2-1  | 16-Sep-2026 16:13:30 [boincserver] Started upload of exp_20260916T154418Z_hybrid_long_4_0_r1513014783_0
client-cluster-2-1  | 16-Sep-2026 16:13:32 [boincserver] Finished upload of exp_20260916T154418Z_hybrid_long_4_0_r1513014783_0
client-cluster-2-1  | 16-Sep-2026 16:13:32 [boincserver] Sending scheduler request: To report completed tasks.
client-cluster-2-1  | 16-Sep-2026 16:13:32 [boincserver] Reporting 3 completed tasks
client-cluster-2-1  | 16-Sep-2026 16:13:32 [boincserver] Requesting new tasks for CPU
client-cluster-2-1  | 16-Sep-2026 16:13:34 [boincserver] Computation for task exp_20260916T154418Z_hybrid_short_7_0 finished
client-cluster-2-1  | 16-Sep-2026 16:13:34 [boincserver] Scheduler request completed: got 0 new tasks
client-cluster-2-1  | 16-Sep-2026 16:13:34 [boincserver] Project has no tasks available
client-cluster-2-1  | 16-Sep-2026 16:13:34 [boincserver] Project requested delay of 7 seconds
client-cluster-2-1  | 16-Sep-2026 16:13:36 [boincserver] Started upload of exp_20260916T154418Z_hybrid_short_7_0_r59476701_0
client-cluster-2-1  | 16-Sep-2026 16:13:38 [boincserver] Finished upload of exp_20260916T154418Z_hybrid_short_7_0_r59476701_0
client-cluster-2-1  | 16-Sep-2026 16:13:44 [boincserver] Sending scheduler request: To report completed tasks.
client-cluster-2-1  | 16-Sep-2026 16:13:44 [boincserver] Reporting 1 completed tasks
client-cluster-2-1  | 16-Sep-2026 16:13:44 [boincserver] Requesting new tasks for CPU
client-cluster-2-1  | 16-Sep-2026 16:13:46 [boincserver] Scheduler request completed: got 0 new tasks
client-cluster-2-1  | 16-Sep-2026 16:13:46 [boincserver] Project has no tasks available
client-cluster-2-1  | 16-Sep-2026 16:13:46 [boincserver] Project requested delay of 7 seconds
client-cluster-2-1  | 16-Sep-2026 16:13:56 [boincserver] Sending scheduler request: To fetch work.
client-cluster-2-1  | 16-Sep-2026 16:13:56 [boincserver] Requesting new tasks for CPU
client-cluster-2-1  | 16-Sep-2026 16:13:58 [boincserver] Scheduler request completed: got 0 new tasks
client-cluster-2-1  | 16-Sep-2026 16:13:58 [boincserver] Project has no tasks available
client-cluster-2-1  | 16-Sep-2026 16:13:58 [boincserver] Project requested delay of 7 seconds
client-cluster-2-1  | 16-Sep-2026 16:14:00 [boincserver] Computation for task exp_20260916T154418Z_hybrid_medium_11_0 finished
client-cluster-2-1  | 16-Sep-2026 16:14:01 [boincserver] Computation for task exp_20260916T154418Z_hybrid_medium_12_0 finished
client-desktop-1    | 16-Sep-2026 16:11:56 [boincserver] Started upload of exp_20260916T154418Z_hybrid_medium_5_0_r599773832_0
client-desktop-1    | 16-Sep-2026 16:11:58 [boincserver] Finished upload of exp_20260916T154418Z_hybrid_medium_5_0_r599773832_0
client-desktop-1    | 16-Sep-2026 16:12:04 [boincserver] Sending scheduler request: To report completed tasks.
client-desktop-1    | 16-Sep-2026 16:12:04 [boincserver] Reporting 1 completed tasks
client-desktop-1    | 16-Sep-2026 16:12:04 [boincserver] Requesting new tasks for CPU
client-desktop-1    | 16-Sep-2026 16:12:06 [boincserver] Scheduler request completed: got 1 new tasks
client-phone-2-1    | 16-Sep-2026 16:11:58 [boincserver] Started upload of exp_20260916T154418Z_hybrid_short_12_0_r1056040139_0
client-phone-2-1    | 16-Sep-2026 16:12:00 [boincserver] Finished upload of exp_20260916T154418Z_hybrid_short_12_0_r1056040139_0
client-phone-2-1    | 16-Sep-2026 16:12:01 [boincserver] Scheduler request completed: got 1 new tasks
client-phone-2-1    | 16-Sep-2026 16:12:01 [boincserver] Project requested delay of 7 seconds
client-phone-2-1    | 16-Sep-2026 16:12:03 [boincserver] Elapsed time limit 50.000000 < 120.000000; setting to 43200.000000
client-desktop-1    | 16-Sep-2026 16:12:06 [boincserver] Project requested delay of 7 seconds
client-desktop-1    | 16-Sep-2026 16:12:13 [boincserver] Computation for task exp_20260916T154418Z_hybrid_medium_4_0 finished
client-desktop-1    | 16-Sep-2026 16:12:13 [boincserver] Elapsed time limit 50.000000 < 120.000000; setting to 43200.000000
client-cluster-1    | 16-Sep-2026 16:11:06 [http://boincserver.local/boincserver/] Requesting new tasks for CPU
client-cluster-1    | 16-Sep-2026 16:11:14 [boincserver] Scheduler request completed: got 1 new tasks
client-cluster-1    | 16-Sep-2026 16:11:14 [boincserver] Project requested delay of 7 seconds
client-cluster-1    | 16-Sep-2026 16:11:16 [boincserver] Started download of hybrid_synthetic_1.0_aarch64-unknown-linux-gnu
client-phone-2-1    | 16-Sep-2026 16:12:03 [boincserver] Starting task exp_20260916T154418Z_hybrid_short_16_0
client-phone-2-1    | 16-Sep-2026 16:12:11 [boincserver] Sending scheduler request: To report completed tasks.
client-phone-2-1    | 16-Sep-2026 16:12:11 [boincserver] Reporting 1 completed tasks
client-phone-2-1    | 16-Sep-2026 16:12:11 [boincserver] Requesting new tasks for CPU
client-cluster-1    | 16-Sep-2026 16:11:16 [boincserver] Started download of hybrid_synthetic_input.txt
client-cluster-1    | 16-Sep-2026 16:11:18 [boincserver] Finished download of hybrid_synthetic_1.0_aarch64-unknown-linux-gnu
client-cluster-1    | 16-Sep-2026 16:11:18 [boincserver] Finished download of hybrid_synthetic_input.txt
client-cluster-1    | 16-Sep-2026 16:11:18 [boincserver] Starting task exp_20260916T154418Z_hybrid_long_2_0
client-cluster-1    | 16-Sep-2026 16:11:24 [boincserver] Sending scheduler request: To fetch work.
client-low-power-1  | 16-Sep-2026 16:12:33 [boincserver] Requesting new tasks for CPU
client-low-power-1  | 16-Sep-2026 16:12:35 [boincserver] Scheduler request completed: got 0 new tasks
client-low-power-1  | 16-Sep-2026 16:12:35 [boincserver] Project has no tasks available
client-desktop-1    | 16-Sep-2026 16:12:13 [boincserver] Starting task exp_20260916T154418Z_hybrid_short_15_0
client-desktop-1    | 16-Sep-2026 16:12:15 [boincserver] Started upload of exp_20260916T154418Z_hybrid_medium_4_0_r356223463_0
client-desktop-1    | 16-Sep-2026 16:12:17 [boincserver] Finished upload of exp_20260916T154418Z_hybrid_medium_4_0_r356223463_0
client-desktop-1    | 16-Sep-2026 16:12:21 [boincserver] Computation for task exp_20260916T154418Z_hybrid_short_15_0 finished
client-desktop-1    | 16-Sep-2026 16:12:21 [boincserver] Elapsed time limit 50.000000 < 120.000000; setting to 43200.000000
client-phone-2-1    | 16-Sep-2026 16:12:13 [boincserver] Computation for task exp_20260916T154418Z_hybrid_short_16_0 finished
client-phone-2-1    | 16-Sep-2026 16:12:13 [boincserver] Scheduler request completed: got 0 new tasks
client-phone-2-1    | 16-Sep-2026 16:12:13 [boincserver] Project has no tasks available
client-phone-2-1    | 16-Sep-2026 16:12:13 [boincserver] Project requested delay of 7 seconds
client-cluster-1    | 16-Sep-2026 16:11:24 [boincserver] Requesting new tasks for CPU
client-cluster-1    | 16-Sep-2026 16:11:26 [boincserver] Scheduler request completed: got 4 new tasks
client-cluster-1    | 16-Sep-2026 16:11:26 [boincserver] Project requested delay of 7 seconds
client-cluster-2-1  | 16-Sep-2026 16:14:02 [boincserver] Started upload of exp_20260916T154418Z_hybrid_medium_11_0_r824801126_0
client-cluster-2-1  | 16-Sep-2026 16:14:03 [boincserver] Started upload of exp_20260916T154418Z_hybrid_medium_12_0_r1268426736_0
client-cluster-2-1  | 16-Sep-2026 16:14:04 [boincserver] Finished upload of exp_20260916T154418Z_hybrid_medium_11_0_r824801126_0
client-cluster-2-1  | 16-Sep-2026 16:14:04 [boincserver] Finished upload of exp_20260916T154418Z_hybrid_medium_12_0_r1268426736_0
client-cluster-2-1  | 16-Sep-2026 16:14:08 [boincserver] Sending scheduler request: To report completed tasks.
client-cluster-2-1  | 16-Sep-2026 16:14:08 [boincserver] Reporting 2 completed tasks
client-cluster-2-1  | 16-Sep-2026 16:14:08 [boincserver] Requesting new tasks for CPU
client-cluster-2-1  | 16-Sep-2026 16:14:10 [boincserver] Scheduler request completed: got 0 new tasks
client-low-power-1  | 16-Sep-2026 16:12:35 [boincserver] Project requested delay of 7 seconds
client-cluster-1    | 16-Sep-2026 16:11:28 [boincserver] Starting task exp_20260916T154418Z_hybrid_medium_8_0
client-cluster-1    | 16-Sep-2026 16:11:28 [boincserver] Starting task exp_20260916T154418Z_hybrid_medium_9_0
client-phone-2-1    | 16-Sep-2026 16:12:15 [boincserver] Started upload of exp_20260916T154418Z_hybrid_short_16_0_r1824251036_0
client-phone-2-1    | 16-Sep-2026 16:12:17 [boincserver] Finished upload of exp_20260916T154418Z_hybrid_short_16_0_r1824251036_0
client-phone-2-1    | 16-Sep-2026 16:12:23 [boincserver] Sending scheduler request: To report completed tasks.
client-phone-2-1    | 16-Sep-2026 16:12:23 [boincserver] Reporting 1 completed tasks
client-phone-2-1    | 16-Sep-2026 16:12:23 [boincserver] Requesting new tasks for CPU
client-cluster-2-1  | 16-Sep-2026 16:14:10 [boincserver] Project has no tasks available
client-cluster-2-1  | 16-Sep-2026 16:14:10 [boincserver] Project requested delay of 7 seconds
client-cluster-2-1  | 16-Sep-2026 16:14:20 [boincserver] Sending scheduler request: To fetch work.
client-cluster-2-1  | 16-Sep-2026 16:14:20 [boincserver] Requesting new tasks for CPU
client-cluster-2-1  | 16-Sep-2026 16:14:26 [boincserver] Scheduler request completed: got 0 new tasks
client-cluster-2-1  | 16-Sep-2026 16:14:26 [boincserver] Project has no tasks available
client-cluster-1    | 16-Sep-2026 16:11:28 [boincserver] Starting task exp_20260916T154418Z_hybrid_medium_6_0
client-cluster-1    | 16-Sep-2026 16:11:36 [boincserver] Sending scheduler request: To fetch work.
client-cluster-1    | 16-Sep-2026 16:11:36 [boincserver] Requesting new tasks for CPU
client-cluster-1    | 16-Sep-2026 16:11:38 [boincserver] Scheduler request completed: got 3 new tasks
client-cluster-1    | 16-Sep-2026 16:11:38 [boincserver] Project requested delay of 7 seconds
client-cluster-1    | 16-Sep-2026 16:11:48 [boincserver] Sending scheduler request: To fetch work.
client-cluster-1    | 16-Sep-2026 16:11:48 [boincserver] Requesting new tasks for CPU
client-desktop-1    | 16-Sep-2026 16:12:21 [boincserver] Starting task exp_20260916T154418Z_hybrid_short_18_0
client-desktop-1    | 16-Sep-2026 16:12:21 [boincserver] Sending scheduler request: To report completed tasks.
client-desktop-1    | 16-Sep-2026 16:12:21 [boincserver] Reporting 1 completed tasks
client-desktop-1    | 16-Sep-2026 16:12:21 [boincserver] Requesting new tasks for CPU
client-desktop-1    | 16-Sep-2026 16:12:23 [boincserver] Started upload of exp_20260916T154418Z_hybrid_short_15_0_r1318108427_0
client-phone-2-1    | 16-Sep-2026 16:12:25 [boincserver] Scheduler request completed: got 0 new tasks
client-phone-2-1    | 16-Sep-2026 16:12:25 [boincserver] Project has no tasks available
client-phone-2-1    | 16-Sep-2026 16:12:25 [boincserver] Project requested delay of 7 seconds
client-cluster-2-1  | 16-Sep-2026 16:14:26 [boincserver] Project requested delay of 7 seconds
client-cluster-2-1  | 16-Sep-2026 16:15:14 [boincserver] Computation for task exp_20260916T154418Z_hybrid_long_5_0 finished
client-cluster-2-1  | 16-Sep-2026 16:15:16 [boincserver] Started upload of exp_20260916T154418Z_hybrid_long_5_0_r678995967_0
client-desktop-1    | 16-Sep-2026 16:12:25 [boincserver] Finished upload of exp_20260916T154418Z_hybrid_short_15_0_r1318108427_0
client-desktop-1    | 16-Sep-2026 16:12:27 [boincserver] Computation for task exp_20260916T154418Z_hybrid_medium_10_0 finished
client-desktop-1    | 16-Sep-2026 16:12:28 [boincserver] Scheduler request completed: got 0 new tasks
client-desktop-1    | 16-Sep-2026 16:12:28 [boincserver] Project has no tasks available
client-phone-2-1    | 16-Sep-2026 16:12:35 [boincserver] Sending scheduler request: To fetch work.
client-phone-2-1    | 16-Sep-2026 16:12:35 [boincserver] Requesting new tasks for CPU
client-phone-2-1    | 16-Sep-2026 16:12:37 [boincserver] Scheduler request completed: got 0 new tasks
client-phone-2-1    | 16-Sep-2026 16:12:37 [boincserver] Project has no tasks available
client-phone-2-1    | 16-Sep-2026 16:12:37 [boincserver] Project requested delay of 7 seconds
client-cluster-2-1  | 16-Sep-2026 16:15:18 [boincserver] Finished upload of exp_20260916T154418Z_hybrid_long_5_0_r678995967_0
client-phone-1      | 16-Sep-2026 16:11:15 [boincserver] Project requested delay of 7 seconds
client-phone-1      | 16-Sep-2026 16:11:17 [boincserver] Elapsed time limit 50.000000 < 120.000000; setting to 43200.000000
client-phone-1      | 16-Sep-2026 16:11:17 [boincserver] Starting task exp_20260916T154418Z_hybrid_short_4_0
client-low-power-1  | 16-Sep-2026 16:12:45 [boincserver] Sending scheduler request: To fetch work.
client-low-power-1  | 16-Sep-2026 16:12:45 [boincserver] Requesting new tasks for CPU
client-low-power-1  | 16-Sep-2026 16:12:47 [boincserver] Scheduler request completed: got 0 new tasks
client-low-power-1  | 16-Sep-2026 16:12:47 [boincserver] Project has no tasks available
client-low-power-1  | 16-Sep-2026 16:12:47 [boincserver] Project requested delay of 7 seconds
client-cluster-1    | 16-Sep-2026 16:11:50 [boincserver] Scheduler request completed: got 0 new tasks
client-cluster-2-1  | 16-Sep-2026 16:15:21 [boincserver] Sending scheduler request: To report completed tasks.
client-cluster-2-1  | 16-Sep-2026 16:15:21 [boincserver] Reporting 1 completed tasks
client-cluster-2-1  | 16-Sep-2026 16:15:21 [boincserver] Requesting new tasks for CPU
client-cluster-2-1  | 16-Sep-2026 16:15:28 [boincserver] Scheduler request completed: got 0 new tasks
client-cluster-2-1  | 16-Sep-2026 16:15:28 [boincserver] Project has no tasks available
client-cluster-2-1  | 16-Sep-2026 16:15:28 [boincserver] Project requested delay of 7 seconds
client-cluster-2-1  | 16-Sep-2026 16:15:38 [boincserver] Sending scheduler request: To fetch work.
client-cluster-2-1  | 16-Sep-2026 16:15:38 [boincserver] Requesting new tasks for CPU
client-cluster-2-1  | 16-Sep-2026 16:15:40 [boincserver] Scheduler request completed: got 0 new tasks
client-cluster-2-1  | 16-Sep-2026 16:15:40 [boincserver] Project has no tasks available
client-cluster-2-1  | 16-Sep-2026 16:15:40 [boincserver] Project requested delay of 7 seconds
client-cluster-1    | 16-Sep-2026 16:11:50 [boincserver] No tasks sent
client-cluster-1    | 16-Sep-2026 16:11:50 [boincserver] This computer has reached a limit on tasks in progress
client-cluster-1    | 16-Sep-2026 16:11:50 [boincserver] Project requested delay of 7 seconds
client-cluster-1    | 16-Sep-2026 16:12:01 [boincserver] Computation for task exp_20260916T154418Z_hybrid_medium_8_0 finished
client-cluster-1    | 16-Sep-2026 16:12:01 [boincserver] Starting task exp_20260916T154418Z_hybrid_medium_7_0
client-cluster-1    | 16-Sep-2026 16:12:02 [boincserver] Computation for task exp_20260916T154418Z_hybrid_medium_9_0 finished
client-cluster-1    | 16-Sep-2026 16:12:02 [boincserver] Elapsed time limit 50.000000 < 120.000000; setting to 43200.000000
client-cluster-1    | 16-Sep-2026 16:12:02 [boincserver] Starting task exp_20260916T154418Z_hybrid_short_10_0
client-cluster-1    | 16-Sep-2026 16:12:03 [boincserver] Started upload of exp_20260916T154418Z_hybrid_medium_8_0_r1133857422_0
client-cluster-1    | 16-Sep-2026 16:12:03 [boincserver] Computation for task exp_20260916T154418Z_hybrid_medium_6_0 finished
client-cluster-1    | 16-Sep-2026 16:12:03 [boincserver] Elapsed time limit 50.000000 < 120.000000; setting to 43200.000000
client-cluster-1    | 16-Sep-2026 16:12:03 [boincserver] Starting task exp_20260916T154418Z_hybrid_short_8_0
client-cluster-1    | 16-Sep-2026 16:12:04 [boincserver] Started upload of exp_20260916T154418Z_hybrid_medium_9_0_r984619628_0
client-cluster-1    | 16-Sep-2026 16:12:05 [boincserver] Finished upload of exp_20260916T154418Z_hybrid_medium_8_0_r1133857422_0
client-cluster-1    | 16-Sep-2026 16:12:05 [boincserver] Finished upload of exp_20260916T154418Z_hybrid_medium_9_0_r984619628_0
client-cluster-1    | 16-Sep-2026 16:12:05 [boincserver] Started upload of exp_20260916T154418Z_hybrid_medium_6_0_r1803233816_0
client-cluster-1    | 16-Sep-2026 16:12:07 [boincserver] Finished upload of exp_20260916T154418Z_hybrid_medium_6_0_r1803233816_0
client-cluster-1    | 16-Sep-2026 16:12:10 [boincserver] Computation for task exp_20260916T154418Z_hybrid_short_10_0 finished
client-cluster-1    | 16-Sep-2026 16:12:10 [boincserver] Elapsed time limit 50.000000 < 120.000000; setting to 43200.000000
client-cluster-1    | 16-Sep-2026 16:12:10 [boincserver] Starting task exp_20260916T154418Z_hybrid_short_9_0
client-phone-1      | 16-Sep-2026 16:11:25 [boincserver] Sending scheduler request: To report completed tasks.
client-phone-1      | 16-Sep-2026 16:11:25 [boincserver] Reporting 1 completed tasks
client-phone-1      | 16-Sep-2026 16:11:25 [boincserver] Requesting new tasks for CPU
client-phone-1      | 16-Sep-2026 16:11:26 [boincserver] Computation for task exp_20260916T154418Z_hybrid_short_4_0 finished
client-phone-1      | 16-Sep-2026 16:11:27 [boincserver] Scheduler request completed: got 1 new tasks
client-phone-1      | 16-Sep-2026 16:11:27 [boincserver] Project requested delay of 7 seconds
client-phone-1      | 16-Sep-2026 16:11:28 [boincserver] Started upload of exp_20260916T154418Z_hybrid_short_4_0_r512705948_0
client-phone-1      | 16-Sep-2026 16:11:29 [boincserver] Elapsed time limit 50.000000 < 120.000000; setting to 43200.000000
client-phone-1      | 16-Sep-2026 16:11:29 [boincserver] Starting task exp_20260916T154418Z_hybrid_short_5_0
client-desktop-1    | 16-Sep-2026 16:12:28 [boincserver] Project requested delay of 7 seconds
client-desktop-1    | 16-Sep-2026 16:12:29 [boincserver] Started upload of exp_20260916T154418Z_hybrid_medium_10_0_r1763943279_0
client-phone-1      | 16-Sep-2026 16:11:30 [boincserver] Finished upload of exp_20260916T154418Z_hybrid_short_4_0_r512705948_0
client-phone-1      | 16-Sep-2026 16:11:37 [boincserver] Sending scheduler request: To report completed tasks.
client-phone-1      | 16-Sep-2026 16:11:37 [boincserver] Reporting 1 completed tasks
client-phone-1      | 16-Sep-2026 16:11:37 [boincserver] Requesting new tasks for CPU
client-phone-1      | 16-Sep-2026 16:11:39 [boincserver] Computation for task exp_20260916T154418Z_hybrid_short_5_0 finished
client-phone-1      | 16-Sep-2026 16:11:39 [boincserver] Scheduler request completed: got 1 new tasks
client-phone-1      | 16-Sep-2026 16:11:39 [boincserver] Project requested delay of 7 seconds
client-phone-1      | 16-Sep-2026 16:11:41 [boincserver] Started upload of exp_20260916T154418Z_hybrid_short_5_0_r1449009181_0
client-phone-1      | 16-Sep-2026 16:11:41 [boincserver] Elapsed time limit 50.000000 < 120.000000; setting to 43200.000000
client-desktop-1    | 16-Sep-2026 16:12:29 [boincserver] Computation for task exp_20260916T154418Z_hybrid_short_18_0 finished
client-desktop-1    | 16-Sep-2026 16:12:31 [boincserver] Finished upload of exp_20260916T154418Z_hybrid_medium_10_0_r1763943279_0
client-desktop-1    | 16-Sep-2026 16:12:31 [boincserver] Started upload of exp_20260916T154418Z_hybrid_short_18_0_r1568922618_0
client-desktop-1    | 16-Sep-2026 16:12:33 [boincserver] Finished upload of exp_20260916T154418Z_hybrid_short_18_0_r1568922618_0
client-desktop-1    | 16-Sep-2026 16:12:38 [boincserver] Sending scheduler request: To report completed tasks.
client-desktop-1    | 16-Sep-2026 16:12:38 [boincserver] Reporting 3 completed tasks
client-desktop-1    | 16-Sep-2026 16:12:38 [boincserver] Requesting new tasks for CPU
client-phone-1      | 16-Sep-2026 16:11:41 [boincserver] Starting task exp_20260916T154418Z_hybrid_short_11_0
client-phone-1      | 16-Sep-2026 16:11:43 [boincserver] Finished upload of exp_20260916T154418Z_hybrid_short_5_0_r1449009181_0
client-phone-1      | 16-Sep-2026 16:11:49 [boincserver] Computation for task exp_20260916T154418Z_hybrid_short_11_0 finished
client-cluster-1    | 16-Sep-2026 16:12:10 [boincserver] Sending scheduler request: To report completed tasks.
client-cluster-1    | 16-Sep-2026 16:12:10 [boincserver] Reporting 3 completed tasks
client-cluster-1    | 16-Sep-2026 16:12:10 [boincserver] Requesting new tasks for CPU
client-cluster-1    | 16-Sep-2026 16:12:11 [boincserver] Computation for task exp_20260916T154418Z_hybrid_short_8_0 finished
client-cluster-1    | 16-Sep-2026 16:12:12 [boincserver] Started upload of exp_20260916T154418Z_hybrid_short_10_0_r1529495690_0
client-cluster-1    | 16-Sep-2026 16:12:13 [boincserver] Started upload of exp_20260916T154418Z_hybrid_short_8_0_r179872899_0
client-cluster-1    | 16-Sep-2026 16:12:14 [boincserver] Finished upload of exp_20260916T154418Z_hybrid_short_10_0_r1529495690_0
client-cluster-1    | 16-Sep-2026 16:12:14 [boincserver] Finished upload of exp_20260916T154418Z_hybrid_short_8_0_r179872899_0
client-phone-1      | 16-Sep-2026 16:11:49 [boincserver] Sending scheduler request: To report completed tasks.
client-phone-1      | 16-Sep-2026 16:11:49 [boincserver] Reporting 1 completed tasks
client-phone-1      | 16-Sep-2026 16:11:49 [boincserver] Requesting new tasks for CPU
client-phone-1      | 16-Sep-2026 16:11:51 [boincserver] Started upload of exp_20260916T154418Z_hybrid_short_11_0_r143921643_0
client-phone-1      | 16-Sep-2026 16:11:51 [boincserver] Scheduler request completed: got 1 new tasks
client-phone-1      | 16-Sep-2026 16:11:51 [boincserver] Project requested delay of 7 seconds
client-phone-1      | 16-Sep-2026 16:11:53 [boincserver] Finished upload of exp_20260916T154418Z_hybrid_short_11_0_r143921643_0
client-phone-1      | 16-Sep-2026 16:11:53 [boincserver] Elapsed time limit 50.000000 < 120.000000; setting to 43200.000000
client-desktop-1    | 16-Sep-2026 16:12:40 [boincserver] Scheduler request completed: got 0 new tasks
client-desktop-1    | 16-Sep-2026 16:12:40 [boincserver] Project has no tasks available
client-phone-1      | 16-Sep-2026 16:11:53 [boincserver] Starting task exp_20260916T154418Z_hybrid_short_13_0
client-phone-1      | 16-Sep-2026 16:12:01 [boincserver] Computation for task exp_20260916T154418Z_hybrid_short_13_0 finished
client-phone-1      | 16-Sep-2026 16:12:01 [boincserver] Sending scheduler request: To report completed tasks.
client-phone-1      | 16-Sep-2026 16:12:01 [boincserver] Reporting 1 completed tasks
client-phone-1      | 16-Sep-2026 16:12:01 [boincserver] Requesting new tasks for CPU
client-phone-1      | 16-Sep-2026 16:12:03 [boincserver] Started upload of exp_20260916T154418Z_hybrid_short_13_0_r1123596103_0
client-phone-1      | 16-Sep-2026 16:12:03 [boincserver] Scheduler request completed: got 1 new tasks
client-cluster-1    | 16-Sep-2026 16:12:17 [boincserver] Scheduler request completed: got 0 new tasks
client-cluster-1    | 16-Sep-2026 16:12:17 [boincserver] Project has no tasks available
client-cluster-1    | 16-Sep-2026 16:12:17 [boincserver] Project requested delay of 7 seconds
client-cluster-1    | 16-Sep-2026 16:12:18 [boincserver] Computation for task exp_20260916T154418Z_hybrid_short_9_0 finished
client-cluster-1    | 16-Sep-2026 16:12:20 [boincserver] Started upload of exp_20260916T154418Z_hybrid_short_9_0_r1549105818_0
client-cluster-1    | 16-Sep-2026 16:12:22 [boincserver] Finished upload of exp_20260916T154418Z_hybrid_short_9_0_r1549105818_0
client-cluster-1    | 16-Sep-2026 16:12:27 [boincserver] Sending scheduler request: To report completed tasks.
client-phone-1      | 16-Sep-2026 16:12:03 [boincserver] Project requested delay of 7 seconds
client-phone-1      | 16-Sep-2026 16:12:05 [boincserver] Finished upload of exp_20260916T154418Z_hybrid_short_13_0_r1123596103_0
client-phone-1      | 16-Sep-2026 16:12:05 [boincserver] Elapsed time limit 50.000000 < 120.000000; setting to 43200.000000
client-phone-1      | 16-Sep-2026 16:12:05 [boincserver] Starting task exp_20260916T154418Z_hybrid_short_17_0
client-phone-1      | 16-Sep-2026 16:12:13 [boincserver] Sending scheduler request: To report completed tasks.
client-phone-1      | 16-Sep-2026 16:12:13 [boincserver] Reporting 1 completed tasks
client-desktop-1    | 16-Sep-2026 16:12:40 [boincserver] Project requested delay of 7 seconds
client-desktop-1    | 16-Sep-2026 16:12:50 [boincserver] Sending scheduler request: To fetch work.
client-desktop-1    | 16-Sep-2026 16:12:50 [boincserver] Requesting new tasks for CPU
client-desktop-1    | 16-Sep-2026 16:12:57 [boincserver] Scheduler request completed: got 0 new tasks
client-desktop-1    | 16-Sep-2026 16:12:57 [boincserver] Project has no tasks available
client-phone-1      | 16-Sep-2026 16:12:13 [boincserver] Requesting new tasks for CPU
client-phone-1      | 16-Sep-2026 16:12:15 [boincserver] Computation for task exp_20260916T154418Z_hybrid_short_17_0 finished
client-phone-1      | 16-Sep-2026 16:12:15 [boincserver] Scheduler request completed: got 0 new tasks
client-phone-1      | 16-Sep-2026 16:12:15 [boincserver] Project has no tasks available
client-desktop-1    | 16-Sep-2026 16:12:57 [boincserver] Project requested delay of 7 seconds
client-phone-1      | 16-Sep-2026 16:12:15 [boincserver] Project requested delay of 7 seconds
client-phone-1      | 16-Sep-2026 16:12:17 [boincserver] Started upload of exp_20260916T154418Z_hybrid_short_17_0_r253970330_0
client-phone-1      | 16-Sep-2026 16:12:19 [boincserver] Finished upload of exp_20260916T154418Z_hybrid_short_17_0_r253970330_0
client-phone-1      | 16-Sep-2026 16:12:25 [boincserver] Sending scheduler request: To report completed tasks.
client-phone-1      | 16-Sep-2026 16:12:25 [boincserver] Reporting 1 completed tasks
client-phone-1      | 16-Sep-2026 16:12:25 [boincserver] Requesting new tasks for CPU
client-cluster-1    | 16-Sep-2026 16:12:27 [boincserver] Reporting 3 completed tasks
client-cluster-1    | 16-Sep-2026 16:12:27 [boincserver] Requesting new tasks for CPU
client-phone-1      | 16-Sep-2026 16:12:27 [boincserver] Scheduler request completed: got 0 new tasks
client-phone-1      | 16-Sep-2026 16:12:27 [boincserver] Project has no tasks available
client-phone-1      | 16-Sep-2026 16:12:27 [boincserver] Project requested delay of 7 seconds
client-phone-1      | 16-Sep-2026 16:12:37 [boincserver] Sending scheduler request: To fetch work.
client-phone-1      | 16-Sep-2026 16:12:37 [boincserver] Requesting new tasks for CPU
client-phone-1      | 16-Sep-2026 16:12:39 [boincserver] Scheduler request completed: got 0 new tasks
client-phone-1      | 16-Sep-2026 16:12:39 [boincserver] Project has no tasks available
client-phone-1      | 16-Sep-2026 16:12:39 [boincserver] Project requested delay of 7 seconds
client-cluster-1    | 16-Sep-2026 16:12:34 [boincserver] Computation for task exp_20260916T154418Z_hybrid_medium_7_0 finished
client-cluster-1    | 16-Sep-2026 16:12:34 [boincserver] Scheduler request completed: got 0 new tasks
client-cluster-1    | 16-Sep-2026 16:12:34 [boincserver] Project has no tasks available
client-cluster-1    | 16-Sep-2026 16:12:34 [boincserver] Project requested delay of 7 seconds
client-cluster-1    | 16-Sep-2026 16:12:36 [boincserver] Started upload of exp_20260916T154418Z_hybrid_medium_7_0_r1749449277_0
client-cluster-1    | 16-Sep-2026 16:12:38 [boincserver] Finished upload of exp_20260916T154418Z_hybrid_medium_7_0_r1749449277_0
client-cluster-1    | 16-Sep-2026 16:12:44 [boincserver] Sending scheduler request: To report completed tasks.
client-cluster-1    | 16-Sep-2026 16:12:44 [boincserver] Reporting 1 completed tasks
client-cluster-1    | 16-Sep-2026 16:12:44 [boincserver] Requesting new tasks for CPU
client-cluster-1    | 16-Sep-2026 16:12:46 [boincserver] Scheduler request completed: got 0 new tasks
client-cluster-1    | 16-Sep-2026 16:12:46 [boincserver] Project has no tasks available
client-cluster-1    | 16-Sep-2026 16:12:46 [boincserver] Project requested delay of 7 seconds
client-cluster-1    | 16-Sep-2026 16:12:56 [boincserver] Sending scheduler request: To fetch work.
client-cluster-1    | 16-Sep-2026 16:12:56 [boincserver] Requesting new tasks for CPU
client-cluster-1    | 16-Sep-2026 16:12:58 [boincserver] Scheduler request completed: got 0 new tasks
client-cluster-1    | 16-Sep-2026 16:12:58 [boincserver] Project has no tasks available
client-cluster-1    | 16-Sep-2026 16:12:58 [boincserver] Project requested delay of 7 seconds
client-cluster-1    | 16-Sep-2026 16:13:20 [boincserver] Computation for task exp_20260916T154418Z_hybrid_long_2_0 finished
client-cluster-1    | 16-Sep-2026 16:13:22 [boincserver] Started upload of exp_20260916T154418Z_hybrid_long_2_0_r1977177128_0
client-cluster-1    | 16-Sep-2026 16:13:24 [boincserver] Finished upload of exp_20260916T154418Z_hybrid_long_2_0_r1977177128_0
client-cluster-1    | 16-Sep-2026 16:13:28 [boincserver] Sending scheduler request: To report completed tasks.
client-cluster-1    | 16-Sep-2026 16:13:28 [boincserver] Reporting 1 completed tasks
client-cluster-1    | 16-Sep-2026 16:13:28 [boincserver] Requesting new tasks for CPU
client-cluster-1    | 16-Sep-2026 16:13:30 [boincserver] Scheduler request completed: got 0 new tasks
client-cluster-1    | 16-Sep-2026 16:13:30 [boincserver] Project has no tasks available
client-cluster-1    | 16-Sep-2026 16:13:30 [boincserver] Project requested delay of 7 seconds
client-cluster-1    | 16-Sep-2026 16:13:40 [boincserver] Sending scheduler request: To fetch work.
client-cluster-1    | 16-Sep-2026 16:13:40 [boincserver] Requesting new tasks for CPU
client-cluster-1    | 16-Sep-2026 16:13:47 [boincserver] Scheduler request completed: got 0 new tasks
client-cluster-1    | 16-Sep-2026 16:13:47 [boincserver] Project has no tasks available
client-cluster-1    | 16-Sep-2026 16:13:47 [boincserver] Project requested delay of 7 seconds
