client-low-power-1  | 17-Sep-2026 09:07:38 [---] Starting BOINC client version 7.20.5 for aarch64-unknown-linux-gnu
client-low-power-1  | 17-Sep-2026 09:07:38 [---] This a development version of BOINC and may not function properly
client-low-power-1  | 17-Sep-2026 09:07:38 [---] log flags: file_xfer, sched_ops, task
client-low-power-1  | 17-Sep-2026 09:07:38 [---] Libraries: libcurl/7.88.1 OpenSSL/3.0.20 zlib/1.2.13 brotli/1.0.9 zstd/1.5.4 libidn2/2.3.3 libpsl/0.21.2 (+libidn2/2.3.3) libssh2/1.10.0 nghttp2/1.52.0 librtmp/2.3 OpenLDAP/2.5.13
client-low-power-1  | 17-Sep-2026 09:07:38 [---] Data directory: /var/lib/boinc-client
client-low-power-1  | 17-Sep-2026 09:07:38 [---] No usable GPUs found
client-low-power-1  | 17-Sep-2026 09:07:38 [---] Creating new client state file
client-low-power-1  | 17-Sep-2026 09:07:38 [---] libc:  version 2.36
client-low-power-1  | 17-Sep-2026 09:07:38 [---] Host name: low-power-01
client-low-power-1  | 17-Sep-2026 09:07:38 [---] Processor: 1 ARM  [Impl 0x61 Arch 8 Variant 0x0 Part 0x000 Rev 0]
client-low-power-1  | 17-Sep-2026 09:07:38 [---] Processor features: fp asimd evtstrm aes pmull sha1 sha2 crc32 atomics fphp asimdhp cpuid asimdrdm jscvt fcma lrcpc dcpop sha3 asimddp sha512 asimdfhm dit uscat ilrcpc flagm sb paca pacg dcpodp flagm2 frint i8mm bf16 bti afp
client-low-power-1  | 17-Sep-2026 09:07:38 [---] OS: Linux Debian GNU/Linux: Debian GNU/Linux 12 (bookworm) [6.8.0-100-generic|libc 2.36]
client-low-power-1  | 17-Sep-2026 09:07:38 [---] Memory: 9.69 GB physical, 0 bytes virtual
client-low-power-1  | 17-Sep-2026 09:07:38 [---] Disk: 18.33 GB total, 15.38 GB free
client-low-power-1  | 17-Sep-2026 09:07:38 [---] Local time is UTC +0 hours
client-low-power-1  | 17-Sep-2026 09:07:38 [---] Config: GUI RPC allowed from any host
client-low-power-1  | 17-Sep-2026 09:07:38 [---] Config: simulate 1 CPUs
client-low-power-1  | 17-Sep-2026 09:07:38 [---] Config: report completed tasks immediately
client-low-power-1  | 17-Sep-2026 09:07:38 [---] No general preferences found - using defaults
client-low-power-1  | 17-Sep-2026 09:07:38 [---] Reading preferences override file
client-low-power-1  | 17-Sep-2026 09:07:38 [---] Preferences:
client-low-power-1  | 17-Sep-2026 09:07:38 [---]    max memory usage when active: 8929.14 MB
client-low-power-1  | 17-Sep-2026 09:07:38 [---]    max memory usage when idle: 8929.14 MB
client-low-power-1  | 17-Sep-2026 09:07:38 [---]    max disk usage: 2.00 GB
client-low-power-1  | 17-Sep-2026 09:07:38 [---]    don't use GPU while active
client-low-power-1  | 17-Sep-2026 09:07:38 [---]    suspend work if non-BOINC CPU load exceeds 25%
client-low-power-1  | 17-Sep-2026 09:07:38 [---]    (to change preferences, visit a project web site or select Preferences in the Manager)
client-low-power-1  | 17-Sep-2026 09:07:38 [---] Setting up project and slot directories
client-low-power-1  | dir_open: Could not open directory 'slots' from '/var/lib/boinc-client'.
client-low-power-1  | 17-Sep-2026 09:07:38 [---] Checking active tasks
client-low-power-1  | 17-Sep-2026 09:07:38 [---] Setting up GUI RPC socket
client-low-power-1  | 17-Sep-2026 09:07:38 [---] Checking presence of 0 project files
client-low-power-1  | 17-Sep-2026 09:07:38 [---] This computer is not attached to any projects
client-low-power-1  | 17-Sep-2026 09:07:38 Initialization completed
client-low-power-1  | dir_open: Could not open directory 'projects/boincserver.local_boincserver' from '/var/lib/boinc-client'.
client-low-power-1  | 17-Sep-2026 09:07:39 [---] No general preferences found - using defaults
client-low-power-1  | 17-Sep-2026 09:07:39 [---] Reading preferences override file
client-low-power-1  | 17-Sep-2026 09:07:39 [---] Preferences:
client-low-power-1  | 17-Sep-2026 09:07:39 [---]    max memory usage when active: 8929.14 MB
client-low-power-1  | 17-Sep-2026 09:07:39 [---]    max memory usage when idle: 8929.14 MB
client-low-power-1  | 17-Sep-2026 09:07:39 [---]    max disk usage: 2.00 GB
client-low-power-1  | 17-Sep-2026 09:07:39 [---]    don't use GPU while active
client-low-power-1  | 17-Sep-2026 09:07:39 [---]    suspend work if non-BOINC CPU load exceeds 25%
client-low-power-1  | 17-Sep-2026 09:07:39 [---]    (to change preferences, visit a project web site or select Preferences in the Manager)
client-low-power-1  | 17-Sep-2026 09:07:43 [http://boincserver.local/boincserver/] Fetching scheduler list
client-low-power-1  | 17-Sep-2026 09:07:50 [http://boincserver.local/boincserver/] Master file download succeeded
client-low-power-1  | 17-Sep-2026 09:07:55 [http://boincserver.local/boincserver/] Sending scheduler request: Project initialization.
client-low-power-1  | 17-Sep-2026 09:07:55 [http://boincserver.local/boincserver/] Requesting new tasks for CPU
client-low-power-1  | 17-Sep-2026 09:07:57 [boincserver] Scheduler request completed: got 1 new tasks
client-low-power-1  | 17-Sep-2026 09:07:57 [boincserver] Project requested delay of 7 seconds
client-low-power-1  | 17-Sep-2026 09:07:59 [boincserver] Started download of hybrid_synthetic_1.0_aarch64-unknown-linux-gnu
client-low-power-1  | 17-Sep-2026 09:07:59 [boincserver] Started download of hybrid_synthetic_input.txt
client-low-power-1  | 17-Sep-2026 09:08:01 [boincserver] Finished download of hybrid_synthetic_1.0_aarch64-unknown-linux-gnu
client-low-power-1  | 17-Sep-2026 09:08:01 [boincserver] Finished download of hybrid_synthetic_input.txt
client-low-power-1  | 17-Sep-2026 09:08:01 [boincserver] Elapsed time limit 50.000000 < 120.000000; setting to 43200.000000
client-low-power-1  | 17-Sep-2026 09:08:01 [boincserver] Starting task exp_20260917T084802Z_sjf_short_6_0
client-low-power-1  | 17-Sep-2026 09:08:07 [boincserver] Sending scheduler request: To fetch work.
client-low-power-1  | 17-Sep-2026 09:08:07 [boincserver] Requesting new tasks for CPU
client-low-power-1  | 17-Sep-2026 09:08:09 [boincserver] Computation for task exp_20260917T084802Z_sjf_short_6_0 finished
client-low-power-1  | 17-Sep-2026 09:08:09 [boincserver] Scheduler request completed: got 1 new tasks
client-low-power-1  | 17-Sep-2026 09:08:09 [boincserver] Project requested delay of 7 seconds
client-low-power-1  | 17-Sep-2026 09:08:11 [boincserver] Started upload of exp_20260917T084802Z_sjf_short_6_0_r603003873_0
client-low-power-1  | 17-Sep-2026 09:08:11 [boincserver] Elapsed time limit 50.000000 < 120.000000; setting to 43200.000000
client-low-power-1  | 17-Sep-2026 09:08:11 [boincserver] Starting task exp_20260917T084802Z_sjf_short_12_0
client-low-power-1  | 17-Sep-2026 09:08:13 [boincserver] Finished upload of exp_20260917T084802Z_sjf_short_6_0_r603003873_0
client-low-power-1  | 17-Sep-2026 09:08:18 [boincserver] Computation for task exp_20260917T084802Z_sjf_short_12_0 finished
client-low-power-1  | 17-Sep-2026 09:08:19 [boincserver] Sending scheduler request: To report completed tasks.
client-low-power-1  | 17-Sep-2026 09:08:19 [boincserver] Reporting 1 completed tasks
client-low-power-1  | 17-Sep-2026 09:08:19 [boincserver] Requesting new tasks for CPU
client-low-power-1  | 17-Sep-2026 09:08:20 [boincserver] Started upload of exp_20260917T084802Z_sjf_short_12_0_r1586331691_0
client-low-power-1  | 17-Sep-2026 09:08:21 [boincserver] Finished upload of exp_20260917T084802Z_sjf_short_12_0_r1586331691_0
client-low-power-1  | 17-Sep-2026 09:08:21 [boincserver] Scheduler request completed: got 1 new tasks
client-low-power-1  | 17-Sep-2026 09:08:21 [boincserver] Project requested delay of 7 seconds
client-low-power-1  | 17-Sep-2026 09:08:23 [boincserver] Starting task exp_20260917T084802Z_sjf_medium_6_0
client-low-power-1  | 17-Sep-2026 09:08:31 [boincserver] Sending scheduler request: To report completed tasks.
client-low-power-1  | 17-Sep-2026 09:08:31 [boincserver] Reporting 1 completed tasks
client-low-power-1  | 17-Sep-2026 09:08:31 [boincserver] Requesting new tasks for CPU
client-low-power-1  | 17-Sep-2026 09:08:33 [boincserver] Scheduler request completed: got 1 new tasks
client-low-power-1  | 17-Sep-2026 09:08:33 [boincserver] Project requested delay of 7 seconds
client-low-power-1  | 17-Sep-2026 09:08:43 [boincserver] Sending scheduler request: To fetch work.
client-low-power-1  | 17-Sep-2026 09:08:43 [boincserver] Requesting new tasks for CPU
client-low-power-1  | 17-Sep-2026 09:08:45 [boincserver] Scheduler request completed: got 0 new tasks
client-low-power-1  | 17-Sep-2026 09:08:45 [boincserver] Project has no tasks available
client-low-power-1  | 17-Sep-2026 09:08:45 [boincserver] Project requested delay of 7 seconds
client-low-power-1  | 17-Sep-2026 09:08:56 [boincserver] Computation for task exp_20260917T084802Z_sjf_medium_6_0 finished
client-low-power-1  | 17-Sep-2026 09:08:56 [boincserver] Starting task exp_20260917T084802Z_sjf_long_4_0
client-low-power-1  | 17-Sep-2026 09:08:58 [boincserver] Started upload of exp_20260917T084802Z_sjf_medium_6_0_r1269000568_0
client-low-power-1  | 17-Sep-2026 09:09:00 [boincserver] Finished upload of exp_20260917T084802Z_sjf_medium_6_0_r1269000568_0
client-low-power-1  | 17-Sep-2026 09:09:00 [boincserver] Sending scheduler request: To report completed tasks.
client-low-power-1  | 17-Sep-2026 09:09:00 [boincserver] Reporting 1 completed tasks
client-low-power-1  | 17-Sep-2026 09:09:00 [boincserver] Requesting new tasks for CPU
client-low-power-1  | 17-Sep-2026 09:09:02 [boincserver] Scheduler request completed: got 0 new tasks
client-low-power-1  | 17-Sep-2026 09:09:02 [boincserver] Project has no tasks available
client-low-power-1  | 17-Sep-2026 09:09:02 [boincserver] Project requested delay of 7 seconds
client-low-power-1  | 17-Sep-2026 09:09:09 [boincserver] Sending scheduler request: To fetch work.
client-low-power-1  | 17-Sep-2026 09:09:09 [boincserver] Requesting new tasks for CPU
client-low-power-1  | 17-Sep-2026 09:09:11 [boincserver] Scheduler request completed: got 0 new tasks
client-low-power-1  | 17-Sep-2026 09:09:11 [boincserver] Project has no tasks available
client-low-power-1  | 17-Sep-2026 09:09:11 [boincserver] Project requested delay of 7 seconds
client-low-power-1  | 17-Sep-2026 09:11:00 [boincserver] Computation for task exp_20260917T084802Z_sjf_long_4_0 finished
client-low-power-1  | 17-Sep-2026 09:11:02 [boincserver] Started upload of exp_20260917T084802Z_sjf_long_4_0_r1849668447_0
client-low-power-1  | 17-Sep-2026 09:11:04 [boincserver] Finished upload of exp_20260917T084802Z_sjf_long_4_0_r1849668447_0
client-low-power-1  | 17-Sep-2026 09:11:06 [boincserver] Sending scheduler request: To report completed tasks.
client-low-power-1  | 17-Sep-2026 09:11:06 [boincserver] Reporting 1 completed tasks
client-low-power-1  | 17-Sep-2026 09:11:06 [boincserver] Requesting new tasks for CPU
client-low-power-1  | 17-Sep-2026 09:11:08 [boincserver] Scheduler request completed: got 0 new tasks
client-low-power-1  | 17-Sep-2026 09:11:08 [boincserver] Project has no tasks available
client-low-power-1  | 17-Sep-2026 09:11:08 [boincserver] Project requested delay of 7 seconds
client-cluster-1    | 17-Sep-2026 09:07:38 [---] Starting BOINC client version 7.20.5 for aarch64-unknown-linux-gnu
client-cluster-1    | 17-Sep-2026 09:07:38 [---] This a development version of BOINC and may not function properly
client-cluster-1    | 17-Sep-2026 09:07:38 [---] log flags: file_xfer, sched_ops, task
makeproject-1       | Updating project files in data volume...
makeproject-1       | Waiting for MySQL server to start...
makeproject-1       | Creating database...
client-cluster-2-1  | 17-Sep-2026 09:07:38 [---] Starting BOINC client version 7.20.5 for aarch64-unknown-linux-gnu
client-cluster-2-1  | 17-Sep-2026 09:07:38 [---] This a development version of BOINC and may not function properly
client-cluster-2-1  | 17-Sep-2026 09:07:38 [---] log flags: file_xfer, sched_ops, task
client-cluster-1    | 17-Sep-2026 09:07:38 [---] Libraries: libcurl/7.88.1 OpenSSL/3.0.20 zlib/1.2.13 brotli/1.0.9 zstd/1.5.4 libidn2/2.3.3 libpsl/0.21.2 (+libidn2/2.3.3) libssh2/1.10.0 nghttp2/1.52.0 librtmp/2.3 OpenLDAP/2.5.13
client-cluster-1    | 17-Sep-2026 09:07:38 [---] Data directory: /var/lib/boinc-client
client-cluster-1    | 17-Sep-2026 09:07:38 [---] No usable GPUs found
client-cluster-1    | 17-Sep-2026 09:07:38 [---] Creating new client state file
client-cluster-1    | 17-Sep-2026 09:07:38 [---] libc:  version 2.36
client-cluster-2-1  | 17-Sep-2026 09:07:38 [---] Libraries: libcurl/7.88.1 OpenSSL/3.0.20 zlib/1.2.13 brotli/1.0.9 zstd/1.5.4 libidn2/2.3.3 libpsl/0.21.2 (+libidn2/2.3.3) libssh2/1.10.0 nghttp2/1.52.0 librtmp/2.3 OpenLDAP/2.5.13
client-cluster-2-1  | 17-Sep-2026 09:07:38 [---] Data directory: /var/lib/boinc-client
client-cluster-2-1  | 17-Sep-2026 09:07:38 [---] No usable GPUs found
client-cluster-2-1  | 17-Sep-2026 09:07:38 [---] Creating new client state file
client-cluster-2-1  | 17-Sep-2026 09:07:38 [---] libc:  version 2.36
client-cluster-2-1  | 17-Sep-2026 09:07:38 [---] Host name: cluster-02
client-cluster-1    | 17-Sep-2026 09:07:38 [---] Host name: cluster-01
client-cluster-1    | 17-Sep-2026 09:07:38 [---] Processor: 4 ARM  [Impl 0x61 Arch 8 Variant 0x0 Part 0x000 Rev 0]
client-cluster-1    | 17-Sep-2026 09:07:38 [---] Processor features: fp asimd evtstrm aes pmull sha1 sha2 crc32 atomics fphp asimdhp cpuid asimdrdm jscvt fcma lrcpc dcpop sha3 asimddp sha512 asimdfhm dit uscat ilrcpc flagm sb paca pacg dcpodp flagm2 frint i8mm bf16 bti afp
client-phone-1      | 17-Sep-2026 09:07:38 [---] Starting BOINC client version 7.20.5 for aarch64-unknown-linux-gnu
client-phone-1      | 17-Sep-2026 09:07:38 [---] This a development version of BOINC and may not function properly
client-phone-1      | 17-Sep-2026 09:07:38 [---] log flags: file_xfer, sched_ops, task
client-cluster-1    | 17-Sep-2026 09:07:38 [---] OS: Linux Debian GNU/Linux: Debian GNU/Linux 12 (bookworm) [6.8.0-100-generic|libc 2.36]
client-cluster-1    | 17-Sep-2026 09:07:38 [---] Memory: 9.69 GB physical, 0 bytes virtual
client-cluster-1    | 17-Sep-2026 09:07:38 [---] Disk: 18.33 GB total, 15.38 GB free
client-cluster-1    | 17-Sep-2026 09:07:38 [---] Local time is UTC +0 hours
client-desktop-1    | 17-Sep-2026 09:07:38 [---] Starting BOINC client version 7.20.5 for aarch64-unknown-linux-gnu
client-desktop-1    | 17-Sep-2026 09:07:38 [---] This a development version of BOINC and may not function properly
client-desktop-1    | 17-Sep-2026 09:07:38 [---] log flags: file_xfer, sched_ops, task
client-desktop-1    | 17-Sep-2026 09:07:38 [---] Libraries: libcurl/7.88.1 OpenSSL/3.0.20 zlib/1.2.13 brotli/1.0.9 zstd/1.5.4 libidn2/2.3.3 libpsl/0.21.2 (+libidn2/2.3.3) libssh2/1.10.0 nghttp2/1.52.0 librtmp/2.3 OpenLDAP/2.5.13
client-desktop-1    | 17-Sep-2026 09:07:38 [---] Data directory: /var/lib/boinc-client
makeproject-1       | added platform: (create_time, name, user_friendly_name) values (1789635984, 'windows_intelx86', 'Microsoft Windows (98 or later) running on an Intel x86-compatible CPU')
makeproject-1       | added platform: (create_time, name, user_friendly_name) values (1789635984, 'windows_x86_64', 'Microsoft Windows running on an AMD x86_64 or Intel EM64T CPU')
makeproject-1       | added platform: (create_time, name, user_friendly_name) values (1789635984, 'windows_arm64', 'Microsoft Windows running on ARM 64-bit')
makeproject-1       | added platform: (create_time, name, user_friendly_name) values (1789635984, 'i686-pc-linux-gnu', 'Linux running on an Intel x86-compatible CPU')
makeproject-1       | added platform: (create_time, name, user_friendly_name) values (1789635984, 'x86_64-pc-linux-gnu', 'Linux running on an AMD x86_64 or Intel EM64T CPU')
makeproject-1       | added platform: (create_time, name, user_friendly_name) values (1789635984, 'powerpc-apple-darwin', 'Mac OS X 10.3 or later running on Motorola PowerPC')
makeproject-1       | added platform: (create_time, name, user_friendly_name) values (1789635984, 'i686-apple-darwin', 'Mac OS 10.4 or later running on Intel')
makeproject-1       | added platform: (create_time, name, user_friendly_name) values (1789635984, 'x86_64-apple-darwin', 'Intel 64-bit Mac OS 10.5 or later')
makeproject-1       | added platform: (create_time, name, user_friendly_name) values (1789635984, 'arm64-apple-darwin', 'Mac OS running on ARM')
makeproject-1       | added platform: (create_time, name, user_friendly_name) values (1789635984, 'sparc-sun-solaris2.7', 'Solaris 2.7 running on a SPARC-compatible CPU')
client-cluster-1    | 17-Sep-2026 09:07:38 [---] Config: GUI RPC allowed from any host
client-cluster-1    | 17-Sep-2026 09:07:38 [---] Config: simulate 4 CPUs
client-cluster-1    | 17-Sep-2026 09:07:38 [---] Config: report completed tasks immediately
client-cluster-1    | 17-Sep-2026 09:07:38 [---] No general preferences found - using defaults
client-cluster-1    | 17-Sep-2026 09:07:38 [---] Reading preferences override file
client-cluster-1    | 17-Sep-2026 09:07:38 [---] Preferences:
client-cluster-1    | 17-Sep-2026 09:07:38 [---]    max memory usage when active: 8929.14 MB
makeproject-1       | added platform: (create_time, name, user_friendly_name) values (1789635984, 'sparc-sun-solaris', 'Solaris 2.8 or later running on a SPARC-compatible CPU')
makeproject-1       | added platform: (create_time, name, user_friendly_name) values (1789635984, 'sparc64-sun-solaris', 'Solaris 2.8 or later running on a SPARC 64-bit CPU')
makeproject-1       | added platform: (create_time, name, user_friendly_name) values (1789635984, 'powerpc64-ps3-linux-gnu', 'Sony Playstation 3 running Linux')
makeproject-1       | added platform: (create_time, name, user_friendly_name) values (1789635984, 'arm-android-linux-gnu', 'Android running on ARM armeabi-v7a')
makeproject-1       | added platform: (create_time, name, user_friendly_name) values (1789635984, 'aarch64-android-linux-gnu', 'Android running on ARM 64-bit arm64-v8a')
makeproject-1       | added platform: (create_time, name, user_friendly_name) values (1789635984, 'x86_64-android-linux-gnu', 'Android running on Intel x64 compatible')
makeproject-1       | added platform: (create_time, name, user_friendly_name) values (1789635984, 'x86-android-linux-gnu', 'Android running on Intel x86 compatible')
client-cluster-1    | 17-Sep-2026 09:07:38 [---]    max memory usage when idle: 8929.14 MB
client-cluster-1    | dir_open: Could not open directory 'slots' from '/var/lib/boinc-client'.
client-cluster-1    | 17-Sep-2026 09:07:38 [---]    max disk usage: 2.00 GB
client-desktop-1    | 17-Sep-2026 09:07:38 [---] No usable GPUs found
client-desktop-1    | 17-Sep-2026 09:07:38 [---] Creating new client state file
client-desktop-1    | 17-Sep-2026 09:07:38 [---] libc:  version 2.36
client-desktop-1    | 17-Sep-2026 09:07:38 [---] Host name: desktop-01
client-desktop-1    | 17-Sep-2026 09:07:38 [---] Processor: 2 ARM  [Impl 0x61 Arch 8 Variant 0x0 Part 0x000 Rev 0]
client-cluster-2-1  | 17-Sep-2026 09:07:38 [---] Processor: 4 ARM  [Impl 0x61 Arch 8 Variant 0x0 Part 0x000 Rev 0]
client-cluster-2-1  | 17-Sep-2026 09:07:38 [---] Processor features: fp asimd evtstrm aes pmull sha1 sha2 crc32 atomics fphp asimdhp cpuid asimdrdm jscvt fcma lrcpc dcpop sha3 asimddp sha512 asimdfhm dit uscat ilrcpc flagm sb paca pacg dcpodp flagm2 frint i8mm bf16 bti afp
client-cluster-2-1  | 17-Sep-2026 09:07:38 [---] OS: Linux Debian GNU/Linux: Debian GNU/Linux 12 (bookworm) [6.8.0-100-generic|libc 2.36]
client-cluster-2-1  | 17-Sep-2026 09:07:38 [---] Memory: 9.69 GB physical, 0 bytes virtual
client-cluster-2-1  | 17-Sep-2026 09:07:38 [---] Disk: 18.33 GB total, 15.38 GB free
client-phone-1      | 17-Sep-2026 09:07:38 [---] Libraries: libcurl/7.88.1 OpenSSL/3.0.20 zlib/1.2.13 brotli/1.0.9 zstd/1.5.4 libidn2/2.3.3 libpsl/0.21.2 (+libidn2/2.3.3) libssh2/1.10.0 nghttp2/1.52.0 librtmp/2.3 OpenLDAP/2.5.13
client-phone-1      | 17-Sep-2026 09:07:38 [---] Data directory: /var/lib/boinc-client
client-desktop-1    | 17-Sep-2026 09:07:38 [---] Processor features: fp asimd evtstrm aes pmull sha1 sha2 crc32 atomics fphp asimdhp cpuid asimdrdm jscvt fcma lrcpc dcpop sha3 asimddp sha512 asimdfhm dit uscat ilrcpc flagm sb paca pacg dcpodp flagm2 frint i8mm bf16 bti afp
client-desktop-1    | 17-Sep-2026 09:07:38 [---] OS: Linux Debian GNU/Linux: Debian GNU/Linux 12 (bookworm) [6.8.0-100-generic|libc 2.36]
client-desktop-1    | 17-Sep-2026 09:07:38 [---] Memory: 9.69 GB physical, 0 bytes virtual
client-desktop-1    | 17-Sep-2026 09:07:38 [---] Disk: 18.33 GB total, 15.38 GB free
client-desktop-1    | 17-Sep-2026 09:07:38 [---] Local time is UTC +0 hours
client-desktop-1    | 17-Sep-2026 09:07:38 [---] Config: GUI RPC allowed from any host
client-desktop-1    | 17-Sep-2026 09:07:38 [---] Config: simulate 2 CPUs
apache-1            | /usr/lib/python2.7/dist-packages/supervisor/options.py:461: UserWarning: Supervisord is running as root and it is searching for its configuration file in default locations (including its current working directory); you probably want to specify a "-c" argument specifying an absolute path to a configuration file for improved security.
apache-1            |   'Supervisord is running as root and it is searching '
apache-1            | 2026-09-17 09:06:08,687 CRIT Supervisor is running as root.  Privileges were not dropped because no user is specified in the config file.  If you intend to run as root, you can set user=root in the config file to avoid this message.
apache-1            | 2026-09-17 09:06:08,687 INFO Included extra file "/etc/supervisor/conf.d/supervisord.conf" during parsing
apache-1            | 2026-09-17 09:06:08,691 INFO RPC interface 'supervisor' initialized
apache-1            | 2026-09-17 09:06:08,691 CRIT Server 'unix_http_server' running without any HTTP authentication checking
apache-1            | 2026-09-17 09:06:08,691 INFO supervisord started with pid 1
apache-1            | 2026-09-17 09:06:09,700 INFO spawned: 'cron' with pid 9
apache-1            | 2026-09-17 09:06:09,704 INFO spawned: 'start' with pid 10
apache-1            | 2026-09-17 09:06:09,708 INFO spawned: 'rsyslogd' with pid 11
apache-1            | 2026-09-17 09:06:09,711 INFO spawned: 'apache2' with pid 12
apache-1            | 2026-09-17 09:06:10,708 INFO success: cron entered RUNNING state, process has stayed up for > than 1 seconds (startsecs)
apache-1            | 2026-09-17 09:06:10,708 INFO success: start entered RUNNING state, process has stayed up for > than 1 seconds (startsecs)
client-cluster-2-1  | 17-Sep-2026 09:07:38 [---] Local time is UTC +0 hours
client-cluster-2-1  | 17-Sep-2026 09:07:38 [---] Config: GUI RPC allowed from any host
client-cluster-2-1  | 17-Sep-2026 09:07:38 [---] Config: simulate 4 CPUs
client-cluster-2-1  | 17-Sep-2026 09:07:38 [---] Config: report completed tasks immediately
client-cluster-2-1  | 17-Sep-2026 09:07:38 [---] No general preferences found - using defaults
client-cluster-2-1  | 17-Sep-2026 09:07:38 [---] Reading preferences override file
client-cluster-2-1  | 17-Sep-2026 09:07:38 [---] Preferences:
client-cluster-2-1  | 17-Sep-2026 09:07:38 [---]    max memory usage when active: 8929.14 MB
client-cluster-2-1  | 17-Sep-2026 09:07:38 [---]    max memory usage when idle: 8929.14 MB
client-cluster-2-1  | 17-Sep-2026 09:07:38 [---]    max disk usage: 2.00 GB
mysql-1             | Initializing database
mysql-1             | 
makeproject-1       | added platform: (create_time, name, user_friendly_name) values (1789635984, 'arm-unknown-linux-gnueabihf', 'Linux running on ARM, hardware FP')
makeproject-1       | added platform: (create_time, name, user_friendly_name) values (1789635984, 'aarch64-unknown-linux-gnu', 'Linux running on ARM64')
makeproject-1       | added platform: (create_time, name, user_friendly_name) values (1789635984, 'anonymous', 'anonymous')
makeproject-1       | 
client-phone-2-1    | 17-Sep-2026 09:07:38 [---] Starting BOINC client version 7.20.5 for aarch64-unknown-linux-gnu
client-phone-2-1    | 17-Sep-2026 09:07:38 [---] This a development version of BOINC and may not function properly
client-phone-1      | 17-Sep-2026 09:07:38 [---] No usable GPUs found
client-phone-1      | 17-Sep-2026 09:07:38 [---] Creating new client state file
client-phone-1      | 17-Sep-2026 09:07:38 [---] libc:  version 2.36
client-phone-1      | 17-Sep-2026 09:07:38 [---] Host name: phone-01
client-phone-1      | 17-Sep-2026 09:07:38 [---] Processor: 1 ARM  [Impl 0x61 Arch 8 Variant 0x0 Part 0x000 Rev 0]
client-phone-1      | 17-Sep-2026 09:07:38 [---] Processor features: fp asimd evtstrm aes pmull sha1 sha2 crc32 atomics fphp asimdhp cpuid asimdrdm jscvt fcma lrcpc dcpop sha3 asimddp sha512 asimdfhm dit uscat ilrcpc flagm sb paca pacg dcpodp flagm2 frint i8mm bf16 bti afp
client-phone-1      | 17-Sep-2026 09:07:38 [---] OS: Linux Debian GNU/Linux: Debian GNU/Linux 12 (bookworm) [6.8.0-100-generic|libc 2.36]
client-phone-1      | 17-Sep-2026 09:07:38 [---] Memory: 9.69 GB physical, 0 bytes virtual
client-cluster-1    | 17-Sep-2026 09:07:38 [---]    don't use GPU while active
client-cluster-1    | 17-Sep-2026 09:07:38 [---]    suspend work if non-BOINC CPU load exceeds 25%
client-desktop-1    | 17-Sep-2026 09:07:38 [---] Config: report completed tasks immediately
client-desktop-1    | 17-Sep-2026 09:07:38 [---] No general preferences found - using defaults
client-desktop-1    | 17-Sep-2026 09:07:38 [---] Reading preferences override file
client-desktop-1    | 17-Sep-2026 09:07:38 [---] Preferences:
client-phone-1      | 17-Sep-2026 09:07:38 [---] Disk: 18.33 GB total, 15.38 GB free
client-phone-1      | 17-Sep-2026 09:07:38 [---] Local time is UTC +0 hours
client-phone-1      | 17-Sep-2026 09:07:38 [---] Config: GUI RPC allowed from any host
client-phone-1      | 17-Sep-2026 09:07:38 [---] Config: simulate 1 CPUs
client-phone-2-1    | 17-Sep-2026 09:07:38 [---] log flags: file_xfer, sched_ops, task
client-phone-2-1    | 17-Sep-2026 09:07:38 [---] Libraries: libcurl/7.88.1 OpenSSL/3.0.20 zlib/1.2.13 brotli/1.0.9 zstd/1.5.4 libidn2/2.3.3 libpsl/0.21.2 (+libidn2/2.3.3) libssh2/1.10.0 nghttp2/1.52.0 librtmp/2.3 OpenLDAP/2.5.13
client-phone-2-1    | 17-Sep-2026 09:07:38 [---] Data directory: /var/lib/boinc-client
client-phone-2-1    | 17-Sep-2026 09:07:38 [---] No usable GPUs found
client-cluster-1    | 17-Sep-2026 09:07:38 [---]    (to change preferences, visit a project web site or select Preferences in the Manager)
client-cluster-1    | 17-Sep-2026 09:07:38 [---] Setting up project and slot directories
client-phone-1      | 17-Sep-2026 09:07:38 [---] Config: report completed tasks immediately
client-phone-1      | 17-Sep-2026 09:07:38 [---] No general preferences found - using defaults
client-phone-1      | 17-Sep-2026 09:07:38 [---] Reading preferences override file
client-phone-1      | 17-Sep-2026 09:07:38 [---] Preferences:
client-phone-1      | 17-Sep-2026 09:07:38 [---]    max memory usage when active: 8929.14 MB
client-phone-2-1    | 17-Sep-2026 09:07:38 [---] Creating new client state file
client-phone-2-1    | 17-Sep-2026 09:07:38 [---] libc:  version 2.36
mysql-1             | 
client-phone-1      | 17-Sep-2026 09:07:38 [---]    max memory usage when idle: 8929.14 MB
client-phone-1      | 17-Sep-2026 09:07:38 [---]    max disk usage: 2.00 GB
client-phone-1      | 17-Sep-2026 09:07:38 [---]    don't use GPU while active
client-cluster-2-1  | 17-Sep-2026 09:07:38 [---]    don't use GPU while active
client-cluster-2-1  | 17-Sep-2026 09:07:38 [---]    suspend work if non-BOINC CPU load exceeds 25%
client-cluster-2-1  | 17-Sep-2026 09:07:38 [---]    (to change preferences, visit a project web site or select Preferences in the Manager)
client-cluster-2-1  | 17-Sep-2026 09:07:38 [---] Setting up project and slot directories
apache-1            | 2026-09-17 09:06:10,708 INFO success: rsyslogd entered RUNNING state, process has stayed up for > than 1 seconds (startsecs)
apache-1            | 2026-09-17 09:06:11,709 INFO success: apache2 entered RUNNING state, process has stayed up for > than 1 seconds (startsecs)
apache-1            | 2026-09-17 09:06:30,220 INFO reaped unknown pid 69
apache-1            | 2026-09-17 09:06:30,220 INFO reaped unknown pid 77
apache-1            | 2026-09-17 09:06:30,220 INFO reaped unknown pid 79
apache-1            | 2026-09-17 09:06:30,837 INFO reaped unknown pid 78
apache-1            | 2026-09-17 09:06:30,837 INFO reaped unknown pid 80
mysql-1             | PLEASE REMEMBER TO SET A PASSWORD FOR THE MariaDB root USER !
mysql-1             | To do so, start the server, then issue the following commands:
mysql-1             | 
mysql-1             | '/usr/bin/mysqladmin' -u root password 'new-password'
mysql-1             | '/usr/bin/mysqladmin' -u root -h  password 'new-password'
mysql-1             | 
client-cluster-2-1  | 17-Sep-2026 09:07:38 [---] Checking active tasks
client-cluster-2-1  | 17-Sep-2026 09:07:38 [---] Setting up GUI RPC socket
client-cluster-2-1  | dir_open: Could not open directory 'slots' from '/var/lib/boinc-client'.
client-phone-2-1    | 17-Sep-2026 09:07:38 [---] Host name: phone-02
client-phone-2-1    | 17-Sep-2026 09:07:38 [---] Processor: 1 ARM  [Impl 0x61 Arch 8 Variant 0x0 Part 0x000 Rev 0]
client-phone-2-1    | 17-Sep-2026 09:07:38 [---] Processor features: fp asimd evtstrm aes pmull sha1 sha2 crc32 atomics fphp asimdhp cpuid asimdrdm jscvt fcma lrcpc dcpop sha3 asimddp sha512 asimdfhm dit uscat ilrcpc flagm sb paca pacg dcpodp flagm2 frint i8mm bf16 bti afp
client-phone-2-1    | 17-Sep-2026 09:07:38 [---] OS: Linux Debian GNU/Linux: Debian GNU/Linux 12 (bookworm) [6.8.0-100-generic|libc 2.36]
client-phone-2-1    | 17-Sep-2026 09:07:38 [---] Memory: 9.69 GB physical, 0 bytes virtual
client-phone-2-1    | 17-Sep-2026 09:07:38 [---] Disk: 18.33 GB total, 15.38 GB free
client-cluster-2-1  | 17-Sep-2026 09:07:38 [---] Checking presence of 0 project files
client-cluster-2-1  | 17-Sep-2026 09:07:38 [---] This computer is not attached to any projects
client-cluster-2-1  | 17-Sep-2026 09:07:38 Initialization completed
client-cluster-2-1  | dir_open: Could not open directory 'projects/boincserver.local_boincserver' from '/var/lib/boinc-client'.
client-cluster-1    | 17-Sep-2026 09:07:38 [---] Checking active tasks
client-cluster-1    | 17-Sep-2026 09:07:38 [---] Setting up GUI RPC socket
client-desktop-1    | 17-Sep-2026 09:07:38 [---]    max memory usage when active: 8929.14 MB
client-desktop-1    | 17-Sep-2026 09:07:38 [---]    max memory usage when idle: 8929.14 MB
client-desktop-1    | 17-Sep-2026 09:07:38 [---]    max disk usage: 2.00 GB
client-desktop-1    | 17-Sep-2026 09:07:38 [---]    don't use GPU while active
client-desktop-1    | 17-Sep-2026 09:07:38 [---]    suspend work if non-BOINC CPU load exceeds 25%
client-phone-1      | 17-Sep-2026 09:07:38 [---]    suspend work if non-BOINC CPU load exceeds 25%
client-phone-1      | 17-Sep-2026 09:07:38 [---]    (to change preferences, visit a project web site or select Preferences in the Manager)
client-phone-1      | 17-Sep-2026 09:07:38 [---] Setting up project and slot directories
client-desktop-1    | 17-Sep-2026 09:07:38 [---]    (to change preferences, visit a project web site or select Preferences in the Manager)
client-desktop-1    | 17-Sep-2026 09:07:38 [---] Setting up project and slot directories
client-desktop-1    | 17-Sep-2026 09:07:38 [---] Checking active tasks
client-desktop-1    | 17-Sep-2026 09:07:38 [---] Setting up GUI RPC socket
client-desktop-1    | dir_open: Could not open directory 'slots' from '/var/lib/boinc-client'.
client-desktop-1    | 17-Sep-2026 09:07:38 [---] Checking presence of 0 project files
client-desktop-1    | 17-Sep-2026 09:07:38 [---] This computer is not attached to any projects
mysql-1             | Alternatively you can run:
mysql-1             | '/usr/bin/mysql_secure_installation'
mysql-1             | 
mysql-1             | which will also give you the option of removing the test
mysql-1             | databases and anonymous user created by default.  This is
mysql-1             | strongly recommended for production servers.
mysql-1             | 
mysql-1             | See the MariaDB Knowledgebase at http://mariadb.com/kb or the
mysql-1             | MySQL manual for more instructions.
mysql-1             | 
mysql-1             | Please report any problems at http://mariadb.org/jira
client-phone-1      | dir_open: Could not open directory 'slots' from '/var/lib/boinc-client'.
client-phone-1      | 17-Sep-2026 09:07:38 [---] Checking active tasks
client-phone-1      | 17-Sep-2026 09:07:38 [---] Setting up GUI RPC socket
client-phone-1      | 17-Sep-2026 09:07:38 [---] Checking presence of 0 project files
client-phone-2-1    | 17-Sep-2026 09:07:38 [---] Local time is UTC +0 hours
client-phone-2-1    | 17-Sep-2026 09:07:38 [---] Config: GUI RPC allowed from any host
client-phone-2-1    | 17-Sep-2026 09:07:38 [---] Config: simulate 1 CPUs
client-cluster-2-1  | 17-Sep-2026 09:07:39 [---] No general preferences found - using defaults
client-cluster-2-1  | 17-Sep-2026 09:07:39 [---] Reading preferences override file
client-cluster-2-1  | 17-Sep-2026 09:07:39 [---] Preferences:
client-cluster-2-1  | 17-Sep-2026 09:07:39 [---]    max memory usage when active: 8929.14 MB
client-cluster-2-1  | 17-Sep-2026 09:07:39 [---]    max memory usage when idle: 8929.14 MB
client-cluster-2-1  | 17-Sep-2026 09:07:39 [---]    max disk usage: 2.00 GB
client-cluster-2-1  | 17-Sep-2026 09:07:39 [---]    don't use GPU while active
client-cluster-2-1  | 17-Sep-2026 09:07:39 [---]    suspend work if non-BOINC CPU load exceeds 25%
client-desktop-1    | 17-Sep-2026 09:07:38 Initialization completed
client-desktop-1    | dir_open: Could not open directory 'projects/boincserver.local_boincserver' from '/var/lib/boinc-client'.
client-desktop-1    | 17-Sep-2026 09:07:39 [---] No general preferences found - using defaults
client-desktop-1    | 17-Sep-2026 09:07:39 [---] Reading preferences override file
client-phone-2-1    | 17-Sep-2026 09:07:38 [---] Config: report completed tasks immediately
client-phone-2-1    | 17-Sep-2026 09:07:38 [---] No general preferences found - using defaults
client-cluster-2-1  | 17-Sep-2026 09:07:39 [---]    (to change preferences, visit a project web site or select Preferences in the Manager)
client-cluster-2-1  | 17-Sep-2026 09:07:43 [http://boincserver.local/boincserver/] Fetching scheduler list
client-cluster-2-1  | 17-Sep-2026 09:07:45 [http://boincserver.local/boincserver/] Master file download succeeded
client-cluster-2-1  | 17-Sep-2026 09:07:50 [http://boincserver.local/boincserver/] Sending scheduler request: Project initialization.
client-cluster-1    | 17-Sep-2026 09:07:38 [---] Checking presence of 0 project files
client-cluster-1    | 17-Sep-2026 09:07:38 [---] This computer is not attached to any projects
client-cluster-1    | 17-Sep-2026 09:07:38 Initialization completed
client-cluster-1    | dir_open: Could not open directory 'projects/boincserver.local_boincserver' from '/var/lib/boinc-client'.
client-cluster-1    | 17-Sep-2026 09:07:39 [---] No general preferences found - using defaults
client-cluster-1    | 17-Sep-2026 09:07:39 [---] Reading preferences override file
client-cluster-1    | 17-Sep-2026 09:07:39 [---] Preferences:
client-cluster-1    | 17-Sep-2026 09:07:39 [---]    max memory usage when active: 8929.14 MB
client-cluster-1    | 17-Sep-2026 09:07:39 [---]    max memory usage when idle: 8929.14 MB
client-cluster-1    | 17-Sep-2026 09:07:39 [---]    max disk usage: 2.00 GB
client-cluster-1    | 17-Sep-2026 09:07:39 [---]    don't use GPU while active
client-cluster-1    | 17-Sep-2026 09:07:39 [---]    suspend work if non-BOINC CPU load exceeds 25%
client-cluster-2-1  | 17-Sep-2026 09:07:50 [http://boincserver.local/boincserver/] Requesting new tasks for CPU
client-cluster-2-1  | 17-Sep-2026 09:07:57 [boincserver] Scheduler request completed: got 1 new tasks
client-cluster-2-1  | 17-Sep-2026 09:07:57 [boincserver] Project requested delay of 7 seconds
client-cluster-2-1  | 17-Sep-2026 09:07:59 [boincserver] Started download of hybrid_synthetic_1.0_aarch64-unknown-linux-gnu
client-cluster-1    | 17-Sep-2026 09:07:39 [---]    (to change preferences, visit a project web site or select Preferences in the Manager)
client-cluster-1    | 17-Sep-2026 09:07:43 [http://boincserver.local/boincserver/] Fetching scheduler list
client-cluster-1    | 17-Sep-2026 09:07:45 [http://boincserver.local/boincserver/] Master file download succeeded
client-cluster-1    | 17-Sep-2026 09:07:50 [http://boincserver.local/boincserver/] Sending scheduler request: Project initialization.
client-cluster-1    | 17-Sep-2026 09:07:50 [http://boincserver.local/boincserver/] Requesting new tasks for CPU
client-cluster-1    | 17-Sep-2026 09:07:52 [boincserver] Scheduler request completed: got 1 new tasks
client-cluster-1    | 17-Sep-2026 09:07:52 [boincserver] Project requested delay of 7 seconds
client-cluster-1    | 17-Sep-2026 09:07:54 [boincserver] Started download of hybrid_synthetic_1.0_aarch64-unknown-linux-gnu
client-cluster-1    | 17-Sep-2026 09:07:54 [boincserver] Started download of hybrid_synthetic_input.txt
client-cluster-1    | 17-Sep-2026 09:07:56 [boincserver] Finished download of hybrid_synthetic_1.0_aarch64-unknown-linux-gnu
client-cluster-1    | 17-Sep-2026 09:07:56 [boincserver] Finished download of hybrid_synthetic_input.txt
apache-1            | 2026-09-17 09:06:30,839 INFO reaped unknown pid 70
apache-1            | 2026-09-17 09:06:39,052 INFO reaped unknown pid 159
apache-1            | 2026-09-17 09:06:39,052 INFO reaped unknown pid 161
apache-1            | 2026-09-17 09:06:39,052 INFO reaped unknown pid 163
client-desktop-1    | 17-Sep-2026 09:07:39 [---] Preferences:
client-cluster-1    | 17-Sep-2026 09:07:56 [boincserver] Elapsed time limit 50.000000 < 120.000000; setting to 43200.000000
client-desktop-1    | 17-Sep-2026 09:07:39 [---]    max memory usage when active: 8929.14 MB
client-cluster-2-1  | 17-Sep-2026 09:07:59 [boincserver] Started download of hybrid_synthetic_input.txt
client-cluster-1    | 17-Sep-2026 09:07:56 [boincserver] Starting task exp_20260917T084802Z_sjf_short_1_0
client-cluster-1    | 17-Sep-2026 09:08:02 [boincserver] Sending scheduler request: To fetch work.
client-cluster-1    | 17-Sep-2026 09:08:02 [boincserver] Requesting new tasks for CPU
client-cluster-1    | 17-Sep-2026 09:08:04 [boincserver] Computation for task exp_20260917T084802Z_sjf_short_1_0 finished
client-cluster-1    | 17-Sep-2026 09:08:06 [boincserver] Started upload of exp_20260917T084802Z_sjf_short_1_0_r61418458_0
client-phone-1      | 17-Sep-2026 09:07:38 [---] This computer is not attached to any projects
client-phone-1      | 17-Sep-2026 09:07:38 Initialization completed
client-phone-1      | dir_open: Could not open directory 'projects/boincserver.local_boincserver' from '/var/lib/boinc-client'.
client-cluster-1    | 17-Sep-2026 09:08:08 [boincserver] Finished upload of exp_20260917T084802Z_sjf_short_1_0_r61418458_0
client-cluster-1    | 17-Sep-2026 09:08:09 [boincserver] Scheduler request completed: got 4 new tasks
client-cluster-1    | 17-Sep-2026 09:08:09 [boincserver] Project requested delay of 7 seconds
client-cluster-1    | 17-Sep-2026 09:08:11 [boincserver] Elapsed time limit 50.000000 < 120.000000; setting to 43200.000000
client-cluster-1    | 17-Sep-2026 09:08:11 [boincserver] Elapsed time limit 50.000000 < 120.000000; setting to 43200.000000
client-cluster-1    | 17-Sep-2026 09:08:11 [boincserver] Elapsed time limit 50.000000 < 120.000000; setting to 43200.000000
client-cluster-1    | 17-Sep-2026 09:08:11 [boincserver] Elapsed time limit 50.000000 < 120.000000; setting to 43200.000000
client-cluster-1    | 17-Sep-2026 09:08:11 [boincserver] Starting task exp_20260917T084802Z_sjf_short_18_0
client-cluster-1    | 17-Sep-2026 09:08:11 [boincserver] Starting task exp_20260917T084802Z_sjf_short_14_0
client-cluster-1    | 17-Sep-2026 09:08:11 [boincserver] Starting task exp_20260917T084802Z_sjf_short_16_0
client-cluster-1    | 17-Sep-2026 09:08:11 [boincserver] Starting task exp_20260917T084802Z_sjf_short_8_0
client-desktop-1    | 17-Sep-2026 09:07:39 [---]    max memory usage when idle: 8929.14 MB
client-desktop-1    | 17-Sep-2026 09:07:39 [---]    max disk usage: 2.00 GB
mysql-1             | 
mysql-1             | The latest information about MariaDB is available at http://mariadb.org/.
mysql-1             | You can find additional information about the MySQL part at:
mysql-1             | http://dev.mysql.com
mysql-1             | Consider joining MariaDB's strong and vibrant community:
client-phone-2-1    | 17-Sep-2026 09:07:38 [---] Reading preferences override file
client-phone-2-1    | 17-Sep-2026 09:07:38 [---] Preferences:
client-phone-2-1    | 17-Sep-2026 09:07:38 [---]    max memory usage when active: 8929.14 MB
client-phone-2-1    | 17-Sep-2026 09:07:38 [---]    max memory usage when idle: 8929.14 MB
client-phone-2-1    | 17-Sep-2026 09:07:38 [---]    max disk usage: 2.00 GB
client-phone-2-1    | 17-Sep-2026 09:07:38 [---]    don't use GPU while active
mysql-1             | https://mariadb.org/get-involved/
mysql-1             | 
client-cluster-2-1  | 17-Sep-2026 09:08:01 [boincserver] Finished download of hybrid_synthetic_1.0_aarch64-unknown-linux-gnu
client-cluster-2-1  | 17-Sep-2026 09:08:01 [boincserver] Finished download of hybrid_synthetic_input.txt
client-cluster-2-1  | 17-Sep-2026 09:08:01 [boincserver] Elapsed time limit 50.000000 < 120.000000; setting to 43200.000000
client-cluster-2-1  | 17-Sep-2026 09:08:01 [boincserver] Starting task exp_20260917T084802Z_sjf_short_2_0
client-cluster-2-1  | 17-Sep-2026 09:08:07 [boincserver] Sending scheduler request: To fetch work.
client-cluster-2-1  | 17-Sep-2026 09:08:07 [boincserver] Requesting new tasks for CPU
client-cluster-2-1  | 17-Sep-2026 09:08:09 [boincserver] Computation for task exp_20260917T084802Z_sjf_short_2_0 finished
client-cluster-2-1  | 17-Sep-2026 09:08:09 [boincserver] Scheduler request completed: got 4 new tasks
client-cluster-2-1  | 17-Sep-2026 09:08:09 [boincserver] Project requested delay of 7 seconds
client-cluster-2-1  | 17-Sep-2026 09:08:11 [boincserver] Started upload of exp_20260917T084802Z_sjf_short_2_0_r75801350_0
client-cluster-2-1  | 17-Sep-2026 09:08:11 [boincserver] Elapsed time limit 50.000000 < 120.000000; setting to 43200.000000
client-cluster-2-1  | 17-Sep-2026 09:08:11 [boincserver] Elapsed time limit 50.000000 < 120.000000; setting to 43200.000000
client-cluster-2-1  | 17-Sep-2026 09:08:11 [boincserver] Elapsed time limit 50.000000 < 120.000000; setting to 43200.000000
client-cluster-2-1  | 17-Sep-2026 09:08:11 [boincserver] Starting task exp_20260917T084802Z_sjf_short_15_0
client-cluster-2-1  | 17-Sep-2026 09:08:11 [boincserver] Starting task exp_20260917T084802Z_sjf_short_17_0
apache-1            | 2026-09-17 09:06:39,052 INFO reaped unknown pid 165
apache-1            | 2026-09-17 09:06:39,052 INFO reaped unknown pid 167
apache-1            | 2026-09-17 09:10:01,743 INFO reaped unknown pid 569
apache-1            | 2026-09-17 09:10:01,845 INFO reaped unknown pid 571
apache-1            | 2026-09-17 09:10:01,971 INFO reaped unknown pid 573
apache-1            | 2026-09-17 09:10:02,054 INFO reaped unknown pid 575
apache-1            | 2026-09-17 09:10:02,152 INFO reaped unknown pid 577
apache-1            | 2026-09-17 09:10:03,181 INFO reaped unknown pid 568
apache-1            | 2026-09-17 09:10:03,181 INFO reaped unknown pid 570
apache-1            | 2026-09-17 09:10:03,181 INFO reaped unknown pid 572
apache-1            | 2026-09-17 09:10:03,181 INFO reaped unknown pid 574
apache-1            | 2026-09-17 09:10:03,181 INFO reaped unknown pid 576
apache-1            | 2026-09-17 09:10:03,181 INFO reaped unknown pid 578
apache-1            | 2026-09-17 09:10:03,181 INFO reaped unknown pid 579
apache-1            | 2026-09-17 09:10:03,181 INFO reaped unknown pid 585
client-phone-1      | 17-Sep-2026 09:07:39 [---] No general preferences found - using defaults
client-phone-1      | 17-Sep-2026 09:07:39 [---] Reading preferences override file
client-phone-1      | 17-Sep-2026 09:07:39 [---] Preferences:
client-cluster-2-1  | 17-Sep-2026 09:08:11 [boincserver] Starting task exp_20260917T084802Z_sjf_medium_1_0
client-cluster-2-1  | 17-Sep-2026 09:08:11 [boincserver] Starting task exp_20260917T084802Z_sjf_short_13_0
client-cluster-2-1  | 17-Sep-2026 09:08:13 [boincserver] Finished upload of exp_20260917T084802Z_sjf_short_2_0_r75801350_0
client-cluster-2-1  | 17-Sep-2026 09:08:18 [boincserver] Computation for task exp_20260917T084802Z_sjf_short_15_0 finished
client-cluster-2-1  | 17-Sep-2026 09:08:19 [boincserver] Computation for task exp_20260917T084802Z_sjf_short_17_0 finished
client-cluster-2-1  | 17-Sep-2026 09:08:19 [boincserver] Sending scheduler request: To report completed tasks.
client-cluster-2-1  | 17-Sep-2026 09:08:19 [boincserver] Reporting 1 completed tasks
client-cluster-2-1  | 17-Sep-2026 09:08:19 [boincserver] Requesting new tasks for CPU
client-cluster-2-1  | 17-Sep-2026 09:08:20 [boincserver] Started upload of exp_20260917T084802Z_sjf_short_15_0_r2108063083_0
client-cluster-2-1  | 17-Sep-2026 09:08:20 [boincserver] Computation for task exp_20260917T084802Z_sjf_short_13_0 finished
client-cluster-2-1  | 17-Sep-2026 09:08:21 [boincserver] Finished upload of exp_20260917T084802Z_sjf_short_15_0_r2108063083_0
client-cluster-2-1  | 17-Sep-2026 09:08:21 [boincserver] Started upload of exp_20260917T084802Z_sjf_short_17_0_r1920511482_0
client-cluster-2-1  | 17-Sep-2026 09:08:21 [boincserver] Scheduler request completed: got 4 new tasks
client-phone-1      | 17-Sep-2026 09:07:39 [---]    max memory usage when active: 8929.14 MB
client-phone-1      | 17-Sep-2026 09:07:39 [---]    max memory usage when idle: 8929.14 MB
client-phone-1      | 17-Sep-2026 09:07:39 [---]    max disk usage: 2.00 GB
client-phone-1      | 17-Sep-2026 09:07:39 [---]    don't use GPU while active
client-phone-1      | 17-Sep-2026 09:07:39 [---]    suspend work if non-BOINC CPU load exceeds 25%
client-phone-1      | 17-Sep-2026 09:07:39 [---]    (to change preferences, visit a project web site or select Preferences in the Manager)
client-phone-1      | 17-Sep-2026 09:07:43 [http://boincserver.local/boincserver/] Fetching scheduler list
mysql-1             | Database initialized
mysql-1             | MySQL init process in progress...
mysql-1             | 2026-09-17  9:06:10 0 [Note] mysqld (mysqld 10.3.8-MariaDB-1:10.3.8+maria~bionic) starting as process 103 ...
mysql-1             | 2026-09-17  9:06:10 0 [Note] InnoDB: Using Linux native AIO
mysql-1             | 2026-09-17  9:06:10 0 [Note] InnoDB: Mutexes and rw_locks use GCC atomic builtins
mysql-1             | 2026-09-17  9:06:10 0 [Note] InnoDB: Uses event mutexes
mysql-1             | 2026-09-17  9:06:10 0 [Note] InnoDB: Compressed tables use zlib 1.2.11
mysql-1             | 2026-09-17  9:06:10 0 [Note] InnoDB: Number of pools: 1
client-phone-2-1    | 17-Sep-2026 09:07:38 [---]    suspend work if non-BOINC CPU load exceeds 25%
client-phone-2-1    | 17-Sep-2026 09:07:38 [---]    (to change preferences, visit a project web site or select Preferences in the Manager)
client-cluster-1    | 17-Sep-2026 09:08:19 [boincserver] Computation for task exp_20260917T084802Z_sjf_short_18_0 finished
client-cluster-1    | 17-Sep-2026 09:08:19 [boincserver] Sending scheduler request: To report completed tasks.
client-cluster-1    | 17-Sep-2026 09:08:19 [boincserver] Reporting 1 completed tasks
client-cluster-2-1  | 17-Sep-2026 09:08:21 [boincserver] Project requested delay of 7 seconds
client-cluster-2-1  | 17-Sep-2026 09:08:22 [boincserver] Started upload of exp_20260917T084802Z_sjf_short_13_0_r299708839_0
client-cluster-2-1  | 17-Sep-2026 09:08:23 [boincserver] Finished upload of exp_20260917T084802Z_sjf_short_17_0_r1920511482_0
client-cluster-2-1  | 17-Sep-2026 09:08:23 [boincserver] Finished upload of exp_20260917T084802Z_sjf_short_13_0_r299708839_0
apache-1            | 2026-09-17 09:10:03,181 INFO reaped unknown pid 594
apache-1            | 2026-09-17 09:10:03,181 INFO reaped unknown pid 596
apache-1            | 2026-09-17 09:10:03,181 INFO reaped unknown pid 600
apache-1            | 2026-09-17 09:10:07,484 INFO reaped unknown pid 583
client-desktop-1    | 17-Sep-2026 09:07:39 [---]    don't use GPU while active
client-desktop-1    | 17-Sep-2026 09:07:39 [---]    suspend work if non-BOINC CPU load exceeds 25%
client-desktop-1    | 17-Sep-2026 09:07:39 [---]    (to change preferences, visit a project web site or select Preferences in the Manager)
client-desktop-1    | 17-Sep-2026 09:07:43 [http://boincserver.local/boincserver/] Fetching scheduler list
client-desktop-1    | 17-Sep-2026 09:07:45 [http://boincserver.local/boincserver/] Master file download succeeded
mysql-1             | 2026-09-17  9:06:10 0 [Note] InnoDB: Using generic crc32 instructions
mysql-1             | 2026-09-17  9:06:10 0 [Note] InnoDB: Initializing buffer pool, total size = 256M, instances = 1, chunk size = 128M
mysql-1             | 2026-09-17  9:06:10 0 [Note] InnoDB: Completed initialization of buffer pool
mysql-1             | 2026-09-17  9:06:10 0 [Note] InnoDB: If the mysqld execution user is authorized, page cleaner thread priority can be changed. See the man page of setpriority().
mysql-1             | 2026-09-17  9:06:10 0 [Note] InnoDB: 128 out of 128 rollback segments are active.
mysql-1             | 2026-09-17  9:06:10 0 [Note] InnoDB: Creating shared tablespace for temporary tables
client-desktop-1    | 17-Sep-2026 09:07:50 [http://boincserver.local/boincserver/] Sending scheduler request: Project initialization.
client-desktop-1    | 17-Sep-2026 09:07:50 [http://boincserver.local/boincserver/] Requesting new tasks for CPU
client-desktop-1    | 17-Sep-2026 09:07:52 [boincserver] Scheduler request completed: got 1 new tasks
client-desktop-1    | 17-Sep-2026 09:07:52 [boincserver] Project requested delay of 7 seconds
client-desktop-1    | 17-Sep-2026 09:07:54 [boincserver] Started download of hybrid_synthetic_1.0_aarch64-unknown-linux-gnu
client-desktop-1    | 17-Sep-2026 09:07:54 [boincserver] Started download of hybrid_synthetic_input.txt
client-desktop-1    | 17-Sep-2026 09:07:56 [boincserver] Finished download of hybrid_synthetic_1.0_aarch64-unknown-linux-gnu
client-desktop-1    | 17-Sep-2026 09:07:56 [boincserver] Finished download of hybrid_synthetic_input.txt
client-desktop-1    | 17-Sep-2026 09:07:56 [boincserver] Elapsed time limit 50.000000 < 120.000000; setting to 43200.000000
client-cluster-2-1  | 17-Sep-2026 09:08:23 [boincserver] Starting task exp_20260917T084802Z_sjf_medium_8_0
client-cluster-2-1  | 17-Sep-2026 09:08:23 [boincserver] Starting task exp_20260917T084802Z_sjf_medium_7_0
client-cluster-2-1  | 17-Sep-2026 09:08:23 [boincserver] Starting task exp_20260917T084802Z_sjf_medium_9_0
client-cluster-2-1  | 17-Sep-2026 09:08:31 [boincserver] Sending scheduler request: To report completed tasks.
client-cluster-1    | 17-Sep-2026 09:08:19 [boincserver] Requesting new tasks for CPU
client-cluster-1    | 17-Sep-2026 09:08:20 [boincserver] Computation for task exp_20260917T084802Z_sjf_short_14_0 finished
client-cluster-1    | 17-Sep-2026 09:08:21 [boincserver] Started upload of exp_20260917T084802Z_sjf_short_18_0_r1435146586_0
client-cluster-1    | 17-Sep-2026 09:08:21 [boincserver] Computation for task exp_20260917T084802Z_sjf_short_16_0 finished
client-cluster-1    | 17-Sep-2026 09:08:22 [boincserver] Started upload of exp_20260917T084802Z_sjf_short_14_0_r895352282_0
client-cluster-1    | 17-Sep-2026 09:08:22 [boincserver] Computation for task exp_20260917T084802Z_sjf_short_8_0 finished
client-cluster-1    | 17-Sep-2026 09:08:23 [boincserver] Finished upload of exp_20260917T084802Z_sjf_short_18_0_r1435146586_0
client-cluster-1    | 17-Sep-2026 09:08:23 [boincserver] Finished upload of exp_20260917T084802Z_sjf_short_14_0_r895352282_0
apache-1            | 2026-09-17 09:10:07,698 INFO reaped unknown pid 592
apache-1            | 2026-09-17 09:10:07,994 INFO reaped unknown pid 598
client-cluster-2-1  | 17-Sep-2026 09:08:31 [boincserver] Reporting 3 completed tasks
client-cluster-2-1  | 17-Sep-2026 09:08:31 [boincserver] Requesting new tasks for CPU
client-cluster-2-1  | 17-Sep-2026 09:08:33 [boincserver] Scheduler request completed: got 1 new tasks
client-cluster-2-1  | 17-Sep-2026 09:08:33 [boincserver] Project requested delay of 7 seconds
client-phone-1      | 17-Sep-2026 09:07:45 [http://boincserver.local/boincserver/] Master file download succeeded
client-phone-1      | 17-Sep-2026 09:07:50 [http://boincserver.local/boincserver/] Sending scheduler request: Project initialization.
client-phone-1      | 17-Sep-2026 09:07:50 [http://boincserver.local/boincserver/] Requesting new tasks for CPU
client-phone-2-1    | 17-Sep-2026 09:07:38 [---] Setting up project and slot directories
client-phone-2-1    | 17-Sep-2026 09:07:38 [---] Checking active tasks
client-phone-2-1    | 17-Sep-2026 09:07:38 [---] Setting up GUI RPC socket
client-phone-2-1    | dir_open: Could not open directory 'slots' from '/var/lib/boinc-client'.
client-phone-2-1    | 17-Sep-2026 09:07:38 [---] Checking presence of 0 project files
client-phone-2-1    | 17-Sep-2026 09:07:38 [---] This computer is not attached to any projects
client-phone-2-1    | 17-Sep-2026 09:07:38 Initialization completed
client-phone-2-1    | dir_open: Could not open directory 'projects/boincserver.local_boincserver' from '/var/lib/boinc-client'.
client-desktop-1    | 17-Sep-2026 09:07:56 [boincserver] Starting task exp_20260917T084802Z_sjf_short_3_0
client-desktop-1    | 17-Sep-2026 09:08:02 [boincserver] Sending scheduler request: To fetch work.
client-desktop-1    | 17-Sep-2026 09:08:02 [boincserver] Requesting new tasks for CPU
client-desktop-1    | 17-Sep-2026 09:08:04 [boincserver] Computation for task exp_20260917T084802Z_sjf_short_3_0 finished
client-cluster-1    | 17-Sep-2026 09:08:23 [boincserver] Started upload of exp_20260917T084802Z_sjf_short_16_0_r975930364_0
client-cluster-1    | 17-Sep-2026 09:08:24 [boincserver] Started upload of exp_20260917T084802Z_sjf_short_8_0_r591770595_0
client-cluster-1    | 17-Sep-2026 09:08:25 [boincserver] Finished upload of exp_20260917T084802Z_sjf_short_16_0_r975930364_0
client-cluster-1    | 17-Sep-2026 09:08:25 [boincserver] Finished upload of exp_20260917T084802Z_sjf_short_8_0_r591770595_0
client-phone-1      | 17-Sep-2026 09:07:52 [boincserver] Scheduler request completed: got 1 new tasks
client-phone-1      | 17-Sep-2026 09:07:52 [boincserver] Project requested delay of 7 seconds
client-phone-1      | 17-Sep-2026 09:07:54 [boincserver] Started download of hybrid_synthetic_1.0_aarch64-unknown-linux-gnu
client-phone-1      | 17-Sep-2026 09:07:54 [boincserver] Started download of hybrid_synthetic_input.txt
client-cluster-2-1  | 17-Sep-2026 09:08:43 [boincserver] Sending scheduler request: To fetch work.
client-cluster-2-1  | 17-Sep-2026 09:08:43 [boincserver] Requesting new tasks for CPU
client-cluster-2-1  | 17-Sep-2026 09:08:49 [boincserver] Computation for task exp_20260917T084802Z_sjf_medium_1_0 finished
client-cluster-2-1  | 17-Sep-2026 09:08:49 [boincserver] Starting task exp_20260917T084802Z_sjf_medium_10_0
client-phone-2-1    | 17-Sep-2026 09:07:39 [---] No general preferences found - using defaults
client-phone-2-1    | 17-Sep-2026 09:07:39 [---] Reading preferences override file
client-phone-2-1    | 17-Sep-2026 09:07:39 [---] Preferences:
client-phone-2-1    | 17-Sep-2026 09:07:39 [---]    max memory usage when active: 8929.14 MB
client-phone-2-1    | 17-Sep-2026 09:07:39 [---]    max memory usage when idle: 8929.14 MB
client-phone-2-1    | 17-Sep-2026 09:07:39 [---]    max disk usage: 2.00 GB
client-phone-2-1    | 17-Sep-2026 09:07:39 [---]    don't use GPU while active
client-phone-2-1    | 17-Sep-2026 09:07:39 [---]    suspend work if non-BOINC CPU load exceeds 25%
client-phone-2-1    | 17-Sep-2026 09:07:39 [---]    (to change preferences, visit a project web site or select Preferences in the Manager)
client-phone-2-1    | 17-Sep-2026 09:07:43 [http://boincserver.local/boincserver/] Fetching scheduler list
client-phone-2-1    | 17-Sep-2026 09:07:45 [http://boincserver.local/boincserver/] Master file download succeeded
client-phone-2-1    | 17-Sep-2026 09:07:50 [http://boincserver.local/boincserver/] Sending scheduler request: Project initialization.
client-phone-2-1    | 17-Sep-2026 09:07:50 [http://boincserver.local/boincserver/] Requesting new tasks for CPU
client-cluster-2-1  | 17-Sep-2026 09:08:50 [boincserver] Scheduler request completed: got 0 new tasks
client-cluster-2-1  | 17-Sep-2026 09:08:50 [boincserver] Project has no tasks available
client-cluster-2-1  | 17-Sep-2026 09:08:50 [boincserver] Project requested delay of 7 seconds
client-cluster-2-1  | 17-Sep-2026 09:08:51 [boincserver] Started upload of exp_20260917T084802Z_sjf_medium_1_0_r1574281214_0
mysql-1             | 2026-09-17  9:06:10 0 [Note] InnoDB: Setting file './ibtmp1' size to 12 MB. Physically writing the file full; Please wait ...
mysql-1             | 2026-09-17  9:06:10 0 [Note] InnoDB: File './ibtmp1' size is now 12 MB.
client-cluster-1    | 17-Sep-2026 09:08:26 [boincserver] Scheduler request completed: got 4 new tasks
client-cluster-1    | 17-Sep-2026 09:08:26 [boincserver] Project requested delay of 7 seconds
client-cluster-1    | 17-Sep-2026 09:08:28 [boincserver] Starting task exp_20260917T084802Z_sjf_long_2_0
client-phone-1      | 17-Sep-2026 09:07:56 [boincserver] Finished download of hybrid_synthetic_1.0_aarch64-unknown-linux-gnu
client-phone-1      | 17-Sep-2026 09:07:56 [boincserver] Finished download of hybrid_synthetic_input.txt
client-phone-1      | 17-Sep-2026 09:07:56 [boincserver] Elapsed time limit 50.000000 < 120.000000; setting to 43200.000000
mysql-1             | 2026-09-17  9:06:10 0 [Note] InnoDB: 10.3.8 started; log sequence number 1630815; transaction id 21
mysql-1             | 2026-09-17  9:06:10 0 [Note] InnoDB: Loading buffer pool(s) from /var/lib/mysql/ib_buffer_pool
mysql-1             | 2026-09-17  9:06:10 0 [Note] Plugin 'FEEDBACK' is disabled.
mysql-1             | 2026-09-17  9:06:10 0 [Note] InnoDB: Buffer pool(s) load completed at 260917  9:06:10
mysql-1             | 2026-09-17  9:06:10 0 [Warning] 'user' entry 'root@154d12b04d11' ignored in --skip-name-resolve mode.
mysql-1             | 2026-09-17  9:06:10 0 [Warning] 'user' entry '@154d12b04d11' ignored in --skip-name-resolve mode.
mysql-1             | 2026-09-17  9:06:10 0 [Warning] 'proxies_priv' entry '@% root@154d12b04d11' ignored in --skip-name-resolve mode.
mysql-1             | 2026-09-17  9:06:10 0 [Note] Reading of all Master_info entries succeded
mysql-1             | 2026-09-17  9:06:10 0 [Note] Added new Master_info '' to hash table
mysql-1             | 2026-09-17  9:06:10 0 [Note] mysqld: ready for connections.
mysql-1             | Version: '10.3.8-MariaDB-1:10.3.8+maria~bionic'  socket: '/var/run/mysqld/mysqld.sock'  port: 0  mariadb.org binary distribution
mysql-1             | Warning: Unable to load '/usr/share/zoneinfo/leap-seconds.list' as time zone. Skipping it.
client-cluster-2-1  | 17-Sep-2026 09:08:53 [boincserver] Finished upload of exp_20260917T084802Z_sjf_medium_1_0_r1574281214_0
client-cluster-2-1  | 17-Sep-2026 09:08:56 [boincserver] Computation for task exp_20260917T084802Z_sjf_medium_8_0 finished
client-phone-1      | 17-Sep-2026 09:07:56 [boincserver] Starting task exp_20260917T084802Z_sjf_short_4_0
client-phone-1      | 17-Sep-2026 09:08:02 [boincserver] Sending scheduler request: To fetch work.
client-phone-1      | 17-Sep-2026 09:08:02 [boincserver] Requesting new tasks for CPU
client-phone-1      | 17-Sep-2026 09:08:04 [boincserver] Computation for task exp_20260917T084802Z_sjf_short_4_0 finished
mysql-1             | 2026-09-17  9:06:12 10 [Warning] 'proxies_priv' entry '@% root@154d12b04d11' ignored in --skip-name-resolve mode.
mysql-1             | 
client-cluster-1    | 17-Sep-2026 09:08:28 [boincserver] Starting task exp_20260917T084802Z_sjf_medium_12_0
client-cluster-1    | 17-Sep-2026 09:08:28 [boincserver] Starting task exp_20260917T084802Z_sjf_long_1_0
client-cluster-1    | 17-Sep-2026 09:08:28 [boincserver] Starting task exp_20260917T084802Z_sjf_medium_4_0
client-cluster-1    | 17-Sep-2026 09:08:39 [boincserver] Sending scheduler request: To report completed tasks.
client-cluster-1    | 17-Sep-2026 09:08:39 [boincserver] Reporting 4 completed tasks
mysql-1             | 2026-09-17  9:06:12 0 [Note] mysqld (initiated by: unknown): Normal shutdown
mysql-1             | 2026-09-17  9:06:12 0 [Note] Event Scheduler: Purging the queue. 0 events
mysql-1             | 2026-09-17  9:06:12 0 [Note] InnoDB: FTS optimize thread exiting.
mysql-1             | 2026-09-17  9:06:12 0 [Note] InnoDB: Starting shutdown...
mysql-1             | 2026-09-17  9:06:12 0 [Note] InnoDB: Dumping buffer pool(s) to /var/lib/mysql/ib_buffer_pool
mysql-1             | 2026-09-17  9:06:12 0 [Note] InnoDB: Buffer pool(s) dump completed at 260917  9:06:12
mysql-1             | 2026-09-17  9:06:13 0 [Note] InnoDB: Shutdown completed; log sequence number 1630824; transaction id 24
mysql-1             | 2026-09-17  9:06:13 0 [Note] InnoDB: Removed temporary tablespace data file: "ibtmp1"
mysql-1             | 2026-09-17  9:06:13 0 [Note] mysqld: Shutdown complete
mysql-1             | 
mysql-1             | 
mysql-1             | MySQL init process done. Ready for start up.
mysql-1             | 
mysql-1             | 2026-09-17  9:06:13 0 [Note] mysqld (mysqld 10.3.8-MariaDB-1:10.3.8+maria~bionic) starting as process 1 ...
client-cluster-2-1  | 17-Sep-2026 09:08:56 [boincserver] Starting task exp_20260917T084802Z_sjf_long_6_0
client-cluster-2-1  | 17-Sep-2026 09:08:57 [boincserver] Computation for task exp_20260917T084802Z_sjf_medium_7_0 finished
client-cluster-2-1  | 17-Sep-2026 09:08:58 [boincserver] Started upload of exp_20260917T084802Z_sjf_medium_8_0_r440803310_0
client-cluster-2-1  | 17-Sep-2026 09:08:58 [boincserver] Computation for task exp_20260917T084802Z_sjf_medium_9_0 finished
client-cluster-2-1  | 17-Sep-2026 09:08:59 [boincserver] Started upload of exp_20260917T084802Z_sjf_medium_7_0_r792869021_0
client-phone-1      | 17-Sep-2026 09:08:06 [boincserver] Started upload of exp_20260917T084802Z_sjf_short_4_0_r1235437820_0
client-phone-1      | 17-Sep-2026 09:08:08 [boincserver] Finished upload of exp_20260917T084802Z_sjf_short_4_0_r1235437820_0
client-phone-1      | 17-Sep-2026 09:08:09 [boincserver] Scheduler request completed: got 1 new tasks
client-phone-1      | 17-Sep-2026 09:08:09 [boincserver] Project requested delay of 7 seconds
client-phone-1      | 17-Sep-2026 09:08:11 [boincserver] Elapsed time limit 50.000000 < 120.000000; setting to 43200.000000
client-phone-1      | 17-Sep-2026 09:08:11 [boincserver] Starting task exp_20260917T084802Z_sjf_short_9_0
mysql-1             | 2026-09-17  9:06:13 0 [Note] InnoDB: Using Linux native AIO
mysql-1             | 2026-09-17  9:06:13 0 [Note] InnoDB: Mutexes and rw_locks use GCC atomic builtins
mysql-1             | 2026-09-17  9:06:13 0 [Note] InnoDB: Uses event mutexes
mysql-1             | 2026-09-17  9:06:13 0 [Note] InnoDB: Compressed tables use zlib 1.2.11
mysql-1             | 2026-09-17  9:06:13 0 [Note] InnoDB: Number of pools: 1
mysql-1             | 2026-09-17  9:06:13 0 [Note] InnoDB: Using generic crc32 instructions
mysql-1             | 2026-09-17  9:06:13 0 [Note] InnoDB: Initializing buffer pool, total size = 256M, instances = 1, chunk size = 128M
mysql-1             | 2026-09-17  9:06:13 0 [Note] InnoDB: Completed initialization of buffer pool
client-desktop-1    | 17-Sep-2026 09:08:04 [boincserver] Scheduler request completed: got 2 new tasks
client-desktop-1    | 17-Sep-2026 09:08:04 [boincserver] Project requested delay of 7 seconds
client-desktop-1    | 17-Sep-2026 09:08:06 [boincserver] Started upload of exp_20260917T084802Z_sjf_short_3_0_r1917914148_0
client-desktop-1    | 17-Sep-2026 09:08:06 [boincserver] Elapsed time limit 50.000000 < 120.000000; setting to 43200.000000
client-desktop-1    | 17-Sep-2026 09:08:06 [boincserver] Elapsed time limit 50.000000 < 120.000000; setting to 43200.000000
client-desktop-1    | 17-Sep-2026 09:08:06 [boincserver] Starting task exp_20260917T084802Z_sjf_short_10_0
client-desktop-1    | 17-Sep-2026 09:08:06 [boincserver] Starting task exp_20260917T084802Z_sjf_short_11_0
client-phone-2-1    | 17-Sep-2026 09:07:52 [boincserver] Scheduler request completed: got 1 new tasks
client-phone-2-1    | 17-Sep-2026 09:07:52 [boincserver] Project requested delay of 7 seconds
client-phone-2-1    | 17-Sep-2026 09:07:54 [boincserver] Started download of hybrid_synthetic_1.0_aarch64-unknown-linux-gnu
mysql-1             | 2026-09-17  9:06:13 0 [Note] InnoDB: If the mysqld execution user is authorized, page cleaner thread priority can be changed. See the man page of setpriority().
mysql-1             | 2026-09-17  9:06:13 0 [Note] InnoDB: 128 out of 128 rollback segments are active.
mysql-1             | 2026-09-17  9:06:13 0 [Note] InnoDB: Creating shared tablespace for temporary tables
client-phone-1      | 17-Sep-2026 09:08:19 [boincserver] Sending scheduler request: To report completed tasks.
client-phone-1      | 17-Sep-2026 09:08:19 [boincserver] Reporting 1 completed tasks
client-phone-1      | 17-Sep-2026 09:08:19 [boincserver] Requesting new tasks for CPU
client-phone-1      | 17-Sep-2026 09:08:20 [boincserver] Computation for task exp_20260917T084802Z_sjf_short_9_0 finished
client-desktop-1    | 17-Sep-2026 09:08:08 [boincserver] Finished upload of exp_20260917T084802Z_sjf_short_3_0_r1917914148_0
client-desktop-1    | 17-Sep-2026 09:08:14 [boincserver] Computation for task exp_20260917T084802Z_sjf_short_10_0 finished
client-desktop-1    | 17-Sep-2026 09:08:14 [boincserver] Sending scheduler request: To report completed tasks.
client-desktop-1    | 17-Sep-2026 09:08:14 [boincserver] Reporting 1 completed tasks
client-phone-2-1    | 17-Sep-2026 09:07:54 [boincserver] Started download of hybrid_synthetic_input.txt
client-phone-2-1    | 17-Sep-2026 09:07:56 [boincserver] Finished download of hybrid_synthetic_1.0_aarch64-unknown-linux-gnu
client-phone-2-1    | 17-Sep-2026 09:07:56 [boincserver] Finished download of hybrid_synthetic_input.txt
client-phone-2-1    | 17-Sep-2026 09:07:56 [boincserver] Elapsed time limit 50.000000 < 120.000000; setting to 43200.000000
client-phone-2-1    | 17-Sep-2026 09:07:56 [boincserver] Starting task exp_20260917T084802Z_sjf_short_5_0
client-cluster-2-1  | 17-Sep-2026 09:09:00 [boincserver] Finished upload of exp_20260917T084802Z_sjf_medium_8_0_r440803310_0
client-cluster-2-1  | 17-Sep-2026 09:09:00 [boincserver] Finished upload of exp_20260917T084802Z_sjf_medium_7_0_r792869021_0
client-cluster-2-1  | 17-Sep-2026 09:09:00 [boincserver] Started upload of exp_20260917T084802Z_sjf_medium_9_0_r898457292_0
client-cluster-2-1  | 17-Sep-2026 09:09:00 [boincserver] Sending scheduler request: To fetch work.
client-cluster-2-1  | 17-Sep-2026 09:09:00 [boincserver] Reporting 3 completed tasks
client-cluster-1    | 17-Sep-2026 09:08:39 [boincserver] Requesting new tasks for CPU
client-cluster-1    | 17-Sep-2026 09:08:41 [boincserver] Scheduler request completed: got 0 new tasks
client-cluster-1    | 17-Sep-2026 09:08:41 [boincserver] Project has no tasks available
client-cluster-1    | 17-Sep-2026 09:08:41 [boincserver] Project requested delay of 7 seconds
client-cluster-2-1  | 17-Sep-2026 09:09:00 [boincserver] Requesting new tasks for CPU
client-cluster-2-1  | 17-Sep-2026 09:09:02 [boincserver] Finished upload of exp_20260917T084802Z_sjf_medium_9_0_r898457292_0
client-phone-2-1    | 17-Sep-2026 09:08:02 [boincserver] Sending scheduler request: To fetch work.
client-phone-2-1    | 17-Sep-2026 09:08:02 [boincserver] Requesting new tasks for CPU
client-phone-2-1    | 17-Sep-2026 09:08:04 [boincserver] Computation for task exp_20260917T084802Z_sjf_short_5_0 finished
client-phone-2-1    | 17-Sep-2026 09:08:04 [boincserver] Scheduler request completed: got 1 new tasks
client-desktop-1    | 17-Sep-2026 09:08:14 [boincserver] Requesting new tasks for CPU
client-desktop-1    | 17-Sep-2026 09:08:15 [boincserver] Computation for task exp_20260917T084802Z_sjf_short_11_0 finished
client-desktop-1    | 17-Sep-2026 09:08:16 [boincserver] Started upload of exp_20260917T084802Z_sjf_short_10_0_r431810026_0
client-desktop-1    | 17-Sep-2026 09:08:17 [boincserver] Started upload of exp_20260917T084802Z_sjf_short_11_0_r1898948171_0
client-desktop-1    | 17-Sep-2026 09:08:18 [boincserver] Finished upload of exp_20260917T084802Z_sjf_short_10_0_r431810026_0
client-phone-1      | 17-Sep-2026 09:08:21 [boincserver] Scheduler request completed: got 1 new tasks
client-phone-1      | 17-Sep-2026 09:08:21 [boincserver] Project requested delay of 7 seconds
client-phone-1      | 17-Sep-2026 09:08:22 [boincserver] Started upload of exp_20260917T084802Z_sjf_short_9_0_r885688570_0
client-phone-1      | 17-Sep-2026 09:08:23 [boincserver] Starting task exp_20260917T084802Z_sjf_medium_11_0
client-phone-1      | 17-Sep-2026 09:08:24 [boincserver] Finished upload of exp_20260917T084802Z_sjf_short_9_0_r885688570_0
client-phone-1      | 17-Sep-2026 09:08:31 [boincserver] Sending scheduler request: To report completed tasks.
client-cluster-1    | 17-Sep-2026 09:08:51 [boincserver] Sending scheduler request: To fetch work.
client-cluster-1    | 17-Sep-2026 09:08:51 [boincserver] Requesting new tasks for CPU
client-cluster-1    | 17-Sep-2026 09:08:58 [boincserver] Scheduler request completed: got 0 new tasks
client-cluster-1    | 17-Sep-2026 09:08:58 [boincserver] Project has no tasks available
client-phone-2-1    | 17-Sep-2026 09:08:04 [boincserver] Project requested delay of 7 seconds
client-phone-2-1    | 17-Sep-2026 09:08:06 [boincserver] Started upload of exp_20260917T084802Z_sjf_short_5_0_r229982845_0
client-phone-2-1    | 17-Sep-2026 09:08:06 [boincserver] Elapsed time limit 50.000000 < 120.000000; setting to 43200.000000
client-desktop-1    | 17-Sep-2026 09:08:18 [boincserver] Finished upload of exp_20260917T084802Z_sjf_short_11_0_r1898948171_0
client-desktop-1    | 17-Sep-2026 09:08:21 [boincserver] Scheduler request completed: got 2 new tasks
client-desktop-1    | 17-Sep-2026 09:08:21 [boincserver] Project requested delay of 7 seconds
client-desktop-1    | 17-Sep-2026 09:08:23 [boincserver] Starting task exp_20260917T084802Z_sjf_medium_5_0
client-desktop-1    | 17-Sep-2026 09:08:23 [boincserver] Starting task exp_20260917T084802Z_sjf_medium_2_0
client-desktop-1    | 17-Sep-2026 09:08:31 [boincserver] Sending scheduler request: To report completed tasks.
client-cluster-2-1  | 17-Sep-2026 09:09:02 [boincserver] Scheduler request completed: got 0 new tasks
client-cluster-2-1  | 17-Sep-2026 09:09:02 [boincserver] Project has no tasks available
client-cluster-2-1  | 17-Sep-2026 09:09:02 [boincserver] Project requested delay of 7 seconds
client-cluster-2-1  | 17-Sep-2026 09:09:12 [boincserver] Sending scheduler request: To report completed tasks.
client-phone-1      | 17-Sep-2026 09:08:31 [boincserver] Reporting 1 completed tasks
client-phone-1      | 17-Sep-2026 09:08:31 [boincserver] Requesting new tasks for CPU
client-phone-1      | 17-Sep-2026 09:08:33 [boincserver] Scheduler request completed: got 0 new tasks
client-phone-1      | 17-Sep-2026 09:08:33 [boincserver] Project has no tasks available
client-phone-1      | 17-Sep-2026 09:08:33 [boincserver] Project requested delay of 7 seconds
client-phone-1      | 17-Sep-2026 09:08:43 [boincserver] Sending scheduler request: To fetch work.
client-phone-1      | 17-Sep-2026 09:08:43 [boincserver] Requesting new tasks for CPU
client-phone-1      | 17-Sep-2026 09:08:45 [boincserver] Scheduler request completed: got 0 new tasks
client-phone-1      | 17-Sep-2026 09:08:45 [boincserver] Project has no tasks available
client-phone-1      | 17-Sep-2026 09:08:45 [boincserver] Project requested delay of 7 seconds
client-phone-1      | 17-Sep-2026 09:08:57 [boincserver] Computation for task exp_20260917T084802Z_sjf_medium_11_0 finished
client-phone-1      | 17-Sep-2026 09:08:59 [boincserver] Started upload of exp_20260917T084802Z_sjf_medium_11_0_r1455071686_0
client-phone-1      | 17-Sep-2026 09:09:01 [boincserver] Finished upload of exp_20260917T084802Z_sjf_medium_11_0_r1455071686_0
client-cluster-2-1  | 17-Sep-2026 09:09:12 [boincserver] Reporting 1 completed tasks
client-cluster-2-1  | 17-Sep-2026 09:09:12 [boincserver] Requesting new tasks for CPU
client-phone-2-1    | 17-Sep-2026 09:08:06 [boincserver] Starting task exp_20260917T084802Z_sjf_short_7_0
client-phone-2-1    | 17-Sep-2026 09:08:08 [boincserver] Finished upload of exp_20260917T084802Z_sjf_short_5_0_r229982845_0
client-phone-2-1    | 17-Sep-2026 09:08:14 [boincserver] Sending scheduler request: To report completed tasks.
client-phone-2-1    | 17-Sep-2026 09:08:14 [boincserver] Reporting 1 completed tasks
client-phone-2-1    | 17-Sep-2026 09:08:14 [boincserver] Requesting new tasks for CPU
client-cluster-2-1  | 17-Sep-2026 09:09:14 [boincserver] Scheduler request completed: got 0 new tasks
client-cluster-2-1  | 17-Sep-2026 09:09:14 [boincserver] Project has no tasks available
client-cluster-1    | 17-Sep-2026 09:08:58 [boincserver] Project requested delay of 7 seconds
client-cluster-1    | 17-Sep-2026 09:09:00 [boincserver] Computation for task exp_20260917T084802Z_sjf_medium_4_0 finished
client-cluster-1    | 17-Sep-2026 09:09:01 [boincserver] Computation for task exp_20260917T084802Z_sjf_medium_12_0 finished
client-cluster-1    | 17-Sep-2026 09:09:02 [boincserver] Started upload of exp_20260917T084802Z_sjf_medium_4_0_r1016632135_0
client-cluster-1    | 17-Sep-2026 09:09:03 [boincserver] Started upload of exp_20260917T084802Z_sjf_medium_12_0_r1137494352_0
client-cluster-1    | 17-Sep-2026 09:09:04 [boincserver] Finished upload of exp_20260917T084802Z_sjf_medium_4_0_r1016632135_0
client-cluster-1    | 17-Sep-2026 09:09:04 [boincserver] Finished upload of exp_20260917T084802Z_sjf_medium_12_0_r1137494352_0
client-cluster-1    | 17-Sep-2026 09:09:08 [boincserver] Sending scheduler request: To report completed tasks.
client-cluster-1    | 17-Sep-2026 09:09:08 [boincserver] Reporting 2 completed tasks
client-cluster-1    | 17-Sep-2026 09:09:08 [boincserver] Requesting new tasks for CPU
client-cluster-1    | 17-Sep-2026 09:09:10 [boincserver] Scheduler request completed: got 0 new tasks
client-cluster-1    | 17-Sep-2026 09:09:10 [boincserver] Project has no tasks available
client-cluster-1    | 17-Sep-2026 09:09:10 [boincserver] Project requested delay of 7 seconds
client-phone-1      | 17-Sep-2026 09:09:05 [boincserver] Sending scheduler request: To report completed tasks.
client-phone-1      | 17-Sep-2026 09:09:05 [boincserver] Reporting 1 completed tasks
client-phone-1      | 17-Sep-2026 09:09:05 [boincserver] Requesting new tasks for CPU
client-phone-1      | 17-Sep-2026 09:09:07 [boincserver] Scheduler request completed: got 0 new tasks
client-phone-1      | 17-Sep-2026 09:09:07 [boincserver] Project has no tasks available
client-phone-1      | 17-Sep-2026 09:09:07 [boincserver] Project requested delay of 7 seconds
client-phone-1      | 17-Sep-2026 09:09:19 [boincserver] Sending scheduler request: To fetch work.
client-phone-1      | 17-Sep-2026 09:09:19 [boincserver] Requesting new tasks for CPU
client-phone-1      | 17-Sep-2026 09:09:21 [boincserver] Scheduler request completed: got 0 new tasks
client-phone-1      | 17-Sep-2026 09:09:21 [boincserver] Project has no tasks available
client-phone-1      | 17-Sep-2026 09:09:21 [boincserver] Project requested delay of 7 seconds
client-cluster-1    | 17-Sep-2026 09:09:20 [boincserver] Sending scheduler request: To fetch work.
client-cluster-1    | 17-Sep-2026 09:09:20 [boincserver] Requesting new tasks for CPU
client-cluster-1    | 17-Sep-2026 09:09:22 [boincserver] Scheduler request completed: got 0 new tasks
client-cluster-1    | 17-Sep-2026 09:09:22 [boincserver] Project has no tasks available
client-cluster-1    | 17-Sep-2026 09:09:22 [boincserver] Project requested delay of 7 seconds
client-cluster-1    | 17-Sep-2026 09:10:31 [boincserver] Computation for task exp_20260917T084802Z_sjf_long_2_0 finished
client-cluster-1    | 17-Sep-2026 09:10:32 [boincserver] Computation for task exp_20260917T084802Z_sjf_long_1_0 finished
client-cluster-1    | 17-Sep-2026 09:10:33 [boincserver] Started upload of exp_20260917T084802Z_sjf_long_2_0_r1745890184_0
client-cluster-1    | 17-Sep-2026 09:10:34 [boincserver] Started upload of exp_20260917T084802Z_sjf_long_1_0_r804132433_0
client-cluster-1    | 17-Sep-2026 09:10:35 [boincserver] Finished upload of exp_20260917T084802Z_sjf_long_2_0_r1745890184_0
client-cluster-2-1  | 17-Sep-2026 09:09:14 [boincserver] Project requested delay of 7 seconds
client-cluster-2-1  | 17-Sep-2026 09:09:22 [boincserver] Computation for task exp_20260917T084802Z_sjf_medium_10_0 finished
client-cluster-2-1  | 17-Sep-2026 09:09:24 [boincserver] Started upload of exp_20260917T084802Z_sjf_medium_10_0_r378564303_0
client-cluster-2-1  | 17-Sep-2026 09:09:26 [boincserver] Finished upload of exp_20260917T084802Z_sjf_medium_10_0_r378564303_0
client-cluster-2-1  | 17-Sep-2026 09:09:30 [boincserver] Sending scheduler request: To report completed tasks.
client-cluster-2-1  | 17-Sep-2026 09:09:30 [boincserver] Reporting 1 completed tasks
client-desktop-1    | 17-Sep-2026 09:08:31 [boincserver] Reporting 2 completed tasks
client-desktop-1    | 17-Sep-2026 09:08:31 [boincserver] Requesting new tasks for CPU
client-desktop-1    | 17-Sep-2026 09:08:38 [boincserver] Scheduler request completed: got 1 new tasks
client-desktop-1    | 17-Sep-2026 09:08:38 [boincserver] Project requested delay of 7 seconds
client-cluster-2-1  | 17-Sep-2026 09:09:30 [boincserver] Requesting new tasks for CPU
client-cluster-2-1  | 17-Sep-2026 09:09:32 [boincserver] Scheduler request completed: got 0 new tasks
client-cluster-2-1  | 17-Sep-2026 09:09:32 [boincserver] Project has no tasks available
mysql-1             | 2026-09-17  9:06:13 0 [Note] InnoDB: Setting file './ibtmp1' size to 12 MB. Physically writing the file full; Please wait ...
mysql-1             | 2026-09-17  9:06:13 0 [Note] InnoDB: File './ibtmp1' size is now 12 MB.
mysql-1             | 2026-09-17  9:06:13 0 [Note] InnoDB: 10.3.8 started; log sequence number 1630824; transaction id 21
mysql-1             | 2026-09-17  9:06:13 0 [Note] InnoDB: Loading buffer pool(s) from /var/lib/mysql/ib_buffer_pool
mysql-1             | 2026-09-17  9:06:13 0 [Note] Plugin 'FEEDBACK' is disabled.
mysql-1             | 2026-09-17  9:06:13 0 [Note] InnoDB: Buffer pool(s) load completed at 260917  9:06:13
mysql-1             | 2026-09-17  9:06:13 0 [Note] Server socket created on IP: '::'.
mysql-1             | 2026-09-17  9:06:13 0 [Warning] 'proxies_priv' entry '@% root@154d12b04d11' ignored in --skip-name-resolve mode.
mysql-1             | 2026-09-17  9:06:13 0 [Note] Reading of all Master_info entries succeded
mysql-1             | 2026-09-17  9:06:13 0 [Note] Added new Master_info '' to hash table
mysql-1             | 2026-09-17  9:06:13 0 [Note] mysqld: ready for connections.
mysql-1             | Version: '10.3.8-MariaDB-1:10.3.8+maria~bionic'  socket: '/var/run/mysqld/mysqld.sock'  port: 3306  mariadb.org binary distribution
mysql-1             | 2026-09-17  9:06:13 8 [Warning] Access denied for user 'boincadm'@'172.21.0.3' (using password: NO)
mysql-1             | 2026-09-17  9:06:30 18 [Warning] Aborted connection 18 to db: 'boincserver' user: 'root' host: '172.21.0.4' (Got an error reading communication packets)
client-desktop-1    | 17-Sep-2026 09:08:48 [boincserver] Sending scheduler request: To fetch work.
client-desktop-1    | 17-Sep-2026 09:08:48 [boincserver] Requesting new tasks for CPU
client-desktop-1    | 17-Sep-2026 09:08:50 [boincserver] Scheduler request completed: got 0 new tasks
client-desktop-1    | 17-Sep-2026 09:08:50 [boincserver] Project has no tasks available
client-cluster-2-1  | 17-Sep-2026 09:09:32 [boincserver] Project requested delay of 7 seconds
client-cluster-2-1  | 17-Sep-2026 09:09:41 [boincserver] Sending scheduler request: To fetch work.
client-cluster-2-1  | 17-Sep-2026 09:09:41 [boincserver] Requesting new tasks for CPU
client-cluster-2-1  | 17-Sep-2026 09:09:43 [boincserver] Scheduler request completed: got 0 new tasks
client-desktop-1    | 17-Sep-2026 09:08:50 [boincserver] Project requested delay of 7 seconds
client-desktop-1    | 17-Sep-2026 09:09:01 [boincserver] Computation for task exp_20260917T084802Z_sjf_medium_2_0 finished
client-desktop-1    | 17-Sep-2026 09:09:01 [boincserver] Starting task exp_20260917T084802Z_sjf_long_5_0
client-desktop-1    | 17-Sep-2026 09:09:02 [boincserver] Computation for task exp_20260917T084802Z_sjf_medium_5_0 finished
client-desktop-1    | 17-Sep-2026 09:09:03 [boincserver] Started upload of exp_20260917T084802Z_sjf_medium_2_0_r349055889_0
client-desktop-1    | 17-Sep-2026 09:09:04 [boincserver] Started upload of exp_20260917T084802Z_sjf_medium_5_0_r1866885864_0
client-desktop-1    | 17-Sep-2026 09:09:05 [boincserver] Finished upload of exp_20260917T084802Z_sjf_medium_2_0_r349055889_0
client-desktop-1    | 17-Sep-2026 09:09:05 [boincserver] Finished upload of exp_20260917T084802Z_sjf_medium_5_0_r1866885864_0
client-desktop-1    | 17-Sep-2026 09:09:09 [boincserver] Sending scheduler request: To report completed tasks.
client-desktop-1    | 17-Sep-2026 09:09:09 [boincserver] Reporting 2 completed tasks
client-desktop-1    | 17-Sep-2026 09:09:09 [boincserver] Requesting new tasks for CPU
client-cluster-2-1  | 17-Sep-2026 09:09:43 [boincserver] Project has no tasks available
client-cluster-2-1  | 17-Sep-2026 09:09:43 [boincserver] Project requested delay of 7 seconds
client-cluster-2-1  | 17-Sep-2026 09:10:59 [boincserver] Computation for task exp_20260917T084802Z_sjf_long_6_0 finished
mysql-1             | 2026-09-17  9:06:30 19 [Warning] Aborted connection 19 to db: 'boincserver' user: 'root' host: '172.21.0.4' (Got an error reading communication packets)
mysql-1             | 2026-09-17  9:06:30 16 [Warning] Aborted connection 16 to db: 'boincserver' user: 'root' host: '172.21.0.4' (Got an error reading communication packets)
mysql-1             | 2026-09-17  9:10:02 166 [Warning] Aborted connection 166 to db: 'boincserver' user: 'root' host: '172.21.0.4' (Got an error reading communication packets)
client-phone-2-1    | 17-Sep-2026 09:08:15 [boincserver] Computation for task exp_20260917T084802Z_sjf_short_7_0 finished
client-phone-2-1    | 17-Sep-2026 09:08:16 [boincserver] Scheduler request completed: got 1 new tasks
client-phone-2-1    | 17-Sep-2026 09:08:16 [boincserver] Project requested delay of 7 seconds
client-phone-2-1    | 17-Sep-2026 09:08:17 [boincserver] Started upload of exp_20260917T084802Z_sjf_short_7_0_r244740925_0
client-desktop-1    | 17-Sep-2026 09:09:16 [boincserver] Scheduler request completed: got 0 new tasks
client-desktop-1    | 17-Sep-2026 09:09:16 [boincserver] Project has no tasks available
client-desktop-1    | 17-Sep-2026 09:09:16 [boincserver] Project requested delay of 7 seconds
client-desktop-1    | 17-Sep-2026 09:09:26 [boincserver] Sending scheduler request: To fetch work.
client-desktop-1    | 17-Sep-2026 09:09:26 [boincserver] Requesting new tasks for CPU
client-desktop-1    | 17-Sep-2026 09:09:28 [boincserver] Scheduler request completed: got 0 new tasks
client-desktop-1    | 17-Sep-2026 09:09:28 [boincserver] Project has no tasks available
client-desktop-1    | 17-Sep-2026 09:09:28 [boincserver] Project requested delay of 7 seconds
client-desktop-1    | 17-Sep-2026 09:11:05 [boincserver] Computation for task exp_20260917T084802Z_sjf_long_5_0 finished
client-desktop-1    | 17-Sep-2026 09:11:07 [boincserver] Started upload of exp_20260917T084802Z_sjf_long_5_0_r279954527_0
client-desktop-1    | 17-Sep-2026 09:11:09 [boincserver] Finished upload of exp_20260917T084802Z_sjf_long_5_0_r279954527_0
client-desktop-1    | 17-Sep-2026 09:11:11 [boincserver] Sending scheduler request: To report completed tasks.
client-cluster-2-1  | 17-Sep-2026 09:11:01 [boincserver] Started upload of exp_20260917T084802Z_sjf_long_6_0_r1137284773_0
client-cluster-2-1  | 17-Sep-2026 09:11:03 [boincserver] Finished upload of exp_20260917T084802Z_sjf_long_6_0_r1137284773_0
client-cluster-2-1  | 17-Sep-2026 09:11:06 [boincserver] Sending scheduler request: To report completed tasks.
client-cluster-2-1  | 17-Sep-2026 09:11:06 [boincserver] Reporting 1 completed tasks
client-cluster-2-1  | 17-Sep-2026 09:11:06 [boincserver] Requesting new tasks for CPU
mysql-1             | 2026-09-17  9:10:02 168 [Warning] Aborted connection 168 to db: 'boincserver' user: 'root' host: '172.21.0.4' (Got an error reading communication packets)
client-cluster-1    | 17-Sep-2026 09:10:35 [boincserver] Finished upload of exp_20260917T084802Z_sjf_long_1_0_r804132433_0
client-cluster-1    | 17-Sep-2026 09:10:36 [boincserver] Sending scheduler request: To report completed tasks.
client-cluster-1    | 17-Sep-2026 09:10:36 [boincserver] Reporting 2 completed tasks
client-cluster-1    | 17-Sep-2026 09:10:36 [boincserver] Requesting new tasks for CPU
client-cluster-1    | 17-Sep-2026 09:10:43 [boincserver] Scheduler request completed: got 0 new tasks
client-phone-2-1    | 17-Sep-2026 09:08:18 [boincserver] Starting task exp_20260917T084802Z_sjf_medium_3_0
client-phone-2-1    | 17-Sep-2026 09:08:19 [boincserver] Finished upload of exp_20260917T084802Z_sjf_short_7_0_r244740925_0
client-phone-2-1    | 17-Sep-2026 09:08:26 [boincserver] Sending scheduler request: To report completed tasks.
client-phone-2-1    | 17-Sep-2026 09:08:26 [boincserver] Reporting 1 completed tasks
client-phone-2-1    | 17-Sep-2026 09:08:26 [boincserver] Requesting new tasks for CPU
client-phone-2-1    | 17-Sep-2026 09:08:28 [boincserver] Scheduler request completed: got 1 new tasks
client-phone-2-1    | 17-Sep-2026 09:08:28 [boincserver] Project requested delay of 7 seconds
client-cluster-2-1  | 17-Sep-2026 09:11:08 [boincserver] Scheduler request completed: got 0 new tasks
client-cluster-2-1  | 17-Sep-2026 09:11:08 [boincserver] Project has no tasks available
client-desktop-1    | 17-Sep-2026 09:11:11 [boincserver] Reporting 1 completed tasks
client-desktop-1    | 17-Sep-2026 09:11:11 [boincserver] Requesting new tasks for CPU
client-desktop-1    | 17-Sep-2026 09:11:13 [boincserver] Scheduler request completed: got 0 new tasks
client-desktop-1    | 17-Sep-2026 09:11:13 [boincserver] Project has no tasks available
client-desktop-1    | 17-Sep-2026 09:11:13 [boincserver] Project requested delay of 7 seconds
client-cluster-2-1  | 17-Sep-2026 09:11:08 [boincserver] Project requested delay of 7 seconds
client-phone-2-1    | 17-Sep-2026 09:08:38 [boincserver] Sending scheduler request: To fetch work.
client-phone-2-1    | 17-Sep-2026 09:08:38 [boincserver] Requesting new tasks for CPU
client-phone-2-1    | 17-Sep-2026 09:08:40 [boincserver] Scheduler request completed: got 0 new tasks
client-cluster-1    | 17-Sep-2026 09:10:43 [boincserver] Project has no tasks available
client-cluster-1    | 17-Sep-2026 09:10:43 [boincserver] Project requested delay of 7 seconds
client-cluster-1    | 17-Sep-2026 09:10:53 [boincserver] Sending scheduler request: To fetch work.
client-cluster-1    | 17-Sep-2026 09:10:53 [boincserver] Requesting new tasks for CPU
client-cluster-1    | 17-Sep-2026 09:10:59 [boincserver] Scheduler request completed: got 0 new tasks
client-cluster-1    | 17-Sep-2026 09:10:59 [boincserver] Project has no tasks available
client-cluster-1    | 17-Sep-2026 09:10:59 [boincserver] Project requested delay of 7 seconds
client-phone-2-1    | 17-Sep-2026 09:08:40 [boincserver] Project has no tasks available
client-phone-2-1    | 17-Sep-2026 09:08:40 [boincserver] Project requested delay of 7 seconds
client-phone-2-1    | 17-Sep-2026 09:08:53 [boincserver] Computation for task exp_20260917T084802Z_sjf_medium_3_0 finished
client-phone-2-1    | 17-Sep-2026 09:08:53 [boincserver] Starting task exp_20260917T084802Z_sjf_long_3_0
client-phone-2-1    | 17-Sep-2026 09:08:55 [boincserver] Started upload of exp_20260917T084802Z_sjf_medium_3_0_r432517325_0
client-phone-2-1    | 17-Sep-2026 09:08:57 [boincserver] Finished upload of exp_20260917T084802Z_sjf_medium_3_0_r432517325_0
client-phone-2-1    | 17-Sep-2026 09:09:00 [boincserver] Sending scheduler request: To report completed tasks.
client-phone-2-1    | 17-Sep-2026 09:09:00 [boincserver] Reporting 1 completed tasks
client-phone-2-1    | 17-Sep-2026 09:09:00 [boincserver] Requesting new tasks for CPU
client-phone-2-1    | 17-Sep-2026 09:09:02 [boincserver] Scheduler request completed: got 0 new tasks
client-phone-2-1    | 17-Sep-2026 09:09:02 [boincserver] Project has no tasks available
client-phone-2-1    | 17-Sep-2026 09:09:02 [boincserver] Project requested delay of 7 seconds
client-phone-2-1    | 17-Sep-2026 09:09:12 [boincserver] Sending scheduler request: To fetch work.
client-phone-2-1    | 17-Sep-2026 09:09:12 [boincserver] Requesting new tasks for CPU
client-phone-2-1    | 17-Sep-2026 09:09:14 [boincserver] Scheduler request completed: got 0 new tasks
client-phone-2-1    | 17-Sep-2026 09:09:14 [boincserver] Project has no tasks available
client-phone-2-1    | 17-Sep-2026 09:09:14 [boincserver] Project requested delay of 7 seconds
client-phone-2-1    | 17-Sep-2026 09:10:57 [boincserver] Computation for task exp_20260917T084802Z_sjf_long_3_0 finished
client-phone-2-1    | 17-Sep-2026 09:10:59 [boincserver] Started upload of exp_20260917T084802Z_sjf_long_3_0_r1268957384_0
client-phone-2-1    | 17-Sep-2026 09:11:01 [boincserver] Finished upload of exp_20260917T084802Z_sjf_long_3_0_r1268957384_0
client-phone-2-1    | 17-Sep-2026 09:11:01 [boincserver] Sending scheduler request: To report completed tasks.
client-phone-2-1    | 17-Sep-2026 09:11:01 [boincserver] Reporting 1 completed tasks
client-phone-2-1    | 17-Sep-2026 09:11:01 [boincserver] Requesting new tasks for CPU
client-phone-2-1    | 17-Sep-2026 09:11:03 [boincserver] Scheduler request completed: got 0 new tasks
client-phone-2-1    | 17-Sep-2026 09:11:03 [boincserver] Project has no tasks available
client-phone-2-1    | 17-Sep-2026 09:11:03 [boincserver] Project requested delay of 7 seconds
client-phone-2-1    | 17-Sep-2026 09:11:11 [boincserver] Sending scheduler request: To fetch work.
client-phone-2-1    | 17-Sep-2026 09:11:11 [boincserver] Requesting new tasks for CPU
client-phone-2-1    | 17-Sep-2026 09:11:13 [boincserver] Scheduler request completed: got 0 new tasks
client-phone-2-1    | 17-Sep-2026 09:11:13 [boincserver] Project has no tasks available
client-phone-2-1    | 17-Sep-2026 09:11:13 [boincserver] Project requested delay of 7 seconds
