makeproject-1       | Updating project files in data volume...
makeproject-1       | Waiting for MySQL server to start...
makeproject-1       | Creating database...
makeproject-1       | added platform: (create_time, name, user_friendly_name) values (1789579903, 'windows_intelx86', 'Microsoft Windows (98 or later) running on an Intel x86-compatible CPU')
makeproject-1       | added platform: (create_time, name, user_friendly_name) values (1789579903, 'windows_x86_64', 'Microsoft Windows running on an AMD x86_64 or Intel EM64T CPU')
client-cluster-2-1  | 16-Sep-2026 17:33:28 [---] Starting BOINC client version 7.20.5 for aarch64-unknown-linux-gnu
client-cluster-2-1  | 16-Sep-2026 17:33:28 [---] This a development version of BOINC and may not function properly
client-cluster-2-1  | 16-Sep-2026 17:33:28 [---] log flags: file_xfer, sched_ops, task
makeproject-1       | added platform: (create_time, name, user_friendly_name) values (1789579903, 'windows_arm64', 'Microsoft Windows running on ARM 64-bit')
makeproject-1       | added platform: (create_time, name, user_friendly_name) values (1789579903, 'i686-pc-linux-gnu', 'Linux running on an Intel x86-compatible CPU')
makeproject-1       | added platform: (create_time, name, user_friendly_name) values (1789579903, 'x86_64-pc-linux-gnu', 'Linux running on an AMD x86_64 or Intel EM64T CPU')
client-cluster-2-1  | 16-Sep-2026 17:33:28 [---] Libraries: libcurl/7.88.1 OpenSSL/3.0.20 zlib/1.2.13 brotli/1.0.9 zstd/1.5.4 libidn2/2.3.3 libpsl/0.21.2 (+libidn2/2.3.3) libssh2/1.10.0 nghttp2/1.52.0 librtmp/2.3 OpenLDAP/2.5.13
client-phone-2-1    | 16-Sep-2026 17:33:33 [---] Starting BOINC client version 7.20.5 for aarch64-unknown-linux-gnu
client-phone-2-1    | 16-Sep-2026 17:33:33 [---] This a development version of BOINC and may not function properly
client-phone-2-1    | 16-Sep-2026 17:33:33 [---] log flags: file_xfer, sched_ops, task
client-phone-2-1    | 16-Sep-2026 17:33:33 [---] Libraries: libcurl/7.88.1 OpenSSL/3.0.20 zlib/1.2.13 brotli/1.0.9 zstd/1.5.4 libidn2/2.3.3 libpsl/0.21.2 (+libidn2/2.3.3) libssh2/1.10.0 nghttp2/1.52.0 librtmp/2.3 OpenLDAP/2.5.13
client-phone-2-1    | 16-Sep-2026 17:33:33 [---] Data directory: /var/lib/boinc-client
client-phone-2-1    | 16-Sep-2026 17:33:33 [---] No usable GPUs found
client-phone-2-1    | 16-Sep-2026 17:33:33 [---] Creating new client state file
client-cluster-1    | 16-Sep-2026 17:33:28 [---] Starting BOINC client version 7.20.5 for aarch64-unknown-linux-gnu
client-cluster-1    | 16-Sep-2026 17:33:28 [---] This a development version of BOINC and may not function properly
client-cluster-1    | 16-Sep-2026 17:33:28 [---] log flags: file_xfer, sched_ops, task
client-cluster-1    | 16-Sep-2026 17:33:28 [---] Libraries: libcurl/7.88.1 OpenSSL/3.0.20 zlib/1.2.13 brotli/1.0.9 zstd/1.5.4 libidn2/2.3.3 libpsl/0.21.2 (+libidn2/2.3.3) libssh2/1.10.0 nghttp2/1.52.0 librtmp/2.3 OpenLDAP/2.5.13
client-cluster-1    | 16-Sep-2026 17:33:28 [---] Data directory: /var/lib/boinc-client
client-cluster-1    | 16-Sep-2026 17:33:28 [---] No usable GPUs found
client-cluster-1    | 16-Sep-2026 17:33:28 [---] Creating new client state file
client-cluster-1    | 16-Sep-2026 17:33:28 [---] libc:  version 2.36
client-cluster-1    | 16-Sep-2026 17:33:28 [---] Host name: cluster-01
client-cluster-1    | 16-Sep-2026 17:33:28 [---] Processor: 4 ARM  [Impl 0x61 Arch 8 Variant 0x0 Part 0x000 Rev 0]
client-cluster-1    | 16-Sep-2026 17:33:28 [---] Processor features: fp asimd evtstrm aes pmull sha1 sha2 crc32 atomics fphp asimdhp cpuid asimdrdm jscvt fcma lrcpc dcpop sha3 asimddp sha512 asimdfhm dit uscat ilrcpc flagm sb paca pacg dcpodp flagm2 frint i8mm bf16 bti afp
client-desktop-1    | 16-Sep-2026 17:33:28 [---] Starting BOINC client version 7.20.5 for aarch64-unknown-linux-gnu
client-desktop-1    | 16-Sep-2026 17:33:28 [---] This a development version of BOINC and may not function properly
client-cluster-1    | 16-Sep-2026 17:33:28 [---] OS: Linux Debian GNU/Linux: Debian GNU/Linux 12 (bookworm) [6.8.0-100-generic|libc 2.36]
client-cluster-1    | 16-Sep-2026 17:33:28 [---] Memory: 9.69 GB physical, 0 bytes virtual
client-cluster-1    | 16-Sep-2026 17:33:28 [---] Disk: 18.33 GB total, 15.51 GB free
client-cluster-1    | 16-Sep-2026 17:33:28 [---] Local time is UTC +0 hours
client-cluster-1    | 16-Sep-2026 17:33:28 [---] Config: GUI RPC allowed from any host
client-desktop-1    | 16-Sep-2026 17:33:28 [---] log flags: file_xfer, sched_ops, task
client-desktop-1    | 16-Sep-2026 17:33:28 [---] Libraries: libcurl/7.88.1 OpenSSL/3.0.20 zlib/1.2.13 brotli/1.0.9 zstd/1.5.4 libidn2/2.3.3 libpsl/0.21.2 (+libidn2/2.3.3) libssh2/1.10.0 nghttp2/1.52.0 librtmp/2.3 OpenLDAP/2.5.13
client-desktop-1    | 16-Sep-2026 17:33:28 [---] Data directory: /var/lib/boinc-client
client-cluster-2-1  | 16-Sep-2026 17:33:28 [---] Data directory: /var/lib/boinc-client
client-cluster-2-1  | 16-Sep-2026 17:33:28 [---] No usable GPUs found
client-cluster-1    | 16-Sep-2026 17:33:28 [---] Config: simulate 4 CPUs
client-cluster-1    | 16-Sep-2026 17:33:28 [---] Config: report completed tasks immediately
client-cluster-1    | 16-Sep-2026 17:33:28 [---] No general preferences found - using defaults
client-cluster-1    | 16-Sep-2026 17:33:28 [---] Reading preferences override file
client-cluster-1    | 16-Sep-2026 17:33:28 [---] Preferences:
client-cluster-1    | 16-Sep-2026 17:33:28 [---]    max memory usage when active: 8929.14 MB
client-cluster-1    | 16-Sep-2026 17:33:28 [---]    max memory usage when idle: 8929.14 MB
client-low-power-1  | 16-Sep-2026 17:33:28 [---] Starting BOINC client version 7.20.5 for aarch64-unknown-linux-gnu
client-low-power-1  | 16-Sep-2026 17:33:28 [---] This a development version of BOINC and may not function properly
client-low-power-1  | 16-Sep-2026 17:33:28 [---] log flags: file_xfer, sched_ops, task
client-low-power-1  | 16-Sep-2026 17:33:28 [---] Libraries: libcurl/7.88.1 OpenSSL/3.0.20 zlib/1.2.13 brotli/1.0.9 zstd/1.5.4 libidn2/2.3.3 libpsl/0.21.2 (+libidn2/2.3.3) libssh2/1.10.0 nghttp2/1.52.0 librtmp/2.3 OpenLDAP/2.5.13
client-low-power-1  | 16-Sep-2026 17:33:28 [---] Data directory: /var/lib/boinc-client
client-low-power-1  | 16-Sep-2026 17:33:28 [---] No usable GPUs found
client-low-power-1  | 16-Sep-2026 17:33:28 [---] Creating new client state file
client-low-power-1  | 16-Sep-2026 17:33:28 [---] libc:  version 2.36
client-low-power-1  | 16-Sep-2026 17:33:28 [---] Host name: low-power-01
client-phone-1      | 16-Sep-2026 17:33:28 [---] Starting BOINC client version 7.20.5 for aarch64-unknown-linux-gnu
client-phone-1      | 16-Sep-2026 17:33:28 [---] This a development version of BOINC and may not function properly
client-phone-1      | 16-Sep-2026 17:33:28 [---] log flags: file_xfer, sched_ops, task
client-phone-1      | 16-Sep-2026 17:33:28 [---] Libraries: libcurl/7.88.1 OpenSSL/3.0.20 zlib/1.2.13 brotli/1.0.9 zstd/1.5.4 libidn2/2.3.3 libpsl/0.21.2 (+libidn2/2.3.3) libssh2/1.10.0 nghttp2/1.52.0 librtmp/2.3 OpenLDAP/2.5.13
client-low-power-1  | 16-Sep-2026 17:33:28 [---] Processor: 1 ARM  [Impl 0x61 Arch 8 Variant 0x0 Part 0x000 Rev 0]
client-low-power-1  | 16-Sep-2026 17:33:28 [---] Processor features: fp asimd evtstrm aes pmull sha1 sha2 crc32 atomics fphp asimdhp cpuid asimdrdm jscvt fcma lrcpc dcpop sha3 asimddp sha512 asimdfhm dit uscat ilrcpc flagm sb paca pacg dcpodp flagm2 frint i8mm bf16 bti afp
client-low-power-1  | 16-Sep-2026 17:33:28 [---] OS: Linux Debian GNU/Linux: Debian GNU/Linux 12 (bookworm) [6.8.0-100-generic|libc 2.36]
client-low-power-1  | 16-Sep-2026 17:33:28 [---] Memory: 9.69 GB physical, 0 bytes virtual
client-phone-2-1    | 16-Sep-2026 17:33:33 [---] libc:  version 2.36
client-phone-2-1    | 16-Sep-2026 17:33:33 [---] Host name: phone-02
client-phone-2-1    | 16-Sep-2026 17:33:33 [---] Processor: 1 ARM  [Impl 0x61 Arch 8 Variant 0x0 Part 0x000 Rev 0]
client-phone-2-1    | 16-Sep-2026 17:33:33 [---] Processor features: fp asimd evtstrm aes pmull sha1 sha2 crc32 atomics fphp asimdhp cpuid asimdrdm jscvt fcma lrcpc dcpop sha3 asimddp sha512 asimdfhm dit uscat ilrcpc flagm sb paca pacg dcpodp flagm2 frint i8mm bf16 bti afp
client-phone-2-1    | 16-Sep-2026 17:33:33 [---] OS: Linux Debian GNU/Linux: Debian GNU/Linux 12 (bookworm) [6.8.0-100-generic|libc 2.36]
client-phone-2-1    | 16-Sep-2026 17:33:33 [---] Memory: 9.69 GB physical, 0 bytes virtual
client-cluster-1    | dir_open: Could not open directory 'slots' from '/var/lib/boinc-client'.
client-cluster-1    | 16-Sep-2026 17:33:28 [---]    max disk usage: 2.00 GB
client-cluster-1    | 16-Sep-2026 17:33:28 [---]    don't use GPU while active
client-cluster-1    | 16-Sep-2026 17:33:28 [---]    suspend work if non-BOINC CPU load exceeds 25%
client-cluster-2-1  | 16-Sep-2026 17:33:28 [---] Creating new client state file
client-cluster-2-1  | 16-Sep-2026 17:33:28 [---] libc:  version 2.36
client-cluster-2-1  | 16-Sep-2026 17:33:28 [---] Host name: cluster-02
client-phone-2-1    | 16-Sep-2026 17:33:33 [---] Disk: 18.33 GB total, 15.51 GB free
makeproject-1       | added platform: (create_time, name, user_friendly_name) values (1789579903, 'powerpc-apple-darwin', 'Mac OS X 10.3 or later running on Motorola PowerPC')
client-phone-2-1    | 16-Sep-2026 17:33:33 [---] Local time is UTC +0 hours
client-phone-2-1    | 16-Sep-2026 17:33:33 [---] Config: GUI RPC allowed from any host
client-phone-2-1    | 16-Sep-2026 17:33:33 [---] Config: simulate 1 CPUs
client-cluster-1    | 16-Sep-2026 17:33:28 [---]    (to change preferences, visit a project web site or select Preferences in the Manager)
client-phone-2-1    | 16-Sep-2026 17:33:33 [---] Config: report completed tasks immediately
client-phone-2-1    | 16-Sep-2026 17:33:33 [---] No general preferences found - using defaults
client-phone-2-1    | 16-Sep-2026 17:33:33 [---] Reading preferences override file
client-phone-2-1    | 16-Sep-2026 17:33:33 [---] Preferences:
client-phone-2-1    | 16-Sep-2026 17:33:33 [---]    max memory usage when active: 8929.14 MB
client-phone-2-1    | 16-Sep-2026 17:33:33 [---]    max memory usage when idle: 8929.14 MB
client-phone-2-1    | 16-Sep-2026 17:33:33 [---]    max disk usage: 2.00 GB
client-phone-2-1    | 16-Sep-2026 17:33:33 [---]    don't use GPU while active
client-phone-2-1    | 16-Sep-2026 17:33:33 [---]    suspend work if non-BOINC CPU load exceeds 25%
apache-1            | /usr/lib/python2.7/dist-packages/supervisor/options.py:461: UserWarning: Supervisord is running as root and it is searching for its configuration file in default locations (including its current working directory); you probably want to specify a "-c" argument specifying an absolute path to a configuration file for improved security.
apache-1            |   'Supervisord is running as root and it is searching '
apache-1            | 2026-09-16 17:31:32,686 CRIT Supervisor is running as root.  Privileges were not dropped because no user is specified in the config file.  If you intend to run as root, you can set user=root in the config file to avoid this message.
apache-1            | 2026-09-16 17:31:32,686 INFO Included extra file "/etc/supervisor/conf.d/supervisord.conf" during parsing
apache-1            | 2026-09-16 17:31:32,690 INFO RPC interface 'supervisor' initialized
apache-1            | 2026-09-16 17:31:32,690 CRIT Server 'unix_http_server' running without any HTTP authentication checking
apache-1            | 2026-09-16 17:31:32,691 INFO supervisord started with pid 1
client-cluster-1    | 16-Sep-2026 17:33:28 [---] Setting up project and slot directories
client-cluster-1    | 16-Sep-2026 17:33:28 [---] Checking active tasks
client-cluster-1    | 16-Sep-2026 17:33:28 [---] Setting up GUI RPC socket
client-cluster-1    | 16-Sep-2026 17:33:28 [---] Checking presence of 0 project files
client-cluster-1    | 16-Sep-2026 17:33:28 [---] This computer is not attached to any projects
client-cluster-1    | 16-Sep-2026 17:33:28 Initialization completed
client-cluster-1    | dir_open: Could not open directory 'projects/boincserver.local_boincserver' from '/var/lib/boinc-client'.
client-cluster-1    | 16-Sep-2026 17:33:29 [---] No general preferences found - using defaults
client-phone-2-1    | 16-Sep-2026 17:33:33 [---]    (to change preferences, visit a project web site or select Preferences in the Manager)
client-phone-2-1    | 16-Sep-2026 17:33:33 [---] Setting up project and slot directories
client-phone-2-1    | 16-Sep-2026 17:33:33 [---] Checking active tasks
client-phone-2-1    | 16-Sep-2026 17:33:33 [---] Setting up GUI RPC socket
client-phone-2-1    | dir_open: Could not open directory 'slots' from '/var/lib/boinc-client'.
client-phone-2-1    | 16-Sep-2026 17:33:33 [---] Checking presence of 0 project files
client-desktop-1    | 16-Sep-2026 17:33:28 [---] No usable GPUs found
client-desktop-1    | 16-Sep-2026 17:33:28 [---] Creating new client state file
client-desktop-1    | 16-Sep-2026 17:33:28 [---] libc:  version 2.36
client-cluster-1    | 16-Sep-2026 17:33:29 [---] Reading preferences override file
client-cluster-1    | 16-Sep-2026 17:33:29 [---] Preferences:
client-cluster-1    | 16-Sep-2026 17:33:29 [---]    max memory usage when active: 8929.14 MB
apache-1            | 2026-09-16 17:31:33,695 INFO spawned: 'cron' with pid 9
apache-1            | 2026-09-16 17:31:33,696 INFO spawned: 'start' with pid 10
apache-1            | 2026-09-16 17:31:33,696 INFO spawned: 'rsyslogd' with pid 11
apache-1            | 2026-09-16 17:31:33,697 INFO spawned: 'apache2' with pid 12
apache-1            | 2026-09-16 17:31:35,674 INFO success: cron entered RUNNING state, process has stayed up for > than 1 seconds (startsecs)
apache-1            | 2026-09-16 17:31:35,674 INFO success: start entered RUNNING state, process has stayed up for > than 1 seconds (startsecs)
client-phone-1      | 16-Sep-2026 17:33:28 [---] Data directory: /var/lib/boinc-client
client-phone-1      | 16-Sep-2026 17:33:28 [---] No usable GPUs found
client-phone-1      | 16-Sep-2026 17:33:28 [---] Creating new client state file
client-phone-1      | 16-Sep-2026 17:33:28 [---] libc:  version 2.36
client-phone-1      | 16-Sep-2026 17:33:28 [---] Host name: phone-01
client-phone-1      | 16-Sep-2026 17:33:28 [---] Processor: 1 ARM  [Impl 0x61 Arch 8 Variant 0x0 Part 0x000 Rev 0]
client-desktop-1    | 16-Sep-2026 17:33:28 [---] Host name: desktop-01
client-desktop-1    | 16-Sep-2026 17:33:28 [---] Processor: 2 ARM  [Impl 0x61 Arch 8 Variant 0x0 Part 0x000 Rev 0]
client-cluster-2-1  | 16-Sep-2026 17:33:28 [---] Processor: 4 ARM  [Impl 0x61 Arch 8 Variant 0x0 Part 0x000 Rev 0]
client-cluster-2-1  | 16-Sep-2026 17:33:28 [---] Processor features: fp asimd evtstrm aes pmull sha1 sha2 crc32 atomics fphp asimdhp cpuid asimdrdm jscvt fcma lrcpc dcpop sha3 asimddp sha512 asimdfhm dit uscat ilrcpc flagm sb paca pacg dcpodp flagm2 frint i8mm bf16 bti afp
client-cluster-2-1  | 16-Sep-2026 17:33:28 [---] OS: Linux Debian GNU/Linux: Debian GNU/Linux 12 (bookworm) [6.8.0-100-generic|libc 2.36]
client-cluster-2-1  | 16-Sep-2026 17:33:28 [---] Memory: 9.69 GB physical, 0 bytes virtual
makeproject-1       | added platform: (create_time, name, user_friendly_name) values (1789579903, 'i686-apple-darwin', 'Mac OS 10.4 or later running on Intel')
makeproject-1       | added platform: (create_time, name, user_friendly_name) values (1789579903, 'x86_64-apple-darwin', 'Intel 64-bit Mac OS 10.5 or later')
client-phone-1      | 16-Sep-2026 17:33:28 [---] Processor features: fp asimd evtstrm aes pmull sha1 sha2 crc32 atomics fphp asimdhp cpuid asimdrdm jscvt fcma lrcpc dcpop sha3 asimddp sha512 asimdfhm dit uscat ilrcpc flagm sb paca pacg dcpodp flagm2 frint i8mm bf16 bti afp
client-phone-1      | 16-Sep-2026 17:33:28 [---] OS: Linux Debian GNU/Linux: Debian GNU/Linux 12 (bookworm) [6.8.0-100-generic|libc 2.36]
client-phone-1      | 16-Sep-2026 17:33:28 [---] Memory: 9.69 GB physical, 0 bytes virtual
client-phone-1      | 16-Sep-2026 17:33:28 [---] Disk: 18.33 GB total, 15.51 GB free
client-phone-1      | 16-Sep-2026 17:33:28 [---] Local time is UTC +0 hours
mysql-1             | Initializing database
mysql-1             | 
mysql-1             | 
mysql-1             | PLEASE REMEMBER TO SET A PASSWORD FOR THE MariaDB root USER !
mysql-1             | To do so, start the server, then issue the following commands:
mysql-1             | 
mysql-1             | '/usr/bin/mysqladmin' -u root password 'new-password'
mysql-1             | '/usr/bin/mysqladmin' -u root -h  password 'new-password'
mysql-1             | 
mysql-1             | Alternatively you can run:
mysql-1             | '/usr/bin/mysql_secure_installation'
mysql-1             | 
mysql-1             | which will also give you the option of removing the test
mysql-1             | databases and anonymous user created by default.  This is
mysql-1             | strongly recommended for production servers.
client-low-power-1  | 16-Sep-2026 17:33:28 [---] Disk: 18.33 GB total, 15.51 GB free
client-low-power-1  | 16-Sep-2026 17:33:28 [---] Local time is UTC +0 hours
client-low-power-1  | 16-Sep-2026 17:33:28 [---] Config: GUI RPC allowed from any host
client-low-power-1  | 16-Sep-2026 17:33:28 [---] Config: simulate 1 CPUs
client-low-power-1  | 16-Sep-2026 17:33:28 [---] Config: report completed tasks immediately
apache-1            | 2026-09-16 17:31:35,674 INFO success: rsyslogd entered RUNNING state, process has stayed up for > than 1 seconds (startsecs)
apache-1            | 2026-09-16 17:31:35,674 INFO success: apache2 entered RUNNING state, process has stayed up for > than 1 seconds (startsecs)
apache-1            | 2026-09-16 17:31:49,164 INFO reaped unknown pid 64
apache-1            | 2026-09-16 17:31:49,164 INFO reaped unknown pid 66
apache-1            | 2026-09-16 17:31:49,165 INFO reaped unknown pid 68
client-low-power-1  | 16-Sep-2026 17:33:28 [---] No general preferences found - using defaults
client-low-power-1  | 16-Sep-2026 17:33:28 [---] Reading preferences override file
makeproject-1       | added platform: (create_time, name, user_friendly_name) values (1789579903, 'arm64-apple-darwin', 'Mac OS running on ARM')
makeproject-1       | added platform: (create_time, name, user_friendly_name) values (1789579903, 'sparc-sun-solaris2.7', 'Solaris 2.7 running on a SPARC-compatible CPU')
client-desktop-1    | 16-Sep-2026 17:33:28 [---] Processor features: fp asimd evtstrm aes pmull sha1 sha2 crc32 atomics fphp asimdhp cpuid asimdrdm jscvt fcma lrcpc dcpop sha3 asimddp sha512 asimdfhm dit uscat ilrcpc flagm sb paca pacg dcpodp flagm2 frint i8mm bf16 bti afp
client-desktop-1    | 16-Sep-2026 17:33:28 [---] OS: Linux Debian GNU/Linux: Debian GNU/Linux 12 (bookworm) [6.8.0-100-generic|libc 2.36]
mysql-1             | 
mysql-1             | See the MariaDB Knowledgebase at http://mariadb.com/kb or the
mysql-1             | MySQL manual for more instructions.
mysql-1             | 
apache-1            | 2026-09-16 17:31:55,700 INFO reaped unknown pid 67
apache-1            | 2026-09-16 17:31:55,700 INFO reaped unknown pid 69
makeproject-1       | added platform: (create_time, name, user_friendly_name) values (1789579903, 'sparc-sun-solaris', 'Solaris 2.8 or later running on a SPARC-compatible CPU')
makeproject-1       | added platform: (create_time, name, user_friendly_name) values (1789579903, 'sparc64-sun-solaris', 'Solaris 2.8 or later running on a SPARC 64-bit CPU')
makeproject-1       | added platform: (create_time, name, user_friendly_name) values (1789579903, 'powerpc64-ps3-linux-gnu', 'Sony Playstation 3 running Linux')
makeproject-1       | added platform: (create_time, name, user_friendly_name) values (1789579903, 'arm-android-linux-gnu', 'Android running on ARM armeabi-v7a')
client-cluster-2-1  | 16-Sep-2026 17:33:28 [---] Disk: 18.33 GB total, 15.51 GB free
client-cluster-2-1  | 16-Sep-2026 17:33:28 [---] Local time is UTC +0 hours
client-cluster-2-1  | 16-Sep-2026 17:33:28 [---] Config: GUI RPC allowed from any host
client-cluster-2-1  | 16-Sep-2026 17:33:28 [---] Config: simulate 4 CPUs
client-phone-1      | 16-Sep-2026 17:33:28 [---] Config: GUI RPC allowed from any host
client-phone-1      | 16-Sep-2026 17:33:28 [---] Config: simulate 1 CPUs
client-phone-1      | 16-Sep-2026 17:33:28 [---] Config: report completed tasks immediately
client-phone-1      | 16-Sep-2026 17:33:28 [---] No general preferences found - using defaults
client-phone-1      | 16-Sep-2026 17:33:28 [---] Reading preferences override file
client-phone-1      | 16-Sep-2026 17:33:28 [---] Preferences:
client-cluster-2-1  | 16-Sep-2026 17:33:28 [---] Config: report completed tasks immediately
client-cluster-2-1  | 16-Sep-2026 17:33:28 [---] No general preferences found - using defaults
client-cluster-2-1  | 16-Sep-2026 17:33:28 [---] Reading preferences override file
client-low-power-1  | 16-Sep-2026 17:33:28 [---] Preferences:
client-low-power-1  | 16-Sep-2026 17:33:28 [---]    max memory usage when active: 8929.14 MB
makeproject-1       | added platform: (create_time, name, user_friendly_name) values (1789579903, 'aarch64-android-linux-gnu', 'Android running on ARM 64-bit arm64-v8a')
makeproject-1       | added platform: (create_time, name, user_friendly_name) values (1789579903, 'x86_64-android-linux-gnu', 'Android running on Intel x64 compatible')
makeproject-1       | added platform: (create_time, name, user_friendly_name) values (1789579903, 'x86-android-linux-gnu', 'Android running on Intel x86 compatible')
makeproject-1       | added platform: (create_time, name, user_friendly_name) values (1789579903, 'arm-unknown-linux-gnueabihf', 'Linux running on ARM, hardware FP')
makeproject-1       | added platform: (create_time, name, user_friendly_name) values (1789579903, 'aarch64-unknown-linux-gnu', 'Linux running on ARM64')
makeproject-1       | added platform: (create_time, name, user_friendly_name) values (1789579903, 'anonymous', 'anonymous')
makeproject-1       | 
client-low-power-1  | 16-Sep-2026 17:33:28 [---]    max memory usage when idle: 8929.14 MB
client-low-power-1  | 16-Sep-2026 17:33:28 [---]    max disk usage: 2.00 GB
client-low-power-1  | 16-Sep-2026 17:33:28 [---]    don't use GPU while active
client-low-power-1  | 16-Sep-2026 17:33:28 [---]    suspend work if non-BOINC CPU load exceeds 25%
client-low-power-1  | 16-Sep-2026 17:33:28 [---]    (to change preferences, visit a project web site or select Preferences in the Manager)
client-low-power-1  | 16-Sep-2026 17:33:28 [---] Setting up project and slot directories
client-low-power-1  | 16-Sep-2026 17:33:28 [---] Checking active tasks
client-cluster-2-1  | 16-Sep-2026 17:33:28 [---] Preferences:
client-cluster-2-1  | 16-Sep-2026 17:33:28 [---]    max memory usage when active: 8929.14 MB
client-cluster-2-1  | 16-Sep-2026 17:33:28 [---]    max memory usage when idle: 8929.14 MB
client-cluster-2-1  | 16-Sep-2026 17:33:28 [---]    max disk usage: 2.00 GB
client-cluster-2-1  | 16-Sep-2026 17:33:28 [---]    don't use GPU while active
client-cluster-2-1  | 16-Sep-2026 17:33:28 [---]    suspend work if non-BOINC CPU load exceeds 25%
client-cluster-2-1  | 16-Sep-2026 17:33:28 [---]    (to change preferences, visit a project web site or select Preferences in the Manager)
client-cluster-2-1  | 16-Sep-2026 17:33:28 [---] Setting up project and slot directories
client-cluster-2-1  | 16-Sep-2026 17:33:28 [---] Checking active tasks
client-cluster-2-1  | 16-Sep-2026 17:33:28 [---] Setting up GUI RPC socket
client-cluster-2-1  | dir_open: Could not open directory 'slots' from '/var/lib/boinc-client'.
client-cluster-2-1  | 16-Sep-2026 17:33:28 [---] Checking presence of 0 project files
client-cluster-2-1  | 16-Sep-2026 17:33:28 [---] This computer is not attached to any projects
client-cluster-2-1  | 16-Sep-2026 17:33:28 Initialization completed
client-cluster-2-1  | dir_open: Could not open directory 'projects/boincserver.local_boincserver' from '/var/lib/boinc-client'.
client-desktop-1    | 16-Sep-2026 17:33:28 [---] Memory: 9.69 GB physical, 0 bytes virtual
client-desktop-1    | 16-Sep-2026 17:33:28 [---] Disk: 18.33 GB total, 15.51 GB free
mysql-1             | Please report any problems at http://mariadb.org/jira
mysql-1             | 
client-phone-1      | dir_open: Could not open directory 'slots' from '/var/lib/boinc-client'.
client-phone-1      | 16-Sep-2026 17:33:28 [---]    max memory usage when active: 8929.14 MB
client-phone-1      | 16-Sep-2026 17:33:28 [---]    max memory usage when idle: 8929.14 MB
client-phone-1      | 16-Sep-2026 17:33:28 [---]    max disk usage: 2.00 GB
client-phone-1      | 16-Sep-2026 17:33:28 [---]    don't use GPU while active
client-desktop-1    | 16-Sep-2026 17:33:28 [---] Local time is UTC +0 hours
client-desktop-1    | 16-Sep-2026 17:33:28 [---] Config: GUI RPC allowed from any host
client-desktop-1    | 16-Sep-2026 17:33:28 [---] Config: simulate 2 CPUs
client-desktop-1    | 16-Sep-2026 17:33:28 [---] Config: report completed tasks immediately
mysql-1             | The latest information about MariaDB is available at http://mariadb.org/.
mysql-1             | You can find additional information about the MySQL part at:
mysql-1             | http://dev.mysql.com
mysql-1             | Consider joining MariaDB's strong and vibrant community:
mysql-1             | https://mariadb.org/get-involved/
mysql-1             | 
mysql-1             | Database initialized
mysql-1             | MySQL init process in progress...
mysql-1             | 2026-09-16 17:31:34 0 [Note] mysqld (mysqld 10.3.8-MariaDB-1:10.3.8+maria~bionic) starting as process 104 ...
mysql-1             | 2026-09-16 17:31:34 0 [Note] InnoDB: Using Linux native AIO
mysql-1             | 2026-09-16 17:31:34 0 [Note] InnoDB: Mutexes and rw_locks use GCC atomic builtins
client-cluster-1    | 16-Sep-2026 17:33:29 [---]    max memory usage when idle: 8929.14 MB
client-cluster-1    | 16-Sep-2026 17:33:29 [---]    max disk usage: 2.00 GB
client-cluster-1    | 16-Sep-2026 17:33:29 [---]    don't use GPU while active
client-cluster-1    | 16-Sep-2026 17:33:29 [---]    suspend work if non-BOINC CPU load exceeds 25%
client-cluster-1    | 16-Sep-2026 17:33:29 [---]    (to change preferences, visit a project web site or select Preferences in the Manager)
client-phone-2-1    | 16-Sep-2026 17:33:33 [---] This computer is not attached to any projects
client-phone-2-1    | 16-Sep-2026 17:33:33 Initialization completed
client-phone-2-1    | dir_open: Could not open directory 'projects/boincserver.local_boincserver' from '/var/lib/boinc-client'.
client-phone-2-1    | 16-Sep-2026 17:33:34 [---] No general preferences found - using defaults
client-cluster-2-1  | 16-Sep-2026 17:33:29 [---] No general preferences found - using defaults
client-cluster-2-1  | 16-Sep-2026 17:33:29 [---] Reading preferences override file
client-cluster-2-1  | 16-Sep-2026 17:33:29 [---] Preferences:
client-cluster-2-1  | 16-Sep-2026 17:33:29 [---]    max memory usage when active: 8929.14 MB
client-phone-1      | 16-Sep-2026 17:33:28 [---]    suspend work if non-BOINC CPU load exceeds 25%
client-phone-1      | 16-Sep-2026 17:33:28 [---]    (to change preferences, visit a project web site or select Preferences in the Manager)
client-desktop-1    | 16-Sep-2026 17:33:28 [---] No general preferences found - using defaults
client-desktop-1    | 16-Sep-2026 17:33:28 [---] Reading preferences override file
client-desktop-1    | 16-Sep-2026 17:33:28 [---] Preferences:
client-desktop-1    | 16-Sep-2026 17:33:28 [---]    max memory usage when active: 8929.14 MB
client-desktop-1    | 16-Sep-2026 17:33:28 [---]    max memory usage when idle: 8929.14 MB
client-cluster-2-1  | 16-Sep-2026 17:33:29 [---]    max memory usage when idle: 8929.14 MB
client-cluster-2-1  | 16-Sep-2026 17:33:29 [---]    max disk usage: 2.00 GB
client-cluster-2-1  | 16-Sep-2026 17:33:29 [---]    don't use GPU while active
client-cluster-2-1  | 16-Sep-2026 17:33:29 [---]    suspend work if non-BOINC CPU load exceeds 25%
client-low-power-1  | 16-Sep-2026 17:33:28 [---] Setting up GUI RPC socket
client-low-power-1  | 16-Sep-2026 17:33:28 [---] Checking presence of 0 project files
client-low-power-1  | 16-Sep-2026 17:33:28 [---] This computer is not attached to any projects
client-low-power-1  | 16-Sep-2026 17:33:28 Initialization completed
client-low-power-1  | dir_open: Could not open directory 'slots' from '/var/lib/boinc-client'.
client-low-power-1  | dir_open: Could not open directory 'projects/boincserver.local_boincserver' from '/var/lib/boinc-client'.
client-low-power-1  | 16-Sep-2026 17:33:29 [---] No general preferences found - using defaults
client-cluster-2-1  | 16-Sep-2026 17:33:29 [---]    (to change preferences, visit a project web site or select Preferences in the Manager)
client-cluster-2-1  | 16-Sep-2026 17:33:33 [http://boincserver.local/boincserver/] Fetching scheduler list
client-cluster-2-1  | 16-Sep-2026 17:33:40 [http://boincserver.local/boincserver/] Master file download succeeded
client-cluster-1    | 16-Sep-2026 17:33:33 [http://boincserver.local/boincserver/] Fetching scheduler list
client-cluster-1    | 16-Sep-2026 17:33:40 [http://boincserver.local/boincserver/] Master file download succeeded
client-cluster-1    | 16-Sep-2026 17:33:45 [http://boincserver.local/boincserver/] Sending scheduler request: Project initialization.
client-cluster-1    | 16-Sep-2026 17:33:45 [http://boincserver.local/boincserver/] Requesting new tasks for CPU
client-cluster-1    | 16-Sep-2026 17:33:52 [boincserver] Scheduler request completed: got 1 new tasks
apache-1            | 2026-09-16 17:31:55,702 INFO reaped unknown pid 65
apache-1            | 2026-09-16 17:32:03,877 INFO reaped unknown pid 154
apache-1            | 2026-09-16 17:32:03,878 INFO reaped unknown pid 156
apache-1            | 2026-09-16 17:32:03,878 INFO reaped unknown pid 158
apache-1            | 2026-09-16 17:32:03,878 INFO reaped unknown pid 160
apache-1            | 2026-09-16 17:32:03,878 INFO reaped unknown pid 162
client-low-power-1  | 16-Sep-2026 17:33:29 [---] Reading preferences override file
client-low-power-1  | 16-Sep-2026 17:33:29 [---] Preferences:
client-low-power-1  | 16-Sep-2026 17:33:29 [---]    max memory usage when active: 8929.14 MB
client-low-power-1  | 16-Sep-2026 17:33:29 [---]    max memory usage when idle: 8929.14 MB
client-low-power-1  | 16-Sep-2026 17:33:29 [---]    max disk usage: 2.00 GB
client-low-power-1  | 16-Sep-2026 17:33:29 [---]    don't use GPU while active
client-low-power-1  | 16-Sep-2026 17:33:29 [---]    suspend work if non-BOINC CPU load exceeds 25%
client-low-power-1  | 16-Sep-2026 17:33:29 [---]    (to change preferences, visit a project web site or select Preferences in the Manager)
client-cluster-1    | 16-Sep-2026 17:33:52 [boincserver] Project requested delay of 7 seconds
client-cluster-1    | 16-Sep-2026 17:33:54 [boincserver] Started download of hybrid_synthetic_1.0_aarch64-unknown-linux-gnu
client-cluster-1    | 16-Sep-2026 17:33:54 [boincserver] Started download of hybrid_synthetic_input.txt
client-cluster-1    | 16-Sep-2026 17:33:56 [boincserver] Finished download of hybrid_synthetic_1.0_aarch64-unknown-linux-gnu
client-cluster-1    | 16-Sep-2026 17:33:56 [boincserver] Finished download of hybrid_synthetic_input.txt
client-cluster-1    | 16-Sep-2026 17:33:56 [boincserver] Elapsed time limit 50.000000 < 120.000000; setting to 43200.000000
client-cluster-1    | 16-Sep-2026 17:33:56 [boincserver] Starting task exp_20260916T165346Z_weighted_least_loaded_short_4_0
client-cluster-1    | 16-Sep-2026 17:34:02 [boincserver] Sending scheduler request: To fetch work.
client-cluster-1    | 16-Sep-2026 17:34:02 [boincserver] Requesting new tasks for CPU
mysql-1             | 2026-09-16 17:31:34 0 [Note] InnoDB: Uses event mutexes
mysql-1             | 2026-09-16 17:31:34 0 [Note] InnoDB: Compressed tables use zlib 1.2.11
mysql-1             | 2026-09-16 17:31:34 0 [Note] InnoDB: Number of pools: 1
mysql-1             | 2026-09-16 17:31:34 0 [Note] InnoDB: Using generic crc32 instructions
mysql-1             | 2026-09-16 17:31:34 0 [Note] InnoDB: Initializing buffer pool, total size = 256M, instances = 1, chunk size = 128M
mysql-1             | 2026-09-16 17:31:34 0 [Note] InnoDB: Completed initialization of buffer pool
mysql-1             | 2026-09-16 17:31:34 0 [Note] InnoDB: If the mysqld execution user is authorized, page cleaner thread priority can be changed. See the man page of setpriority().
mysql-1             | 2026-09-16 17:31:34 0 [Note] InnoDB: 128 out of 128 rollback segments are active.
mysql-1             | 2026-09-16 17:31:34 0 [Note] InnoDB: Creating shared tablespace for temporary tables
mysql-1             | 2026-09-16 17:31:34 0 [Note] InnoDB: Setting file './ibtmp1' size to 12 MB. Physically writing the file full; Please wait ...
mysql-1             | 2026-09-16 17:31:34 0 [Note] InnoDB: File './ibtmp1' size is now 12 MB.
mysql-1             | 2026-09-16 17:31:34 0 [Note] InnoDB: 10.3.8 started; log sequence number 1630815; transaction id 21
apache-1            | 2026-09-16 17:35:01,725 INFO reaped unknown pid 411
apache-1            | 2026-09-16 17:35:01,826 INFO reaped unknown pid 413
apache-1            | 2026-09-16 17:35:01,927 INFO reaped unknown pid 415
apache-1            | 2026-09-16 17:35:02,027 INFO reaped unknown pid 417
client-desktop-1    | dir_open: Could not open directory 'slots' from '/var/lib/boinc-client'.
client-desktop-1    | 16-Sep-2026 17:33:28 [---]    max disk usage: 2.00 GB
client-desktop-1    | 16-Sep-2026 17:33:28 [---]    don't use GPU while active
client-desktop-1    | 16-Sep-2026 17:33:28 [---]    suspend work if non-BOINC CPU load exceeds 25%
client-desktop-1    | 16-Sep-2026 17:33:28 [---]    (to change preferences, visit a project web site or select Preferences in the Manager)
client-desktop-1    | 16-Sep-2026 17:33:28 [---] Setting up project and slot directories
client-desktop-1    | 16-Sep-2026 17:33:28 [---] Checking active tasks
client-desktop-1    | 16-Sep-2026 17:33:28 [---] Setting up GUI RPC socket
client-phone-1      | 16-Sep-2026 17:33:28 [---] Setting up project and slot directories
client-phone-1      | 16-Sep-2026 17:33:28 [---] Checking active tasks
client-phone-1      | 16-Sep-2026 17:33:28 [---] Setting up GUI RPC socket
client-phone-1      | 16-Sep-2026 17:33:28 [---] Checking presence of 0 project files
client-phone-1      | 16-Sep-2026 17:33:28 [---] This computer is not attached to any projects
apache-1            | 2026-09-16 17:35:02,132 INFO reaped unknown pid 419
apache-1            | 2026-09-16 17:35:03,162 INFO reaped unknown pid 410
client-desktop-1    | 16-Sep-2026 17:33:28 [---] Checking presence of 0 project files
client-desktop-1    | 16-Sep-2026 17:33:28 [---] This computer is not attached to any projects
client-desktop-1    | 16-Sep-2026 17:33:28 Initialization completed
client-desktop-1    | dir_open: Could not open directory 'projects/boincserver.local_boincserver' from '/var/lib/boinc-client'.
client-desktop-1    | 16-Sep-2026 17:33:29 [---] No general preferences found - using defaults
client-desktop-1    | 16-Sep-2026 17:33:29 [---] Reading preferences override file
client-desktop-1    | 16-Sep-2026 17:33:29 [---] Preferences:
apache-1            | 2026-09-16 17:35:03,162 INFO reaped unknown pid 412
apache-1            | 2026-09-16 17:35:03,162 INFO reaped unknown pid 414
client-cluster-2-1  | 16-Sep-2026 17:33:45 [http://boincserver.local/boincserver/] Sending scheduler request: Project initialization.
client-cluster-2-1  | 16-Sep-2026 17:33:45 [http://boincserver.local/boincserver/] Requesting new tasks for CPU
client-cluster-2-1  | 16-Sep-2026 17:33:47 [boincserver] Scheduler request completed: got 1 new tasks
client-cluster-2-1  | 16-Sep-2026 17:33:47 [boincserver] Project requested delay of 7 seconds
client-cluster-2-1  | 16-Sep-2026 17:33:49 [boincserver] Started download of hybrid_synthetic_1.0_aarch64-unknown-linux-gnu
client-cluster-2-1  | 16-Sep-2026 17:33:49 [boincserver] Started download of hybrid_synthetic_input.txt
client-cluster-2-1  | 16-Sep-2026 17:33:51 [boincserver] Finished download of hybrid_synthetic_1.0_aarch64-unknown-linux-gnu
client-cluster-2-1  | 16-Sep-2026 17:33:51 [boincserver] Finished download of hybrid_synthetic_input.txt
client-cluster-2-1  | 16-Sep-2026 17:33:51 [boincserver] Elapsed time limit 50.000000 < 120.000000; setting to 43200.000000
client-cluster-2-1  | 16-Sep-2026 17:33:51 [boincserver] Starting task exp_20260916T165346Z_weighted_least_loaded_short_5_0
client-phone-1      | 16-Sep-2026 17:33:28 Initialization completed
client-phone-1      | dir_open: Could not open directory 'projects/boincserver.local_boincserver' from '/var/lib/boinc-client'.
client-phone-1      | 16-Sep-2026 17:33:29 [---] No general preferences found - using defaults
client-desktop-1    | 16-Sep-2026 17:33:29 [---]    max memory usage when active: 8929.14 MB
client-desktop-1    | 16-Sep-2026 17:33:29 [---]    max memory usage when idle: 8929.14 MB
client-desktop-1    | 16-Sep-2026 17:33:29 [---]    max disk usage: 2.00 GB
client-low-power-1  | 16-Sep-2026 17:33:33 [http://boincserver.local/boincserver/] Fetching scheduler list
client-low-power-1  | 16-Sep-2026 17:33:35 [http://boincserver.local/boincserver/] Master file download succeeded
client-low-power-1  | 16-Sep-2026 17:33:40 [http://boincserver.local/boincserver/] Sending scheduler request: Project initialization.
client-low-power-1  | 16-Sep-2026 17:33:40 [http://boincserver.local/boincserver/] Requesting new tasks for CPU
client-phone-2-1    | 16-Sep-2026 17:33:34 [---] Reading preferences override file
client-phone-2-1    | 16-Sep-2026 17:33:34 [---] Preferences:
client-phone-2-1    | 16-Sep-2026 17:33:34 [---]    max memory usage when active: 8929.14 MB
client-phone-2-1    | 16-Sep-2026 17:33:34 [---]    max memory usage when idle: 8929.14 MB
client-phone-2-1    | 16-Sep-2026 17:33:34 [---]    max disk usage: 2.00 GB
client-low-power-1  | 16-Sep-2026 17:33:42 [boincserver] Scheduler request completed: got 1 new tasks
client-low-power-1  | 16-Sep-2026 17:33:42 [boincserver] Project requested delay of 7 seconds
client-low-power-1  | 16-Sep-2026 17:33:44 [boincserver] Started download of hybrid_synthetic_1.0_aarch64-unknown-linux-gnu
client-phone-1      | 16-Sep-2026 17:33:29 [---] Reading preferences override file
client-phone-1      | 16-Sep-2026 17:33:29 [---] Preferences:
client-phone-1      | 16-Sep-2026 17:33:29 [---]    max memory usage when active: 8929.14 MB
client-phone-1      | 16-Sep-2026 17:33:29 [---]    max memory usage when idle: 8929.14 MB
client-phone-1      | 16-Sep-2026 17:33:29 [---]    max disk usage: 2.00 GB
client-phone-1      | 16-Sep-2026 17:33:29 [---]    don't use GPU while active
client-phone-1      | 16-Sep-2026 17:33:29 [---]    suspend work if non-BOINC CPU load exceeds 25%
client-phone-1      | 16-Sep-2026 17:33:29 [---]    (to change preferences, visit a project web site or select Preferences in the Manager)
client-phone-1      | 16-Sep-2026 17:33:33 [http://boincserver.local/boincserver/] Fetching scheduler list
client-phone-1      | 16-Sep-2026 17:33:35 [http://boincserver.local/boincserver/] Master file download succeeded
client-cluster-1    | 16-Sep-2026 17:34:16 [boincserver] Computation for task exp_20260916T165346Z_weighted_least_loaded_short_4_0 finished
client-cluster-1    | 16-Sep-2026 17:34:16 [boincserver] Scheduler request completed: got 4 new tasks
mysql-1             | 2026-09-16 17:31:34 0 [Note] InnoDB: Loading buffer pool(s) from /var/lib/mysql/ib_buffer_pool
mysql-1             | 2026-09-16 17:31:34 0 [Note] Plugin 'FEEDBACK' is disabled.
mysql-1             | 2026-09-16 17:31:34 0 [Note] InnoDB: Buffer pool(s) load completed at 260916 17:31:34
mysql-1             | 2026-09-16 17:31:34 0 [Warning] 'user' entry 'root@86675f5ac945' ignored in --skip-name-resolve mode.
mysql-1             | 2026-09-16 17:31:34 0 [Warning] 'user' entry '@86675f5ac945' ignored in --skip-name-resolve mode.
mysql-1             | 2026-09-16 17:31:34 0 [Warning] 'proxies_priv' entry '@% root@86675f5ac945' ignored in --skip-name-resolve mode.
mysql-1             | 2026-09-16 17:31:34 0 [Note] Reading of all Master_info entries succeded
mysql-1             | 2026-09-16 17:31:34 0 [Note] Added new Master_info '' to hash table
mysql-1             | 2026-09-16 17:31:34 0 [Note] mysqld: ready for connections.
mysql-1             | Version: '10.3.8-MariaDB-1:10.3.8+maria~bionic'  socket: '/var/run/mysqld/mysqld.sock'  port: 0  mariadb.org binary distribution
mysql-1             | Warning: Unable to load '/usr/share/zoneinfo/leap-seconds.list' as time zone. Skipping it.
mysql-1             | 2026-09-16 17:31:36 10 [Warning] 'proxies_priv' entry '@% root@86675f5ac945' ignored in --skip-name-resolve mode.
mysql-1             | 
client-phone-1      | 16-Sep-2026 17:33:40 [http://boincserver.local/boincserver/] Sending scheduler request: Project initialization.
client-phone-1      | 16-Sep-2026 17:33:40 [http://boincserver.local/boincserver/] Requesting new tasks for CPU
client-phone-1      | 16-Sep-2026 17:33:42 [boincserver] Scheduler request completed: got 1 new tasks
client-low-power-1  | 16-Sep-2026 17:33:44 [boincserver] Started download of hybrid_synthetic_input.txt
client-low-power-1  | 16-Sep-2026 17:33:46 [boincserver] Finished download of hybrid_synthetic_1.0_aarch64-unknown-linux-gnu
client-low-power-1  | 16-Sep-2026 17:33:46 [boincserver] Finished download of hybrid_synthetic_input.txt
client-low-power-1  | 16-Sep-2026 17:33:46 [boincserver] Elapsed time limit 50.000000 < 120.000000; setting to 43200.000000
client-cluster-1    | 16-Sep-2026 17:34:16 [boincserver] Project requested delay of 7 seconds
client-cluster-1    | 16-Sep-2026 17:34:18 [boincserver] Started upload of exp_20260916T165346Z_weighted_least_loaded_short_4_0_r954577524_0
client-cluster-1    | 16-Sep-2026 17:34:18 [boincserver] Elapsed time limit 50.000000 < 120.000000; setting to 43200.000000
client-cluster-1    | 16-Sep-2026 17:34:18 [boincserver] Elapsed time limit 50.000000 < 120.000000; setting to 43200.000000
client-cluster-1    | 16-Sep-2026 17:34:18 [boincserver] Elapsed time limit 50.000000 < 120.000000; setting to 43200.000000
client-cluster-1    | 16-Sep-2026 17:34:18 [boincserver] Starting task exp_20260916T165346Z_weighted_least_loaded_short_18_0
client-cluster-1    | 16-Sep-2026 17:34:18 [boincserver] Starting task exp_20260916T165346Z_weighted_least_loaded_short_16_0
client-cluster-1    | 16-Sep-2026 17:34:18 [boincserver] Starting task exp_20260916T165346Z_weighted_least_loaded_short_17_0
client-cluster-1    | 16-Sep-2026 17:34:18 [boincserver] Starting task exp_20260916T165346Z_weighted_least_loaded_medium_1_0
client-cluster-1    | 16-Sep-2026 17:34:20 [boincserver] Finished upload of exp_20260916T165346Z_weighted_least_loaded_short_4_0_r954577524_0
apache-1            | 2026-09-16 17:35:03,162 INFO reaped unknown pid 416
apache-1            | 2026-09-16 17:35:03,162 INFO reaped unknown pid 418
client-cluster-2-1  | 16-Sep-2026 17:33:57 [boincserver] Sending scheduler request: To fetch work.
client-cluster-2-1  | 16-Sep-2026 17:33:57 [boincserver] Requesting new tasks for CPU
client-cluster-2-1  | 16-Sep-2026 17:33:59 [boincserver] Computation for task exp_20260916T165346Z_weighted_least_loaded_short_5_0 finished
client-cluster-2-1  | 16-Sep-2026 17:33:59 [boincserver] Scheduler request completed: got 4 new tasks
client-cluster-2-1  | 16-Sep-2026 17:33:59 [boincserver] Project requested delay of 7 seconds
client-cluster-2-1  | 16-Sep-2026 17:34:01 [boincserver] Started upload of exp_20260916T165346Z_weighted_least_loaded_short_5_0_r890320053_0
client-cluster-2-1  | 16-Sep-2026 17:34:01 [boincserver] Elapsed time limit 50.000000 < 120.000000; setting to 43200.000000
client-cluster-2-1  | 16-Sep-2026 17:34:01 [boincserver] Elapsed time limit 50.000000 < 120.000000; setting to 43200.000000
client-cluster-2-1  | 16-Sep-2026 17:34:01 [boincserver] Elapsed time limit 50.000000 < 120.000000; setting to 43200.000000
client-cluster-2-1  | 16-Sep-2026 17:34:01 [boincserver] Elapsed time limit 50.000000 < 120.000000; setting to 43200.000000
client-cluster-2-1  | 16-Sep-2026 17:34:01 [boincserver] Starting task exp_20260916T165346Z_weighted_least_loaded_short_11_0
client-cluster-2-1  | 16-Sep-2026 17:34:01 [boincserver] Starting task exp_20260916T165346Z_weighted_least_loaded_short_14_0
client-cluster-1    | 16-Sep-2026 17:34:26 [boincserver] Computation for task exp_20260916T165346Z_weighted_least_loaded_short_18_0 finished
client-cluster-1    | 16-Sep-2026 17:34:26 [boincserver] Sending scheduler request: To report completed tasks.
client-cluster-1    | 16-Sep-2026 17:34:26 [boincserver] Reporting 1 completed tasks
apache-1            | 2026-09-16 17:35:03,162 INFO reaped unknown pid 420
apache-1            | 2026-09-16 17:35:03,162 INFO reaped unknown pid 421
client-phone-2-1    | 16-Sep-2026 17:33:34 [---]    don't use GPU while active
client-phone-2-1    | 16-Sep-2026 17:33:34 [---]    suspend work if non-BOINC CPU load exceeds 25%
client-cluster-2-1  | 16-Sep-2026 17:34:01 [boincserver] Starting task exp_20260916T165346Z_weighted_least_loaded_short_13_0
client-cluster-2-1  | 16-Sep-2026 17:34:01 [boincserver] Starting task exp_20260916T165346Z_weighted_least_loaded_short_10_0
client-cluster-2-1  | 16-Sep-2026 17:34:03 [boincserver] Finished upload of exp_20260916T165346Z_weighted_least_loaded_short_5_0_r890320053_0
client-cluster-2-1  | 16-Sep-2026 17:34:09 [boincserver] Computation for task exp_20260916T165346Z_weighted_least_loaded_short_11_0 finished
client-cluster-2-1  | 16-Sep-2026 17:34:09 [boincserver] Sending scheduler request: To report completed tasks.
apache-1            | 2026-09-16 17:35:03,162 INFO reaped unknown pid 425
apache-1            | 2026-09-16 17:35:03,162 INFO reaped unknown pid 427
apache-1            | 2026-09-16 17:35:03,162 INFO reaped unknown pid 435
apache-1            | 2026-09-16 17:35:03,162 INFO reaped unknown pid 437
apache-1            | 2026-09-16 17:35:07,672 INFO reaped unknown pid 428
apache-1            | 2026-09-16 17:35:07,779 INFO reaped unknown pid 431
apache-1            | 2026-09-16 17:35:07,904 INFO reaped unknown pid 433
client-cluster-2-1  | 16-Sep-2026 17:34:09 [boincserver] Reporting 1 completed tasks
client-cluster-2-1  | 16-Sep-2026 17:34:09 [boincserver] Requesting new tasks for CPU
client-cluster-2-1  | 16-Sep-2026 17:34:10 [boincserver] Computation for task exp_20260916T165346Z_weighted_least_loaded_short_14_0 finished
client-cluster-2-1  | 16-Sep-2026 17:34:11 [boincserver] Started upload of exp_20260916T165346Z_weighted_least_loaded_short_11_0_r1792443139_0
client-cluster-2-1  | 16-Sep-2026 17:34:11 [boincserver] Computation for task exp_20260916T165346Z_weighted_least_loaded_short_13_0 finished
client-cluster-2-1  | 16-Sep-2026 17:34:12 [boincserver] Started upload of exp_20260916T165346Z_weighted_least_loaded_short_14_0_r1528739026_0
client-cluster-2-1  | 16-Sep-2026 17:34:12 [boincserver] Computation for task exp_20260916T165346Z_weighted_least_loaded_short_10_0 finished
client-desktop-1    | 16-Sep-2026 17:33:29 [---]    don't use GPU while active
client-desktop-1    | 16-Sep-2026 17:33:29 [---]    suspend work if non-BOINC CPU load exceeds 25%
client-desktop-1    | 16-Sep-2026 17:33:29 [---]    (to change preferences, visit a project web site or select Preferences in the Manager)
client-desktop-1    | 16-Sep-2026 17:33:33 [http://boincserver.local/boincserver/] Fetching scheduler list
client-phone-2-1    | 16-Sep-2026 17:33:34 [---]    (to change preferences, visit a project web site or select Preferences in the Manager)
client-phone-2-1    | 16-Sep-2026 17:33:38 [http://boincserver.local/boincserver/] Fetching scheduler list
client-phone-2-1    | 16-Sep-2026 17:33:40 [http://boincserver.local/boincserver/] Master file download succeeded
client-phone-2-1    | 16-Sep-2026 17:33:45 [http://boincserver.local/boincserver/] Sending scheduler request: Project initialization.
client-phone-2-1    | 16-Sep-2026 17:33:45 [http://boincserver.local/boincserver/] Requesting new tasks for CPU
client-phone-2-1    | 16-Sep-2026 17:33:47 [boincserver] Scheduler request completed: got 1 new tasks
client-phone-2-1    | 16-Sep-2026 17:33:47 [boincserver] Project requested delay of 7 seconds
client-phone-2-1    | 16-Sep-2026 17:33:49 [boincserver] Started download of hybrid_synthetic_1.0_aarch64-unknown-linux-gnu
client-phone-1      | 16-Sep-2026 17:33:42 [boincserver] Project requested delay of 7 seconds
client-phone-1      | 16-Sep-2026 17:33:44 [boincserver] Started download of hybrid_synthetic_1.0_aarch64-unknown-linux-gnu
client-phone-1      | 16-Sep-2026 17:33:44 [boincserver] Started download of hybrid_synthetic_input.txt
client-desktop-1    | 16-Sep-2026 17:33:35 [http://boincserver.local/boincserver/] Master file download succeeded
client-desktop-1    | 16-Sep-2026 17:33:40 [http://boincserver.local/boincserver/] Sending scheduler request: Project initialization.
client-desktop-1    | 16-Sep-2026 17:33:40 [http://boincserver.local/boincserver/] Requesting new tasks for CPU
client-desktop-1    | 16-Sep-2026 17:33:42 [boincserver] Scheduler request completed: got 1 new tasks
client-desktop-1    | 16-Sep-2026 17:33:42 [boincserver] Project requested delay of 7 seconds
client-desktop-1    | 16-Sep-2026 17:33:44 [boincserver] Started download of hybrid_synthetic_1.0_aarch64-unknown-linux-gnu
client-desktop-1    | 16-Sep-2026 17:33:44 [boincserver] Started download of hybrid_synthetic_input.txt
client-desktop-1    | 16-Sep-2026 17:33:46 [boincserver] Finished download of hybrid_synthetic_1.0_aarch64-unknown-linux-gnu
client-desktop-1    | 16-Sep-2026 17:33:46 [boincserver] Finished download of hybrid_synthetic_input.txt
client-low-power-1  | 16-Sep-2026 17:33:46 [boincserver] Starting task exp_20260916T165346Z_weighted_least_loaded_short_1_0
client-low-power-1  | 16-Sep-2026 17:33:52 [boincserver] Sending scheduler request: To fetch work.
client-cluster-1    | 16-Sep-2026 17:34:26 [boincserver] Requesting new tasks for CPU
client-cluster-1    | 16-Sep-2026 17:34:27 [boincserver] Computation for task exp_20260916T165346Z_weighted_least_loaded_short_16_0 finished
mysql-1             | 2026-09-16 17:31:36 0 [Note] mysqld (initiated by: unknown): Normal shutdown
mysql-1             | 2026-09-16 17:31:36 0 [Note] Event Scheduler: Purging the queue. 0 events
mysql-1             | 2026-09-16 17:31:36 0 [Note] InnoDB: FTS optimize thread exiting.
mysql-1             | 2026-09-16 17:31:36 0 [Note] InnoDB: Starting shutdown...
mysql-1             | 2026-09-16 17:31:36 0 [Note] InnoDB: Dumping buffer pool(s) to /var/lib/mysql/ib_buffer_pool
client-cluster-2-1  | 16-Sep-2026 17:34:13 [boincserver] Finished upload of exp_20260916T165346Z_weighted_least_loaded_short_11_0_r1792443139_0
client-cluster-2-1  | 16-Sep-2026 17:34:13 [boincserver] Finished upload of exp_20260916T165346Z_weighted_least_loaded_short_14_0_r1528739026_0
client-cluster-2-1  | 16-Sep-2026 17:34:13 [boincserver] Started upload of exp_20260916T165346Z_weighted_least_loaded_short_13_0_r158999007_0
client-cluster-2-1  | 16-Sep-2026 17:34:25 [boincserver] Started upload of exp_20260916T165346Z_weighted_least_loaded_short_10_0_r761566690_0
client-cluster-2-1  | 16-Sep-2026 17:34:25 [boincserver] Scheduler request completed: got 4 new tasks
client-cluster-2-1  | 16-Sep-2026 17:34:25 [boincserver] Project requested delay of 7 seconds
client-cluster-2-1  | 16-Sep-2026 17:34:26 [boincserver] Finished upload of exp_20260916T165346Z_weighted_least_loaded_short_13_0_r158999007_0
client-low-power-1  | 16-Sep-2026 17:33:52 [boincserver] Requesting new tasks for CPU
client-low-power-1  | 16-Sep-2026 17:33:54 [boincserver] Computation for task exp_20260916T165346Z_weighted_least_loaded_short_1_0 finished
client-low-power-1  | 16-Sep-2026 17:33:56 [boincserver] Started upload of exp_20260916T165346Z_weighted_least_loaded_short_1_0_r1278537490_0
client-low-power-1  | 16-Sep-2026 17:33:58 [boincserver] Finished upload of exp_20260916T165346Z_weighted_least_loaded_short_1_0_r1278537490_0
client-low-power-1  | 16-Sep-2026 17:33:58 [boincserver] Scheduler request completed: got 1 new tasks
client-low-power-1  | 16-Sep-2026 17:33:58 [boincserver] Project requested delay of 7 seconds
client-low-power-1  | 16-Sep-2026 17:34:00 [boincserver] Elapsed time limit 50.000000 < 120.000000; setting to 43200.000000
client-low-power-1  | 16-Sep-2026 17:34:00 [boincserver] Starting task exp_20260916T165346Z_weighted_least_loaded_short_9_0
client-phone-1      | 16-Sep-2026 17:33:46 [boincserver] Finished download of hybrid_synthetic_1.0_aarch64-unknown-linux-gnu
client-phone-1      | 16-Sep-2026 17:33:46 [boincserver] Finished download of hybrid_synthetic_input.txt
client-phone-1      | 16-Sep-2026 17:33:46 [boincserver] Elapsed time limit 50.000000 < 120.000000; setting to 43200.000000
client-phone-1      | 16-Sep-2026 17:33:46 [boincserver] Starting task exp_20260916T165346Z_weighted_least_loaded_short_2_0
client-phone-1      | 16-Sep-2026 17:33:52 [boincserver] Sending scheduler request: To fetch work.
client-phone-1      | 16-Sep-2026 17:33:52 [boincserver] Requesting new tasks for CPU
mysql-1             | 2026-09-16 17:31:36 0 [Note] InnoDB: Buffer pool(s) dump completed at 260916 17:31:36
mysql-1             | 2026-09-16 17:31:37 0 [Note] InnoDB: Shutdown completed; log sequence number 1630824; transaction id 24
mysql-1             | 2026-09-16 17:31:37 0 [Note] InnoDB: Removed temporary tablespace data file: "ibtmp1"
mysql-1             | 2026-09-16 17:31:37 0 [Note] mysqld: Shutdown complete
mysql-1             | 
mysql-1             | 
client-low-power-1  | 16-Sep-2026 17:34:08 [boincserver] Computation for task exp_20260916T165346Z_weighted_least_loaded_short_9_0 finished
client-low-power-1  | 16-Sep-2026 17:34:08 [boincserver] Sending scheduler request: To report completed tasks.
client-low-power-1  | 16-Sep-2026 17:34:08 [boincserver] Reporting 1 completed tasks
client-low-power-1  | 16-Sep-2026 17:34:08 [boincserver] Requesting new tasks for CPU
client-low-power-1  | 16-Sep-2026 17:34:10 [boincserver] Started upload of exp_20260916T165346Z_weighted_least_loaded_short_9_0_r757959218_0
client-low-power-1  | 16-Sep-2026 17:34:10 [boincserver] Scheduler request completed: got 1 new tasks
client-cluster-1    | 16-Sep-2026 17:34:28 [boincserver] Started upload of exp_20260916T165346Z_weighted_least_loaded_short_18_0_r1591621458_0
client-cluster-1    | 16-Sep-2026 17:34:28 [boincserver] Computation for task exp_20260916T165346Z_weighted_least_loaded_short_17_0 finished
client-cluster-1    | 16-Sep-2026 17:34:28 [boincserver] Scheduler request completed: got 3 new tasks
client-cluster-1    | 16-Sep-2026 17:34:28 [boincserver] Project requested delay of 7 seconds
client-cluster-1    | 16-Sep-2026 17:34:29 [boincserver] Started upload of exp_20260916T165346Z_weighted_least_loaded_short_16_0_r2055058036_0
client-cluster-1    | 16-Sep-2026 17:34:30 [boincserver] Finished upload of exp_20260916T165346Z_weighted_least_loaded_short_18_0_r1591621458_0
client-cluster-1    | 16-Sep-2026 17:34:30 [boincserver] Finished upload of exp_20260916T165346Z_weighted_least_loaded_short_16_0_r2055058036_0
client-cluster-1    | 16-Sep-2026 17:34:30 [boincserver] Started upload of exp_20260916T165346Z_weighted_least_loaded_short_17_0_r1459514674_0
client-cluster-1    | 16-Sep-2026 17:34:30 [boincserver] Starting task exp_20260916T165346Z_weighted_least_loaded_long_6_0
client-cluster-1    | 16-Sep-2026 17:34:30 [boincserver] Starting task exp_20260916T165346Z_weighted_least_loaded_long_4_0
client-phone-2-1    | 16-Sep-2026 17:33:49 [boincserver] Started download of hybrid_synthetic_input.txt
client-phone-2-1    | 16-Sep-2026 17:33:51 [boincserver] Finished download of hybrid_synthetic_1.0_aarch64-unknown-linux-gnu
client-phone-2-1    | 16-Sep-2026 17:33:51 [boincserver] Finished download of hybrid_synthetic_input.txt
client-cluster-2-1  | 16-Sep-2026 17:34:26 [boincserver] Finished upload of exp_20260916T165346Z_weighted_least_loaded_short_10_0_r761566690_0
client-cluster-2-1  | 16-Sep-2026 17:34:27 [boincserver] Starting task exp_20260916T165346Z_weighted_least_loaded_medium_5_0
client-cluster-2-1  | 16-Sep-2026 17:34:27 [boincserver] Starting task exp_20260916T165346Z_weighted_least_loaded_medium_10_0
client-cluster-2-1  | 16-Sep-2026 17:34:27 [boincserver] Starting task exp_20260916T165346Z_weighted_least_loaded_medium_8_0
client-cluster-2-1  | 16-Sep-2026 17:34:27 [boincserver] Starting task exp_20260916T165346Z_weighted_least_loaded_medium_9_0
client-cluster-2-1  | 16-Sep-2026 17:34:35 [boincserver] Sending scheduler request: To report completed tasks.
client-cluster-2-1  | 16-Sep-2026 17:34:35 [boincserver] Reporting 4 completed tasks
client-cluster-2-1  | 16-Sep-2026 17:34:35 [boincserver] Requesting new tasks for CPU
client-phone-1      | 16-Sep-2026 17:33:54 [boincserver] Computation for task exp_20260916T165346Z_weighted_least_loaded_short_2_0 finished
client-phone-1      | 16-Sep-2026 17:33:54 [boincserver] Scheduler request completed: got 1 new tasks
client-phone-1      | 16-Sep-2026 17:33:54 [boincserver] Project requested delay of 7 seconds
client-phone-1      | 16-Sep-2026 17:33:56 [boincserver] Started upload of exp_20260916T165346Z_weighted_least_loaded_short_2_0_r1350034686_0
client-phone-1      | 16-Sep-2026 17:33:56 [boincserver] Elapsed time limit 50.000000 < 120.000000; setting to 43200.000000
client-phone-1      | 16-Sep-2026 17:33:56 [boincserver] Starting task exp_20260916T165346Z_weighted_least_loaded_short_7_0
client-phone-1      | 16-Sep-2026 17:33:58 [boincserver] Finished upload of exp_20260916T165346Z_weighted_least_loaded_short_2_0_r1350034686_0
client-phone-1      | 16-Sep-2026 17:34:04 [boincserver] Sending scheduler request: To report completed tasks.
client-phone-1      | 16-Sep-2026 17:34:04 [boincserver] Reporting 1 completed tasks
client-desktop-1    | 16-Sep-2026 17:33:46 [boincserver] Elapsed time limit 50.000000 < 120.000000; setting to 43200.000000
client-desktop-1    | 16-Sep-2026 17:33:46 [boincserver] Starting task exp_20260916T165346Z_weighted_least_loaded_short_3_0
client-desktop-1    | 16-Sep-2026 17:33:52 [boincserver] Sending scheduler request: To fetch work.
client-desktop-1    | 16-Sep-2026 17:33:52 [boincserver] Requesting new tasks for CPU
client-cluster-1    | 16-Sep-2026 17:34:30 [boincserver] Starting task exp_20260916T165346Z_weighted_least_loaded_long_5_0
client-cluster-1    | 16-Sep-2026 17:34:32 [boincserver] Finished upload of exp_20260916T165346Z_weighted_least_loaded_short_17_0_r1459514674_0
client-cluster-1    | 16-Sep-2026 17:34:38 [boincserver] Sending scheduler request: To report completed tasks.
client-cluster-1    | 16-Sep-2026 17:34:38 [boincserver] Reporting 3 completed tasks
client-phone-1      | 16-Sep-2026 17:34:04 [boincserver] Requesting new tasks for CPU
client-phone-1      | 16-Sep-2026 17:34:05 [boincserver] Computation for task exp_20260916T165346Z_weighted_least_loaded_short_7_0 finished
client-desktop-1    | 16-Sep-2026 17:33:54 [boincserver] Computation for task exp_20260916T165346Z_weighted_least_loaded_short_3_0 finished
client-desktop-1    | 16-Sep-2026 17:33:56 [boincserver] Started upload of exp_20260916T165346Z_weighted_least_loaded_short_3_0_r917162716_0
mysql-1             | MySQL init process done. Ready for start up.
mysql-1             | 
mysql-1             | 2026-09-16 17:31:37 0 [Note] mysqld (mysqld 10.3.8-MariaDB-1:10.3.8+maria~bionic) starting as process 1 ...
mysql-1             | 2026-09-16 17:31:37 0 [Note] InnoDB: Using Linux native AIO
mysql-1             | 2026-09-16 17:31:37 0 [Note] InnoDB: Mutexes and rw_locks use GCC atomic builtins
mysql-1             | 2026-09-16 17:31:37 0 [Note] InnoDB: Uses event mutexes
mysql-1             | 2026-09-16 17:31:37 0 [Note] InnoDB: Compressed tables use zlib 1.2.11
client-phone-1      | 16-Sep-2026 17:34:06 [boincserver] Scheduler request completed: got 1 new tasks
client-phone-1      | 16-Sep-2026 17:34:06 [boincserver] Project requested delay of 7 seconds
client-phone-1      | 16-Sep-2026 17:34:07 [boincserver] Started upload of exp_20260916T165346Z_weighted_least_loaded_short_7_0_r1949585653_0
client-phone-1      | 16-Sep-2026 17:34:08 [boincserver] Starting task exp_20260916T165346Z_weighted_least_loaded_medium_2_0
client-phone-1      | 16-Sep-2026 17:34:09 [boincserver] Finished upload of exp_20260916T165346Z_weighted_least_loaded_short_7_0_r1949585653_0
client-cluster-1    | 16-Sep-2026 17:34:38 [boincserver] Requesting new tasks for CPU
client-cluster-1    | 16-Sep-2026 17:34:40 [boincserver] Scheduler request completed: got 0 new tasks
client-cluster-1    | 16-Sep-2026 17:34:40 [boincserver] Project has no tasks available
client-cluster-1    | 16-Sep-2026 17:34:40 [boincserver] Project requested delay of 7 seconds
client-cluster-1    | 16-Sep-2026 17:34:53 [boincserver] Sending scheduler request: To fetch work.
client-desktop-1    | 16-Sep-2026 17:33:58 [boincserver] Finished upload of exp_20260916T165346Z_weighted_least_loaded_short_3_0_r917162716_0
client-desktop-1    | 16-Sep-2026 17:33:59 [boincserver] Scheduler request completed: got 2 new tasks
client-desktop-1    | 16-Sep-2026 17:33:59 [boincserver] Project requested delay of 7 seconds
client-desktop-1    | 16-Sep-2026 17:34:01 [boincserver] Elapsed time limit 50.000000 < 120.000000; setting to 43200.000000
client-cluster-1    | 16-Sep-2026 17:34:53 [boincserver] Requesting new tasks for CPU
client-cluster-1    | 16-Sep-2026 17:34:56 [boincserver] Computation for task exp_20260916T165346Z_weighted_least_loaded_medium_1_0 finished
client-cluster-1    | 16-Sep-2026 17:34:58 [boincserver] Started upload of exp_20260916T165346Z_weighted_least_loaded_medium_1_0_r307042998_0
client-cluster-1    | 16-Sep-2026 17:35:00 [boincserver] Finished upload of exp_20260916T165346Z_weighted_least_loaded_medium_1_0_r307042998_0
mysql-1             | 2026-09-16 17:31:37 0 [Note] InnoDB: Number of pools: 1
mysql-1             | 2026-09-16 17:31:37 0 [Note] InnoDB: Using generic crc32 instructions
mysql-1             | 2026-09-16 17:31:37 0 [Note] InnoDB: Initializing buffer pool, total size = 256M, instances = 1, chunk size = 128M
mysql-1             | 2026-09-16 17:31:37 0 [Note] InnoDB: Completed initialization of buffer pool
mysql-1             | 2026-09-16 17:31:37 0 [Note] InnoDB: If the mysqld execution user is authorized, page cleaner thread priority can be changed. See the man page of setpriority().
client-phone-1      | 16-Sep-2026 17:34:16 [boincserver] Sending scheduler request: To report completed tasks.
client-phone-1      | 16-Sep-2026 17:34:16 [boincserver] Reporting 1 completed tasks
client-phone-1      | 16-Sep-2026 17:34:16 [boincserver] Requesting new tasks for CPU
client-phone-1      | 16-Sep-2026 17:34:18 [boincserver] Scheduler request completed: got 1 new tasks
client-phone-1      | 16-Sep-2026 17:34:18 [boincserver] Project requested delay of 7 seconds
client-phone-1      | 16-Sep-2026 17:34:28 [boincserver] Sending scheduler request: To fetch work.
client-phone-1      | 16-Sep-2026 17:34:28 [boincserver] Requesting new tasks for CPU
client-phone-1      | 16-Sep-2026 17:34:30 [boincserver] Scheduler request completed: got 0 new tasks
client-cluster-2-1  | 16-Sep-2026 17:34:37 [boincserver] Scheduler request completed: got 0 new tasks
client-cluster-2-1  | 16-Sep-2026 17:34:37 [boincserver] Project has no tasks available
client-cluster-2-1  | 16-Sep-2026 17:34:37 [boincserver] Project requested delay of 7 seconds
client-cluster-2-1  | 16-Sep-2026 17:34:47 [boincserver] Sending scheduler request: To fetch work.
mysql-1             | 2026-09-16 17:31:37 0 [Note] InnoDB: 128 out of 128 rollback segments are active.
mysql-1             | 2026-09-16 17:31:37 0 [Note] InnoDB: Creating shared tablespace for temporary tables
mysql-1             | 2026-09-16 17:31:37 0 [Note] InnoDB: Setting file './ibtmp1' size to 12 MB. Physically writing the file full; Please wait ...
client-desktop-1    | 16-Sep-2026 17:34:01 [boincserver] Elapsed time limit 50.000000 < 120.000000; setting to 43200.000000
client-desktop-1    | 16-Sep-2026 17:34:01 [boincserver] Starting task exp_20260916T165346Z_weighted_least_loaded_short_8_0
client-desktop-1    | 16-Sep-2026 17:34:01 [boincserver] Starting task exp_20260916T165346Z_weighted_least_loaded_short_12_0
client-desktop-1    | 16-Sep-2026 17:34:09 [boincserver] Computation for task exp_20260916T165346Z_weighted_least_loaded_short_8_0 finished
client-desktop-1    | 16-Sep-2026 17:34:09 [boincserver] Sending scheduler request: To report completed tasks.
client-desktop-1    | 16-Sep-2026 17:34:09 [boincserver] Reporting 1 completed tasks
mysql-1             | 2026-09-16 17:31:37 0 [Note] InnoDB: File './ibtmp1' size is now 12 MB.
mysql-1             | 2026-09-16 17:31:37 0 [Note] InnoDB: Waiting for purge to start
mysql-1             | 2026-09-16 17:31:37 0 [Note] InnoDB: 10.3.8 started; log sequence number 1630824; transaction id 21
mysql-1             | 2026-09-16 17:31:37 0 [Note] InnoDB: Loading buffer pool(s) from /var/lib/mysql/ib_buffer_pool
mysql-1             | 2026-09-16 17:31:37 0 [Note] Plugin 'FEEDBACK' is disabled.
mysql-1             | 2026-09-16 17:31:37 0 [Note] InnoDB: Buffer pool(s) load completed at 260916 17:31:37
mysql-1             | 2026-09-16 17:31:37 0 [Note] Server socket created on IP: '::'.
mysql-1             | 2026-09-16 17:31:37 0 [Warning] 'proxies_priv' entry '@% root@86675f5ac945' ignored in --skip-name-resolve mode.
mysql-1             | 2026-09-16 17:31:37 0 [Note] Reading of all Master_info entries succeded
mysql-1             | 2026-09-16 17:31:37 0 [Note] Added new Master_info '' to hash table
mysql-1             | 2026-09-16 17:31:37 0 [Note] mysqld: ready for connections.
mysql-1             | Version: '10.3.8-MariaDB-1:10.3.8+maria~bionic'  socket: '/var/run/mysqld/mysqld.sock'  port: 3306  mariadb.org binary distribution
client-desktop-1    | 16-Sep-2026 17:34:09 [boincserver] Requesting new tasks for CPU
client-desktop-1    | 16-Sep-2026 17:34:10 [boincserver] Computation for task exp_20260916T165346Z_weighted_least_loaded_short_12_0 finished
client-desktop-1    | 16-Sep-2026 17:34:11 [boincserver] Started upload of exp_20260916T165346Z_weighted_least_loaded_short_8_0_r11457627_0
client-cluster-2-1  | 16-Sep-2026 17:34:47 [boincserver] Requesting new tasks for CPU
client-cluster-2-1  | 16-Sep-2026 17:34:49 [boincserver] Scheduler request completed: got 0 new tasks
client-cluster-2-1  | 16-Sep-2026 17:34:49 [boincserver] Project has no tasks available
client-cluster-2-1  | 16-Sep-2026 17:34:49 [boincserver] Project requested delay of 7 seconds
client-cluster-2-1  | 16-Sep-2026 17:35:06 [boincserver] Computation for task exp_20260916T165346Z_weighted_least_loaded_medium_5_0 finished
client-cluster-2-1  | 16-Sep-2026 17:35:07 [boincserver] Computation for task exp_20260916T165346Z_weighted_least_loaded_medium_10_0 finished
client-low-power-1  | 16-Sep-2026 17:34:10 [boincserver] Project requested delay of 7 seconds
client-low-power-1  | 16-Sep-2026 17:34:12 [boincserver] Finished upload of exp_20260916T165346Z_weighted_least_loaded_short_9_0_r757959218_0
client-cluster-1    | 16-Sep-2026 17:35:00 [boincserver] Scheduler request completed: got 0 new tasks
client-cluster-1    | 16-Sep-2026 17:35:00 [boincserver] Project has no tasks available
client-phone-1      | 16-Sep-2026 17:34:30 [boincserver] Project has no tasks available
client-phone-1      | 16-Sep-2026 17:34:30 [boincserver] Project requested delay of 7 seconds
client-cluster-2-1  | 16-Sep-2026 17:35:08 [boincserver] Started upload of exp_20260916T165346Z_weighted_least_loaded_medium_5_0_r1820165280_0
client-cluster-2-1  | 16-Sep-2026 17:35:08 [boincserver] Computation for task exp_20260916T165346Z_weighted_least_loaded_medium_8_0 finished
client-low-power-1  | 16-Sep-2026 17:34:12 [boincserver] Starting task exp_20260916T165346Z_weighted_least_loaded_medium_3_0
client-low-power-1  | 16-Sep-2026 17:34:20 [boincserver] Sending scheduler request: To report completed tasks.
client-low-power-1  | 16-Sep-2026 17:34:20 [boincserver] Reporting 1 completed tasks
client-cluster-1    | 16-Sep-2026 17:35:00 [boincserver] Project requested delay of 7 seconds
client-cluster-1    | 16-Sep-2026 17:35:10 [boincserver] Sending scheduler request: To report completed tasks.
client-cluster-1    | 16-Sep-2026 17:35:10 [boincserver] Reporting 1 completed tasks
client-phone-2-1    | 16-Sep-2026 17:33:51 [boincserver] Elapsed time limit 50.000000 < 120.000000; setting to 43200.000000
client-phone-2-1    | 16-Sep-2026 17:33:51 [boincserver] Starting task exp_20260916T165346Z_weighted_least_loaded_short_6_0
client-phone-2-1    | 16-Sep-2026 17:33:57 [boincserver] Sending scheduler request: To fetch work.
client-phone-2-1    | 16-Sep-2026 17:33:57 [boincserver] Requesting new tasks for CPU
client-phone-2-1    | 16-Sep-2026 17:33:59 [boincserver] Computation for task exp_20260916T165346Z_weighted_least_loaded_short_6_0 finished
client-phone-2-1    | 16-Sep-2026 17:33:59 [boincserver] Scheduler request completed: got 1 new tasks
mysql-1             | 2026-09-16 17:31:37 8 [Warning] Access denied for user 'boincadm'@'172.21.0.3' (using password: NO)
mysql-1             | 2026-09-16 17:31:55 17 [Warning] Aborted connection 17 to db: 'boincserver' user: 'root' host: '172.21.0.4' (Got an error reading communication packets)
mysql-1             | 2026-09-16 17:31:55 16 [Warning] Aborted connection 16 to db: 'boincserver' user: 'root' host: '172.21.0.4' (Got an error reading communication packets)
client-phone-1      | 16-Sep-2026 17:34:43 [boincserver] Computation for task exp_20260916T165346Z_weighted_least_loaded_medium_2_0 finished
client-phone-1      | 16-Sep-2026 17:34:43 [boincserver] Starting task exp_20260916T165346Z_weighted_least_loaded_medium_11_0
client-phone-1      | 16-Sep-2026 17:34:57 [boincserver] Started upload of exp_20260916T165346Z_weighted_least_loaded_medium_2_0_r698003721_0
client-phone-1      | 16-Sep-2026 17:34:59 [boincserver] Finished upload of exp_20260916T165346Z_weighted_least_loaded_medium_2_0_r698003721_0
client-phone-1      | 16-Sep-2026 17:35:01 [boincserver] Sending scheduler request: To report completed tasks.
client-phone-1      | 16-Sep-2026 17:35:01 [boincserver] Reporting 1 completed tasks
mysql-1             | 2026-09-16 17:31:55 15 [Warning] Aborted connection 15 to db: 'boincserver' user: 'root' host: '172.21.0.4' (Got an error reading communication packets)
mysql-1             | 2026-09-16 17:35:02 133 [Warning] Aborted connection 133 to db: 'boincserver' user: 'root' host: '172.21.0.4' (Got an error reading communication packets)
mysql-1             | 2026-09-16 17:35:02 136 [Warning] Aborted connection 136 to db: 'boincserver' user: 'root' host: '172.21.0.4' (Got an error reading communication packets)
client-cluster-2-1  | 16-Sep-2026 17:35:09 [boincserver] Started upload of exp_20260916T165346Z_weighted_least_loaded_medium_10_0_r1911112263_0
client-cluster-2-1  | 16-Sep-2026 17:35:09 [boincserver] Computation for task exp_20260916T165346Z_weighted_least_loaded_medium_9_0 finished
client-cluster-2-1  | 16-Sep-2026 17:35:10 [boincserver] Finished upload of exp_20260916T165346Z_weighted_least_loaded_medium_5_0_r1820165280_0
client-cluster-2-1  | 16-Sep-2026 17:35:10 [boincserver] Finished upload of exp_20260916T165346Z_weighted_least_loaded_medium_10_0_r1911112263_0
client-low-power-1  | 16-Sep-2026 17:34:20 [boincserver] Requesting new tasks for CPU
client-low-power-1  | 16-Sep-2026 17:34:22 [boincserver] Scheduler request completed: got 1 new tasks
client-low-power-1  | 16-Sep-2026 17:34:22 [boincserver] Project requested delay of 7 seconds
client-low-power-1  | 16-Sep-2026 17:34:32 [boincserver] Sending scheduler request: To fetch work.
client-low-power-1  | 16-Sep-2026 17:34:32 [boincserver] Requesting new tasks for CPU
client-low-power-1  | 16-Sep-2026 17:34:46 [boincserver] Scheduler request completed: got 0 new tasks
client-low-power-1  | 16-Sep-2026 17:34:46 [boincserver] Project has no tasks available
client-low-power-1  | 16-Sep-2026 17:34:46 [boincserver] Project requested delay of 7 seconds
client-cluster-2-1  | 16-Sep-2026 17:35:10 [boincserver] Started upload of exp_20260916T165346Z_weighted_least_loaded_medium_8_0_r874327014_0
client-cluster-2-1  | 16-Sep-2026 17:35:11 [boincserver] Started upload of exp_20260916T165346Z_weighted_least_loaded_medium_9_0_r305723268_0
client-phone-1      | 16-Sep-2026 17:35:01 [boincserver] Requesting new tasks for CPU
client-phone-1      | 16-Sep-2026 17:35:03 [boincserver] Scheduler request completed: got 0 new tasks
client-phone-1      | 16-Sep-2026 17:35:03 [boincserver] Project has no tasks available
client-phone-1      | 16-Sep-2026 17:35:03 [boincserver] Project requested delay of 7 seconds
client-phone-1      | 16-Sep-2026 17:35:13 [boincserver] Sending scheduler request: To fetch work.
client-phone-1      | 16-Sep-2026 17:35:13 [boincserver] Requesting new tasks for CPU
client-desktop-1    | 16-Sep-2026 17:34:11 [boincserver] Scheduler request completed: got 2 new tasks
client-desktop-1    | 16-Sep-2026 17:34:11 [boincserver] Project requested delay of 7 seconds
client-cluster-1    | 16-Sep-2026 17:35:10 [boincserver] Requesting new tasks for CPU
client-cluster-1    | 16-Sep-2026 17:35:12 [boincserver] Scheduler request completed: got 0 new tasks
client-cluster-1    | 16-Sep-2026 17:35:12 [boincserver] Project has no tasks available
client-cluster-1    | 16-Sep-2026 17:35:12 [boincserver] Project requested delay of 7 seconds
client-cluster-2-1  | 16-Sep-2026 17:35:12 [boincserver] Finished upload of exp_20260916T165346Z_weighted_least_loaded_medium_8_0_r874327014_0
client-cluster-2-1  | 16-Sep-2026 17:35:12 [boincserver] Finished upload of exp_20260916T165346Z_weighted_least_loaded_medium_9_0_r305723268_0
client-cluster-2-1  | 16-Sep-2026 17:35:14 [boincserver] Sending scheduler request: To report completed tasks.
client-cluster-2-1  | 16-Sep-2026 17:35:14 [boincserver] Reporting 4 completed tasks
client-cluster-2-1  | 16-Sep-2026 17:35:14 [boincserver] Requesting new tasks for CPU
client-cluster-2-1  | 16-Sep-2026 17:35:21 [boincserver] Scheduler request completed: got 0 new tasks
client-cluster-2-1  | 16-Sep-2026 17:35:21 [boincserver] Project has no tasks available
client-cluster-2-1  | 16-Sep-2026 17:35:21 [boincserver] Project requested delay of 7 seconds
client-cluster-1    | 16-Sep-2026 17:36:33 [boincserver] Computation for task exp_20260916T165346Z_weighted_least_loaded_long_6_0 finished
client-cluster-1    | 16-Sep-2026 17:36:46 [boincserver] Computation for task exp_20260916T165346Z_weighted_least_loaded_long_4_0 finished
client-phone-1      | 16-Sep-2026 17:35:17 [boincserver] Computation for task exp_20260916T165346Z_weighted_least_loaded_medium_11_0 finished
client-phone-1      | 16-Sep-2026 17:35:19 [boincserver] Started upload of exp_20260916T165346Z_weighted_least_loaded_medium_11_0_r1936461310_0
client-phone-1      | 16-Sep-2026 17:35:20 [boincserver] Finished upload of exp_20260916T165346Z_weighted_least_loaded_medium_11_0_r1936461310_0
client-phone-1      | 16-Sep-2026 17:35:20 [boincserver] Scheduler request completed: got 0 new tasks
client-phone-1      | 16-Sep-2026 17:35:20 [boincserver] Project has no tasks available
client-phone-1      | 16-Sep-2026 17:35:20 [boincserver] Project requested delay of 7 seconds
client-phone-2-1    | 16-Sep-2026 17:33:59 [boincserver] Project requested delay of 7 seconds
client-phone-2-1    | 16-Sep-2026 17:34:01 [boincserver] Started upload of exp_20260916T165346Z_weighted_least_loaded_short_6_0_r354264281_0
client-phone-2-1    | 16-Sep-2026 17:34:01 [boincserver] Elapsed time limit 50.000000 < 120.000000; setting to 43200.000000
client-phone-2-1    | 16-Sep-2026 17:34:01 [boincserver] Starting task exp_20260916T165346Z_weighted_least_loaded_short_15_0
client-phone-2-1    | 16-Sep-2026 17:34:03 [boincserver] Finished upload of exp_20260916T165346Z_weighted_least_loaded_short_6_0_r354264281_0
client-cluster-2-1  | 16-Sep-2026 17:35:41 [boincserver] Sending scheduler request: To fetch work.
client-cluster-2-1  | 16-Sep-2026 17:35:41 [boincserver] Requesting new tasks for CPU
client-cluster-2-1  | 16-Sep-2026 17:35:47 [boincserver] Scheduler request completed: got 0 new tasks
client-cluster-2-1  | 16-Sep-2026 17:35:47 [boincserver] Project has no tasks available
client-phone-1      | 16-Sep-2026 17:35:33 [boincserver] Sending scheduler request: To report completed tasks.
client-phone-1      | 16-Sep-2026 17:35:33 [boincserver] Reporting 1 completed tasks
client-phone-1      | 16-Sep-2026 17:35:33 [boincserver] Requesting new tasks for CPU
client-phone-1      | 16-Sep-2026 17:35:35 [boincserver] Scheduler request completed: got 0 new tasks
client-phone-1      | 16-Sep-2026 17:35:35 [boincserver] Project has no tasks available
client-phone-1      | 16-Sep-2026 17:35:35 [boincserver] Project requested delay of 7 seconds
client-cluster-1    | 16-Sep-2026 17:36:47 [boincserver] Started upload of exp_20260916T165346Z_weighted_least_loaded_long_6_0_r2036217885_0
client-cluster-1    | 16-Sep-2026 17:36:47 [boincserver] Computation for task exp_20260916T165346Z_weighted_least_loaded_long_5_0 finished
client-cluster-2-1  | 16-Sep-2026 17:35:47 [boincserver] Project requested delay of 7 seconds
client-phone-2-1    | 16-Sep-2026 17:34:09 [boincserver] Sending scheduler request: To report completed tasks.
client-phone-2-1    | 16-Sep-2026 17:34:09 [boincserver] Reporting 1 completed tasks
client-phone-2-1    | 16-Sep-2026 17:34:09 [boincserver] Requesting new tasks for CPU
client-phone-2-1    | 16-Sep-2026 17:34:10 [boincserver] Computation for task exp_20260916T165346Z_weighted_least_loaded_short_15_0 finished
client-cluster-1    | 16-Sep-2026 17:36:48 [boincserver] Started upload of exp_20260916T165346Z_weighted_least_loaded_long_4_0_r408005975_0
client-cluster-1    | 16-Sep-2026 17:36:49 [boincserver] Finished upload of exp_20260916T165346Z_weighted_least_loaded_long_6_0_r2036217885_0
client-cluster-1    | 16-Sep-2026 17:36:49 [boincserver] Finished upload of exp_20260916T165346Z_weighted_least_loaded_long_4_0_r408005975_0
client-cluster-1    | 16-Sep-2026 17:36:49 [boincserver] Started upload of exp_20260916T165346Z_weighted_least_loaded_long_5_0_r584252183_0
client-phone-2-1    | 16-Sep-2026 17:34:12 [boincserver] Started upload of exp_20260916T165346Z_weighted_least_loaded_short_15_0_r2111256867_0
client-phone-2-1    | 16-Sep-2026 17:34:14 [boincserver] Finished upload of exp_20260916T165346Z_weighted_least_loaded_short_15_0_r2111256867_0
client-phone-2-1    | 16-Sep-2026 17:34:15 [boincserver] Scheduler request completed: got 1 new tasks
client-phone-2-1    | 16-Sep-2026 17:34:15 [boincserver] Project requested delay of 7 seconds
client-low-power-1  | 16-Sep-2026 17:34:48 [boincserver] Computation for task exp_20260916T165346Z_weighted_least_loaded_medium_3_0 finished
client-low-power-1  | 16-Sep-2026 17:34:48 [boincserver] Starting task exp_20260916T165346Z_weighted_least_loaded_medium_12_0
client-low-power-1  | 16-Sep-2026 17:34:50 [boincserver] Started upload of exp_20260916T165346Z_weighted_least_loaded_medium_3_0_r199302917_0
client-low-power-1  | 16-Sep-2026 17:34:52 [boincserver] Finished upload of exp_20260916T165346Z_weighted_least_loaded_medium_3_0_r199302917_0
client-low-power-1  | 16-Sep-2026 17:34:56 [boincserver] Sending scheduler request: To report completed tasks.
client-low-power-1  | 16-Sep-2026 17:34:56 [boincserver] Reporting 1 completed tasks
client-low-power-1  | 16-Sep-2026 17:34:56 [boincserver] Requesting new tasks for CPU
client-low-power-1  | 16-Sep-2026 17:35:03 [boincserver] Scheduler request completed: got 0 new tasks
client-low-power-1  | 16-Sep-2026 17:35:03 [boincserver] Project has no tasks available
client-low-power-1  | 16-Sep-2026 17:35:03 [boincserver] Project requested delay of 7 seconds
client-low-power-1  | 16-Sep-2026 17:35:23 [boincserver] Sending scheduler request: To fetch work.
client-low-power-1  | 16-Sep-2026 17:35:23 [boincserver] Requesting new tasks for CPU
client-low-power-1  | 16-Sep-2026 17:35:25 [boincserver] Computation for task exp_20260916T165346Z_weighted_least_loaded_medium_12_0 finished
client-low-power-1  | 16-Sep-2026 17:35:25 [boincserver] Scheduler request completed: got 0 new tasks
client-low-power-1  | 16-Sep-2026 17:35:25 [boincserver] Project has no tasks available
client-low-power-1  | 16-Sep-2026 17:35:25 [boincserver] Project requested delay of 7 seconds
client-low-power-1  | 16-Sep-2026 17:35:27 [boincserver] Started upload of exp_20260916T165346Z_weighted_least_loaded_medium_12_0_r1808555080_0
client-cluster-1    | 16-Sep-2026 17:36:51 [boincserver] Finished upload of exp_20260916T165346Z_weighted_least_loaded_long_5_0_r584252183_0
client-cluster-1    | 16-Sep-2026 17:36:51 [boincserver] Sending scheduler request: To report completed tasks.
client-cluster-1    | 16-Sep-2026 17:36:51 [boincserver] Reporting 3 completed tasks
client-cluster-1    | 16-Sep-2026 17:36:51 [boincserver] Requesting new tasks for CPU
client-phone-2-1    | 16-Sep-2026 17:34:17 [boincserver] Starting task exp_20260916T165346Z_weighted_least_loaded_medium_7_0
client-phone-2-1    | 16-Sep-2026 17:34:25 [boincserver] Sending scheduler request: To report completed tasks.
client-phone-2-1    | 16-Sep-2026 17:34:25 [boincserver] Reporting 1 completed tasks
client-phone-2-1    | 16-Sep-2026 17:34:25 [boincserver] Requesting new tasks for CPU
client-phone-2-1    | 16-Sep-2026 17:34:32 [boincserver] Scheduler request completed: got 1 new tasks
client-phone-2-1    | 16-Sep-2026 17:34:32 [boincserver] Project requested delay of 7 seconds
client-phone-2-1    | 16-Sep-2026 17:34:42 [boincserver] Sending scheduler request: To fetch work.
client-low-power-1  | 16-Sep-2026 17:35:29 [boincserver] Finished upload of exp_20260916T165346Z_weighted_least_loaded_medium_12_0_r1808555080_0
client-low-power-1  | 16-Sep-2026 17:35:35 [boincserver] Sending scheduler request: To report completed tasks.
client-low-power-1  | 16-Sep-2026 17:35:35 [boincserver] Reporting 1 completed tasks
client-low-power-1  | 16-Sep-2026 17:35:35 [boincserver] Requesting new tasks for CPU
client-low-power-1  | 16-Sep-2026 17:35:37 [boincserver] Scheduler request completed: got 0 new tasks
client-low-power-1  | 16-Sep-2026 17:35:37 [boincserver] Project has no tasks available
client-phone-2-1    | 16-Sep-2026 17:34:42 [boincserver] Requesting new tasks for CPU
client-phone-2-1    | 16-Sep-2026 17:34:49 [boincserver] Scheduler request completed: got 0 new tasks
client-phone-2-1    | 16-Sep-2026 17:34:49 [boincserver] Project has no tasks available
client-low-power-1  | 16-Sep-2026 17:35:37 [boincserver] Project requested delay of 7 seconds
client-low-power-1  | 16-Sep-2026 17:35:48 [boincserver] Sending scheduler request: To fetch work.
client-desktop-1    | 16-Sep-2026 17:34:12 [boincserver] Started upload of exp_20260916T165346Z_weighted_least_loaded_short_12_0_r1839019939_0
client-desktop-1    | 16-Sep-2026 17:34:13 [boincserver] Finished upload of exp_20260916T165346Z_weighted_least_loaded_short_8_0_r11457627_0
client-cluster-1    | 16-Sep-2026 17:36:53 [boincserver] Scheduler request completed: got 0 new tasks
client-cluster-1    | 16-Sep-2026 17:36:53 [boincserver] Project has no tasks available
client-cluster-1    | 16-Sep-2026 17:36:53 [boincserver] Project requested delay of 7 seconds
client-cluster-1    | 16-Sep-2026 17:37:03 [boincserver] Sending scheduler request: To fetch work.
client-cluster-1    | 16-Sep-2026 17:37:03 [boincserver] Requesting new tasks for CPU
client-cluster-1    | 16-Sep-2026 17:37:05 [boincserver] Scheduler request completed: got 0 new tasks
client-desktop-1    | 16-Sep-2026 17:34:13 [boincserver] Finished upload of exp_20260916T165346Z_weighted_least_loaded_short_12_0_r1839019939_0
client-desktop-1    | 16-Sep-2026 17:34:13 [boincserver] Starting task exp_20260916T165346Z_weighted_least_loaded_medium_4_0
client-desktop-1    | 16-Sep-2026 17:34:13 [boincserver] Starting task exp_20260916T165346Z_weighted_least_loaded_medium_6_0
client-desktop-1    | 16-Sep-2026 17:34:21 [boincserver] Sending scheduler request: To report completed tasks.
client-desktop-1    | 16-Sep-2026 17:34:21 [boincserver] Reporting 2 completed tasks
client-desktop-1    | 16-Sep-2026 17:34:21 [boincserver] Requesting new tasks for CPU
client-desktop-1    | 16-Sep-2026 17:34:23 [boincserver] Scheduler request completed: got 2 new tasks
client-cluster-1    | 16-Sep-2026 17:37:05 [boincserver] Project has no tasks available
client-cluster-1    | 16-Sep-2026 17:37:05 [boincserver] Project requested delay of 7 seconds
client-desktop-1    | 16-Sep-2026 17:34:23 [boincserver] Project requested delay of 7 seconds
client-phone-2-1    | 16-Sep-2026 17:34:49 [boincserver] Project requested delay of 7 seconds
client-phone-2-1    | 16-Sep-2026 17:34:50 [boincserver] Computation for task exp_20260916T165346Z_weighted_least_loaded_medium_7_0 finished
client-phone-2-1    | 16-Sep-2026 17:34:50 [boincserver] Starting task exp_20260916T165346Z_weighted_least_loaded_long_3_0
client-phone-2-1    | 16-Sep-2026 17:34:52 [boincserver] Started upload of exp_20260916T165346Z_weighted_least_loaded_medium_7_0_r1712731605_0
client-phone-2-1    | 16-Sep-2026 17:35:06 [boincserver] Finished upload of exp_20260916T165346Z_weighted_least_loaded_medium_7_0_r1712731605_0
client-phone-2-1    | 16-Sep-2026 17:35:06 [boincserver] Sending scheduler request: To report completed tasks.
client-phone-2-1    | 16-Sep-2026 17:35:06 [boincserver] Reporting 1 completed tasks
client-phone-2-1    | 16-Sep-2026 17:35:06 [boincserver] Requesting new tasks for CPU
client-phone-2-1    | 16-Sep-2026 17:35:08 [boincserver] Scheduler request completed: got 0 new tasks
client-desktop-1    | 16-Sep-2026 17:34:36 [boincserver] Sending scheduler request: To fetch work.
client-desktop-1    | 16-Sep-2026 17:34:36 [boincserver] Requesting new tasks for CPU
client-desktop-1    | 16-Sep-2026 17:34:38 [boincserver] Scheduler request completed: got 0 new tasks
client-desktop-1    | 16-Sep-2026 17:34:38 [boincserver] Project has no tasks available
client-desktop-1    | 16-Sep-2026 17:34:38 [boincserver] Project requested delay of 7 seconds
client-phone-2-1    | 16-Sep-2026 17:35:08 [boincserver] Project has no tasks available
client-phone-2-1    | 16-Sep-2026 17:35:08 [boincserver] Project requested delay of 7 seconds
client-phone-2-1    | 16-Sep-2026 17:35:18 [boincserver] Sending scheduler request: To fetch work.
client-low-power-1  | 16-Sep-2026 17:35:48 [boincserver] Requesting new tasks for CPU
client-low-power-1  | 16-Sep-2026 17:36:06 [boincserver] Scheduler request completed: got 0 new tasks
client-low-power-1  | 16-Sep-2026 17:36:06 [boincserver] Project has no tasks available
client-low-power-1  | 16-Sep-2026 17:36:06 [boincserver] Project requested delay of 7 seconds
client-desktop-1    | 16-Sep-2026 17:34:46 [boincserver] Computation for task exp_20260916T165346Z_weighted_least_loaded_medium_4_0 finished
client-desktop-1    | 16-Sep-2026 17:34:46 [boincserver] Starting task exp_20260916T165346Z_weighted_least_loaded_long_2_0
client-desktop-1    | 16-Sep-2026 17:34:47 [boincserver] Computation for task exp_20260916T165346Z_weighted_least_loaded_medium_6_0 finished
client-desktop-1    | 16-Sep-2026 17:34:47 [boincserver] Starting task exp_20260916T165346Z_weighted_least_loaded_long_1_0
client-desktop-1    | 16-Sep-2026 17:34:48 [boincserver] Started upload of exp_20260916T165346Z_weighted_least_loaded_medium_4_0_r1012201535_0
client-desktop-1    | 16-Sep-2026 17:34:49 [boincserver] Started upload of exp_20260916T165346Z_weighted_least_loaded_medium_6_0_r1396581872_0
client-desktop-1    | 16-Sep-2026 17:34:50 [boincserver] Finished upload of exp_20260916T165346Z_weighted_least_loaded_medium_4_0_r1012201535_0
client-desktop-1    | 16-Sep-2026 17:34:50 [boincserver] Finished upload of exp_20260916T165346Z_weighted_least_loaded_medium_6_0_r1396581872_0
client-desktop-1    | 16-Sep-2026 17:34:53 [boincserver] Sending scheduler request: To report completed tasks.
client-desktop-1    | 16-Sep-2026 17:34:53 [boincserver] Reporting 2 completed tasks
client-desktop-1    | 16-Sep-2026 17:34:53 [boincserver] Requesting new tasks for CPU
client-desktop-1    | 16-Sep-2026 17:34:55 [boincserver] Scheduler request completed: got 0 new tasks
client-desktop-1    | 16-Sep-2026 17:34:55 [boincserver] Project has no tasks available
client-desktop-1    | 16-Sep-2026 17:34:55 [boincserver] Project requested delay of 7 seconds
client-desktop-1    | 16-Sep-2026 17:35:13 [boincserver] Sending scheduler request: To fetch work.
client-phone-2-1    | 16-Sep-2026 17:35:18 [boincserver] Requesting new tasks for CPU
client-phone-2-1    | 16-Sep-2026 17:35:24 [boincserver] Scheduler request completed: got 0 new tasks
client-phone-2-1    | 16-Sep-2026 17:35:24 [boincserver] Project has no tasks available
client-desktop-1    | 16-Sep-2026 17:35:13 [boincserver] Requesting new tasks for CPU
client-desktop-1    | 16-Sep-2026 17:35:15 [boincserver] Scheduler request completed: got 0 new tasks
client-desktop-1    | 16-Sep-2026 17:35:15 [boincserver] Project has no tasks available
client-desktop-1    | 16-Sep-2026 17:35:15 [boincserver] Project requested delay of 7 seconds
client-desktop-1    | 16-Sep-2026 17:36:49 [boincserver] Computation for task exp_20260916T165346Z_weighted_least_loaded_long_2_0 finished
client-desktop-1    | 16-Sep-2026 17:36:50 [boincserver] Computation for task exp_20260916T165346Z_weighted_least_loaded_long_1_0 finished
client-phone-2-1    | 16-Sep-2026 17:35:24 [boincserver] Project requested delay of 7 seconds
client-phone-2-1    | 16-Sep-2026 17:37:01 [boincserver] Computation for task exp_20260916T165346Z_weighted_least_loaded_long_3_0 finished
client-phone-2-1    | 16-Sep-2026 17:37:03 [boincserver] Started upload of exp_20260916T165346Z_weighted_least_loaded_long_3_0_r483425280_0
client-phone-2-1    | 16-Sep-2026 17:37:05 [boincserver] Finished upload of exp_20260916T165346Z_weighted_least_loaded_long_3_0_r483425280_0
client-phone-2-1    | 16-Sep-2026 17:37:08 [boincserver] Sending scheduler request: To report completed tasks.
client-phone-2-1    | 16-Sep-2026 17:37:08 [boincserver] Reporting 1 completed tasks
client-phone-2-1    | 16-Sep-2026 17:37:08 [boincserver] Requesting new tasks for CPU
client-phone-2-1    | 16-Sep-2026 17:37:10 [boincserver] Scheduler request completed: got 0 new tasks
client-phone-2-1    | 16-Sep-2026 17:37:10 [boincserver] Project has no tasks available
client-desktop-1    | 16-Sep-2026 17:36:51 [boincserver] Started upload of exp_20260916T165346Z_weighted_least_loaded_long_2_0_r1915942400_0
client-desktop-1    | 16-Sep-2026 17:36:52 [boincserver] Started upload of exp_20260916T165346Z_weighted_least_loaded_long_1_0_r276762121_0
client-desktop-1    | 16-Sep-2026 17:36:53 [boincserver] Finished upload of exp_20260916T165346Z_weighted_least_loaded_long_2_0_r1915942400_0
client-phone-2-1    | 16-Sep-2026 17:37:10 [boincserver] Project requested delay of 7 seconds
client-phone-2-1    | 16-Sep-2026 17:37:20 [boincserver] Sending scheduler request: To fetch work.
client-phone-2-1    | 16-Sep-2026 17:37:20 [boincserver] Requesting new tasks for CPU
client-phone-2-1    | 16-Sep-2026 17:37:22 [boincserver] Scheduler request completed: got 0 new tasks
client-phone-2-1    | 16-Sep-2026 17:37:22 [boincserver] Project has no tasks available
client-phone-2-1    | 16-Sep-2026 17:37:22 [boincserver] Project requested delay of 7 seconds
client-desktop-1    | 16-Sep-2026 17:36:53 [boincserver] Finished upload of exp_20260916T165346Z_weighted_least_loaded_long_1_0_r276762121_0
client-desktop-1    | 16-Sep-2026 17:37:06 [boincserver] Sending scheduler request: To report completed tasks.
client-desktop-1    | 16-Sep-2026 17:37:06 [boincserver] Reporting 2 completed tasks
client-desktop-1    | 16-Sep-2026 17:37:06 [boincserver] Requesting new tasks for CPU
client-desktop-1    | 16-Sep-2026 17:37:12 [boincserver] Scheduler request completed: got 0 new tasks
client-desktop-1    | 16-Sep-2026 17:37:12 [boincserver] Project has no tasks available
client-desktop-1    | 16-Sep-2026 17:37:12 [boincserver] Project requested delay of 7 seconds
client-desktop-1    | 16-Sep-2026 17:37:22 [boincserver] Sending scheduler request: To fetch work.
client-desktop-1    | 16-Sep-2026 17:37:22 [boincserver] Requesting new tasks for CPU
