client-phone-1  | 17-Sep-2026 09:18:31 [---] Starting BOINC client version 7.20.5 for aarch64-unknown-linux-gnu
client-phone-1  | 17-Sep-2026 09:18:31 [---] This a development version of BOINC and may not function properly
client-phone-1  | 17-Sep-2026 09:18:31 [---] log flags: file_xfer, sched_ops, task
client-phone-1  | 17-Sep-2026 09:18:31 [---] Libraries: libcurl/7.88.1 OpenSSL/3.0.20 zlib/1.2.13 brotli/1.0.9 zstd/1.5.4 libidn2/2.3.3 libpsl/0.21.2 (+libidn2/2.3.3) libssh2/1.10.0 nghttp2/1.52.0 librtmp/2.3 OpenLDAP/2.5.13
client-phone-1  | 17-Sep-2026 09:18:31 [---] Data directory: /var/lib/boinc-client
client-phone-1  | 17-Sep-2026 09:18:31 [---] No usable GPUs found
client-phone-1  | 17-Sep-2026 09:18:31 [---] Creating new client state file
client-phone-1  | 17-Sep-2026 09:18:31 [---] libc:  version 2.36
client-phone-1  | 17-Sep-2026 09:18:31 [---] Host name: phone-01
client-phone-1  | 17-Sep-2026 09:18:31 [---] Processor: 1 ARM  [Impl 0x61 Arch 8 Variant 0x0 Part 0x000 Rev 0]
client-phone-1  | 17-Sep-2026 09:18:31 [---] Processor features: fp asimd evtstrm aes pmull sha1 sha2 crc32 atomics fphp asimdhp cpuid asimdrdm jscvt fcma lrcpc dcpop sha3 asimddp sha512 asimdfhm dit uscat ilrcpc flagm sb paca pacg dcpodp flagm2 frint i8mm bf16 bti afp
client-phone-1  | 17-Sep-2026 09:18:31 [---] OS: Linux Debian GNU/Linux: Debian GNU/Linux 12 (bookworm) [6.8.0-100-generic|libc 2.36]
client-phone-1  | 17-Sep-2026 09:18:31 [---] Memory: 9.69 GB physical, 0 bytes virtual
client-phone-1  | 17-Sep-2026 09:18:31 [---] Disk: 18.33 GB total, 15.35 GB free
client-phone-1  | 17-Sep-2026 09:18:31 [---] Local time is UTC +0 hours
client-phone-1  | 17-Sep-2026 09:18:31 [---] Config: GUI RPC allowed from any host
client-phone-1  | 17-Sep-2026 09:18:31 [---] Config: simulate 1 CPUs
client-phone-1  | 17-Sep-2026 09:18:31 [---] Config: report completed tasks immediately
client-phone-1  | 17-Sep-2026 09:18:31 [---] No general preferences found - using defaults
client-phone-1  | 17-Sep-2026 09:18:31 [---] Reading preferences override file
client-phone-1  | 17-Sep-2026 09:18:31 [---] Preferences:
client-phone-1  | 17-Sep-2026 09:18:31 [---]    max memory usage when active: 8929.14 MB
client-phone-1  | 17-Sep-2026 09:18:31 [---]    max memory usage when idle: 8929.14 MB
client-phone-1  | 17-Sep-2026 09:18:31 [---]    max disk usage: 2.00 GB
client-phone-1  | 17-Sep-2026 09:18:31 [---]    don't use GPU while active
client-phone-1  | 17-Sep-2026 09:18:31 [---]    suspend work if non-BOINC CPU load exceeds 25%
client-phone-1  | 17-Sep-2026 09:18:31 [---]    (to change preferences, visit a project web site or select Preferences in the Manager)
client-phone-1  | 17-Sep-2026 09:18:31 [---] Setting up project and slot directories
client-phone-1  | 17-Sep-2026 09:18:31 [---] Checking active tasks
client-phone-1  | 17-Sep-2026 09:18:31 [---] Setting up GUI RPC socket
client-phone-1  | dir_open: Could not open directory 'slots' from '/var/lib/boinc-client'.
client-phone-1  | 17-Sep-2026 09:18:31 [---] Checking presence of 0 project files
client-phone-1  | 17-Sep-2026 09:18:31 [---] This computer is not attached to any projects
client-phone-1  | 17-Sep-2026 09:18:31 Initialization completed
client-phone-1  | dir_open: Could not open directory 'projects/boincserver.local_boincserver' from '/var/lib/boinc-client'.
client-phone-1  | 17-Sep-2026 09:18:32 [---] No general preferences found - using defaults
client-phone-1  | 17-Sep-2026 09:18:32 [---] Reading preferences override file
client-phone-1  | 17-Sep-2026 09:18:32 [---] Preferences:
client-phone-1  | 17-Sep-2026 09:18:32 [---]    max memory usage when active: 8929.14 MB
client-phone-1  | 17-Sep-2026 09:18:32 [---]    max memory usage when idle: 8929.14 MB
client-phone-1  | 17-Sep-2026 09:18:32 [---]    max disk usage: 2.00 GB
client-phone-1  | 17-Sep-2026 09:18:32 [---]    don't use GPU while active
client-phone-1  | 17-Sep-2026 09:18:32 [---]    suspend work if non-BOINC CPU load exceeds 25%
client-phone-1  | 17-Sep-2026 09:18:32 [---]    (to change preferences, visit a project web site or select Preferences in the Manager)
client-phone-1  | 17-Sep-2026 09:18:36 [http://boincserver.local/boincserver/] Fetching scheduler list
client-phone-1  | 17-Sep-2026 09:18:43 [http://boincserver.local/boincserver/] Master file download succeeded
client-phone-1  | 17-Sep-2026 09:18:48 [http://boincserver.local/boincserver/] Sending scheduler request: Project initialization.
client-phone-1  | 17-Sep-2026 09:18:48 [http://boincserver.local/boincserver/] Requesting new tasks for CPU
client-phone-1  | 17-Sep-2026 09:18:50 [boincserver] Scheduler request completed: got 1 new tasks
client-phone-1  | 17-Sep-2026 09:18:50 [boincserver] Project requested delay of 7 seconds
client-phone-1  | 17-Sep-2026 09:18:52 [boincserver] Started download of hybrid_synthetic_1.0_aarch64-unknown-linux-gnu
client-phone-1  | 17-Sep-2026 09:18:52 [boincserver] Started download of hybrid_synthetic_input.txt
client-phone-1  | 17-Sep-2026 09:18:54 [boincserver] Finished download of hybrid_synthetic_1.0_aarch64-unknown-linux-gnu
client-phone-1  | 17-Sep-2026 09:18:54 [boincserver] Finished download of hybrid_synthetic_input.txt
client-phone-1  | 17-Sep-2026 09:18:54 [boincserver] Elapsed time limit 50.000000 < 120.000000; setting to 43200.000000
client-phone-1  | 17-Sep-2026 09:18:54 [boincserver] Starting task exp_20260917T084802Z_round_robin_short_4_0
client-phone-1  | 17-Sep-2026 09:19:00 [boincserver] Sending scheduler request: To fetch work.
client-phone-1  | 17-Sep-2026 09:19:00 [boincserver] Requesting new tasks for CPU
client-phone-1  | 17-Sep-2026 09:19:02 [boincserver] Scheduler request completed: got 1 new tasks
client-phone-1  | 17-Sep-2026 09:19:02 [boincserver] Project requested delay of 7 seconds
client-phone-1  | 17-Sep-2026 09:19:03 [boincserver] Computation for task exp_20260917T084802Z_round_robin_short_4_0 finished
client-phone-1  | 17-Sep-2026 09:19:04 [boincserver] Elapsed time limit 50.000000 < 120.000000; setting to 43200.000000
client-phone-1  | 17-Sep-2026 09:19:04 [boincserver] Starting task exp_20260917T084802Z_round_robin_short_10_0
client-phone-1  | 17-Sep-2026 09:19:05 [boincserver] Started upload of exp_20260917T084802Z_round_robin_short_4_0_r950678076_0
client-phone-1  | 17-Sep-2026 09:19:07 [boincserver] Finished upload of exp_20260917T084802Z_round_robin_short_4_0_r950678076_0
client-phone-1  | 17-Sep-2026 09:19:12 [boincserver] Sending scheduler request: To report completed tasks.
client-phone-1  | 17-Sep-2026 09:19:12 [boincserver] Reporting 1 completed tasks
client-phone-1  | 17-Sep-2026 09:19:12 [boincserver] Requesting new tasks for CPU
client-phone-1  | 17-Sep-2026 09:19:13 [boincserver] Computation for task exp_20260917T084802Z_round_robin_short_10_0 finished
client-phone-1  | 17-Sep-2026 09:19:14 [boincserver] Scheduler request completed: got 1 new tasks
client-phone-1  | 17-Sep-2026 09:19:14 [boincserver] Project requested delay of 7 seconds
client-phone-1  | 17-Sep-2026 09:19:15 [boincserver] Started upload of exp_20260917T084802Z_round_robin_short_10_0_r2106821418_0
client-phone-1  | 17-Sep-2026 09:19:16 [boincserver] Starting task exp_20260917T084802Z_round_robin_medium_10_0
client-phone-1  | 17-Sep-2026 09:19:17 [boincserver] Finished upload of exp_20260917T084802Z_round_robin_short_10_0_r2106821418_0
client-phone-1  | 17-Sep-2026 09:19:24 [boincserver] Sending scheduler request: To report completed tasks.
client-phone-1  | 17-Sep-2026 09:19:24 [boincserver] Reporting 1 completed tasks
client-phone-1  | 17-Sep-2026 09:19:24 [boincserver] Requesting new tasks for CPU
client-phone-1  | 17-Sep-2026 09:19:26 [boincserver] Scheduler request completed: got 1 new tasks
client-phone-1  | 17-Sep-2026 09:19:26 [boincserver] Project requested delay of 7 seconds
client-phone-1  | 17-Sep-2026 09:19:37 [boincserver] Sending scheduler request: To fetch work.
client-phone-1  | 17-Sep-2026 09:19:37 [boincserver] Requesting new tasks for CPU
client-phone-1  | 17-Sep-2026 09:19:39 [boincserver] Scheduler request completed: got 0 new tasks
client-phone-1  | 17-Sep-2026 09:19:39 [boincserver] Project has no tasks available
client-phone-1  | 17-Sep-2026 09:19:39 [boincserver] Project requested delay of 7 seconds
client-phone-1  | 17-Sep-2026 09:19:50 [boincserver] Computation for task exp_20260917T084802Z_round_robin_medium_10_0 finished
client-phone-1  | 17-Sep-2026 09:19:50 [boincserver] Elapsed time limit 50.000000 < 120.000000; setting to 43200.000000
client-phone-1  | 17-Sep-2026 09:19:50 [boincserver] Starting task exp_20260917T084802Z_round_robin_short_16_0
client-phone-1  | 17-Sep-2026 09:19:52 [boincserver] Started upload of exp_20260917T084802Z_round_robin_medium_10_0_r1522124815_0
client-phone-1  | 17-Sep-2026 09:19:54 [boincserver] Finished upload of exp_20260917T084802Z_round_robin_medium_10_0_r1522124815_0
client-phone-1  | 17-Sep-2026 09:19:54 [boincserver] Sending scheduler request: To report completed tasks.
client-phone-2-1  | 17-Sep-2026 09:18:31 [---] Starting BOINC client version 7.20.5 for aarch64-unknown-linux-gnu
client-desktop-1  | 17-Sep-2026 09:18:31 [---] Starting BOINC client version 7.20.5 for aarch64-unknown-linux-gnu
client-desktop-1  | 17-Sep-2026 09:18:31 [---] This a development version of BOINC and may not function properly
client-desktop-1  | 17-Sep-2026 09:18:31 [---] log flags: file_xfer, sched_ops, task
mysql-1           | Initializing database
mysql-1           | 
makeproject-1     | Updating project files in data volume...
makeproject-1     | Waiting for MySQL server to start...
makeproject-1     | Creating database...
makeproject-1     | added platform: (create_time, name, user_friendly_name) values (1789636626, 'windows_intelx86', 'Microsoft Windows (98 or later) running on an Intel x86-compatible CPU')
makeproject-1     | added platform: (create_time, name, user_friendly_name) values (1789636626, 'windows_x86_64', 'Microsoft Windows running on an AMD x86_64 or Intel EM64T CPU')
mysql-1           | 
mysql-1           | PLEASE REMEMBER TO SET A PASSWORD FOR THE MariaDB root USER !
mysql-1           | To do so, start the server, then issue the following commands:
mysql-1           | 
mysql-1           | '/usr/bin/mysqladmin' -u root password 'new-password'
mysql-1           | '/usr/bin/mysqladmin' -u root -h  password 'new-password'
mysql-1           | 
mysql-1           | Alternatively you can run:
client-phone-1    | 17-Sep-2026 09:19:54 [boincserver] Reporting 1 completed tasks
client-phone-1    | 17-Sep-2026 09:19:54 [boincserver] Requesting new tasks for CPU
client-phone-1    | 17-Sep-2026 09:19:56 [boincserver] Scheduler request completed: got 0 new tasks
client-phone-2-1  | 17-Sep-2026 09:18:31 [---] This a development version of BOINC and may not function properly
client-phone-2-1  | 17-Sep-2026 09:18:31 [---] log flags: file_xfer, sched_ops, task
client-phone-2-1  | 17-Sep-2026 09:18:31 [---] Libraries: libcurl/7.88.1 OpenSSL/3.0.20 zlib/1.2.13 brotli/1.0.9 zstd/1.5.4 libidn2/2.3.3 libpsl/0.21.2 (+libidn2/2.3.3) libssh2/1.10.0 nghttp2/1.52.0 librtmp/2.3 OpenLDAP/2.5.13
client-phone-2-1  | 17-Sep-2026 09:18:31 [---] Data directory: /var/lib/boinc-client
makeproject-1     | added platform: (create_time, name, user_friendly_name) values (1789636626, 'windows_arm64', 'Microsoft Windows running on ARM 64-bit')
makeproject-1     | added platform: (create_time, name, user_friendly_name) values (1789636626, 'i686-pc-linux-gnu', 'Linux running on an Intel x86-compatible CPU')
makeproject-1     | added platform: (create_time, name, user_friendly_name) values (1789636626, 'x86_64-pc-linux-gnu', 'Linux running on an AMD x86_64 or Intel EM64T CPU')
makeproject-1     | added platform: (create_time, name, user_friendly_name) values (1789636626, 'powerpc-apple-darwin', 'Mac OS X 10.3 or later running on Motorola PowerPC')
makeproject-1     | added platform: (create_time, name, user_friendly_name) values (1789636626, 'i686-apple-darwin', 'Mac OS 10.4 or later running on Intel')
makeproject-1     | added platform: (create_time, name, user_friendly_name) values (1789636626, 'x86_64-apple-darwin', 'Intel 64-bit Mac OS 10.5 or later')
makeproject-1     | added platform: (create_time, name, user_friendly_name) values (1789636626, 'arm64-apple-darwin', 'Mac OS running on ARM')
makeproject-1     | added platform: (create_time, name, user_friendly_name) values (1789636626, 'sparc-sun-solaris2.7', 'Solaris 2.7 running on a SPARC-compatible CPU')
makeproject-1     | added platform: (create_time, name, user_friendly_name) values (1789636626, 'sparc-sun-solaris', 'Solaris 2.8 or later running on a SPARC-compatible CPU')
makeproject-1     | added platform: (create_time, name, user_friendly_name) values (1789636626, 'sparc64-sun-solaris', 'Solaris 2.8 or later running on a SPARC 64-bit CPU')
makeproject-1     | added platform: (create_time, name, user_friendly_name) values (1789636626, 'powerpc64-ps3-linux-gnu', 'Sony Playstation 3 running Linux')
makeproject-1     | added platform: (create_time, name, user_friendly_name) values (1789636626, 'arm-android-linux-gnu', 'Android running on ARM armeabi-v7a')
makeproject-1     | added platform: (create_time, name, user_friendly_name) values (1789636626, 'aarch64-android-linux-gnu', 'Android running on ARM 64-bit arm64-v8a')
makeproject-1     | added platform: (create_time, name, user_friendly_name) values (1789636626, 'x86_64-android-linux-gnu', 'Android running on Intel x64 compatible')
makeproject-1     | added platform: (create_time, name, user_friendly_name) values (1789636626, 'x86-android-linux-gnu', 'Android running on Intel x86 compatible')
makeproject-1     | added platform: (create_time, name, user_friendly_name) values (1789636626, 'arm-unknown-linux-gnueabihf', 'Linux running on ARM, hardware FP')
makeproject-1     | added platform: (create_time, name, user_friendly_name) values (1789636626, 'aarch64-unknown-linux-gnu', 'Linux running on ARM64')
makeproject-1     | added platform: (create_time, name, user_friendly_name) values (1789636626, 'anonymous', 'anonymous')
makeproject-1     | 
client-desktop-1  | 17-Sep-2026 09:18:31 [---] Libraries: libcurl/7.88.1 OpenSSL/3.0.20 zlib/1.2.13 brotli/1.0.9 zstd/1.5.4 libidn2/2.3.3 libpsl/0.21.2 (+libidn2/2.3.3) libssh2/1.10.0 nghttp2/1.52.0 librtmp/2.3 OpenLDAP/2.5.13
client-desktop-1  | 17-Sep-2026 09:18:31 [---] Data directory: /var/lib/boinc-client
client-desktop-1  | 17-Sep-2026 09:18:31 [---] No usable GPUs found
client-desktop-1  | 17-Sep-2026 09:18:31 [---] Creating new client state file
client-desktop-1  | 17-Sep-2026 09:18:31 [---] libc:  version 2.36
client-desktop-1  | 17-Sep-2026 09:18:31 [---] Host name: desktop-01
client-desktop-1  | 17-Sep-2026 09:18:31 [---] Processor: 2 ARM  [Impl 0x61 Arch 8 Variant 0x0 Part 0x000 Rev 0]
client-desktop-1  | 17-Sep-2026 09:18:31 [---] Processor features: fp asimd evtstrm aes pmull sha1 sha2 crc32 atomics fphp asimdhp cpuid asimdrdm jscvt fcma lrcpc dcpop sha3 asimddp sha512 asimdfhm dit uscat ilrcpc flagm sb paca pacg dcpodp flagm2 frint i8mm bf16 bti afp
client-desktop-1  | 17-Sep-2026 09:18:31 [---] OS: Linux Debian GNU/Linux: Debian GNU/Linux 12 (bookworm) [6.8.0-100-generic|libc 2.36]
client-desktop-1  | 17-Sep-2026 09:18:31 [---] Memory: 9.69 GB physical, 0 bytes virtual
client-desktop-1  | 17-Sep-2026 09:18:31 [---] Disk: 18.33 GB total, 15.35 GB free
client-phone-2-1  | 17-Sep-2026 09:18:31 [---] No usable GPUs found
client-phone-2-1  | 17-Sep-2026 09:18:31 [---] Creating new client state file
client-phone-2-1  | 17-Sep-2026 09:18:31 [---] libc:  version 2.36
client-phone-2-1  | 17-Sep-2026 09:18:31 [---] Host name: phone-02
client-phone-2-1  | 17-Sep-2026 09:18:31 [---] Processor: 1 ARM  [Impl 0x61 Arch 8 Variant 0x0 Part 0x000 Rev 0]
client-phone-2-1  | 17-Sep-2026 09:18:31 [---] Processor features: fp asimd evtstrm aes pmull sha1 sha2 crc32 atomics fphp asimdhp cpuid asimdrdm jscvt fcma lrcpc dcpop sha3 asimddp sha512 asimdfhm dit uscat ilrcpc flagm sb paca pacg dcpodp flagm2 frint i8mm bf16 bti afp
client-phone-2-1  | 17-Sep-2026 09:18:31 [---] OS: Linux Debian GNU/Linux: Debian GNU/Linux 12 (bookworm) [6.8.0-100-generic|libc 2.36]
client-phone-2-1  | 17-Sep-2026 09:18:31 [---] Memory: 9.69 GB physical, 0 bytes virtual
client-phone-2-1  | 17-Sep-2026 09:18:31 [---] Disk: 18.33 GB total, 15.35 GB free
client-phone-2-1  | 17-Sep-2026 09:18:31 [---] Local time is UTC +0 hours
client-phone-2-1  | 17-Sep-2026 09:18:31 [---] Config: GUI RPC allowed from any host
client-phone-2-1  | 17-Sep-2026 09:18:31 [---] Config: simulate 1 CPUs
client-phone-2-1  | 17-Sep-2026 09:18:31 [---] Config: report completed tasks immediately
client-phone-2-1  | 17-Sep-2026 09:18:31 [---] No general preferences found - using defaults
client-phone-2-1  | 17-Sep-2026 09:18:31 [---] Reading preferences override file
client-phone-2-1  | 17-Sep-2026 09:18:31 [---] Preferences:
client-phone-2-1  | 17-Sep-2026 09:18:31 [---]    max memory usage when active: 8929.14 MB
client-phone-2-1  | 17-Sep-2026 09:18:31 [---]    max memory usage when idle: 8929.14 MB
client-phone-2-1  | 17-Sep-2026 09:18:31 [---]    max disk usage: 2.00 GB
client-phone-2-1  | 17-Sep-2026 09:18:31 [---]    don't use GPU while active
client-phone-2-1  | 17-Sep-2026 09:18:31 [---]    suspend work if non-BOINC CPU load exceeds 25%
client-phone-2-1  | 17-Sep-2026 09:18:31 [---]    (to change preferences, visit a project web site or select Preferences in the Manager)
client-phone-2-1  | 17-Sep-2026 09:18:31 [---] Setting up project and slot directories
client-phone-2-1  | 17-Sep-2026 09:18:31 [---] Checking active tasks
client-phone-2-1  | 17-Sep-2026 09:18:31 [---] Setting up GUI RPC socket
client-phone-2-1  | 17-Sep-2026 09:18:31 [---] Checking presence of 0 project files
client-phone-2-1  | 17-Sep-2026 09:18:31 [---] This computer is not attached to any projects
client-phone-2-1  | 17-Sep-2026 09:18:31 Initialization completed
client-phone-2-1  | dir_open: Could not open directory 'slots' from '/var/lib/boinc-client'.
client-phone-2-1  | dir_open: Could not open directory 'projects/boincserver.local_boincserver' from '/var/lib/boinc-client'.
client-phone-2-1  | 17-Sep-2026 09:18:32 [---] No general preferences found - using defaults
client-phone-2-1  | 17-Sep-2026 09:18:32 [---] Reading preferences override file
client-phone-2-1  | 17-Sep-2026 09:18:32 [---] Preferences:
client-phone-2-1  | 17-Sep-2026 09:18:32 [---]    max memory usage when active: 8929.14 MB
client-phone-2-1  | 17-Sep-2026 09:18:32 [---]    max memory usage when idle: 8929.14 MB
client-phone-2-1  | 17-Sep-2026 09:18:32 [---]    max disk usage: 2.00 GB
client-phone-2-1  | 17-Sep-2026 09:18:32 [---]    don't use GPU while active
client-phone-2-1  | 17-Sep-2026 09:18:32 [---]    suspend work if non-BOINC CPU load exceeds 25%
client-phone-2-1  | 17-Sep-2026 09:18:32 [---]    (to change preferences, visit a project web site or select Preferences in the Manager)
client-phone-2-1  | 17-Sep-2026 09:18:36 [http://boincserver.local/boincserver/] Fetching scheduler list
client-phone-2-1  | 17-Sep-2026 09:18:38 [http://boincserver.local/boincserver/] Master file download succeeded
client-phone-2-1  | 17-Sep-2026 09:18:43 [http://boincserver.local/boincserver/] Sending scheduler request: Project initialization.
client-phone-2-1  | 17-Sep-2026 09:18:43 [http://boincserver.local/boincserver/] Requesting new tasks for CPU
client-phone-2-1  | 17-Sep-2026 09:18:45 [boincserver] Scheduler request completed: got 1 new tasks
client-phone-2-1  | 17-Sep-2026 09:18:45 [boincserver] Project requested delay of 7 seconds
client-phone-2-1  | 17-Sep-2026 09:18:47 [boincserver] Started download of hybrid_synthetic_1.0_aarch64-unknown-linux-gnu
client-phone-2-1  | 17-Sep-2026 09:18:47 [boincserver] Started download of hybrid_synthetic_input.txt
client-phone-2-1  | 17-Sep-2026 09:18:49 [boincserver] Finished download of hybrid_synthetic_1.0_aarch64-unknown-linux-gnu
client-phone-2-1  | 17-Sep-2026 09:18:49 [boincserver] Finished download of hybrid_synthetic_input.txt
client-phone-2-1  | 17-Sep-2026 09:18:49 [boincserver] Elapsed time limit 50.000000 < 120.000000; setting to 43200.000000
client-phone-2-1  | 17-Sep-2026 09:18:49 [boincserver] Starting task exp_20260917T084802Z_round_robin_short_1_0
client-phone-2-1  | 17-Sep-2026 09:18:55 [boincserver] Sending scheduler request: To fetch work.
client-phone-2-1  | 17-Sep-2026 09:18:55 [boincserver] Requesting new tasks for CPU
client-phone-2-1  | 17-Sep-2026 09:18:57 [boincserver] Computation for task exp_20260917T084802Z_round_robin_short_1_0 finished
client-phone-2-1  | 17-Sep-2026 09:18:57 [boincserver] Scheduler request completed: got 1 new tasks
client-phone-2-1  | 17-Sep-2026 09:18:57 [boincserver] Project requested delay of 7 seconds
client-phone-2-1  | 17-Sep-2026 09:18:59 [boincserver] Started upload of exp_20260917T084802Z_round_robin_short_1_0_r2075537178_0
client-phone-2-1  | 17-Sep-2026 09:18:59 [boincserver] Elapsed time limit 50.000000 < 120.000000; setting to 43200.000000
client-phone-2-1  | 17-Sep-2026 09:18:59 [boincserver] Starting task exp_20260917T084802Z_round_robin_short_13_0
client-phone-2-1  | 17-Sep-2026 09:19:01 [boincserver] Finished upload of exp_20260917T084802Z_round_robin_short_1_0_r2075537178_0
client-phone-2-1  | 17-Sep-2026 09:19:07 [boincserver] Sending scheduler request: To report completed tasks.
client-phone-2-1  | 17-Sep-2026 09:19:07 [boincserver] Reporting 1 completed tasks
client-phone-2-1  | 17-Sep-2026 09:19:07 [boincserver] Requesting new tasks for CPU
client-phone-2-1  | 17-Sep-2026 09:19:08 [boincserver] Computation for task exp_20260917T084802Z_round_robin_short_13_0 finished
client-phone-2-1  | 17-Sep-2026 09:19:09 [boincserver] Scheduler request completed: got 1 new tasks
client-phone-2-1  | 17-Sep-2026 09:19:09 [boincserver] Project requested delay of 7 seconds
client-phone-2-1  | 17-Sep-2026 09:19:10 [boincserver] Started upload of exp_20260917T084802Z_round_robin_short_13_0_r313568487_0
client-phone-2-1  | 17-Sep-2026 09:19:11 [boincserver] Starting task exp_20260917T084802Z_round_robin_medium_1_0
client-phone-2-1  | 17-Sep-2026 09:19:12 [boincserver] Finished upload of exp_20260917T084802Z_round_robin_short_13_0_r313568487_0
client-phone-2-1  | 17-Sep-2026 09:19:19 [boincserver] Sending scheduler request: To report completed tasks.
client-phone-2-1  | 17-Sep-2026 09:19:19 [boincserver] Reporting 1 completed tasks
client-phone-2-1  | 17-Sep-2026 09:19:19 [boincserver] Requesting new tasks for CPU
client-phone-2-1  | 17-Sep-2026 09:19:21 [boincserver] Scheduler request completed: got 1 new tasks
client-phone-2-1  | 17-Sep-2026 09:19:21 [boincserver] Project requested delay of 7 seconds
client-phone-2-1  | 17-Sep-2026 09:19:32 [boincserver] Sending scheduler request: To fetch work.
client-phone-2-1  | 17-Sep-2026 09:19:32 [boincserver] Requesting new tasks for CPU
client-phone-2-1  | 17-Sep-2026 09:19:34 [boincserver] Scheduler request completed: got 0 new tasks
client-phone-2-1  | 17-Sep-2026 09:19:34 [boincserver] Project has no tasks available
client-phone-2-1  | 17-Sep-2026 09:19:34 [boincserver] Project requested delay of 7 seconds
client-phone-2-1  | 17-Sep-2026 09:19:46 [boincserver] Computation for task exp_20260917T084802Z_round_robin_medium_1_0 finished
client-phone-2-1  | 17-Sep-2026 09:19:46 [boincserver] Elapsed time limit 50.000000 < 120.000000; setting to 43200.000000
client-phone-2-1  | 17-Sep-2026 09:19:46 [boincserver] Starting task exp_20260917T084802Z_round_robin_short_7_0
client-phone-2-1  | 17-Sep-2026 09:19:48 [boincserver] Started upload of exp_20260917T084802Z_round_robin_medium_1_0_r1349793598_0
client-phone-2-1  | 17-Sep-2026 09:19:50 [boincserver] Finished upload of exp_20260917T084802Z_round_robin_medium_1_0_r1349793598_0
client-phone-1    | 17-Sep-2026 09:19:56 [boincserver] Project has no tasks available
client-phone-1    | 17-Sep-2026 09:19:56 [boincserver] Project requested delay of 7 seconds
client-phone-1    | 17-Sep-2026 09:19:58 [boincserver] Computation for task exp_20260917T084802Z_round_robin_short_16_0 finished
client-phone-1    | 17-Sep-2026 09:20:00 [boincserver] Started upload of exp_20260917T084802Z_round_robin_short_16_0_r1652892988_0
client-phone-1    | 17-Sep-2026 09:20:02 [boincserver] Finished upload of exp_20260917T084802Z_round_robin_short_16_0_r1652892988_0
client-phone-1    | 17-Sep-2026 09:20:06 [boincserver] Sending scheduler request: To report completed tasks.
client-phone-1    | 17-Sep-2026 09:20:06 [boincserver] Reporting 1 completed tasks
client-phone-1    | 17-Sep-2026 09:20:06 [boincserver] Requesting new tasks for CPU
client-phone-1    | 17-Sep-2026 09:20:13 [boincserver] Scheduler request completed: got 0 new tasks
client-phone-1    | 17-Sep-2026 09:20:13 [boincserver] Project has no tasks available
client-phone-1    | 17-Sep-2026 09:20:13 [boincserver] Project requested delay of 7 seconds
client-phone-1    | 17-Sep-2026 09:20:23 [boincserver] Sending scheduler request: To fetch work.
client-phone-1    | 17-Sep-2026 09:20:23 [boincserver] Requesting new tasks for CPU
client-phone-1    | 17-Sep-2026 09:20:25 [boincserver] Scheduler request completed: got 0 new tasks
mysql-1           | '/usr/bin/mysql_secure_installation'
mysql-1           | 
mysql-1           | which will also give you the option of removing the test
client-phone-1    | 17-Sep-2026 09:20:25 [boincserver] Project has no tasks available
client-phone-1    | 17-Sep-2026 09:20:25 [boincserver] Project requested delay of 7 seconds
client-desktop-1  | 17-Sep-2026 09:18:31 [---] Local time is UTC +0 hours
client-phone-2-1  | 17-Sep-2026 09:19:54 [boincserver] Sending scheduler request: To report completed tasks.
client-phone-2-1  | 17-Sep-2026 09:19:54 [boincserver] Reporting 1 completed tasks
mysql-1           | databases and anonymous user created by default.  This is
mysql-1           | strongly recommended for production servers.
mysql-1           | 
mysql-1           | See the MariaDB Knowledgebase at http://mariadb.com/kb or the
mysql-1           | MySQL manual for more instructions.
mysql-1           | 
mysql-1           | Please report any problems at http://mariadb.org/jira
mysql-1           | 
mysql-1           | The latest information about MariaDB is available at http://mariadb.org/.
mysql-1           | You can find additional information about the MySQL part at:
mysql-1           | http://dev.mysql.com
client-desktop-1  | 17-Sep-2026 09:18:31 [---] Config: GUI RPC allowed from any host
client-desktop-1  | 17-Sep-2026 09:18:31 [---] Config: simulate 2 CPUs
mysql-1           | Consider joining MariaDB's strong and vibrant community:
mysql-1           | https://mariadb.org/get-involved/
mysql-1           | 
mysql-1           | Database initialized
mysql-1           | MySQL init process in progress...
client-desktop-1  | 17-Sep-2026 09:18:31 [---] Config: report completed tasks immediately
client-desktop-1  | 17-Sep-2026 09:18:31 [---] No general preferences found - using defaults
client-desktop-1  | 17-Sep-2026 09:18:31 [---] Reading preferences override file
client-desktop-1  | 17-Sep-2026 09:18:31 [---] Preferences:
client-desktop-1  | 17-Sep-2026 09:18:31 [---]    max memory usage when active: 8929.14 MB
client-desktop-1  | 17-Sep-2026 09:18:31 [---]    max memory usage when idle: 8929.14 MB
client-desktop-1  | 17-Sep-2026 09:18:31 [---]    max disk usage: 2.00 GB
client-desktop-1  | 17-Sep-2026 09:18:31 [---]    don't use GPU while active
client-desktop-1  | 17-Sep-2026 09:18:31 [---]    suspend work if non-BOINC CPU load exceeds 25%
client-desktop-1  | 17-Sep-2026 09:18:31 [---]    (to change preferences, visit a project web site or select Preferences in the Manager)
client-desktop-1  | 17-Sep-2026 09:18:31 [---] Setting up project and slot directories
client-desktop-1  | 17-Sep-2026 09:18:31 [---] Checking active tasks
client-desktop-1  | 17-Sep-2026 09:18:31 [---] Setting up GUI RPC socket
client-desktop-1  | 17-Sep-2026 09:18:31 [---] Checking presence of 0 project files
client-desktop-1  | 17-Sep-2026 09:18:31 [---] This computer is not attached to any projects
client-desktop-1  | 17-Sep-2026 09:18:31 Initialization completed
client-desktop-1  | dir_open: Could not open directory 'slots' from '/var/lib/boinc-client'.
client-desktop-1  | dir_open: Could not open directory 'projects/boincserver.local_boincserver' from '/var/lib/boinc-client'.
client-phone-2-1  | 17-Sep-2026 09:19:54 [boincserver] Requesting new tasks for CPU
client-phone-2-1  | 17-Sep-2026 09:19:56 [boincserver] Computation for task exp_20260917T084802Z_round_robin_short_7_0 finished
client-phone-2-1  | 17-Sep-2026 09:19:58 [boincserver] Started upload of exp_20260917T084802Z_round_robin_short_7_0_r1371017853_0
mysql-1           | 2026-09-17  9:16:57 0 [Note] mysqld (mysqld 10.3.8-MariaDB-1:10.3.8+maria~bionic) starting as process 104 ...
mysql-1           | 2026-09-17  9:16:57 0 [Note] InnoDB: Using Linux native AIO
mysql-1           | 2026-09-17  9:16:57 0 [Note] InnoDB: Mutexes and rw_locks use GCC atomic builtins
mysql-1           | 2026-09-17  9:16:57 0 [Note] InnoDB: Uses event mutexes
mysql-1           | 2026-09-17  9:16:57 0 [Note] InnoDB: Compressed tables use zlib 1.2.11
client-desktop-1  | 17-Sep-2026 09:18:32 [---] No general preferences found - using defaults
client-desktop-1  | 17-Sep-2026 09:18:32 [---] Reading preferences override file
mysql-1           | 2026-09-17  9:16:57 0 [Note] InnoDB: Number of pools: 1
mysql-1           | 2026-09-17  9:16:57 0 [Note] InnoDB: Using generic crc32 instructions
mysql-1           | 2026-09-17  9:16:57 0 [Note] InnoDB: Initializing buffer pool, total size = 256M, instances = 1, chunk size = 128M
mysql-1           | 2026-09-17  9:16:57 0 [Note] InnoDB: Completed initialization of buffer pool
client-phone-2-1  | 17-Sep-2026 09:20:00 [boincserver] Finished upload of exp_20260917T084802Z_round_robin_short_7_0_r1371017853_0
client-phone-2-1  | 17-Sep-2026 09:20:01 [boincserver] Scheduler request completed: got 0 new tasks
client-phone-2-1  | 17-Sep-2026 09:20:01 [boincserver] Project has no tasks available
client-phone-2-1  | 17-Sep-2026 09:20:01 [boincserver] Project requested delay of 7 seconds
client-phone-2-1  | 17-Sep-2026 09:20:11 [boincserver] Sending scheduler request: To report completed tasks.
mysql-1           | 2026-09-17  9:16:57 0 [Note] InnoDB: If the mysqld execution user is authorized, page cleaner thread priority can be changed. See the man page of setpriority().
mysql-1           | 2026-09-17  9:16:57 0 [Note] InnoDB: 128 out of 128 rollback segments are active.
mysql-1           | 2026-09-17  9:16:57 0 [Note] InnoDB: Creating shared tablespace for temporary tables
client-phone-2-1  | 17-Sep-2026 09:20:11 [boincserver] Reporting 1 completed tasks
client-phone-2-1  | 17-Sep-2026 09:20:11 [boincserver] Requesting new tasks for CPU
client-phone-2-1  | 17-Sep-2026 09:20:13 [boincserver] Scheduler request completed: got 0 new tasks
client-phone-2-1  | 17-Sep-2026 09:20:13 [boincserver] Project has no tasks available
client-phone-2-1  | 17-Sep-2026 09:20:13 [boincserver] Project requested delay of 7 seconds
client-desktop-1  | 17-Sep-2026 09:18:32 [---] Preferences:
client-desktop-1  | 17-Sep-2026 09:18:32 [---]    max memory usage when active: 8929.14 MB
client-desktop-1  | 17-Sep-2026 09:18:32 [---]    max memory usage when idle: 8929.14 MB
client-desktop-1  | 17-Sep-2026 09:18:32 [---]    max disk usage: 2.00 GB
client-desktop-1  | 17-Sep-2026 09:18:32 [---]    don't use GPU while active
client-desktop-1  | 17-Sep-2026 09:18:32 [---]    suspend work if non-BOINC CPU load exceeds 25%
client-cluster-2-1  | 17-Sep-2026 09:18:31 [---] Starting BOINC client version 7.20.5 for aarch64-unknown-linux-gnu
client-cluster-2-1  | 17-Sep-2026 09:18:31 [---] This a development version of BOINC and may not function properly
client-cluster-2-1  | 17-Sep-2026 09:18:31 [---] log flags: file_xfer, sched_ops, task
apache-1          | /usr/lib/python2.7/dist-packages/supervisor/options.py:461: UserWarning: Supervisord is running as root and it is searching for its configuration file in default locations (including its current working directory); you probably want to specify a "-c" argument specifying an absolute path to a configuration file for improved security.
apache-1            |   'Supervisord is running as root and it is searching '
apache-1            | 2026-09-17 09:16:55,877 CRIT Supervisor is running as root.  Privileges were not dropped because no user is specified in the config file.  If you intend to run as root, you can set user=root in the config file to avoid this message.
apache-1            | 2026-09-17 09:16:55,877 INFO Included extra file "/etc/supervisor/conf.d/supervisord.conf" during parsing
apache-1            | 2026-09-17 09:16:55,881 INFO RPC interface 'supervisor' initialized
apache-1            | 2026-09-17 09:16:55,881 CRIT Server 'unix_http_server' running without any HTTP authentication checking
apache-1            | 2026-09-17 09:16:55,881 INFO supervisord started with pid 1
apache-1            | 2026-09-17 09:16:56,886 INFO spawned: 'cron' with pid 9
apache-1            | 2026-09-17 09:16:56,889 INFO spawned: 'start' with pid 10
apache-1            | 2026-09-17 09:16:56,890 INFO spawned: 'rsyslogd' with pid 11
apache-1            | 2026-09-17 09:16:56,893 INFO spawned: 'apache2' with pid 12
apache-1            | 2026-09-17 09:16:58,857 INFO success: cron entered RUNNING state, process has stayed up for > than 1 seconds (startsecs)
apache-1            | 2026-09-17 09:16:58,857 INFO success: start entered RUNNING state, process has stayed up for > than 1 seconds (startsecs)
apache-1            | 2026-09-17 09:16:58,857 INFO success: rsyslogd entered RUNNING state, process has stayed up for > than 1 seconds (startsecs)
apache-1            | 2026-09-17 09:16:58,857 INFO success: apache2 entered RUNNING state, process has stayed up for > than 1 seconds (startsecs)
client-desktop-1    | 17-Sep-2026 09:18:32 [---]    (to change preferences, visit a project web site or select Preferences in the Manager)
client-desktop-1    | 17-Sep-2026 09:18:36 [http://boincserver.local/boincserver/] Fetching scheduler list
client-desktop-1    | 17-Sep-2026 09:18:38 [http://boincserver.local/boincserver/] Master file download succeeded
client-desktop-1    | 17-Sep-2026 09:18:43 [http://boincserver.local/boincserver/] Sending scheduler request: Project initialization.
client-desktop-1    | 17-Sep-2026 09:18:43 [http://boincserver.local/boincserver/] Requesting new tasks for CPU
client-desktop-1    | 17-Sep-2026 09:18:45 [boincserver] Scheduler request completed: got 1 new tasks
client-desktop-1    | 17-Sep-2026 09:18:45 [boincserver] Project requested delay of 7 seconds
client-phone-2-1  | 17-Sep-2026 09:20:23 [boincserver] Sending scheduler request: To fetch work.
client-phone-2-1    | 17-Sep-2026 09:20:23 [boincserver] Requesting new tasks for CPU
client-phone-2-1    | 17-Sep-2026 09:20:25 [boincserver] Scheduler request completed: got 0 new tasks
client-phone-2-1    | 17-Sep-2026 09:20:25 [boincserver] Project has no tasks available
client-phone-2-1    | 17-Sep-2026 09:20:25 [boincserver] Project requested delay of 7 seconds
client-cluster-2-1  | 17-Sep-2026 09:18:31 [---] Libraries: libcurl/7.88.1 OpenSSL/3.0.20 zlib/1.2.13 brotli/1.0.9 zstd/1.5.4 libidn2/2.3.3 libpsl/0.21.2 (+libidn2/2.3.3) libssh2/1.10.0 nghttp2/1.52.0 librtmp/2.3 OpenLDAP/2.5.13
client-cluster-2-1  | 17-Sep-2026 09:18:31 [---] Data directory: /var/lib/boinc-client
client-cluster-2-1  | 17-Sep-2026 09:18:31 [---] No usable GPUs found
client-cluster-2-1  | 17-Sep-2026 09:18:31 [---] Creating new client state file
apache-1            | 2026-09-17 09:17:12,382 INFO reaped unknown pid 67
apache-1            | 2026-09-17 09:17:12,382 INFO reaped unknown pid 69
apache-1            | 2026-09-17 09:17:12,382 INFO reaped unknown pid 71
client-desktop-1    | 17-Sep-2026 09:18:47 [boincserver] Started download of hybrid_synthetic_1.0_aarch64-unknown-linux-gnu
client-desktop-1    | 17-Sep-2026 09:18:47 [boincserver] Started download of hybrid_synthetic_input.txt
client-desktop-1    | 17-Sep-2026 09:18:49 [boincserver] Finished download of hybrid_synthetic_1.0_aarch64-unknown-linux-gnu
client-desktop-1    | 17-Sep-2026 09:18:49 [boincserver] Finished download of hybrid_synthetic_input.txt
client-low-power-1  | 17-Sep-2026 09:18:36 [---] Starting BOINC client version 7.20.5 for aarch64-unknown-linux-gnu
client-low-power-1  | 17-Sep-2026 09:18:36 [---] This a development version of BOINC and may not function properly
client-low-power-1  | 17-Sep-2026 09:18:36 [---] log flags: file_xfer, sched_ops, task
client-low-power-1  | 17-Sep-2026 09:18:36 [---] Libraries: libcurl/7.88.1 OpenSSL/3.0.20 zlib/1.2.13 brotli/1.0.9 zstd/1.5.4 libidn2/2.3.3 libpsl/0.21.2 (+libidn2/2.3.3) libssh2/1.10.0 nghttp2/1.52.0 librtmp/2.3 OpenLDAP/2.5.13
client-low-power-1  | 17-Sep-2026 09:18:36 [---] Data directory: /var/lib/boinc-client
mysql-1           | 2026-09-17  9:16:57 0 [Note] InnoDB: Setting file './ibtmp1' size to 12 MB. Physically writing the file full; Please wait ...
mysql-1             | 2026-09-17  9:16:57 0 [Note] InnoDB: File './ibtmp1' size is now 12 MB.
client-low-power-1  | 17-Sep-2026 09:18:36 [---] No usable GPUs found
client-low-power-1  | 17-Sep-2026 09:18:36 [---] Creating new client state file
client-low-power-1  | 17-Sep-2026 09:18:36 [---] libc:  version 2.36
client-low-power-1  | 17-Sep-2026 09:18:36 [---] Host name: low-power-01
client-low-power-1  | 17-Sep-2026 09:18:36 [---] Processor: 1 ARM  [Impl 0x61 Arch 8 Variant 0x0 Part 0x000 Rev 0]
client-low-power-1  | 17-Sep-2026 09:18:36 [---] Processor features: fp asimd evtstrm aes pmull sha1 sha2 crc32 atomics fphp asimdhp cpuid asimdrdm jscvt fcma lrcpc dcpop sha3 asimddp sha512 asimdfhm dit uscat ilrcpc flagm sb paca pacg dcpodp flagm2 frint i8mm bf16 bti afp
client-low-power-1  | 17-Sep-2026 09:18:36 [---] OS: Linux Debian GNU/Linux: Debian GNU/Linux 12 (bookworm) [6.8.0-100-generic|libc 2.36]
client-desktop-1    | 17-Sep-2026 09:18:49 [boincserver] Elapsed time limit 50.000000 < 120.000000; setting to 43200.000000
client-desktop-1    | 17-Sep-2026 09:18:49 [boincserver] Starting task exp_20260917T084802Z_round_robin_short_2_0
client-desktop-1    | 17-Sep-2026 09:18:55 [boincserver] Sending scheduler request: To fetch work.
client-desktop-1    | 17-Sep-2026 09:18:55 [boincserver] Requesting new tasks for CPU
client-cluster-1  | 17-Sep-2026 09:18:36 [---] Starting BOINC client version 7.20.5 for aarch64-unknown-linux-gnu
client-cluster-1    | 17-Sep-2026 09:18:36 [---] This a development version of BOINC and may not function properly
client-cluster-2-1  | 17-Sep-2026 09:18:31 [---] libc:  version 2.36
client-cluster-2-1  | 17-Sep-2026 09:18:31 [---] Host name: cluster-02
client-cluster-2-1  | 17-Sep-2026 09:18:31 [---] Processor: 4 ARM  [Impl 0x61 Arch 8 Variant 0x0 Part 0x000 Rev 0]
client-cluster-2-1  | 17-Sep-2026 09:18:31 [---] Processor features: fp asimd evtstrm aes pmull sha1 sha2 crc32 atomics fphp asimdhp cpuid asimdrdm jscvt fcma lrcpc dcpop sha3 asimddp sha512 asimdfhm dit uscat ilrcpc flagm sb paca pacg dcpodp flagm2 frint i8mm bf16 bti afp
client-cluster-2-1  | 17-Sep-2026 09:18:31 [---] OS: Linux Debian GNU/Linux: Debian GNU/Linux 12 (bookworm) [6.8.0-100-generic|libc 2.36]
client-cluster-2-1  | 17-Sep-2026 09:18:31 [---] Memory: 9.69 GB physical, 0 bytes virtual
client-cluster-2-1  | 17-Sep-2026 09:18:31 [---] Disk: 18.33 GB total, 15.35 GB free
client-cluster-2-1  | 17-Sep-2026 09:18:31 [---] Local time is UTC +0 hours
client-cluster-2-1  | 17-Sep-2026 09:18:31 [---] Config: GUI RPC allowed from any host
apache-1            | 2026-09-17 09:17:13,932 INFO reaped unknown pid 70
apache-1            | 2026-09-17 09:17:13,932 INFO reaped unknown pid 72
apache-1            | 2026-09-17 09:17:13,933 INFO reaped unknown pid 68
apache-1            | 2026-09-17 09:17:22,139 INFO reaped unknown pid 156
client-low-power-1  | 17-Sep-2026 09:18:36 [---] Memory: 9.69 GB physical, 0 bytes virtual
client-low-power-1  | 17-Sep-2026 09:18:36 [---] Disk: 18.33 GB total, 15.35 GB free
client-low-power-1  | 17-Sep-2026 09:18:36 [---] Local time is UTC +0 hours
client-low-power-1  | 17-Sep-2026 09:18:36 [---] Config: GUI RPC allowed from any host
client-low-power-1  | 17-Sep-2026 09:18:36 [---] Config: simulate 1 CPUs
client-low-power-1  | 17-Sep-2026 09:18:36 [---] Config: report completed tasks immediately
apache-1            | 2026-09-17 09:17:22,139 INFO reaped unknown pid 158
apache-1            | 2026-09-17 09:17:22,139 INFO reaped unknown pid 160
apache-1            | 2026-09-17 09:17:22,140 INFO reaped unknown pid 162
apache-1            | 2026-09-17 09:17:22,140 INFO reaped unknown pid 164
apache-1            | 2026-09-17 09:20:01,948 INFO reaped unknown pid 432
client-cluster-2-1  | 17-Sep-2026 09:18:31 [---] Config: simulate 4 CPUs
client-cluster-2-1  | 17-Sep-2026 09:18:31 [---] Config: report completed tasks immediately
client-cluster-2-1  | 17-Sep-2026 09:18:31 [---] No general preferences found - using defaults
client-cluster-2-1  | 17-Sep-2026 09:18:31 [---] Reading preferences override file
client-cluster-2-1  | 17-Sep-2026 09:18:31 [---] Preferences:
client-cluster-2-1  | 17-Sep-2026 09:18:31 [---]    max memory usage when active: 8929.14 MB
client-cluster-2-1  | 17-Sep-2026 09:18:31 [---]    max memory usage when idle: 8929.14 MB
apache-1            | 2026-09-17 09:20:02,048 INFO reaped unknown pid 434
apache-1            | 2026-09-17 09:20:02,151 INFO reaped unknown pid 436
apache-1            | 2026-09-17 09:20:02,252 INFO reaped unknown pid 438
apache-1            | 2026-09-17 09:20:02,354 INFO reaped unknown pid 440
apache-1            | 2026-09-17 09:20:03,363 INFO reaped unknown pid 431
client-low-power-1  | 17-Sep-2026 09:18:36 [---] No general preferences found - using defaults
client-low-power-1  | 17-Sep-2026 09:18:36 [---] Reading preferences override file
client-cluster-2-1  | 17-Sep-2026 09:18:31 [---]    max disk usage: 2.00 GB
client-cluster-2-1  | 17-Sep-2026 09:18:31 [---]    don't use GPU while active
client-cluster-2-1  | 17-Sep-2026 09:18:31 [---]    suspend work if non-BOINC CPU load exceeds 25%
mysql-1             | 2026-09-17  9:16:57 0 [Note] InnoDB: 10.3.8 started; log sequence number 1630815; transaction id 21
mysql-1             | 2026-09-17  9:16:57 0 [Note] InnoDB: Loading buffer pool(s) from /var/lib/mysql/ib_buffer_pool
client-low-power-1  | 17-Sep-2026 09:18:36 [---] Preferences:
client-low-power-1  | 17-Sep-2026 09:18:36 [---]    max memory usage when active: 8929.14 MB
client-low-power-1  | 17-Sep-2026 09:18:36 [---]    max memory usage when idle: 8929.14 MB
client-low-power-1  | 17-Sep-2026 09:18:36 [---]    max disk usage: 2.00 GB
client-cluster-2-1  | 17-Sep-2026 09:18:31 [---]    (to change preferences, visit a project web site or select Preferences in the Manager)
client-cluster-2-1  | 17-Sep-2026 09:18:31 [---] Setting up project and slot directories
client-cluster-1    | 17-Sep-2026 09:18:36 [---] log flags: file_xfer, sched_ops, task
client-cluster-1    | 17-Sep-2026 09:18:36 [---] Libraries: libcurl/7.88.1 OpenSSL/3.0.20 zlib/1.2.13 brotli/1.0.9 zstd/1.5.4 libidn2/2.3.3 libpsl/0.21.2 (+libidn2/2.3.3) libssh2/1.10.0 nghttp2/1.52.0 librtmp/2.3 OpenLDAP/2.5.13
client-cluster-1    | 17-Sep-2026 09:18:36 [---] Data directory: /var/lib/boinc-client
client-cluster-1    | 17-Sep-2026 09:18:36 [---] No usable GPUs found
client-cluster-1    | 17-Sep-2026 09:18:36 [---] Creating new client state file
client-cluster-2-1  | 17-Sep-2026 09:18:31 [---] Checking active tasks
client-cluster-2-1  | 17-Sep-2026 09:18:31 [---] Setting up GUI RPC socket
client-cluster-2-1  | dir_open: Could not open directory 'slots' from '/var/lib/boinc-client'.
client-cluster-2-1  | 17-Sep-2026 09:18:31 [---] Checking presence of 0 project files
client-cluster-2-1  | 17-Sep-2026 09:18:31 [---] This computer is not attached to any projects
client-cluster-1    | 17-Sep-2026 09:18:36 [---] libc:  version 2.36
client-cluster-1    | 17-Sep-2026 09:18:36 [---] Host name: cluster-01
client-cluster-1    | 17-Sep-2026 09:18:36 [---] Processor: 4 ARM  [Impl 0x61 Arch 8 Variant 0x0 Part 0x000 Rev 0]
client-cluster-1    | 17-Sep-2026 09:18:36 [---] Processor features: fp asimd evtstrm aes pmull sha1 sha2 crc32 atomics fphp asimdhp cpuid asimdrdm jscvt fcma lrcpc dcpop sha3 asimddp sha512 asimdfhm dit uscat ilrcpc flagm sb paca pacg dcpodp flagm2 frint i8mm bf16 bti afp
client-cluster-1    | 17-Sep-2026 09:18:36 [---] OS: Linux Debian GNU/Linux: Debian GNU/Linux 12 (bookworm) [6.8.0-100-generic|libc 2.36]
client-cluster-1    | 17-Sep-2026 09:18:36 [---] Memory: 9.69 GB physical, 0 bytes virtual
client-low-power-1  | 17-Sep-2026 09:18:36 [---]    don't use GPU while active
client-low-power-1  | 17-Sep-2026 09:18:36 [---]    suspend work if non-BOINC CPU load exceeds 25%
client-low-power-1  | 17-Sep-2026 09:18:36 [---]    (to change preferences, visit a project web site or select Preferences in the Manager)
apache-1            | 2026-09-17 09:20:03,363 INFO reaped unknown pid 433
apache-1            | 2026-09-17 09:20:03,363 INFO reaped unknown pid 435
client-cluster-1    | 17-Sep-2026 09:18:36 [---] Disk: 18.33 GB total, 15.35 GB free
client-cluster-1    | 17-Sep-2026 09:18:36 [---] Local time is UTC +0 hours
client-cluster-1    | 17-Sep-2026 09:18:36 [---] Config: GUI RPC allowed from any host
client-cluster-1    | 17-Sep-2026 09:18:36 [---] Config: simulate 4 CPUs
client-cluster-2-1  | 17-Sep-2026 09:18:31 Initialization completed
client-cluster-2-1  | dir_open: Could not open directory 'projects/boincserver.local_boincserver' from '/var/lib/boinc-client'.
client-cluster-2-1  | 17-Sep-2026 09:18:32 [---] No general preferences found - using defaults
client-cluster-2-1  | 17-Sep-2026 09:18:32 [---] Reading preferences override file
mysql-1             | 2026-09-17  9:16:57 0 [Note] Plugin 'FEEDBACK' is disabled.
mysql-1             | 2026-09-17  9:16:57 0 [Note] InnoDB: Buffer pool(s) load completed at 260917  9:16:57
mysql-1             | 2026-09-17  9:16:57 0 [Warning] 'user' entry 'root@649341496f97' ignored in --skip-name-resolve mode.
mysql-1             | 2026-09-17  9:16:57 0 [Warning] 'user' entry '@649341496f97' ignored in --skip-name-resolve mode.
client-cluster-1    | 17-Sep-2026 09:18:36 [---] Config: report completed tasks immediately
client-cluster-1    | 17-Sep-2026 09:18:36 [---] No general preferences found - using defaults
client-cluster-1    | 17-Sep-2026 09:18:36 [---] Reading preferences override file
client-cluster-1    | 17-Sep-2026 09:18:36 [---] Preferences:
client-cluster-2-1  | 17-Sep-2026 09:18:32 [---] Preferences:
client-cluster-2-1  | 17-Sep-2026 09:18:32 [---]    max memory usage when active: 8929.14 MB
client-desktop-1    | 17-Sep-2026 09:18:57 [boincserver] Computation for task exp_20260917T084802Z_round_robin_short_2_0 finished
client-desktop-1    | 17-Sep-2026 09:18:59 [boincserver] Started upload of exp_20260917T084802Z_round_robin_short_2_0_r2080077894_0
client-desktop-1    | 17-Sep-2026 09:19:01 [boincserver] Finished upload of exp_20260917T084802Z_round_robin_short_2_0_r2080077894_0
apache-1            | 2026-09-17 09:20:03,363 INFO reaped unknown pid 437
apache-1            | 2026-09-17 09:20:03,363 INFO reaped unknown pid 439
apache-1            | 2026-09-17 09:20:03,363 INFO reaped unknown pid 441
apache-1            | 2026-09-17 09:20:03,363 INFO reaped unknown pid 442
apache-1            | 2026-09-17 09:20:03,363 INFO reaped unknown pid 449
apache-1            | 2026-09-17 09:20:03,363 INFO reaped unknown pid 451
apache-1            | 2026-09-17 09:20:03,363 INFO reaped unknown pid 453
apache-1            | 2026-09-17 09:20:03,363 INFO reaped unknown pid 455
apache-1            | 2026-09-17 09:20:03,363 INFO reaped unknown pid 457
apache-1            | 2026-09-17 09:20:07,685 INFO reaped unknown pid 446
mysql-1             | 2026-09-17  9:16:57 0 [Warning] 'proxies_priv' entry '@% root@649341496f97' ignored in --skip-name-resolve mode.
mysql-1             | 2026-09-17  9:16:57 0 [Note] Reading of all Master_info entries succeded
mysql-1             | 2026-09-17  9:16:57 0 [Note] Added new Master_info '' to hash table
mysql-1             | 2026-09-17  9:16:57 0 [Note] mysqld: ready for connections.
mysql-1             | Version: '10.3.8-MariaDB-1:10.3.8+maria~bionic'  socket: '/var/run/mysqld/mysqld.sock'  port: 0  mariadb.org binary distribution
mysql-1             | Warning: Unable to load '/usr/share/zoneinfo/leap-seconds.list' as time zone. Skipping it.
client-cluster-1    | 17-Sep-2026 09:18:36 [---]    max memory usage when active: 8929.14 MB
client-cluster-1    | 17-Sep-2026 09:18:36 [---]    max memory usage when idle: 8929.14 MB
client-cluster-1    | dir_open: Could not open directory 'slots' from '/var/lib/boinc-client'.
client-cluster-1    | 17-Sep-2026 09:18:36 [---]    max disk usage: 2.00 GB
client-cluster-1    | 17-Sep-2026 09:18:36 [---]    don't use GPU while active
mysql-1             | 2026-09-17  9:16:59 10 [Warning] 'proxies_priv' entry '@% root@649341496f97' ignored in --skip-name-resolve mode.
mysql-1             | 
mysql-1             | 2026-09-17  9:16:59 0 [Note] mysqld (initiated by: unknown): Normal shutdown
client-cluster-2-1  | 17-Sep-2026 09:18:32 [---]    max memory usage when idle: 8929.14 MB
client-cluster-2-1  | 17-Sep-2026 09:18:32 [---]    max disk usage: 2.00 GB
client-cluster-2-1  | 17-Sep-2026 09:18:32 [---]    don't use GPU while active
client-cluster-2-1  | 17-Sep-2026 09:18:32 [---]    suspend work if non-BOINC CPU load exceeds 25%
client-low-power-1  | 17-Sep-2026 09:18:36 [---] Setting up project and slot directories
client-low-power-1  | 17-Sep-2026 09:18:36 [---] Checking active tasks
client-low-power-1  | 17-Sep-2026 09:18:36 [---] Setting up GUI RPC socket
client-cluster-1    | 17-Sep-2026 09:18:36 [---]    suspend work if non-BOINC CPU load exceeds 25%
client-cluster-1    | 17-Sep-2026 09:18:36 [---]    (to change preferences, visit a project web site or select Preferences in the Manager)
client-cluster-1    | 17-Sep-2026 09:18:36 [---] Setting up project and slot directories
mysql-1             | 2026-09-17  9:16:59 0 [Note] Event Scheduler: Purging the queue. 0 events
mysql-1             | 2026-09-17  9:16:59 0 [Note] InnoDB: FTS optimize thread exiting.
mysql-1             | 2026-09-17  9:16:59 0 [Note] InnoDB: Starting shutdown...
mysql-1             | 2026-09-17  9:16:59 0 [Note] InnoDB: Dumping buffer pool(s) to /var/lib/mysql/ib_buffer_pool
client-low-power-1  | dir_open: Could not open directory 'slots' from '/var/lib/boinc-client'.
client-low-power-1  | 17-Sep-2026 09:18:36 [---] Checking presence of 0 project files
client-low-power-1  | 17-Sep-2026 09:18:36 [---] This computer is not attached to any projects
client-desktop-1    | 17-Sep-2026 09:19:02 [boincserver] Scheduler request completed: got 2 new tasks
client-desktop-1    | 17-Sep-2026 09:19:02 [boincserver] Project requested delay of 7 seconds
client-desktop-1    | 17-Sep-2026 09:19:04 [boincserver] Elapsed time limit 50.000000 < 120.000000; setting to 43200.000000
client-desktop-1    | 17-Sep-2026 09:19:04 [boincserver] Elapsed time limit 50.000000 < 120.000000; setting to 43200.000000
client-desktop-1    | 17-Sep-2026 09:19:04 [boincserver] Starting task exp_20260917T084802Z_round_robin_short_14_0
client-desktop-1    | 17-Sep-2026 09:19:04 [boincserver] Starting task exp_20260917T084802Z_round_robin_short_8_0
client-desktop-1    | 17-Sep-2026 09:19:12 [boincserver] Computation for task exp_20260917T084802Z_round_robin_short_14_0 finished
client-cluster-2-1  | 17-Sep-2026 09:18:32 [---]    (to change preferences, visit a project web site or select Preferences in the Manager)
client-cluster-2-1  | 17-Sep-2026 09:18:36 [http://boincserver.local/boincserver/] Fetching scheduler list
client-cluster-2-1  | 17-Sep-2026 09:18:38 [http://boincserver.local/boincserver/] Master file download succeeded
client-cluster-2-1  | 17-Sep-2026 09:18:43 [http://boincserver.local/boincserver/] Sending scheduler request: Project initialization.
mysql-1             | 2026-09-17  9:16:59 0 [Note] InnoDB: Buffer pool(s) dump completed at 260917  9:16:59
mysql-1             | 2026-09-17  9:17:00 0 [Note] InnoDB: Shutdown completed; log sequence number 1630824; transaction id 24
mysql-1             | 2026-09-17  9:17:00 0 [Note] InnoDB: Removed temporary tablespace data file: "ibtmp1"
mysql-1             | 2026-09-17  9:17:00 0 [Note] mysqld: Shutdown complete
mysql-1             | 
mysql-1             | 
mysql-1             | MySQL init process done. Ready for start up.
mysql-1             | 
client-desktop-1    | 17-Sep-2026 09:19:12 [boincserver] Sending scheduler request: To report completed tasks.
client-desktop-1    | 17-Sep-2026 09:19:12 [boincserver] Reporting 1 completed tasks
client-desktop-1    | 17-Sep-2026 09:19:12 [boincserver] Requesting new tasks for CPU
client-desktop-1    | 17-Sep-2026 09:19:13 [boincserver] Computation for task exp_20260917T084802Z_round_robin_short_8_0 finished
client-desktop-1    | 17-Sep-2026 09:19:14 [boincserver] Started upload of exp_20260917T084802Z_round_robin_short_14_0_r116132634_0
client-desktop-1    | 17-Sep-2026 09:19:14 [boincserver] Scheduler request completed: got 2 new tasks
client-desktop-1    | 17-Sep-2026 09:19:14 [boincserver] Project requested delay of 7 seconds
client-cluster-2-1  | 17-Sep-2026 09:18:43 [http://boincserver.local/boincserver/] Requesting new tasks for CPU
client-cluster-2-1  | 17-Sep-2026 09:18:45 [boincserver] Scheduler request completed: got 1 new tasks
client-cluster-2-1  | 17-Sep-2026 09:18:45 [boincserver] Project requested delay of 7 seconds
client-cluster-2-1  | 17-Sep-2026 09:18:47 [boincserver] Started download of hybrid_synthetic_1.0_aarch64-unknown-linux-gnu
client-cluster-2-1  | 17-Sep-2026 09:18:47 [boincserver] Started download of hybrid_synthetic_input.txt
client-desktop-1    | 17-Sep-2026 09:19:15 [boincserver] Started upload of exp_20260917T084802Z_round_robin_short_8_0_r877167907_0
client-desktop-1    | 17-Sep-2026 09:19:16 [boincserver] Finished upload of exp_20260917T084802Z_round_robin_short_14_0_r116132634_0
apache-1            | 2026-09-17 09:20:07,766 INFO reaped unknown pid 448
client-low-power-1  | 17-Sep-2026 09:18:36 Initialization completed
client-low-power-1  | dir_open: Could not open directory 'projects/boincserver.local_boincserver' from '/var/lib/boinc-client'.
client-cluster-2-1  | 17-Sep-2026 09:18:49 [boincserver] Finished download of hybrid_synthetic_1.0_aarch64-unknown-linux-gnu
client-cluster-2-1  | 17-Sep-2026 09:18:49 [boincserver] Finished download of hybrid_synthetic_input.txt
client-cluster-2-1  | 17-Sep-2026 09:18:49 [boincserver] Elapsed time limit 50.000000 < 120.000000; setting to 43200.000000
client-cluster-2-1  | 17-Sep-2026 09:18:49 [boincserver] Starting task exp_20260917T084802Z_round_robin_short_3_0
client-cluster-2-1  | 17-Sep-2026 09:18:55 [boincserver] Sending scheduler request: To fetch work.
client-cluster-2-1  | 17-Sep-2026 09:18:55 [boincserver] Requesting new tasks for CPU
mysql-1             | 2026-09-17  9:17:00 0 [Note] mysqld (mysqld 10.3.8-MariaDB-1:10.3.8+maria~bionic) starting as process 1 ...
mysql-1             | 2026-09-17  9:17:00 0 [Note] InnoDB: Using Linux native AIO
mysql-1             | 2026-09-17  9:17:00 0 [Note] InnoDB: Mutexes and rw_locks use GCC atomic builtins
mysql-1             | 2026-09-17  9:17:00 0 [Note] InnoDB: Uses event mutexes
client-cluster-1    | 17-Sep-2026 09:18:36 [---] Checking active tasks
client-cluster-1    | 17-Sep-2026 09:18:36 [---] Setting up GUI RPC socket
client-cluster-1    | 17-Sep-2026 09:18:36 [---] Checking presence of 0 project files
client-cluster-2-1  | 17-Sep-2026 09:18:57 [boincserver] Computation for task exp_20260917T084802Z_round_robin_short_3_0 finished
client-cluster-2-1  | 17-Sep-2026 09:18:57 [boincserver] Scheduler request completed: got 4 new tasks
client-cluster-2-1  | 17-Sep-2026 09:18:57 [boincserver] Project requested delay of 7 seconds
client-cluster-2-1  | 17-Sep-2026 09:18:59 [boincserver] Started upload of exp_20260917T084802Z_round_robin_short_3_0_r241369956_0
client-cluster-1    | 17-Sep-2026 09:18:36 [---] This computer is not attached to any projects
client-cluster-1    | 17-Sep-2026 09:18:36 Initialization completed
client-cluster-1    | dir_open: Could not open directory 'projects/boincserver.local_boincserver' from '/var/lib/boinc-client'.
client-cluster-1    | 17-Sep-2026 09:18:37 [---] No general preferences found - using defaults
client-cluster-1    | 17-Sep-2026 09:18:37 [---] Reading preferences override file
mysql-1             | 2026-09-17  9:17:00 0 [Note] InnoDB: Compressed tables use zlib 1.2.11
client-low-power-1  | 17-Sep-2026 09:18:37 [---] No general preferences found - using defaults
client-low-power-1  | 17-Sep-2026 09:18:37 [---] Reading preferences override file
client-cluster-2-1  | 17-Sep-2026 09:18:59 [boincserver] Elapsed time limit 50.000000 < 120.000000; setting to 43200.000000
client-cluster-2-1  | 17-Sep-2026 09:18:59 [boincserver] Elapsed time limit 50.000000 < 120.000000; setting to 43200.000000
client-cluster-2-1  | 17-Sep-2026 09:18:59 [boincserver] Starting task exp_20260917T084802Z_round_robin_short_9_0
client-cluster-2-1  | 17-Sep-2026 09:18:59 [boincserver] Starting task exp_20260917T084802Z_round_robin_medium_3_0
client-cluster-1    | 17-Sep-2026 09:18:37 [---] Preferences:
client-cluster-1    | 17-Sep-2026 09:18:37 [---]    max memory usage when active: 8929.14 MB
client-cluster-1    | 17-Sep-2026 09:18:37 [---]    max memory usage when idle: 8929.14 MB
client-cluster-1    | 17-Sep-2026 09:18:37 [---]    max disk usage: 2.00 GB
client-desktop-1    | 17-Sep-2026 09:19:16 [boincserver] Finished upload of exp_20260917T084802Z_round_robin_short_8_0_r877167907_0
client-desktop-1    | 17-Sep-2026 09:19:16 [boincserver] Starting task exp_20260917T084802Z_round_robin_medium_8_0
client-cluster-1    | 17-Sep-2026 09:18:37 [---]    don't use GPU while active
client-cluster-1    | 17-Sep-2026 09:18:37 [---]    suspend work if non-BOINC CPU load exceeds 25%
client-cluster-1    | 17-Sep-2026 09:18:37 [---]    (to change preferences, visit a project web site or select Preferences in the Manager)
client-cluster-1    | 17-Sep-2026 09:18:41 [http://boincserver.local/boincserver/] Fetching scheduler list
client-desktop-1    | 17-Sep-2026 09:19:16 [boincserver] Starting task exp_20260917T084802Z_round_robin_medium_7_0
client-desktop-1    | 17-Sep-2026 09:19:24 [boincserver] Sending scheduler request: To report completed tasks.
client-desktop-1    | 17-Sep-2026 09:19:24 [boincserver] Reporting 2 completed tasks
client-low-power-1  | 17-Sep-2026 09:18:37 [---] Preferences:
client-low-power-1  | 17-Sep-2026 09:18:37 [---]    max memory usage when active: 8929.14 MB
client-low-power-1  | 17-Sep-2026 09:18:37 [---]    max memory usage when idle: 8929.14 MB
client-low-power-1  | 17-Sep-2026 09:18:37 [---]    max disk usage: 2.00 GB
client-low-power-1  | 17-Sep-2026 09:18:37 [---]    don't use GPU while active
client-cluster-2-1  | 17-Sep-2026 09:18:59 [boincserver] Starting task exp_20260917T084802Z_round_robin_medium_9_0
client-cluster-2-1  | 17-Sep-2026 09:18:59 [boincserver] Starting task exp_20260917T084802Z_round_robin_short_15_0
client-desktop-1    | 17-Sep-2026 09:19:24 [boincserver] Requesting new tasks for CPU
client-desktop-1    | 17-Sep-2026 09:19:31 [boincserver] Scheduler request completed: got 1 new tasks
client-desktop-1    | 17-Sep-2026 09:19:31 [boincserver] Project requested delay of 7 seconds
client-desktop-1    | 17-Sep-2026 09:19:41 [boincserver] Sending scheduler request: To fetch work.
client-desktop-1    | 17-Sep-2026 09:19:41 [boincserver] Requesting new tasks for CPU
client-desktop-1    | 17-Sep-2026 09:19:43 [boincserver] Scheduler request completed: got 0 new tasks
client-desktop-1    | 17-Sep-2026 09:19:43 [boincserver] Project has no tasks available
client-desktop-1    | 17-Sep-2026 09:19:43 [boincserver] Project requested delay of 7 seconds
client-desktop-1    | 17-Sep-2026 09:19:53 [boincserver] Computation for task exp_20260917T084802Z_round_robin_medium_8_0 finished
client-desktop-1    | 17-Sep-2026 09:19:53 [boincserver] Starting task exp_20260917T084802Z_round_robin_medium_2_0
client-desktop-1    | 17-Sep-2026 09:19:54 [boincserver] Computation for task exp_20260917T084802Z_round_robin_medium_7_0 finished
mysql-1             | 2026-09-17  9:17:00 0 [Note] InnoDB: Number of pools: 1
mysql-1             | 2026-09-17  9:17:00 0 [Note] InnoDB: Using generic crc32 instructions
mysql-1             | 2026-09-17  9:17:00 0 [Note] InnoDB: Initializing buffer pool, total size = 256M, instances = 1, chunk size = 128M
mysql-1             | 2026-09-17  9:17:00 0 [Note] InnoDB: Completed initialization of buffer pool
client-cluster-2-1  | 17-Sep-2026 09:19:01 [boincserver] Finished upload of exp_20260917T084802Z_round_robin_short_3_0_r241369956_0
client-cluster-2-1  | 17-Sep-2026 09:19:07 [boincserver] Computation for task exp_20260917T084802Z_round_robin_short_9_0 finished
mysql-1             | 2026-09-17  9:17:00 0 [Note] InnoDB: If the mysqld execution user is authorized, page cleaner thread priority can be changed. See the man page of setpriority().
mysql-1             | 2026-09-17  9:17:00 0 [Note] InnoDB: 128 out of 128 rollback segments are active.
mysql-1             | 2026-09-17  9:17:00 0 [Note] InnoDB: Creating shared tablespace for temporary tables
mysql-1             | 2026-09-17  9:17:00 0 [Note] InnoDB: Setting file './ibtmp1' size to 12 MB. Physically writing the file full; Please wait ...
mysql-1             | 2026-09-17  9:17:00 0 [Note] InnoDB: File './ibtmp1' size is now 12 MB.
mysql-1             | 2026-09-17  9:17:00 0 [Note] InnoDB: 10.3.8 started; log sequence number 1630824; transaction id 21
mysql-1             | 2026-09-17  9:17:00 0 [Note] InnoDB: Loading buffer pool(s) from /var/lib/mysql/ib_buffer_pool
mysql-1             | 2026-09-17  9:17:00 0 [Note] Plugin 'FEEDBACK' is disabled.
mysql-1             | 2026-09-17  9:17:00 0 [Note] InnoDB: Buffer pool(s) load completed at 260917  9:17:00
client-desktop-1    | 17-Sep-2026 09:19:55 [boincserver] Started upload of exp_20260917T084802Z_round_robin_medium_8_0_r714630446_0
client-desktop-1    | 17-Sep-2026 09:19:56 [boincserver] Started upload of exp_20260917T084802Z_round_robin_medium_7_0_r276900829_0
mysql-1             | 2026-09-17  9:17:00 0 [Note] Server socket created on IP: '::'.
mysql-1             | 2026-09-17  9:17:00 0 [Warning] 'proxies_priv' entry '@% root@649341496f97' ignored in --skip-name-resolve mode.
mysql-1             | 2026-09-17  9:17:00 0 [Note] Reading of all Master_info entries succeded
mysql-1             | 2026-09-17  9:17:00 0 [Note] Added new Master_info '' to hash table
client-cluster-2-1  | 17-Sep-2026 09:19:07 [boincserver] Sending scheduler request: To report completed tasks.
client-cluster-2-1  | 17-Sep-2026 09:19:07 [boincserver] Reporting 1 completed tasks
mysql-1             | 2026-09-17  9:17:00 0 [Note] mysqld: ready for connections.
mysql-1             | Version: '10.3.8-MariaDB-1:10.3.8+maria~bionic'  socket: '/var/run/mysqld/mysqld.sock'  port: 3306  mariadb.org binary distribution
mysql-1             | 2026-09-17  9:17:01 8 [Warning] Access denied for user 'boincadm'@'172.21.0.3' (using password: NO)
mysql-1             | 2026-09-17  9:17:13 17 [Warning] Aborted connection 17 to db: 'boincserver' user: 'root' host: '172.21.0.4' (Got an error reading communication packets)
client-low-power-1  | 17-Sep-2026 09:18:37 [---]    suspend work if non-BOINC CPU load exceeds 25%
client-low-power-1  | 17-Sep-2026 09:18:37 [---]    (to change preferences, visit a project web site or select Preferences in the Manager)
client-low-power-1  | 17-Sep-2026 09:18:41 [http://boincserver.local/boincserver/] Fetching scheduler list
client-low-power-1  | 17-Sep-2026 09:18:43 [http://boincserver.local/boincserver/] Master file download succeeded
client-low-power-1  | 17-Sep-2026 09:18:48 [http://boincserver.local/boincserver/] Sending scheduler request: Project initialization.
client-low-power-1  | 17-Sep-2026 09:18:48 [http://boincserver.local/boincserver/] Requesting new tasks for CPU
client-low-power-1  | 17-Sep-2026 09:18:50 [boincserver] Scheduler request completed: got 1 new tasks
client-low-power-1  | 17-Sep-2026 09:18:50 [boincserver] Project requested delay of 7 seconds
client-desktop-1    | 17-Sep-2026 09:19:57 [boincserver] Finished upload of exp_20260917T084802Z_round_robin_medium_8_0_r714630446_0
client-desktop-1    | 17-Sep-2026 09:19:57 [boincserver] Finished upload of exp_20260917T084802Z_round_robin_medium_7_0_r276900829_0
client-desktop-1    | 17-Sep-2026 09:19:58 [boincserver] Sending scheduler request: To report completed tasks.
client-desktop-1    | 17-Sep-2026 09:19:58 [boincserver] Reporting 2 completed tasks
client-desktop-1    | 17-Sep-2026 09:19:58 [boincserver] Requesting new tasks for CPU
client-low-power-1  | 17-Sep-2026 09:18:52 [boincserver] Started download of hybrid_synthetic_1.0_aarch64-unknown-linux-gnu
client-low-power-1  | 17-Sep-2026 09:18:52 [boincserver] Started download of hybrid_synthetic_input.txt
client-low-power-1  | 17-Sep-2026 09:18:54 [boincserver] Finished download of hybrid_synthetic_1.0_aarch64-unknown-linux-gnu
client-desktop-1    | 17-Sep-2026 09:20:00 [boincserver] Scheduler request completed: got 0 new tasks
client-desktop-1    | 17-Sep-2026 09:20:00 [boincserver] Project has no tasks available
client-desktop-1    | 17-Sep-2026 09:20:00 [boincserver] Project requested delay of 7 seconds
client-desktop-1    | 17-Sep-2026 09:20:10 [boincserver] Sending scheduler request: To fetch work.
client-cluster-2-1  | 17-Sep-2026 09:19:07 [boincserver] Requesting new tasks for CPU
client-cluster-2-1  | 17-Sep-2026 09:19:08 [boincserver] Computation for task exp_20260917T084802Z_round_robin_short_15_0 finished
client-cluster-2-1  | 17-Sep-2026 09:19:09 [boincserver] Started upload of exp_20260917T084802Z_round_robin_short_9_0_r1126095930_0
client-cluster-2-1  | 17-Sep-2026 09:19:10 [boincserver] Started upload of exp_20260917T084802Z_round_robin_short_15_0_r1970171051_0
client-cluster-2-1  | 17-Sep-2026 09:19:11 [boincserver] Finished upload of exp_20260917T084802Z_round_robin_short_9_0_r1126095930_0
client-cluster-2-1  | 17-Sep-2026 09:19:11 [boincserver] Finished upload of exp_20260917T084802Z_round_robin_short_15_0_r1970171051_0
client-cluster-2-1  | 17-Sep-2026 09:19:14 [boincserver] Scheduler request completed: got 4 new tasks
client-cluster-2-1  | 17-Sep-2026 09:19:14 [boincserver] Project requested delay of 7 seconds
client-cluster-2-1  | 17-Sep-2026 09:19:16 [boincserver] Starting task exp_20260917T084802Z_round_robin_long_2_0
client-cluster-2-1  | 17-Sep-2026 09:19:16 [boincserver] Starting task exp_20260917T084802Z_round_robin_long_4_0
client-cluster-2-1  | 17-Sep-2026 09:19:24 [boincserver] Sending scheduler request: To report completed tasks.
client-cluster-2-1  | 17-Sep-2026 09:19:24 [boincserver] Reporting 2 completed tasks
client-low-power-1  | 17-Sep-2026 09:18:54 [boincserver] Finished download of hybrid_synthetic_input.txt
client-low-power-1  | 17-Sep-2026 09:18:54 [boincserver] Elapsed time limit 50.000000 < 120.000000; setting to 43200.000000
client-low-power-1  | 17-Sep-2026 09:18:54 [boincserver] Starting task exp_20260917T084802Z_round_robin_short_11_0
client-low-power-1  | 17-Sep-2026 09:19:00 [boincserver] Sending scheduler request: To fetch work.
client-cluster-2-1  | 17-Sep-2026 09:19:24 [boincserver] Requesting new tasks for CPU
client-cluster-2-1  | 17-Sep-2026 09:19:31 [boincserver] Scheduler request completed: got 0 new tasks
client-cluster-2-1  | 17-Sep-2026 09:19:31 [boincserver] Project has no tasks available
client-cluster-2-1  | 17-Sep-2026 09:19:31 [boincserver] Project requested delay of 7 seconds
client-cluster-2-1  | 17-Sep-2026 09:19:32 [boincserver] Computation for task exp_20260917T084802Z_round_robin_medium_3_0 finished
mysql-1             | 2026-09-17  9:17:13 16 [Warning] Aborted connection 16 to db: 'boincserver' user: 'root' host: '172.21.0.4' (Got an error reading communication packets)
mysql-1             | 2026-09-17  9:17:13 15 [Warning] Aborted connection 15 to db: 'boincserver' user: 'root' host: '172.21.0.4' (Got an error reading communication packets)
client-desktop-1    | 17-Sep-2026 09:20:10 [boincserver] Requesting new tasks for CPU
client-desktop-1    | 17-Sep-2026 09:20:12 [boincserver] Scheduler request completed: got 0 new tasks
client-desktop-1    | 17-Sep-2026 09:20:12 [boincserver] Project has no tasks available
client-desktop-1    | 17-Sep-2026 09:20:12 [boincserver] Project requested delay of 7 seconds
client-cluster-2-1  | 17-Sep-2026 09:19:32 [boincserver] Starting task exp_20260917T084802Z_round_robin_long_3_0
client-cluster-2-1  | 17-Sep-2026 09:19:34 [boincserver] Computation for task exp_20260917T084802Z_round_robin_medium_9_0 finished
client-cluster-2-1  | 17-Sep-2026 09:19:34 [boincserver] Starting task exp_20260917T084802Z_round_robin_medium_4_0
client-cluster-2-1  | 17-Sep-2026 09:19:35 [boincserver] Started upload of exp_20260917T084802Z_round_robin_medium_3_0_r1332771853_0
client-cluster-2-1  | 17-Sep-2026 09:19:36 [boincserver] Started upload of exp_20260917T084802Z_round_robin_medium_9_0_r369116684_0
client-cluster-2-1  | 17-Sep-2026 09:19:37 [boincserver] Finished upload of exp_20260917T084802Z_round_robin_medium_3_0_r1332771853_0
client-cluster-1    | 17-Sep-2026 09:18:43 [http://boincserver.local/boincserver/] Master file download succeeded
client-cluster-1    | 17-Sep-2026 09:18:48 [http://boincserver.local/boincserver/] Sending scheduler request: Project initialization.
client-cluster-1    | 17-Sep-2026 09:18:48 [http://boincserver.local/boincserver/] Requesting new tasks for CPU
client-cluster-1    | 17-Sep-2026 09:18:55 [boincserver] Scheduler request completed: got 1 new tasks
client-low-power-1  | 17-Sep-2026 09:19:00 [boincserver] Requesting new tasks for CPU
client-low-power-1  | 17-Sep-2026 09:19:02 [boincserver] Scheduler request completed: got 1 new tasks
client-low-power-1  | 17-Sep-2026 09:19:02 [boincserver] Project requested delay of 7 seconds
client-low-power-1  | 17-Sep-2026 09:19:03 [boincserver] Computation for task exp_20260917T084802Z_round_robin_short_11_0 finished
client-cluster-1    | 17-Sep-2026 09:18:55 [boincserver] Project requested delay of 7 seconds
client-cluster-1    | 17-Sep-2026 09:18:57 [boincserver] Started download of hybrid_synthetic_1.0_aarch64-unknown-linux-gnu
client-cluster-1    | 17-Sep-2026 09:18:57 [boincserver] Started download of hybrid_synthetic_input.txt
client-cluster-2-1  | 17-Sep-2026 09:19:37 [boincserver] Finished upload of exp_20260917T084802Z_round_robin_medium_9_0_r369116684_0
client-cluster-2-1  | 17-Sep-2026 09:19:43 [boincserver] Sending scheduler request: To report completed tasks.
mysql-1             | 2026-09-17  9:20:02 140 [Warning] Aborted connection 140 to db: 'boincserver' user: 'root' host: '172.21.0.4' (Got an error reading communication packets)
mysql-1             | 2026-09-17  9:20:07 152 [Warning] Aborted connection 152 to db: 'boincserver' user: 'root' host: '172.21.0.4' (Got an error reading communication packets)
client-desktop-1    | 17-Sep-2026 09:20:26 [boincserver] Computation for task exp_20260917T084802Z_round_robin_medium_2_0 finished
client-desktop-1    | 17-Sep-2026 09:20:28 [boincserver] Started upload of exp_20260917T084802Z_round_robin_medium_2_0_r29537489_0
client-cluster-1    | 17-Sep-2026 09:18:59 [boincserver] Finished download of hybrid_synthetic_1.0_aarch64-unknown-linux-gnu
client-cluster-1    | 17-Sep-2026 09:18:59 [boincserver] Finished download of hybrid_synthetic_input.txt
client-cluster-1    | 17-Sep-2026 09:18:59 [boincserver] Elapsed time limit 50.000000 < 120.000000; setting to 43200.000000
client-cluster-1    | 17-Sep-2026 09:18:59 [boincserver] Starting task exp_20260917T084802Z_round_robin_short_6_0
client-cluster-1    | 17-Sep-2026 09:19:05 [boincserver] Sending scheduler request: To fetch work.
client-cluster-1    | 17-Sep-2026 09:19:05 [boincserver] Requesting new tasks for CPU
client-cluster-1    | 17-Sep-2026 09:19:07 [boincserver] Computation for task exp_20260917T084802Z_round_robin_short_6_0 finished
client-cluster-1    | 17-Sep-2026 09:19:09 [boincserver] Started upload of exp_20260917T084802Z_round_robin_short_6_0_r1794464033_0
client-cluster-1    | 17-Sep-2026 09:19:11 [boincserver] Finished upload of exp_20260917T084802Z_round_robin_short_6_0_r1794464033_0
client-cluster-2-1  | 17-Sep-2026 09:19:43 [boincserver] Reporting 2 completed tasks
client-cluster-2-1  | 17-Sep-2026 09:19:43 [boincserver] Requesting new tasks for CPU
client-cluster-2-1  | 17-Sep-2026 09:19:50 [boincserver] Scheduler request completed: got 0 new tasks
client-cluster-2-1  | 17-Sep-2026 09:19:50 [boincserver] Project has no tasks available
client-cluster-2-1  | 17-Sep-2026 09:19:50 [boincserver] Project requested delay of 7 seconds
client-cluster-2-1  | 17-Sep-2026 09:20:00 [boincserver] Sending scheduler request: To fetch work.
client-cluster-2-1  | 17-Sep-2026 09:20:00 [boincserver] Requesting new tasks for CPU
client-cluster-2-1  | 17-Sep-2026 09:20:02 [boincserver] Scheduler request completed: got 0 new tasks
client-cluster-2-1  | 17-Sep-2026 09:20:02 [boincserver] Project has no tasks available
client-cluster-2-1  | 17-Sep-2026 09:20:02 [boincserver] Project requested delay of 7 seconds
client-cluster-2-1  | 17-Sep-2026 09:20:08 [boincserver] Computation for task exp_20260917T084802Z_round_robin_medium_4_0 finished
client-cluster-2-1  | 17-Sep-2026 09:20:10 [boincserver] Started upload of exp_20260917T084802Z_round_robin_medium_4_0_r247754887_0
client-cluster-2-1  | 17-Sep-2026 09:20:12 [boincserver] Finished upload of exp_20260917T084802Z_round_robin_medium_4_0_r247754887_0
client-desktop-1    | 17-Sep-2026 09:20:30 [boincserver] Finished upload of exp_20260917T084802Z_round_robin_medium_2_0_r29537489_0
client-desktop-1    | 17-Sep-2026 09:20:32 [boincserver] Sending scheduler request: To report completed tasks.
client-desktop-1    | 17-Sep-2026 09:20:32 [boincserver] Reporting 1 completed tasks
client-desktop-1    | 17-Sep-2026 09:20:32 [boincserver] Requesting new tasks for CPU
client-desktop-1    | 17-Sep-2026 09:20:34 [boincserver] Scheduler request completed: got 0 new tasks
client-desktop-1    | 17-Sep-2026 09:20:34 [boincserver] Project has no tasks available
client-low-power-1  | 17-Sep-2026 09:19:04 [boincserver] Elapsed time limit 50.000000 < 120.000000; setting to 43200.000000
client-low-power-1  | 17-Sep-2026 09:19:04 [boincserver] Starting task exp_20260917T084802Z_round_robin_short_17_0
client-low-power-1  | 17-Sep-2026 09:19:05 [boincserver] Started upload of exp_20260917T084802Z_round_robin_short_11_0_r1051585931_0
client-low-power-1  | 17-Sep-2026 09:19:07 [boincserver] Finished upload of exp_20260917T084802Z_round_robin_short_11_0_r1051585931_0
client-low-power-1  | 17-Sep-2026 09:19:12 [boincserver] Computation for task exp_20260917T084802Z_round_robin_short_17_0 finished
client-low-power-1  | 17-Sep-2026 09:19:12 [boincserver] Sending scheduler request: To report completed tasks.
client-low-power-1  | 17-Sep-2026 09:19:12 [boincserver] Reporting 1 completed tasks
client-low-power-1  | 17-Sep-2026 09:19:12 [boincserver] Requesting new tasks for CPU
client-low-power-1  | 17-Sep-2026 09:19:14 [boincserver] Started upload of exp_20260917T084802Z_round_robin_short_17_0_r2005422394_0
client-low-power-1  | 17-Sep-2026 09:19:14 [boincserver] Scheduler request completed: got 1 new tasks
client-low-power-1  | 17-Sep-2026 09:19:14 [boincserver] Project requested delay of 7 seconds
client-cluster-1    | 17-Sep-2026 09:19:12 [boincserver] Scheduler request completed: got 4 new tasks
client-cluster-1    | 17-Sep-2026 09:19:12 [boincserver] Project requested delay of 7 seconds
client-cluster-1    | 17-Sep-2026 09:19:14 [boincserver] Elapsed time limit 50.000000 < 120.000000; setting to 43200.000000
client-cluster-1    | 17-Sep-2026 09:19:14 [boincserver] Elapsed time limit 50.000000 < 120.000000; setting to 43200.000000
client-cluster-1    | 17-Sep-2026 09:19:14 [boincserver] Starting task exp_20260917T084802Z_round_robin_short_12_0
client-cluster-1    | 17-Sep-2026 09:19:14 [boincserver] Starting task exp_20260917T084802Z_round_robin_short_18_0
client-cluster-1    | 17-Sep-2026 09:19:14 [boincserver] Starting task exp_20260917T084802Z_round_robin_medium_6_0
client-cluster-1    | 17-Sep-2026 09:19:14 [boincserver] Starting task exp_20260917T084802Z_round_robin_medium_12_0
client-cluster-1    | 17-Sep-2026 09:19:22 [boincserver] Sending scheduler request: To report completed tasks.
client-cluster-2-1  | 17-Sep-2026 09:20:12 [boincserver] Sending scheduler request: To report completed tasks.
client-cluster-2-1  | 17-Sep-2026 09:20:12 [boincserver] Reporting 1 completed tasks
client-cluster-2-1  | 17-Sep-2026 09:20:12 [boincserver] Requesting new tasks for CPU
client-cluster-2-1  | 17-Sep-2026 09:20:14 [boincserver] Scheduler request completed: got 0 new tasks
client-desktop-1    | 17-Sep-2026 09:20:34 [boincserver] Project requested delay of 7 seconds
client-desktop-1    | 17-Sep-2026 09:20:43 [boincserver] Sending scheduler request: To fetch work.
client-desktop-1    | 17-Sep-2026 09:20:43 [boincserver] Requesting new tasks for CPU
client-desktop-1    | 17-Sep-2026 09:20:45 [boincserver] Scheduler request completed: got 0 new tasks
client-desktop-1    | 17-Sep-2026 09:20:45 [boincserver] Project has no tasks available
client-cluster-2-1  | 17-Sep-2026 09:20:14 [boincserver] Project has no tasks available
client-cluster-2-1  | 17-Sep-2026 09:20:14 [boincserver] Project requested delay of 7 seconds
client-cluster-2-1  | 17-Sep-2026 09:20:24 [boincserver] Sending scheduler request: To fetch work.
client-cluster-2-1  | 17-Sep-2026 09:20:24 [boincserver] Requesting new tasks for CPU
client-cluster-2-1  | 17-Sep-2026 09:20:26 [boincserver] Scheduler request completed: got 0 new tasks
client-cluster-2-1  | 17-Sep-2026 09:20:26 [boincserver] Project has no tasks available
client-desktop-1    | 17-Sep-2026 09:20:45 [boincserver] Project requested delay of 7 seconds
client-low-power-1  | 17-Sep-2026 09:19:16 [boincserver] Finished upload of exp_20260917T084802Z_round_robin_short_17_0_r2005422394_0
client-low-power-1  | 17-Sep-2026 09:19:16 [boincserver] Elapsed time limit 50.000000 < 120.000000; setting to 43200.000000
client-cluster-2-1  | 17-Sep-2026 09:20:26 [boincserver] Project requested delay of 7 seconds
client-cluster-2-1  | 17-Sep-2026 09:21:24 [boincserver] Computation for task exp_20260917T084802Z_round_robin_long_2_0 finished
client-cluster-2-1  | 17-Sep-2026 09:21:25 [boincserver] Computation for task exp_20260917T084802Z_round_robin_long_4_0 finished
client-cluster-2-1  | 17-Sep-2026 09:21:26 [boincserver] Started upload of exp_20260917T084802Z_round_robin_long_2_0_r101936328_0
client-low-power-1  | 17-Sep-2026 09:19:16 [boincserver] Starting task exp_20260917T084802Z_round_robin_short_5_0
client-low-power-1  | 17-Sep-2026 09:19:24 [boincserver] Computation for task exp_20260917T084802Z_round_robin_short_5_0 finished
client-low-power-1  | 17-Sep-2026 09:19:24 [boincserver] Sending scheduler request: To report completed tasks.
client-low-power-1  | 17-Sep-2026 09:19:24 [boincserver] Reporting 1 completed tasks
client-low-power-1  | 17-Sep-2026 09:19:24 [boincserver] Requesting new tasks for CPU
client-low-power-1  | 17-Sep-2026 09:19:26 [boincserver] Started upload of exp_20260917T084802Z_round_robin_short_5_0_r1420258749_0
client-low-power-1  | 17-Sep-2026 09:19:26 [boincserver] Scheduler request completed: got 1 new tasks
client-low-power-1  | 17-Sep-2026 09:19:26 [boincserver] Project requested delay of 7 seconds
client-cluster-2-1  | 17-Sep-2026 09:21:27 [boincserver] Started upload of exp_20260917T084802Z_round_robin_long_4_0_r414042271_0
client-cluster-2-1  | 17-Sep-2026 09:21:28 [boincserver] Finished upload of exp_20260917T084802Z_round_robin_long_2_0_r101936328_0
client-cluster-2-1  | 17-Sep-2026 09:21:28 [boincserver] Finished upload of exp_20260917T084802Z_round_robin_long_4_0_r414042271_0
client-cluster-2-1  | 17-Sep-2026 09:21:29 [boincserver] Sending scheduler request: To report completed tasks.
client-cluster-1    | 17-Sep-2026 09:19:22 [boincserver] Reporting 1 completed tasks
client-cluster-1    | 17-Sep-2026 09:19:22 [boincserver] Requesting new tasks for CPU
client-cluster-1    | 17-Sep-2026 09:19:23 [boincserver] Computation for task exp_20260917T084802Z_round_robin_short_12_0 finished
client-cluster-1    | 17-Sep-2026 09:19:24 [boincserver] Computation for task exp_20260917T084802Z_round_robin_short_18_0 finished
client-cluster-2-1  | 17-Sep-2026 09:21:29 [boincserver] Reporting 2 completed tasks
client-cluster-2-1  | 17-Sep-2026 09:21:29 [boincserver] Requesting new tasks for CPU
client-cluster-2-1  | 17-Sep-2026 09:21:31 [boincserver] Scheduler request completed: got 0 new tasks
client-cluster-2-1  | 17-Sep-2026 09:21:31 [boincserver] Project has no tasks available
client-cluster-1    | 17-Sep-2026 09:19:24 [boincserver] Scheduler request completed: got 4 new tasks
client-cluster-1    | 17-Sep-2026 09:19:24 [boincserver] Project requested delay of 7 seconds
client-cluster-1    | 17-Sep-2026 09:19:25 [boincserver] Started upload of exp_20260917T084802Z_round_robin_short_12_0_r1310800235_0
client-cluster-1    | 17-Sep-2026 09:19:26 [boincserver] Started upload of exp_20260917T084802Z_round_robin_short_18_0_r1028984474_0
client-cluster-1    | 17-Sep-2026 09:19:26 [boincserver] Starting task exp_20260917T084802Z_round_robin_long_6_0
client-cluster-1    | 17-Sep-2026 09:19:26 [boincserver] Starting task exp_20260917T084802Z_round_robin_long_1_0
client-cluster-2-1  | 17-Sep-2026 09:21:31 [boincserver] Project requested delay of 7 seconds
client-cluster-2-1  | 17-Sep-2026 09:21:36 [boincserver] Computation for task exp_20260917T084802Z_round_robin_long_3_0 finished
client-cluster-2-1  | 17-Sep-2026 09:21:38 [boincserver] Started upload of exp_20260917T084802Z_round_robin_long_3_0_r864355336_0
client-cluster-1    | 17-Sep-2026 09:19:33 [boincserver] Finished upload of exp_20260917T084802Z_round_robin_short_12_0_r1310800235_0
client-cluster-1    | 17-Sep-2026 09:19:33 [boincserver] Finished upload of exp_20260917T084802Z_round_robin_short_18_0_r1028984474_0
client-cluster-1    | 17-Sep-2026 09:19:33 [boincserver] Sending scheduler request: To report completed tasks.
client-cluster-1    | 17-Sep-2026 09:19:33 [boincserver] Reporting 2 completed tasks
client-cluster-1    | 17-Sep-2026 09:19:33 [boincserver] Requesting new tasks for CPU
client-cluster-1    | 17-Sep-2026 09:19:35 [boincserver] Scheduler request completed: got 0 new tasks
client-cluster-1    | 17-Sep-2026 09:19:35 [boincserver] Project has no tasks available
client-cluster-2-1  | 17-Sep-2026 09:21:40 [boincserver] Finished upload of exp_20260917T084802Z_round_robin_long_3_0_r864355336_0
client-cluster-2-1  | 17-Sep-2026 09:21:41 [boincserver] Sending scheduler request: To report completed tasks.
client-cluster-2-1  | 17-Sep-2026 09:21:41 [boincserver] Reporting 1 completed tasks
client-cluster-2-1  | 17-Sep-2026 09:21:41 [boincserver] Requesting new tasks for CPU
client-cluster-2-1  | 17-Sep-2026 09:21:47 [boincserver] Scheduler request completed: got 0 new tasks
client-cluster-2-1  | 17-Sep-2026 09:21:47 [boincserver] Project has no tasks available
client-cluster-2-1  | 17-Sep-2026 09:21:47 [boincserver] Project requested delay of 7 seconds
client-cluster-2-1  | 17-Sep-2026 09:21:57 [boincserver] Sending scheduler request: To fetch work.
client-cluster-2-1  | 17-Sep-2026 09:21:57 [boincserver] Requesting new tasks for CPU
client-cluster-2-1  | 17-Sep-2026 09:21:59 [boincserver] Scheduler request completed: got 0 new tasks
client-cluster-2-1  | 17-Sep-2026 09:21:59 [boincserver] Project has no tasks available
client-cluster-2-1  | 17-Sep-2026 09:21:59 [boincserver] Project requested delay of 7 seconds
client-low-power-1  | 17-Sep-2026 09:19:28 [boincserver] Finished upload of exp_20260917T084802Z_round_robin_short_5_0_r1420258749_0
client-cluster-1    | 17-Sep-2026 09:19:35 [boincserver] Project requested delay of 7 seconds
client-cluster-1    | 17-Sep-2026 09:19:45 [boincserver] Sending scheduler request: To fetch work.
client-cluster-1    | 17-Sep-2026 09:19:45 [boincserver] Requesting new tasks for CPU
client-cluster-1    | 17-Sep-2026 09:19:47 [boincserver] Computation for task exp_20260917T084802Z_round_robin_medium_12_0 finished
client-cluster-1    | 17-Sep-2026 09:19:47 [boincserver] Starting task exp_20260917T084802Z_round_robin_medium_11_0
client-cluster-1    | 17-Sep-2026 09:19:47 [boincserver] Scheduler request completed: got 0 new tasks
client-cluster-1    | 17-Sep-2026 09:19:47 [boincserver] Project has no tasks available
client-cluster-1    | 17-Sep-2026 09:19:47 [boincserver] Project requested delay of 7 seconds
client-cluster-1    | 17-Sep-2026 09:19:48 [boincserver] Computation for task exp_20260917T084802Z_round_robin_medium_6_0 finished
client-cluster-1    | 17-Sep-2026 09:19:48 [boincserver] Starting task exp_20260917T084802Z_round_robin_medium_5_0
client-cluster-1    | 17-Sep-2026 09:19:49 [boincserver] Started upload of exp_20260917T084802Z_round_robin_medium_12_0_r967472784_0
client-cluster-1    | 17-Sep-2026 09:19:50 [boincserver] Started upload of exp_20260917T084802Z_round_robin_medium_6_0_r1319623352_0
client-low-power-1  | 17-Sep-2026 09:19:28 [boincserver] Starting task exp_20260917T084802Z_round_robin_long_5_0
client-low-power-1  | 17-Sep-2026 09:19:36 [boincserver] Sending scheduler request: To report completed tasks.
client-low-power-1  | 17-Sep-2026 09:19:36 [boincserver] Reporting 1 completed tasks
client-low-power-1  | 17-Sep-2026 09:19:36 [boincserver] Requesting new tasks for CPU
client-low-power-1  | 17-Sep-2026 09:19:38 [boincserver] Scheduler request completed: got 0 new tasks
client-low-power-1  | 17-Sep-2026 09:19:38 [boincserver] Project has no tasks available
client-low-power-1  | 17-Sep-2026 09:19:38 [boincserver] Project requested delay of 7 seconds
client-low-power-1  | 17-Sep-2026 09:19:48 [boincserver] Sending scheduler request: To fetch work.
client-low-power-1  | 17-Sep-2026 09:19:48 [boincserver] Requesting new tasks for CPU
client-low-power-1  | 17-Sep-2026 09:19:50 [boincserver] Scheduler request completed: got 0 new tasks
client-low-power-1  | 17-Sep-2026 09:19:50 [boincserver] Project has no tasks available
client-low-power-1  | 17-Sep-2026 09:19:50 [boincserver] Project requested delay of 7 seconds
client-low-power-1  | 17-Sep-2026 09:21:32 [boincserver] Computation for task exp_20260917T084802Z_round_robin_long_5_0 finished
client-low-power-1  | 17-Sep-2026 09:21:34 [boincserver] Started upload of exp_20260917T084802Z_round_robin_long_5_0_r1017838495_0
client-low-power-1  | 17-Sep-2026 09:21:36 [boincserver] Finished upload of exp_20260917T084802Z_round_robin_long_5_0_r1017838495_0
client-low-power-1  | 17-Sep-2026 09:21:44 [boincserver] Sending scheduler request: To report completed tasks.
client-cluster-1    | 17-Sep-2026 09:19:51 [boincserver] Finished upload of exp_20260917T084802Z_round_robin_medium_12_0_r967472784_0
client-cluster-1    | 17-Sep-2026 09:19:51 [boincserver] Finished upload of exp_20260917T084802Z_round_robin_medium_6_0_r1319623352_0
client-cluster-1    | 17-Sep-2026 09:19:57 [boincserver] Sending scheduler request: To report completed tasks.
client-cluster-1    | 17-Sep-2026 09:19:57 [boincserver] Reporting 2 completed tasks
client-low-power-1  | 17-Sep-2026 09:21:44 [boincserver] Reporting 1 completed tasks
client-low-power-1  | 17-Sep-2026 09:21:44 [boincserver] Requesting new tasks for CPU
client-low-power-1  | 17-Sep-2026 09:21:46 [boincserver] Scheduler request completed: got 0 new tasks
client-low-power-1  | 17-Sep-2026 09:21:46 [boincserver] Project has no tasks available
client-low-power-1  | 17-Sep-2026 09:21:46 [boincserver] Project requested delay of 7 seconds
client-low-power-1  | 17-Sep-2026 09:21:56 [boincserver] Sending scheduler request: To fetch work.
client-low-power-1  | 17-Sep-2026 09:21:56 [boincserver] Requesting new tasks for CPU
client-low-power-1  | 17-Sep-2026 09:21:58 [boincserver] Scheduler request completed: got 0 new tasks
client-low-power-1  | 17-Sep-2026 09:21:58 [boincserver] Project has no tasks available
client-low-power-1  | 17-Sep-2026 09:21:58 [boincserver] Project requested delay of 7 seconds
client-cluster-1    | 17-Sep-2026 09:19:57 [boincserver] Requesting new tasks for CPU
client-cluster-1    | 17-Sep-2026 09:19:59 [boincserver] Scheduler request completed: got 0 new tasks
client-cluster-1    | 17-Sep-2026 09:19:59 [boincserver] Project has no tasks available
client-cluster-1    | 17-Sep-2026 09:19:59 [boincserver] Project requested delay of 7 seconds
client-cluster-1    | 17-Sep-2026 09:20:09 [boincserver] Sending scheduler request: To fetch work.
client-cluster-1    | 17-Sep-2026 09:20:09 [boincserver] Requesting new tasks for CPU
client-cluster-1    | 17-Sep-2026 09:20:11 [boincserver] Scheduler request completed: got 0 new tasks
client-cluster-1    | 17-Sep-2026 09:20:11 [boincserver] Project has no tasks available
client-cluster-1    | 17-Sep-2026 09:20:11 [boincserver] Project requested delay of 7 seconds
client-cluster-1    | 17-Sep-2026 09:20:23 [boincserver] Computation for task exp_20260917T084802Z_round_robin_medium_11_0 finished
client-cluster-1    | 17-Sep-2026 09:20:25 [boincserver] Started upload of exp_20260917T084802Z_round_robin_medium_11_0_r1630321926_0
client-cluster-1    | 17-Sep-2026 09:20:26 [boincserver] Computation for task exp_20260917T084802Z_round_robin_medium_5_0 finished
client-cluster-1    | 17-Sep-2026 09:20:27 [boincserver] Finished upload of exp_20260917T084802Z_round_robin_medium_11_0_r1630321926_0
client-cluster-1    | 17-Sep-2026 09:20:28 [boincserver] Started upload of exp_20260917T084802Z_round_robin_medium_5_0_r1374202408_0
client-cluster-1    | 17-Sep-2026 09:20:28 [boincserver] Sending scheduler request: To fetch work.
client-cluster-1    | 17-Sep-2026 09:20:28 [boincserver] Reporting 1 completed tasks
client-cluster-1    | 17-Sep-2026 09:20:28 [boincserver] Requesting new tasks for CPU
client-cluster-1    | 17-Sep-2026 09:20:30 [boincserver] Finished upload of exp_20260917T084802Z_round_robin_medium_5_0_r1374202408_0
client-cluster-1    | 17-Sep-2026 09:20:30 [boincserver] Scheduler request completed: got 0 new tasks
client-cluster-1    | 17-Sep-2026 09:20:30 [boincserver] Project has no tasks available
client-cluster-1    | 17-Sep-2026 09:20:30 [boincserver] Project requested delay of 7 seconds
client-cluster-1    | 17-Sep-2026 09:20:40 [boincserver] Sending scheduler request: To report completed tasks.
client-cluster-1    | 17-Sep-2026 09:20:40 [boincserver] Reporting 1 completed tasks
client-cluster-1    | 17-Sep-2026 09:20:40 [boincserver] Requesting new tasks for CPU
client-cluster-1    | 17-Sep-2026 09:20:42 [boincserver] Scheduler request completed: got 0 new tasks
client-cluster-1    | 17-Sep-2026 09:20:42 [boincserver] Project has no tasks available
client-cluster-1    | 17-Sep-2026 09:20:42 [boincserver] Project requested delay of 7 seconds
client-cluster-1    | 17-Sep-2026 09:21:29 [boincserver] Computation for task exp_20260917T084802Z_round_robin_long_6_0 finished
client-cluster-1    | 17-Sep-2026 09:21:30 [boincserver] Computation for task exp_20260917T084802Z_round_robin_long_1_0 finished
client-cluster-1    | 17-Sep-2026 09:21:31 [boincserver] Started upload of exp_20260917T084802Z_round_robin_long_6_0_r1442562021_0
client-cluster-1    | 17-Sep-2026 09:21:32 [boincserver] Started upload of exp_20260917T084802Z_round_robin_long_1_0_r681485713_0
client-cluster-1    | 17-Sep-2026 09:21:33 [boincserver] Finished upload of exp_20260917T084802Z_round_robin_long_6_0_r1442562021_0
client-cluster-1    | 17-Sep-2026 09:21:33 [boincserver] Finished upload of exp_20260917T084802Z_round_robin_long_1_0_r681485713_0
client-cluster-1    | 17-Sep-2026 09:21:34 [boincserver] Sending scheduler request: To report completed tasks.
client-cluster-1    | 17-Sep-2026 09:21:34 [boincserver] Reporting 2 completed tasks
client-cluster-1    | 17-Sep-2026 09:21:34 [boincserver] Requesting new tasks for CPU
client-cluster-1    | 17-Sep-2026 09:21:36 [boincserver] Scheduler request completed: got 0 new tasks
client-cluster-1    | 17-Sep-2026 09:21:36 [boincserver] Project has no tasks available
client-cluster-1    | 17-Sep-2026 09:21:36 [boincserver] Project requested delay of 7 seconds
client-cluster-1    | 17-Sep-2026 09:21:46 [boincserver] Sending scheduler request: To fetch work.
client-cluster-1    | 17-Sep-2026 09:21:46 [boincserver] Requesting new tasks for CPU
client-cluster-1    | 17-Sep-2026 09:21:48 [boincserver] Scheduler request completed: got 0 new tasks
client-cluster-1    | 17-Sep-2026 09:21:48 [boincserver] Project has no tasks available
client-cluster-1    | 17-Sep-2026 09:21:48 [boincserver] Project requested delay of 7 seconds
