client-low-power-1  | 17-Sep-2026 08:49:42 [---] Starting BOINC client version 7.20.5 for aarch64-unknown-linux-gnu
client-low-power-1  | 17-Sep-2026 08:49:42 [---] This a development version of BOINC and may not function properly
client-low-power-1  | 17-Sep-2026 08:49:42 [---] log flags: file_xfer, sched_ops, task
client-low-power-1  | 17-Sep-2026 08:49:42 [---] Libraries: libcurl/7.88.1 OpenSSL/3.0.20 zlib/1.2.13 brotli/1.0.9 zstd/1.5.4 libidn2/2.3.3 libpsl/0.21.2 (+libidn2/2.3.3) libssh2/1.10.0 nghttp2/1.52.0 librtmp/2.3 OpenLDAP/2.5.13
client-low-power-1  | 17-Sep-2026 08:49:42 [---] Data directory: /var/lib/boinc-client
client-low-power-1  | 17-Sep-2026 08:49:42 [---] No usable GPUs found
client-low-power-1  | 17-Sep-2026 08:49:42 [---] Creating new client state file
client-low-power-1  | 17-Sep-2026 08:49:42 [---] libc:  version 2.36
client-low-power-1  | 17-Sep-2026 08:49:42 [---] Host name: low-power-01
client-low-power-1  | 17-Sep-2026 08:49:42 [---] Processor: 1 ARM  [Impl 0x61 Arch 8 Variant 0x0 Part 0x000 Rev 0]
client-low-power-1  | 17-Sep-2026 08:49:42 [---] Processor features: fp asimd evtstrm aes pmull sha1 sha2 crc32 atomics fphp asimdhp cpuid asimdrdm jscvt fcma lrcpc dcpop sha3 asimddp sha512 asimdfhm dit uscat ilrcpc flagm sb paca pacg dcpodp flagm2 frint i8mm bf16 bti afp
client-low-power-1  | 17-Sep-2026 08:49:42 [---] OS: Linux Debian GNU/Linux: Debian GNU/Linux 12 (bookworm) [6.8.0-100-generic|libc 2.36]
client-low-power-1  | 17-Sep-2026 08:49:42 [---] Memory: 9.69 GB physical, 0 bytes virtual
client-low-power-1  | 17-Sep-2026 08:49:42 [---] Disk: 18.33 GB total, 15.41 GB free
client-low-power-1  | 17-Sep-2026 08:49:42 [---] Local time is UTC +0 hours
client-low-power-1  | 17-Sep-2026 08:49:42 [---] Config: GUI RPC allowed from any host
client-low-power-1  | 17-Sep-2026 08:49:42 [---] Config: simulate 1 CPUs
client-low-power-1  | 17-Sep-2026 08:49:42 [---] Config: report completed tasks immediately
client-low-power-1  | 17-Sep-2026 08:49:42 [---] No general preferences found - using defaults
client-low-power-1  | 17-Sep-2026 08:49:42 [---] Reading preferences override file
client-low-power-1  | 17-Sep-2026 08:49:42 [---] Preferences:
client-low-power-1  | 17-Sep-2026 08:49:42 [---]    max memory usage when active: 8929.14 MB
client-low-power-1  | 17-Sep-2026 08:49:42 [---]    max memory usage when idle: 8929.14 MB
client-low-power-1  | 17-Sep-2026 08:49:42 [---]    max disk usage: 2.00 GB
client-low-power-1  | 17-Sep-2026 08:49:42 [---]    don't use GPU while active
client-low-power-1  | 17-Sep-2026 08:49:42 [---]    suspend work if non-BOINC CPU load exceeds 25%
client-low-power-1  | 17-Sep-2026 08:49:42 [---]    (to change preferences, visit a project web site or select Preferences in the Manager)
client-low-power-1  | 17-Sep-2026 08:49:42 [---] Setting up project and slot directories
client-low-power-1  | 17-Sep-2026 08:49:42 [---] Checking active tasks
client-low-power-1  | 17-Sep-2026 08:49:42 [---] Setting up GUI RPC socket
client-low-power-1  | 17-Sep-2026 08:49:42 [---] Checking presence of 0 project files
client-low-power-1  | 17-Sep-2026 08:49:42 [---] This computer is not attached to any projects
client-low-power-1  | dir_open: Could not open directory 'slots' from '/var/lib/boinc-client'.
client-low-power-1  | 17-Sep-2026 08:49:42 Initialization completed
client-low-power-1  | dir_open: Could not open directory 'projects/boincserver.local_boincserver' from '/var/lib/boinc-client'.
client-low-power-1  | 17-Sep-2026 08:49:43 [---] No general preferences found - using defaults
client-low-power-1  | 17-Sep-2026 08:49:43 [---] Reading preferences override file
client-low-power-1  | 17-Sep-2026 08:49:43 [---] Preferences:
client-low-power-1  | 17-Sep-2026 08:49:43 [---]    max memory usage when active: 8929.14 MB
client-low-power-1  | 17-Sep-2026 08:49:43 [---]    max memory usage when idle: 8929.14 MB
client-low-power-1  | 17-Sep-2026 08:49:43 [---]    max disk usage: 2.00 GB
client-low-power-1  | 17-Sep-2026 08:49:43 [---]    don't use GPU while active
client-low-power-1  | 17-Sep-2026 08:49:43 [---]    suspend work if non-BOINC CPU load exceeds 25%
client-low-power-1  | 17-Sep-2026 08:49:43 [---]    (to change preferences, visit a project web site or select Preferences in the Manager)
client-low-power-1  | 17-Sep-2026 08:49:47 [http://boincserver.local/boincserver/] Fetching scheduler list
client-low-power-1  | 17-Sep-2026 08:49:54 [http://boincserver.local/boincserver/] Master file download succeeded
client-low-power-1  | 17-Sep-2026 08:49:59 [http://boincserver.local/boincserver/] Sending scheduler request: Project initialization.
client-low-power-1  | 17-Sep-2026 08:49:59 [http://boincserver.local/boincserver/] Requesting new tasks for CPU
client-low-power-1  | 17-Sep-2026 08:50:01 [boincserver] Scheduler request completed: got 1 new tasks
client-low-power-1  | 17-Sep-2026 08:50:01 [boincserver] Project requested delay of 7 seconds
client-low-power-1  | 17-Sep-2026 08:50:03 [boincserver] Started download of hybrid_synthetic_1.0_aarch64-unknown-linux-gnu
client-low-power-1  | 17-Sep-2026 08:50:03 [boincserver] Started download of hybrid_synthetic_input.txt
client-low-power-1  | 17-Sep-2026 08:50:05 [boincserver] Finished download of hybrid_synthetic_1.0_aarch64-unknown-linux-gnu
client-low-power-1  | 17-Sep-2026 08:50:05 [boincserver] Finished download of hybrid_synthetic_input.txt
client-low-power-1  | 17-Sep-2026 08:50:05 [boincserver] Elapsed time limit 50.000000 < 120.000000; setting to 43200.000000
client-low-power-1  | 17-Sep-2026 08:50:05 [boincserver] Starting task exp_20260917T084802Z_baseline_short_18_0
client-low-power-1  | 17-Sep-2026 08:50:12 [boincserver] Sending scheduler request: To fetch work.
client-low-power-1  | 17-Sep-2026 08:50:12 [boincserver] Requesting new tasks for CPU
client-low-power-1  | 17-Sep-2026 08:50:19 [boincserver] Scheduler request completed: got 1 new tasks
client-low-power-1  | 17-Sep-2026 08:50:19 [boincserver] Project requested delay of 7 seconds
client-low-power-1  | 17-Sep-2026 08:50:20 [boincserver] Computation for task exp_20260917T084802Z_baseline_short_18_0 finished
client-low-power-1  | 17-Sep-2026 08:50:21 [boincserver] Elapsed time limit 50.000000 < 120.000000; setting to 43200.000000
client-low-power-1  | 17-Sep-2026 08:50:21 [boincserver] Starting task exp_20260917T084802Z_baseline_short_14_0
client-low-power-1  | 17-Sep-2026 08:50:22 [boincserver] Started upload of exp_20260917T084802Z_baseline_short_18_0_r1257649342_0
client-low-power-1  | 17-Sep-2026 08:50:24 [boincserver] Finished upload of exp_20260917T084802Z_baseline_short_18_0_r1257649342_0
client-low-power-1  | 17-Sep-2026 08:50:29 [boincserver] Sending scheduler request: To report completed tasks.
client-low-power-1  | 17-Sep-2026 08:50:29 [boincserver] Reporting 1 completed tasks
client-low-power-1  | 17-Sep-2026 08:50:29 [boincserver] Requesting new tasks for CPU
client-low-power-1  | 17-Sep-2026 08:50:30 [boincserver] Computation for task exp_20260917T084802Z_baseline_short_14_0 finished
client-low-power-1  | 17-Sep-2026 08:50:31 [boincserver] Scheduler request completed: got 1 new tasks
client-low-power-1  | 17-Sep-2026 08:50:31 [boincserver] Project requested delay of 7 seconds
client-low-power-1  | 17-Sep-2026 08:50:33 [boincserver] Started upload of exp_20260917T084802Z_baseline_short_14_0_r1758786350_0
client-low-power-1  | 17-Sep-2026 08:50:34 [boincserver] Elapsed time limit 50.000000 < 120.000000; setting to 43200.000000
client-low-power-1  | 17-Sep-2026 08:50:34 [boincserver] Starting task exp_20260917T084802Z_baseline_short_2_0
client-low-power-1  | 17-Sep-2026 08:50:35 [boincserver] Finished upload of exp_20260917T084802Z_baseline_short_14_0_r1758786350_0
client-low-power-1  | 17-Sep-2026 08:50:42 [boincserver] Computation for task exp_20260917T084802Z_baseline_short_2_0 finished
client-phone-1      | 17-Sep-2026 08:49:47 [---] Starting BOINC client version 7.20.5 for aarch64-unknown-linux-gnu
client-phone-1      | 17-Sep-2026 08:49:47 [---] This a development version of BOINC and may not function properly
client-low-power-1  | 17-Sep-2026 08:50:42 [boincserver] Sending scheduler request: To report completed tasks.
client-low-power-1  | 17-Sep-2026 08:50:42 [boincserver] Reporting 1 completed tasks
client-phone-1      | 17-Sep-2026 08:49:47 [---] log flags: file_xfer, sched_ops, task
client-phone-1      | 17-Sep-2026 08:49:47 [---] Libraries: libcurl/7.88.1 OpenSSL/3.0.20 zlib/1.2.13 brotli/1.0.9 zstd/1.5.4 libidn2/2.3.3 libpsl/0.21.2 (+libidn2/2.3.3) libssh2/1.10.0 nghttp2/1.52.0 librtmp/2.3 OpenLDAP/2.5.13
client-low-power-1  | 17-Sep-2026 08:50:42 [boincserver] Requesting new tasks for CPU
client-low-power-1  | 17-Sep-2026 08:50:44 [boincserver] Started upload of exp_20260917T084802Z_baseline_short_2_0_r622809643_0
client-low-power-1  | 17-Sep-2026 08:50:44 [boincserver] Scheduler request completed: got 1 new tasks
client-phone-1      | 17-Sep-2026 08:49:47 [---] Data directory: /var/lib/boinc-client
client-phone-1      | 17-Sep-2026 08:49:47 [---] No usable GPUs found
client-phone-1      | 17-Sep-2026 08:49:47 [---] Creating new client state file
client-phone-1      | 17-Sep-2026 08:49:47 [---] libc:  version 2.36
client-phone-1      | 17-Sep-2026 08:49:47 [---] Host name: phone-01
client-phone-1      | 17-Sep-2026 08:49:47 [---] Processor: 1 ARM  [Impl 0x61 Arch 8 Variant 0x0 Part 0x000 Rev 0]
client-phone-1      | 17-Sep-2026 08:49:47 [---] Processor features: fp asimd evtstrm aes pmull sha1 sha2 crc32 atomics fphp asimdhp cpuid asimdrdm jscvt fcma lrcpc dcpop sha3 asimddp sha512 asimdfhm dit uscat ilrcpc flagm sb paca pacg dcpodp flagm2 frint i8mm bf16 bti afp
client-cluster-1    | 17-Sep-2026 08:49:42 [---] Starting BOINC client version 7.20.5 for aarch64-unknown-linux-gnu
client-cluster-1    | 17-Sep-2026 08:49:42 [---] This a development version of BOINC and may not function properly
client-cluster-1    | 17-Sep-2026 08:49:42 [---] log flags: file_xfer, sched_ops, task
client-cluster-1    | 17-Sep-2026 08:49:42 [---] Libraries: libcurl/7.88.1 OpenSSL/3.0.20 zlib/1.2.13 brotli/1.0.9 zstd/1.5.4 libidn2/2.3.3 libpsl/0.21.2 (+libidn2/2.3.3) libssh2/1.10.0 nghttp2/1.52.0 librtmp/2.3 OpenLDAP/2.5.13
client-cluster-1    | 17-Sep-2026 08:49:42 [---] Data directory: /var/lib/boinc-client
client-cluster-1    | 17-Sep-2026 08:49:42 [---] No usable GPUs found
client-cluster-1    | 17-Sep-2026 08:49:42 [---] Creating new client state file
client-cluster-1    | 17-Sep-2026 08:49:42 [---] libc:  version 2.36
client-low-power-1  | 17-Sep-2026 08:50:44 [boincserver] Project requested delay of 7 seconds
client-low-power-1  | 17-Sep-2026 08:50:46 [boincserver] Finished upload of exp_20260917T084802Z_baseline_short_2_0_r622809643_0
client-low-power-1  | 17-Sep-2026 08:50:46 [boincserver] Elapsed time limit 50.000000 < 120.000000; setting to 43200.000000
client-low-power-1  | 17-Sep-2026 08:50:46 [boincserver] Starting task exp_20260917T084802Z_baseline_short_9_0
client-low-power-1  | 17-Sep-2026 08:50:54 [boincserver] Computation for task exp_20260917T084802Z_baseline_short_9_0 finished
client-low-power-1  | 17-Sep-2026 08:50:54 [boincserver] Sending scheduler request: To report completed tasks.
client-low-power-1  | 17-Sep-2026 08:50:54 [boincserver] Reporting 1 completed tasks
client-low-power-1  | 17-Sep-2026 08:50:54 [boincserver] Requesting new tasks for CPU
client-low-power-1  | 17-Sep-2026 08:50:56 [boincserver] Started upload of exp_20260917T084802Z_baseline_short_9_0_r1581662859_0
client-low-power-1  | 17-Sep-2026 08:50:58 [boincserver] Finished upload of exp_20260917T084802Z_baseline_short_9_0_r1581662859_0
client-low-power-1  | 17-Sep-2026 08:51:01 [boincserver] Scheduler request completed: got 0 new tasks
client-low-power-1  | 17-Sep-2026 08:51:01 [boincserver] Project has no tasks available
client-low-power-1  | 17-Sep-2026 08:51:01 [boincserver] Project requested delay of 7 seconds
client-cluster-1    | 17-Sep-2026 08:49:42 [---] Host name: cluster-01
client-cluster-1    | 17-Sep-2026 08:49:42 [---] Processor: 4 ARM  [Impl 0x61 Arch 8 Variant 0x0 Part 0x000 Rev 0]
client-cluster-1    | 17-Sep-2026 08:49:42 [---] Processor features: fp asimd evtstrm aes pmull sha1 sha2 crc32 atomics fphp asimdhp cpuid asimdrdm jscvt fcma lrcpc dcpop sha3 asimddp sha512 asimdfhm dit uscat ilrcpc flagm sb paca pacg dcpodp flagm2 frint i8mm bf16 bti afp
client-cluster-1    | 17-Sep-2026 08:49:42 [---] OS: Linux Debian GNU/Linux: Debian GNU/Linux 12 (bookworm) [6.8.0-100-generic|libc 2.36]
client-cluster-1    | 17-Sep-2026 08:49:42 [---] Memory: 9.69 GB physical, 0 bytes virtual
client-cluster-1    | 17-Sep-2026 08:49:42 [---] Disk: 18.33 GB total, 15.41 GB free
client-cluster-1    | 17-Sep-2026 08:49:42 [---] Local time is UTC +0 hours
client-cluster-1    | 17-Sep-2026 08:49:42 [---] Config: GUI RPC allowed from any host
client-phone-1      | 17-Sep-2026 08:49:47 [---] OS: Linux Debian GNU/Linux: Debian GNU/Linux 12 (bookworm) [6.8.0-100-generic|libc 2.36]
client-phone-1      | 17-Sep-2026 08:49:47 [---] Memory: 9.69 GB physical, 0 bytes virtual
client-phone-1      | 17-Sep-2026 08:49:47 [---] Disk: 18.33 GB total, 15.41 GB free
client-phone-1      | 17-Sep-2026 08:49:47 [---] Local time is UTC +0 hours
client-low-power-1  | 17-Sep-2026 08:51:15 [boincserver] Sending scheduler request: To report completed tasks.
client-low-power-1  | 17-Sep-2026 08:51:15 [boincserver] Reporting 1 completed tasks
client-low-power-1  | 17-Sep-2026 08:51:15 [boincserver] Requesting new tasks for CPU
client-low-power-1  | 17-Sep-2026 08:51:17 [boincserver] Scheduler request completed: got 0 new tasks
client-low-power-1  | 17-Sep-2026 08:51:17 [boincserver] Project has no tasks available
client-low-power-1  | 17-Sep-2026 08:51:17 [boincserver] Project requested delay of 7 seconds
client-low-power-1  | 17-Sep-2026 08:51:27 [boincserver] Sending scheduler request: To fetch work.
client-phone-1      | 17-Sep-2026 08:49:47 [---] Config: GUI RPC allowed from any host
client-phone-1      | 17-Sep-2026 08:49:47 [---] Config: simulate 1 CPUs
client-phone-1      | 17-Sep-2026 08:49:47 [---] Config: report completed tasks immediately
client-phone-1      | 17-Sep-2026 08:49:47 [---] No general preferences found - using defaults
client-phone-1      | 17-Sep-2026 08:49:47 [---] Reading preferences override file
client-phone-1      | 17-Sep-2026 08:49:47 [---] Preferences:
client-phone-1      | 17-Sep-2026 08:49:47 [---]    max memory usage when active: 8929.14 MB
client-low-power-1  | 17-Sep-2026 08:51:27 [boincserver] Requesting new tasks for CPU
client-low-power-1  | 17-Sep-2026 08:51:29 [boincserver] Scheduler request completed: got 0 new tasks
client-low-power-1  | 17-Sep-2026 08:51:29 [boincserver] Project has no tasks available
client-cluster-1    | 17-Sep-2026 08:49:42 [---] Config: simulate 4 CPUs
client-cluster-1    | 17-Sep-2026 08:49:42 [---] Config: report completed tasks immediately
client-low-power-1  | 17-Sep-2026 08:51:29 [boincserver] Project requested delay of 7 seconds
client-cluster-1    | dir_open: Could not open directory 'slots' from '/var/lib/boinc-client'.
client-cluster-1    | 17-Sep-2026 08:49:42 [---] No general preferences found - using defaults
client-cluster-1    | 17-Sep-2026 08:49:42 [---] Reading preferences override file
client-cluster-1    | 17-Sep-2026 08:49:42 [---] Preferences:
client-cluster-1    | 17-Sep-2026 08:49:42 [---]    max memory usage when active: 8929.14 MB
client-cluster-1    | 17-Sep-2026 08:49:42 [---]    max memory usage when idle: 8929.14 MB
client-cluster-1    | 17-Sep-2026 08:49:42 [---]    max disk usage: 2.00 GB
client-cluster-1    | 17-Sep-2026 08:49:42 [---]    don't use GPU while active
client-cluster-1    | 17-Sep-2026 08:49:42 [---]    suspend work if non-BOINC CPU load exceeds 25%
client-phone-1      | 17-Sep-2026 08:49:47 [---]    max memory usage when idle: 8929.14 MB
client-phone-1      | 17-Sep-2026 08:49:47 [---]    max disk usage: 2.00 GB
client-phone-1      | 17-Sep-2026 08:49:47 [---]    don't use GPU while active
client-cluster-1    | 17-Sep-2026 08:49:42 [---]    (to change preferences, visit a project web site or select Preferences in the Manager)
client-cluster-1    | 17-Sep-2026 08:49:42 [---] Setting up project and slot directories
client-cluster-1    | 17-Sep-2026 08:49:42 [---] Checking active tasks
client-cluster-1    | 17-Sep-2026 08:49:42 [---] Setting up GUI RPC socket
client-cluster-1    | 17-Sep-2026 08:49:42 [---] Checking presence of 0 project files
client-cluster-1    | 17-Sep-2026 08:49:42 [---] This computer is not attached to any projects
client-cluster-1    | 17-Sep-2026 08:49:42 Initialization completed
client-phone-1      | 17-Sep-2026 08:49:47 [---]    suspend work if non-BOINC CPU load exceeds 25%
client-phone-1      | 17-Sep-2026 08:49:47 [---]    (to change preferences, visit a project web site or select Preferences in the Manager)
client-phone-1      | 17-Sep-2026 08:49:47 [---] Setting up project and slot directories
client-phone-1      | 17-Sep-2026 08:49:47 [---] Checking active tasks
client-phone-1      | 17-Sep-2026 08:49:47 [---] Setting up GUI RPC socket
client-phone-1      | dir_open: Could not open directory 'slots' from '/var/lib/boinc-client'.
makeproject-1       | Updating project files in data volume...
makeproject-1       | Waiting for MySQL server to start...
makeproject-1       | Creating database...
makeproject-1       | added platform: (create_time, name, user_friendly_name) values (1789634892, 'windows_intelx86', 'Microsoft Windows (98 or later) running on an Intel x86-compatible CPU')
makeproject-1       | added platform: (create_time, name, user_friendly_name) values (1789634892, 'windows_x86_64', 'Microsoft Windows running on an AMD x86_64 or Intel EM64T CPU')
client-phone-1      | 17-Sep-2026 08:49:47 [---] Checking presence of 0 project files
client-phone-1      | 17-Sep-2026 08:49:47 [---] This computer is not attached to any projects
client-phone-1      | 17-Sep-2026 08:49:47 Initialization completed
client-phone-1      | dir_open: Could not open directory 'projects/boincserver.local_boincserver' from '/var/lib/boinc-client'.
client-phone-1      | 17-Sep-2026 08:49:48 [---] No general preferences found - using defaults
client-phone-1      | 17-Sep-2026 08:49:48 [---] Reading preferences override file
client-phone-1      | 17-Sep-2026 08:49:48 [---] Preferences:
client-phone-1      | 17-Sep-2026 08:49:48 [---]    max memory usage when active: 8929.14 MB
client-phone-1      | 17-Sep-2026 08:49:48 [---]    max memory usage when idle: 8929.14 MB
makeproject-1       | added platform: (create_time, name, user_friendly_name) values (1789634892, 'windows_arm64', 'Microsoft Windows running on ARM 64-bit')
makeproject-1       | added platform: (create_time, name, user_friendly_name) values (1789634892, 'i686-pc-linux-gnu', 'Linux running on an Intel x86-compatible CPU')
makeproject-1       | added platform: (create_time, name, user_friendly_name) values (1789634892, 'x86_64-pc-linux-gnu', 'Linux running on an AMD x86_64 or Intel EM64T CPU')
makeproject-1       | added platform: (create_time, name, user_friendly_name) values (1789634892, 'powerpc-apple-darwin', 'Mac OS X 10.3 or later running on Motorola PowerPC')
client-phone-2-1    | 17-Sep-2026 08:49:42 [---] Starting BOINC client version 7.20.5 for aarch64-unknown-linux-gnu
client-phone-2-1    | 17-Sep-2026 08:49:42 [---] This a development version of BOINC and may not function properly
client-phone-2-1    | 17-Sep-2026 08:49:42 [---] log flags: file_xfer, sched_ops, task
client-phone-2-1    | 17-Sep-2026 08:49:42 [---] Libraries: libcurl/7.88.1 OpenSSL/3.0.20 zlib/1.2.13 brotli/1.0.9 zstd/1.5.4 libidn2/2.3.3 libpsl/0.21.2 (+libidn2/2.3.3) libssh2/1.10.0 nghttp2/1.52.0 librtmp/2.3 OpenLDAP/2.5.13
client-cluster-1    | dir_open: Could not open directory 'projects/boincserver.local_boincserver' from '/var/lib/boinc-client'.
client-cluster-1    | 17-Sep-2026 08:49:43 [---] No general preferences found - using defaults
client-phone-1      | 17-Sep-2026 08:49:48 [---]    max disk usage: 2.00 GB
client-phone-1      | 17-Sep-2026 08:49:48 [---]    don't use GPU while active
client-phone-1      | 17-Sep-2026 08:49:48 [---]    suspend work if non-BOINC CPU load exceeds 25%
client-phone-1      | 17-Sep-2026 08:49:48 [---]    (to change preferences, visit a project web site or select Preferences in the Manager)
client-phone-1      | 17-Sep-2026 08:49:52 [http://boincserver.local/boincserver/] Fetching scheduler list
client-phone-1      | 17-Sep-2026 08:49:55 [http://boincserver.local/boincserver/] Master file download succeeded
client-phone-1      | 17-Sep-2026 08:50:00 [http://boincserver.local/boincserver/] Sending scheduler request: Project initialization.
client-phone-1      | 17-Sep-2026 08:50:00 [http://boincserver.local/boincserver/] Requesting new tasks for CPU
client-phone-1      | 17-Sep-2026 08:50:02 [boincserver] Scheduler request completed: got 1 new tasks
client-phone-1      | 17-Sep-2026 08:50:02 [boincserver] Project requested delay of 7 seconds
client-cluster-1    | 17-Sep-2026 08:49:43 [---] Reading preferences override file
client-cluster-1    | 17-Sep-2026 08:49:43 [---] Preferences:
client-cluster-1    | 17-Sep-2026 08:49:43 [---]    max memory usage when active: 8929.14 MB
client-cluster-1    | 17-Sep-2026 08:49:43 [---]    max memory usage when idle: 8929.14 MB
client-cluster-1    | 17-Sep-2026 08:49:43 [---]    max disk usage: 2.00 GB
client-cluster-1    | 17-Sep-2026 08:49:43 [---]    don't use GPU while active
client-cluster-1    | 17-Sep-2026 08:49:43 [---]    suspend work if non-BOINC CPU load exceeds 25%
client-cluster-1    | 17-Sep-2026 08:49:43 [---]    (to change preferences, visit a project web site or select Preferences in the Manager)
client-cluster-1    | 17-Sep-2026 08:49:47 [http://boincserver.local/boincserver/] Fetching scheduler list
client-cluster-1    | 17-Sep-2026 08:49:49 [http://boincserver.local/boincserver/] Master file download succeeded
client-phone-1      | 17-Sep-2026 08:50:04 [boincserver] Started download of hybrid_synthetic_1.0_aarch64-unknown-linux-gnu
client-phone-1      | 17-Sep-2026 08:50:04 [boincserver] Started download of hybrid_synthetic_input.txt
client-phone-1      | 17-Sep-2026 08:50:06 [boincserver] Finished download of hybrid_synthetic_1.0_aarch64-unknown-linux-gnu
client-phone-1      | 17-Sep-2026 08:50:06 [boincserver] Finished download of hybrid_synthetic_input.txt
client-phone-1      | 17-Sep-2026 08:50:06 [boincserver] Elapsed time limit 50.000000 < 120.000000; setting to 43200.000000
client-phone-1      | 17-Sep-2026 08:50:06 [boincserver] Starting task exp_20260917T084802Z_baseline_short_16_0
client-phone-1      | 17-Sep-2026 08:50:13 [boincserver] Sending scheduler request: To fetch work.
client-phone-1      | 17-Sep-2026 08:50:13 [boincserver] Requesting new tasks for CPU
client-phone-1      | 17-Sep-2026 08:50:15 [boincserver] Scheduler request completed: got 1 new tasks
client-phone-1      | 17-Sep-2026 08:50:15 [boincserver] Project requested delay of 7 seconds
client-phone-1      | 17-Sep-2026 08:50:19 [boincserver] Computation for task exp_20260917T084802Z_baseline_short_16_0 finished
client-phone-2-1    | 17-Sep-2026 08:49:42 [---] Data directory: /var/lib/boinc-client
client-phone-2-1    | 17-Sep-2026 08:49:42 [---] No usable GPUs found
client-phone-2-1    | 17-Sep-2026 08:49:42 [---] Creating new client state file
client-phone-2-1    | 17-Sep-2026 08:49:42 [---] libc:  version 2.36
client-phone-2-1    | 17-Sep-2026 08:49:42 [---] Host name: phone-02
client-phone-2-1    | 17-Sep-2026 08:49:42 [---] Processor: 1 ARM  [Impl 0x61 Arch 8 Variant 0x0 Part 0x000 Rev 0]
client-phone-2-1    | 17-Sep-2026 08:49:42 [---] Processor features: fp asimd evtstrm aes pmull sha1 sha2 crc32 atomics fphp asimdhp cpuid asimdrdm jscvt fcma lrcpc dcpop sha3 asimddp sha512 asimdfhm dit uscat ilrcpc flagm sb paca pacg dcpodp flagm2 frint i8mm bf16 bti afp
client-phone-2-1    | 17-Sep-2026 08:49:42 [---] OS: Linux Debian GNU/Linux: Debian GNU/Linux 12 (bookworm) [6.8.0-100-generic|libc 2.36]
client-phone-2-1    | 17-Sep-2026 08:49:42 [---] Memory: 9.69 GB physical, 0 bytes virtual
client-phone-2-1    | 17-Sep-2026 08:49:42 [---] Disk: 18.33 GB total, 15.41 GB free
client-phone-2-1    | 17-Sep-2026 08:49:42 [---] Local time is UTC +0 hours
client-phone-2-1    | 17-Sep-2026 08:49:42 [---] Config: GUI RPC allowed from any host
makeproject-1       | added platform: (create_time, name, user_friendly_name) values (1789634892, 'i686-apple-darwin', 'Mac OS 10.4 or later running on Intel')
makeproject-1       | added platform: (create_time, name, user_friendly_name) values (1789634892, 'x86_64-apple-darwin', 'Intel 64-bit Mac OS 10.5 or later')
makeproject-1       | added platform: (create_time, name, user_friendly_name) values (1789634892, 'arm64-apple-darwin', 'Mac OS running on ARM')
client-phone-2-1    | 17-Sep-2026 08:49:42 [---] Config: simulate 1 CPUs
client-phone-2-1    | 17-Sep-2026 08:49:42 [---] Config: report completed tasks immediately
client-phone-2-1    | 17-Sep-2026 08:49:42 [---] No general preferences found - using defaults
client-phone-1      | 17-Sep-2026 08:50:19 [boincserver] Elapsed time limit 50.000000 < 120.000000; setting to 43200.000000
client-phone-1      | 17-Sep-2026 08:50:19 [boincserver] Starting task exp_20260917T084802Z_baseline_short_15_0
client-phone-1      | 17-Sep-2026 08:50:21 [boincserver] Started upload of exp_20260917T084802Z_baseline_short_16_0_r1008871960_0
client-phone-1      | 17-Sep-2026 08:50:23 [boincserver] Finished upload of exp_20260917T084802Z_baseline_short_16_0_r1008871960_0
client-phone-1      | 17-Sep-2026 08:50:26 [boincserver] Sending scheduler request: To report completed tasks.
client-cluster-2-1  | 17-Sep-2026 08:49:41 [---] Starting BOINC client version 7.20.5 for aarch64-unknown-linux-gnu
client-cluster-2-1  | 17-Sep-2026 08:49:41 [---] This a development version of BOINC and may not function properly
client-cluster-2-1  | 17-Sep-2026 08:49:41 [---] log flags: file_xfer, sched_ops, task
client-cluster-1    | 17-Sep-2026 08:49:54 [http://boincserver.local/boincserver/] Sending scheduler request: Project initialization.
client-cluster-1    | 17-Sep-2026 08:49:54 [http://boincserver.local/boincserver/] Requesting new tasks for CPU
client-cluster-1    | 17-Sep-2026 08:49:56 [boincserver] Scheduler request completed: got 1 new tasks
client-cluster-1    | 17-Sep-2026 08:49:56 [boincserver] Project requested delay of 7 seconds
client-cluster-2-1  | 17-Sep-2026 08:49:41 [---] Libraries: libcurl/7.88.1 OpenSSL/3.0.20 zlib/1.2.13 brotli/1.0.9 zstd/1.5.4 libidn2/2.3.3 libpsl/0.21.2 (+libidn2/2.3.3) libssh2/1.10.0 nghttp2/1.52.0 librtmp/2.3 OpenLDAP/2.5.13
client-cluster-2-1  | 17-Sep-2026 08:49:41 [---] Data directory: /var/lib/boinc-client
client-cluster-2-1  | 17-Sep-2026 08:49:41 [---] No usable GPUs found
client-cluster-2-1  | 17-Sep-2026 08:49:41 [---] Creating new client state file
client-cluster-2-1  | 17-Sep-2026 08:49:41 [---] libc:  version 2.36
client-cluster-2-1  | 17-Sep-2026 08:49:41 [---] Host name: cluster-02
client-cluster-1    | 17-Sep-2026 08:49:58 [boincserver] Started download of hybrid_synthetic_1.0_aarch64-unknown-linux-gnu
client-cluster-1    | 17-Sep-2026 08:49:58 [boincserver] Started download of hybrid_synthetic_input.txt
client-cluster-1    | 17-Sep-2026 08:50:00 [boincserver] Finished download of hybrid_synthetic_1.0_aarch64-unknown-linux-gnu
client-cluster-1    | 17-Sep-2026 08:50:00 [boincserver] Finished download of hybrid_synthetic_input.txt
client-cluster-1    | 17-Sep-2026 08:50:00 [boincserver] Starting task exp_20260917T084802Z_baseline_medium_10_0
client-cluster-1    | 17-Sep-2026 08:50:06 [boincserver] Sending scheduler request: To fetch work.
client-cluster-1    | 17-Sep-2026 08:50:06 [boincserver] Requesting new tasks for CPU
client-phone-2-1    | 17-Sep-2026 08:49:42 [---] Reading preferences override file
client-phone-2-1    | 17-Sep-2026 08:49:42 [---] Preferences:
client-phone-2-1    | 17-Sep-2026 08:49:42 [---]    max memory usage when active: 8929.14 MB
client-phone-2-1    | 17-Sep-2026 08:49:42 [---]    max memory usage when idle: 8929.14 MB
client-phone-2-1    | 17-Sep-2026 08:49:42 [---]    max disk usage: 2.00 GB
client-phone-2-1    | 17-Sep-2026 08:49:42 [---]    don't use GPU while active
client-cluster-2-1  | 17-Sep-2026 08:49:41 [---] Processor: 4 ARM  [Impl 0x61 Arch 8 Variant 0x0 Part 0x000 Rev 0]
client-cluster-1    | 17-Sep-2026 08:50:09 [boincserver] Scheduler request completed: got 4 new tasks
client-cluster-1    | 17-Sep-2026 08:50:09 [boincserver] Project requested delay of 7 seconds
client-cluster-1    | 17-Sep-2026 08:50:11 [boincserver] Elapsed time limit 50.000000 < 120.000000; setting to 43200.000000
client-cluster-1    | 17-Sep-2026 08:50:11 [boincserver] Elapsed time limit 50.000000 < 120.000000; setting to 43200.000000
makeproject-1       | added platform: (create_time, name, user_friendly_name) values (1789634892, 'sparc-sun-solaris2.7', 'Solaris 2.7 running on a SPARC-compatible CPU')
makeproject-1       | added platform: (create_time, name, user_friendly_name) values (1789634892, 'sparc-sun-solaris', 'Solaris 2.8 or later running on a SPARC-compatible CPU')
makeproject-1       | added platform: (create_time, name, user_friendly_name) values (1789634892, 'sparc64-sun-solaris', 'Solaris 2.8 or later running on a SPARC 64-bit CPU')
makeproject-1       | added platform: (create_time, name, user_friendly_name) values (1789634892, 'powerpc64-ps3-linux-gnu', 'Sony Playstation 3 running Linux')
makeproject-1       | added platform: (create_time, name, user_friendly_name) values (1789634892, 'arm-android-linux-gnu', 'Android running on ARM armeabi-v7a')
client-phone-1      | 17-Sep-2026 08:50:26 [boincserver] Reporting 1 completed tasks
client-phone-1      | 17-Sep-2026 08:50:26 [boincserver] Requesting new tasks for CPU
client-cluster-1    | 17-Sep-2026 08:50:11 [boincserver] Starting task exp_20260917T084802Z_baseline_medium_8_0
client-cluster-1    | 17-Sep-2026 08:50:11 [boincserver] Starting task exp_20260917T084802Z_baseline_short_6_0
client-cluster-1    | 17-Sep-2026 08:50:11 [boincserver] Starting task exp_20260917T084802Z_baseline_short_5_0
client-cluster-1    | 17-Sep-2026 08:50:19 [boincserver] Sending scheduler request: To fetch work.
client-cluster-1    | 17-Sep-2026 08:50:19 [boincserver] Requesting new tasks for CPU
client-cluster-1    | 17-Sep-2026 08:50:21 [boincserver] Computation for task exp_20260917T084802Z_baseline_short_6_0 finished
client-cluster-2-1  | 17-Sep-2026 08:49:41 [---] Processor features: fp asimd evtstrm aes pmull sha1 sha2 crc32 atomics fphp asimdhp cpuid asimdrdm jscvt fcma lrcpc dcpop sha3 asimddp sha512 asimdfhm dit uscat ilrcpc flagm sb paca pacg dcpodp flagm2 frint i8mm bf16 bti afp
client-cluster-2-1  | 17-Sep-2026 08:49:41 [---] OS: Linux Debian GNU/Linux: Debian GNU/Linux 12 (bookworm) [6.8.0-100-generic|libc 2.36]
client-cluster-2-1  | 17-Sep-2026 08:49:41 [---] Memory: 9.69 GB physical, 0 bytes virtual
client-cluster-1    | 17-Sep-2026 08:50:21 [boincserver] Elapsed time limit 50.000000 < 120.000000; setting to 43200.000000
client-cluster-1    | 17-Sep-2026 08:50:22 [boincserver] Starting task exp_20260917T084802Z_baseline_short_4_0
client-cluster-1    | 17-Sep-2026 08:50:23 [boincserver] Computation for task exp_20260917T084802Z_baseline_short_5_0 finished
client-cluster-1    | 17-Sep-2026 08:50:23 [boincserver] Scheduler request completed: got 3 new tasks
client-cluster-1    | 17-Sep-2026 08:50:23 [boincserver] Project requested delay of 7 seconds
client-cluster-1    | 17-Sep-2026 08:50:24 [boincserver] Started upload of exp_20260917T084802Z_baseline_short_6_0_r1718606613_0
client-cluster-1    | 17-Sep-2026 08:50:25 [boincserver] Started upload of exp_20260917T084802Z_baseline_short_5_0_r1968368766_0
client-cluster-1    | 17-Sep-2026 08:50:25 [boincserver] Starting task exp_20260917T084802Z_baseline_long_2_0
client-cluster-1    | 17-Sep-2026 08:50:26 [boincserver] Finished upload of exp_20260917T084802Z_baseline_short_6_0_r1718606613_0
client-cluster-1    | 17-Sep-2026 08:50:26 [boincserver] Finished upload of exp_20260917T084802Z_baseline_short_5_0_r1968368766_0
client-cluster-1    | 17-Sep-2026 08:50:31 [boincserver] Computation for task exp_20260917T084802Z_baseline_short_4_0 finished
client-cluster-1    | 17-Sep-2026 08:50:31 [boincserver] Elapsed time limit 50.000000 < 120.000000; setting to 43200.000000
client-cluster-1    | 17-Sep-2026 08:50:31 [boincserver] Starting task exp_20260917T084802Z_baseline_short_13_0
client-cluster-1    | 17-Sep-2026 08:50:33 [boincserver] Started upload of exp_20260917T084802Z_baseline_short_4_0_r1823307240_0
client-cluster-1    | 17-Sep-2026 08:50:35 [boincserver] Finished upload of exp_20260917T084802Z_baseline_short_4_0_r1823307240_0
client-cluster-1    | 17-Sep-2026 08:50:38 [boincserver] Sending scheduler request: To report completed tasks.
makeproject-1       | added platform: (create_time, name, user_friendly_name) values (1789634892, 'aarch64-android-linux-gnu', 'Android running on ARM 64-bit arm64-v8a')
makeproject-1       | added platform: (create_time, name, user_friendly_name) values (1789634892, 'x86_64-android-linux-gnu', 'Android running on Intel x64 compatible')
makeproject-1       | added platform: (create_time, name, user_friendly_name) values (1789634892, 'x86-android-linux-gnu', 'Android running on Intel x86 compatible')
makeproject-1       | added platform: (create_time, name, user_friendly_name) values (1789634892, 'arm-unknown-linux-gnueabihf', 'Linux running on ARM, hardware FP')
makeproject-1       | added platform: (create_time, name, user_friendly_name) values (1789634892, 'aarch64-unknown-linux-gnu', 'Linux running on ARM64')
makeproject-1       | added platform: (create_time, name, user_friendly_name) values (1789634892, 'anonymous', 'anonymous')
makeproject-1       | 
client-desktop-1    | 17-Sep-2026 08:49:42 [---] Starting BOINC client version 7.20.5 for aarch64-unknown-linux-gnu
client-phone-1      | 17-Sep-2026 08:50:28 [boincserver] Scheduler request completed: got 1 new tasks
client-phone-1      | 17-Sep-2026 08:50:28 [boincserver] Project requested delay of 7 seconds
client-phone-1      | 17-Sep-2026 08:50:30 [boincserver] Computation for task exp_20260917T084802Z_baseline_short_15_0 finished
client-phone-1      | 17-Sep-2026 08:50:30 [boincserver] Elapsed time limit 50.000000 < 120.000000; setting to 43200.000000
client-phone-1      | 17-Sep-2026 08:50:30 [boincserver] Starting task exp_20260917T084802Z_baseline_short_12_0
client-phone-1      | 17-Sep-2026 08:50:32 [boincserver] Started upload of exp_20260917T084802Z_baseline_short_15_0_r683043347_0
client-phone-1      | 17-Sep-2026 08:50:34 [boincserver] Finished upload of exp_20260917T084802Z_baseline_short_15_0_r683043347_0
client-desktop-1    | 17-Sep-2026 08:49:42 [---] This a development version of BOINC and may not function properly
client-desktop-1    | 17-Sep-2026 08:49:42 [---] log flags: file_xfer, sched_ops, task
client-desktop-1    | 17-Sep-2026 08:49:42 [---] Libraries: libcurl/7.88.1 OpenSSL/3.0.20 zlib/1.2.13 brotli/1.0.9 zstd/1.5.4 libidn2/2.3.3 libpsl/0.21.2 (+libidn2/2.3.3) libssh2/1.10.0 nghttp2/1.52.0 librtmp/2.3 OpenLDAP/2.5.13
client-desktop-1    | 17-Sep-2026 08:49:42 [---] Data directory: /var/lib/boinc-client
client-desktop-1    | 17-Sep-2026 08:49:42 [---] No usable GPUs found
client-cluster-2-1  | 17-Sep-2026 08:49:41 [---] Disk: 18.33 GB total, 15.41 GB free
client-cluster-2-1  | 17-Sep-2026 08:49:41 [---] Local time is UTC +0 hours
client-cluster-2-1  | 17-Sep-2026 08:49:41 [---] Config: GUI RPC allowed from any host
client-cluster-2-1  | 17-Sep-2026 08:49:41 [---] Config: simulate 4 CPUs
client-cluster-2-1  | 17-Sep-2026 08:49:41 [---] Config: report completed tasks immediately
client-cluster-2-1  | 17-Sep-2026 08:49:42 [---] No general preferences found - using defaults
client-cluster-2-1  | 17-Sep-2026 08:49:42 [---] Reading preferences override file
client-cluster-2-1  | 17-Sep-2026 08:49:42 [---] Preferences:
client-cluster-2-1  | 17-Sep-2026 08:49:42 [---]    max memory usage when active: 8929.14 MB
client-cluster-2-1  | 17-Sep-2026 08:49:42 [---]    max memory usage when idle: 8929.14 MB
client-cluster-2-1  | 17-Sep-2026 08:49:42 [---]    max disk usage: 2.00 GB
client-cluster-2-1  | 17-Sep-2026 08:49:42 [---]    don't use GPU while active
client-cluster-2-1  | 17-Sep-2026 08:49:42 [---]    suspend work if non-BOINC CPU load exceeds 25%
client-cluster-2-1  | 17-Sep-2026 08:49:42 [---]    (to change preferences, visit a project web site or select Preferences in the Manager)
client-cluster-2-1  | 17-Sep-2026 08:49:42 [---] Setting up project and slot directories
client-cluster-2-1  | 17-Sep-2026 08:49:42 [---] Checking active tasks
client-cluster-2-1  | 17-Sep-2026 08:49:42 [---] Setting up GUI RPC socket
client-cluster-2-1  | dir_open: Could not open directory 'slots' from '/var/lib/boinc-client'.
client-cluster-2-1  | 17-Sep-2026 08:49:42 [---] Checking presence of 0 project files
client-cluster-2-1  | 17-Sep-2026 08:49:42 [---] This computer is not attached to any projects
client-cluster-2-1  | 17-Sep-2026 08:49:42 Initialization completed
client-cluster-2-1  | dir_open: Could not open directory 'projects/boincserver.local_boincserver' from '/var/lib/boinc-client'.
client-cluster-2-1  | 17-Sep-2026 08:49:42 [---] No general preferences found - using defaults
client-cluster-2-1  | 17-Sep-2026 08:49:42 [---] Reading preferences override file
client-cluster-2-1  | 17-Sep-2026 08:49:42 [---] Preferences:
client-phone-1      | 17-Sep-2026 08:50:39 [boincserver] Sending scheduler request: To report completed tasks.
client-phone-1      | 17-Sep-2026 08:50:39 [boincserver] Reporting 1 completed tasks
client-phone-1      | 17-Sep-2026 08:50:39 [boincserver] Requesting new tasks for CPU
client-phone-1      | 17-Sep-2026 08:50:41 [boincserver] Scheduler request completed: got 1 new tasks
client-phone-1      | 17-Sep-2026 08:50:41 [boincserver] Project requested delay of 7 seconds
client-phone-1      | 17-Sep-2026 08:50:43 [boincserver] Computation for task exp_20260917T084802Z_baseline_short_12_0 finished
client-phone-1      | 17-Sep-2026 08:50:43 [boincserver] Elapsed time limit 50.000000 < 120.000000; setting to 43200.000000
client-phone-1      | 17-Sep-2026 08:50:43 [boincserver] Starting task exp_20260917T084802Z_baseline_short_7_0
client-phone-1      | 17-Sep-2026 08:50:45 [boincserver] Started upload of exp_20260917T084802Z_baseline_short_12_0_r1671872823_0
client-phone-1      | 17-Sep-2026 08:50:47 [boincserver] Finished upload of exp_20260917T084802Z_baseline_short_12_0_r1671872823_0
client-phone-1      | 17-Sep-2026 08:50:51 [boincserver] Sending scheduler request: To report completed tasks.
client-cluster-1    | 17-Sep-2026 08:50:38 [boincserver] Reporting 3 completed tasks
client-cluster-1    | 17-Sep-2026 08:50:38 [boincserver] Requesting new tasks for CPU
client-cluster-1    | 17-Sep-2026 08:50:45 [boincserver] Computation for task exp_20260917T084802Z_baseline_medium_10_0 finished
client-cluster-1    | 17-Sep-2026 08:50:45 [boincserver] Starting task exp_20260917T084802Z_baseline_medium_9_0
client-cluster-1    | 17-Sep-2026 08:50:47 [boincserver] Started upload of exp_20260917T084802Z_baseline_medium_10_0_r921808924_0
client-desktop-1    | 17-Sep-2026 08:49:42 [---] Creating new client state file
client-desktop-1    | 17-Sep-2026 08:49:42 [---] libc:  version 2.36
client-desktop-1    | 17-Sep-2026 08:49:42 [---] Host name: desktop-01
apache-1            | /usr/lib/python2.7/dist-packages/supervisor/options.py:461: UserWarning: Supervisord is running as root and it is searching for its configuration file in default locations (including its current working directory); you probably want to specify a "-c" argument specifying an absolute path to a configuration file for improved security.
apache-1            |   'Supervisord is running as root and it is searching '
apache-1            | 2026-09-17 08:48:06,736 CRIT Supervisor is running as root.  Privileges were not dropped because no user is specified in the config file.  If you intend to run as root, you can set user=root in the config file to avoid this message.
apache-1            | 2026-09-17 08:48:06,736 INFO Included extra file "/etc/supervisor/conf.d/supervisord.conf" during parsing
apache-1            | 2026-09-17 08:48:06,741 INFO RPC interface 'supervisor' initialized
apache-1            | 2026-09-17 08:48:06,741 CRIT Server 'unix_http_server' running without any HTTP authentication checking
apache-1            | 2026-09-17 08:48:06,741 INFO supervisord started with pid 1
apache-1            | 2026-09-17 08:48:07,743 INFO spawned: 'cron' with pid 9
apache-1            | 2026-09-17 08:48:07,744 INFO spawned: 'start' with pid 10
apache-1            | 2026-09-17 08:48:07,745 INFO spawned: 'rsyslogd' with pid 11
apache-1            | 2026-09-17 08:48:07,746 INFO spawned: 'apache2' with pid 12
client-phone-1      | 17-Sep-2026 08:50:51 [boincserver] Reporting 1 completed tasks
client-phone-1      | 17-Sep-2026 08:50:51 [boincserver] Requesting new tasks for CPU
client-phone-1      | 17-Sep-2026 08:50:53 [boincserver] Computation for task exp_20260917T084802Z_baseline_short_7_0 finished
client-phone-1      | 17-Sep-2026 08:50:53 [boincserver] Scheduler request completed: got 1 new tasks
client-phone-1      | 17-Sep-2026 08:50:53 [boincserver] Project requested delay of 7 seconds
client-phone-1      | 17-Sep-2026 08:50:55 [boincserver] Started upload of exp_20260917T084802Z_baseline_short_7_0_r1706749126_0
client-phone-1      | 17-Sep-2026 08:50:55 [boincserver] Starting task exp_20260917T084802Z_baseline_medium_7_0
client-desktop-1    | 17-Sep-2026 08:49:42 [---] Processor: 2 ARM  [Impl 0x61 Arch 8 Variant 0x0 Part 0x000 Rev 0]
client-desktop-1    | 17-Sep-2026 08:49:42 [---] Processor features: fp asimd evtstrm aes pmull sha1 sha2 crc32 atomics fphp asimdhp cpuid asimdrdm jscvt fcma lrcpc dcpop sha3 asimddp sha512 asimdfhm dit uscat ilrcpc flagm sb paca pacg dcpodp flagm2 frint i8mm bf16 bti afp
client-desktop-1    | 17-Sep-2026 08:49:42 [---] OS: Linux Debian GNU/Linux: Debian GNU/Linux 12 (bookworm) [6.8.0-100-generic|libc 2.36]
client-desktop-1    | 17-Sep-2026 08:49:42 [---] Memory: 9.69 GB physical, 0 bytes virtual
client-desktop-1    | 17-Sep-2026 08:49:42 [---] Disk: 18.33 GB total, 15.41 GB free
client-desktop-1    | 17-Sep-2026 08:49:42 [---] Local time is UTC +0 hours
client-desktop-1    | 17-Sep-2026 08:49:42 [---] Config: GUI RPC allowed from any host
client-phone-2-1    | 17-Sep-2026 08:49:42 [---]    suspend work if non-BOINC CPU load exceeds 25%
client-phone-2-1    | 17-Sep-2026 08:49:42 [---]    (to change preferences, visit a project web site or select Preferences in the Manager)
client-phone-2-1    | 17-Sep-2026 08:49:42 [---] Setting up project and slot directories
client-phone-2-1    | 17-Sep-2026 08:49:42 [---] Checking active tasks
client-phone-2-1    | 17-Sep-2026 08:49:42 [---] Setting up GUI RPC socket
client-cluster-2-1  | 17-Sep-2026 08:49:42 [---]    max memory usage when active: 8929.14 MB
client-cluster-2-1  | 17-Sep-2026 08:49:42 [---]    max memory usage when idle: 8929.14 MB
client-cluster-1    | 17-Sep-2026 08:50:47 [boincserver] Computation for task exp_20260917T084802Z_baseline_medium_8_0 finished
client-cluster-1    | 17-Sep-2026 08:50:48 [boincserver] Computation for task exp_20260917T084802Z_baseline_short_13_0 finished
client-cluster-1    | 17-Sep-2026 08:50:49 [boincserver] Finished upload of exp_20260917T084802Z_baseline_medium_10_0_r921808924_0
client-cluster-1    | 17-Sep-2026 08:50:49 [boincserver] Started upload of exp_20260917T084802Z_baseline_medium_8_0_r1532583283_0
client-cluster-1    | 17-Sep-2026 08:50:50 [boincserver] Finished upload of exp_20260917T084802Z_baseline_medium_8_0_r1532583283_0
client-cluster-1    | 17-Sep-2026 08:50:50 [boincserver] Started upload of exp_20260917T084802Z_baseline_short_13_0_r1416846535_0
client-cluster-2-1  | 17-Sep-2026 08:49:42 [---]    max disk usage: 2.00 GB
client-cluster-2-1  | 17-Sep-2026 08:49:42 [---]    don't use GPU while active
client-cluster-2-1  | 17-Sep-2026 08:49:42 [---]    suspend work if non-BOINC CPU load exceeds 25%
client-cluster-2-1  | 17-Sep-2026 08:49:42 [---]    (to change preferences, visit a project web site or select Preferences in the Manager)
client-cluster-2-1  | 17-Sep-2026 08:49:47 [http://boincserver.local/boincserver/] Fetching scheduler list
client-cluster-2-1  | 17-Sep-2026 08:49:49 [http://boincserver.local/boincserver/] Master file download succeeded
mysql-1             | Initializing database
mysql-1             | 
client-phone-1      | 17-Sep-2026 08:50:57 [boincserver] Finished upload of exp_20260917T084802Z_baseline_short_7_0_r1706749126_0
client-phone-1      | 17-Sep-2026 08:51:03 [boincserver] Sending scheduler request: To report completed tasks.
client-phone-1      | 17-Sep-2026 08:51:03 [boincserver] Reporting 1 completed tasks
client-phone-1      | 17-Sep-2026 08:51:03 [boincserver] Requesting new tasks for CPU
client-phone-1      | 17-Sep-2026 08:51:05 [boincserver] Scheduler request completed: got 0 new tasks
client-cluster-1    | 17-Sep-2026 08:50:50 [boincserver] Scheduler request completed: got 3 new tasks
client-cluster-1    | 17-Sep-2026 08:50:50 [boincserver] Project requested delay of 7 seconds
client-phone-2-1    | dir_open: Could not open directory 'slots' from '/var/lib/boinc-client'.
client-phone-2-1    | 17-Sep-2026 08:49:42 [---] Checking presence of 0 project files
client-cluster-2-1  | 17-Sep-2026 08:49:55 [http://boincserver.local/boincserver/] Sending scheduler request: Project initialization.
client-cluster-2-1  | 17-Sep-2026 08:49:55 [http://boincserver.local/boincserver/] Requesting new tasks for CPU
client-phone-1      | 17-Sep-2026 08:51:05 [boincserver] Project has no tasks available
client-phone-1      | 17-Sep-2026 08:51:05 [boincserver] Project requested delay of 7 seconds
client-phone-1      | 17-Sep-2026 08:51:15 [boincserver] Sending scheduler request: To fetch work.
client-phone-1      | 17-Sep-2026 08:51:15 [boincserver] Requesting new tasks for CPU
client-cluster-1    | 17-Sep-2026 08:50:52 [boincserver] Finished upload of exp_20260917T084802Z_baseline_short_13_0_r1416846535_0
client-cluster-1    | 17-Sep-2026 08:50:52 [boincserver] Elapsed time limit 50.000000 < 120.000000; setting to 43200.000000
client-cluster-1    | 17-Sep-2026 08:50:52 [boincserver] Starting task exp_20260917T084802Z_baseline_short_10_0
mysql-1             | 
mysql-1             | PLEASE REMEMBER TO SET A PASSWORD FOR THE MariaDB root USER !
mysql-1             | To do so, start the server, then issue the following commands:
mysql-1             | 
mysql-1             | '/usr/bin/mysqladmin' -u root password 'new-password'
mysql-1             | '/usr/bin/mysqladmin' -u root -h  password 'new-password'
mysql-1             | 
client-cluster-1    | 17-Sep-2026 08:50:52 [boincserver] Starting task exp_20260917T084802Z_baseline_medium_6_0
client-cluster-1    | 17-Sep-2026 08:51:00 [boincserver] Sending scheduler request: To report completed tasks.
client-cluster-1    | 17-Sep-2026 08:51:00 [boincserver] Reporting 3 completed tasks
client-cluster-1    | 17-Sep-2026 08:51:00 [boincserver] Requesting new tasks for CPU
client-cluster-1    | 17-Sep-2026 08:51:01 [boincserver] Computation for task exp_20260917T084802Z_baseline_short_10_0 finished
client-cluster-1    | 17-Sep-2026 08:51:01 [boincserver] Starting task exp_20260917T084802Z_baseline_medium_5_0
client-cluster-1    | 17-Sep-2026 08:51:02 [boincserver] Scheduler request completed: got 0 new tasks
client-cluster-1    | 17-Sep-2026 08:51:02 [boincserver] Project has no tasks available
client-cluster-1    | 17-Sep-2026 08:51:02 [boincserver] Project requested delay of 7 seconds
client-cluster-1    | 17-Sep-2026 08:51:03 [boincserver] Started upload of exp_20260917T084802Z_baseline_short_10_0_r585869103_0
client-cluster-1    | 17-Sep-2026 08:51:05 [boincserver] Finished upload of exp_20260917T084802Z_baseline_short_10_0_r585869103_0
client-cluster-1    | 17-Sep-2026 08:51:12 [boincserver] Sending scheduler request: To report completed tasks.
apache-1            | 2026-09-17 08:48:09,699 INFO success: cron entered RUNNING state, process has stayed up for > than 1 seconds (startsecs)
apache-1            | 2026-09-17 08:48:09,699 INFO success: start entered RUNNING state, process has stayed up for > than 1 seconds (startsecs)
apache-1            | 2026-09-17 08:48:09,699 INFO success: rsyslogd entered RUNNING state, process has stayed up for > than 1 seconds (startsecs)
apache-1            | 2026-09-17 08:48:09,699 INFO success: apache2 entered RUNNING state, process has stayed up for > than 1 seconds (startsecs)
apache-1            | 2026-09-17 08:48:18,174 INFO reaped unknown pid 59
apache-1            | 2026-09-17 08:48:18,174 INFO reaped unknown pid 61
apache-1            | 2026-09-17 08:48:18,174 INFO reaped unknown pid 63
apache-1            | 2026-09-17 08:48:20,871 INFO reaped unknown pid 62
apache-1            | 2026-09-17 08:48:20,871 INFO reaped unknown pid 64
apache-1            | 2026-09-17 08:48:20,872 INFO reaped unknown pid 60
apache-1            | 2026-09-17 08:48:29,039 INFO reaped unknown pid 154
apache-1            | 2026-09-17 08:48:29,039 INFO reaped unknown pid 156
apache-1            | 2026-09-17 08:48:29,039 INFO reaped unknown pid 158
apache-1            | 2026-09-17 08:48:29,039 INFO reaped unknown pid 160
apache-1            | 2026-09-17 08:48:29,039 INFO reaped unknown pid 162
apache-1            | 2026-09-17 08:50:01,921 INFO reaped unknown pid 258
apache-1            | 2026-09-17 08:50:02,030 INFO reaped unknown pid 261
apache-1            | 2026-09-17 08:50:02,228 INFO reaped unknown pid 263
apache-1            | 2026-09-17 08:50:02,267 INFO reaped unknown pid 265
apache-1            | 2026-09-17 08:50:02,330 INFO reaped unknown pid 267
apache-1            | 2026-09-17 08:50:03,516 INFO reaped unknown pid 257
apache-1            | 2026-09-17 08:50:03,516 INFO reaped unknown pid 260
apache-1            | 2026-09-17 08:50:03,517 INFO reaped unknown pid 262
apache-1            | 2026-09-17 08:50:03,517 INFO reaped unknown pid 264
apache-1            | 2026-09-17 08:50:03,517 INFO reaped unknown pid 266
apache-1            | 2026-09-17 08:50:03,517 INFO reaped unknown pid 269
apache-1            | 2026-09-17 08:50:03,517 INFO reaped unknown pid 271
apache-1            | 2026-09-17 08:50:03,517 INFO reaped unknown pid 278
apache-1            | 2026-09-17 08:50:03,517 INFO reaped unknown pid 280
apache-1            | 2026-09-17 08:50:03,550 INFO reaped unknown pid 284
apache-1            | 2026-09-17 08:50:07,596 INFO reaped unknown pid 268
apache-1            | 2026-09-17 08:50:07,875 INFO reaped unknown pid 275
apache-1            | 2026-09-17 08:50:07,983 INFO reaped unknown pid 276
apache-1            | 2026-09-17 08:50:08,456 INFO reaped unknown pid 282
mysql-1             | Alternatively you can run:
mysql-1             | '/usr/bin/mysql_secure_installation'
mysql-1             | 
mysql-1             | which will also give you the option of removing the test
mysql-1             | databases and anonymous user created by default.  This is
mysql-1             | strongly recommended for production servers.
mysql-1             | 
mysql-1             | See the MariaDB Knowledgebase at http://mariadb.com/kb or the
mysql-1             | MySQL manual for more instructions.
mysql-1             | 
mysql-1             | Please report any problems at http://mariadb.org/jira
client-phone-2-1    | 17-Sep-2026 08:49:42 [---] This computer is not attached to any projects
client-phone-2-1    | 17-Sep-2026 08:49:42 Initialization completed
client-phone-2-1    | dir_open: Could not open directory 'projects/boincserver.local_boincserver' from '/var/lib/boinc-client'.
client-phone-2-1    | 17-Sep-2026 08:49:43 [---] No general preferences found - using defaults
client-phone-2-1    | 17-Sep-2026 08:49:43 [---] Reading preferences override file
client-phone-2-1    | 17-Sep-2026 08:49:43 [---] Preferences:
client-cluster-2-1  | 17-Sep-2026 08:49:57 [boincserver] Scheduler request completed: got 1 new tasks
client-cluster-2-1  | 17-Sep-2026 08:49:57 [boincserver] Project requested delay of 7 seconds
client-cluster-2-1  | 17-Sep-2026 08:49:59 [boincserver] Started download of hybrid_synthetic_1.0_aarch64-unknown-linux-gnu
mysql-1             | 
mysql-1             | The latest information about MariaDB is available at http://mariadb.org/.
mysql-1             | You can find additional information about the MySQL part at:
mysql-1             | http://dev.mysql.com
client-cluster-2-1  | 17-Sep-2026 08:49:59 [boincserver] Started download of hybrid_synthetic_input.txt
client-cluster-2-1  | 17-Sep-2026 08:50:01 [boincserver] Finished download of hybrid_synthetic_1.0_aarch64-unknown-linux-gnu
client-cluster-2-1  | 17-Sep-2026 08:50:01 [boincserver] Finished download of hybrid_synthetic_input.txt
client-cluster-2-1  | 17-Sep-2026 08:50:01 [boincserver] Starting task exp_20260917T084802Z_baseline_medium_3_0
client-cluster-1    | 17-Sep-2026 08:51:12 [boincserver] Reporting 1 completed tasks
client-cluster-1    | 17-Sep-2026 08:51:12 [boincserver] Requesting new tasks for CPU
client-cluster-1    | 17-Sep-2026 08:51:14 [boincserver] Scheduler request completed: got 0 new tasks
client-cluster-1    | 17-Sep-2026 08:51:14 [boincserver] Project has no tasks available
client-cluster-1    | 17-Sep-2026 08:51:14 [boincserver] Project requested delay of 7 seconds
client-desktop-1    | 17-Sep-2026 08:49:42 [---] Config: simulate 2 CPUs
client-desktop-1    | 17-Sep-2026 08:49:42 [---] Config: report completed tasks immediately
client-desktop-1    | 17-Sep-2026 08:49:42 [---] No general preferences found - using defaults
client-desktop-1    | 17-Sep-2026 08:49:42 [---] Reading preferences override file
client-desktop-1    | 17-Sep-2026 08:49:42 [---] Preferences:
client-cluster-2-1  | 17-Sep-2026 08:50:07 [boincserver] Sending scheduler request: To fetch work.
client-cluster-2-1  | 17-Sep-2026 08:50:07 [boincserver] Requesting new tasks for CPU
client-cluster-2-1  | 17-Sep-2026 08:50:09 [boincserver] Scheduler request completed: got 4 new tasks
client-cluster-1    | 17-Sep-2026 08:51:19 [boincserver] Computation for task exp_20260917T084802Z_baseline_medium_9_0 finished
client-cluster-1    | 17-Sep-2026 08:51:21 [boincserver] Started upload of exp_20260917T084802Z_baseline_medium_9_0_r1653131044_0
client-cluster-1    | 17-Sep-2026 08:51:23 [boincserver] Finished upload of exp_20260917T084802Z_baseline_medium_9_0_r1653131044_0
client-phone-2-1    | 17-Sep-2026 08:49:43 [---]    max memory usage when active: 8929.14 MB
client-phone-2-1    | 17-Sep-2026 08:49:43 [---]    max memory usage when idle: 8929.14 MB
client-phone-2-1    | 17-Sep-2026 08:49:43 [---]    max disk usage: 2.00 GB
client-phone-2-1    | 17-Sep-2026 08:49:43 [---]    don't use GPU while active
client-phone-2-1    | 17-Sep-2026 08:49:43 [---]    suspend work if non-BOINC CPU load exceeds 25%
client-phone-2-1    | 17-Sep-2026 08:49:43 [---]    (to change preferences, visit a project web site or select Preferences in the Manager)
client-phone-1      | 17-Sep-2026 08:51:24 [boincserver] Scheduler request completed: got 0 new tasks
client-phone-1      | 17-Sep-2026 08:51:24 [boincserver] Project has no tasks available
mysql-1             | Consider joining MariaDB's strong and vibrant community:
mysql-1             | https://mariadb.org/get-involved/
mysql-1             | 
mysql-1             | Database initialized
client-phone-2-1    | 17-Sep-2026 08:49:47 [http://boincserver.local/boincserver/] Fetching scheduler list
client-phone-2-1    | 17-Sep-2026 08:49:49 [http://boincserver.local/boincserver/] Master file download succeeded
client-phone-2-1    | 17-Sep-2026 08:49:54 [http://boincserver.local/boincserver/] Sending scheduler request: Project initialization.
client-phone-2-1    | 17-Sep-2026 08:49:54 [http://boincserver.local/boincserver/] Requesting new tasks for CPU
client-phone-2-1    | 17-Sep-2026 08:49:56 [boincserver] Scheduler request completed: got 1 new tasks
client-phone-2-1    | 17-Sep-2026 08:49:56 [boincserver] Project requested delay of 7 seconds
client-phone-1      | 17-Sep-2026 08:51:24 [boincserver] Project requested delay of 7 seconds
client-phone-1      | 17-Sep-2026 08:51:28 [boincserver] Computation for task exp_20260917T084802Z_baseline_medium_7_0 finished
client-desktop-1    | 17-Sep-2026 08:49:42 [---]    max memory usage when active: 8929.14 MB
client-desktop-1    | 17-Sep-2026 08:49:42 [---]    max memory usage when idle: 8929.14 MB
client-desktop-1    | 17-Sep-2026 08:49:42 [---]    max disk usage: 2.00 GB
client-cluster-1    | 17-Sep-2026 08:51:24 [boincserver] Computation for task exp_20260917T084802Z_baseline_medium_6_0 finished
client-cluster-1    | 17-Sep-2026 08:51:24 [boincserver] Sending scheduler request: To report completed tasks.
client-cluster-1    | 17-Sep-2026 08:51:24 [boincserver] Reporting 1 completed tasks
client-cluster-1    | 17-Sep-2026 08:51:24 [boincserver] Requesting new tasks for CPU
mysql-1             | MySQL init process in progress...
mysql-1             | 2026-09-17  8:48:08 0 [Note] mysqld (mysqld 10.3.8-MariaDB-1:10.3.8+maria~bionic) starting as process 104 ...
mysql-1             | 2026-09-17  8:48:08 0 [Note] InnoDB: Using Linux native AIO
mysql-1             | 2026-09-17  8:48:08 0 [Note] InnoDB: Mutexes and rw_locks use GCC atomic builtins
mysql-1             | 2026-09-17  8:48:08 0 [Note] InnoDB: Uses event mutexes
client-cluster-2-1  | 17-Sep-2026 08:50:09 [boincserver] Project requested delay of 7 seconds
client-cluster-2-1  | 17-Sep-2026 08:50:11 [boincserver] Starting task exp_20260917T084802Z_baseline_long_5_0
client-cluster-2-1  | 17-Sep-2026 08:50:11 [boincserver] Starting task exp_20260917T084802Z_baseline_long_6_0
client-phone-2-1    | 17-Sep-2026 08:49:58 [boincserver] Started download of hybrid_synthetic_1.0_aarch64-unknown-linux-gnu
client-phone-2-1    | 17-Sep-2026 08:49:58 [boincserver] Started download of hybrid_synthetic_input.txt
client-phone-2-1    | 17-Sep-2026 08:50:00 [boincserver] Finished download of hybrid_synthetic_1.0_aarch64-unknown-linux-gnu
client-phone-2-1    | 17-Sep-2026 08:50:00 [boincserver] Finished download of hybrid_synthetic_input.txt
client-cluster-1    | 17-Sep-2026 08:51:26 [boincserver] Started upload of exp_20260917T084802Z_baseline_medium_6_0_r762957748_0
client-cluster-1    | 17-Sep-2026 08:51:26 [boincserver] Scheduler request completed: got 0 new tasks
client-phone-1      | 17-Sep-2026 08:51:30 [boincserver] Started upload of exp_20260917T084802Z_baseline_medium_7_0_r283149421_0
client-phone-1      | 17-Sep-2026 08:51:32 [boincserver] Finished upload of exp_20260917T084802Z_baseline_medium_7_0_r283149421_0
client-phone-1      | 17-Sep-2026 08:51:34 [boincserver] Sending scheduler request: To report completed tasks.
client-phone-1      | 17-Sep-2026 08:51:34 [boincserver] Reporting 1 completed tasks
client-phone-1      | 17-Sep-2026 08:51:34 [boincserver] Requesting new tasks for CPU
client-phone-1      | 17-Sep-2026 08:51:36 [boincserver] Scheduler request completed: got 0 new tasks
client-phone-1      | 17-Sep-2026 08:51:36 [boincserver] Project has no tasks available
client-phone-1      | 17-Sep-2026 08:51:36 [boincserver] Project requested delay of 7 seconds
client-phone-1      | 17-Sep-2026 08:51:46 [boincserver] Sending scheduler request: To fetch work.
client-phone-1      | 17-Sep-2026 08:51:46 [boincserver] Requesting new tasks for CPU
client-cluster-2-1  | 17-Sep-2026 08:50:11 [boincserver] Starting task exp_20260917T084802Z_baseline_long_4_0
client-cluster-2-1  | 17-Sep-2026 08:50:20 [boincserver] Sending scheduler request: To fetch work.
client-cluster-2-1  | 17-Sep-2026 08:50:20 [boincserver] Requesting new tasks for CPU
client-cluster-2-1  | 17-Sep-2026 08:50:22 [boincserver] Scheduler request completed: got 3 new tasks
client-cluster-2-1  | 17-Sep-2026 08:50:22 [boincserver] Project requested delay of 7 seconds
client-phone-1      | 17-Sep-2026 08:51:48 [boincserver] Scheduler request completed: got 0 new tasks
client-phone-1      | 17-Sep-2026 08:51:48 [boincserver] Project has no tasks available
client-cluster-1    | 17-Sep-2026 08:51:26 [boincserver] Project has no tasks available
client-cluster-1    | 17-Sep-2026 08:51:26 [boincserver] Project requested delay of 7 seconds
client-phone-2-1    | 17-Sep-2026 08:50:00 [boincserver] Starting task exp_20260917T084802Z_baseline_medium_2_0
client-phone-2-1    | 17-Sep-2026 08:50:06 [boincserver] Sending scheduler request: To fetch work.
client-phone-2-1    | 17-Sep-2026 08:50:06 [boincserver] Requesting new tasks for CPU
client-phone-2-1    | 17-Sep-2026 08:50:14 [boincserver] Scheduler request completed: got 1 new tasks
client-phone-2-1    | 17-Sep-2026 08:50:14 [boincserver] Project requested delay of 7 seconds
client-phone-2-1    | 17-Sep-2026 08:50:25 [boincserver] Sending scheduler request: To fetch work.
client-phone-2-1    | 17-Sep-2026 08:50:25 [boincserver] Requesting new tasks for CPU
mysql-1             | 2026-09-17  8:48:08 0 [Note] InnoDB: Compressed tables use zlib 1.2.11
mysql-1             | 2026-09-17  8:48:08 0 [Note] InnoDB: Number of pools: 1
mysql-1             | 2026-09-17  8:48:08 0 [Note] InnoDB: Using generic crc32 instructions
mysql-1             | 2026-09-17  8:48:08 0 [Note] InnoDB: Initializing buffer pool, total size = 256M, instances = 1, chunk size = 128M
mysql-1             | 2026-09-17  8:48:08 0 [Note] InnoDB: Completed initialization of buffer pool
mysql-1             | 2026-09-17  8:48:08 0 [Note] InnoDB: If the mysqld execution user is authorized, page cleaner thread priority can be changed. See the man page of setpriority().
mysql-1             | 2026-09-17  8:48:08 0 [Note] InnoDB: 128 out of 128 rollback segments are active.
client-phone-1      | 17-Sep-2026 08:51:48 [boincserver] Project requested delay of 7 seconds
client-desktop-1    | 17-Sep-2026 08:49:42 [---]    don't use GPU while active
client-desktop-1    | 17-Sep-2026 08:49:42 [---]    suspend work if non-BOINC CPU load exceeds 25%
client-desktop-1    | 17-Sep-2026 08:49:42 [---]    (to change preferences, visit a project web site or select Preferences in the Manager)
client-desktop-1    | 17-Sep-2026 08:49:42 [---] Setting up project and slot directories
client-desktop-1    | 17-Sep-2026 08:49:42 [---] Checking active tasks
client-desktop-1    | 17-Sep-2026 08:49:42 [---] Setting up GUI RPC socket
client-phone-2-1    | 17-Sep-2026 08:50:27 [boincserver] Scheduler request completed: got 0 new tasks
client-phone-2-1    | 17-Sep-2026 08:50:27 [boincserver] No tasks sent
client-cluster-2-1  | 17-Sep-2026 08:50:33 [boincserver] Sending scheduler request: To fetch work.
client-cluster-2-1  | 17-Sep-2026 08:50:33 [boincserver] Requesting new tasks for CPU
client-cluster-2-1  | 17-Sep-2026 08:50:38 [boincserver] Computation for task exp_20260917T084802Z_baseline_medium_3_0 finished
client-cluster-2-1  | 17-Sep-2026 08:50:38 [boincserver] Starting task exp_20260917T084802Z_baseline_medium_4_0
mysql-1             | 2026-09-17  8:48:08 0 [Note] InnoDB: Creating shared tablespace for temporary tables
mysql-1             | 2026-09-17  8:48:08 0 [Note] InnoDB: Setting file './ibtmp1' size to 12 MB. Physically writing the file full; Please wait ...
mysql-1             | 2026-09-17  8:48:08 0 [Note] InnoDB: File './ibtmp1' size is now 12 MB.
mysql-1             | 2026-09-17  8:48:08 0 [Note] InnoDB: 10.3.8 started; log sequence number 1630815; transaction id 21
mysql-1             | 2026-09-17  8:48:08 0 [Note] InnoDB: Loading buffer pool(s) from /var/lib/mysql/ib_buffer_pool
mysql-1             | 2026-09-17  8:48:08 0 [Note] Plugin 'FEEDBACK' is disabled.
mysql-1             | 2026-09-17  8:48:08 0 [Note] InnoDB: Buffer pool(s) load completed at 260917  8:48:08
mysql-1             | 2026-09-17  8:48:08 0 [Warning] 'user' entry 'root@f5363792173d' ignored in --skip-name-resolve mode.
client-desktop-1    | dir_open: Could not open directory 'slots' from '/var/lib/boinc-client'.
client-desktop-1    | 17-Sep-2026 08:49:42 [---] Checking presence of 0 project files
client-desktop-1    | 17-Sep-2026 08:49:42 [---] This computer is not attached to any projects
client-desktop-1    | 17-Sep-2026 08:49:42 Initialization completed
client-desktop-1    | dir_open: Could not open directory 'projects/boincserver.local_boincserver' from '/var/lib/boinc-client'.
client-phone-2-1    | 17-Sep-2026 08:50:27 [boincserver] This computer has reached a limit on tasks in progress
client-phone-2-1    | 17-Sep-2026 08:50:27 [boincserver] Project requested delay of 7 seconds
client-cluster-1    | 17-Sep-2026 08:51:28 [boincserver] Finished upload of exp_20260917T084802Z_baseline_medium_6_0_r762957748_0
client-cluster-1    | 17-Sep-2026 08:51:36 [boincserver] Sending scheduler request: To report completed tasks.
client-desktop-1    | 17-Sep-2026 08:49:43 [---] No general preferences found - using defaults
client-desktop-1    | 17-Sep-2026 08:49:43 [---] Reading preferences override file
client-desktop-1    | 17-Sep-2026 08:49:43 [---] Preferences:
client-desktop-1    | 17-Sep-2026 08:49:43 [---]    max memory usage when active: 8929.14 MB
client-desktop-1    | 17-Sep-2026 08:49:43 [---]    max memory usage when idle: 8929.14 MB
client-desktop-1    | 17-Sep-2026 08:49:43 [---]    max disk usage: 2.00 GB
client-desktop-1    | 17-Sep-2026 08:49:43 [---]    don't use GPU while active
client-desktop-1    | 17-Sep-2026 08:49:43 [---]    suspend work if non-BOINC CPU load exceeds 25%
client-desktop-1    | 17-Sep-2026 08:49:43 [---]    (to change preferences, visit a project web site or select Preferences in the Manager)
mysql-1             | 2026-09-17  8:48:08 0 [Warning] 'user' entry '@f5363792173d' ignored in --skip-name-resolve mode.
mysql-1             | 2026-09-17  8:48:08 0 [Warning] 'proxies_priv' entry '@% root@f5363792173d' ignored in --skip-name-resolve mode.
mysql-1             | 2026-09-17  8:48:08 0 [Note] Reading of all Master_info entries succeded
client-phone-2-1    | 17-Sep-2026 08:50:40 [boincserver] Computation for task exp_20260917T084802Z_baseline_medium_2_0 finished
client-phone-2-1    | 17-Sep-2026 08:50:40 [boincserver] Elapsed time limit 50.000000 < 120.000000; setting to 43200.000000
client-phone-2-1    | 17-Sep-2026 08:50:40 [boincserver] Starting task exp_20260917T084802Z_baseline_short_11_0
client-phone-2-1    | 17-Sep-2026 08:50:42 [boincserver] Started upload of exp_20260917T084802Z_baseline_medium_2_0_r1013172414_0
client-phone-2-1    | 17-Sep-2026 08:50:44 [boincserver] Finished upload of exp_20260917T084802Z_baseline_medium_2_0_r1013172414_0
client-phone-2-1    | 17-Sep-2026 08:50:48 [boincserver] Sending scheduler request: To report completed tasks.
client-phone-2-1    | 17-Sep-2026 08:50:48 [boincserver] Reporting 1 completed tasks
client-phone-2-1    | 17-Sep-2026 08:50:48 [boincserver] Requesting new tasks for CPU
client-phone-2-1    | 17-Sep-2026 08:50:49 [boincserver] Computation for task exp_20260917T084802Z_baseline_short_11_0 finished
client-phone-2-1    | 17-Sep-2026 08:50:50 [boincserver] Scheduler request completed: got 1 new tasks
client-cluster-2-1  | 17-Sep-2026 08:50:40 [boincserver] Started upload of exp_20260917T084802Z_baseline_medium_3_0_r1761142030_0
client-cluster-2-1  | 17-Sep-2026 08:50:40 [boincserver] Scheduler request completed: got 0 new tasks
client-cluster-2-1  | 17-Sep-2026 08:50:40 [boincserver] No tasks sent
client-cluster-2-1  | 17-Sep-2026 08:50:40 [boincserver] This computer has reached a limit on tasks in progress
client-cluster-2-1  | 17-Sep-2026 08:50:40 [boincserver] Project requested delay of 7 seconds
client-cluster-2-1  | 17-Sep-2026 08:50:42 [boincserver] Finished upload of exp_20260917T084802Z_baseline_medium_3_0_r1761142030_0
client-cluster-1    | 17-Sep-2026 08:51:36 [boincserver] Reporting 1 completed tasks
client-cluster-1    | 17-Sep-2026 08:51:36 [boincserver] Requesting new tasks for CPU
client-desktop-1    | 17-Sep-2026 08:49:47 [http://boincserver.local/boincserver/] Fetching scheduler list
client-desktop-1    | 17-Sep-2026 08:49:49 [http://boincserver.local/boincserver/] Master file download succeeded
client-phone-2-1    | 17-Sep-2026 08:50:50 [boincserver] Project requested delay of 7 seconds
client-phone-2-1    | 17-Sep-2026 08:50:51 [boincserver] Started upload of exp_20260917T084802Z_baseline_short_11_0_r748263523_0
client-phone-2-1    | 17-Sep-2026 08:50:52 [boincserver] Elapsed time limit 50.000000 < 120.000000; setting to 43200.000000
client-phone-2-1    | 17-Sep-2026 08:50:52 [boincserver] Starting task exp_20260917T084802Z_baseline_short_8_0
client-phone-2-1    | 17-Sep-2026 08:50:53 [boincserver] Finished upload of exp_20260917T084802Z_baseline_short_11_0_r748263523_0
client-phone-2-1    | 17-Sep-2026 08:51:00 [boincserver] Sending scheduler request: To report completed tasks.
client-phone-2-1    | 17-Sep-2026 08:51:00 [boincserver] Reporting 1 completed tasks
client-phone-2-1    | 17-Sep-2026 08:51:00 [boincserver] Requesting new tasks for CPU
client-cluster-2-1  | 17-Sep-2026 08:50:54 [boincserver] Sending scheduler request: To report completed tasks.
client-cluster-2-1  | 17-Sep-2026 08:50:54 [boincserver] Reporting 1 completed tasks
client-cluster-2-1  | 17-Sep-2026 08:50:54 [boincserver] Requesting new tasks for CPU
client-cluster-2-1  | 17-Sep-2026 08:50:56 [boincserver] Scheduler request completed: got 0 new tasks
client-cluster-2-1  | 17-Sep-2026 08:50:56 [boincserver] Project has no tasks available
client-cluster-2-1  | 17-Sep-2026 08:50:56 [boincserver] Project requested delay of 7 seconds
client-cluster-2-1  | 17-Sep-2026 08:51:06 [boincserver] Sending scheduler request: To fetch work.
client-cluster-2-1  | 17-Sep-2026 08:51:06 [boincserver] Requesting new tasks for CPU
client-cluster-2-1  | 17-Sep-2026 08:51:11 [boincserver] Computation for task exp_20260917T084802Z_baseline_medium_4_0 finished
client-cluster-2-1  | 17-Sep-2026 08:51:11 [boincserver] Starting task exp_20260917T084802Z_baseline_medium_12_0
client-cluster-2-1  | 17-Sep-2026 08:51:13 [boincserver] Started upload of exp_20260917T084802Z_baseline_medium_4_0_r369198779_0
client-cluster-2-1  | 17-Sep-2026 08:51:13 [boincserver] Scheduler request completed: got 0 new tasks
client-cluster-2-1  | 17-Sep-2026 08:51:13 [boincserver] Project has no tasks available
client-cluster-2-1  | 17-Sep-2026 08:51:13 [boincserver] Project requested delay of 7 seconds
client-cluster-1    | 17-Sep-2026 08:51:38 [boincserver] Scheduler request completed: got 0 new tasks
client-cluster-1    | 17-Sep-2026 08:51:38 [boincserver] Project has no tasks available
client-cluster-1    | 17-Sep-2026 08:51:38 [boincserver] Project requested delay of 7 seconds
client-cluster-1    | 17-Sep-2026 08:51:39 [boincserver] Computation for task exp_20260917T084802Z_baseline_medium_5_0 finished
client-cluster-1    | 17-Sep-2026 08:51:41 [boincserver] Started upload of exp_20260917T084802Z_baseline_medium_5_0_r1787089584_0
mysql-1             | 2026-09-17  8:48:08 0 [Note] Added new Master_info '' to hash table
mysql-1             | 2026-09-17  8:48:08 0 [Note] mysqld: ready for connections.
client-cluster-1    | 17-Sep-2026 08:51:43 [boincserver] Finished upload of exp_20260917T084802Z_baseline_medium_5_0_r1787089584_0
client-cluster-1    | 17-Sep-2026 08:51:48 [boincserver] Sending scheduler request: To report completed tasks.
client-cluster-1    | 17-Sep-2026 08:51:48 [boincserver] Reporting 1 completed tasks
client-cluster-1    | 17-Sep-2026 08:51:48 [boincserver] Requesting new tasks for CPU
client-cluster-1    | 17-Sep-2026 08:51:50 [boincserver] Scheduler request completed: got 0 new tasks
client-cluster-1    | 17-Sep-2026 08:51:50 [boincserver] Project has no tasks available
client-cluster-1    | 17-Sep-2026 08:51:50 [boincserver] Project requested delay of 7 seconds
client-cluster-1    | 17-Sep-2026 08:52:00 [boincserver] Sending scheduler request: To fetch work.
client-cluster-1    | 17-Sep-2026 08:52:00 [boincserver] Requesting new tasks for CPU
client-desktop-1    | 17-Sep-2026 08:49:55 [http://boincserver.local/boincserver/] Sending scheduler request: Project initialization.
client-desktop-1    | 17-Sep-2026 08:49:55 [http://boincserver.local/boincserver/] Requesting new tasks for CPU
client-desktop-1    | 17-Sep-2026 08:50:02 [boincserver] Scheduler request completed: got 1 new tasks
client-phone-2-1    | 17-Sep-2026 08:51:02 [boincserver] Computation for task exp_20260917T084802Z_baseline_short_8_0 finished
client-phone-2-1    | 17-Sep-2026 08:51:02 [boincserver] Scheduler request completed: got 0 new tasks
client-cluster-2-1  | 17-Sep-2026 08:51:15 [boincserver] Finished upload of exp_20260917T084802Z_baseline_medium_4_0_r369198779_0
client-cluster-2-1  | 17-Sep-2026 08:51:23 [boincserver] Sending scheduler request: To report completed tasks.
client-cluster-2-1  | 17-Sep-2026 08:51:23 [boincserver] Reporting 1 completed tasks
client-cluster-2-1  | 17-Sep-2026 08:51:23 [boincserver] Requesting new tasks for CPU
client-cluster-2-1  | 17-Sep-2026 08:51:25 [boincserver] Scheduler request completed: got 0 new tasks
client-cluster-2-1  | 17-Sep-2026 08:51:25 [boincserver] Project has no tasks available
client-cluster-2-1  | 17-Sep-2026 08:51:25 [boincserver] Project requested delay of 7 seconds
mysql-1             | Version: '10.3.8-MariaDB-1:10.3.8+maria~bionic'  socket: '/var/run/mysqld/mysqld.sock'  port: 0  mariadb.org binary distribution
mysql-1             | Warning: Unable to load '/usr/share/zoneinfo/leap-seconds.list' as time zone. Skipping it.
client-desktop-1    | 17-Sep-2026 08:50:02 [boincserver] Project requested delay of 7 seconds
client-desktop-1    | 17-Sep-2026 08:50:04 [boincserver] Started download of hybrid_synthetic_1.0_aarch64-unknown-linux-gnu
client-desktop-1    | 17-Sep-2026 08:50:04 [boincserver] Started download of hybrid_synthetic_input.txt
client-desktop-1    | 17-Sep-2026 08:50:06 [boincserver] Finished download of hybrid_synthetic_1.0_aarch64-unknown-linux-gnu
client-desktop-1    | 17-Sep-2026 08:50:06 [boincserver] Finished download of hybrid_synthetic_input.txt
client-desktop-1    | 17-Sep-2026 08:50:06 [boincserver] Elapsed time limit 50.000000 < 120.000000; setting to 43200.000000
client-desktop-1    | 17-Sep-2026 08:50:06 [boincserver] Starting task exp_20260917T084802Z_baseline_short_17_0
client-desktop-1    | 17-Sep-2026 08:50:12 [boincserver] Sending scheduler request: To fetch work.
client-desktop-1    | 17-Sep-2026 08:50:12 [boincserver] Requesting new tasks for CPU
client-desktop-1    | 17-Sep-2026 08:50:14 [boincserver] Scheduler request completed: got 2 new tasks
client-desktop-1    | 17-Sep-2026 08:50:14 [boincserver] Project requested delay of 7 seconds
client-desktop-1    | 17-Sep-2026 08:50:16 [boincserver] Starting task exp_20260917T084802Z_baseline_medium_1_0
client-desktop-1    | 17-Sep-2026 08:50:21 [boincserver] Computation for task exp_20260917T084802Z_baseline_short_17_0 finished
client-desktop-1    | 17-Sep-2026 08:50:21 [boincserver] Starting task exp_20260917T084802Z_baseline_long_3_0
client-desktop-1    | 17-Sep-2026 08:50:23 [boincserver] Started upload of exp_20260917T084802Z_baseline_short_17_0_r936373418_0
client-desktop-1    | 17-Sep-2026 08:50:25 [boincserver] Finished upload of exp_20260917T084802Z_baseline_short_17_0_r936373418_0
client-desktop-1    | 17-Sep-2026 08:50:25 [boincserver] Sending scheduler request: To report completed tasks.
client-desktop-1    | 17-Sep-2026 08:50:25 [boincserver] Reporting 1 completed tasks
client-desktop-1    | 17-Sep-2026 08:50:25 [boincserver] Requesting new tasks for CPU
client-desktop-1    | 17-Sep-2026 08:50:32 [boincserver] Scheduler request completed: got 2 new tasks
client-phone-2-1    | 17-Sep-2026 08:51:02 [boincserver] Project has no tasks available
client-phone-2-1    | 17-Sep-2026 08:51:02 [boincserver] Project requested delay of 7 seconds
client-cluster-2-1  | 17-Sep-2026 08:51:35 [boincserver] Sending scheduler request: To fetch work.
client-cluster-2-1  | 17-Sep-2026 08:51:35 [boincserver] Requesting new tasks for CPU
client-cluster-2-1  | 17-Sep-2026 08:51:44 [boincserver] Scheduler request completed: got 0 new tasks
client-cluster-2-1  | 17-Sep-2026 08:51:44 [boincserver] Project has no tasks available
client-cluster-2-1  | 17-Sep-2026 08:51:44 [boincserver] Project requested delay of 7 seconds
client-cluster-2-1  | 17-Sep-2026 08:51:47 [boincserver] Computation for task exp_20260917T084802Z_baseline_medium_12_0 finished
client-cluster-2-1  | 17-Sep-2026 08:51:47 [boincserver] Starting task exp_20260917T084802Z_baseline_medium_11_0
mysql-1             | 2026-09-17  8:48:10 10 [Warning] 'proxies_priv' entry '@% root@f5363792173d' ignored in --skip-name-resolve mode.
mysql-1             | 
mysql-1             | 2026-09-17  8:48:10 0 [Note] mysqld (initiated by: unknown): Normal shutdown
mysql-1             | 2026-09-17  8:48:10 0 [Note] Event Scheduler: Purging the queue. 0 events
mysql-1             | 2026-09-17  8:48:10 0 [Note] InnoDB: FTS optimize thread exiting.
mysql-1             | 2026-09-17  8:48:10 0 [Note] InnoDB: Starting shutdown...
mysql-1             | 2026-09-17  8:48:10 0 [Note] InnoDB: Dumping buffer pool(s) to /var/lib/mysql/ib_buffer_pool
mysql-1             | 2026-09-17  8:48:10 0 [Note] InnoDB: Buffer pool(s) dump completed at 260917  8:48:10
mysql-1             | 2026-09-17  8:48:11 0 [Note] InnoDB: Shutdown completed; log sequence number 1630824; transaction id 24
mysql-1             | 2026-09-17  8:48:11 0 [Note] InnoDB: Removed temporary tablespace data file: "ibtmp1"
mysql-1             | 2026-09-17  8:48:11 0 [Note] mysqld: Shutdown complete
mysql-1             | 
mysql-1             | 
mysql-1             | MySQL init process done. Ready for start up.
client-phone-2-1    | 17-Sep-2026 08:51:04 [boincserver] Started upload of exp_20260917T084802Z_baseline_short_8_0_r1529536992_0
client-phone-2-1    | 17-Sep-2026 08:51:06 [boincserver] Finished upload of exp_20260917T084802Z_baseline_short_8_0_r1529536992_0
client-phone-2-1    | 17-Sep-2026 08:51:13 [boincserver] Sending scheduler request: To report completed tasks.
client-phone-2-1    | 17-Sep-2026 08:51:13 [boincserver] Reporting 1 completed tasks
client-phone-2-1    | 17-Sep-2026 08:51:13 [boincserver] Requesting new tasks for CPU
client-phone-2-1    | 17-Sep-2026 08:51:15 [boincserver] Scheduler request completed: got 0 new tasks
client-phone-2-1    | 17-Sep-2026 08:51:15 [boincserver] Project has no tasks available
client-phone-2-1    | 17-Sep-2026 08:51:15 [boincserver] Project requested delay of 7 seconds
client-phone-2-1    | 17-Sep-2026 08:51:25 [boincserver] Sending scheduler request: To fetch work.
client-phone-2-1    | 17-Sep-2026 08:51:25 [boincserver] Requesting new tasks for CPU
client-phone-2-1    | 17-Sep-2026 08:51:27 [boincserver] Scheduler request completed: got 0 new tasks
client-phone-2-1    | 17-Sep-2026 08:51:27 [boincserver] Project has no tasks available
mysql-1             | 
mysql-1             | 2026-09-17  8:48:11 0 [Note] mysqld (mysqld 10.3.8-MariaDB-1:10.3.8+maria~bionic) starting as process 1 ...
mysql-1             | 2026-09-17  8:48:11 0 [Note] InnoDB: Using Linux native AIO
mysql-1             | 2026-09-17  8:48:11 0 [Note] InnoDB: Mutexes and rw_locks use GCC atomic builtins
mysql-1             | 2026-09-17  8:48:11 0 [Note] InnoDB: Uses event mutexes
mysql-1             | 2026-09-17  8:48:11 0 [Note] InnoDB: Compressed tables use zlib 1.2.11
mysql-1             | 2026-09-17  8:48:11 0 [Note] InnoDB: Number of pools: 1
mysql-1             | 2026-09-17  8:48:11 0 [Note] InnoDB: Using generic crc32 instructions
mysql-1             | 2026-09-17  8:48:11 0 [Note] InnoDB: Initializing buffer pool, total size = 256M, instances = 1, chunk size = 128M
mysql-1             | 2026-09-17  8:48:11 0 [Note] InnoDB: Completed initialization of buffer pool
mysql-1             | 2026-09-17  8:48:11 0 [Note] InnoDB: If the mysqld execution user is authorized, page cleaner thread priority can be changed. See the man page of setpriority().
mysql-1             | 2026-09-17  8:48:11 0 [Note] InnoDB: 128 out of 128 rollback segments are active.
mysql-1             | 2026-09-17  8:48:11 0 [Note] InnoDB: Creating shared tablespace for temporary tables
mysql-1             | 2026-09-17  8:48:11 0 [Note] InnoDB: Setting file './ibtmp1' size to 12 MB. Physically writing the file full; Please wait ...
mysql-1             | 2026-09-17  8:48:11 0 [Note] InnoDB: File './ibtmp1' size is now 12 MB.
mysql-1             | 2026-09-17  8:48:11 0 [Note] InnoDB: 10.3.8 started; log sequence number 1630824; transaction id 21
mysql-1             | 2026-09-17  8:48:11 0 [Note] InnoDB: Loading buffer pool(s) from /var/lib/mysql/ib_buffer_pool
mysql-1             | 2026-09-17  8:48:11 0 [Note] Plugin 'FEEDBACK' is disabled.
mysql-1             | 2026-09-17  8:48:11 0 [Note] InnoDB: Buffer pool(s) load completed at 260917  8:48:11
mysql-1             | 2026-09-17  8:48:11 0 [Note] Server socket created on IP: '::'.
mysql-1             | 2026-09-17  8:48:11 0 [Warning] 'proxies_priv' entry '@% root@f5363792173d' ignored in --skip-name-resolve mode.
mysql-1             | 2026-09-17  8:48:11 0 [Note] Reading of all Master_info entries succeded
mysql-1             | 2026-09-17  8:48:11 0 [Note] Added new Master_info '' to hash table
mysql-1             | 2026-09-17  8:48:11 0 [Note] mysqld: ready for connections.
mysql-1             | Version: '10.3.8-MariaDB-1:10.3.8+maria~bionic'  socket: '/var/run/mysqld/mysqld.sock'  port: 3306  mariadb.org binary distribution
mysql-1             | 2026-09-17  8:48:12 8 [Warning] Access denied for user 'boincadm'@'172.21.0.3' (using password: NO)
mysql-1             | 2026-09-17  8:48:20 19 [Warning] Aborted connection 19 to db: 'boincserver' user: 'root' host: '172.21.0.4' (Got an error reading communication packets)
mysql-1             | 2026-09-17  8:48:20 15 [Warning] Aborted connection 15 to db: 'boincserver' user: 'root' host: '172.21.0.4' (Got an error reading communication packets)
mysql-1             | 2026-09-17  8:48:20 18 [Warning] Aborted connection 18 to db: 'boincserver' user: 'root' host: '172.21.0.4' (Got an error reading communication packets)
mysql-1             | 2026-09-17  8:50:07 96 [Warning] Aborted connection 96 to db: 'boincserver' user: 'root' host: '172.21.0.4' (Got an error reading communication packets)
client-cluster-2-1  | 17-Sep-2026 08:51:49 [boincserver] Started upload of exp_20260917T084802Z_baseline_medium_12_0_r1243841253_0
client-cluster-2-1  | 17-Sep-2026 08:51:51 [boincserver] Finished upload of exp_20260917T084802Z_baseline_medium_12_0_r1243841253_0
client-cluster-2-1  | 17-Sep-2026 08:51:54 [boincserver] Sending scheduler request: To report completed tasks.
client-cluster-2-1  | 17-Sep-2026 08:51:54 [boincserver] Reporting 1 completed tasks
client-cluster-2-1  | 17-Sep-2026 08:51:54 [boincserver] Requesting new tasks for CPU
client-cluster-2-1  | 17-Sep-2026 08:52:01 [boincserver] Scheduler request completed: got 0 new tasks
client-cluster-2-1  | 17-Sep-2026 08:52:01 [boincserver] Project has no tasks available
client-cluster-2-1  | 17-Sep-2026 08:52:01 [boincserver] Project requested delay of 7 seconds
client-cluster-2-1  | 17-Sep-2026 08:52:11 [boincserver] Sending scheduler request: To fetch work.
client-cluster-2-1  | 17-Sep-2026 08:52:11 [boincserver] Requesting new tasks for CPU
client-cluster-2-1  | 17-Sep-2026 08:52:13 [boincserver] Scheduler request completed: got 0 new tasks
client-desktop-1    | 17-Sep-2026 08:50:32 [boincserver] Project requested delay of 7 seconds
client-desktop-1    | 17-Sep-2026 08:50:42 [boincserver] Sending scheduler request: To fetch work.
client-desktop-1    | 17-Sep-2026 08:50:42 [boincserver] Requesting new tasks for CPU
client-desktop-1    | 17-Sep-2026 08:50:48 [boincserver] Scheduler request completed: got 0 new tasks
client-desktop-1    | 17-Sep-2026 08:50:48 [boincserver] No tasks sent
client-desktop-1    | 17-Sep-2026 08:50:48 [boincserver] This computer has reached a limit on tasks in progress
client-desktop-1    | 17-Sep-2026 08:50:48 [boincserver] Project requested delay of 7 seconds
client-desktop-1    | 17-Sep-2026 08:50:51 [boincserver] Computation for task exp_20260917T084802Z_baseline_medium_1_0 finished
client-desktop-1    | 17-Sep-2026 08:50:51 [boincserver] Elapsed time limit 50.000000 < 120.000000; setting to 43200.000000
client-desktop-1    | 17-Sep-2026 08:50:51 [boincserver] Starting task exp_20260917T084802Z_baseline_short_1_0
client-desktop-1    | 17-Sep-2026 08:50:53 [boincserver] Started upload of exp_20260917T084802Z_baseline_medium_1_0_r716851511_0
client-desktop-1    | 17-Sep-2026 08:50:55 [boincserver] Finished upload of exp_20260917T084802Z_baseline_medium_1_0_r716851511_0
client-desktop-1    | 17-Sep-2026 08:50:58 [boincserver] Sending scheduler request: To report completed tasks.
client-desktop-1    | 17-Sep-2026 08:50:58 [boincserver] Reporting 1 completed tasks
client-desktop-1    | 17-Sep-2026 08:50:58 [boincserver] Requesting new tasks for CPU
client-desktop-1    | 17-Sep-2026 08:51:04 [boincserver] Computation for task exp_20260917T084802Z_baseline_short_1_0 finished
client-desktop-1    | 17-Sep-2026 08:51:04 [boincserver] Elapsed time limit 50.000000 < 120.000000; setting to 43200.000000
client-desktop-1    | 17-Sep-2026 08:51:04 [boincserver] Starting task exp_20260917T084802Z_baseline_short_3_0
client-desktop-1    | 17-Sep-2026 08:51:06 [boincserver] Started upload of exp_20260917T084802Z_baseline_short_1_0_r1078126666_0
client-cluster-2-1  | 17-Sep-2026 08:52:13 [boincserver] Project has no tasks available
client-cluster-2-1  | 17-Sep-2026 08:52:13 [boincserver] Project requested delay of 7 seconds
client-cluster-2-1  | 17-Sep-2026 08:52:14 [boincserver] Computation for task exp_20260917T084802Z_baseline_long_5_0 finished
client-cluster-2-1  | 17-Sep-2026 08:52:14 [boincserver] Starting task exp_20260917T084802Z_baseline_long_1_0
client-cluster-2-1  | 17-Sep-2026 08:52:15 [boincserver] Computation for task exp_20260917T084802Z_baseline_long_6_0 finished
client-cluster-2-1  | 17-Sep-2026 08:52:16 [boincserver] Started upload of exp_20260917T084802Z_baseline_long_5_0_r1802499032_0
client-cluster-2-1  | 17-Sep-2026 08:52:16 [boincserver] Computation for task exp_20260917T084802Z_baseline_long_4_0 finished
client-cluster-2-1  | 17-Sep-2026 08:52:17 [boincserver] Started upload of exp_20260917T084802Z_baseline_long_6_0_r94880785_0
client-cluster-2-1  | 17-Sep-2026 08:52:18 [boincserver] Finished upload of exp_20260917T084802Z_baseline_long_5_0_r1802499032_0
client-cluster-2-1  | 17-Sep-2026 08:52:18 [boincserver] Finished upload of exp_20260917T084802Z_baseline_long_6_0_r94880785_0
client-cluster-2-1  | 17-Sep-2026 08:52:18 [boincserver] Started upload of exp_20260917T084802Z_baseline_long_4_0_r715610883_0
client-cluster-2-1  | 17-Sep-2026 08:52:20 [boincserver] Finished upload of exp_20260917T084802Z_baseline_long_4_0_r715610883_0
client-cluster-2-1  | 17-Sep-2026 08:52:20 [boincserver] Computation for task exp_20260917T084802Z_baseline_medium_11_0 finished
client-cluster-2-1  | 17-Sep-2026 08:52:22 [boincserver] Started upload of exp_20260917T084802Z_baseline_medium_11_0_r836462374_0
client-cluster-2-1  | 17-Sep-2026 08:52:23 [boincserver] Sending scheduler request: To fetch work.
client-cluster-2-1  | 17-Sep-2026 08:52:23 [boincserver] Reporting 3 completed tasks
client-cluster-2-1  | 17-Sep-2026 08:52:23 [boincserver] Requesting new tasks for CPU
client-cluster-2-1  | 17-Sep-2026 08:52:24 [boincserver] Finished upload of exp_20260917T084802Z_baseline_medium_11_0_r836462374_0
client-cluster-2-1  | 17-Sep-2026 08:52:29 [boincserver] Scheduler request completed: got 0 new tasks
client-cluster-2-1  | 17-Sep-2026 08:52:29 [boincserver] Project has no tasks available
client-cluster-2-1  | 17-Sep-2026 08:52:29 [boincserver] Project requested delay of 7 seconds
client-cluster-2-1  | 17-Sep-2026 08:52:40 [boincserver] Sending scheduler request: To report completed tasks.
client-cluster-2-1  | 17-Sep-2026 08:52:40 [boincserver] Reporting 1 completed tasks
mysql-1             | 2026-09-17  8:50:07 97 [Warning] Aborted connection 97 to db: 'boincserver' user: 'root' host: '172.21.0.4' (Got an error reading communication packets)
client-cluster-2-1  | 17-Sep-2026 08:52:40 [boincserver] Requesting new tasks for CPU
client-cluster-2-1  | 17-Sep-2026 08:52:46 [boincserver] Scheduler request completed: got 0 new tasks
client-desktop-1    | 17-Sep-2026 08:51:08 [boincserver] Finished upload of exp_20260917T084802Z_baseline_short_1_0_r1078126666_0
client-desktop-1    | 17-Sep-2026 08:51:10 [boincserver] Scheduler request completed: got 0 new tasks
client-desktop-1    | 17-Sep-2026 08:51:10 [boincserver] Project has no tasks available
client-cluster-2-1  | 17-Sep-2026 08:52:46 [boincserver] Project has no tasks available
client-cluster-2-1  | 17-Sep-2026 08:52:46 [boincserver] Project requested delay of 7 seconds
client-phone-2-1    | 17-Sep-2026 08:51:27 [boincserver] Project requested delay of 7 seconds
client-cluster-1    | 17-Sep-2026 08:52:02 [boincserver] Scheduler request completed: got 0 new tasks
client-cluster-1    | 17-Sep-2026 08:52:02 [boincserver] Project has no tasks available
client-cluster-1    | 17-Sep-2026 08:52:02 [boincserver] Project requested delay of 7 seconds
client-cluster-1    | 17-Sep-2026 08:52:28 [boincserver] Computation for task exp_20260917T084802Z_baseline_long_2_0 finished
client-desktop-1    | 17-Sep-2026 08:51:10 [boincserver] Project requested delay of 7 seconds
client-desktop-1    | 17-Sep-2026 08:51:14 [boincserver] Computation for task exp_20260917T084802Z_baseline_short_3_0 finished
client-cluster-1    | 17-Sep-2026 08:52:30 [boincserver] Started upload of exp_20260917T084802Z_baseline_long_2_0_r1874237924_0
client-cluster-1    | 17-Sep-2026 08:52:32 [boincserver] Finished upload of exp_20260917T084802Z_baseline_long_2_0_r1874237924_0
client-cluster-1    | 17-Sep-2026 08:52:36 [boincserver] Sending scheduler request: To report completed tasks.
client-cluster-2-1  | 17-Sep-2026 08:54:19 [boincserver] Computation for task exp_20260917T084802Z_baseline_long_1_0 finished
client-cluster-2-1  | 17-Sep-2026 08:54:21 [boincserver] Started upload of exp_20260917T084802Z_baseline_long_1_0_r779092281_0
client-cluster-1    | 17-Sep-2026 08:52:36 [boincserver] Reporting 1 completed tasks
client-cluster-1    | 17-Sep-2026 08:52:36 [boincserver] Requesting new tasks for CPU
client-cluster-1    | 17-Sep-2026 08:52:43 [boincserver] Scheduler request completed: got 0 new tasks
client-cluster-1    | 17-Sep-2026 08:52:43 [boincserver] Project has no tasks available
client-cluster-1    | 17-Sep-2026 08:52:43 [boincserver] Project requested delay of 7 seconds
client-cluster-1    | 17-Sep-2026 08:52:53 [boincserver] Sending scheduler request: To fetch work.
client-desktop-1    | 17-Sep-2026 08:51:16 [boincserver] Started upload of exp_20260917T084802Z_baseline_short_3_0_r877285148_0
client-desktop-1    | 17-Sep-2026 08:51:18 [boincserver] Finished upload of exp_20260917T084802Z_baseline_short_3_0_r877285148_0
client-cluster-1    | 17-Sep-2026 08:52:53 [boincserver] Requesting new tasks for CPU
client-cluster-1    | 17-Sep-2026 08:53:00 [boincserver] Scheduler request completed: got 0 new tasks
client-cluster-1    | 17-Sep-2026 08:53:00 [boincserver] Project has no tasks available
client-cluster-1    | 17-Sep-2026 08:53:00 [boincserver] Project requested delay of 7 seconds
client-cluster-2-1  | 17-Sep-2026 08:54:23 [boincserver] Finished upload of exp_20260917T084802Z_baseline_long_1_0_r779092281_0
client-cluster-2-1  | 17-Sep-2026 08:54:26 [boincserver] Sending scheduler request: To report completed tasks.
client-cluster-2-1  | 17-Sep-2026 08:54:26 [boincserver] Reporting 1 completed tasks
client-cluster-2-1  | 17-Sep-2026 08:54:26 [boincserver] Requesting new tasks for CPU
client-cluster-2-1  | 17-Sep-2026 08:54:28 [boincserver] Scheduler request completed: got 0 new tasks
client-cluster-2-1  | 17-Sep-2026 08:54:28 [boincserver] Project has no tasks available
client-cluster-2-1  | 17-Sep-2026 08:54:28 [boincserver] Project requested delay of 7 seconds
client-desktop-1    | 17-Sep-2026 08:51:20 [boincserver] Sending scheduler request: To report completed tasks.
client-desktop-1    | 17-Sep-2026 08:51:20 [boincserver] Reporting 2 completed tasks
client-desktop-1    | 17-Sep-2026 08:51:20 [boincserver] Requesting new tasks for CPU
client-desktop-1    | 17-Sep-2026 08:51:22 [boincserver] Scheduler request completed: got 0 new tasks
client-desktop-1    | 17-Sep-2026 08:51:22 [boincserver] Project has no tasks available
client-desktop-1    | 17-Sep-2026 08:51:22 [boincserver] Project requested delay of 7 seconds
client-desktop-1    | 17-Sep-2026 08:51:32 [boincserver] Sending scheduler request: To fetch work.
client-desktop-1    | 17-Sep-2026 08:51:32 [boincserver] Requesting new tasks for CPU
client-desktop-1    | 17-Sep-2026 08:51:34 [boincserver] Scheduler request completed: got 0 new tasks
client-desktop-1    | 17-Sep-2026 08:51:34 [boincserver] Project has no tasks available
client-desktop-1    | 17-Sep-2026 08:51:34 [boincserver] Project requested delay of 7 seconds
client-desktop-1    | 17-Sep-2026 08:52:24 [boincserver] Computation for task exp_20260917T084802Z_baseline_long_3_0 finished
client-desktop-1    | 17-Sep-2026 08:52:26 [boincserver] Started upload of exp_20260917T084802Z_baseline_long_3_0_r1541775800_0
client-desktop-1    | 17-Sep-2026 08:52:28 [boincserver] Finished upload of exp_20260917T084802Z_baseline_long_3_0_r1541775800_0
client-desktop-1    | 17-Sep-2026 08:52:30 [boincserver] Sending scheduler request: To report completed tasks.
client-desktop-1    | 17-Sep-2026 08:52:30 [boincserver] Reporting 1 completed tasks
client-desktop-1    | 17-Sep-2026 08:52:30 [boincserver] Requesting new tasks for CPU
client-desktop-1    | 17-Sep-2026 08:52:32 [boincserver] Scheduler request completed: got 0 new tasks
client-desktop-1    | 17-Sep-2026 08:52:32 [boincserver] Project has no tasks available
client-desktop-1    | 17-Sep-2026 08:52:32 [boincserver] Project requested delay of 7 seconds
client-desktop-1    | 17-Sep-2026 08:52:45 [boincserver] Sending scheduler request: To fetch work.
client-desktop-1    | 17-Sep-2026 08:52:45 [boincserver] Requesting new tasks for CPU
client-desktop-1    | 17-Sep-2026 08:52:47 [boincserver] Scheduler request completed: got 0 new tasks
client-desktop-1    | 17-Sep-2026 08:52:47 [boincserver] Project has no tasks available
client-desktop-1    | 17-Sep-2026 08:52:47 [boincserver] Project requested delay of 7 seconds
