client-cluster-1  | 17-Sep-2026 10:10:39 [---] Starting BOINC client version 7.20.5 for aarch64-unknown-linux-gnu
client-cluster-1  | 17-Sep-2026 10:10:39 [---] This a development version of BOINC and may not function properly
client-cluster-1  | 17-Sep-2026 10:10:39 [---] log flags: file_xfer, sched_ops, task
client-cluster-1  | 17-Sep-2026 10:10:39 [---] Libraries: libcurl/7.88.1 OpenSSL/3.0.20 zlib/1.2.13 brotli/1.0.9 zstd/1.5.4 libidn2/2.3.3 libpsl/0.21.2 (+libidn2/2.3.3) libssh2/1.10.0 nghttp2/1.52.0 librtmp/2.3 OpenLDAP/2.5.13
client-cluster-1  | 17-Sep-2026 10:10:39 [---] Data directory: /var/lib/boinc-client
client-cluster-1  | 17-Sep-2026 10:10:39 [---] No usable GPUs found
client-cluster-1  | 17-Sep-2026 10:10:39 [---] Creating new client state file
client-cluster-1  | 17-Sep-2026 10:10:39 [---] libc:  version 2.36
client-cluster-1  | 17-Sep-2026 10:10:39 [---] Host name: cluster-01
client-cluster-1  | 17-Sep-2026 10:10:39 [---] Processor: 4 ARM  [Impl 0x61 Arch 8 Variant 0x0 Part 0x000 Rev 0]
client-cluster-1  | 17-Sep-2026 10:10:39 [---] Processor features: fp asimd evtstrm aes pmull sha1 sha2 crc32 atomics fphp asimdhp cpuid asimdrdm jscvt fcma lrcpc dcpop sha3 asimddp sha512 asimdfhm dit uscat ilrcpc flagm sb paca pacg dcpodp flagm2 frint i8mm bf16 bti afp
client-cluster-1  | 17-Sep-2026 10:10:39 [---] OS: Linux Debian GNU/Linux: Debian GNU/Linux 12 (bookworm) [6.8.0-100-generic|libc 2.36]
client-cluster-1  | 17-Sep-2026 10:10:39 [---] Memory: 9.69 GB physical, 0 bytes virtual
client-cluster-1  | 17-Sep-2026 10:10:39 [---] Disk: 18.33 GB total, 15.25 GB free
client-cluster-1  | 17-Sep-2026 10:10:39 [---] Local time is UTC +0 hours
client-cluster-1  | 17-Sep-2026 10:10:39 [---] Config: GUI RPC allowed from any host
client-cluster-1  | 17-Sep-2026 10:10:39 [---] Config: simulate 4 CPUs
client-cluster-1  | 17-Sep-2026 10:10:39 [---] Config: report completed tasks immediately
client-cluster-1  | 17-Sep-2026 10:10:39 [---] No general preferences found - using defaults
client-cluster-1  | 17-Sep-2026 10:10:39 [---] Reading preferences override file
client-cluster-1  | 17-Sep-2026 10:10:39 [---] Preferences:
client-cluster-1  | 17-Sep-2026 10:10:39 [---]    max memory usage when active: 8929.14 MB
client-cluster-1  | 17-Sep-2026 10:10:39 [---]    max memory usage when idle: 8929.14 MB
client-cluster-1  | 17-Sep-2026 10:10:39 [---]    max disk usage: 2.00 GB
client-cluster-1  | 17-Sep-2026 10:10:39 [---]    don't use GPU while active
client-cluster-1  | 17-Sep-2026 10:10:39 [---]    suspend work if non-BOINC CPU load exceeds 25%
client-cluster-1  | 17-Sep-2026 10:10:39 [---]    (to change preferences, visit a project web site or select Preferences in the Manager)
client-cluster-1  | 17-Sep-2026 10:10:39 [---] Setting up project and slot directories
client-cluster-1  | 17-Sep-2026 10:10:39 [---] Checking active tasks
client-cluster-1  | 17-Sep-2026 10:10:39 [---] Setting up GUI RPC socket
client-cluster-1  | 17-Sep-2026 10:10:39 [---] Checking presence of 0 project files
client-cluster-1  | 17-Sep-2026 10:10:39 [---] This computer is not attached to any projects
client-cluster-1  | 17-Sep-2026 10:10:39 Initialization completed
client-cluster-1  | dir_open: Could not open directory 'slots' from '/var/lib/boinc-client'.
client-cluster-1  | dir_open: Could not open directory 'projects/boincserver.local_boincserver' from '/var/lib/boinc-client'.
client-cluster-1  | 17-Sep-2026 10:10:40 [---] No general preferences found - using defaults
client-cluster-1  | 17-Sep-2026 10:10:40 [---] Reading preferences override file
client-cluster-1  | 17-Sep-2026 10:10:40 [---] Preferences:
client-cluster-1  | 17-Sep-2026 10:10:40 [---]    max memory usage when active: 8929.14 MB
client-cluster-1  | 17-Sep-2026 10:10:40 [---]    max memory usage when idle: 8929.14 MB
client-cluster-1  | 17-Sep-2026 10:10:40 [---]    max disk usage: 2.00 GB
client-cluster-1  | 17-Sep-2026 10:10:40 [---]    don't use GPU while active
client-cluster-1  | 17-Sep-2026 10:10:40 [---]    suspend work if non-BOINC CPU load exceeds 25%
client-cluster-1  | 17-Sep-2026 10:10:40 [---]    (to change preferences, visit a project web site or select Preferences in the Manager)
client-cluster-1  | 17-Sep-2026 10:10:44 [http://boincserver.local/boincserver/] Fetching scheduler list
client-cluster-1  | 17-Sep-2026 10:10:46 [http://boincserver.local/boincserver/] Master file download succeeded
client-cluster-1  | 17-Sep-2026 10:10:51 [http://boincserver.local/boincserver/] Sending scheduler request: Project initialization.
client-cluster-1  | 17-Sep-2026 10:10:51 [http://boincserver.local/boincserver/] Requesting new tasks for CPU
client-cluster-1  | 17-Sep-2026 10:10:53 [boincserver] Scheduler request completed: got 1 new tasks
client-cluster-1  | 17-Sep-2026 10:10:53 [boincserver] Project requested delay of 7 seconds
client-cluster-1  | 17-Sep-2026 10:10:55 [boincserver] Started download of hybrid_synthetic_1.0_aarch64-unknown-linux-gnu
client-cluster-1  | 17-Sep-2026 10:10:55 [boincserver] Started download of hybrid_synthetic_input.txt
client-cluster-1  | 17-Sep-2026 10:10:57 [boincserver] Finished download of hybrid_synthetic_1.0_aarch64-unknown-linux-gnu
client-cluster-1  | 17-Sep-2026 10:10:57 [boincserver] Finished download of hybrid_synthetic_input.txt
client-cluster-1  | 17-Sep-2026 10:10:57 [boincserver] Elapsed time limit 50.000000 < 120.000000; setting to 43200.000000
client-cluster-1  | 17-Sep-2026 10:10:57 [boincserver] Starting task exp_20260917T092942Z_weighted_least_loaded_short_1_0
client-cluster-1  | 17-Sep-2026 10:11:03 [boincserver] Sending scheduler request: To fetch work.
client-cluster-1  | 17-Sep-2026 10:11:03 [boincserver] Requesting new tasks for CPU
client-cluster-1  | 17-Sep-2026 10:11:05 [boincserver] Computation for task exp_20260917T092942Z_weighted_least_loaded_short_1_0 finished
client-cluster-1  | 17-Sep-2026 10:11:05 [boincserver] Scheduler request completed: got 4 new tasks
client-cluster-1  | 17-Sep-2026 10:11:05 [boincserver] Project requested delay of 7 seconds
client-cluster-1  | 17-Sep-2026 10:11:07 [boincserver] Started upload of exp_20260917T092942Z_weighted_least_loaded_short_1_0_r1010141728_0
client-cluster-1  | 17-Sep-2026 10:11:07 [boincserver] Elapsed time limit 50.000000 < 120.000000; setting to 43200.000000
client-cluster-1  | 17-Sep-2026 10:11:07 [boincserver] Elapsed time limit 50.000000 < 120.000000; setting to 43200.000000
client-cluster-1  | 17-Sep-2026 10:11:07 [boincserver] Elapsed time limit 50.000000 < 120.000000; setting to 43200.000000
client-cluster-1  | 17-Sep-2026 10:11:07 [boincserver] Elapsed time limit 50.000000 < 120.000000; setting to 43200.000000
client-cluster-1  | 17-Sep-2026 10:11:07 [boincserver] Starting task exp_20260917T092942Z_weighted_least_loaded_short_12_0
client-cluster-1  | 17-Sep-2026 10:11:07 [boincserver] Starting task exp_20260917T092942Z_weighted_least_loaded_short_10_0
client-cluster-1  | 17-Sep-2026 10:11:07 [boincserver] Starting task exp_20260917T092942Z_weighted_least_loaded_short_11_0
client-cluster-1  | 17-Sep-2026 10:11:07 [boincserver] Starting task exp_20260917T092942Z_weighted_least_loaded_short_7_0
client-cluster-1  | 17-Sep-2026 10:11:09 [boincserver] Finished upload of exp_20260917T092942Z_weighted_least_loaded_short_1_0_r1010141728_0
client-cluster-1  | 17-Sep-2026 10:11:15 [boincserver] Computation for task exp_20260917T092942Z_weighted_least_loaded_short_12_0 finished
client-cluster-1  | 17-Sep-2026 10:11:15 [boincserver] Sending scheduler request: To report completed tasks.
client-cluster-1  | 17-Sep-2026 10:11:15 [boincserver] Reporting 1 completed tasks
client-cluster-1  | 17-Sep-2026 10:11:15 [boincserver] Requesting new tasks for CPU
client-cluster-1  | 17-Sep-2026 10:11:16 [boincserver] Computation for task exp_20260917T092942Z_weighted_least_loaded_short_10_0 finished
client-cluster-1  | 17-Sep-2026 10:11:17 [boincserver] Started upload of exp_20260917T092942Z_weighted_least_loaded_short_12_0_r1351749057_0
client-cluster-1  | 17-Sep-2026 10:11:17 [boincserver] Computation for task exp_20260917T092942Z_weighted_least_loaded_short_11_0 finished
client-cluster-1  | 17-Sep-2026 10:11:18 [boincserver] Started upload of exp_20260917T092942Z_weighted_least_loaded_short_10_0_r115172896_0
client-cluster-1  | 17-Sep-2026 10:11:18 [boincserver] Computation for task exp_20260917T092942Z_weighted_least_loaded_short_7_0 finished
client-cluster-1  | 17-Sep-2026 10:11:19 [boincserver] Finished upload of exp_20260917T092942Z_weighted_least_loaded_short_12_0_r1351749057_0
client-cluster-1  | 17-Sep-2026 10:11:19 [boincserver] Finished upload of exp_20260917T092942Z_weighted_least_loaded_short_10_0_r115172896_0
client-cluster-1  | 17-Sep-2026 10:11:19 [boincserver] Started upload of exp_20260917T092942Z_weighted_least_loaded_short_11_0_r80107633_0
client-cluster-1  | 17-Sep-2026 10:11:49 [boincserver] Started upload of exp_20260917T092942Z_weighted_least_loaded_short_7_0_r1566400163_0
client-cluster-1  | 17-Sep-2026 10:11:49 [boincserver] Scheduler request completed: got 4 new tasks
client-cluster-1  | 17-Sep-2026 10:11:49 [boincserver] Project requested delay of 7 seconds
client-cluster-1  | 17-Sep-2026 10:11:50 [boincserver] Finished upload of exp_20260917T092942Z_weighted_least_loaded_short_11_0_r80107633_0
client-cluster-1  | 17-Sep-2026 10:11:50 [boincserver] Finished upload of exp_20260917T092942Z_weighted_least_loaded_short_7_0_r1566400163_0
client-cluster-1  | 17-Sep-2026 10:11:51 [boincserver] Starting task exp_20260917T092942Z_weighted_least_loaded_medium_9_0
client-cluster-1  | 17-Sep-2026 10:11:51 [boincserver] Starting task exp_20260917T092942Z_weighted_least_loaded_medium_10_0
client-cluster-1  | 17-Sep-2026 10:11:51 [boincserver] Starting task exp_20260917T092942Z_weighted_least_loaded_medium_11_0
client-cluster-1  | 17-Sep-2026 10:11:51 [boincserver] Starting task exp_20260917T092942Z_weighted_least_loaded_medium_3_0
client-cluster-1  | 17-Sep-2026 10:12:00 [boincserver] Sending scheduler request: To report completed tasks.
client-cluster-1  | 17-Sep-2026 10:12:00 [boincserver] Reporting 4 completed tasks
client-cluster-1  | 17-Sep-2026 10:12:00 [boincserver] Requesting new tasks for CPU
client-cluster-1  | 17-Sep-2026 10:12:07 [boincserver] Scheduler request completed: got 0 new tasks
client-cluster-1  | 17-Sep-2026 10:12:07 [boincserver] Project has no tasks available
client-cluster-1  | 17-Sep-2026 10:12:07 [boincserver] Project requested delay of 7 seconds
client-cluster-1  | 17-Sep-2026 10:12:17 [boincserver] Sending scheduler request: To fetch work.
client-cluster-1  | 17-Sep-2026 10:12:17 [boincserver] Requesting new tasks for CPU
client-cluster-1  | 17-Sep-2026 10:12:19 [boincserver] Scheduler request completed: got 0 new tasks
client-cluster-1  | 17-Sep-2026 10:12:19 [boincserver] Project has no tasks available
client-cluster-1  | 17-Sep-2026 10:12:19 [boincserver] Project requested delay of 7 seconds
client-cluster-1  | 17-Sep-2026 10:12:53 [boincserver] Computation for task exp_20260917T092942Z_weighted_least_loaded_medium_9_0 finished
client-cluster-1  | 17-Sep-2026 10:12:54 [boincserver] Computation for task exp_20260917T092942Z_weighted_least_loaded_medium_10_0 finished
client-cluster-1  | 17-Sep-2026 10:12:55 [boincserver] Started upload of exp_20260917T092942Z_weighted_least_loaded_medium_9_0_r1133911026_0
client-cluster-1  | 17-Sep-2026 10:12:55 [boincserver] Computation for task exp_20260917T092942Z_weighted_least_loaded_medium_11_0 finished
client-cluster-1  | 17-Sep-2026 10:12:56 [boincserver] Started upload of exp_20260917T092942Z_weighted_least_loaded_medium_10_0_r1439268709_0
client-cluster-1  | 17-Sep-2026 10:12:56 [boincserver] Computation for task exp_20260917T092942Z_weighted_least_loaded_medium_3_0 finished
client-cluster-1  | 17-Sep-2026 10:12:57 [boincserver] Finished upload of exp_20260917T092942Z_weighted_least_loaded_medium_9_0_r1133911026_0
client-cluster-1  | 17-Sep-2026 10:12:57 [boincserver] Finished upload of exp_20260917T092942Z_weighted_least_loaded_medium_10_0_r1439268709_0
client-cluster-1  | 17-Sep-2026 10:12:57 [boincserver] Started upload of exp_20260917T092942Z_weighted_least_loaded_medium_11_0_r805849932_0
client-cluster-1  | 17-Sep-2026 10:12:58 [boincserver] Started upload of exp_20260917T092942Z_weighted_least_loaded_medium_3_0_r629034195_0
client-cluster-1  | 17-Sep-2026 10:12:59 [boincserver] Finished upload of exp_20260917T092942Z_weighted_least_loaded_medium_11_0_r805849932_0
client-cluster-1  | 17-Sep-2026 10:12:59 [boincserver] Finished upload of exp_20260917T092942Z_weighted_least_loaded_medium_3_0_r629034195_0
client-cluster-1  | 17-Sep-2026 10:13:01 [boincserver] Sending scheduler request: To report completed tasks.
client-cluster-1  | 17-Sep-2026 10:13:01 [boincserver] Reporting 4 completed tasks
client-cluster-1  | 17-Sep-2026 10:13:01 [boincserver] Requesting new tasks for CPU
client-cluster-1  | 17-Sep-2026 10:13:03 [boincserver] Scheduler request completed: got 0 new tasks
apache-1          | /usr/lib/python2.7/dist-packages/supervisor/options.py:461: UserWarning: Supervisord is running as root and it is searching for its configuration file in default locations (including its current working directory); you probably want to specify a "-c" argument specifying an absolute path to a configuration file for improved security.
apache-1          |   'Supervisord is running as root and it is searching '
apache-1            | 2026-09-17 10:08:43,592 CRIT Supervisor is running as root.  Privileges were not dropped because no user is specified in the config file.  If you intend to run as root, you can set user=root in the config file to avoid this message.
makeproject-1       | Updating project files in data volume...
client-phone-1      | 17-Sep-2026 10:10:39 [---] Starting BOINC client version 7.20.5 for aarch64-unknown-linux-gnu
client-cluster-2-1  | 17-Sep-2026 10:10:39 [---] Starting BOINC client version 7.20.5 for aarch64-unknown-linux-gnu
client-cluster-2-1  | 17-Sep-2026 10:10:39 [---] This a development version of BOINC and may not function properly
client-cluster-2-1  | 17-Sep-2026 10:10:39 [---] log flags: file_xfer, sched_ops, task
mysql-1             | Initializing database
mysql-1             | 
mysql-1             | 
mysql-1             | PLEASE REMEMBER TO SET A PASSWORD FOR THE MariaDB root USER !
mysql-1             | To do so, start the server, then issue the following commands:
mysql-1             | 
mysql-1             | '/usr/bin/mysqladmin' -u root password 'new-password'
client-cluster-1  | 17-Sep-2026 10:13:03 [boincserver] Project has no tasks available
client-cluster-1    | 17-Sep-2026 10:13:03 [boincserver] Project requested delay of 7 seconds
client-cluster-1    | 17-Sep-2026 10:13:13 [boincserver] Sending scheduler request: To fetch work.
client-cluster-1    | 17-Sep-2026 10:13:13 [boincserver] Requesting new tasks for CPU
client-cluster-1    | 17-Sep-2026 10:13:19 [boincserver] Scheduler request completed: got 0 new tasks
client-cluster-1    | 17-Sep-2026 10:13:19 [boincserver] Project has no tasks available
client-cluster-1    | 17-Sep-2026 10:13:19 [boincserver] Project requested delay of 7 seconds
makeproject-1       | Waiting for MySQL server to start...
makeproject-1       | Creating database...
makeproject-1       | added platform: (create_time, name, user_friendly_name) values (1789639734, 'windows_intelx86', 'Microsoft Windows (98 or later) running on an Intel x86-compatible CPU')
makeproject-1       | added platform: (create_time, name, user_friendly_name) values (1789639734, 'windows_x86_64', 'Microsoft Windows running on an AMD x86_64 or Intel EM64T CPU')
makeproject-1       | added platform: (create_time, name, user_friendly_name) values (1789639734, 'windows_arm64', 'Microsoft Windows running on ARM 64-bit')
apache-1            | 2026-09-17 10:08:43,593 INFO Included extra file "/etc/supervisor/conf.d/supervisord.conf" during parsing
apache-1            | 2026-09-17 10:08:43,597 INFO RPC interface 'supervisor' initialized
client-phone-2-1    | 17-Sep-2026 10:10:39 [---] Starting BOINC client version 7.20.5 for aarch64-unknown-linux-gnu
client-phone-2-1    | 17-Sep-2026 10:10:39 [---] This a development version of BOINC and may not function properly
client-phone-2-1    | 17-Sep-2026 10:10:39 [---] log flags: file_xfer, sched_ops, task
client-phone-2-1    | 17-Sep-2026 10:10:39 [---] Libraries: libcurl/7.88.1 OpenSSL/3.0.20 zlib/1.2.13 brotli/1.0.9 zstd/1.5.4 libidn2/2.3.3 libpsl/0.21.2 (+libidn2/2.3.3) libssh2/1.10.0 nghttp2/1.52.0 librtmp/2.3 OpenLDAP/2.5.13
client-desktop-1    | 17-Sep-2026 10:10:39 [---] Starting BOINC client version 7.20.5 for aarch64-unknown-linux-gnu
client-desktop-1    | 17-Sep-2026 10:10:39 [---] This a development version of BOINC and may not function properly
client-desktop-1    | 17-Sep-2026 10:10:39 [---] log flags: file_xfer, sched_ops, task
client-desktop-1    | 17-Sep-2026 10:10:39 [---] Libraries: libcurl/7.88.1 OpenSSL/3.0.20 zlib/1.2.13 brotli/1.0.9 zstd/1.5.4 libidn2/2.3.3 libpsl/0.21.2 (+libidn2/2.3.3) libssh2/1.10.0 nghttp2/1.52.0 librtmp/2.3 OpenLDAP/2.5.13
client-desktop-1    | 17-Sep-2026 10:10:39 [---] Data directory: /var/lib/boinc-client
client-desktop-1    | 17-Sep-2026 10:10:39 [---] No usable GPUs found
client-desktop-1    | 17-Sep-2026 10:10:39 [---] Creating new client state file
client-phone-1      | 17-Sep-2026 10:10:39 [---] This a development version of BOINC and may not function properly
client-phone-1      | 17-Sep-2026 10:10:39 [---] log flags: file_xfer, sched_ops, task
client-phone-1      | 17-Sep-2026 10:10:39 [---] Libraries: libcurl/7.88.1 OpenSSL/3.0.20 zlib/1.2.13 brotli/1.0.9 zstd/1.5.4 libidn2/2.3.3 libpsl/0.21.2 (+libidn2/2.3.3) libssh2/1.10.0 nghttp2/1.52.0 librtmp/2.3 OpenLDAP/2.5.13
client-phone-1      | 17-Sep-2026 10:10:39 [---] Data directory: /var/lib/boinc-client
client-phone-1      | 17-Sep-2026 10:10:39 [---] No usable GPUs found
client-phone-1      | 17-Sep-2026 10:10:39 [---] Creating new client state file
client-phone-1      | 17-Sep-2026 10:10:39 [---] libc:  version 2.36
client-desktop-1    | 17-Sep-2026 10:10:39 [---] libc:  version 2.36
client-desktop-1    | 17-Sep-2026 10:10:39 [---] Host name: desktop-01
client-desktop-1    | 17-Sep-2026 10:10:39 [---] Processor: 2 ARM  [Impl 0x61 Arch 8 Variant 0x0 Part 0x000 Rev 0]
client-desktop-1    | 17-Sep-2026 10:10:39 [---] Processor features: fp asimd evtstrm aes pmull sha1 sha2 crc32 atomics fphp asimdhp cpuid asimdrdm jscvt fcma lrcpc dcpop sha3 asimddp sha512 asimdfhm dit uscat ilrcpc flagm sb paca pacg dcpodp flagm2 frint i8mm bf16 bti afp
client-desktop-1    | 17-Sep-2026 10:10:39 [---] OS: Linux Debian GNU/Linux: Debian GNU/Linux 12 (bookworm) [6.8.0-100-generic|libc 2.36]
client-low-power-1  | 17-Sep-2026 10:10:44 [---] Starting BOINC client version 7.20.5 for aarch64-unknown-linux-gnu
client-low-power-1  | 17-Sep-2026 10:10:44 [---] This a development version of BOINC and may not function properly
client-low-power-1  | 17-Sep-2026 10:10:44 [---] log flags: file_xfer, sched_ops, task
client-low-power-1  | 17-Sep-2026 10:10:44 [---] Libraries: libcurl/7.88.1 OpenSSL/3.0.20 zlib/1.2.13 brotli/1.0.9 zstd/1.5.4 libidn2/2.3.3 libpsl/0.21.2 (+libidn2/2.3.3) libssh2/1.10.0 nghttp2/1.52.0 librtmp/2.3 OpenLDAP/2.5.13
client-cluster-2-1  | 17-Sep-2026 10:10:39 [---] Libraries: libcurl/7.88.1 OpenSSL/3.0.20 zlib/1.2.13 brotli/1.0.9 zstd/1.5.4 libidn2/2.3.3 libpsl/0.21.2 (+libidn2/2.3.3) libssh2/1.10.0 nghttp2/1.52.0 librtmp/2.3 OpenLDAP/2.5.13
client-cluster-2-1  | 17-Sep-2026 10:10:39 [---] Data directory: /var/lib/boinc-client
mysql-1             | '/usr/bin/mysqladmin' -u root -h  password 'new-password'
mysql-1             | 
mysql-1             | Alternatively you can run:
mysql-1             | '/usr/bin/mysql_secure_installation'
mysql-1             | 
client-low-power-1  | 17-Sep-2026 10:10:44 [---] Data directory: /var/lib/boinc-client
client-low-power-1  | 17-Sep-2026 10:10:44 [---] No usable GPUs found
client-low-power-1  | 17-Sep-2026 10:10:44 [---] Creating new client state file
client-low-power-1  | 17-Sep-2026 10:10:44 [---] libc:  version 2.36
client-low-power-1  | 17-Sep-2026 10:10:44 [---] Host name: low-power-01
mysql-1             | which will also give you the option of removing the test
mysql-1             | databases and anonymous user created by default.  This is
apache-1            | 2026-09-17 10:08:43,597 CRIT Server 'unix_http_server' running without any HTTP authentication checking
apache-1            | 2026-09-17 10:08:43,597 INFO supervisord started with pid 1
client-desktop-1    | 17-Sep-2026 10:10:39 [---] Memory: 9.69 GB physical, 0 bytes virtual
client-desktop-1    | 17-Sep-2026 10:10:39 [---] Disk: 18.33 GB total, 15.25 GB free
client-desktop-1    | 17-Sep-2026 10:10:39 [---] Local time is UTC +0 hours
client-desktop-1    | 17-Sep-2026 10:10:39 [---] Config: GUI RPC allowed from any host
client-phone-1      | 17-Sep-2026 10:10:39 [---] Host name: phone-01
client-phone-1      | 17-Sep-2026 10:10:39 [---] Processor: 1 ARM  [Impl 0x61 Arch 8 Variant 0x0 Part 0x000 Rev 0]
client-phone-1      | 17-Sep-2026 10:10:39 [---] Processor features: fp asimd evtstrm aes pmull sha1 sha2 crc32 atomics fphp asimdhp cpuid asimdrdm jscvt fcma lrcpc dcpop sha3 asimddp sha512 asimdfhm dit uscat ilrcpc flagm sb paca pacg dcpodp flagm2 frint i8mm bf16 bti afp
client-phone-2-1    | 17-Sep-2026 10:10:39 [---] Data directory: /var/lib/boinc-client
client-low-power-1  | 17-Sep-2026 10:10:44 [---] Processor: 1 ARM  [Impl 0x61 Arch 8 Variant 0x0 Part 0x000 Rev 0]
client-low-power-1  | 17-Sep-2026 10:10:44 [---] Processor features: fp asimd evtstrm aes pmull sha1 sha2 crc32 atomics fphp asimdhp cpuid asimdrdm jscvt fcma lrcpc dcpop sha3 asimddp sha512 asimdfhm dit uscat ilrcpc flagm sb paca pacg dcpodp flagm2 frint i8mm bf16 bti afp
client-low-power-1  | 17-Sep-2026 10:10:44 [---] OS: Linux Debian GNU/Linux: Debian GNU/Linux 12 (bookworm) [6.8.0-100-generic|libc 2.36]
client-desktop-1    | 17-Sep-2026 10:10:39 [---] Config: simulate 2 CPUs
client-desktop-1    | 17-Sep-2026 10:10:39 [---] Config: report completed tasks immediately
client-desktop-1    | 17-Sep-2026 10:10:39 [---] No general preferences found - using defaults
client-desktop-1    | dir_open: Could not open directory 'slots' from '/var/lib/boinc-client'.
client-desktop-1    | 17-Sep-2026 10:10:39 [---] Reading preferences override file
client-desktop-1    | 17-Sep-2026 10:10:39 [---] Preferences:
client-phone-2-1    | 17-Sep-2026 10:10:39 [---] No usable GPUs found
client-phone-2-1    | 17-Sep-2026 10:10:39 [---] Creating new client state file
client-phone-2-1    | 17-Sep-2026 10:10:39 [---] libc:  version 2.36
client-phone-2-1    | 17-Sep-2026 10:10:39 [---] Host name: phone-02
client-cluster-2-1  | 17-Sep-2026 10:10:39 [---] No usable GPUs found
client-cluster-2-1  | 17-Sep-2026 10:10:39 [---] Creating new client state file
client-cluster-2-1  | 17-Sep-2026 10:10:39 [---] libc:  version 2.36
client-cluster-2-1  | 17-Sep-2026 10:10:39 [---] Host name: cluster-02
makeproject-1       | added platform: (create_time, name, user_friendly_name) values (1789639734, 'i686-pc-linux-gnu', 'Linux running on an Intel x86-compatible CPU')
makeproject-1       | added platform: (create_time, name, user_friendly_name) values (1789639734, 'x86_64-pc-linux-gnu', 'Linux running on an AMD x86_64 or Intel EM64T CPU')
makeproject-1       | added platform: (create_time, name, user_friendly_name) values (1789639734, 'powerpc-apple-darwin', 'Mac OS X 10.3 or later running on Motorola PowerPC')
makeproject-1       | added platform: (create_time, name, user_friendly_name) values (1789639734, 'i686-apple-darwin', 'Mac OS 10.4 or later running on Intel')
client-phone-1      | 17-Sep-2026 10:10:39 [---] OS: Linux Debian GNU/Linux: Debian GNU/Linux 12 (bookworm) [6.8.0-100-generic|libc 2.36]
client-phone-1      | 17-Sep-2026 10:10:39 [---] Memory: 9.69 GB physical, 0 bytes virtual
client-phone-1      | 17-Sep-2026 10:10:39 [---] Disk: 18.33 GB total, 15.25 GB free
client-phone-1      | 17-Sep-2026 10:10:39 [---] Local time is UTC +0 hours
client-phone-1      | 17-Sep-2026 10:10:39 [---] Config: GUI RPC allowed from any host
client-phone-1      | 17-Sep-2026 10:10:39 [---] Config: simulate 1 CPUs
client-phone-1      | 17-Sep-2026 10:10:39 [---] Config: report completed tasks immediately
client-phone-1      | 17-Sep-2026 10:10:39 [---] No general preferences found - using defaults
apache-1            | 2026-09-17 10:08:44,601 INFO spawned: 'cron' with pid 9
apache-1            | 2026-09-17 10:08:44,603 INFO spawned: 'start' with pid 10
apache-1            | 2026-09-17 10:08:44,604 INFO spawned: 'rsyslogd' with pid 11
apache-1            | 2026-09-17 10:08:44,606 INFO spawned: 'apache2' with pid 12
makeproject-1       | added platform: (create_time, name, user_friendly_name) values (1789639734, 'x86_64-apple-darwin', 'Intel 64-bit Mac OS 10.5 or later')
makeproject-1       | added platform: (create_time, name, user_friendly_name) values (1789639734, 'arm64-apple-darwin', 'Mac OS running on ARM')
makeproject-1       | added platform: (create_time, name, user_friendly_name) values (1789639734, 'sparc-sun-solaris2.7', 'Solaris 2.7 running on a SPARC-compatible CPU')
makeproject-1       | added platform: (create_time, name, user_friendly_name) values (1789639734, 'sparc-sun-solaris', 'Solaris 2.8 or later running on a SPARC-compatible CPU')
makeproject-1       | added platform: (create_time, name, user_friendly_name) values (1789639734, 'sparc64-sun-solaris', 'Solaris 2.8 or later running on a SPARC 64-bit CPU')
makeproject-1       | added platform: (create_time, name, user_friendly_name) values (1789639734, 'powerpc64-ps3-linux-gnu', 'Sony Playstation 3 running Linux')
makeproject-1       | added platform: (create_time, name, user_friendly_name) values (1789639734, 'arm-android-linux-gnu', 'Android running on ARM armeabi-v7a')
makeproject-1       | added platform: (create_time, name, user_friendly_name) values (1789639734, 'aarch64-android-linux-gnu', 'Android running on ARM 64-bit arm64-v8a')
makeproject-1       | added platform: (create_time, name, user_friendly_name) values (1789639734, 'x86_64-android-linux-gnu', 'Android running on Intel x64 compatible')
client-phone-2-1    | 17-Sep-2026 10:10:39 [---] Processor: 1 ARM  [Impl 0x61 Arch 8 Variant 0x0 Part 0x000 Rev 0]
client-phone-2-1    | 17-Sep-2026 10:10:39 [---] Processor features: fp asimd evtstrm aes pmull sha1 sha2 crc32 atomics fphp asimdhp cpuid asimdrdm jscvt fcma lrcpc dcpop sha3 asimddp sha512 asimdfhm dit uscat ilrcpc flagm sb paca pacg dcpodp flagm2 frint i8mm bf16 bti afp
client-phone-2-1    | 17-Sep-2026 10:10:39 [---] OS: Linux Debian GNU/Linux: Debian GNU/Linux 12 (bookworm) [6.8.0-100-generic|libc 2.36]
client-phone-2-1    | 17-Sep-2026 10:10:39 [---] Memory: 9.69 GB physical, 0 bytes virtual
client-low-power-1  | 17-Sep-2026 10:10:44 [---] Memory: 9.69 GB physical, 0 bytes virtual
client-low-power-1  | 17-Sep-2026 10:10:44 [---] Disk: 18.33 GB total, 15.25 GB free
client-low-power-1  | 17-Sep-2026 10:10:44 [---] Local time is UTC +0 hours
client-low-power-1  | 17-Sep-2026 10:10:44 [---] Config: GUI RPC allowed from any host
client-low-power-1  | 17-Sep-2026 10:10:44 [---] Config: simulate 1 CPUs
client-low-power-1  | 17-Sep-2026 10:10:44 [---] Config: report completed tasks immediately
client-low-power-1  | 17-Sep-2026 10:10:44 [---] No general preferences found - using defaults
client-desktop-1    | 17-Sep-2026 10:10:39 [---]    max memory usage when active: 8929.14 MB
client-desktop-1    | 17-Sep-2026 10:10:39 [---]    max memory usage when idle: 8929.14 MB
client-desktop-1    | 17-Sep-2026 10:10:39 [---]    max disk usage: 2.00 GB
client-desktop-1    | 17-Sep-2026 10:10:39 [---]    don't use GPU while active
client-cluster-2-1  | 17-Sep-2026 10:10:39 [---] Processor: 4 ARM  [Impl 0x61 Arch 8 Variant 0x0 Part 0x000 Rev 0]
client-cluster-2-1  | 17-Sep-2026 10:10:39 [---] Processor features: fp asimd evtstrm aes pmull sha1 sha2 crc32 atomics fphp asimdhp cpuid asimdrdm jscvt fcma lrcpc dcpop sha3 asimddp sha512 asimdfhm dit uscat ilrcpc flagm sb paca pacg dcpodp flagm2 frint i8mm bf16 bti afp
client-cluster-2-1  | 17-Sep-2026 10:10:39 [---] OS: Linux Debian GNU/Linux: Debian GNU/Linux 12 (bookworm) [6.8.0-100-generic|libc 2.36]
client-cluster-2-1  | 17-Sep-2026 10:10:39 [---] Memory: 9.69 GB physical, 0 bytes virtual
client-cluster-2-1  | 17-Sep-2026 10:10:39 [---] Disk: 18.33 GB total, 15.25 GB free
client-cluster-2-1  | 17-Sep-2026 10:10:39 [---] Local time is UTC +0 hours
client-cluster-2-1  | 17-Sep-2026 10:10:39 [---] Config: GUI RPC allowed from any host
client-cluster-2-1  | 17-Sep-2026 10:10:39 [---] Config: simulate 4 CPUs
client-cluster-2-1  | 17-Sep-2026 10:10:39 [---] Config: report completed tasks immediately
client-cluster-2-1  | 17-Sep-2026 10:10:39 [---] No general preferences found - using defaults
apache-1            | 2026-09-17 10:08:46,571 INFO success: cron entered RUNNING state, process has stayed up for > than 1 seconds (startsecs)
apache-1            | 2026-09-17 10:08:46,571 INFO success: start entered RUNNING state, process has stayed up for > than 1 seconds (startsecs)
apache-1            | 2026-09-17 10:08:46,571 INFO success: rsyslogd entered RUNNING state, process has stayed up for > than 1 seconds (startsecs)
apache-1            | 2026-09-17 10:08:46,571 INFO success: apache2 entered RUNNING state, process has stayed up for > than 1 seconds (startsecs)
makeproject-1       | added platform: (create_time, name, user_friendly_name) values (1789639734, 'x86-android-linux-gnu', 'Android running on Intel x86 compatible')
makeproject-1       | added platform: (create_time, name, user_friendly_name) values (1789639734, 'arm-unknown-linux-gnueabihf', 'Linux running on ARM, hardware FP')
makeproject-1       | added platform: (create_time, name, user_friendly_name) values (1789639734, 'aarch64-unknown-linux-gnu', 'Linux running on ARM64')
makeproject-1       | added platform: (create_time, name, user_friendly_name) values (1789639734, 'anonymous', 'anonymous')
makeproject-1       | 
client-desktop-1    | 17-Sep-2026 10:10:39 [---]    suspend work if non-BOINC CPU load exceeds 25%
client-desktop-1    | 17-Sep-2026 10:10:39 [---]    (to change preferences, visit a project web site or select Preferences in the Manager)
client-desktop-1    | 17-Sep-2026 10:10:39 [---] Setting up project and slot directories
client-desktop-1    | 17-Sep-2026 10:10:39 [---] Checking active tasks
apache-1            | 2026-09-17 10:09:00,068 INFO reaped unknown pid 64
apache-1            | 2026-09-17 10:09:00,068 INFO reaped unknown pid 66
client-phone-2-1    | 17-Sep-2026 10:10:39 [---] Disk: 18.33 GB total, 15.25 GB free
client-phone-2-1    | 17-Sep-2026 10:10:39 [---] Local time is UTC +0 hours
client-phone-2-1    | 17-Sep-2026 10:10:39 [---] Config: GUI RPC allowed from any host
client-phone-2-1    | 17-Sep-2026 10:10:39 [---] Config: simulate 1 CPUs
client-phone-2-1    | 17-Sep-2026 10:10:39 [---] Config: report completed tasks immediately
client-phone-2-1    | 17-Sep-2026 10:10:39 [---] No general preferences found - using defaults
client-phone-2-1    | 17-Sep-2026 10:10:39 [---] Reading preferences override file
client-phone-2-1    | 17-Sep-2026 10:10:39 [---] Preferences:
client-desktop-1    | 17-Sep-2026 10:10:39 [---] Setting up GUI RPC socket
client-desktop-1    | 17-Sep-2026 10:10:39 [---] Checking presence of 0 project files
client-desktop-1    | 17-Sep-2026 10:10:39 [---] This computer is not attached to any projects
client-desktop-1    | 17-Sep-2026 10:10:39 Initialization completed
client-low-power-1  | 17-Sep-2026 10:10:44 [---] Reading preferences override file
client-low-power-1  | 17-Sep-2026 10:10:44 [---] Preferences:
client-low-power-1  | 17-Sep-2026 10:10:44 [---]    max memory usage when active: 8929.14 MB
client-low-power-1  | 17-Sep-2026 10:10:44 [---]    max memory usage when idle: 8929.14 MB
client-low-power-1  | 17-Sep-2026 10:10:44 [---]    max disk usage: 2.00 GB
client-low-power-1  | dir_open: Could not open directory 'slots' from '/var/lib/boinc-client'.
client-low-power-1  | 17-Sep-2026 10:10:44 [---]    don't use GPU while active
client-low-power-1  | 17-Sep-2026 10:10:44 [---]    suspend work if non-BOINC CPU load exceeds 25%
client-low-power-1  | 17-Sep-2026 10:10:44 [---]    (to change preferences, visit a project web site or select Preferences in the Manager)
client-low-power-1  | 17-Sep-2026 10:10:44 [---] Setting up project and slot directories
client-low-power-1  | 17-Sep-2026 10:10:44 [---] Checking active tasks
client-low-power-1  | 17-Sep-2026 10:10:44 [---] Setting up GUI RPC socket
client-low-power-1  | 17-Sep-2026 10:10:44 [---] Checking presence of 0 project files
client-low-power-1  | 17-Sep-2026 10:10:44 [---] This computer is not attached to any projects
client-low-power-1  | 17-Sep-2026 10:10:44 Initialization completed
client-phone-2-1    | 17-Sep-2026 10:10:39 [---]    max memory usage when active: 8929.14 MB
client-phone-2-1    | 17-Sep-2026 10:10:39 [---]    max memory usage when idle: 8929.14 MB
mysql-1             | strongly recommended for production servers.
mysql-1             | 
mysql-1             | See the MariaDB Knowledgebase at http://mariadb.com/kb or the
mysql-1             | MySQL manual for more instructions.
mysql-1             | 
mysql-1             | Please report any problems at http://mariadb.org/jira
client-phone-2-1    | 17-Sep-2026 10:10:39 [---]    max disk usage: 2.00 GB
client-phone-2-1    | 17-Sep-2026 10:10:39 [---]    don't use GPU while active
client-phone-2-1    | 17-Sep-2026 10:10:39 [---]    suspend work if non-BOINC CPU load exceeds 25%
client-phone-2-1    | 17-Sep-2026 10:10:39 [---]    (to change preferences, visit a project web site or select Preferences in the Manager)
client-low-power-1  | dir_open: Could not open directory 'projects/boincserver.local_boincserver' from '/var/lib/boinc-client'.
client-low-power-1  | 17-Sep-2026 10:10:45 [---] No general preferences found - using defaults
client-low-power-1  | 17-Sep-2026 10:10:45 [---] Reading preferences override file
client-low-power-1  | 17-Sep-2026 10:10:45 [---] Preferences:
client-phone-1      | 17-Sep-2026 10:10:39 [---] Reading preferences override file
client-phone-1      | 17-Sep-2026 10:10:39 [---] Preferences:
client-phone-1      | 17-Sep-2026 10:10:39 [---]    max memory usage when active: 8929.14 MB
client-phone-1      | 17-Sep-2026 10:10:39 [---]    max memory usage when idle: 8929.14 MB
mysql-1             | 
mysql-1             | The latest information about MariaDB is available at http://mariadb.org/.
mysql-1             | You can find additional information about the MySQL part at:
mysql-1             | http://dev.mysql.com
mysql-1             | Consider joining MariaDB's strong and vibrant community:
mysql-1             | https://mariadb.org/get-involved/
mysql-1             | 
mysql-1             | Database initialized
mysql-1             | MySQL init process in progress...
client-low-power-1  | 17-Sep-2026 10:10:45 [---]    max memory usage when active: 8929.14 MB
client-low-power-1  | 17-Sep-2026 10:10:45 [---]    max memory usage when idle: 8929.14 MB
client-low-power-1  | 17-Sep-2026 10:10:45 [---]    max disk usage: 2.00 GB
client-low-power-1  | 17-Sep-2026 10:10:45 [---]    don't use GPU while active
client-desktop-1    | dir_open: Could not open directory 'projects/boincserver.local_boincserver' from '/var/lib/boinc-client'.
client-desktop-1    | 17-Sep-2026 10:10:40 [---] No general preferences found - using defaults
client-desktop-1    | 17-Sep-2026 10:10:40 [---] Reading preferences override file
client-desktop-1    | 17-Sep-2026 10:10:40 [---] Preferences:
client-desktop-1    | 17-Sep-2026 10:10:40 [---]    max memory usage when active: 8929.14 MB
client-phone-2-1    | 17-Sep-2026 10:10:39 [---] Setting up project and slot directories
client-phone-2-1    | 17-Sep-2026 10:10:39 [---] Checking active tasks
client-phone-2-1    | 17-Sep-2026 10:10:39 [---] Setting up GUI RPC socket
client-phone-2-1    | dir_open: Could not open directory 'slots' from '/var/lib/boinc-client'.
client-phone-2-1    | 17-Sep-2026 10:10:39 [---] Checking presence of 0 project files
client-phone-2-1    | 17-Sep-2026 10:10:39 [---] This computer is not attached to any projects
client-phone-2-1    | 17-Sep-2026 10:10:39 Initialization completed
client-phone-2-1    | dir_open: Could not open directory 'projects/boincserver.local_boincserver' from '/var/lib/boinc-client'.
client-phone-2-1    | 17-Sep-2026 10:10:40 [---] No general preferences found - using defaults
client-phone-2-1    | 17-Sep-2026 10:10:40 [---] Reading preferences override file
client-phone-2-1    | 17-Sep-2026 10:10:40 [---] Preferences:
client-phone-2-1    | 17-Sep-2026 10:10:40 [---]    max memory usage when active: 8929.14 MB
client-phone-2-1    | 17-Sep-2026 10:10:40 [---]    max memory usage when idle: 8929.14 MB
client-phone-1      | dir_open: Could not open directory 'slots' from '/var/lib/boinc-client'.
client-phone-1      | 17-Sep-2026 10:10:39 [---]    max disk usage: 2.00 GB
mysql-1             | 2026-09-17 10:08:45 0 [Note] mysqld (mysqld 10.3.8-MariaDB-1:10.3.8+maria~bionic) starting as process 104 ...
mysql-1             | 2026-09-17 10:08:45 0 [Note] InnoDB: Using Linux native AIO
mysql-1             | 2026-09-17 10:08:45 0 [Note] InnoDB: Mutexes and rw_locks use GCC atomic builtins
mysql-1             | 2026-09-17 10:08:45 0 [Note] InnoDB: Uses event mutexes
mysql-1             | 2026-09-17 10:08:45 0 [Note] InnoDB: Compressed tables use zlib 1.2.11
mysql-1             | 2026-09-17 10:08:45 0 [Note] InnoDB: Number of pools: 1
mysql-1             | 2026-09-17 10:08:45 0 [Note] InnoDB: Using generic crc32 instructions
mysql-1             | 2026-09-17 10:08:45 0 [Note] InnoDB: Initializing buffer pool, total size = 256M, instances = 1, chunk size = 128M
mysql-1             | 2026-09-17 10:08:45 0 [Note] InnoDB: Completed initialization of buffer pool
mysql-1             | 2026-09-17 10:08:45 0 [Note] InnoDB: If the mysqld execution user is authorized, page cleaner thread priority can be changed. See the man page of setpriority().
mysql-1             | 2026-09-17 10:08:45 0 [Note] InnoDB: 128 out of 128 rollback segments are active.
mysql-1             | 2026-09-17 10:08:45 0 [Note] InnoDB: Creating shared tablespace for temporary tables
mysql-1             | 2026-09-17 10:08:45 0 [Note] InnoDB: Setting file './ibtmp1' size to 12 MB. Physically writing the file full; Please wait ...
apache-1            | 2026-09-17 10:09:00,068 INFO reaped unknown pid 68
apache-1            | 2026-09-17 10:09:11,649 INFO reaped unknown pid 67
apache-1            | 2026-09-17 10:09:11,649 INFO reaped unknown pid 69
apache-1            | 2026-09-17 10:09:11,651 INFO reaped unknown pid 65
apache-1            | 2026-09-17 10:09:19,847 INFO reaped unknown pid 154
apache-1            | 2026-09-17 10:09:19,847 INFO reaped unknown pid 156
apache-1            | 2026-09-17 10:09:19,848 INFO reaped unknown pid 158
apache-1            | 2026-09-17 10:09:19,848 INFO reaped unknown pid 160
apache-1            | 2026-09-17 10:09:19,848 INFO reaped unknown pid 162
client-phone-2-1    | 17-Sep-2026 10:10:40 [---]    max disk usage: 2.00 GB
client-phone-2-1    | 17-Sep-2026 10:10:40 [---]    don't use GPU while active
client-phone-1      | 17-Sep-2026 10:10:39 [---]    don't use GPU while active
client-phone-1      | 17-Sep-2026 10:10:39 [---]    suspend work if non-BOINC CPU load exceeds 25%
client-phone-1      | 17-Sep-2026 10:10:39 [---]    (to change preferences, visit a project web site or select Preferences in the Manager)
client-phone-1      | 17-Sep-2026 10:10:39 [---] Setting up project and slot directories
apache-1            | 2026-09-17 10:10:01,640 INFO reaped unknown pid 203
apache-1            | 2026-09-17 10:10:01,745 INFO reaped unknown pid 205
apache-1            | 2026-09-17 10:10:01,854 INFO reaped unknown pid 207
mysql-1             | 2026-09-17 10:08:45 0 [Note] InnoDB: File './ibtmp1' size is now 12 MB.
mysql-1             | 2026-09-17 10:08:45 0 [Note] InnoDB: 10.3.8 started; log sequence number 1630815; transaction id 21
mysql-1             | 2026-09-17 10:08:45 0 [Note] InnoDB: Loading buffer pool(s) from /var/lib/mysql/ib_buffer_pool
mysql-1             | 2026-09-17 10:08:45 0 [Note] Plugin 'FEEDBACK' is disabled.
client-phone-1      | 17-Sep-2026 10:10:39 [---] Checking active tasks
client-phone-1      | 17-Sep-2026 10:10:39 [---] Setting up GUI RPC socket
client-phone-1      | 17-Sep-2026 10:10:39 [---] Checking presence of 0 project files
client-phone-1      | 17-Sep-2026 10:10:39 [---] This computer is not attached to any projects
client-desktop-1    | 17-Sep-2026 10:10:40 [---]    max memory usage when idle: 8929.14 MB
client-desktop-1    | 17-Sep-2026 10:10:40 [---]    max disk usage: 2.00 GB
client-desktop-1    | 17-Sep-2026 10:10:40 [---]    don't use GPU while active
client-desktop-1    | 17-Sep-2026 10:10:40 [---]    suspend work if non-BOINC CPU load exceeds 25%
client-desktop-1    | 17-Sep-2026 10:10:40 [---]    (to change preferences, visit a project web site or select Preferences in the Manager)
client-low-power-1  | 17-Sep-2026 10:10:45 [---]    suspend work if non-BOINC CPU load exceeds 25%
client-low-power-1  | 17-Sep-2026 10:10:45 [---]    (to change preferences, visit a project web site or select Preferences in the Manager)
client-low-power-1  | 17-Sep-2026 10:10:49 [http://boincserver.local/boincserver/] Fetching scheduler list
client-phone-2-1    | 17-Sep-2026 10:10:40 [---]    suspend work if non-BOINC CPU load exceeds 25%
client-phone-2-1    | 17-Sep-2026 10:10:40 [---]    (to change preferences, visit a project web site or select Preferences in the Manager)
client-phone-2-1    | 17-Sep-2026 10:10:44 [http://boincserver.local/boincserver/] Fetching scheduler list
client-phone-2-1    | 17-Sep-2026 10:10:46 [http://boincserver.local/boincserver/] Master file download succeeded
client-phone-2-1    | 17-Sep-2026 10:10:51 [http://boincserver.local/boincserver/] Sending scheduler request: Project initialization.
client-phone-2-1    | 17-Sep-2026 10:10:51 [http://boincserver.local/boincserver/] Requesting new tasks for CPU
client-low-power-1  | 17-Sep-2026 10:10:51 [http://boincserver.local/boincserver/] Master file download succeeded
client-low-power-1  | 17-Sep-2026 10:10:56 [http://boincserver.local/boincserver/] Sending scheduler request: Project initialization.
client-low-power-1  | 17-Sep-2026 10:10:56 [http://boincserver.local/boincserver/] Requesting new tasks for CPU
client-low-power-1  | 17-Sep-2026 10:11:03 [boincserver] Scheduler request completed: got 1 new tasks
apache-1            | 2026-09-17 10:10:01,956 INFO reaped unknown pid 209
apache-1            | 2026-09-17 10:10:02,062 INFO reaped unknown pid 211
client-phone-2-1    | 17-Sep-2026 10:10:53 [boincserver] Scheduler request completed: got 1 new tasks
client-phone-2-1    | 17-Sep-2026 10:10:53 [boincserver] Project requested delay of 7 seconds
client-phone-2-1    | 17-Sep-2026 10:10:55 [boincserver] Started download of hybrid_synthetic_1.0_aarch64-unknown-linux-gnu
client-phone-2-1    | 17-Sep-2026 10:10:55 [boincserver] Started download of hybrid_synthetic_input.txt
client-phone-2-1    | 17-Sep-2026 10:10:57 [boincserver] Finished download of hybrid_synthetic_1.0_aarch64-unknown-linux-gnu
client-desktop-1    | 17-Sep-2026 10:10:44 [http://boincserver.local/boincserver/] Fetching scheduler list
client-desktop-1    | 17-Sep-2026 10:10:51 [http://boincserver.local/boincserver/] Master file download succeeded
client-desktop-1    | 17-Sep-2026 10:10:56 [http://boincserver.local/boincserver/] Sending scheduler request: Project initialization.
client-desktop-1    | 17-Sep-2026 10:10:56 [http://boincserver.local/boincserver/] Requesting new tasks for CPU
client-desktop-1    | 17-Sep-2026 10:11:03 [boincserver] Scheduler request completed: got 1 new tasks
client-desktop-1    | 17-Sep-2026 10:11:03 [boincserver] Project requested delay of 7 seconds
client-desktop-1    | 17-Sep-2026 10:11:05 [boincserver] Started download of hybrid_synthetic_1.0_aarch64-unknown-linux-gnu
client-phone-1      | 17-Sep-2026 10:10:39 Initialization completed
client-phone-1      | dir_open: Could not open directory 'projects/boincserver.local_boincserver' from '/var/lib/boinc-client'.
client-phone-1      | 17-Sep-2026 10:10:40 [---] No general preferences found - using defaults
mysql-1             | 2026-09-17 10:08:45 0 [Note] InnoDB: Buffer pool(s) load completed at 260917 10:08:45
mysql-1             | 2026-09-17 10:08:45 0 [Warning] 'user' entry 'root@f7647bf58828' ignored in --skip-name-resolve mode.
mysql-1             | 2026-09-17 10:08:45 0 [Warning] 'user' entry '@f7647bf58828' ignored in --skip-name-resolve mode.
mysql-1             | 2026-09-17 10:08:45 0 [Warning] 'proxies_priv' entry '@% root@f7647bf58828' ignored in --skip-name-resolve mode.
mysql-1             | 2026-09-17 10:08:45 0 [Note] Reading of all Master_info entries succeded
mysql-1             | 2026-09-17 10:08:45 0 [Note] Added new Master_info '' to hash table
mysql-1             | 2026-09-17 10:08:45 0 [Note] mysqld: ready for connections.
mysql-1             | Version: '10.3.8-MariaDB-1:10.3.8+maria~bionic'  socket: '/var/run/mysqld/mysqld.sock'  port: 0  mariadb.org binary distribution
mysql-1             | Warning: Unable to load '/usr/share/zoneinfo/leap-seconds.list' as time zone. Skipping it.
client-desktop-1    | 17-Sep-2026 10:11:05 [boincserver] Started download of hybrid_synthetic_input.txt
client-desktop-1    | 17-Sep-2026 10:11:07 [boincserver] Finished download of hybrid_synthetic_1.0_aarch64-unknown-linux-gnu
client-desktop-1    | 17-Sep-2026 10:11:07 [boincserver] Finished download of hybrid_synthetic_input.txt
client-desktop-1    | 17-Sep-2026 10:11:07 [boincserver] Elapsed time limit 50.000000 < 120.000000; setting to 43200.000000
client-low-power-1  | 17-Sep-2026 10:11:03 [boincserver] Project requested delay of 7 seconds
client-low-power-1  | 17-Sep-2026 10:11:05 [boincserver] Started download of hybrid_synthetic_1.0_aarch64-unknown-linux-gnu
client-low-power-1  | 17-Sep-2026 10:11:05 [boincserver] Started download of hybrid_synthetic_input.txt
client-low-power-1  | 17-Sep-2026 10:11:07 [boincserver] Finished download of hybrid_synthetic_1.0_aarch64-unknown-linux-gnu
client-low-power-1  | 17-Sep-2026 10:11:07 [boincserver] Finished download of hybrid_synthetic_input.txt
client-low-power-1  | 17-Sep-2026 10:11:07 [boincserver] Elapsed time limit 50.000000 < 120.000000; setting to 43200.000000
client-desktop-1    | 17-Sep-2026 10:11:07 [boincserver] Starting task exp_20260917T092942Z_weighted_least_loaded_short_5_0
client-desktop-1    | 17-Sep-2026 10:11:13 [boincserver] Sending scheduler request: To fetch work.
client-desktop-1    | 17-Sep-2026 10:11:13 [boincserver] Requesting new tasks for CPU
client-desktop-1    | 17-Sep-2026 10:11:15 [boincserver] Computation for task exp_20260917T092942Z_weighted_least_loaded_short_5_0 finished
mysql-1             | 2026-09-17 10:08:47 10 [Warning] 'proxies_priv' entry '@% root@f7647bf58828' ignored in --skip-name-resolve mode.
mysql-1             | 
mysql-1             | 2026-09-17 10:08:47 0 [Note] mysqld (initiated by: unknown): Normal shutdown
mysql-1             | 2026-09-17 10:08:47 0 [Note] Event Scheduler: Purging the queue. 0 events
mysql-1             | 2026-09-17 10:08:47 0 [Note] InnoDB: FTS optimize thread exiting.
mysql-1             | 2026-09-17 10:08:47 0 [Note] InnoDB: Starting shutdown...
mysql-1             | 2026-09-17 10:08:47 0 [Note] InnoDB: Dumping buffer pool(s) to /var/lib/mysql/ib_buffer_pool
mysql-1             | 2026-09-17 10:08:47 0 [Note] InnoDB: Buffer pool(s) dump completed at 260917 10:08:47
mysql-1             | 2026-09-17 10:08:48 0 [Note] InnoDB: Shutdown completed; log sequence number 1630824; transaction id 24
apache-1            | 2026-09-17 10:10:03,106 INFO reaped unknown pid 202
apache-1            | 2026-09-17 10:10:03,106 INFO reaped unknown pid 204
apache-1            | 2026-09-17 10:10:03,106 INFO reaped unknown pid 206
apache-1            | 2026-09-17 10:10:03,106 INFO reaped unknown pid 208
apache-1            | 2026-09-17 10:10:03,107 INFO reaped unknown pid 210
apache-1            | 2026-09-17 10:10:03,107 INFO reaped unknown pid 212
apache-1            | 2026-09-17 10:10:03,107 INFO reaped unknown pid 213
apache-1            | 2026-09-17 10:10:03,107 INFO reaped unknown pid 219
apache-1            | 2026-09-17 10:10:03,108 INFO reaped unknown pid 224
apache-1            | 2026-09-17 10:10:03,108 INFO reaped unknown pid 226
client-cluster-2-1  | 17-Sep-2026 10:10:39 [---] Reading preferences override file
client-cluster-2-1  | 17-Sep-2026 10:10:39 [---] Preferences:
client-cluster-2-1  | 17-Sep-2026 10:10:39 [---]    max memory usage when active: 8929.14 MB
client-cluster-2-1  | 17-Sep-2026 10:10:39 [---]    max memory usage when idle: 8929.14 MB
client-cluster-2-1  | dir_open: Could not open directory 'slots' from '/var/lib/boinc-client'.
client-cluster-2-1  | 17-Sep-2026 10:10:39 [---]    max disk usage: 2.00 GB
client-cluster-2-1  | 17-Sep-2026 10:10:39 [---]    don't use GPU while active
client-cluster-2-1  | 17-Sep-2026 10:10:39 [---]    suspend work if non-BOINC CPU load exceeds 25%
client-cluster-2-1  | 17-Sep-2026 10:10:39 [---]    (to change preferences, visit a project web site or select Preferences in the Manager)
client-desktop-1    | 17-Sep-2026 10:11:15 [boincserver] Scheduler request completed: got 2 new tasks
client-desktop-1    | 17-Sep-2026 10:11:15 [boincserver] Project requested delay of 7 seconds
client-desktop-1    | 17-Sep-2026 10:11:17 [boincserver] Started upload of exp_20260917T092942Z_weighted_least_loaded_short_5_0_r544793475_0
client-desktop-1    | 17-Sep-2026 10:11:17 [boincserver] Elapsed time limit 50.000000 < 120.000000; setting to 43200.000000
client-low-power-1  | 17-Sep-2026 10:11:07 [boincserver] Starting task exp_20260917T092942Z_weighted_least_loaded_short_6_0
client-low-power-1  | 17-Sep-2026 10:11:13 [boincserver] Sending scheduler request: To fetch work.
client-low-power-1  | 17-Sep-2026 10:11:13 [boincserver] Requesting new tasks for CPU
client-low-power-1  | 17-Sep-2026 10:11:15 [boincserver] Computation for task exp_20260917T092942Z_weighted_least_loaded_short_6_0 finished
client-phone-2-1    | 17-Sep-2026 10:10:57 [boincserver] Finished download of hybrid_synthetic_input.txt
client-phone-2-1    | 17-Sep-2026 10:10:57 [boincserver] Elapsed time limit 50.000000 < 120.000000; setting to 43200.000000
client-phone-2-1    | 17-Sep-2026 10:10:57 [boincserver] Starting task exp_20260917T092942Z_weighted_least_loaded_short_2_0
client-phone-2-1    | 17-Sep-2026 10:11:03 [boincserver] Sending scheduler request: To fetch work.
client-cluster-2-1  | 17-Sep-2026 10:10:39 [---] Setting up project and slot directories
client-cluster-2-1  | 17-Sep-2026 10:10:39 [---] Checking active tasks
client-cluster-2-1  | 17-Sep-2026 10:10:39 [---] Setting up GUI RPC socket
client-cluster-2-1  | 17-Sep-2026 10:10:39 [---] Checking presence of 0 project files
apache-1            | 2026-09-17 10:10:07,400 INFO reaped unknown pid 217
apache-1            | 2026-09-17 10:10:07,619 INFO reaped unknown pid 220
client-phone-2-1    | 17-Sep-2026 10:11:03 [boincserver] Requesting new tasks for CPU
client-phone-2-1    | 17-Sep-2026 10:11:05 [boincserver] Computation for task exp_20260917T092942Z_weighted_least_loaded_short_2_0 finished
client-phone-2-1    | 17-Sep-2026 10:11:07 [boincserver] Started upload of exp_20260917T092942Z_weighted_least_loaded_short_2_0_r1141246396_0
client-phone-2-1    | 17-Sep-2026 10:11:09 [boincserver] Finished upload of exp_20260917T092942Z_weighted_least_loaded_short_2_0_r1141246396_0
client-cluster-2-1  | 17-Sep-2026 10:10:39 [---] This computer is not attached to any projects
client-cluster-2-1  | 17-Sep-2026 10:10:39 Initialization completed
client-cluster-2-1  | dir_open: Could not open directory 'projects/boincserver.local_boincserver' from '/var/lib/boinc-client'.
client-cluster-2-1  | 17-Sep-2026 10:10:40 [---] No general preferences found - using defaults
client-cluster-2-1  | 17-Sep-2026 10:10:40 [---] Reading preferences override file
client-cluster-2-1  | 17-Sep-2026 10:10:40 [---] Preferences:
client-cluster-2-1  | 17-Sep-2026 10:10:40 [---]    max memory usage when active: 8929.14 MB
client-phone-1      | 17-Sep-2026 10:10:40 [---] Reading preferences override file
client-phone-1      | 17-Sep-2026 10:10:40 [---] Preferences:
client-phone-1      | 17-Sep-2026 10:10:40 [---]    max memory usage when active: 8929.14 MB
client-phone-1      | 17-Sep-2026 10:10:40 [---]    max memory usage when idle: 8929.14 MB
client-desktop-1    | 17-Sep-2026 10:11:17 [boincserver] Starting task exp_20260917T092942Z_weighted_least_loaded_short_17_0
client-desktop-1    | 17-Sep-2026 10:11:17 [boincserver] Starting task exp_20260917T092942Z_weighted_least_loaded_medium_1_0
client-desktop-1    | 17-Sep-2026 10:11:19 [boincserver] Finished upload of exp_20260917T092942Z_weighted_least_loaded_short_5_0_r544793475_0
client-desktop-1    | 17-Sep-2026 10:11:25 [boincserver] Computation for task exp_20260917T092942Z_weighted_least_loaded_short_17_0 finished
apache-1            | 2026-09-17 10:10:07,719 INFO reaped unknown pid 222
apache-1            | 2026-09-17 10:10:08,041 INFO reaped unknown pid 228
client-phone-1      | 17-Sep-2026 10:10:40 [---]    max disk usage: 2.00 GB
client-phone-1      | 17-Sep-2026 10:10:40 [---]    don't use GPU while active
client-phone-1      | 17-Sep-2026 10:10:40 [---]    suspend work if non-BOINC CPU load exceeds 25%
client-phone-1      | 17-Sep-2026 10:10:40 [---]    (to change preferences, visit a project web site or select Preferences in the Manager)
client-phone-1      | 17-Sep-2026 10:10:44 [http://boincserver.local/boincserver/] Fetching scheduler list
client-phone-1      | 17-Sep-2026 10:10:46 [http://boincserver.local/boincserver/] Master file download succeeded
apache-1            | 2026-09-17 10:15:01,148 INFO reaped unknown pid 668
apache-1            | 2026-09-17 10:15:01,261 INFO reaped unknown pid 670
apache-1            | 2026-09-17 10:15:01,367 INFO reaped unknown pid 672
apache-1            | 2026-09-17 10:15:01,470 INFO reaped unknown pid 674
apache-1            | 2026-09-17 10:15:01,574 INFO reaped unknown pid 676
apache-1            | 2026-09-17 10:15:01,665 INFO reaped unknown pid 667
client-desktop-1    | 17-Sep-2026 10:11:25 [boincserver] Sending scheduler request: To report completed tasks.
client-desktop-1    | 17-Sep-2026 10:11:25 [boincserver] Reporting 1 completed tasks
client-desktop-1    | 17-Sep-2026 10:11:25 [boincserver] Requesting new tasks for CPU
client-desktop-1    | 17-Sep-2026 10:11:27 [boincserver] Started upload of exp_20260917T092942Z_weighted_least_loaded_short_17_0_r1801430848_0
apache-1            | 2026-09-17 10:15:01,665 INFO reaped unknown pid 669
apache-1            | 2026-09-17 10:15:01,666 INFO reaped unknown pid 671
apache-1            | 2026-09-17 10:15:01,666 INFO reaped unknown pid 673
apache-1            | 2026-09-17 10:15:01,666 INFO reaped unknown pid 675
client-cluster-2-1  | 17-Sep-2026 10:10:40 [---]    max memory usage when idle: 8929.14 MB
client-cluster-2-1  | 17-Sep-2026 10:10:40 [---]    max disk usage: 2.00 GB
client-cluster-2-1  | 17-Sep-2026 10:10:40 [---]    don't use GPU while active
client-cluster-2-1  | 17-Sep-2026 10:10:40 [---]    suspend work if non-BOINC CPU load exceeds 25%
client-cluster-2-1  | 17-Sep-2026 10:10:40 [---]    (to change preferences, visit a project web site or select Preferences in the Manager)
client-cluster-2-1  | 17-Sep-2026 10:10:44 [http://boincserver.local/boincserver/] Fetching scheduler list
client-cluster-2-1  | 17-Sep-2026 10:10:46 [http://boincserver.local/boincserver/] Master file download succeeded
client-cluster-2-1  | 17-Sep-2026 10:10:51 [http://boincserver.local/boincserver/] Sending scheduler request: Project initialization.
client-cluster-2-1  | 17-Sep-2026 10:10:51 [http://boincserver.local/boincserver/] Requesting new tasks for CPU
client-cluster-2-1  | 17-Sep-2026 10:10:57 [boincserver] Scheduler request completed: got 1 new tasks
client-cluster-2-1  | 17-Sep-2026 10:10:57 [boincserver] Project requested delay of 7 seconds
client-desktop-1    | 17-Sep-2026 10:11:27 [boincserver] Scheduler request completed: got 2 new tasks
client-desktop-1    | 17-Sep-2026 10:11:27 [boincserver] Project requested delay of 7 seconds
client-desktop-1    | 17-Sep-2026 10:11:29 [boincserver] Finished upload of exp_20260917T092942Z_weighted_least_loaded_short_17_0_r1801430848_0
client-desktop-1    | 17-Sep-2026 10:11:29 [boincserver] Starting task exp_20260917T092942Z_weighted_least_loaded_long_1_0
mysql-1             | 2026-09-17 10:08:48 0 [Note] InnoDB: Removed temporary tablespace data file: "ibtmp1"
mysql-1             | 2026-09-17 10:08:48 0 [Note] mysqld: Shutdown complete
mysql-1             | 
mysql-1             | 
mysql-1             | MySQL init process done. Ready for start up.
mysql-1             | 
client-phone-1      | 17-Sep-2026 10:10:51 [http://boincserver.local/boincserver/] Sending scheduler request: Project initialization.
client-phone-1      | 17-Sep-2026 10:10:51 [http://boincserver.local/boincserver/] Requesting new tasks for CPU
client-phone-1      | 17-Sep-2026 10:10:53 [boincserver] Scheduler request completed: got 1 new tasks
client-phone-1      | 17-Sep-2026 10:10:53 [boincserver] Project requested delay of 7 seconds
client-phone-1      | 17-Sep-2026 10:10:55 [boincserver] Started download of hybrid_synthetic_1.0_aarch64-unknown-linux-gnu
client-phone-1      | 17-Sep-2026 10:10:55 [boincserver] Started download of hybrid_synthetic_input.txt
client-phone-1      | 17-Sep-2026 10:10:57 [boincserver] Finished download of hybrid_synthetic_1.0_aarch64-unknown-linux-gnu
client-phone-1      | 17-Sep-2026 10:10:57 [boincserver] Finished download of hybrid_synthetic_input.txt
client-cluster-2-1  | 17-Sep-2026 10:10:59 [boincserver] Started download of hybrid_synthetic_1.0_aarch64-unknown-linux-gnu
client-cluster-2-1  | 17-Sep-2026 10:10:59 [boincserver] Started download of hybrid_synthetic_input.txt
client-cluster-2-1  | 17-Sep-2026 10:11:01 [boincserver] Finished download of hybrid_synthetic_1.0_aarch64-unknown-linux-gnu
client-low-power-1  | 17-Sep-2026 10:11:15 [boincserver] Scheduler request completed: got 1 new tasks
client-low-power-1  | 17-Sep-2026 10:11:15 [boincserver] Project requested delay of 7 seconds
client-low-power-1  | 17-Sep-2026 10:11:17 [boincserver] Started upload of exp_20260917T092942Z_weighted_least_loaded_short_6_0_r347628375_0
client-low-power-1  | 17-Sep-2026 10:11:17 [boincserver] Elapsed time limit 50.000000 < 120.000000; setting to 43200.000000
client-phone-2-1    | 17-Sep-2026 10:11:10 [boincserver] Scheduler request completed: got 1 new tasks
client-phone-2-1    | 17-Sep-2026 10:11:10 [boincserver] Project requested delay of 7 seconds
client-phone-2-1    | 17-Sep-2026 10:11:12 [boincserver] Elapsed time limit 50.000000 < 120.000000; setting to 43200.000000
client-phone-2-1    | 17-Sep-2026 10:11:12 [boincserver] Starting task exp_20260917T092942Z_weighted_least_loaded_short_9_0
client-phone-2-1    | 17-Sep-2026 10:11:20 [boincserver] Computation for task exp_20260917T092942Z_weighted_least_loaded_short_9_0 finished
client-low-power-1  | 17-Sep-2026 10:11:17 [boincserver] Starting task exp_20260917T092942Z_weighted_least_loaded_short_18_0
client-low-power-1  | 17-Sep-2026 10:11:19 [boincserver] Finished upload of exp_20260917T092942Z_weighted_least_loaded_short_6_0_r347628375_0
client-low-power-1  | 17-Sep-2026 10:11:25 [boincserver] Computation for task exp_20260917T092942Z_weighted_least_loaded_short_18_0 finished
client-low-power-1  | 17-Sep-2026 10:11:25 [boincserver] Sending scheduler request: To report completed tasks.
client-desktop-1    | 17-Sep-2026 10:11:37 [boincserver] Sending scheduler request: To report completed tasks.
client-desktop-1    | 17-Sep-2026 10:11:37 [boincserver] Reporting 1 completed tasks
client-desktop-1    | 17-Sep-2026 10:11:37 [boincserver] Requesting new tasks for CPU
client-desktop-1    | 17-Sep-2026 10:11:39 [boincserver] Scheduler request completed: got 1 new tasks
client-desktop-1    | 17-Sep-2026 10:11:39 [boincserver] Project requested delay of 7 seconds
client-desktop-1    | 17-Sep-2026 10:12:10 [boincserver] Sending scheduler request: To fetch work.
client-desktop-1    | 17-Sep-2026 10:12:10 [boincserver] Requesting new tasks for CPU
client-desktop-1    | 17-Sep-2026 10:12:12 [boincserver] Computation for task exp_20260917T092942Z_weighted_least_loaded_medium_1_0 finished
client-desktop-1    | 17-Sep-2026 10:12:12 [boincserver] Starting task exp_20260917T092942Z_weighted_least_loaded_medium_12_0
mysql-1             | 2026-09-17 10:08:48 0 [Note] mysqld (mysqld 10.3.8-MariaDB-1:10.3.8+maria~bionic) starting as process 1 ...
mysql-1             | 2026-09-17 10:08:48 0 [Note] InnoDB: Using Linux native AIO
mysql-1             | 2026-09-17 10:08:48 0 [Note] InnoDB: Mutexes and rw_locks use GCC atomic builtins
mysql-1             | 2026-09-17 10:08:48 0 [Note] InnoDB: Uses event mutexes
mysql-1             | 2026-09-17 10:08:48 0 [Note] InnoDB: Compressed tables use zlib 1.2.11
client-desktop-1    | 17-Sep-2026 10:12:14 [boincserver] Started upload of exp_20260917T092942Z_weighted_least_loaded_medium_1_0_r2109024164_0
client-desktop-1    | 17-Sep-2026 10:12:16 [boincserver] Finished upload of exp_20260917T092942Z_weighted_least_loaded_medium_1_0_r2109024164_0
client-desktop-1    | 17-Sep-2026 10:12:16 [boincserver] Scheduler request completed: got 0 new tasks
client-cluster-2-1  | 17-Sep-2026 10:11:01 [boincserver] Finished download of hybrid_synthetic_input.txt
client-cluster-2-1  | 17-Sep-2026 10:11:01 [boincserver] Elapsed time limit 50.000000 < 120.000000; setting to 43200.000000
client-cluster-2-1  | 17-Sep-2026 10:11:01 [boincserver] Starting task exp_20260917T092942Z_weighted_least_loaded_short_4_0
mysql-1             | 2026-09-17 10:08:48 0 [Note] InnoDB: Number of pools: 1
mysql-1             | 2026-09-17 10:08:48 0 [Note] InnoDB: Using generic crc32 instructions
mysql-1             | 2026-09-17 10:08:48 0 [Note] InnoDB: Initializing buffer pool, total size = 256M, instances = 1, chunk size = 128M
mysql-1             | 2026-09-17 10:08:48 0 [Note] InnoDB: Completed initialization of buffer pool
client-cluster-2-1  | 17-Sep-2026 10:11:07 [boincserver] Sending scheduler request: To fetch work.
client-cluster-2-1  | 17-Sep-2026 10:11:07 [boincserver] Requesting new tasks for CPU
client-cluster-2-1  | 17-Sep-2026 10:11:09 [boincserver] Computation for task exp_20260917T092942Z_weighted_least_loaded_short_4_0 finished
client-cluster-2-1  | 17-Sep-2026 10:11:09 [boincserver] Scheduler request completed: got 4 new tasks
client-phone-2-1    | 17-Sep-2026 10:11:20 [boincserver] Sending scheduler request: To report completed tasks.
client-phone-2-1    | 17-Sep-2026 10:11:20 [boincserver] Reporting 1 completed tasks
client-phone-2-1    | 17-Sep-2026 10:11:20 [boincserver] Requesting new tasks for CPU
client-phone-2-1    | 17-Sep-2026 10:11:22 [boincserver] Started upload of exp_20260917T092942Z_weighted_least_loaded_short_9_0_r551748800_0
client-desktop-1    | 17-Sep-2026 10:12:16 [boincserver] Project has no tasks available
client-desktop-1    | 17-Sep-2026 10:12:16 [boincserver] Project requested delay of 7 seconds
mysql-1             | 2026-09-17 10:08:48 0 [Note] InnoDB: If the mysqld execution user is authorized, page cleaner thread priority can be changed. See the man page of setpriority().
mysql-1             | 2026-09-17 10:08:48 0 [Note] InnoDB: 128 out of 128 rollback segments are active.
mysql-1             | 2026-09-17 10:08:48 0 [Note] InnoDB: Creating shared tablespace for temporary tables
mysql-1             | 2026-09-17 10:08:48 0 [Note] InnoDB: Setting file './ibtmp1' size to 12 MB. Physically writing the file full; Please wait ...
client-phone-1      | 17-Sep-2026 10:10:57 [boincserver] Elapsed time limit 50.000000 < 120.000000; setting to 43200.000000
client-phone-1      | 17-Sep-2026 10:10:57 [boincserver] Starting task exp_20260917T092942Z_weighted_least_loaded_short_3_0
client-phone-1      | 17-Sep-2026 10:11:03 [boincserver] Sending scheduler request: To fetch work.
client-phone-1      | 17-Sep-2026 10:11:03 [boincserver] Requesting new tasks for CPU
client-low-power-1  | 17-Sep-2026 10:11:25 [boincserver] Reporting 1 completed tasks
client-low-power-1  | 17-Sep-2026 10:11:25 [boincserver] Requesting new tasks for CPU
client-low-power-1  | 17-Sep-2026 10:11:27 [boincserver] Started upload of exp_20260917T092942Z_weighted_least_loaded_short_18_0_r608408336_0
client-low-power-1  | 17-Sep-2026 10:11:27 [boincserver] Scheduler request completed: got 1 new tasks
client-cluster-2-1  | 17-Sep-2026 10:11:09 [boincserver] Project requested delay of 7 seconds
client-cluster-2-1  | 17-Sep-2026 10:11:11 [boincserver] Started upload of exp_20260917T092942Z_weighted_least_loaded_short_4_0_r1201710354_0
client-cluster-2-1  | 17-Sep-2026 10:11:11 [boincserver] Elapsed time limit 50.000000 < 120.000000; setting to 43200.000000
client-cluster-2-1  | 17-Sep-2026 10:11:11 [boincserver] Elapsed time limit 50.000000 < 120.000000; setting to 43200.000000
client-cluster-2-1  | 17-Sep-2026 10:11:11 [boincserver] Elapsed time limit 50.000000 < 120.000000; setting to 43200.000000
client-phone-2-1    | 17-Sep-2026 10:11:24 [boincserver] Finished upload of exp_20260917T092942Z_weighted_least_loaded_short_9_0_r551748800_0
client-phone-2-1    | 17-Sep-2026 10:11:27 [boincserver] Scheduler request completed: got 1 new tasks
client-phone-2-1    | 17-Sep-2026 10:11:27 [boincserver] Project requested delay of 7 seconds
client-phone-2-1    | 17-Sep-2026 10:11:29 [boincserver] Starting task exp_20260917T092942Z_weighted_least_loaded_medium_8_0
client-cluster-2-1  | 17-Sep-2026 10:11:11 [boincserver] Elapsed time limit 50.000000 < 120.000000; setting to 43200.000000
client-cluster-2-1  | 17-Sep-2026 10:11:11 [boincserver] Starting task exp_20260917T092942Z_weighted_least_loaded_short_16_0
client-cluster-2-1  | 17-Sep-2026 10:11:11 [boincserver] Starting task exp_20260917T092942Z_weighted_least_loaded_short_15_0
client-cluster-2-1  | 17-Sep-2026 10:11:11 [boincserver] Starting task exp_20260917T092942Z_weighted_least_loaded_short_13_0
client-cluster-2-1  | 17-Sep-2026 10:11:11 [boincserver] Starting task exp_20260917T092942Z_weighted_least_loaded_short_14_0
client-cluster-2-1  | 17-Sep-2026 10:11:13 [boincserver] Finished upload of exp_20260917T092942Z_weighted_least_loaded_short_4_0_r1201710354_0
client-cluster-2-1  | 17-Sep-2026 10:11:19 [boincserver] Computation for task exp_20260917T092942Z_weighted_least_loaded_short_16_0 finished
client-phone-1      | 17-Sep-2026 10:11:05 [boincserver] Computation for task exp_20260917T092942Z_weighted_least_loaded_short_3_0 finished
client-phone-1      | 17-Sep-2026 10:11:05 [boincserver] Scheduler request completed: got 1 new tasks
client-phone-1      | 17-Sep-2026 10:11:05 [boincserver] Project requested delay of 7 seconds
client-phone-1      | 17-Sep-2026 10:11:07 [boincserver] Started upload of exp_20260917T092942Z_weighted_least_loaded_short_3_0_r145180874_0
client-phone-1      | 17-Sep-2026 10:11:07 [boincserver] Elapsed time limit 50.000000 < 120.000000; setting to 43200.000000
client-phone-1      | 17-Sep-2026 10:11:07 [boincserver] Starting task exp_20260917T092942Z_weighted_least_loaded_short_8_0
client-phone-1      | 17-Sep-2026 10:11:09 [boincserver] Finished upload of exp_20260917T092942Z_weighted_least_loaded_short_3_0_r145180874_0
client-phone-1      | 17-Sep-2026 10:11:15 [boincserver] Sending scheduler request: To report completed tasks.
client-phone-2-1    | 17-Sep-2026 10:11:37 [boincserver] Sending scheduler request: To report completed tasks.
client-phone-2-1    | 17-Sep-2026 10:11:37 [boincserver] Reporting 1 completed tasks
client-phone-2-1    | 17-Sep-2026 10:11:37 [boincserver] Requesting new tasks for CPU
client-phone-2-1    | 17-Sep-2026 10:11:39 [boincserver] Scheduler request completed: got 1 new tasks
client-phone-2-1    | 17-Sep-2026 10:11:39 [boincserver] Project requested delay of 7 seconds
client-phone-2-1    | 17-Sep-2026 10:11:49 [boincserver] Sending scheduler request: To fetch work.
client-phone-2-1    | 17-Sep-2026 10:11:49 [boincserver] Requesting new tasks for CPU
client-phone-2-1    | 17-Sep-2026 10:11:51 [boincserver] Scheduler request completed: got 0 new tasks
client-phone-2-1    | 17-Sep-2026 10:11:51 [boincserver] Project has no tasks available
client-phone-2-1    | 17-Sep-2026 10:11:51 [boincserver] Project requested delay of 7 seconds
client-phone-2-1    | 17-Sep-2026 10:12:03 [boincserver] Computation for task exp_20260917T092942Z_weighted_least_loaded_medium_8_0 finished
client-desktop-1    | 17-Sep-2026 10:12:26 [boincserver] Sending scheduler request: To report completed tasks.
client-desktop-1    | 17-Sep-2026 10:12:26 [boincserver] Reporting 1 completed tasks
client-desktop-1    | 17-Sep-2026 10:12:26 [boincserver] Requesting new tasks for CPU
client-desktop-1    | 17-Sep-2026 10:12:28 [boincserver] Scheduler request completed: got 0 new tasks
client-desktop-1    | 17-Sep-2026 10:12:28 [boincserver] Project has no tasks available
client-desktop-1    | 17-Sep-2026 10:12:28 [boincserver] Project requested delay of 7 seconds
client-desktop-1    | 17-Sep-2026 10:13:14 [boincserver] Computation for task exp_20260917T092942Z_weighted_least_loaded_medium_12_0 finished
client-desktop-1    | 17-Sep-2026 10:13:14 [boincserver] Starting task exp_20260917T092942Z_weighted_least_loaded_long_4_0
client-phone-1      | 17-Sep-2026 10:11:15 [boincserver] Reporting 1 completed tasks
client-phone-1      | 17-Sep-2026 10:11:15 [boincserver] Requesting new tasks for CPU
client-phone-1      | 17-Sep-2026 10:11:16 [boincserver] Computation for task exp_20260917T092942Z_weighted_least_loaded_short_8_0 finished
client-phone-1      | 17-Sep-2026 10:11:17 [boincserver] Scheduler request completed: got 1 new tasks
client-phone-2-1    | 17-Sep-2026 10:12:03 [boincserver] Starting task exp_20260917T092942Z_weighted_least_loaded_long_5_0
client-phone-2-1    | 17-Sep-2026 10:12:05 [boincserver] Started upload of exp_20260917T092942Z_weighted_least_loaded_medium_8_0_r1873343268_0
client-phone-2-1    | 17-Sep-2026 10:12:07 [boincserver] Finished upload of exp_20260917T092942Z_weighted_least_loaded_medium_8_0_r1873343268_0
client-phone-2-1    | 17-Sep-2026 10:12:40 [boincserver] Sending scheduler request: To report completed tasks.
client-phone-1      | 17-Sep-2026 10:11:17 [boincserver] Project requested delay of 7 seconds
client-phone-1      | 17-Sep-2026 10:11:18 [boincserver] Started upload of exp_20260917T092942Z_weighted_least_loaded_short_8_0_r911097017_0
client-phone-1      | 17-Sep-2026 10:11:19 [boincserver] Starting task exp_20260917T092942Z_weighted_least_loaded_medium_2_0
client-phone-1      | 17-Sep-2026 10:11:20 [boincserver] Finished upload of exp_20260917T092942Z_weighted_least_loaded_short_8_0_r911097017_0
client-phone-1      | 17-Sep-2026 10:11:27 [boincserver] Sending scheduler request: To report completed tasks.
client-phone-1      | 17-Sep-2026 10:11:27 [boincserver] Reporting 1 completed tasks
client-phone-1      | 17-Sep-2026 10:11:27 [boincserver] Requesting new tasks for CPU
client-phone-1      | 17-Sep-2026 10:11:29 [boincserver] Scheduler request completed: got 1 new tasks
client-phone-1      | 17-Sep-2026 10:11:29 [boincserver] Project requested delay of 7 seconds
client-phone-1      | 17-Sep-2026 10:11:39 [boincserver] Sending scheduler request: To fetch work.
client-phone-1      | 17-Sep-2026 10:11:39 [boincserver] Requesting new tasks for CPU
client-desktop-1    | 17-Sep-2026 10:13:16 [boincserver] Started upload of exp_20260917T092942Z_weighted_least_loaded_medium_12_0_r931564870_0
client-desktop-1    | 17-Sep-2026 10:13:18 [boincserver] Finished upload of exp_20260917T092942Z_weighted_least_loaded_medium_12_0_r931564870_0
client-desktop-1    | 17-Sep-2026 10:13:21 [boincserver] Sending scheduler request: To report completed tasks.
client-desktop-1    | 17-Sep-2026 10:13:21 [boincserver] Reporting 1 completed tasks
client-desktop-1    | 17-Sep-2026 10:13:21 [boincserver] Requesting new tasks for CPU
client-phone-1      | 17-Sep-2026 10:11:45 [boincserver] Scheduler request completed: got 0 new tasks
client-phone-1      | 17-Sep-2026 10:11:45 [boincserver] Project has no tasks available
client-phone-1      | 17-Sep-2026 10:11:45 [boincserver] Project requested delay of 7 seconds
client-phone-1      | 17-Sep-2026 10:11:53 [boincserver] Computation for task exp_20260917T092942Z_weighted_least_loaded_medium_2_0 finished
client-phone-1      | 17-Sep-2026 10:11:53 [boincserver] Starting task exp_20260917T092942Z_weighted_least_loaded_long_3_0
client-phone-1      | 17-Sep-2026 10:11:55 [boincserver] Started upload of exp_20260917T092942Z_weighted_least_loaded_medium_2_0_r2030652071_0
client-phone-1      | 17-Sep-2026 10:11:57 [boincserver] Finished upload of exp_20260917T092942Z_weighted_least_loaded_medium_2_0_r2030652071_0
client-phone-1      | 17-Sep-2026 10:12:30 [boincserver] Sending scheduler request: To report completed tasks.
client-phone-2-1    | 17-Sep-2026 10:12:40 [boincserver] Reporting 1 completed tasks
client-phone-2-1    | 17-Sep-2026 10:12:40 [boincserver] Requesting new tasks for CPU
client-phone-2-1    | 17-Sep-2026 10:12:47 [boincserver] Scheduler request completed: got 0 new tasks
client-phone-2-1    | 17-Sep-2026 10:12:47 [boincserver] Project has no tasks available
client-phone-2-1    | 17-Sep-2026 10:12:47 [boincserver] Project requested delay of 7 seconds
client-phone-1      | 17-Sep-2026 10:12:30 [boincserver] Reporting 1 completed tasks
client-phone-1      | 17-Sep-2026 10:12:30 [boincserver] Requesting new tasks for CPU
client-phone-1      | 17-Sep-2026 10:12:32 [boincserver] Scheduler request completed: got 0 new tasks
client-phone-1      | 17-Sep-2026 10:12:32 [boincserver] Project has no tasks available
client-cluster-2-1  | 17-Sep-2026 10:11:19 [boincserver] Sending scheduler request: To report completed tasks.
client-cluster-2-1  | 17-Sep-2026 10:11:19 [boincserver] Reporting 1 completed tasks
client-cluster-2-1  | 17-Sep-2026 10:11:19 [boincserver] Requesting new tasks for CPU
client-cluster-2-1  | 17-Sep-2026 10:11:20 [boincserver] Computation for task exp_20260917T092942Z_weighted_least_loaded_short_15_0 finished
client-cluster-2-1  | 17-Sep-2026 10:11:21 [boincserver] Started upload of exp_20260917T092942Z_weighted_least_loaded_short_16_0_r1633676882_0
client-cluster-2-1  | 17-Sep-2026 10:11:21 [boincserver] Computation for task exp_20260917T092942Z_weighted_least_loaded_short_13_0 finished
client-phone-2-1    | 17-Sep-2026 10:12:57 [boincserver] Sending scheduler request: To fetch work.
client-phone-2-1    | 17-Sep-2026 10:12:57 [boincserver] Requesting new tasks for CPU
client-phone-2-1    | 17-Sep-2026 10:12:59 [boincserver] Scheduler request completed: got 0 new tasks
client-phone-2-1    | 17-Sep-2026 10:12:59 [boincserver] Project has no tasks available
client-phone-2-1    | 17-Sep-2026 10:12:59 [boincserver] Project requested delay of 7 seconds
client-cluster-2-1  | 17-Sep-2026 10:11:21 [boincserver] Scheduler request completed: got 4 new tasks
client-cluster-2-1  | 17-Sep-2026 10:11:21 [boincserver] Project requested delay of 7 seconds
client-low-power-1  | 17-Sep-2026 10:11:27 [boincserver] Project requested delay of 7 seconds
client-low-power-1  | 17-Sep-2026 10:11:29 [boincserver] Finished upload of exp_20260917T092942Z_weighted_least_loaded_short_18_0_r608408336_0
client-low-power-1  | 17-Sep-2026 10:11:29 [boincserver] Starting task exp_20260917T092942Z_weighted_least_loaded_long_2_0
client-phone-1      | 17-Sep-2026 10:12:32 [boincserver] Project requested delay of 7 seconds
client-phone-1      | 17-Sep-2026 10:12:42 [boincserver] Sending scheduler request: To fetch work.
client-cluster-2-1  | 17-Sep-2026 10:11:22 [boincserver] Started upload of exp_20260917T092942Z_weighted_least_loaded_short_15_0_r1983319633_0
client-cluster-2-1  | 17-Sep-2026 10:11:22 [boincserver] Computation for task exp_20260917T092942Z_weighted_least_loaded_short_14_0 finished
client-low-power-1  | 17-Sep-2026 10:11:37 [boincserver] Sending scheduler request: To report completed tasks.
client-low-power-1  | 17-Sep-2026 10:11:37 [boincserver] Reporting 1 completed tasks
client-low-power-1  | 17-Sep-2026 10:11:37 [boincserver] Requesting new tasks for CPU
client-low-power-1  | 17-Sep-2026 10:11:39 [boincserver] Scheduler request completed: got 1 new tasks
mysql-1             | 2026-09-17 10:08:48 0 [Note] InnoDB: File './ibtmp1' size is now 12 MB.
mysql-1             | 2026-09-17 10:08:48 0 [Note] InnoDB: Waiting for purge to start
mysql-1             | 2026-09-17 10:08:48 0 [Note] InnoDB: 10.3.8 started; log sequence number 1630824; transaction id 21
mysql-1             | 2026-09-17 10:08:48 0 [Note] InnoDB: Loading buffer pool(s) from /var/lib/mysql/ib_buffer_pool
client-phone-1      | 17-Sep-2026 10:12:42 [boincserver] Requesting new tasks for CPU
client-phone-1      | 17-Sep-2026 10:12:49 [boincserver] Scheduler request completed: got 0 new tasks
client-cluster-2-1  | 17-Sep-2026 10:11:23 [boincserver] Finished upload of exp_20260917T092942Z_weighted_least_loaded_short_16_0_r1633676882_0
client-cluster-2-1  | 17-Sep-2026 10:11:23 [boincserver] Finished upload of exp_20260917T092942Z_weighted_least_loaded_short_15_0_r1983319633_0
client-cluster-2-1  | 17-Sep-2026 10:11:23 [boincserver] Started upload of exp_20260917T092942Z_weighted_least_loaded_short_13_0_r327360557_0
client-cluster-2-1  | 17-Sep-2026 10:11:23 [boincserver] Starting task exp_20260917T092942Z_weighted_least_loaded_medium_5_0
client-phone-2-1    | 17-Sep-2026 10:14:06 [boincserver] Computation for task exp_20260917T092942Z_weighted_least_loaded_long_5_0 finished
client-phone-2-1    | 17-Sep-2026 10:14:08 [boincserver] Started upload of exp_20260917T092942Z_weighted_least_loaded_long_5_0_r664409861_0
client-phone-2-1    | 17-Sep-2026 10:14:10 [boincserver] Finished upload of exp_20260917T092942Z_weighted_least_loaded_long_5_0_r664409861_0
client-phone-2-1    | 17-Sep-2026 10:14:41 [boincserver] Sending scheduler request: To report completed tasks.
client-phone-2-1    | 17-Sep-2026 10:14:41 [boincserver] Reporting 1 completed tasks
client-phone-1      | 17-Sep-2026 10:12:49 [boincserver] Project has no tasks available
client-phone-1      | 17-Sep-2026 10:12:49 [boincserver] Project requested delay of 7 seconds
client-phone-1      | 17-Sep-2026 10:13:57 [boincserver] Computation for task exp_20260917T092942Z_weighted_least_loaded_long_3_0 finished
client-phone-1      | 17-Sep-2026 10:13:59 [boincserver] Started upload of exp_20260917T092942Z_weighted_least_loaded_long_3_0_r1162728718_0
client-phone-1      | 17-Sep-2026 10:14:31 [boincserver] Finished upload of exp_20260917T092942Z_weighted_least_loaded_long_3_0_r1162728718_0
client-phone-1      | 17-Sep-2026 10:14:31 [boincserver] Sending scheduler request: To report completed tasks.
client-phone-1      | 17-Sep-2026 10:14:31 [boincserver] Reporting 1 completed tasks
client-phone-1      | 17-Sep-2026 10:14:31 [boincserver] Requesting new tasks for CPU
client-desktop-1    | 17-Sep-2026 10:13:23 [boincserver] Scheduler request completed: got 0 new tasks
client-desktop-1    | 17-Sep-2026 10:13:23 [boincserver] Project has no tasks available
client-desktop-1    | 17-Sep-2026 10:13:23 [boincserver] Project requested delay of 7 seconds
client-desktop-1    | 17-Sep-2026 10:13:33 [boincserver] Computation for task exp_20260917T092942Z_weighted_least_loaded_long_1_0 finished
client-desktop-1    | 17-Sep-2026 10:13:33 [boincserver] Sending scheduler request: To fetch work.
client-desktop-1    | 17-Sep-2026 10:13:33 [boincserver] Requesting new tasks for CPU
client-desktop-1    | 17-Sep-2026 10:13:35 [boincserver] Started upload of exp_20260917T092942Z_weighted_least_loaded_long_1_0_r1560744503_0
client-desktop-1    | 17-Sep-2026 10:13:37 [boincserver] Finished upload of exp_20260917T092942Z_weighted_least_loaded_long_1_0_r1560744503_0
mysql-1             | 2026-09-17 10:08:48 0 [Note] Plugin 'FEEDBACK' is disabled.
mysql-1             | 2026-09-17 10:08:48 0 [Note] InnoDB: Buffer pool(s) load completed at 260917 10:08:48
mysql-1             | 2026-09-17 10:08:48 0 [Note] Server socket created on IP: '::'.
mysql-1             | 2026-09-17 10:08:48 0 [Warning] 'proxies_priv' entry '@% root@f7647bf58828' ignored in --skip-name-resolve mode.
client-phone-1      | 17-Sep-2026 10:14:33 [boincserver] Scheduler request completed: got 0 new tasks
client-phone-1      | 17-Sep-2026 10:14:33 [boincserver] Project has no tasks available
client-phone-1      | 17-Sep-2026 10:14:33 [boincserver] Project requested delay of 7 seconds
client-phone-1      | 17-Sep-2026 10:14:43 [boincserver] Sending scheduler request: To fetch work.
client-desktop-1    | 17-Sep-2026 10:13:39 [boincserver] Scheduler request completed: got 0 new tasks
client-desktop-1    | 17-Sep-2026 10:13:39 [boincserver] Project has no tasks available
client-desktop-1    | 17-Sep-2026 10:13:39 [boincserver] Project requested delay of 7 seconds
client-desktop-1    | 17-Sep-2026 10:14:11 [boincserver] Sending scheduler request: To report completed tasks.
mysql-1             | 2026-09-17 10:08:48 0 [Note] Reading of all Master_info entries succeded
mysql-1             | 2026-09-17 10:08:48 0 [Note] Added new Master_info '' to hash table
mysql-1             | 2026-09-17 10:08:48 0 [Note] mysqld: ready for connections.
client-phone-2-1    | 17-Sep-2026 10:14:41 [boincserver] Requesting new tasks for CPU
client-phone-2-1    | 17-Sep-2026 10:14:43 [boincserver] Scheduler request completed: got 0 new tasks
client-phone-2-1    | 17-Sep-2026 10:14:43 [boincserver] Project has no tasks available
client-phone-2-1    | 17-Sep-2026 10:14:43 [boincserver] Project requested delay of 7 seconds
mysql-1             | Version: '10.3.8-MariaDB-1:10.3.8+maria~bionic'  socket: '/var/run/mysqld/mysqld.sock'  port: 3306  mariadb.org binary distribution
mysql-1             | 2026-09-17 10:08:48 8 [Warning] Access denied for user 'boincadm'@'172.21.0.2' (using password: NO)
mysql-1             | 2026-09-17 10:09:11 17 [Warning] Aborted connection 17 to db: 'boincserver' user: 'root' host: '172.21.0.4' (Got an error reading communication packets)
mysql-1             | 2026-09-17 10:09:11 15 [Warning] Aborted connection 15 to db: 'boincserver' user: 'root' host: '172.21.0.4' (Got an error reading communication packets)
mysql-1             | 2026-09-17 10:09:11 16 [Warning] Aborted connection 16 to db: 'boincserver' user: 'root' host: '172.21.0.4' (Got an error reading communication packets)
mysql-1             | 2026-09-17 10:10:02 44 [Warning] Aborted connection 44 to db: 'boincserver' user: 'root' host: '172.21.0.4' (Got an error reading communication packets)
mysql-1             | 2026-09-17 10:10:02 46 [Warning] Aborted connection 46 to db: 'boincserver' user: 'root' host: '172.21.0.4' (Got an error reading communication packets)
client-desktop-1    | 17-Sep-2026 10:14:11 [boincserver] Reporting 1 completed tasks
client-desktop-1    | 17-Sep-2026 10:14:11 [boincserver] Requesting new tasks for CPU
client-desktop-1    | 17-Sep-2026 10:14:13 [boincserver] Scheduler request completed: got 0 new tasks
client-desktop-1    | 17-Sep-2026 10:14:13 [boincserver] Project has no tasks available
client-desktop-1    | 17-Sep-2026 10:14:13 [boincserver] Project requested delay of 7 seconds
client-desktop-1    | 17-Sep-2026 10:15:17 [boincserver] Computation for task exp_20260917T092942Z_weighted_least_loaded_long_4_0 finished
client-phone-1      | 17-Sep-2026 10:14:43 [boincserver] Requesting new tasks for CPU
client-phone-1      | 17-Sep-2026 10:14:45 [boincserver] Scheduler request completed: got 0 new tasks
client-phone-1      | 17-Sep-2026 10:14:45 [boincserver] Project has no tasks available
client-phone-1      | 17-Sep-2026 10:14:45 [boincserver] Project requested delay of 7 seconds
client-desktop-1    | 17-Sep-2026 10:15:19 [boincserver] Started upload of exp_20260917T092942Z_weighted_least_loaded_long_4_0_r1450557461_0
client-desktop-1    | 17-Sep-2026 10:15:21 [boincserver] Finished upload of exp_20260917T092942Z_weighted_least_loaded_long_4_0_r1450557461_0
client-desktop-1    | 17-Sep-2026 10:15:22 [boincserver] Sending scheduler request: To report completed tasks.
client-desktop-1    | 17-Sep-2026 10:15:22 [boincserver] Reporting 1 completed tasks
client-desktop-1    | 17-Sep-2026 10:15:22 [boincserver] Requesting new tasks for CPU
client-desktop-1    | 17-Sep-2026 10:15:29 [boincserver] Scheduler request completed: got 0 new tasks
client-desktop-1    | 17-Sep-2026 10:15:29 [boincserver] Project has no tasks available
client-desktop-1    | 17-Sep-2026 10:15:29 [boincserver] Project requested delay of 7 seconds
client-low-power-1  | 17-Sep-2026 10:11:39 [boincserver] Project requested delay of 7 seconds
client-low-power-1  | 17-Sep-2026 10:11:49 [boincserver] Sending scheduler request: To fetch work.
client-low-power-1  | 17-Sep-2026 10:11:49 [boincserver] Requesting new tasks for CPU
client-low-power-1  | 17-Sep-2026 10:12:21 [boincserver] Scheduler request completed: got 0 new tasks
client-low-power-1  | 17-Sep-2026 10:12:21 [boincserver] Project has no tasks available
client-low-power-1  | 17-Sep-2026 10:12:21 [boincserver] Project requested delay of 7 seconds
client-low-power-1  | 17-Sep-2026 10:13:32 [boincserver] Computation for task exp_20260917T092942Z_weighted_least_loaded_long_2_0 finished
client-low-power-1  | 17-Sep-2026 10:13:32 [boincserver] Starting task exp_20260917T092942Z_weighted_least_loaded_long_6_0
client-low-power-1  | 17-Sep-2026 10:13:34 [boincserver] Started upload of exp_20260917T092942Z_weighted_least_loaded_long_2_0_r258373854_0
client-low-power-1  | 17-Sep-2026 10:13:36 [boincserver] Finished upload of exp_20260917T092942Z_weighted_least_loaded_long_2_0_r258373854_0
client-cluster-2-1  | 17-Sep-2026 10:11:23 [boincserver] Starting task exp_20260917T092942Z_weighted_least_loaded_medium_4_0
client-cluster-2-1  | 17-Sep-2026 10:11:23 [boincserver] Starting task exp_20260917T092942Z_weighted_least_loaded_medium_7_0
client-low-power-1  | 17-Sep-2026 10:13:36 [boincserver] Sending scheduler request: To report completed tasks.
client-low-power-1  | 17-Sep-2026 10:13:36 [boincserver] Reporting 1 completed tasks
client-phone-2-1    | 17-Sep-2026 10:14:53 [boincserver] Sending scheduler request: To fetch work.
client-phone-2-1    | 17-Sep-2026 10:14:53 [boincserver] Requesting new tasks for CPU
client-desktop-1    | 17-Sep-2026 10:15:39 [boincserver] Sending scheduler request: To fetch work.
client-desktop-1    | 17-Sep-2026 10:15:39 [boincserver] Requesting new tasks for CPU
client-cluster-2-1  | 17-Sep-2026 10:11:23 [boincserver] Starting task exp_20260917T092942Z_weighted_least_loaded_medium_6_0
client-cluster-2-1  | 17-Sep-2026 10:11:24 [boincserver] Started upload of exp_20260917T092942Z_weighted_least_loaded_short_14_0_r134090448_0
client-cluster-2-1  | 17-Sep-2026 10:11:25 [boincserver] Finished upload of exp_20260917T092942Z_weighted_least_loaded_short_13_0_r327360557_0
client-cluster-2-1  | 17-Sep-2026 10:11:25 [boincserver] Finished upload of exp_20260917T092942Z_weighted_least_loaded_short_14_0_r134090448_0
client-phone-2-1    | 17-Sep-2026 10:14:55 [boincserver] Scheduler request completed: got 0 new tasks
client-phone-2-1    | 17-Sep-2026 10:14:55 [boincserver] Project has no tasks available
client-phone-2-1    | 17-Sep-2026 10:14:55 [boincserver] Project requested delay of 7 seconds
client-desktop-1    | 17-Sep-2026 10:15:41 [boincserver] Scheduler request completed: got 0 new tasks
client-desktop-1    | 17-Sep-2026 10:15:41 [boincserver] Project has no tasks available
client-desktop-1    | 17-Sep-2026 10:15:41 [boincserver] Project requested delay of 7 seconds
client-low-power-1  | 17-Sep-2026 10:13:36 [boincserver] Requesting new tasks for CPU
client-low-power-1  | 17-Sep-2026 10:13:38 [boincserver] Scheduler request completed: got 0 new tasks
client-cluster-2-1  | 17-Sep-2026 10:12:00 [boincserver] Sending scheduler request: To report completed tasks.
client-cluster-2-1  | 17-Sep-2026 10:12:00 [boincserver] Reporting 4 completed tasks
client-cluster-2-1  | 17-Sep-2026 10:12:00 [boincserver] Requesting new tasks for CPU
client-cluster-2-1  | 17-Sep-2026 10:12:03 [boincserver] Computation for task exp_20260917T092942Z_weighted_least_loaded_medium_5_0 finished
client-cluster-2-1  | 17-Sep-2026 10:12:04 [boincserver] Computation for task exp_20260917T092942Z_weighted_least_loaded_medium_4_0 finished
client-cluster-2-1  | 17-Sep-2026 10:12:05 [boincserver] Started upload of exp_20260917T092942Z_weighted_least_loaded_medium_5_0_r357892430_0
client-cluster-2-1  | 17-Sep-2026 10:12:05 [boincserver] Computation for task exp_20260917T092942Z_weighted_least_loaded_medium_7_0 finished
client-cluster-2-1  | 17-Sep-2026 10:12:06 [boincserver] Started upload of exp_20260917T092942Z_weighted_least_loaded_medium_4_0_r1725353405_0
client-cluster-2-1  | 17-Sep-2026 10:12:06 [boincserver] Computation for task exp_20260917T092942Z_weighted_least_loaded_medium_6_0 finished
client-cluster-2-1  | 17-Sep-2026 10:12:07 [boincserver] Finished upload of exp_20260917T092942Z_weighted_least_loaded_medium_5_0_r357892430_0
client-low-power-1  | 17-Sep-2026 10:13:38 [boincserver] Project has no tasks available
client-low-power-1  | 17-Sep-2026 10:13:38 [boincserver] Project requested delay of 7 seconds
client-low-power-1  | 17-Sep-2026 10:13:48 [boincserver] Sending scheduler request: To fetch work.
client-low-power-1  | 17-Sep-2026 10:13:48 [boincserver] Requesting new tasks for CPU
client-low-power-1  | 17-Sep-2026 10:14:21 [boincserver] Scheduler request completed: got 0 new tasks
client-low-power-1  | 17-Sep-2026 10:14:21 [boincserver] Project has no tasks available
client-low-power-1  | 17-Sep-2026 10:14:21 [boincserver] Project requested delay of 7 seconds
client-cluster-2-1  | 17-Sep-2026 10:12:07 [boincserver] Finished upload of exp_20260917T092942Z_weighted_least_loaded_medium_4_0_r1725353405_0
client-cluster-2-1  | 17-Sep-2026 10:12:07 [boincserver] Started upload of exp_20260917T092942Z_weighted_least_loaded_medium_7_0_r1670516579_0
client-cluster-2-1  | 17-Sep-2026 10:12:07 [boincserver] Scheduler request completed: got 0 new tasks
client-cluster-2-1  | 17-Sep-2026 10:12:07 [boincserver] Project has no tasks available
client-low-power-1  | 17-Sep-2026 10:15:34 [boincserver] Computation for task exp_20260917T092942Z_weighted_least_loaded_long_6_0 finished
client-low-power-1  | 17-Sep-2026 10:15:36 [boincserver] Started upload of exp_20260917T092942Z_weighted_least_loaded_long_6_0_r123730107_0
client-low-power-1  | 17-Sep-2026 10:15:38 [boincserver] Finished upload of exp_20260917T092942Z_weighted_least_loaded_long_6_0_r123730107_0
client-low-power-1  | 17-Sep-2026 10:15:42 [boincserver] Sending scheduler request: To report completed tasks.
client-cluster-2-1  | 17-Sep-2026 10:12:07 [boincserver] Project requested delay of 7 seconds
client-cluster-2-1  | 17-Sep-2026 10:12:08 [boincserver] Started upload of exp_20260917T092942Z_weighted_least_loaded_medium_6_0_r398398798_0
client-cluster-2-1  | 17-Sep-2026 10:12:09 [boincserver] Finished upload of exp_20260917T092942Z_weighted_least_loaded_medium_7_0_r1670516579_0
client-cluster-2-1  | 17-Sep-2026 10:12:09 [boincserver] Finished upload of exp_20260917T092942Z_weighted_least_loaded_medium_6_0_r398398798_0
client-cluster-2-1  | 17-Sep-2026 10:12:17 [boincserver] Sending scheduler request: To report completed tasks.
client-cluster-2-1  | 17-Sep-2026 10:12:17 [boincserver] Reporting 4 completed tasks
client-cluster-2-1  | 17-Sep-2026 10:12:17 [boincserver] Requesting new tasks for CPU
client-cluster-2-1  | 17-Sep-2026 10:12:19 [boincserver] Scheduler request completed: got 0 new tasks
client-low-power-1  | 17-Sep-2026 10:15:42 [boincserver] Reporting 1 completed tasks
client-low-power-1  | 17-Sep-2026 10:15:42 [boincserver] Requesting new tasks for CPU
client-low-power-1  | 17-Sep-2026 10:15:44 [boincserver] Scheduler request completed: got 0 new tasks
client-low-power-1  | 17-Sep-2026 10:15:44 [boincserver] Project has no tasks available
client-low-power-1  | 17-Sep-2026 10:15:44 [boincserver] Project requested delay of 7 seconds
client-cluster-2-1  | 17-Sep-2026 10:12:19 [boincserver] Project has no tasks available
client-cluster-2-1  | 17-Sep-2026 10:12:19 [boincserver] Project requested delay of 7 seconds
client-cluster-2-1  | 17-Sep-2026 10:12:29 [boincserver] Sending scheduler request: To fetch work.
client-cluster-2-1  | 17-Sep-2026 10:12:29 [boincserver] Requesting new tasks for CPU
client-cluster-2-1  | 17-Sep-2026 10:13:06 [boincserver] Scheduler request completed: got 0 new tasks
client-cluster-2-1  | 17-Sep-2026 10:13:06 [boincserver] Project has no tasks available
client-cluster-2-1  | 17-Sep-2026 10:13:06 [boincserver] Project requested delay of 7 seconds
