apache-1            | /usr/lib/python2.7/dist-packages/supervisor/options.py:461: UserWarning: Supervisord is running as root and it is searching for its configuration file in default locations (including its current working directory); you probably want to specify a "-c" argument specifying an absolute path to a configuration file for improved security.
apache-1            |   'Supervisord is running as root and it is searching '
apache-1            | 2026-09-17 10:42:30,065 CRIT Supervisor is running as root.  Privileges were not dropped because no user is specified in the config file.  If you intend to run as root, you can set user=root in the config file to avoid this message.
apache-1            | 2026-09-17 10:42:30,065 INFO Included extra file "/etc/supervisor/conf.d/supervisord.conf" during parsing
client-cluster-2-1  | 17-Sep-2026 10:44:00 [---] Starting BOINC client version 7.20.5 for aarch64-unknown-linux-gnu
client-cluster-2-1  | 17-Sep-2026 10:44:00 [---] This a development version of BOINC and may not function properly
client-cluster-2-1  | 17-Sep-2026 10:44:00 [---] log flags: file_xfer, sched_ops, task
client-cluster-2-1  | 17-Sep-2026 10:44:00 [---] Libraries: libcurl/7.88.1 OpenSSL/3.0.20 zlib/1.2.13 brotli/1.0.9 zstd/1.5.4 libidn2/2.3.3 libpsl/0.21.2 (+libidn2/2.3.3) libssh2/1.10.0 nghttp2/1.52.0 librtmp/2.3 OpenLDAP/2.5.13
client-phone-2-1    | 17-Sep-2026 10:44:05 [---] Starting BOINC client version 7.20.5 for aarch64-unknown-linux-gnu
client-phone-2-1    | 17-Sep-2026 10:44:05 [---] This a development version of BOINC and may not function properly
client-phone-2-1    | 17-Sep-2026 10:44:05 [---] log flags: file_xfer, sched_ops, task
apache-1            | 2026-09-17 10:42:30,068 INFO RPC interface 'supervisor' initialized
apache-1            | 2026-09-17 10:42:30,068 CRIT Server 'unix_http_server' running without any HTTP authentication checking
apache-1            | 2026-09-17 10:42:30,068 INFO supervisord started with pid 1
apache-1            | 2026-09-17 10:42:31,076 INFO spawned: 'cron' with pid 9
apache-1            | 2026-09-17 10:42:31,078 INFO spawned: 'start' with pid 10
apache-1            | 2026-09-17 10:42:31,080 INFO spawned: 'rsyslogd' with pid 11
apache-1            | 2026-09-17 10:42:31,085 INFO spawned: 'apache2' with pid 13
apache-1            | 2026-09-17 10:42:33,054 INFO success: cron entered RUNNING state, process has stayed up for > than 1 seconds (startsecs)
client-cluster-1    | 17-Sep-2026 10:44:00 [---] Starting BOINC client version 7.20.5 for aarch64-unknown-linux-gnu
client-cluster-1    | 17-Sep-2026 10:44:00 [---] This a development version of BOINC and may not function properly
client-low-power-1  | 17-Sep-2026 10:44:00 [---] Starting BOINC client version 7.20.5 for aarch64-unknown-linux-gnu
client-low-power-1  | 17-Sep-2026 10:44:00 [---] This a development version of BOINC and may not function properly
client-low-power-1  | 17-Sep-2026 10:44:00 [---] log flags: file_xfer, sched_ops, task
client-low-power-1  | 17-Sep-2026 10:44:00 [---] Libraries: libcurl/7.88.1 OpenSSL/3.0.20 zlib/1.2.13 brotli/1.0.9 zstd/1.5.4 libidn2/2.3.3 libpsl/0.21.2 (+libidn2/2.3.3) libssh2/1.10.0 nghttp2/1.52.0 librtmp/2.3 OpenLDAP/2.5.13
client-low-power-1  | 17-Sep-2026 10:44:00 [---] Data directory: /var/lib/boinc-client
client-phone-1      | 17-Sep-2026 10:44:05 [---] Starting BOINC client version 7.20.5 for aarch64-unknown-linux-gnu
client-phone-1      | 17-Sep-2026 10:44:05 [---] This a development version of BOINC and may not function properly
makeproject-1       | Updating project files in data volume...
makeproject-1       | Waiting for MySQL server to start...
makeproject-1       | Creating database...
makeproject-1       | added platform: (create_time, name, user_friendly_name) values (1789641760, 'windows_intelx86', 'Microsoft Windows (98 or later) running on an Intel x86-compatible CPU')
client-desktop-1    | 17-Sep-2026 10:44:00 [---] Starting BOINC client version 7.20.5 for aarch64-unknown-linux-gnu
client-desktop-1    | 17-Sep-2026 10:44:00 [---] This a development version of BOINC and may not function properly
client-desktop-1    | 17-Sep-2026 10:44:00 [---] log flags: file_xfer, sched_ops, task
mysql-1             | Initializing database
mysql-1             | 
client-cluster-1    | 17-Sep-2026 10:44:00 [---] log flags: file_xfer, sched_ops, task
client-cluster-1    | 17-Sep-2026 10:44:00 [---] Libraries: libcurl/7.88.1 OpenSSL/3.0.20 zlib/1.2.13 brotli/1.0.9 zstd/1.5.4 libidn2/2.3.3 libpsl/0.21.2 (+libidn2/2.3.3) libssh2/1.10.0 nghttp2/1.52.0 librtmp/2.3 OpenLDAP/2.5.13
client-cluster-1    | 17-Sep-2026 10:44:00 [---] Data directory: /var/lib/boinc-client
client-cluster-1    | 17-Sep-2026 10:44:00 [---] No usable GPUs found
client-cluster-1    | 17-Sep-2026 10:44:00 [---] Creating new client state file
client-cluster-1    | 17-Sep-2026 10:44:00 [---] libc:  version 2.36
client-cluster-1    | 17-Sep-2026 10:44:00 [---] Host name: cluster-01
client-phone-1      | 17-Sep-2026 10:44:05 [---] log flags: file_xfer, sched_ops, task
client-phone-1      | 17-Sep-2026 10:44:05 [---] Libraries: libcurl/7.88.1 OpenSSL/3.0.20 zlib/1.2.13 brotli/1.0.9 zstd/1.5.4 libidn2/2.3.3 libpsl/0.21.2 (+libidn2/2.3.3) libssh2/1.10.0 nghttp2/1.52.0 librtmp/2.3 OpenLDAP/2.5.13
client-phone-1      | 17-Sep-2026 10:44:05 [---] Data directory: /var/lib/boinc-client
client-phone-1      | 17-Sep-2026 10:44:05 [---] No usable GPUs found
client-phone-1      | 17-Sep-2026 10:44:05 [---] Creating new client state file
apache-1            | 2026-09-17 10:42:33,054 INFO success: start entered RUNNING state, process has stayed up for > than 1 seconds (startsecs)
apache-1            | 2026-09-17 10:42:33,054 INFO success: rsyslogd entered RUNNING state, process has stayed up for > than 1 seconds (startsecs)
apache-1            | 2026-09-17 10:42:33,054 INFO success: apache2 entered RUNNING state, process has stayed up for > than 1 seconds (startsecs)
apache-1            | 2026-09-17 10:42:46,546 INFO reaped unknown pid 64
apache-1            | 2026-09-17 10:42:46,547 INFO reaped unknown pid 66
apache-1            | 2026-09-17 10:42:46,547 INFO reaped unknown pid 68
apache-1            | 2026-09-17 10:42:53,152 INFO reaped unknown pid 67
client-cluster-2-1  | 17-Sep-2026 10:44:00 [---] Data directory: /var/lib/boinc-client
client-cluster-2-1  | 17-Sep-2026 10:44:00 [---] No usable GPUs found
client-cluster-2-1  | 17-Sep-2026 10:44:00 [---] Creating new client state file
client-cluster-2-1  | 17-Sep-2026 10:44:00 [---] libc:  version 2.36
client-cluster-2-1  | 17-Sep-2026 10:44:00 [---] Host name: cluster-02
mysql-1             | 
mysql-1             | PLEASE REMEMBER TO SET A PASSWORD FOR THE MariaDB root USER !
mysql-1             | To do so, start the server, then issue the following commands:
mysql-1             | 
mysql-1             | '/usr/bin/mysqladmin' -u root password 'new-password'
mysql-1             | '/usr/bin/mysqladmin' -u root -h  password 'new-password'
client-low-power-1  | 17-Sep-2026 10:44:00 [---] No usable GPUs found
client-low-power-1  | 17-Sep-2026 10:44:00 [---] Creating new client state file
client-cluster-2-1  | 17-Sep-2026 10:44:00 [---] Processor: 4 ARM  [Impl 0x61 Arch 8 Variant 0x0 Part 0x000 Rev 0]
client-cluster-2-1  | 17-Sep-2026 10:44:00 [---] Processor features: fp asimd evtstrm aes pmull sha1 sha2 crc32 atomics fphp asimdhp cpuid asimdrdm jscvt fcma lrcpc dcpop sha3 asimddp sha512 asimdfhm dit uscat ilrcpc flagm sb paca pacg dcpodp flagm2 frint i8mm bf16 bti afp
client-cluster-2-1  | 17-Sep-2026 10:44:00 [---] OS: Linux Debian GNU/Linux: Debian GNU/Linux 12 (bookworm) [6.8.0-100-generic|libc 2.36]
client-cluster-2-1  | 17-Sep-2026 10:44:00 [---] Memory: 9.69 GB physical, 0 bytes virtual
makeproject-1       | added platform: (create_time, name, user_friendly_name) values (1789641760, 'windows_x86_64', 'Microsoft Windows running on an AMD x86_64 or Intel EM64T CPU')
makeproject-1       | added platform: (create_time, name, user_friendly_name) values (1789641760, 'windows_arm64', 'Microsoft Windows running on ARM 64-bit')
makeproject-1       | added platform: (create_time, name, user_friendly_name) values (1789641760, 'i686-pc-linux-gnu', 'Linux running on an Intel x86-compatible CPU')
makeproject-1       | added platform: (create_time, name, user_friendly_name) values (1789641760, 'x86_64-pc-linux-gnu', 'Linux running on an AMD x86_64 or Intel EM64T CPU')
client-low-power-1  | 17-Sep-2026 10:44:00 [---] libc:  version 2.36
client-low-power-1  | 17-Sep-2026 10:44:00 [---] Host name: low-power-01
client-low-power-1  | 17-Sep-2026 10:44:00 [---] Processor: 1 ARM  [Impl 0x61 Arch 8 Variant 0x0 Part 0x000 Rev 0]
mysql-1             | 
mysql-1             | Alternatively you can run:
mysql-1             | '/usr/bin/mysql_secure_installation'
mysql-1             | 
mysql-1             | which will also give you the option of removing the test
mysql-1             | databases and anonymous user created by default.  This is
mysql-1             | strongly recommended for production servers.
client-cluster-2-1  | 17-Sep-2026 10:44:00 [---] Disk: 18.33 GB total, 15.19 GB free
client-cluster-2-1  | 17-Sep-2026 10:44:00 [---] Local time is UTC +0 hours
client-cluster-2-1  | 17-Sep-2026 10:44:00 [---] Config: GUI RPC allowed from any host
client-cluster-2-1  | 17-Sep-2026 10:44:00 [---] Config: simulate 4 CPUs
client-cluster-2-1  | 17-Sep-2026 10:44:00 [---] Config: report completed tasks immediately
client-cluster-2-1  | 17-Sep-2026 10:44:00 [---] No general preferences found - using defaults
client-cluster-2-1  | 17-Sep-2026 10:44:00 [---] Reading preferences override file
client-cluster-2-1  | 17-Sep-2026 10:44:00 [---] Preferences:
client-cluster-2-1  | 17-Sep-2026 10:44:00 [---]    max memory usage when active: 8929.14 MB
client-cluster-2-1  | 17-Sep-2026 10:44:00 [---]    max memory usage when idle: 8929.14 MB
client-phone-1      | 17-Sep-2026 10:44:05 [---] libc:  version 2.36
client-phone-1      | 17-Sep-2026 10:44:05 [---] Host name: phone-01
client-phone-1      | 17-Sep-2026 10:44:05 [---] Processor: 1 ARM  [Impl 0x61 Arch 8 Variant 0x0 Part 0x000 Rev 0]
client-phone-1      | 17-Sep-2026 10:44:05 [---] Processor features: fp asimd evtstrm aes pmull sha1 sha2 crc32 atomics fphp asimdhp cpuid asimdrdm jscvt fcma lrcpc dcpop sha3 asimddp sha512 asimdfhm dit uscat ilrcpc flagm sb paca pacg dcpodp flagm2 frint i8mm bf16 bti afp
makeproject-1       | added platform: (create_time, name, user_friendly_name) values (1789641760, 'powerpc-apple-darwin', 'Mac OS X 10.3 or later running on Motorola PowerPC')
makeproject-1       | added platform: (create_time, name, user_friendly_name) values (1789641760, 'i686-apple-darwin', 'Mac OS 10.4 or later running on Intel')
makeproject-1       | added platform: (create_time, name, user_friendly_name) values (1789641760, 'x86_64-apple-darwin', 'Intel 64-bit Mac OS 10.5 or later')
mysql-1             | 
mysql-1             | See the MariaDB Knowledgebase at http://mariadb.com/kb or the
mysql-1             | MySQL manual for more instructions.
mysql-1             | 
apache-1            | 2026-09-17 10:42:53,152 INFO reaped unknown pid 69
apache-1            | 2026-09-17 10:42:53,154 INFO reaped unknown pid 65
apache-1            | 2026-09-17 10:43:01,344 INFO reaped unknown pid 153
apache-1            | 2026-09-17 10:43:01,344 INFO reaped unknown pid 155
apache-1            | 2026-09-17 10:43:01,345 INFO reaped unknown pid 157
apache-1            | 2026-09-17 10:43:01,345 INFO reaped unknown pid 159
apache-1            | 2026-09-17 10:43:01,345 INFO reaped unknown pid 161
apache-1            | 2026-09-17 10:45:01,113 INFO reaped unknown pid 345
apache-1            | 2026-09-17 10:45:01,219 INFO reaped unknown pid 347
client-desktop-1    | 17-Sep-2026 10:44:00 [---] Libraries: libcurl/7.88.1 OpenSSL/3.0.20 zlib/1.2.13 brotli/1.0.9 zstd/1.5.4 libidn2/2.3.3 libpsl/0.21.2 (+libidn2/2.3.3) libssh2/1.10.0 nghttp2/1.52.0 librtmp/2.3 OpenLDAP/2.5.13
client-desktop-1    | 17-Sep-2026 10:44:00 [---] Data directory: /var/lib/boinc-client
client-desktop-1    | 17-Sep-2026 10:44:00 [---] No usable GPUs found
client-low-power-1  | 17-Sep-2026 10:44:00 [---] Processor features: fp asimd evtstrm aes pmull sha1 sha2 crc32 atomics fphp asimdhp cpuid asimdrdm jscvt fcma lrcpc dcpop sha3 asimddp sha512 asimdfhm dit uscat ilrcpc flagm sb paca pacg dcpodp flagm2 frint i8mm bf16 bti afp
client-low-power-1  | 17-Sep-2026 10:44:00 [---] OS: Linux Debian GNU/Linux: Debian GNU/Linux 12 (bookworm) [6.8.0-100-generic|libc 2.36]
client-low-power-1  | 17-Sep-2026 10:44:00 [---] Memory: 9.69 GB physical, 0 bytes virtual
mysql-1             | Please report any problems at http://mariadb.org/jira
mysql-1             | 
mysql-1             | The latest information about MariaDB is available at http://mariadb.org/.
apache-1            | 2026-09-17 10:45:01,319 INFO reaped unknown pid 349
apache-1            | 2026-09-17 10:45:01,419 INFO reaped unknown pid 351
apache-1            | 2026-09-17 10:45:01,519 INFO reaped unknown pid 353
apache-1            | 2026-09-17 10:45:02,554 INFO reaped unknown pid 344
apache-1            | 2026-09-17 10:45:02,554 INFO reaped unknown pid 346
client-cluster-2-1  | 17-Sep-2026 10:44:00 [---]    max disk usage: 2.00 GB
client-cluster-2-1  | 17-Sep-2026 10:44:00 [---]    don't use GPU while active
client-cluster-2-1  | 17-Sep-2026 10:44:00 [---]    suspend work if non-BOINC CPU load exceeds 25%
client-cluster-2-1  | 17-Sep-2026 10:44:00 [---]    (to change preferences, visit a project web site or select Preferences in the Manager)
makeproject-1       | added platform: (create_time, name, user_friendly_name) values (1789641760, 'arm64-apple-darwin', 'Mac OS running on ARM')
makeproject-1       | added platform: (create_time, name, user_friendly_name) values (1789641760, 'sparc-sun-solaris2.7', 'Solaris 2.7 running on a SPARC-compatible CPU')
makeproject-1       | added platform: (create_time, name, user_friendly_name) values (1789641760, 'sparc-sun-solaris', 'Solaris 2.8 or later running on a SPARC-compatible CPU')
makeproject-1       | added platform: (create_time, name, user_friendly_name) values (1789641760, 'sparc64-sun-solaris', 'Solaris 2.8 or later running on a SPARC 64-bit CPU')
apache-1            | 2026-09-17 10:45:02,554 INFO reaped unknown pid 348
apache-1            | 2026-09-17 10:45:02,554 INFO reaped unknown pid 350
apache-1            | 2026-09-17 10:45:02,554 INFO reaped unknown pid 352
apache-1            | 2026-09-17 10:45:02,554 INFO reaped unknown pid 354
client-desktop-1    | 17-Sep-2026 10:44:00 [---] Creating new client state file
client-desktop-1    | 17-Sep-2026 10:44:00 [---] libc:  version 2.36
client-desktop-1    | 17-Sep-2026 10:44:00 [---] Host name: desktop-01
client-desktop-1    | 17-Sep-2026 10:44:00 [---] Processor: 2 ARM  [Impl 0x61 Arch 8 Variant 0x0 Part 0x000 Rev 0]
client-phone-1      | 17-Sep-2026 10:44:05 [---] OS: Linux Debian GNU/Linux: Debian GNU/Linux 12 (bookworm) [6.8.0-100-generic|libc 2.36]
client-phone-1      | 17-Sep-2026 10:44:05 [---] Memory: 9.69 GB physical, 0 bytes virtual
client-phone-1      | 17-Sep-2026 10:44:05 [---] Disk: 18.33 GB total, 15.19 GB free
client-phone-1      | 17-Sep-2026 10:44:05 [---] Local time is UTC +0 hours
client-phone-1      | 17-Sep-2026 10:44:05 [---] Config: GUI RPC allowed from any host
client-phone-1      | 17-Sep-2026 10:44:05 [---] Config: simulate 1 CPUs
makeproject-1       | added platform: (create_time, name, user_friendly_name) values (1789641760, 'powerpc64-ps3-linux-gnu', 'Sony Playstation 3 running Linux')
makeproject-1       | added platform: (create_time, name, user_friendly_name) values (1789641760, 'arm-android-linux-gnu', 'Android running on ARM armeabi-v7a')
makeproject-1       | added platform: (create_time, name, user_friendly_name) values (1789641760, 'aarch64-android-linux-gnu', 'Android running on ARM 64-bit arm64-v8a')
makeproject-1       | added platform: (create_time, name, user_friendly_name) values (1789641760, 'x86_64-android-linux-gnu', 'Android running on Intel x64 compatible')
makeproject-1       | added platform: (create_time, name, user_friendly_name) values (1789641760, 'x86-android-linux-gnu', 'Android running on Intel x86 compatible')
client-cluster-2-1  | 17-Sep-2026 10:44:00 [---] Setting up project and slot directories
client-cluster-2-1  | 17-Sep-2026 10:44:00 [---] Checking active tasks
client-cluster-2-1  | dir_open: Could not open directory 'slots' from '/var/lib/boinc-client'.
client-phone-2-1    | 17-Sep-2026 10:44:05 [---] Libraries: libcurl/7.88.1 OpenSSL/3.0.20 zlib/1.2.13 brotli/1.0.9 zstd/1.5.4 libidn2/2.3.3 libpsl/0.21.2 (+libidn2/2.3.3) libssh2/1.10.0 nghttp2/1.52.0 librtmp/2.3 OpenLDAP/2.5.13
client-phone-2-1    | 17-Sep-2026 10:44:05 [---] Data directory: /var/lib/boinc-client
client-phone-2-1    | 17-Sep-2026 10:44:05 [---] No usable GPUs found
client-phone-2-1    | 17-Sep-2026 10:44:05 [---] Creating new client state file
client-phone-2-1    | 17-Sep-2026 10:44:05 [---] libc:  version 2.36
client-phone-2-1    | 17-Sep-2026 10:44:05 [---] Host name: phone-02
apache-1            | 2026-09-17 10:45:02,554 INFO reaped unknown pid 355
apache-1            | 2026-09-17 10:45:02,554 INFO reaped unknown pid 359
apache-1            | 2026-09-17 10:45:02,554 INFO reaped unknown pid 361
apache-1            | 2026-09-17 10:45:02,554 INFO reaped unknown pid 364
client-desktop-1    | 17-Sep-2026 10:44:00 [---] Processor features: fp asimd evtstrm aes pmull sha1 sha2 crc32 atomics fphp asimdhp cpuid asimdrdm jscvt fcma lrcpc dcpop sha3 asimddp sha512 asimdfhm dit uscat ilrcpc flagm sb paca pacg dcpodp flagm2 frint i8mm bf16 bti afp
client-desktop-1    | 17-Sep-2026 10:44:00 [---] OS: Linux Debian GNU/Linux: Debian GNU/Linux 12 (bookworm) [6.8.0-100-generic|libc 2.36]
client-desktop-1    | 17-Sep-2026 10:44:00 [---] Memory: 9.69 GB physical, 0 bytes virtual
makeproject-1       | added platform: (create_time, name, user_friendly_name) values (1789641760, 'arm-unknown-linux-gnueabihf', 'Linux running on ARM, hardware FP')
makeproject-1       | added platform: (create_time, name, user_friendly_name) values (1789641760, 'aarch64-unknown-linux-gnu', 'Linux running on ARM64')
makeproject-1       | added platform: (create_time, name, user_friendly_name) values (1789641760, 'anonymous', 'anonymous')
makeproject-1       | 
apache-1            | 2026-09-17 10:45:02,554 INFO reaped unknown pid 366
apache-1            | 2026-09-17 10:45:02,554 INFO reaped unknown pid 368
apache-1            | 2026-09-17 10:45:02,554 INFO reaped unknown pid 370
apache-1            | 2026-09-17 10:45:07,053 INFO reaped unknown pid 362
client-desktop-1    | 17-Sep-2026 10:44:00 [---] Disk: 18.33 GB total, 15.19 GB free
client-cluster-2-1  | 17-Sep-2026 10:44:00 [---] Setting up GUI RPC socket
client-cluster-2-1  | 17-Sep-2026 10:44:00 [---] Checking presence of 0 project files
client-cluster-2-1  | 17-Sep-2026 10:44:00 [---] This computer is not attached to any projects
client-desktop-1    | 17-Sep-2026 10:44:00 [---] Local time is UTC +0 hours
client-desktop-1    | 17-Sep-2026 10:44:00 [---] Config: GUI RPC allowed from any host
client-desktop-1    | 17-Sep-2026 10:44:00 [---] Config: simulate 2 CPUs
client-desktop-1    | 17-Sep-2026 10:44:00 [---] Config: report completed tasks immediately
client-desktop-1    | dir_open: Could not open directory 'slots' from '/var/lib/boinc-client'.
client-phone-2-1    | 17-Sep-2026 10:44:05 [---] Processor: 1 ARM  [Impl 0x61 Arch 8 Variant 0x0 Part 0x000 Rev 0]
client-phone-2-1    | 17-Sep-2026 10:44:05 [---] Processor features: fp asimd evtstrm aes pmull sha1 sha2 crc32 atomics fphp asimdhp cpuid asimdrdm jscvt fcma lrcpc dcpop sha3 asimddp sha512 asimdfhm dit uscat ilrcpc flagm sb paca pacg dcpodp flagm2 frint i8mm bf16 bti afp
client-phone-2-1    | 17-Sep-2026 10:44:05 [---] OS: Linux Debian GNU/Linux: Debian GNU/Linux 12 (bookworm) [6.8.0-100-generic|libc 2.36]
client-phone-2-1    | 17-Sep-2026 10:44:05 [---] Memory: 9.69 GB physical, 0 bytes virtual
client-phone-2-1    | 17-Sep-2026 10:44:05 [---] Disk: 18.33 GB total, 15.19 GB free
client-low-power-1  | 17-Sep-2026 10:44:00 [---] Disk: 18.33 GB total, 15.19 GB free
client-low-power-1  | 17-Sep-2026 10:44:00 [---] Local time is UTC +0 hours
client-low-power-1  | 17-Sep-2026 10:44:00 [---] Config: GUI RPC allowed from any host
client-low-power-1  | 17-Sep-2026 10:44:00 [---] Config: simulate 1 CPUs
client-low-power-1  | 17-Sep-2026 10:44:00 [---] Config: report completed tasks immediately
client-low-power-1  | 17-Sep-2026 10:44:00 [---] No general preferences found - using defaults
client-cluster-2-1  | 17-Sep-2026 10:44:00 Initialization completed
client-cluster-2-1  | dir_open: Could not open directory 'projects/boincserver.local_boincserver' from '/var/lib/boinc-client'.
client-phone-1      | 17-Sep-2026 10:44:05 [---] Config: report completed tasks immediately
client-phone-1      | 17-Sep-2026 10:44:05 [---] No general preferences found - using defaults
client-phone-1      | 17-Sep-2026 10:44:05 [---] Reading preferences override file
client-phone-1      | 17-Sep-2026 10:44:05 [---] Preferences:
client-desktop-1    | 17-Sep-2026 10:44:00 [---] No general preferences found - using defaults
client-desktop-1    | 17-Sep-2026 10:44:00 [---] Reading preferences override file
client-cluster-2-1  | 17-Sep-2026 10:44:01 [---] No general preferences found - using defaults
client-cluster-2-1  | 17-Sep-2026 10:44:01 [---] Reading preferences override file
client-cluster-2-1  | 17-Sep-2026 10:44:01 [---] Preferences:
client-cluster-2-1  | 17-Sep-2026 10:44:01 [---]    max memory usage when active: 8929.14 MB
client-cluster-2-1  | 17-Sep-2026 10:44:01 [---]    max memory usage when idle: 8929.14 MB
client-cluster-2-1  | 17-Sep-2026 10:44:01 [---]    max disk usage: 2.00 GB
client-cluster-2-1  | 17-Sep-2026 10:44:01 [---]    don't use GPU while active
client-cluster-2-1  | 17-Sep-2026 10:44:01 [---]    suspend work if non-BOINC CPU load exceeds 25%
client-cluster-2-1  | 17-Sep-2026 10:44:01 [---]    (to change preferences, visit a project web site or select Preferences in the Manager)
client-cluster-2-1  | 17-Sep-2026 10:44:05 [http://boincserver.local/boincserver/] Fetching scheduler list
client-cluster-2-1  | 17-Sep-2026 10:44:07 [http://boincserver.local/boincserver/] Master file download succeeded
client-cluster-2-1  | 17-Sep-2026 10:44:12 [http://boincserver.local/boincserver/] Sending scheduler request: Project initialization.
client-cluster-2-1  | 17-Sep-2026 10:44:12 [http://boincserver.local/boincserver/] Requesting new tasks for CPU
client-low-power-1  | 17-Sep-2026 10:44:00 [---] Reading preferences override file
client-low-power-1  | 17-Sep-2026 10:44:00 [---] Preferences:
client-low-power-1  | 17-Sep-2026 10:44:00 [---]    max memory usage when active: 8929.14 MB
client-low-power-1  | 17-Sep-2026 10:44:00 [---]    max memory usage when idle: 8929.14 MB
client-cluster-2-1  | 17-Sep-2026 10:44:19 [boincserver] Scheduler request completed: got 1 new tasks
client-cluster-2-1  | 17-Sep-2026 10:44:19 [boincserver] Project requested delay of 7 seconds
client-cluster-2-1  | 17-Sep-2026 10:44:21 [boincserver] Started download of hybrid_synthetic_1.0_aarch64-unknown-linux-gnu
client-cluster-2-1  | 17-Sep-2026 10:44:21 [boincserver] Started download of hybrid_synthetic_input.txt
client-cluster-2-1  | 17-Sep-2026 10:44:23 [boincserver] Finished download of hybrid_synthetic_1.0_aarch64-unknown-linux-gnu
client-cluster-2-1  | 17-Sep-2026 10:44:23 [boincserver] Finished download of hybrid_synthetic_input.txt
client-cluster-2-1  | 17-Sep-2026 10:44:23 [boincserver] Elapsed time limit 50.000000 < 120.000000; setting to 43200.000000
client-low-power-1  | dir_open: Could not open directory 'slots' from '/var/lib/boinc-client'.
client-low-power-1  | 17-Sep-2026 10:44:00 [---]    max disk usage: 2.00 GB
client-phone-2-1    | 17-Sep-2026 10:44:05 [---] Local time is UTC +0 hours
mysql-1             | You can find additional information about the MySQL part at:
client-phone-2-1    | 17-Sep-2026 10:44:05 [---] Config: GUI RPC allowed from any host
client-phone-2-1    | 17-Sep-2026 10:44:05 [---] Config: simulate 1 CPUs
client-phone-2-1    | 17-Sep-2026 10:44:05 [---] Config: report completed tasks immediately
client-phone-2-1    | 17-Sep-2026 10:44:05 [---] No general preferences found - using defaults
client-phone-2-1    | 17-Sep-2026 10:44:05 [---] Reading preferences override file
client-phone-2-1    | 17-Sep-2026 10:44:05 [---] Preferences:
client-phone-2-1    | 17-Sep-2026 10:44:05 [---]    max memory usage when active: 8929.14 MB
client-phone-2-1    | 17-Sep-2026 10:44:05 [---]    max memory usage when idle: 8929.14 MB
client-cluster-2-1  | 17-Sep-2026 10:44:23 [boincserver] Starting task exp_20260917T102241Z_sjf_short_3_0
client-cluster-2-1  | 17-Sep-2026 10:44:29 [boincserver] Sending scheduler request: To fetch work.
client-cluster-2-1  | 17-Sep-2026 10:44:29 [boincserver] Requesting new tasks for CPU
client-cluster-2-1  | 17-Sep-2026 10:44:30 [boincserver] Computation for task exp_20260917T102241Z_sjf_short_3_0 finished
client-cluster-2-1  | 17-Sep-2026 10:44:31 [boincserver] Scheduler request completed: got 4 new tasks
client-cluster-2-1  | 17-Sep-2026 10:44:31 [boincserver] Project requested delay of 7 seconds
client-phone-2-1    | 17-Sep-2026 10:44:05 [---]    max disk usage: 2.00 GB
client-phone-2-1    | 17-Sep-2026 10:44:05 [---]    don't use GPU while active
client-phone-2-1    | 17-Sep-2026 10:44:05 [---]    suspend work if non-BOINC CPU load exceeds 25%
client-phone-2-1    | 17-Sep-2026 10:44:05 [---]    (to change preferences, visit a project web site or select Preferences in the Manager)
mysql-1             | http://dev.mysql.com
mysql-1             | Consider joining MariaDB's strong and vibrant community:
client-desktop-1    | 17-Sep-2026 10:44:00 [---] Preferences:
client-desktop-1    | 17-Sep-2026 10:44:00 [---]    max memory usage when active: 8929.14 MB
client-desktop-1    | 17-Sep-2026 10:44:00 [---]    max memory usage when idle: 8929.14 MB
client-desktop-1    | 17-Sep-2026 10:44:00 [---]    max disk usage: 2.00 GB
client-low-power-1  | 17-Sep-2026 10:44:00 [---]    don't use GPU while active
client-low-power-1  | 17-Sep-2026 10:44:00 [---]    suspend work if non-BOINC CPU load exceeds 25%
client-low-power-1  | 17-Sep-2026 10:44:00 [---]    (to change preferences, visit a project web site or select Preferences in the Manager)
client-low-power-1  | 17-Sep-2026 10:44:00 [---] Setting up project and slot directories
client-low-power-1  | 17-Sep-2026 10:44:00 [---] Checking active tasks
client-low-power-1  | 17-Sep-2026 10:44:00 [---] Setting up GUI RPC socket
client-low-power-1  | 17-Sep-2026 10:44:00 [---] Checking presence of 0 project files
client-low-power-1  | 17-Sep-2026 10:44:00 [---] This computer is not attached to any projects
client-low-power-1  | 17-Sep-2026 10:44:00 Initialization completed
client-low-power-1  | dir_open: Could not open directory 'projects/boincserver.local_boincserver' from '/var/lib/boinc-client'.
client-low-power-1  | 17-Sep-2026 10:44:01 [---] No general preferences found - using defaults
client-cluster-2-1  | 17-Sep-2026 10:44:32 [boincserver] Started upload of exp_20260917T102241Z_sjf_short_3_0_r692059436_0
client-cluster-2-1  | 17-Sep-2026 10:44:59 [boincserver] Elapsed time limit 50.000000 < 120.000000; setting to 43200.000000
client-cluster-2-1  | 17-Sep-2026 10:44:59 [boincserver] Elapsed time limit 50.000000 < 120.000000; setting to 43200.000000
client-cluster-2-1  | 17-Sep-2026 10:44:59 [boincserver] Elapsed time limit 50.000000 < 120.000000; setting to 43200.000000
client-phone-1      | 17-Sep-2026 10:44:05 [---]    max memory usage when active: 8929.14 MB
client-phone-1      | 17-Sep-2026 10:44:05 [---]    max memory usage when idle: 8929.14 MB
client-phone-1      | 17-Sep-2026 10:44:05 [---]    max disk usage: 2.00 GB
client-phone-1      | 17-Sep-2026 10:44:05 [---]    don't use GPU while active
client-phone-1      | 17-Sep-2026 10:44:05 [---]    suspend work if non-BOINC CPU load exceeds 25%
client-phone-1      | 17-Sep-2026 10:44:05 [---]    (to change preferences, visit a project web site or select Preferences in the Manager)
client-phone-1      | 17-Sep-2026 10:44:05 [---] Setting up project and slot directories
client-phone-1      | 17-Sep-2026 10:44:05 [---] Checking active tasks
client-phone-1      | 17-Sep-2026 10:44:05 [---] Setting up GUI RPC socket
client-phone-1      | dir_open: Could not open directory 'slots' from '/var/lib/boinc-client'.
client-phone-1      | 17-Sep-2026 10:44:05 [---] Checking presence of 0 project files
client-phone-1      | 17-Sep-2026 10:44:05 [---] This computer is not attached to any projects
mysql-1             | https://mariadb.org/get-involved/
mysql-1             | 
mysql-1             | Database initialized
mysql-1             | MySQL init process in progress...
mysql-1             | 2026-09-17 10:42:31 0 [Note] mysqld (mysqld 10.3.8-MariaDB-1:10.3.8+maria~bionic) starting as process 104 ...
mysql-1             | 2026-09-17 10:42:31 0 [Note] InnoDB: Using Linux native AIO
client-desktop-1    | 17-Sep-2026 10:44:00 [---]    don't use GPU while active
client-desktop-1    | 17-Sep-2026 10:44:00 [---]    suspend work if non-BOINC CPU load exceeds 25%
client-desktop-1    | 17-Sep-2026 10:44:00 [---]    (to change preferences, visit a project web site or select Preferences in the Manager)
client-desktop-1    | 17-Sep-2026 10:44:00 [---] Setting up project and slot directories
client-desktop-1    | 17-Sep-2026 10:44:00 [---] Checking active tasks
client-desktop-1    | 17-Sep-2026 10:44:00 [---] Setting up GUI RPC socket
mysql-1             | 2026-09-17 10:42:31 0 [Note] InnoDB: Mutexes and rw_locks use GCC atomic builtins
mysql-1             | 2026-09-17 10:42:31 0 [Note] InnoDB: Uses event mutexes
mysql-1             | 2026-09-17 10:42:31 0 [Note] InnoDB: Compressed tables use zlib 1.2.11
mysql-1             | 2026-09-17 10:42:31 0 [Note] InnoDB: Number of pools: 1
client-low-power-1  | 17-Sep-2026 10:44:01 [---] Reading preferences override file
client-low-power-1  | 17-Sep-2026 10:44:01 [---] Preferences:
client-desktop-1    | 17-Sep-2026 10:44:00 [---] Checking presence of 0 project files
client-desktop-1    | 17-Sep-2026 10:44:00 [---] This computer is not attached to any projects
client-desktop-1    | 17-Sep-2026 10:44:00 Initialization completed
client-desktop-1    | dir_open: Could not open directory 'projects/boincserver.local_boincserver' from '/var/lib/boinc-client'.
client-desktop-1    | 17-Sep-2026 10:44:01 [---] No general preferences found - using defaults
client-phone-2-1    | dir_open: Could not open directory 'slots' from '/var/lib/boinc-client'.
client-phone-2-1    | 17-Sep-2026 10:44:05 [---] Setting up project and slot directories
client-phone-2-1    | 17-Sep-2026 10:44:05 [---] Checking active tasks
client-phone-2-1    | 17-Sep-2026 10:44:05 [---] Setting up GUI RPC socket
client-phone-2-1    | 17-Sep-2026 10:44:05 [---] Checking presence of 0 project files
client-phone-2-1    | 17-Sep-2026 10:44:05 [---] This computer is not attached to any projects
client-desktop-1    | 17-Sep-2026 10:44:01 [---] Reading preferences override file
client-desktop-1    | 17-Sep-2026 10:44:01 [---] Preferences:
client-cluster-2-1  | 17-Sep-2026 10:44:59 [boincserver] Elapsed time limit 50.000000 < 120.000000; setting to 43200.000000
client-cluster-2-1  | 17-Sep-2026 10:44:59 [boincserver] Starting task exp_20260917T102241Z_sjf_short_13_0
client-cluster-2-1  | 17-Sep-2026 10:44:59 [boincserver] Starting task exp_20260917T102241Z_sjf_short_14_0
client-cluster-2-1  | 17-Sep-2026 10:44:59 [boincserver] Starting task exp_20260917T102241Z_sjf_short_15_0
client-cluster-1    | 17-Sep-2026 10:44:00 [---] Processor: 4 ARM  [Impl 0x61 Arch 8 Variant 0x0 Part 0x000 Rev 0]
client-desktop-1    | 17-Sep-2026 10:44:01 [---]    max memory usage when active: 8929.14 MB
client-desktop-1    | 17-Sep-2026 10:44:01 [---]    max memory usage when idle: 8929.14 MB
client-desktop-1    | 17-Sep-2026 10:44:01 [---]    max disk usage: 2.00 GB
client-desktop-1    | 17-Sep-2026 10:44:01 [---]    don't use GPU while active
client-desktop-1    | 17-Sep-2026 10:44:01 [---]    suspend work if non-BOINC CPU load exceeds 25%
client-desktop-1    | 17-Sep-2026 10:44:01 [---]    (to change preferences, visit a project web site or select Preferences in the Manager)
client-cluster-1    | 17-Sep-2026 10:44:00 [---] Processor features: fp asimd evtstrm aes pmull sha1 sha2 crc32 atomics fphp asimdhp cpuid asimdrdm jscvt fcma lrcpc dcpop sha3 asimddp sha512 asimdfhm dit uscat ilrcpc flagm sb paca pacg dcpodp flagm2 frint i8mm bf16 bti afp
client-cluster-1    | 17-Sep-2026 10:44:00 [---] OS: Linux Debian GNU/Linux: Debian GNU/Linux 12 (bookworm) [6.8.0-100-generic|libc 2.36]
client-cluster-2-1  | 17-Sep-2026 10:44:59 [boincserver] Starting task exp_20260917T102241Z_sjf_short_12_0
client-cluster-2-1  | 17-Sep-2026 10:45:00 [boincserver] Finished upload of exp_20260917T102241Z_sjf_short_3_0_r692059436_0
client-phone-2-1    | 17-Sep-2026 10:44:05 Initialization completed
client-phone-2-1    | dir_open: Could not open directory 'projects/boincserver.local_boincserver' from '/var/lib/boinc-client'.
client-phone-2-1    | 17-Sep-2026 10:44:06 [---] No general preferences found - using defaults
client-phone-2-1    | 17-Sep-2026 10:44:06 [---] Reading preferences override file
client-phone-2-1    | 17-Sep-2026 10:44:06 [---] Preferences:
client-phone-2-1    | 17-Sep-2026 10:44:06 [---]    max memory usage when active: 8929.14 MB
client-cluster-2-1  | 17-Sep-2026 10:45:04 [boincserver] Sending scheduler request: To report completed tasks.
client-cluster-2-1  | 17-Sep-2026 10:45:04 [boincserver] Reporting 1 completed tasks
client-cluster-2-1  | 17-Sep-2026 10:45:04 [boincserver] Requesting new tasks for CPU
client-cluster-2-1  | 17-Sep-2026 10:45:07 [boincserver] Computation for task exp_20260917T102241Z_sjf_short_13_0 finished
client-cluster-2-1  | 17-Sep-2026 10:45:08 [boincserver] Computation for task exp_20260917T102241Z_sjf_short_14_0 finished
client-cluster-2-1  | 17-Sep-2026 10:45:09 [boincserver] Started upload of exp_20260917T102241Z_sjf_short_13_0_r639540527_0
client-phone-2-1    | 17-Sep-2026 10:44:06 [---]    max memory usage when idle: 8929.14 MB
client-phone-2-1    | 17-Sep-2026 10:44:06 [---]    max disk usage: 2.00 GB
client-phone-2-1    | 17-Sep-2026 10:44:06 [---]    don't use GPU while active
client-phone-2-1    | 17-Sep-2026 10:44:06 [---]    suspend work if non-BOINC CPU load exceeds 25%
client-phone-2-1    | 17-Sep-2026 10:44:06 [---]    (to change preferences, visit a project web site or select Preferences in the Manager)
client-low-power-1  | 17-Sep-2026 10:44:01 [---]    max memory usage when active: 8929.14 MB
client-low-power-1  | 17-Sep-2026 10:44:01 [---]    max memory usage when idle: 8929.14 MB
client-desktop-1    | 17-Sep-2026 10:44:05 [http://boincserver.local/boincserver/] Fetching scheduler list
client-desktop-1    | 17-Sep-2026 10:44:07 [http://boincserver.local/boincserver/] Master file download succeeded
client-desktop-1    | 17-Sep-2026 10:44:12 [http://boincserver.local/boincserver/] Sending scheduler request: Project initialization.
client-desktop-1    | 17-Sep-2026 10:44:12 [http://boincserver.local/boincserver/] Requesting new tasks for CPU
client-desktop-1    | 17-Sep-2026 10:44:14 [boincserver] Scheduler request completed: got 1 new tasks
client-desktop-1    | 17-Sep-2026 10:44:14 [boincserver] Project requested delay of 7 seconds
client-low-power-1  | 17-Sep-2026 10:44:01 [---]    max disk usage: 2.00 GB
client-low-power-1  | 17-Sep-2026 10:44:01 [---]    don't use GPU while active
client-low-power-1  | 17-Sep-2026 10:44:01 [---]    suspend work if non-BOINC CPU load exceeds 25%
client-low-power-1  | 17-Sep-2026 10:44:01 [---]    (to change preferences, visit a project web site or select Preferences in the Manager)
client-low-power-1  | 17-Sep-2026 10:44:05 [http://boincserver.local/boincserver/] Fetching scheduler list
client-low-power-1  | 17-Sep-2026 10:44:11 [http://boincserver.local/boincserver/] Master file download succeeded
client-low-power-1  | 17-Sep-2026 10:44:16 [http://boincserver.local/boincserver/] Sending scheduler request: Project initialization.
client-low-power-1  | 17-Sep-2026 10:44:16 [http://boincserver.local/boincserver/] Requesting new tasks for CPU
client-phone-1      | 17-Sep-2026 10:44:05 Initialization completed
client-phone-1      | dir_open: Could not open directory 'projects/boincserver.local_boincserver' from '/var/lib/boinc-client'.
client-phone-2-1    | 17-Sep-2026 10:44:10 [http://boincserver.local/boincserver/] Fetching scheduler list
client-phone-2-1    | 17-Sep-2026 10:44:12 [http://boincserver.local/boincserver/] Master file download succeeded
client-phone-2-1    | 17-Sep-2026 10:44:17 [http://boincserver.local/boincserver/] Sending scheduler request: Project initialization.
client-phone-2-1    | 17-Sep-2026 10:44:17 [http://boincserver.local/boincserver/] Requesting new tasks for CPU
client-phone-2-1    | 17-Sep-2026 10:44:19 [boincserver] Scheduler request completed: got 1 new tasks
client-low-power-1  | 17-Sep-2026 10:44:18 [boincserver] Scheduler request completed: got 1 new tasks
client-low-power-1  | 17-Sep-2026 10:44:18 [boincserver] Project requested delay of 7 seconds
client-low-power-1  | 17-Sep-2026 10:44:20 [boincserver] Started download of hybrid_synthetic_1.0_aarch64-unknown-linux-gnu
client-low-power-1  | 17-Sep-2026 10:44:20 [boincserver] Started download of hybrid_synthetic_input.txt
client-low-power-1  | 17-Sep-2026 10:44:22 [boincserver] Finished download of hybrid_synthetic_1.0_aarch64-unknown-linux-gnu
client-low-power-1  | 17-Sep-2026 10:44:22 [boincserver] Finished download of hybrid_synthetic_input.txt
mysql-1             | 2026-09-17 10:42:31 0 [Note] InnoDB: Using generic crc32 instructions
mysql-1             | 2026-09-17 10:42:31 0 [Note] InnoDB: Initializing buffer pool, total size = 256M, instances = 1, chunk size = 128M
client-phone-2-1    | 17-Sep-2026 10:44:19 [boincserver] Project requested delay of 7 seconds
client-phone-2-1    | 17-Sep-2026 10:44:21 [boincserver] Started download of hybrid_synthetic_1.0_aarch64-unknown-linux-gnu
client-phone-2-1    | 17-Sep-2026 10:44:21 [boincserver] Started download of hybrid_synthetic_input.txt
client-phone-2-1    | 17-Sep-2026 10:44:23 [boincserver] Finished download of hybrid_synthetic_1.0_aarch64-unknown-linux-gnu
client-phone-2-1    | 17-Sep-2026 10:44:23 [boincserver] Finished download of hybrid_synthetic_input.txt
client-desktop-1    | 17-Sep-2026 10:44:16 [boincserver] Started download of hybrid_synthetic_1.0_aarch64-unknown-linux-gnu
client-desktop-1    | 17-Sep-2026 10:44:16 [boincserver] Started download of hybrid_synthetic_input.txt
client-cluster-2-1  | 17-Sep-2026 10:45:09 [boincserver] Computation for task exp_20260917T102241Z_sjf_short_15_0 finished
client-cluster-2-1  | 17-Sep-2026 10:45:10 [boincserver] Finished upload of exp_20260917T102241Z_sjf_short_13_0_r639540527_0
client-cluster-2-1  | 17-Sep-2026 10:45:10 [boincserver] Started upload of exp_20260917T102241Z_sjf_short_14_0_r90597538_0
client-cluster-2-1  | 17-Sep-2026 10:45:10 [boincserver] Computation for task exp_20260917T102241Z_sjf_short_12_0 finished
mysql-1             | 2026-09-17 10:42:31 0 [Note] InnoDB: Completed initialization of buffer pool
mysql-1             | 2026-09-17 10:42:31 0 [Note] InnoDB: If the mysqld execution user is authorized, page cleaner thread priority can be changed. See the man page of setpriority().
mysql-1             | 2026-09-17 10:42:32 0 [Note] InnoDB: 128 out of 128 rollback segments are active.
mysql-1             | 2026-09-17 10:42:32 0 [Note] InnoDB: Creating shared tablespace for temporary tables
client-phone-1      | 17-Sep-2026 10:44:06 [---] No general preferences found - using defaults
client-phone-1      | 17-Sep-2026 10:44:06 [---] Reading preferences override file
client-cluster-2-1  | 17-Sep-2026 10:45:10 [boincserver] Scheduler request completed: got 4 new tasks
client-cluster-2-1  | 17-Sep-2026 10:45:10 [boincserver] Project requested delay of 7 seconds
client-cluster-2-1  | 17-Sep-2026 10:45:36 [boincserver] Started upload of exp_20260917T102241Z_sjf_short_15_0_r1346771315_0
client-cluster-2-1  | 17-Sep-2026 10:45:37 [boincserver] Finished upload of exp_20260917T102241Z_sjf_short_14_0_r90597538_0
client-cluster-2-1  | 17-Sep-2026 10:45:37 [boincserver] Finished upload of exp_20260917T102241Z_sjf_short_15_0_r1346771315_0
client-cluster-2-1  | 17-Sep-2026 10:45:37 [boincserver] Started upload of exp_20260917T102241Z_sjf_short_12_0_r1086082675_0
client-phone-1      | 17-Sep-2026 10:44:06 [---] Preferences:
client-phone-1      | 17-Sep-2026 10:44:06 [---]    max memory usage when active: 8929.14 MB
client-desktop-1    | 17-Sep-2026 10:44:18 [boincserver] Finished download of hybrid_synthetic_1.0_aarch64-unknown-linux-gnu
client-desktop-1    | 17-Sep-2026 10:44:18 [boincserver] Finished download of hybrid_synthetic_input.txt
client-desktop-1    | 17-Sep-2026 10:44:18 [boincserver] Elapsed time limit 50.000000 < 120.000000; setting to 43200.000000
client-desktop-1    | 17-Sep-2026 10:44:18 [boincserver] Starting task exp_20260917T102241Z_sjf_short_1_0
client-phone-2-1    | 17-Sep-2026 10:44:23 [boincserver] Elapsed time limit 50.000000 < 120.000000; setting to 43200.000000
client-phone-2-1    | 17-Sep-2026 10:44:23 [boincserver] Starting task exp_20260917T102241Z_sjf_short_5_0
client-phone-2-1    | 17-Sep-2026 10:44:29 [boincserver] Sending scheduler request: To fetch work.
client-phone-2-1    | 17-Sep-2026 10:44:29 [boincserver] Requesting new tasks for CPU
client-phone-2-1    | 17-Sep-2026 10:44:31 [boincserver] Computation for task exp_20260917T102241Z_sjf_short_5_0 finished
client-phone-1      | 17-Sep-2026 10:44:06 [---]    max memory usage when idle: 8929.14 MB
client-phone-1      | 17-Sep-2026 10:44:06 [---]    max disk usage: 2.00 GB
client-phone-1      | 17-Sep-2026 10:44:06 [---]    don't use GPU while active
client-phone-1      | 17-Sep-2026 10:44:06 [---]    suspend work if non-BOINC CPU load exceeds 25%
client-phone-1      | 17-Sep-2026 10:44:06 [---]    (to change preferences, visit a project web site or select Preferences in the Manager)
client-phone-1      | 17-Sep-2026 10:44:10 [http://boincserver.local/boincserver/] Fetching scheduler list
client-phone-1      | 17-Sep-2026 10:44:12 [http://boincserver.local/boincserver/] Master file download succeeded
client-phone-1      | 17-Sep-2026 10:44:17 [http://boincserver.local/boincserver/] Sending scheduler request: Project initialization.
client-desktop-1    | 17-Sep-2026 10:44:24 [boincserver] Sending scheduler request: To fetch work.
client-desktop-1    | 17-Sep-2026 10:44:24 [boincserver] Requesting new tasks for CPU
client-desktop-1    | 17-Sep-2026 10:44:26 [boincserver] Computation for task exp_20260917T102241Z_sjf_short_1_0 finished
client-desktop-1    | 17-Sep-2026 10:44:26 [boincserver] Scheduler request completed: got 2 new tasks
client-desktop-1    | 17-Sep-2026 10:44:26 [boincserver] Project requested delay of 7 seconds
client-desktop-1    | 17-Sep-2026 10:44:28 [boincserver] Started upload of exp_20260917T102241Z_sjf_short_1_0_r1595841634_0
client-desktop-1    | 17-Sep-2026 10:44:28 [boincserver] Elapsed time limit 50.000000 < 120.000000; setting to 43200.000000
client-desktop-1    | 17-Sep-2026 10:44:28 [boincserver] Elapsed time limit 50.000000 < 120.000000; setting to 43200.000000
client-desktop-1    | 17-Sep-2026 10:44:28 [boincserver] Starting task exp_20260917T102241Z_sjf_short_7_0
client-desktop-1    | 17-Sep-2026 10:44:28 [boincserver] Starting task exp_20260917T102241Z_sjf_short_8_0
client-cluster-1    | 17-Sep-2026 10:44:00 [---] Memory: 9.69 GB physical, 0 bytes virtual
client-cluster-1    | 17-Sep-2026 10:44:00 [---] Disk: 18.33 GB total, 15.19 GB free
client-cluster-1    | 17-Sep-2026 10:44:00 [---] Local time is UTC +0 hours
client-cluster-1    | 17-Sep-2026 10:44:00 [---] Config: GUI RPC allowed from any host
client-cluster-1    | 17-Sep-2026 10:44:00 [---] Config: simulate 4 CPUs
client-cluster-1    | 17-Sep-2026 10:44:00 [---] Config: report completed tasks immediately
client-cluster-1    | 17-Sep-2026 10:44:00 [---] No general preferences found - using defaults
client-cluster-1    | 17-Sep-2026 10:44:00 [---] Reading preferences override file
client-low-power-1  | 17-Sep-2026 10:44:22 [boincserver] Elapsed time limit 50.000000 < 120.000000; setting to 43200.000000
client-low-power-1  | 17-Sep-2026 10:44:22 [boincserver] Starting task exp_20260917T102241Z_sjf_short_4_0
client-low-power-1  | 17-Sep-2026 10:44:28 [boincserver] Sending scheduler request: To fetch work.
client-low-power-1  | 17-Sep-2026 10:44:28 [boincserver] Requesting new tasks for CPU
client-low-power-1  | 17-Sep-2026 10:44:30 [boincserver] Computation for task exp_20260917T102241Z_sjf_short_4_0 finished
client-low-power-1  | 17-Sep-2026 10:44:32 [boincserver] Started upload of exp_20260917T102241Z_sjf_short_4_0_r705590596_0
client-low-power-1  | 17-Sep-2026 10:44:34 [boincserver] Finished upload of exp_20260917T102241Z_sjf_short_4_0_r705590596_0
client-low-power-1  | 17-Sep-2026 10:44:34 [boincserver] Scheduler request completed: got 1 new tasks
client-low-power-1  | 17-Sep-2026 10:44:34 [boincserver] Project requested delay of 7 seconds
client-low-power-1  | 17-Sep-2026 10:44:36 [boincserver] Elapsed time limit 50.000000 < 120.000000; setting to 43200.000000
client-low-power-1  | 17-Sep-2026 10:44:36 [boincserver] Starting task exp_20260917T102241Z_sjf_short_9_0
client-phone-1      | 17-Sep-2026 10:44:17 [http://boincserver.local/boincserver/] Requesting new tasks for CPU
client-phone-1      | 17-Sep-2026 10:44:19 [boincserver] Scheduler request completed: got 1 new tasks
client-phone-1      | 17-Sep-2026 10:44:19 [boincserver] Project requested delay of 7 seconds
client-phone-1      | 17-Sep-2026 10:44:21 [boincserver] Started download of hybrid_synthetic_1.0_aarch64-unknown-linux-gnu
client-phone-1      | 17-Sep-2026 10:44:21 [boincserver] Started download of hybrid_synthetic_input.txt
client-desktop-1    | 17-Sep-2026 10:44:30 [boincserver] Finished upload of exp_20260917T102241Z_sjf_short_1_0_r1595841634_0
client-desktop-1    | 17-Sep-2026 10:44:36 [boincserver] Computation for task exp_20260917T102241Z_sjf_short_7_0 finished
client-desktop-1    | 17-Sep-2026 10:44:36 [boincserver] Sending scheduler request: To report completed tasks.
client-cluster-1    | 17-Sep-2026 10:44:00 [---] Preferences:
client-cluster-1    | 17-Sep-2026 10:44:00 [---]    max memory usage when active: 8929.14 MB
client-phone-2-1    | 17-Sep-2026 10:44:31 [boincserver] Scheduler request completed: got 1 new tasks
client-phone-2-1    | 17-Sep-2026 10:44:31 [boincserver] Project requested delay of 7 seconds
client-low-power-1  | 17-Sep-2026 10:44:43 [boincserver] Computation for task exp_20260917T102241Z_sjf_short_9_0 finished
client-low-power-1  | 17-Sep-2026 10:44:44 [boincserver] Sending scheduler request: To report completed tasks.
client-low-power-1  | 17-Sep-2026 10:44:44 [boincserver] Reporting 1 completed tasks
client-low-power-1  | 17-Sep-2026 10:44:44 [boincserver] Requesting new tasks for CPU
client-low-power-1  | 17-Sep-2026 10:44:45 [boincserver] Started upload of exp_20260917T102241Z_sjf_short_9_0_r1444752258_0
client-cluster-2-1  | 17-Sep-2026 10:45:37 [boincserver] Starting task exp_20260917T102241Z_sjf_long_1_0
client-cluster-2-1  | 17-Sep-2026 10:45:37 [boincserver] Starting task exp_20260917T102241Z_sjf_medium_9_0
client-cluster-2-1  | 17-Sep-2026 10:45:37 [boincserver] Starting task exp_20260917T102241Z_sjf_medium_12_0
client-desktop-1    | 17-Sep-2026 10:44:36 [boincserver] Reporting 1 completed tasks
client-desktop-1    | 17-Sep-2026 10:44:36 [boincserver] Requesting new tasks for CPU
client-desktop-1    | 17-Sep-2026 10:44:37 [boincserver] Computation for task exp_20260917T102241Z_sjf_short_8_0 finished
client-desktop-1    | 17-Sep-2026 10:44:38 [boincserver] Started upload of exp_20260917T102241Z_sjf_short_7_0_r1497333061_0
client-desktop-1    | 17-Sep-2026 10:44:38 [boincserver] Scheduler request completed: got 2 new tasks
client-cluster-2-1  | 17-Sep-2026 10:45:37 [boincserver] Starting task exp_20260917T102241Z_sjf_long_2_0
client-cluster-2-1  | 17-Sep-2026 10:45:39 [boincserver] Finished upload of exp_20260917T102241Z_sjf_short_12_0_r1086082675_0
client-cluster-2-1  | 17-Sep-2026 10:45:41 [boincserver] Sending scheduler request: To report completed tasks.
client-cluster-2-1  | 17-Sep-2026 10:45:41 [boincserver] Reporting 4 completed tasks
client-cluster-2-1  | 17-Sep-2026 10:45:41 [boincserver] Requesting new tasks for CPU
client-cluster-2-1  | 17-Sep-2026 10:45:43 [boincserver] Scheduler request completed: got 0 new tasks
client-cluster-2-1  | 17-Sep-2026 10:45:43 [boincserver] Project has no tasks available
client-cluster-2-1  | 17-Sep-2026 10:45:43 [boincserver] Project requested delay of 7 seconds
client-low-power-1  | 17-Sep-2026 10:44:46 [boincserver] Finished upload of exp_20260917T102241Z_sjf_short_9_0_r1444752258_0
client-low-power-1  | 17-Sep-2026 10:44:46 [boincserver] Scheduler request completed: got 1 new tasks
client-low-power-1  | 17-Sep-2026 10:44:46 [boincserver] Project requested delay of 7 seconds
client-low-power-1  | 17-Sep-2026 10:44:48 [boincserver] Starting task exp_20260917T102241Z_sjf_medium_2_0
client-low-power-1  | 17-Sep-2026 10:45:19 [boincserver] Sending scheduler request: To report completed tasks.
client-low-power-1  | 17-Sep-2026 10:45:19 [boincserver] Reporting 1 completed tasks
client-low-power-1  | 17-Sep-2026 10:45:19 [boincserver] Requesting new tasks for CPU
client-low-power-1  | 17-Sep-2026 10:45:21 [boincserver] Computation for task exp_20260917T102241Z_sjf_medium_2_0 finished
client-low-power-1  | 17-Sep-2026 10:45:21 [boincserver] Scheduler request completed: got 1 new tasks
client-cluster-1    | 17-Sep-2026 10:44:00 [---]    max memory usage when idle: 8929.14 MB
client-cluster-1    | 17-Sep-2026 10:44:00 [---]    max disk usage: 2.00 GB
client-phone-2-1    | 17-Sep-2026 10:44:33 [boincserver] Started upload of exp_20260917T102241Z_sjf_short_5_0_r73743365_0
client-phone-2-1    | 17-Sep-2026 10:44:33 [boincserver] Elapsed time limit 50.000000 < 120.000000; setting to 43200.000000
client-phone-2-1    | 17-Sep-2026 10:44:33 [boincserver] Starting task exp_20260917T102241Z_sjf_short_10_0
client-phone-2-1    | 17-Sep-2026 10:44:35 [boincserver] Finished upload of exp_20260917T102241Z_sjf_short_5_0_r73743365_0
client-phone-2-1    | 17-Sep-2026 10:44:41 [boincserver] Computation for task exp_20260917T102241Z_sjf_short_10_0 finished
client-phone-2-1    | 17-Sep-2026 10:44:41 [boincserver] Sending scheduler request: To report completed tasks.
client-cluster-1    | 17-Sep-2026 10:44:00 [---]    don't use GPU while active
client-cluster-1    | 17-Sep-2026 10:44:00 [---]    suspend work if non-BOINC CPU load exceeds 25%
client-cluster-1    | 17-Sep-2026 10:44:00 [---]    (to change preferences, visit a project web site or select Preferences in the Manager)
client-cluster-1    | 17-Sep-2026 10:44:00 [---] Setting up project and slot directories
client-low-power-1  | 17-Sep-2026 10:45:21 [boincserver] Project requested delay of 7 seconds
client-low-power-1  | 17-Sep-2026 10:45:23 [boincserver] Started upload of exp_20260917T102241Z_sjf_medium_2_0_r1491934169_0
client-low-power-1  | 17-Sep-2026 10:45:23 [boincserver] Starting task exp_20260917T102241Z_sjf_long_3_0
client-low-power-1  | 17-Sep-2026 10:45:25 [boincserver] Finished upload of exp_20260917T102241Z_sjf_medium_2_0_r1491934169_0
client-phone-2-1    | 17-Sep-2026 10:44:41 [boincserver] Reporting 1 completed tasks
client-phone-2-1    | 17-Sep-2026 10:44:41 [boincserver] Requesting new tasks for CPU
client-phone-2-1    | 17-Sep-2026 10:44:43 [boincserver] Started upload of exp_20260917T102241Z_sjf_short_10_0_r301653938_0
client-phone-2-1    | 17-Sep-2026 10:44:43 [boincserver] Scheduler request completed: got 1 new tasks
client-cluster-1    | 17-Sep-2026 10:44:00 [---] Checking active tasks
client-cluster-1    | 17-Sep-2026 10:44:00 [---] Setting up GUI RPC socket
client-cluster-1    | dir_open: Could not open directory 'slots' from '/var/lib/boinc-client'.
client-cluster-1    | 17-Sep-2026 10:44:00 [---] Checking presence of 0 project files
client-phone-2-1    | 17-Sep-2026 10:44:43 [boincserver] Project requested delay of 7 seconds
client-phone-2-1    | 17-Sep-2026 10:44:45 [boincserver] Finished upload of exp_20260917T102241Z_sjf_short_10_0_r301653938_0
client-phone-2-1    | 17-Sep-2026 10:44:45 [boincserver] Starting task exp_20260917T102241Z_sjf_medium_1_0
client-phone-2-1    | 17-Sep-2026 10:44:53 [boincserver] Sending scheduler request: To report completed tasks.
client-cluster-2-1  | 17-Sep-2026 10:46:13 [boincserver] Sending scheduler request: To fetch work.
client-cluster-2-1  | 17-Sep-2026 10:46:13 [boincserver] Requesting new tasks for CPU
client-cluster-1    | 17-Sep-2026 10:44:00 [---] This computer is not attached to any projects
client-cluster-1    | 17-Sep-2026 10:44:00 Initialization completed
client-cluster-1    | dir_open: Could not open directory 'projects/boincserver.local_boincserver' from '/var/lib/boinc-client'.
client-cluster-1    | 17-Sep-2026 10:44:01 [---] No general preferences found - using defaults
client-cluster-1    | 17-Sep-2026 10:44:01 [---] Reading preferences override file
client-cluster-1    | 17-Sep-2026 10:44:01 [---] Preferences:
client-cluster-1    | 17-Sep-2026 10:44:01 [---]    max memory usage when active: 8929.14 MB
client-cluster-1    | 17-Sep-2026 10:44:01 [---]    max memory usage when idle: 8929.14 MB
client-cluster-1    | 17-Sep-2026 10:44:01 [---]    max disk usage: 2.00 GB
client-cluster-1    | 17-Sep-2026 10:44:01 [---]    don't use GPU while active
client-phone-2-1    | 17-Sep-2026 10:44:53 [boincserver] Reporting 1 completed tasks
client-phone-2-1    | 17-Sep-2026 10:44:53 [boincserver] Requesting new tasks for CPU
client-phone-2-1    | 17-Sep-2026 10:44:55 [boincserver] Scheduler request completed: got 1 new tasks
client-phone-2-1    | 17-Sep-2026 10:44:55 [boincserver] Project requested delay of 7 seconds
client-phone-2-1    | 17-Sep-2026 10:45:05 [boincserver] Sending scheduler request: To fetch work.
client-phone-2-1    | 17-Sep-2026 10:45:05 [boincserver] Requesting new tasks for CPU
client-phone-2-1    | 17-Sep-2026 10:45:07 [boincserver] Scheduler request completed: got 0 new tasks
client-phone-1      | 17-Sep-2026 10:44:23 [boincserver] Finished download of hybrid_synthetic_1.0_aarch64-unknown-linux-gnu
client-phone-1      | 17-Sep-2026 10:44:23 [boincserver] Finished download of hybrid_synthetic_input.txt
client-phone-1      | 17-Sep-2026 10:44:23 [boincserver] Elapsed time limit 50.000000 < 120.000000; setting to 43200.000000
client-phone-1      | 17-Sep-2026 10:44:23 [boincserver] Starting task exp_20260917T102241Z_sjf_short_6_0
client-low-power-1  | 17-Sep-2026 10:45:56 [boincserver] Sending scheduler request: To report completed tasks.
client-low-power-1  | 17-Sep-2026 10:45:56 [boincserver] Reporting 1 completed tasks
client-low-power-1  | 17-Sep-2026 10:45:56 [boincserver] Requesting new tasks for CPU
client-phone-2-1    | 17-Sep-2026 10:45:07 [boincserver] No tasks sent
client-phone-2-1    | 17-Sep-2026 10:45:07 [boincserver] This computer has reached a limit on tasks in progress
client-phone-2-1    | 17-Sep-2026 10:45:07 [boincserver] Project requested delay of 7 seconds
client-phone-2-1    | 17-Sep-2026 10:45:41 [boincserver] Computation for task exp_20260917T102241Z_sjf_medium_1_0 finished
client-phone-2-1    | 17-Sep-2026 10:45:41 [boincserver] Starting task exp_20260917T102241Z_sjf_medium_7_0
client-phone-2-1    | 17-Sep-2026 10:45:43 [boincserver] Started upload of exp_20260917T102241Z_sjf_medium_1_0_r729396486_0
client-cluster-1    | 17-Sep-2026 10:44:01 [---]    suspend work if non-BOINC CPU load exceeds 25%
client-cluster-1    | 17-Sep-2026 10:44:01 [---]    (to change preferences, visit a project web site or select Preferences in the Manager)
client-cluster-1    | 17-Sep-2026 10:44:05 [http://boincserver.local/boincserver/] Fetching scheduler list
client-cluster-1    | 17-Sep-2026 10:44:07 [http://boincserver.local/boincserver/] Master file download succeeded
client-phone-2-1    | 17-Sep-2026 10:45:45 [boincserver] Finished upload of exp_20260917T102241Z_sjf_medium_1_0_r729396486_0
client-phone-2-1    | 17-Sep-2026 10:45:49 [boincserver] Sending scheduler request: To report completed tasks.
client-phone-2-1    | 17-Sep-2026 10:45:49 [boincserver] Reporting 1 completed tasks
client-phone-2-1    | 17-Sep-2026 10:45:49 [boincserver] Requesting new tasks for CPU
client-desktop-1    | 17-Sep-2026 10:44:38 [boincserver] Project requested delay of 7 seconds
client-desktop-1    | 17-Sep-2026 10:44:39 [boincserver] Started upload of exp_20260917T102241Z_sjf_short_8_0_r1073684779_0
client-desktop-1    | 17-Sep-2026 10:44:40 [boincserver] Finished upload of exp_20260917T102241Z_sjf_short_7_0_r1497333061_0
client-desktop-1    | 17-Sep-2026 10:44:40 [boincserver] Finished upload of exp_20260917T102241Z_sjf_short_8_0_r1073684779_0
client-desktop-1    | 17-Sep-2026 10:44:40 [boincserver] Elapsed time limit 50.000000 < 120.000000; setting to 43200.000000
client-desktop-1    | 17-Sep-2026 10:44:40 [boincserver] Elapsed time limit 50.000000 < 120.000000; setting to 43200.000000
client-desktop-1    | 17-Sep-2026 10:44:40 [boincserver] Starting task exp_20260917T102241Z_sjf_short_17_0
client-desktop-1    | 17-Sep-2026 10:44:40 [boincserver] Starting task exp_20260917T102241Z_sjf_short_16_0
client-desktop-1    | 17-Sep-2026 10:45:09 [boincserver] Sending scheduler request: To report completed tasks.
client-cluster-2-1  | 17-Sep-2026 10:46:15 [boincserver] Scheduler request completed: got 0 new tasks
client-cluster-2-1  | 17-Sep-2026 10:46:15 [boincserver] Project has no tasks available
client-cluster-2-1  | 17-Sep-2026 10:46:15 [boincserver] Project requested delay of 7 seconds
client-cluster-2-1  | 17-Sep-2026 10:46:16 [boincserver] Computation for task exp_20260917T102241Z_sjf_medium_9_0 finished
mysql-1             | 2026-09-17 10:42:32 0 [Note] InnoDB: Setting file './ibtmp1' size to 12 MB. Physically writing the file full; Please wait ...
mysql-1             | 2026-09-17 10:42:32 0 [Note] InnoDB: File './ibtmp1' size is now 12 MB.
mysql-1             | 2026-09-17 10:42:32 0 [Note] InnoDB: 10.3.8 started; log sequence number 1630815; transaction id 21
mysql-1             | 2026-09-17 10:42:32 0 [Note] InnoDB: Loading buffer pool(s) from /var/lib/mysql/ib_buffer_pool
mysql-1             | 2026-09-17 10:42:32 0 [Note] Plugin 'FEEDBACK' is disabled.
client-cluster-1    | 17-Sep-2026 10:44:12 [http://boincserver.local/boincserver/] Sending scheduler request: Project initialization.
client-cluster-1    | 17-Sep-2026 10:44:12 [http://boincserver.local/boincserver/] Requesting new tasks for CPU
client-cluster-1    | 17-Sep-2026 10:44:14 [boincserver] Scheduler request completed: got 1 new tasks
client-cluster-1    | 17-Sep-2026 10:44:14 [boincserver] Project requested delay of 7 seconds
client-low-power-1  | 17-Sep-2026 10:46:03 [boincserver] Scheduler request completed: got 0 new tasks
client-low-power-1  | 17-Sep-2026 10:46:03 [boincserver] Project has no tasks available
client-low-power-1  | 17-Sep-2026 10:46:03 [boincserver] Project requested delay of 7 seconds
client-low-power-1  | 17-Sep-2026 10:46:33 [boincserver] Sending scheduler request: To fetch work.
client-phone-1      | 17-Sep-2026 10:44:29 [boincserver] Sending scheduler request: To fetch work.
client-phone-1      | 17-Sep-2026 10:44:29 [boincserver] Requesting new tasks for CPU
client-phone-1      | 17-Sep-2026 10:44:31 [boincserver] Scheduler request completed: got 1 new tasks
client-phone-1      | 17-Sep-2026 10:44:31 [boincserver] Project requested delay of 7 seconds
client-phone-1      | 17-Sep-2026 10:44:32 [boincserver] Computation for task exp_20260917T102241Z_sjf_short_6_0 finished
mysql-1             | 2026-09-17 10:42:32 0 [Note] InnoDB: Buffer pool(s) load completed at 260917 10:42:32
mysql-1             | 2026-09-17 10:42:32 0 [Warning] 'user' entry 'root@56733257fbee' ignored in --skip-name-resolve mode.
mysql-1             | 2026-09-17 10:42:32 0 [Warning] 'user' entry '@56733257fbee' ignored in --skip-name-resolve mode.
mysql-1             | 2026-09-17 10:42:32 0 [Warning] 'proxies_priv' entry '@% root@56733257fbee' ignored in --skip-name-resolve mode.
mysql-1             | 2026-09-17 10:42:32 0 [Note] Reading of all Master_info entries succeded
mysql-1             | 2026-09-17 10:42:32 0 [Note] Added new Master_info '' to hash table
mysql-1             | 2026-09-17 10:42:32 0 [Note] mysqld: ready for connections.
mysql-1             | Version: '10.3.8-MariaDB-1:10.3.8+maria~bionic'  socket: '/var/run/mysqld/mysqld.sock'  port: 0  mariadb.org binary distribution
mysql-1             | Warning: Unable to load '/usr/share/zoneinfo/leap-seconds.list' as time zone. Skipping it.
mysql-1             | 2026-09-17 10:42:33 10 [Warning] 'proxies_priv' entry '@% root@56733257fbee' ignored in --skip-name-resolve mode.
mysql-1             | 
mysql-1             | 2026-09-17 10:42:33 0 [Note] mysqld (initiated by: unknown): Normal shutdown
client-low-power-1  | 17-Sep-2026 10:46:33 [boincserver] Requesting new tasks for CPU
client-low-power-1  | 17-Sep-2026 10:46:39 [boincserver] Scheduler request completed: got 0 new tasks
client-low-power-1  | 17-Sep-2026 10:46:39 [boincserver] Project has no tasks available
client-low-power-1  | 17-Sep-2026 10:46:39 [boincserver] Project requested delay of 7 seconds
client-cluster-2-1  | 17-Sep-2026 10:46:17 [boincserver] Computation for task exp_20260917T102241Z_sjf_medium_12_0 finished
client-cluster-2-1  | 17-Sep-2026 10:46:18 [boincserver] Started upload of exp_20260917T102241Z_sjf_medium_9_0_r1006683604_0
client-cluster-2-1  | 17-Sep-2026 10:46:19 [boincserver] Started upload of exp_20260917T102241Z_sjf_medium_12_0_r1804220440_0
client-cluster-2-1  | 17-Sep-2026 10:46:20 [boincserver] Finished upload of exp_20260917T102241Z_sjf_medium_9_0_r1006683604_0
client-cluster-2-1  | 17-Sep-2026 10:46:20 [boincserver] Finished upload of exp_20260917T102241Z_sjf_medium_12_0_r1804220440_0
client-phone-2-1    | 17-Sep-2026 10:46:15 [boincserver] Scheduler request completed: got 0 new tasks
client-phone-2-1    | 17-Sep-2026 10:46:15 [boincserver] Project has no tasks available
client-phone-1      | 17-Sep-2026 10:44:33 [boincserver] Elapsed time limit 50.000000 < 120.000000; setting to 43200.000000
client-phone-1      | 17-Sep-2026 10:44:33 [boincserver] Starting task exp_20260917T102241Z_sjf_short_11_0
client-phone-1      | 17-Sep-2026 10:44:34 [boincserver] Started upload of exp_20260917T102241Z_sjf_short_6_0_r1692255401_0
client-phone-1      | 17-Sep-2026 10:44:36 [boincserver] Finished upload of exp_20260917T102241Z_sjf_short_6_0_r1692255401_0
client-phone-1      | 17-Sep-2026 10:44:41 [boincserver] Computation for task exp_20260917T102241Z_sjf_short_11_0 finished
client-cluster-1    | 17-Sep-2026 10:44:16 [boincserver] Started download of hybrid_synthetic_1.0_aarch64-unknown-linux-gnu
client-cluster-1    | 17-Sep-2026 10:44:16 [boincserver] Started download of hybrid_synthetic_input.txt
client-cluster-1    | 17-Sep-2026 10:44:18 [boincserver] Finished download of hybrid_synthetic_1.0_aarch64-unknown-linux-gnu
client-cluster-1    | 17-Sep-2026 10:44:18 [boincserver] Finished download of hybrid_synthetic_input.txt
client-cluster-1    | 17-Sep-2026 10:44:18 [boincserver] Elapsed time limit 50.000000 < 120.000000; setting to 43200.000000
client-low-power-1  | 17-Sep-2026 10:47:51 [boincserver] Computation for task exp_20260917T102241Z_sjf_long_3_0 finished
client-low-power-1  | 17-Sep-2026 10:47:53 [boincserver] Started upload of exp_20260917T102241Z_sjf_long_3_0_r355465552_0
client-low-power-1  | 17-Sep-2026 10:47:55 [boincserver] Finished upload of exp_20260917T102241Z_sjf_long_3_0_r355465552_0
mysql-1             | 2026-09-17 10:42:33 0 [Note] Event Scheduler: Purging the queue. 0 events
mysql-1             | 2026-09-17 10:42:33 0 [Note] InnoDB: FTS optimize thread exiting.
mysql-1             | 2026-09-17 10:42:33 0 [Note] InnoDB: Starting shutdown...
mysql-1             | 2026-09-17 10:42:33 0 [Note] InnoDB: Dumping buffer pool(s) to /var/lib/mysql/ib_buffer_pool
client-desktop-1    | 17-Sep-2026 10:45:09 [boincserver] Reporting 2 completed tasks
client-desktop-1    | 17-Sep-2026 10:45:09 [boincserver] Requesting new tasks for CPU
client-desktop-1    | 17-Sep-2026 10:45:11 [boincserver] Computation for task exp_20260917T102241Z_sjf_short_17_0 finished
client-desktop-1    | 17-Sep-2026 10:45:11 [boincserver] Scheduler request completed: got 2 new tasks
client-desktop-1    | 17-Sep-2026 10:45:11 [boincserver] Project requested delay of 7 seconds
client-phone-1      | 17-Sep-2026 10:44:41 [boincserver] Sending scheduler request: To report completed tasks.
client-phone-1      | 17-Sep-2026 10:44:41 [boincserver] Reporting 1 completed tasks
client-phone-1      | 17-Sep-2026 10:44:41 [boincserver] Requesting new tasks for CPU
client-phone-1      | 17-Sep-2026 10:44:43 [boincserver] Started upload of exp_20260917T102241Z_sjf_short_11_0_r2036132179_0
client-phone-1      | 17-Sep-2026 10:44:43 [boincserver] Scheduler request completed: got 1 new tasks
client-phone-1      | 17-Sep-2026 10:44:43 [boincserver] Project requested delay of 7 seconds
client-phone-1      | 17-Sep-2026 10:44:45 [boincserver] Finished upload of exp_20260917T102241Z_sjf_short_11_0_r2036132179_0
mysql-1             | 2026-09-17 10:42:33 0 [Note] InnoDB: Buffer pool(s) dump completed at 260917 10:42:33
mysql-1             | 2026-09-17 10:42:34 0 [Note] InnoDB: Shutdown completed; log sequence number 1630824; transaction id 24
mysql-1             | 2026-09-17 10:42:34 0 [Note] InnoDB: Removed temporary tablespace data file: "ibtmp1"
client-cluster-2-1  | 17-Sep-2026 10:46:50 [boincserver] Sending scheduler request: To report completed tasks.
client-cluster-2-1  | 17-Sep-2026 10:46:50 [boincserver] Reporting 2 completed tasks
client-cluster-2-1  | 17-Sep-2026 10:46:50 [boincserver] Requesting new tasks for CPU
client-cluster-2-1  | 17-Sep-2026 10:46:58 [boincserver] Scheduler request completed: got 0 new tasks
client-desktop-1    | 17-Sep-2026 10:45:12 [boincserver] Computation for task exp_20260917T102241Z_sjf_short_16_0 finished
client-desktop-1    | 17-Sep-2026 10:45:13 [boincserver] Started upload of exp_20260917T102241Z_sjf_short_17_0_r861471362_0
client-desktop-1    | 17-Sep-2026 10:45:13 [boincserver] Starting task exp_20260917T102241Z_sjf_medium_11_0
client-desktop-1    | 17-Sep-2026 10:45:13 [boincserver] Starting task exp_20260917T102241Z_sjf_medium_10_0
client-desktop-1    | 17-Sep-2026 10:45:14 [boincserver] Started upload of exp_20260917T102241Z_sjf_short_16_0_r2092618564_0
client-desktop-1    | 17-Sep-2026 10:45:15 [boincserver] Finished upload of exp_20260917T102241Z_sjf_short_17_0_r861471362_0
client-phone-1      | 17-Sep-2026 10:44:45 [boincserver] Elapsed time limit 50.000000 < 120.000000; setting to 43200.000000
client-phone-1      | 17-Sep-2026 10:44:45 [boincserver] Starting task exp_20260917T102241Z_sjf_short_18_0
client-phone-1      | 17-Sep-2026 10:44:53 [boincserver] Computation for task exp_20260917T102241Z_sjf_short_18_0 finished
client-phone-1      | 17-Sep-2026 10:44:53 [boincserver] Sending scheduler request: To report completed tasks.
client-phone-1      | 17-Sep-2026 10:44:53 [boincserver] Reporting 1 completed tasks
client-phone-1      | 17-Sep-2026 10:44:53 [boincserver] Requesting new tasks for CPU
client-phone-1      | 17-Sep-2026 10:44:55 [boincserver] Started upload of exp_20260917T102241Z_sjf_short_18_0_r131765538_0
client-phone-1      | 17-Sep-2026 10:44:57 [boincserver] Finished upload of exp_20260917T102241Z_sjf_short_18_0_r131765538_0
client-phone-1      | 17-Sep-2026 10:45:00 [boincserver] Scheduler request completed: got 1 new tasks
client-phone-1      | 17-Sep-2026 10:45:00 [boincserver] Project requested delay of 7 seconds
client-cluster-2-1  | 17-Sep-2026 10:46:58 [boincserver] Project has no tasks available
client-cluster-2-1  | 17-Sep-2026 10:46:58 [boincserver] Project requested delay of 7 seconds
client-cluster-2-1  | 17-Sep-2026 10:47:28 [boincserver] Sending scheduler request: To fetch work.
client-desktop-1    | 17-Sep-2026 10:45:15 [boincserver] Finished upload of exp_20260917T102241Z_sjf_short_16_0_r2092618564_0
client-desktop-1    | 17-Sep-2026 10:45:46 [boincserver] Sending scheduler request: To report completed tasks.
mysql-1             | 2026-09-17 10:42:34 0 [Note] mysqld: Shutdown complete
client-cluster-2-1  | 17-Sep-2026 10:47:28 [boincserver] Requesting new tasks for CPU
client-cluster-2-1  | 17-Sep-2026 10:47:35 [boincserver] Scheduler request completed: got 0 new tasks
client-phone-2-1    | 17-Sep-2026 10:46:15 [boincserver] Project requested delay of 7 seconds
client-phone-2-1    | 17-Sep-2026 10:46:18 [boincserver] Computation for task exp_20260917T102241Z_sjf_medium_7_0 finished
client-phone-2-1    | 17-Sep-2026 10:46:21 [boincserver] Started upload of exp_20260917T102241Z_sjf_medium_7_0_r914407205_0
client-phone-2-1    | 17-Sep-2026 10:46:23 [boincserver] Finished upload of exp_20260917T102241Z_sjf_medium_7_0_r914407205_0
client-low-power-1  | 17-Sep-2026 10:47:58 [boincserver] Sending scheduler request: To report completed tasks.
client-low-power-1  | 17-Sep-2026 10:47:58 [boincserver] Reporting 1 completed tasks
client-low-power-1  | 17-Sep-2026 10:47:58 [boincserver] Requesting new tasks for CPU
client-low-power-1  | 17-Sep-2026 10:48:15 [boincserver] Scheduler request completed: got 0 new tasks
client-low-power-1  | 17-Sep-2026 10:48:15 [boincserver] Project has no tasks available
client-low-power-1  | 17-Sep-2026 10:48:15 [boincserver] Project requested delay of 7 seconds
client-phone-1      | 17-Sep-2026 10:45:02 [boincserver] Starting task exp_20260917T102241Z_sjf_medium_8_0
mysql-1             | 
mysql-1             | 
client-cluster-1    | 17-Sep-2026 10:44:18 [boincserver] Starting task exp_20260917T102241Z_sjf_short_2_0
client-cluster-1    | 17-Sep-2026 10:44:48 [boincserver] Sending scheduler request: To fetch work.
client-cluster-1    | 17-Sep-2026 10:44:48 [boincserver] Requesting new tasks for CPU
client-cluster-1    | 17-Sep-2026 10:44:50 [boincserver] Computation for task exp_20260917T102241Z_sjf_short_2_0 finished
client-cluster-1    | 17-Sep-2026 10:44:50 [boincserver] Scheduler request completed: got 4 new tasks
client-cluster-1    | 17-Sep-2026 10:44:50 [boincserver] Project requested delay of 7 seconds
client-cluster-1    | 17-Sep-2026 10:44:53 [boincserver] Started upload of exp_20260917T102241Z_sjf_short_2_0_r1897208526_0
client-cluster-1    | 17-Sep-2026 10:44:53 [boincserver] Starting task exp_20260917T102241Z_sjf_medium_6_0
client-phone-2-1    | 17-Sep-2026 10:46:26 [boincserver] Sending scheduler request: To report completed tasks.
client-phone-2-1    | 17-Sep-2026 10:46:26 [boincserver] Reporting 1 completed tasks
client-phone-2-1    | 17-Sep-2026 10:46:26 [boincserver] Requesting new tasks for CPU
client-phone-2-1    | 17-Sep-2026 10:46:28 [boincserver] Scheduler request completed: got 0 new tasks
client-phone-2-1    | 17-Sep-2026 10:46:28 [boincserver] Project has no tasks available
client-phone-2-1    | 17-Sep-2026 10:46:28 [boincserver] Project requested delay of 7 seconds
client-phone-2-1    | 17-Sep-2026 10:46:54 [boincserver] Sending scheduler request: To fetch work.
client-phone-2-1    | 17-Sep-2026 10:46:54 [boincserver] Requesting new tasks for CPU
mysql-1             | MySQL init process done. Ready for start up.
mysql-1             | 
client-cluster-2-1  | 17-Sep-2026 10:47:35 [boincserver] Project has no tasks available
client-cluster-2-1  | 17-Sep-2026 10:47:35 [boincserver] Project requested delay of 7 seconds
client-cluster-2-1  | 17-Sep-2026 10:48:05 [boincserver] Computation for task exp_20260917T102241Z_sjf_long_1_0 finished
client-cluster-2-1  | 17-Sep-2026 10:48:06 [boincserver] Computation for task exp_20260917T102241Z_sjf_long_2_0 finished
client-cluster-2-1  | 17-Sep-2026 10:48:07 [boincserver] Started upload of exp_20260917T102241Z_sjf_long_1_0_r234116697_0
client-phone-1      | 17-Sep-2026 10:45:29 [boincserver] Sending scheduler request: To report completed tasks.
client-phone-1      | 17-Sep-2026 10:45:29 [boincserver] Reporting 1 completed tasks
client-desktop-1    | 17-Sep-2026 10:45:46 [boincserver] Reporting 2 completed tasks
client-desktop-1    | 17-Sep-2026 10:45:46 [boincserver] Requesting new tasks for CPU
client-desktop-1    | 17-Sep-2026 10:45:48 [boincserver] Computation for task exp_20260917T102241Z_sjf_medium_11_0 finished
client-desktop-1    | 17-Sep-2026 10:45:49 [boincserver] Computation for task exp_20260917T102241Z_sjf_medium_10_0 finished
client-desktop-1    | 17-Sep-2026 10:45:50 [boincserver] Started upload of exp_20260917T102241Z_sjf_medium_11_0_r83915086_0
client-desktop-1    | 17-Sep-2026 10:45:51 [boincserver] Started upload of exp_20260917T102241Z_sjf_medium_10_0_r15466775_0
client-desktop-1    | 17-Sep-2026 10:45:52 [boincserver] Finished upload of exp_20260917T102241Z_sjf_medium_11_0_r83915086_0
client-desktop-1    | 17-Sep-2026 10:45:52 [boincserver] Finished upload of exp_20260917T102241Z_sjf_medium_10_0_r15466775_0
client-phone-2-1    | 17-Sep-2026 10:46:56 [boincserver] Scheduler request completed: got 0 new tasks
client-phone-2-1    | 17-Sep-2026 10:46:56 [boincserver] Project has no tasks available
client-phone-2-1    | 17-Sep-2026 10:46:56 [boincserver] Project requested delay of 7 seconds
mysql-1             | 2026-09-17 10:42:34 0 [Note] mysqld (mysqld 10.3.8-MariaDB-1:10.3.8+maria~bionic) starting as process 1 ...
mysql-1             | 2026-09-17 10:42:34 0 [Note] InnoDB: Using Linux native AIO
mysql-1             | 2026-09-17 10:42:34 0 [Note] InnoDB: Mutexes and rw_locks use GCC atomic builtins
client-cluster-2-1  | 17-Sep-2026 10:48:08 [boincserver] Started upload of exp_20260917T102241Z_sjf_long_2_0_r1512095440_0
client-cluster-2-1  | 17-Sep-2026 10:48:09 [boincserver] Finished upload of exp_20260917T102241Z_sjf_long_1_0_r234116697_0
client-phone-1      | 17-Sep-2026 10:45:29 [boincserver] Requesting new tasks for CPU
client-phone-1      | 17-Sep-2026 10:45:36 [boincserver] Scheduler request completed: got 0 new tasks
client-phone-1      | 17-Sep-2026 10:45:36 [boincserver] Project has no tasks available
client-phone-1      | 17-Sep-2026 10:45:36 [boincserver] Project requested delay of 7 seconds
client-phone-1      | 17-Sep-2026 10:45:37 [boincserver] Computation for task exp_20260917T102241Z_sjf_medium_8_0 finished
client-cluster-1    | 17-Sep-2026 10:44:53 [boincserver] Starting task exp_20260917T102241Z_sjf_medium_3_0
client-cluster-1    | 17-Sep-2026 10:44:53 [boincserver] Starting task exp_20260917T102241Z_sjf_medium_4_0
client-phone-1      | 17-Sep-2026 10:45:39 [boincserver] Started upload of exp_20260917T102241Z_sjf_medium_8_0_r388799926_0
client-phone-1      | 17-Sep-2026 10:46:06 [boincserver] Finished upload of exp_20260917T102241Z_sjf_medium_8_0_r388799926_0
client-phone-1      | 17-Sep-2026 10:46:06 [boincserver] Sending scheduler request: To report completed tasks.
client-phone-1      | 17-Sep-2026 10:46:06 [boincserver] Reporting 1 completed tasks
client-phone-1      | 17-Sep-2026 10:46:06 [boincserver] Requesting new tasks for CPU
client-desktop-1    | 17-Sep-2026 10:45:53 [boincserver] Scheduler request completed: got 0 new tasks
client-desktop-1    | 17-Sep-2026 10:45:53 [boincserver] Project has no tasks available
client-desktop-1    | 17-Sep-2026 10:45:53 [boincserver] Project requested delay of 7 seconds
client-desktop-1    | 17-Sep-2026 10:46:23 [boincserver] Sending scheduler request: To report completed tasks.
client-desktop-1    | 17-Sep-2026 10:46:23 [boincserver] Reporting 2 completed tasks
client-desktop-1    | 17-Sep-2026 10:46:23 [boincserver] Requesting new tasks for CPU
client-desktop-1    | 17-Sep-2026 10:46:30 [boincserver] Scheduler request completed: got 0 new tasks
client-desktop-1    | 17-Sep-2026 10:46:30 [boincserver] Project has no tasks available
client-cluster-1    | 17-Sep-2026 10:44:53 [boincserver] Starting task exp_20260917T102241Z_sjf_medium_5_0
client-cluster-1    | 17-Sep-2026 10:44:55 [boincserver] Finished upload of exp_20260917T102241Z_sjf_short_2_0_r1897208526_0
client-cluster-1    | 17-Sep-2026 10:45:26 [boincserver] Sending scheduler request: To report completed tasks.
client-cluster-1    | 17-Sep-2026 10:45:26 [boincserver] Reporting 1 completed tasks
client-cluster-2-1  | 17-Sep-2026 10:48:09 [boincserver] Finished upload of exp_20260917T102241Z_sjf_long_2_0_r1512095440_0
client-cluster-2-1  | 17-Sep-2026 10:48:10 [boincserver] Sending scheduler request: To report completed tasks.
client-cluster-2-1  | 17-Sep-2026 10:48:10 [boincserver] Reporting 2 completed tasks
client-cluster-2-1  | 17-Sep-2026 10:48:10 [boincserver] Requesting new tasks for CPU
client-cluster-2-1  | 17-Sep-2026 10:48:12 [boincserver] Scheduler request completed: got 0 new tasks
client-cluster-2-1  | 17-Sep-2026 10:48:12 [boincserver] Project has no tasks available
client-cluster-2-1  | 17-Sep-2026 10:48:12 [boincserver] Project requested delay of 7 seconds
client-cluster-2-1  | 17-Sep-2026 10:48:22 [boincserver] Sending scheduler request: To fetch work.
client-cluster-2-1  | 17-Sep-2026 10:48:22 [boincserver] Requesting new tasks for CPU
client-cluster-2-1  | 17-Sep-2026 10:48:24 [boincserver] Scheduler request completed: got 0 new tasks
client-cluster-2-1  | 17-Sep-2026 10:48:24 [boincserver] Project has no tasks available
client-cluster-2-1  | 17-Sep-2026 10:48:24 [boincserver] Project requested delay of 7 seconds
client-cluster-1    | 17-Sep-2026 10:45:26 [boincserver] Requesting new tasks for CPU
client-cluster-1    | 17-Sep-2026 10:45:28 [boincserver] Scheduler request completed: got 3 new tasks
client-phone-1      | 17-Sep-2026 10:46:08 [boincserver] Scheduler request completed: got 0 new tasks
client-phone-1      | 17-Sep-2026 10:46:08 [boincserver] Project has no tasks available
client-phone-1      | 17-Sep-2026 10:46:08 [boincserver] Project requested delay of 7 seconds
client-phone-1      | 17-Sep-2026 10:46:43 [boincserver] Sending scheduler request: To fetch work.
mysql-1             | 2026-09-17 10:42:34 0 [Note] InnoDB: Uses event mutexes
mysql-1             | 2026-09-17 10:42:34 0 [Note] InnoDB: Compressed tables use zlib 1.2.11
mysql-1             | 2026-09-17 10:42:34 0 [Note] InnoDB: Number of pools: 1
mysql-1             | 2026-09-17 10:42:34 0 [Note] InnoDB: Using generic crc32 instructions
mysql-1             | 2026-09-17 10:42:34 0 [Note] InnoDB: Initializing buffer pool, total size = 256M, instances = 1, chunk size = 128M
client-phone-1      | 17-Sep-2026 10:46:43 [boincserver] Requesting new tasks for CPU
client-phone-1      | 17-Sep-2026 10:46:50 [boincserver] Scheduler request completed: got 0 new tasks
client-phone-1      | 17-Sep-2026 10:46:50 [boincserver] Project has no tasks available
client-phone-1      | 17-Sep-2026 10:46:50 [boincserver] Project requested delay of 7 seconds
client-desktop-1    | 17-Sep-2026 10:46:30 [boincserver] Project requested delay of 7 seconds
client-desktop-1    | 17-Sep-2026 10:47:00 [boincserver] Sending scheduler request: To fetch work.
client-cluster-1    | 17-Sep-2026 10:45:28 [boincserver] Project requested delay of 7 seconds
client-cluster-1    | 17-Sep-2026 10:45:29 [boincserver] Computation for task exp_20260917T102241Z_sjf_medium_6_0 finished
client-desktop-1    | 17-Sep-2026 10:47:00 [boincserver] Requesting new tasks for CPU
client-desktop-1    | 17-Sep-2026 10:47:06 [boincserver] Scheduler request completed: got 0 new tasks
client-desktop-1    | 17-Sep-2026 10:47:06 [boincserver] Project has no tasks available
mysql-1             | 2026-09-17 10:42:34 0 [Note] InnoDB: Completed initialization of buffer pool
mysql-1             | 2026-09-17 10:42:34 0 [Note] InnoDB: If the mysqld execution user is authorized, page cleaner thread priority can be changed. See the man page of setpriority().
client-desktop-1    | 17-Sep-2026 10:47:06 [boincserver] Project requested delay of 7 seconds
mysql-1             | 2026-09-17 10:42:34 0 [Note] InnoDB: 128 out of 128 rollback segments are active.
mysql-1             | 2026-09-17 10:42:34 0 [Note] InnoDB: Creating shared tablespace for temporary tables
client-cluster-1    | 17-Sep-2026 10:45:30 [boincserver] Computation for task exp_20260917T102241Z_sjf_medium_3_0 finished
client-cluster-1    | 17-Sep-2026 10:45:30 [boincserver] Starting task exp_20260917T102241Z_sjf_long_6_0
client-cluster-1    | 17-Sep-2026 10:45:30 [boincserver] Starting task exp_20260917T102241Z_sjf_long_5_0
client-cluster-1    | 17-Sep-2026 10:45:31 [boincserver] Started upload of exp_20260917T102241Z_sjf_medium_6_0_r1027939008_0
mysql-1             | 2026-09-17 10:42:34 0 [Note] InnoDB: Setting file './ibtmp1' size to 12 MB. Physically writing the file full; Please wait ...
mysql-1             | 2026-09-17 10:42:34 0 [Note] InnoDB: File './ibtmp1' size is now 12 MB.
mysql-1             | 2026-09-17 10:42:34 0 [Note] InnoDB: 10.3.8 started; log sequence number 1630824; transaction id 21
mysql-1             | 2026-09-17 10:42:34 0 [Note] InnoDB: Loading buffer pool(s) from /var/lib/mysql/ib_buffer_pool
mysql-1             | 2026-09-17 10:42:34 0 [Note] Plugin 'FEEDBACK' is disabled.
mysql-1             | 2026-09-17 10:42:34 0 [Note] InnoDB: Buffer pool(s) load completed at 260917 10:42:34
mysql-1             | 2026-09-17 10:42:34 0 [Note] Server socket created on IP: '::'.
mysql-1             | 2026-09-17 10:42:34 0 [Warning] 'proxies_priv' entry '@% root@56733257fbee' ignored in --skip-name-resolve mode.
mysql-1             | 2026-09-17 10:42:34 0 [Note] Reading of all Master_info entries succeded
mysql-1             | 2026-09-17 10:42:34 0 [Note] Added new Master_info '' to hash table
mysql-1             | 2026-09-17 10:42:34 0 [Note] mysqld: ready for connections.
client-cluster-1    | 17-Sep-2026 10:45:31 [boincserver] Computation for task exp_20260917T102241Z_sjf_medium_4_0 finished
client-cluster-1    | 17-Sep-2026 10:45:31 [boincserver] Starting task exp_20260917T102241Z_sjf_long_4_0
client-cluster-1    | 17-Sep-2026 10:45:32 [boincserver] Started upload of exp_20260917T102241Z_sjf_medium_3_0_r2061176405_0
client-cluster-1    | 17-Sep-2026 10:45:32 [boincserver] Computation for task exp_20260917T102241Z_sjf_medium_5_0 finished
client-cluster-1    | 17-Sep-2026 10:45:33 [boincserver] Finished upload of exp_20260917T102241Z_sjf_medium_6_0_r1027939008_0
mysql-1             | Version: '10.3.8-MariaDB-1:10.3.8+maria~bionic'  socket: '/var/run/mysqld/mysqld.sock'  port: 3306  mariadb.org binary distribution
mysql-1             | 2026-09-17 10:42:35 8 [Warning] Access denied for user 'boincadm'@'172.21.0.3' (using password: NO)
mysql-1             | 2026-09-17 10:42:53 17 [Warning] Aborted connection 17 to db: 'boincserver' user: 'root' host: '172.21.0.4' (Got an error reading communication packets)
mysql-1             | 2026-09-17 10:42:53 16 [Warning] Aborted connection 16 to db: 'boincserver' user: 'root' host: '172.21.0.4' (Got an error reading communication packets)
mysql-1             | 2026-09-17 10:42:53 15 [Warning] Aborted connection 15 to db: 'boincserver' user: 'root' host: '172.21.0.4' (Got an error reading communication packets)
mysql-1             | 2026-09-17 10:45:01 113 [Warning] Aborted connection 113 to db: 'boincserver' user: 'root' host: '172.21.0.4' (Got an error reading communication packets)
mysql-1             | 2026-09-17 10:45:01 117 [Warning] Aborted connection 117 to db: 'boincserver' user: 'root' host: '172.21.0.4' (Got an error reading communication packets)
client-cluster-1    | 17-Sep-2026 10:45:33 [boincserver] Finished upload of exp_20260917T102241Z_sjf_medium_3_0_r2061176405_0
client-cluster-1    | 17-Sep-2026 10:45:33 [boincserver] Started upload of exp_20260917T102241Z_sjf_medium_4_0_r36782095_0
client-cluster-1    | 17-Sep-2026 10:45:34 [boincserver] Started upload of exp_20260917T102241Z_sjf_medium_5_0_r1554323696_0
client-cluster-1    | 17-Sep-2026 10:45:35 [boincserver] Finished upload of exp_20260917T102241Z_sjf_medium_4_0_r36782095_0
client-cluster-1    | 17-Sep-2026 10:45:35 [boincserver] Finished upload of exp_20260917T102241Z_sjf_medium_5_0_r1554323696_0
client-cluster-1    | 17-Sep-2026 10:46:03 [boincserver] Sending scheduler request: To report completed tasks.
client-cluster-1    | 17-Sep-2026 10:46:03 [boincserver] Reporting 4 completed tasks
client-cluster-1    | 17-Sep-2026 10:46:03 [boincserver] Requesting new tasks for CPU
client-cluster-1    | 17-Sep-2026 10:46:05 [boincserver] Scheduler request completed: got 0 new tasks
client-cluster-1    | 17-Sep-2026 10:46:05 [boincserver] Project has no tasks available
client-cluster-1    | 17-Sep-2026 10:46:05 [boincserver] Project requested delay of 7 seconds
client-cluster-1    | 17-Sep-2026 10:46:40 [boincserver] Sending scheduler request: To fetch work.
client-cluster-1    | 17-Sep-2026 10:46:40 [boincserver] Requesting new tasks for CPU
client-cluster-1    | 17-Sep-2026 10:46:42 [boincserver] Scheduler request completed: got 0 new tasks
client-cluster-1    | 17-Sep-2026 10:46:42 [boincserver] Project has no tasks available
client-cluster-1    | 17-Sep-2026 10:46:42 [boincserver] Project requested delay of 7 seconds
client-cluster-1    | 17-Sep-2026 10:47:58 [boincserver] Computation for task exp_20260917T102241Z_sjf_long_6_0 finished
client-cluster-1    | 17-Sep-2026 10:47:59 [boincserver] Computation for task exp_20260917T102241Z_sjf_long_5_0 finished
client-cluster-1    | 17-Sep-2026 10:48:00 [boincserver] Started upload of exp_20260917T102241Z_sjf_long_6_0_r1154370285_0
client-cluster-1    | 17-Sep-2026 10:48:00 [boincserver] Computation for task exp_20260917T102241Z_sjf_long_4_0 finished
client-cluster-1    | 17-Sep-2026 10:48:01 [boincserver] Started upload of exp_20260917T102241Z_sjf_long_5_0_r1248525671_0
client-cluster-1    | 17-Sep-2026 10:48:02 [boincserver] Finished upload of exp_20260917T102241Z_sjf_long_6_0_r1154370285_0
client-cluster-1    | 17-Sep-2026 10:48:02 [boincserver] Finished upload of exp_20260917T102241Z_sjf_long_5_0_r1248525671_0
client-cluster-1    | 17-Sep-2026 10:48:02 [boincserver] Started upload of exp_20260917T102241Z_sjf_long_4_0_r1885418279_0
client-cluster-1    | 17-Sep-2026 10:48:04 [boincserver] Finished upload of exp_20260917T102241Z_sjf_long_4_0_r1885418279_0
client-cluster-1    | 17-Sep-2026 10:48:06 [boincserver] Sending scheduler request: To report completed tasks.
client-cluster-1    | 17-Sep-2026 10:48:06 [boincserver] Reporting 3 completed tasks
client-cluster-1    | 17-Sep-2026 10:48:06 [boincserver] Requesting new tasks for CPU
client-cluster-1    | 17-Sep-2026 10:48:16 [boincserver] Scheduler request completed: got 0 new tasks
client-cluster-1    | 17-Sep-2026 10:48:16 [boincserver] Project has no tasks available
client-cluster-1    | 17-Sep-2026 10:48:16 [boincserver] Project requested delay of 7 seconds
