client-cluster-2-1  | 16-Sep-2026 15:46:19 [---] Starting BOINC client version 7.20.5 for aarch64-unknown-linux-gnu
client-cluster-2-1  | 16-Sep-2026 15:46:19 [---] This a development version of BOINC and may not function properly
client-cluster-2-1  | 16-Sep-2026 15:46:19 [---] log flags: file_xfer, sched_ops, task
client-phone-1      | 16-Sep-2026 15:46:24 [---] Starting BOINC client version 7.20.5 for aarch64-unknown-linux-gnu
client-phone-1      | 16-Sep-2026 15:46:24 [---] This a development version of BOINC and may not function properly
client-phone-1      | 16-Sep-2026 15:46:24 [---] log flags: file_xfer, sched_ops, task
client-cluster-2-1  | 16-Sep-2026 15:46:19 [---] Libraries: libcurl/7.88.1 OpenSSL/3.0.20 zlib/1.2.13 brotli/1.0.9 zstd/1.5.4 libidn2/2.3.3 libpsl/0.21.2 (+libidn2/2.3.3) libssh2/1.10.0 nghttp2/1.52.0 librtmp/2.3 OpenLDAP/2.5.13
client-cluster-2-1  | 16-Sep-2026 15:46:19 [---] Data directory: /var/lib/boinc-client
client-cluster-2-1  | 16-Sep-2026 15:46:19 [---] No usable GPUs found
client-cluster-2-1  | 16-Sep-2026 15:46:19 [---] Creating new client state file
client-cluster-2-1  | 16-Sep-2026 15:46:19 [---] libc:  version 2.36
client-cluster-2-1  | 16-Sep-2026 15:46:19 [---] Host name: cluster-02
client-cluster-2-1  | 16-Sep-2026 15:46:19 [---] Processor: 4 ARM  [Impl 0x61 Arch 8 Variant 0x0 Part 0x000 Rev 0]
client-cluster-2-1  | 16-Sep-2026 15:46:19 [---] Processor features: fp asimd evtstrm aes pmull sha1 sha2 crc32 atomics fphp asimdhp cpuid asimdrdm jscvt fcma lrcpc dcpop sha3 asimddp sha512 asimdfhm dit uscat ilrcpc flagm sb paca pacg dcpodp flagm2 frint i8mm bf16 bti afp
client-cluster-2-1  | 16-Sep-2026 15:46:19 [---] OS: Linux Debian GNU/Linux: Debian GNU/Linux 12 (bookworm) [6.8.0-100-generic|libc 2.36]
client-cluster-2-1  | 16-Sep-2026 15:46:19 [---] Memory: 9.69 GB physical, 0 bytes virtual
client-cluster-2-1  | 16-Sep-2026 15:46:19 [---] Disk: 18.33 GB total, 15.69 GB free
client-cluster-2-1  | 16-Sep-2026 15:46:19 [---] Local time is UTC +0 hours
client-cluster-2-1  | 16-Sep-2026 15:46:19 [---] Config: GUI RPC allowed from any host
client-cluster-2-1  | 16-Sep-2026 15:46:19 [---] Config: simulate 4 CPUs
client-cluster-2-1  | 16-Sep-2026 15:46:19 [---] Config: report completed tasks immediately
client-cluster-2-1  | 16-Sep-2026 15:46:19 [---] No general preferences found - using defaults
client-cluster-2-1  | 16-Sep-2026 15:46:19 [---] Reading preferences override file
client-cluster-2-1  | 16-Sep-2026 15:46:19 [---] Preferences:
client-cluster-2-1  | 16-Sep-2026 15:46:19 [---]    max memory usage when active: 8929.14 MB
client-cluster-2-1  | 16-Sep-2026 15:46:19 [---]    max memory usage when idle: 8929.14 MB
client-cluster-2-1  | 16-Sep-2026 15:46:19 [---]    max disk usage: 2.00 GB
client-cluster-2-1  | 16-Sep-2026 15:46:19 [---]    don't use GPU while active
client-phone-1      | 16-Sep-2026 15:46:24 [---] Libraries: libcurl/7.88.1 OpenSSL/3.0.20 zlib/1.2.13 brotli/1.0.9 zstd/1.5.4 libidn2/2.3.3 libpsl/0.21.2 (+libidn2/2.3.3) libssh2/1.10.0 nghttp2/1.52.0 librtmp/2.3 OpenLDAP/2.5.13
client-phone-1      | 16-Sep-2026 15:46:24 [---] Data directory: /var/lib/boinc-client
client-phone-1      | 16-Sep-2026 15:46:24 [---] No usable GPUs found
client-phone-1      | 16-Sep-2026 15:46:24 [---] Creating new client state file
client-phone-1      | 16-Sep-2026 15:46:24 [---] libc:  version 2.36
client-phone-1      | 16-Sep-2026 15:46:24 [---] Host name: phone-01
client-phone-1      | 16-Sep-2026 15:46:24 [---] Processor: 1 ARM  [Impl 0x61 Arch 8 Variant 0x0 Part 0x000 Rev 0]
client-phone-1      | 16-Sep-2026 15:46:24 [---] Processor features: fp asimd evtstrm aes pmull sha1 sha2 crc32 atomics fphp asimdhp cpuid asimdrdm jscvt fcma lrcpc dcpop sha3 asimddp sha512 asimdfhm dit uscat ilrcpc flagm sb paca pacg dcpodp flagm2 frint i8mm bf16 bti afp
client-phone-1      | 16-Sep-2026 15:46:24 [---] OS: Linux Debian GNU/Linux: Debian GNU/Linux 12 (bookworm) [6.8.0-100-generic|libc 2.36]
client-phone-1      | 16-Sep-2026 15:46:24 [---] Memory: 9.69 GB physical, 0 bytes virtual
client-phone-1      | 16-Sep-2026 15:46:24 [---] Disk: 18.33 GB total, 15.69 GB free
client-phone-1      | 16-Sep-2026 15:46:24 [---] Local time is UTC +0 hours
client-phone-1      | 16-Sep-2026 15:46:24 [---] Config: GUI RPC allowed from any host
client-phone-1      | 16-Sep-2026 15:46:24 [---] Config: simulate 1 CPUs
client-phone-1      | 16-Sep-2026 15:46:24 [---] Config: report completed tasks immediately
client-phone-1      | 16-Sep-2026 15:46:24 [---] No general preferences found - using defaults
client-phone-1      | 16-Sep-2026 15:46:24 [---] Reading preferences override file
client-phone-1      | 16-Sep-2026 15:46:24 [---] Preferences:
client-phone-1      | 16-Sep-2026 15:46:24 [---]    max memory usage when active: 8929.14 MB
client-phone-1      | 16-Sep-2026 15:46:24 [---]    max memory usage when idle: 8929.14 MB
client-phone-1      | 16-Sep-2026 15:46:24 [---]    max disk usage: 2.00 GB
client-phone-1      | 16-Sep-2026 15:46:24 [---]    don't use GPU while active
client-phone-1      | 16-Sep-2026 15:46:24 [---]    suspend work if non-BOINC CPU load exceeds 25%
client-phone-1      | 16-Sep-2026 15:46:24 [---]    (to change preferences, visit a project web site or select Preferences in the Manager)
client-phone-1      | 16-Sep-2026 15:46:24 [---] Setting up project and slot directories
client-phone-1      | dir_open: Could not open directory 'slots' from '/var/lib/boinc-client'.
client-phone-1      | 16-Sep-2026 15:46:24 [---] Checking active tasks
client-phone-1      | 16-Sep-2026 15:46:24 [---] Setting up GUI RPC socket
client-phone-1      | 16-Sep-2026 15:46:24 [---] Checking presence of 0 project files
client-phone-1      | 16-Sep-2026 15:46:24 [---] This computer is not attached to any projects
client-phone-1      | 16-Sep-2026 15:46:24 Initialization completed
client-phone-1      | dir_open: Could not open directory 'projects/boincserver.local_boincserver' from '/var/lib/boinc-client'.
client-phone-1      | 16-Sep-2026 15:46:25 [---] No general preferences found - using defaults
client-phone-1      | 16-Sep-2026 15:46:25 [---] Reading preferences override file
client-phone-1      | 16-Sep-2026 15:46:25 [---] Preferences:
client-cluster-2-1  | 16-Sep-2026 15:46:19 [---]    suspend work if non-BOINC CPU load exceeds 25%
client-cluster-2-1  | 16-Sep-2026 15:46:19 [---]    (to change preferences, visit a project web site or select Preferences in the Manager)
client-cluster-2-1  | 16-Sep-2026 15:46:19 [---] Setting up project and slot directories
client-cluster-2-1  | 16-Sep-2026 15:46:19 [---] Checking active tasks
client-cluster-2-1  | 16-Sep-2026 15:46:19 [---] Setting up GUI RPC socket
client-cluster-2-1  | 16-Sep-2026 15:46:19 [---] Checking presence of 0 project files
client-cluster-2-1  | 16-Sep-2026 15:46:19 [---] This computer is not attached to any projects
client-cluster-2-1  | 16-Sep-2026 15:46:19 Initialization completed
client-cluster-2-1  | dir_open: Could not open directory 'slots' from '/var/lib/boinc-client'.
client-cluster-2-1  | dir_open: Could not open directory 'projects/boincserver.local_boincserver' from '/var/lib/boinc-client'.
client-cluster-2-1  | 16-Sep-2026 15:46:20 [---] No general preferences found - using defaults
client-cluster-2-1  | 16-Sep-2026 15:46:20 [---] Reading preferences override file
client-cluster-2-1  | 16-Sep-2026 15:46:20 [---] Preferences:
client-cluster-2-1  | 16-Sep-2026 15:46:20 [---]    max memory usage when active: 8929.14 MB
client-cluster-2-1  | 16-Sep-2026 15:46:20 [---]    max memory usage when idle: 8929.14 MB
client-cluster-2-1  | 16-Sep-2026 15:46:20 [---]    max disk usage: 2.00 GB
client-cluster-2-1  | 16-Sep-2026 15:46:20 [---]    don't use GPU while active
client-cluster-2-1  | 16-Sep-2026 15:46:20 [---]    suspend work if non-BOINC CPU load exceeds 25%
client-cluster-2-1  | 16-Sep-2026 15:46:20 [---]    (to change preferences, visit a project web site or select Preferences in the Manager)
client-cluster-2-1  | 16-Sep-2026 15:46:25 [http://boincserver.local/boincserver/] Fetching scheduler list
client-cluster-2-1  | 16-Sep-2026 15:46:27 [http://boincserver.local/boincserver/] Master file download succeeded
client-cluster-2-1  | 16-Sep-2026 15:46:32 [http://boincserver.local/boincserver/] Sending scheduler request: Project initialization.
client-cluster-2-1  | 16-Sep-2026 15:46:32 [http://boincserver.local/boincserver/] Requesting new tasks for CPU
client-cluster-2-1  | 16-Sep-2026 15:46:34 [boincserver] Scheduler request completed: got 1 new tasks
client-cluster-2-1  | 16-Sep-2026 15:46:34 [boincserver] Project requested delay of 7 seconds
client-cluster-2-1  | 16-Sep-2026 15:46:36 [boincserver] Started download of hybrid_synthetic_1.0_aarch64-unknown-linux-gnu
client-cluster-2-1  | 16-Sep-2026 15:46:36 [boincserver] Started download of hybrid_synthetic_input.txt
client-cluster-2-1  | 16-Sep-2026 15:46:38 [boincserver] Finished download of hybrid_synthetic_1.0_aarch64-unknown-linux-gnu
client-cluster-2-1  | 16-Sep-2026 15:46:38 [boincserver] Finished download of hybrid_synthetic_input.txt
client-cluster-2-1  | 16-Sep-2026 15:46:38 [boincserver] Starting task exp_20260916T154418Z_baseline_medium_3_0
client-cluster-2-1  | 16-Sep-2026 15:46:44 [boincserver] Sending scheduler request: To fetch work.
client-cluster-2-1  | 16-Sep-2026 15:46:44 [boincserver] Requesting new tasks for CPU
client-cluster-2-1  | 16-Sep-2026 15:46:51 [boincserver] Scheduler request completed: got 4 new tasks
client-cluster-2-1  | 16-Sep-2026 15:46:51 [boincserver] Project requested delay of 7 seconds
client-cluster-2-1  | 16-Sep-2026 15:46:53 [boincserver] Elapsed time limit 50.000000 < 120.000000; setting to 43200.000000
client-cluster-2-1  | 16-Sep-2026 15:46:53 [boincserver] Starting task exp_20260916T154418Z_baseline_long_3_0
client-phone-1      | 16-Sep-2026 15:46:25 [---]    max memory usage when active: 8929.14 MB
client-phone-1      | 16-Sep-2026 15:46:25 [---]    max memory usage when idle: 8929.14 MB
client-cluster-2-1  | 16-Sep-2026 15:46:53 [boincserver] Starting task exp_20260916T154418Z_baseline_long_5_0
client-cluster-2-1  | 16-Sep-2026 15:46:53 [boincserver] Starting task exp_20260916T154418Z_baseline_short_15_0
client-cluster-2-1  | 16-Sep-2026 15:47:01 [boincserver] Computation for task exp_20260916T154418Z_baseline_short_15_0 finished
client-cluster-2-1  | 16-Sep-2026 15:47:01 [boincserver] Starting task exp_20260916T154418Z_baseline_long_4_0
client-phone-1      | 16-Sep-2026 15:46:25 [---]    max disk usage: 2.00 GB
client-phone-1      | 16-Sep-2026 15:46:25 [---]    don't use GPU while active
client-phone-1      | 16-Sep-2026 15:46:25 [---]    suspend work if non-BOINC CPU load exceeds 25%
client-phone-1      | 16-Sep-2026 15:46:25 [---]    (to change preferences, visit a project web site or select Preferences in the Manager)
client-phone-1      | 16-Sep-2026 15:46:30 [http://boincserver.local/boincserver/] Fetching scheduler list
client-phone-1      | 16-Sep-2026 15:46:32 [http://boincserver.local/boincserver/] Master file download succeeded
client-phone-1      | 16-Sep-2026 15:46:37 [http://boincserver.local/boincserver/] Sending scheduler request: Project initialization.
client-phone-1      | 16-Sep-2026 15:46:37 [http://boincserver.local/boincserver/] Requesting new tasks for CPU
client-phone-1      | 16-Sep-2026 15:46:39 [boincserver] Scheduler request completed: got 1 new tasks
client-phone-1      | 16-Sep-2026 15:46:39 [boincserver] Project requested delay of 7 seconds
client-phone-1      | 16-Sep-2026 15:46:41 [boincserver] Started download of hybrid_synthetic_1.0_aarch64-unknown-linux-gnu
client-phone-1      | 16-Sep-2026 15:46:41 [boincserver] Started download of hybrid_synthetic_input.txt
client-phone-1      | 16-Sep-2026 15:46:43 [boincserver] Finished download of hybrid_synthetic_1.0_aarch64-unknown-linux-gnu
client-phone-1      | 16-Sep-2026 15:46:43 [boincserver] Finished download of hybrid_synthetic_input.txt
client-phone-1      | 16-Sep-2026 15:46:43 [boincserver] Elapsed time limit 50.000000 < 120.000000; setting to 43200.000000
client-phone-1      | 16-Sep-2026 15:46:43 [boincserver] Starting task exp_20260916T154418Z_baseline_short_18_0
client-phone-1      | 16-Sep-2026 15:46:49 [boincserver] Sending scheduler request: To fetch work.
client-phone-1      | 16-Sep-2026 15:46:49 [boincserver] Requesting new tasks for CPU
client-phone-1      | 16-Sep-2026 15:46:51 [boincserver] Scheduler request completed: got 1 new tasks
client-phone-1      | 16-Sep-2026 15:46:51 [boincserver] Project requested delay of 7 seconds
client-phone-1      | 16-Sep-2026 15:46:52 [boincserver] Computation for task exp_20260916T154418Z_baseline_short_18_0 finished
client-phone-1      | 16-Sep-2026 15:46:53 [boincserver] Elapsed time limit 50.000000 < 120.000000; setting to 43200.000000
client-phone-1      | 16-Sep-2026 15:46:53 [boincserver] Starting task exp_20260916T154418Z_baseline_short_13_0
client-phone-1      | 16-Sep-2026 15:46:54 [boincserver] Started upload of exp_20260916T154418Z_baseline_short_18_0_r796019238_0
client-phone-1      | 16-Sep-2026 15:46:56 [boincserver] Finished upload of exp_20260916T154418Z_baseline_short_18_0_r796019238_0
client-phone-1      | 16-Sep-2026 15:47:00 [boincserver] Computation for task exp_20260916T154418Z_baseline_short_13_0 finished
client-phone-1      | 16-Sep-2026 15:47:01 [boincserver] Sending scheduler request: To report completed tasks.
client-phone-1      | 16-Sep-2026 15:47:01 [boincserver] Reporting 1 completed tasks
client-phone-1      | 16-Sep-2026 15:47:01 [boincserver] Requesting new tasks for CPU
client-cluster-2-1  | 16-Sep-2026 15:47:01 [boincserver] Sending scheduler request: To fetch work.
client-cluster-2-1  | 16-Sep-2026 15:47:01 [boincserver] Requesting new tasks for CPU
client-cluster-2-1  | 16-Sep-2026 15:47:03 [boincserver] Started upload of exp_20260916T154418Z_baseline_short_15_0_r394551191_0
client-cluster-2-1  | 16-Sep-2026 15:47:03 [boincserver] Scheduler request completed: got 3 new tasks
client-cluster-2-1  | 16-Sep-2026 15:47:03 [boincserver] Project requested delay of 7 seconds
client-cluster-2-1  | 16-Sep-2026 15:47:05 [boincserver] Finished upload of exp_20260916T154418Z_baseline_short_15_0_r394551191_0
client-cluster-1    | 16-Sep-2026 15:46:19 [---] Starting BOINC client version 7.20.5 for aarch64-unknown-linux-gnu
client-cluster-1    | 16-Sep-2026 15:46:19 [---] This a development version of BOINC and may not function properly
client-cluster-1    | 16-Sep-2026 15:46:19 [---] log flags: file_xfer, sched_ops, task
client-cluster-1    | 16-Sep-2026 15:46:19 [---] Libraries: libcurl/7.88.1 OpenSSL/3.0.20 zlib/1.2.13 brotli/1.0.9 zstd/1.5.4 libidn2/2.3.3 libpsl/0.21.2 (+libidn2/2.3.3) libssh2/1.10.0 nghttp2/1.52.0 librtmp/2.3 OpenLDAP/2.5.13
client-cluster-1    | 16-Sep-2026 15:46:19 [---] Data directory: /var/lib/boinc-client
client-cluster-1    | 16-Sep-2026 15:46:19 [---] No usable GPUs found
client-cluster-1    | 16-Sep-2026 15:46:19 [---] Creating new client state file
client-phone-1      | 16-Sep-2026 15:47:02 [boincserver] Started upload of exp_20260916T154418Z_baseline_short_13_0_r558139667_0
client-phone-1      | 16-Sep-2026 15:47:03 [boincserver] Finished upload of exp_20260916T154418Z_baseline_short_13_0_r558139667_0
client-phone-1      | 16-Sep-2026 15:47:08 [boincserver] Scheduler request completed: got 1 new tasks
client-phone-1      | 16-Sep-2026 15:47:08 [boincserver] Project requested delay of 7 seconds
client-phone-1      | 16-Sep-2026 15:47:10 [boincserver] Elapsed time limit 50.000000 < 120.000000; setting to 43200.000000
client-phone-1      | 16-Sep-2026 15:47:10 [boincserver] Starting task exp_20260916T154418Z_baseline_short_7_0
client-cluster-1    | 16-Sep-2026 15:46:19 [---] libc:  version 2.36
client-cluster-1    | 16-Sep-2026 15:46:19 [---] Host name: cluster-01
client-cluster-1    | 16-Sep-2026 15:46:19 [---] Processor: 4 ARM  [Impl 0x61 Arch 8 Variant 0x0 Part 0x000 Rev 0]
client-cluster-1    | 16-Sep-2026 15:46:19 [---] Processor features: fp asimd evtstrm aes pmull sha1 sha2 crc32 atomics fphp asimdhp cpuid asimdrdm jscvt fcma lrcpc dcpop sha3 asimddp sha512 asimdfhm dit uscat ilrcpc flagm sb paca pacg dcpodp flagm2 frint i8mm bf16 bti afp
client-cluster-1    | 16-Sep-2026 15:46:19 [---] OS: Linux Debian GNU/Linux: Debian GNU/Linux 12 (bookworm) [6.8.0-100-generic|libc 2.36]
client-cluster-1    | 16-Sep-2026 15:46:19 [---] Memory: 9.69 GB physical, 0 bytes virtual
apache-1            | /usr/lib/python2.7/dist-packages/supervisor/options.py:461: UserWarning: Supervisord is running as root and it is searching for its configuration file in default locations (including its current working directory); you probably want to specify a "-c" argument specifying an absolute path to a configuration file for improved security.
apache-1            |   'Supervisord is running as root and it is searching '
apache-1            | 2026-09-16 15:44:33,972 CRIT Supervisor is running as root.  Privileges were not dropped because no user is specified in the config file.  If you intend to run as root, you can set user=root in the config file to avoid this message.
client-desktop-1    | 16-Sep-2026 15:46:19 [---] Starting BOINC client version 7.20.5 for aarch64-unknown-linux-gnu
client-desktop-1    | 16-Sep-2026 15:46:19 [---] This a development version of BOINC and may not function properly
client-desktop-1    | 16-Sep-2026 15:46:19 [---] log flags: file_xfer, sched_ops, task
client-desktop-1    | 16-Sep-2026 15:46:19 [---] Libraries: libcurl/7.88.1 OpenSSL/3.0.20 zlib/1.2.13 brotli/1.0.9 zstd/1.5.4 libidn2/2.3.3 libpsl/0.21.2 (+libidn2/2.3.3) libssh2/1.10.0 nghttp2/1.52.0 librtmp/2.3 OpenLDAP/2.5.13
client-desktop-1    | 16-Sep-2026 15:46:19 [---] Data directory: /var/lib/boinc-client
client-desktop-1    | 16-Sep-2026 15:46:19 [---] No usable GPUs found
client-desktop-1    | 16-Sep-2026 15:46:19 [---] Creating new client state file
client-desktop-1    | 16-Sep-2026 15:46:19 [---] libc:  version 2.36
client-low-power-1  | 16-Sep-2026 15:46:25 [---] Starting BOINC client version 7.20.5 for aarch64-unknown-linux-gnu
client-low-power-1  | 16-Sep-2026 15:46:25 [---] This a development version of BOINC and may not function properly
client-low-power-1  | 16-Sep-2026 15:46:25 [---] log flags: file_xfer, sched_ops, task
client-low-power-1  | 16-Sep-2026 15:46:25 [---] Libraries: libcurl/7.88.1 OpenSSL/3.0.20 zlib/1.2.13 brotli/1.0.9 zstd/1.5.4 libidn2/2.3.3 libpsl/0.21.2 (+libidn2/2.3.3) libssh2/1.10.0 nghttp2/1.52.0 librtmp/2.3 OpenLDAP/2.5.13
client-low-power-1  | 16-Sep-2026 15:46:25 [---] Data directory: /var/lib/boinc-client
client-low-power-1  | 16-Sep-2026 15:46:25 [---] No usable GPUs found
client-low-power-1  | 16-Sep-2026 15:46:25 [---] Creating new client state file
client-low-power-1  | 16-Sep-2026 15:46:25 [---] libc:  version 2.36
client-cluster-2-1  | 16-Sep-2026 15:47:11 [boincserver] Computation for task exp_20260916T154418Z_baseline_medium_3_0 finished
client-cluster-2-1  | 16-Sep-2026 15:47:11 [boincserver] Elapsed time limit 50.000000 < 120.000000; setting to 43200.000000
client-cluster-2-1  | 16-Sep-2026 15:47:11 [boincserver] Starting task exp_20260916T154418Z_baseline_short_10_0
client-cluster-2-1  | 16-Sep-2026 15:47:13 [boincserver] Started upload of exp_20260916T154418Z_baseline_medium_3_0_r1856224057_0
client-cluster-2-1  | 16-Sep-2026 15:47:15 [boincserver] Finished upload of exp_20260916T154418Z_baseline_medium_3_0_r1856224057_0
client-cluster-2-1  | 16-Sep-2026 15:47:18 [boincserver] Sending scheduler request: To report completed tasks.
client-cluster-2-1  | 16-Sep-2026 15:47:18 [boincserver] Reporting 2 completed tasks
client-cluster-2-1  | 16-Sep-2026 15:47:18 [boincserver] Requesting new tasks for CPU
client-cluster-2-1  | 16-Sep-2026 15:47:19 [boincserver] Computation for task exp_20260916T154418Z_baseline_short_10_0 finished
client-cluster-2-1  | 16-Sep-2026 15:47:19 [boincserver] Elapsed time limit 50.000000 < 120.000000; setting to 43200.000000
client-phone-1      | 16-Sep-2026 15:47:18 [boincserver] Sending scheduler request: To report completed tasks.
client-cluster-1    | 16-Sep-2026 15:46:19 [---] Disk: 18.33 GB total, 15.69 GB free
makeproject-1       | Updating project files in data volume...
makeproject-1       | Waiting for MySQL server to start...
makeproject-1       | Creating database...
makeproject-1       | added platform: (create_time, name, user_friendly_name) values (1789573489, 'windows_intelx86', 'Microsoft Windows (98 or later) running on an Intel x86-compatible CPU')
makeproject-1       | added platform: (create_time, name, user_friendly_name) values (1789573489, 'windows_x86_64', 'Microsoft Windows running on an AMD x86_64 or Intel EM64T CPU')
makeproject-1       | added platform: (create_time, name, user_friendly_name) values (1789573489, 'windows_arm64', 'Microsoft Windows running on ARM 64-bit')
makeproject-1       | added platform: (create_time, name, user_friendly_name) values (1789573489, 'i686-pc-linux-gnu', 'Linux running on an Intel x86-compatible CPU')
makeproject-1       | added platform: (create_time, name, user_friendly_name) values (1789573489, 'x86_64-pc-linux-gnu', 'Linux running on an AMD x86_64 or Intel EM64T CPU')
apache-1            | 2026-09-16 15:44:33,972 INFO Included extra file "/etc/supervisor/conf.d/supervisord.conf" during parsing
apache-1            | 2026-09-16 15:44:33,976 INFO RPC interface 'supervisor' initialized
apache-1            | 2026-09-16 15:44:33,976 CRIT Server 'unix_http_server' running without any HTTP authentication checking
apache-1            | 2026-09-16 15:44:33,976 INFO supervisord started with pid 1
client-low-power-1  | 16-Sep-2026 15:46:25 [---] Host name: low-power-01
client-low-power-1  | 16-Sep-2026 15:46:25 [---] Processor: 1 ARM  [Impl 0x61 Arch 8 Variant 0x0 Part 0x000 Rev 0]
client-low-power-1  | 16-Sep-2026 15:46:25 [---] Processor features: fp asimd evtstrm aes pmull sha1 sha2 crc32 atomics fphp asimdhp cpuid asimdrdm jscvt fcma lrcpc dcpop sha3 asimddp sha512 asimdfhm dit uscat ilrcpc flagm sb paca pacg dcpodp flagm2 frint i8mm bf16 bti afp
client-low-power-1  | 16-Sep-2026 15:46:25 [---] OS: Linux Debian GNU/Linux: Debian GNU/Linux 12 (bookworm) [6.8.0-100-generic|libc 2.36]
client-low-power-1  | 16-Sep-2026 15:46:25 [---] Memory: 9.69 GB physical, 0 bytes virtual
client-low-power-1  | 16-Sep-2026 15:46:25 [---] Disk: 18.33 GB total, 15.69 GB free
client-low-power-1  | 16-Sep-2026 15:46:25 [---] Local time is UTC +0 hours
client-low-power-1  | 16-Sep-2026 15:46:25 [---] Config: GUI RPC allowed from any host
client-low-power-1  | 16-Sep-2026 15:46:25 [---] Config: simulate 1 CPUs
client-phone-1      | 16-Sep-2026 15:47:18 [boincserver] Reporting 1 completed tasks
client-phone-1      | 16-Sep-2026 15:47:18 [boincserver] Requesting new tasks for CPU
client-phone-1      | 16-Sep-2026 15:47:20 [boincserver] Computation for task exp_20260916T154418Z_baseline_short_7_0 finished
client-phone-1      | 16-Sep-2026 15:47:20 [boincserver] Scheduler request completed: got 1 new tasks
client-phone-1      | 16-Sep-2026 15:47:20 [boincserver] Project requested delay of 7 seconds
client-phone-1      | 16-Sep-2026 15:47:22 [boincserver] Started upload of exp_20260916T154418Z_baseline_short_7_0_r1763062377_0
client-low-power-1  | 16-Sep-2026 15:46:25 [---] Config: report completed tasks immediately
client-low-power-1  | 16-Sep-2026 15:46:25 [---] No general preferences found - using defaults
client-low-power-1  | 16-Sep-2026 15:46:25 [---] Reading preferences override file
client-low-power-1  | 16-Sep-2026 15:46:25 [---] Preferences:
client-low-power-1  | 16-Sep-2026 15:46:25 [---]    max memory usage when active: 8929.14 MB
client-low-power-1  | 16-Sep-2026 15:46:25 [---]    max memory usage when idle: 8929.14 MB
client-phone-1      | 16-Sep-2026 15:47:22 [boincserver] Starting task exp_20260916T154418Z_baseline_medium_12_0
client-phone-1      | 16-Sep-2026 15:47:24 [boincserver] Finished upload of exp_20260916T154418Z_baseline_short_7_0_r1763062377_0
client-phone-1      | 16-Sep-2026 15:47:30 [boincserver] Sending scheduler request: To report completed tasks.
client-phone-1      | 16-Sep-2026 15:47:30 [boincserver] Reporting 1 completed tasks
client-phone-1      | 16-Sep-2026 15:47:30 [boincserver] Requesting new tasks for CPU
client-phone-1      | 16-Sep-2026 15:47:37 [boincserver] Scheduler request completed: got 0 new tasks
client-phone-1      | 16-Sep-2026 15:47:37 [boincserver] Project has no tasks available
client-phone-1      | 16-Sep-2026 15:47:37 [boincserver] Project requested delay of 7 seconds
client-cluster-1    | 16-Sep-2026 15:46:19 [---] Local time is UTC +0 hours
client-cluster-1    | 16-Sep-2026 15:46:19 [---] Config: GUI RPC allowed from any host
client-cluster-1    | 16-Sep-2026 15:46:19 [---] Config: simulate 4 CPUs
client-cluster-1    | 16-Sep-2026 15:46:19 [---] Config: report completed tasks immediately
client-cluster-1    | 16-Sep-2026 15:46:19 [---] No general preferences found - using defaults
client-cluster-1    | 16-Sep-2026 15:46:19 [---] Reading preferences override file
mysql-1             | Initializing database
mysql-1             | 
mysql-1             | 
mysql-1             | PLEASE REMEMBER TO SET A PASSWORD FOR THE MariaDB root USER !
client-low-power-1  | 16-Sep-2026 15:46:25 [---]    max disk usage: 2.00 GB
client-low-power-1  | 16-Sep-2026 15:46:25 [---]    don't use GPU while active
client-low-power-1  | 16-Sep-2026 15:46:25 [---]    suspend work if non-BOINC CPU load exceeds 25%
client-phone-1      | 16-Sep-2026 15:47:47 [boincserver] Sending scheduler request: To fetch work.
client-phone-1      | 16-Sep-2026 15:47:47 [boincserver] Requesting new tasks for CPU
client-phone-1      | 16-Sep-2026 15:47:54 [boincserver] Scheduler request completed: got 0 new tasks
apache-1            | 2026-09-16 15:44:34,980 INFO spawned: 'cron' with pid 9
apache-1            | 2026-09-16 15:44:34,983 INFO spawned: 'start' with pid 10
apache-1            | 2026-09-16 15:44:34,986 INFO spawned: 'rsyslogd' with pid 11
apache-1            | 2026-09-16 15:44:34,988 INFO spawned: 'apache2' with pid 12
apache-1            | 2026-09-16 15:44:36,955 INFO success: cron entered RUNNING state, process has stayed up for > than 1 seconds (startsecs)
apache-1            | 2026-09-16 15:44:36,955 INFO success: start entered RUNNING state, process has stayed up for > than 1 seconds (startsecs)
apache-1            | 2026-09-16 15:44:36,955 INFO success: rsyslogd entered RUNNING state, process has stayed up for > than 1 seconds (startsecs)
apache-1            | 2026-09-16 15:44:36,956 INFO success: apache2 entered RUNNING state, process has stayed up for > than 1 seconds (startsecs)
apache-1            | 2026-09-16 15:45:00,518 INFO reaped unknown pid 74
apache-1            | 2026-09-16 15:45:00,518 INFO reaped unknown pid 76
client-cluster-2-1  | 16-Sep-2026 15:47:19 [boincserver] Starting task exp_20260916T154418Z_baseline_short_9_0
client-cluster-2-1  | 16-Sep-2026 15:47:20 [boincserver] Scheduler request completed: got 2 new tasks
client-cluster-2-1  | 16-Sep-2026 15:47:20 [boincserver] Project requested delay of 7 seconds
client-cluster-2-1  | 16-Sep-2026 15:47:21 [boincserver] Started upload of exp_20260916T154418Z_baseline_short_10_0_r1832881078_0
client-cluster-2-1  | 16-Sep-2026 15:47:23 [boincserver] Finished upload of exp_20260916T154418Z_baseline_short_10_0_r1832881078_0
client-cluster-2-1  | 16-Sep-2026 15:47:27 [boincserver] Computation for task exp_20260916T154418Z_baseline_short_9_0 finished
client-phone-2-1    | 16-Sep-2026 15:46:20 [---] Starting BOINC client version 7.20.5 for aarch64-unknown-linux-gnu
client-phone-2-1    | 16-Sep-2026 15:46:20 [---] This a development version of BOINC and may not function properly
client-phone-2-1    | 16-Sep-2026 15:46:20 [---] log flags: file_xfer, sched_ops, task
client-phone-2-1    | 16-Sep-2026 15:46:20 [---] Libraries: libcurl/7.88.1 OpenSSL/3.0.20 zlib/1.2.13 brotli/1.0.9 zstd/1.5.4 libidn2/2.3.3 libpsl/0.21.2 (+libidn2/2.3.3) libssh2/1.10.0 nghttp2/1.52.0 librtmp/2.3 OpenLDAP/2.5.13
client-phone-2-1    | 16-Sep-2026 15:46:20 [---] Data directory: /var/lib/boinc-client
client-phone-2-1    | 16-Sep-2026 15:46:20 [---] No usable GPUs found
client-phone-2-1    | 16-Sep-2026 15:46:20 [---] Creating new client state file
client-phone-2-1    | 16-Sep-2026 15:46:20 [---] libc:  version 2.36
client-phone-2-1    | 16-Sep-2026 15:46:20 [---] Host name: phone-02
client-phone-2-1    | 16-Sep-2026 15:46:20 [---] Processor: 1 ARM  [Impl 0x61 Arch 8 Variant 0x0 Part 0x000 Rev 0]
client-phone-2-1    | 16-Sep-2026 15:46:20 [---] Processor features: fp asimd evtstrm aes pmull sha1 sha2 crc32 atomics fphp asimdhp cpuid asimdrdm jscvt fcma lrcpc dcpop sha3 asimddp sha512 asimdfhm dit uscat ilrcpc flagm sb paca pacg dcpodp flagm2 frint i8mm bf16 bti afp
client-phone-2-1    | 16-Sep-2026 15:46:20 [---] OS: Linux Debian GNU/Linux: Debian GNU/Linux 12 (bookworm) [6.8.0-100-generic|libc 2.36]
client-phone-2-1    | 16-Sep-2026 15:46:20 [---] Memory: 9.69 GB physical, 0 bytes virtual
client-phone-2-1    | 16-Sep-2026 15:46:20 [---] Disk: 18.33 GB total, 15.69 GB free
client-low-power-1  | 16-Sep-2026 15:46:25 [---]    (to change preferences, visit a project web site or select Preferences in the Manager)
client-low-power-1  | 16-Sep-2026 15:46:25 [---] Setting up project and slot directories
mysql-1             | To do so, start the server, then issue the following commands:
mysql-1             | 
mysql-1             | '/usr/bin/mysqladmin' -u root password 'new-password'
mysql-1             | '/usr/bin/mysqladmin' -u root -h  password 'new-password'
mysql-1             | 
mysql-1             | Alternatively you can run:
mysql-1             | '/usr/bin/mysql_secure_installation'
client-cluster-1    | 16-Sep-2026 15:46:19 [---] Preferences:
client-cluster-1    | 16-Sep-2026 15:46:19 [---]    max memory usage when active: 8929.14 MB
client-cluster-1    | 16-Sep-2026 15:46:19 [---]    max memory usage when idle: 8929.14 MB
client-cluster-1    | 16-Sep-2026 15:46:19 [---]    max disk usage: 2.00 GB
client-cluster-1    | 16-Sep-2026 15:46:19 [---]    don't use GPU while active
mysql-1             | 
mysql-1             | which will also give you the option of removing the test
client-phone-2-1    | 16-Sep-2026 15:46:20 [---] Local time is UTC +0 hours
client-phone-2-1    | 16-Sep-2026 15:46:20 [---] Config: GUI RPC allowed from any host
client-phone-2-1    | 16-Sep-2026 15:46:20 [---] Config: simulate 1 CPUs
client-phone-2-1    | 16-Sep-2026 15:46:20 [---] Config: report completed tasks immediately
client-phone-2-1    | 16-Sep-2026 15:46:20 [---] No general preferences found - using defaults
client-low-power-1  | 16-Sep-2026 15:46:25 [---] Checking active tasks
client-low-power-1  | dir_open: Could not open directory 'slots' from '/var/lib/boinc-client'.
client-low-power-1  | 16-Sep-2026 15:46:25 [---] Setting up GUI RPC socket
client-low-power-1  | 16-Sep-2026 15:46:25 [---] Checking presence of 0 project files
client-cluster-2-1  | 16-Sep-2026 15:47:27 [boincserver] Elapsed time limit 50.000000 < 120.000000; setting to 43200.000000
client-cluster-2-1  | 16-Sep-2026 15:47:27 [boincserver] Starting task exp_20260916T154418Z_baseline_short_2_0
client-cluster-2-1  | 16-Sep-2026 15:47:29 [boincserver] Started upload of exp_20260916T154418Z_baseline_short_9_0_r1858572006_0
client-cluster-2-1  | 16-Sep-2026 15:47:31 [boincserver] Finished upload of exp_20260916T154418Z_baseline_short_9_0_r1858572006_0
client-cluster-2-1  | 16-Sep-2026 15:47:35 [boincserver] Computation for task exp_20260916T154418Z_baseline_short_2_0 finished
client-cluster-2-1  | 16-Sep-2026 15:47:35 [boincserver] Elapsed time limit 50.000000 < 120.000000; setting to 43200.000000
client-phone-1      | 16-Sep-2026 15:47:54 [boincserver] Project has no tasks available
client-phone-1      | 16-Sep-2026 15:47:54 [boincserver] Project requested delay of 7 seconds
client-phone-1      | 16-Sep-2026 15:47:56 [boincserver] Computation for task exp_20260916T154418Z_baseline_medium_12_0 finished
client-phone-1      | 16-Sep-2026 15:47:58 [boincserver] Started upload of exp_20260916T154418Z_baseline_medium_12_0_r1484878492_0
client-cluster-1    | 16-Sep-2026 15:46:19 [---]    suspend work if non-BOINC CPU load exceeds 25%
client-cluster-2-1  | 16-Sep-2026 15:47:35 [boincserver] Starting task exp_20260916T154418Z_baseline_short_14_0
client-cluster-2-1  | 16-Sep-2026 15:47:35 [boincserver] Sending scheduler request: To report completed tasks.
client-desktop-1    | 16-Sep-2026 15:46:19 [---] Host name: desktop-01
client-desktop-1    | 16-Sep-2026 15:46:19 [---] Processor: 2 ARM  [Impl 0x61 Arch 8 Variant 0x0 Part 0x000 Rev 0]
client-low-power-1  | 16-Sep-2026 15:46:25 [---] This computer is not attached to any projects
client-low-power-1  | 16-Sep-2026 15:46:25 Initialization completed
client-low-power-1  | dir_open: Could not open directory 'projects/boincserver.local_boincserver' from '/var/lib/boinc-client'.
client-low-power-1  | 16-Sep-2026 15:46:26 [---] No general preferences found - using defaults
client-low-power-1  | 16-Sep-2026 15:46:26 [---] Reading preferences override file
client-low-power-1  | 16-Sep-2026 15:46:26 [---] Preferences:
client-cluster-2-1  | 16-Sep-2026 15:47:35 [boincserver] Reporting 2 completed tasks
client-cluster-2-1  | 16-Sep-2026 15:47:35 [boincserver] Requesting new tasks for CPU
client-cluster-2-1  | 16-Sep-2026 15:47:37 [boincserver] Started upload of exp_20260916T154418Z_baseline_short_2_0_r1967848914_0
client-cluster-2-1  | 16-Sep-2026 15:47:39 [boincserver] Finished upload of exp_20260916T154418Z_baseline_short_2_0_r1967848914_0
client-cluster-2-1  | 16-Sep-2026 15:47:42 [boincserver] Scheduler request completed: got 0 new tasks
client-cluster-2-1  | 16-Sep-2026 15:47:42 [boincserver] Project has no tasks available
client-cluster-2-1  | 16-Sep-2026 15:47:42 [boincserver] Project requested delay of 7 seconds
client-cluster-2-1  | 16-Sep-2026 15:47:43 [boincserver] Computation for task exp_20260916T154418Z_baseline_short_14_0 finished
client-cluster-2-1  | 16-Sep-2026 15:47:43 [boincserver] Starting task exp_20260916T154418Z_baseline_medium_4_0
client-cluster-2-1  | 16-Sep-2026 15:47:45 [boincserver] Started upload of exp_20260916T154418Z_baseline_short_14_0_r1219170598_0
client-desktop-1    | 16-Sep-2026 15:46:19 [---] Processor features: fp asimd evtstrm aes pmull sha1 sha2 crc32 atomics fphp asimdhp cpuid asimdrdm jscvt fcma lrcpc dcpop sha3 asimddp sha512 asimdfhm dit uscat ilrcpc flagm sb paca pacg dcpodp flagm2 frint i8mm bf16 bti afp
client-desktop-1    | 16-Sep-2026 15:46:19 [---] OS: Linux Debian GNU/Linux: Debian GNU/Linux 12 (bookworm) [6.8.0-100-generic|libc 2.36]
client-desktop-1    | 16-Sep-2026 15:46:19 [---] Memory: 9.69 GB physical, 0 bytes virtual
client-desktop-1    | 16-Sep-2026 15:46:19 [---] Disk: 18.33 GB total, 15.69 GB free
client-desktop-1    | 16-Sep-2026 15:46:19 [---] Local time is UTC +0 hours
client-desktop-1    | 16-Sep-2026 15:46:19 [---] Config: GUI RPC allowed from any host
client-desktop-1    | 16-Sep-2026 15:46:19 [---] Config: simulate 2 CPUs
client-low-power-1  | 16-Sep-2026 15:46:26 [---]    max memory usage when active: 8929.14 MB
client-low-power-1  | 16-Sep-2026 15:46:26 [---]    max memory usage when idle: 8929.14 MB
client-low-power-1  | 16-Sep-2026 15:46:26 [---]    max disk usage: 2.00 GB
client-low-power-1  | 16-Sep-2026 15:46:26 [---]    don't use GPU while active
client-low-power-1  | 16-Sep-2026 15:46:26 [---]    suspend work if non-BOINC CPU load exceeds 25%
client-low-power-1  | 16-Sep-2026 15:46:26 [---]    (to change preferences, visit a project web site or select Preferences in the Manager)
client-cluster-1    | 16-Sep-2026 15:46:19 [---]    (to change preferences, visit a project web site or select Preferences in the Manager)
client-cluster-1    | 16-Sep-2026 15:46:19 [---] Setting up project and slot directories
client-cluster-1    | 16-Sep-2026 15:46:19 [---] Checking active tasks
client-cluster-1    | 16-Sep-2026 15:46:19 [---] Setting up GUI RPC socket
client-cluster-1    | dir_open: Could not open directory 'slots' from '/var/lib/boinc-client'.
client-cluster-1    | 16-Sep-2026 15:46:19 [---] Checking presence of 0 project files
mysql-1             | databases and anonymous user created by default.  This is
mysql-1             | strongly recommended for production servers.
mysql-1             | 
mysql-1             | See the MariaDB Knowledgebase at http://mariadb.com/kb or the
mysql-1             | MySQL manual for more instructions.
mysql-1             | 
mysql-1             | Please report any problems at http://mariadb.org/jira
mysql-1             | 
mysql-1             | The latest information about MariaDB is available at http://mariadb.org/.
mysql-1             | You can find additional information about the MySQL part at:
mysql-1             | http://dev.mysql.com
mysql-1             | Consider joining MariaDB's strong and vibrant community:
mysql-1             | https://mariadb.org/get-involved/
mysql-1             | 
mysql-1             | Database initialized
mysql-1             | MySQL init process in progress...
client-cluster-1    | 16-Sep-2026 15:46:19 [---] This computer is not attached to any projects
client-phone-1      | 16-Sep-2026 15:48:00 [boincserver] Finished upload of exp_20260916T154418Z_baseline_medium_12_0_r1484878492_0
client-phone-1      | 16-Sep-2026 15:48:04 [boincserver] Sending scheduler request: To report completed tasks.
client-phone-1      | 16-Sep-2026 15:48:04 [boincserver] Reporting 1 completed tasks
client-phone-1      | 16-Sep-2026 15:48:04 [boincserver] Requesting new tasks for CPU
client-cluster-2-1  | 16-Sep-2026 15:47:47 [boincserver] Finished upload of exp_20260916T154418Z_baseline_short_14_0_r1219170598_0
client-cluster-2-1  | 16-Sep-2026 15:47:52 [boincserver] Sending scheduler request: To report completed tasks.
client-cluster-2-1  | 16-Sep-2026 15:47:52 [boincserver] Reporting 2 completed tasks
client-cluster-1    | 16-Sep-2026 15:46:19 Initialization completed
client-cluster-1    | dir_open: Could not open directory 'projects/boincserver.local_boincserver' from '/var/lib/boinc-client'.
client-cluster-1    | 16-Sep-2026 15:46:20 [---] No general preferences found - using defaults
client-phone-2-1    | 16-Sep-2026 15:46:20 [---] Reading preferences override file
client-phone-2-1    | 16-Sep-2026 15:46:20 [---] Preferences:
client-phone-1      | 16-Sep-2026 15:48:06 [boincserver] Scheduler request completed: got 0 new tasks
client-phone-1      | 16-Sep-2026 15:48:06 [boincserver] Project has no tasks available
client-phone-1      | 16-Sep-2026 15:48:06 [boincserver] Project requested delay of 7 seconds
client-phone-1      | 16-Sep-2026 15:48:16 [boincserver] Sending scheduler request: To fetch work.
client-desktop-1    | 16-Sep-2026 15:46:19 [---] Config: report completed tasks immediately
client-desktop-1    | 16-Sep-2026 15:46:19 [---] No general preferences found - using defaults
client-desktop-1    | 16-Sep-2026 15:46:19 [---] Reading preferences override file
client-desktop-1    | 16-Sep-2026 15:46:19 [---] Preferences:
client-low-power-1  | 16-Sep-2026 15:46:30 [http://boincserver.local/boincserver/] Fetching scheduler list
client-low-power-1  | 16-Sep-2026 15:46:32 [http://boincserver.local/boincserver/] Master file download succeeded
client-low-power-1  | 16-Sep-2026 15:46:37 [http://boincserver.local/boincserver/] Sending scheduler request: Project initialization.
client-low-power-1  | 16-Sep-2026 15:46:37 [http://boincserver.local/boincserver/] Requesting new tasks for CPU
client-low-power-1  | 16-Sep-2026 15:46:39 [boincserver] Scheduler request completed: got 1 new tasks
client-low-power-1  | 16-Sep-2026 15:46:39 [boincserver] Project requested delay of 7 seconds
client-low-power-1  | 16-Sep-2026 15:46:41 [boincserver] Started download of hybrid_synthetic_1.0_aarch64-unknown-linux-gnu
client-low-power-1  | 16-Sep-2026 15:46:41 [boincserver] Started download of hybrid_synthetic_input.txt
client-low-power-1  | 16-Sep-2026 15:46:43 [boincserver] Finished download of hybrid_synthetic_1.0_aarch64-unknown-linux-gnu
client-phone-1      | 16-Sep-2026 15:48:16 [boincserver] Requesting new tasks for CPU
client-phone-1      | 16-Sep-2026 15:48:23 [boincserver] Scheduler request completed: got 0 new tasks
client-phone-1      | 16-Sep-2026 15:48:23 [boincserver] Project has no tasks available
client-phone-1      | 16-Sep-2026 15:48:23 [boincserver] Project requested delay of 7 seconds
client-cluster-1    | 16-Sep-2026 15:46:20 [---] Reading preferences override file
client-cluster-1    | 16-Sep-2026 15:46:20 [---] Preferences:
client-cluster-1    | 16-Sep-2026 15:46:20 [---]    max memory usage when active: 8929.14 MB
client-cluster-1    | 16-Sep-2026 15:46:20 [---]    max memory usage when idle: 8929.14 MB
client-cluster-1    | 16-Sep-2026 15:46:20 [---]    max disk usage: 2.00 GB
client-cluster-2-1  | 16-Sep-2026 15:47:52 [boincserver] Requesting new tasks for CPU
client-cluster-2-1  | 16-Sep-2026 15:47:54 [boincserver] Scheduler request completed: got 0 new tasks
client-low-power-1  | 16-Sep-2026 15:46:43 [boincserver] Finished download of hybrid_synthetic_input.txt
client-low-power-1  | 16-Sep-2026 15:46:43 [boincserver] Starting task exp_20260916T154418Z_baseline_medium_1_0
client-desktop-1    | 16-Sep-2026 15:46:19 [---]    max memory usage when active: 8929.14 MB
client-desktop-1    | 16-Sep-2026 15:46:19 [---]    max memory usage when idle: 8929.14 MB
client-desktop-1    | 16-Sep-2026 15:46:19 [---]    max disk usage: 2.00 GB
makeproject-1       | added platform: (create_time, name, user_friendly_name) values (1789573489, 'powerpc-apple-darwin', 'Mac OS X 10.3 or later running on Motorola PowerPC')
makeproject-1       | added platform: (create_time, name, user_friendly_name) values (1789573489, 'i686-apple-darwin', 'Mac OS 10.4 or later running on Intel')
makeproject-1       | added platform: (create_time, name, user_friendly_name) values (1789573489, 'x86_64-apple-darwin', 'Intel 64-bit Mac OS 10.5 or later')
makeproject-1       | added platform: (create_time, name, user_friendly_name) values (1789573489, 'arm64-apple-darwin', 'Mac OS running on ARM')
makeproject-1       | added platform: (create_time, name, user_friendly_name) values (1789573489, 'sparc-sun-solaris2.7', 'Solaris 2.7 running on a SPARC-compatible CPU')
makeproject-1       | added platform: (create_time, name, user_friendly_name) values (1789573489, 'sparc-sun-solaris', 'Solaris 2.8 or later running on a SPARC-compatible CPU')
makeproject-1       | added platform: (create_time, name, user_friendly_name) values (1789573489, 'sparc64-sun-solaris', 'Solaris 2.8 or later running on a SPARC 64-bit CPU')
makeproject-1       | added platform: (create_time, name, user_friendly_name) values (1789573489, 'powerpc64-ps3-linux-gnu', 'Sony Playstation 3 running Linux')
makeproject-1       | added platform: (create_time, name, user_friendly_name) values (1789573489, 'arm-android-linux-gnu', 'Android running on ARM armeabi-v7a')
makeproject-1       | added platform: (create_time, name, user_friendly_name) values (1789573489, 'aarch64-android-linux-gnu', 'Android running on ARM 64-bit arm64-v8a')
client-cluster-1    | 16-Sep-2026 15:46:20 [---]    don't use GPU while active
client-cluster-1    | 16-Sep-2026 15:46:20 [---]    suspend work if non-BOINC CPU load exceeds 25%
client-cluster-2-1  | 16-Sep-2026 15:47:54 [boincserver] Project has no tasks available
client-cluster-2-1  | 16-Sep-2026 15:47:54 [boincserver] Project requested delay of 7 seconds
client-cluster-2-1  | 16-Sep-2026 15:48:04 [boincserver] Sending scheduler request: To fetch work.
client-cluster-2-1  | 16-Sep-2026 15:48:04 [boincserver] Requesting new tasks for CPU
client-cluster-2-1  | 16-Sep-2026 15:48:06 [boincserver] Scheduler request completed: got 0 new tasks
makeproject-1       | added platform: (create_time, name, user_friendly_name) values (1789573489, 'x86_64-android-linux-gnu', 'Android running on Intel x64 compatible')
makeproject-1       | added platform: (create_time, name, user_friendly_name) values (1789573489, 'x86-android-linux-gnu', 'Android running on Intel x86 compatible')
makeproject-1       | added platform: (create_time, name, user_friendly_name) values (1789573489, 'arm-unknown-linux-gnueabihf', 'Linux running on ARM, hardware FP')
makeproject-1       | added platform: (create_time, name, user_friendly_name) values (1789573489, 'aarch64-unknown-linux-gnu', 'Linux running on ARM64')
client-desktop-1    | 16-Sep-2026 15:46:19 [---]    don't use GPU while active
client-desktop-1    | 16-Sep-2026 15:46:19 [---]    suspend work if non-BOINC CPU load exceeds 25%
client-desktop-1    | 16-Sep-2026 15:46:19 [---]    (to change preferences, visit a project web site or select Preferences in the Manager)
client-desktop-1    | 16-Sep-2026 15:46:19 [---] Setting up project and slot directories
client-desktop-1    | 16-Sep-2026 15:46:19 [---] Checking active tasks
client-desktop-1    | dir_open: Could not open directory 'slots' from '/var/lib/boinc-client'.
client-desktop-1    | 16-Sep-2026 15:46:19 [---] Setting up GUI RPC socket
client-desktop-1    | 16-Sep-2026 15:46:19 [---] Checking presence of 0 project files
apache-1            | 2026-09-16 15:45:00,518 INFO reaped unknown pid 78
apache-1            | 2026-09-16 15:45:02,032 INFO reaped unknown pid 101
apache-1            | 2026-09-16 15:45:02,144 INFO reaped unknown pid 103
apache-1            | 2026-09-16 15:45:02,254 INFO reaped unknown pid 105
apache-1            | 2026-09-16 15:45:03,298 INFO reaped unknown pid 100
apache-1            | 2026-09-16 15:45:03,298 INFO reaped unknown pid 102
apache-1            | 2026-09-16 15:45:03,298 INFO reaped unknown pid 104
mysql-1             | 2026-09-16 15:44:35 0 [Note] mysqld (mysqld 10.3.8-MariaDB-1:10.3.8+maria~bionic) starting as process 104 ...
mysql-1             | 2026-09-16 15:44:35 0 [Note] InnoDB: Using Linux native AIO
mysql-1             | 2026-09-16 15:44:35 0 [Note] InnoDB: Mutexes and rw_locks use GCC atomic builtins
mysql-1             | 2026-09-16 15:44:35 0 [Note] InnoDB: Uses event mutexes
mysql-1             | 2026-09-16 15:44:35 0 [Note] InnoDB: Compressed tables use zlib 1.2.11
makeproject-1       | added platform: (create_time, name, user_friendly_name) values (1789573489, 'anonymous', 'anonymous')
makeproject-1       | 
client-desktop-1    | 16-Sep-2026 15:46:19 [---] This computer is not attached to any projects
client-desktop-1    | 16-Sep-2026 15:46:19 Initialization completed
client-desktop-1    | dir_open: Could not open directory 'projects/boincserver.local_boincserver' from '/var/lib/boinc-client'.
client-desktop-1    | 16-Sep-2026 15:46:20 [---] No general preferences found - using defaults
client-cluster-2-1  | 16-Sep-2026 15:48:06 [boincserver] Project has no tasks available
client-cluster-2-1  | 16-Sep-2026 15:48:06 [boincserver] Project requested delay of 7 seconds
client-cluster-2-1  | 16-Sep-2026 15:48:16 [boincserver] Computation for task exp_20260916T154418Z_baseline_medium_4_0 finished
client-low-power-1  | 16-Sep-2026 15:46:49 [boincserver] Sending scheduler request: To fetch work.
client-low-power-1  | 16-Sep-2026 15:46:49 [boincserver] Requesting new tasks for CPU
client-low-power-1  | 16-Sep-2026 15:46:51 [boincserver] Scheduler request completed: got 1 new tasks
client-low-power-1  | 16-Sep-2026 15:46:51 [boincserver] Project requested delay of 7 seconds
client-cluster-1    | 16-Sep-2026 15:46:20 [---]    (to change preferences, visit a project web site or select Preferences in the Manager)
client-cluster-1    | 16-Sep-2026 15:46:25 [http://boincserver.local/boincserver/] Fetching scheduler list
client-cluster-1    | 16-Sep-2026 15:46:27 [http://boincserver.local/boincserver/] Master file download succeeded
client-cluster-1    | 16-Sep-2026 15:46:32 [http://boincserver.local/boincserver/] Sending scheduler request: Project initialization.
apache-1            | 2026-09-16 15:45:03,298 INFO reaped unknown pid 106
apache-1            | 2026-09-16 15:45:03,298 INFO reaped unknown pid 107
apache-1            | 2026-09-16 15:45:03,299 INFO reaped unknown pid 111
apache-1            | 2026-09-16 15:45:03,299 INFO reaped unknown pid 113
apache-1            | 2026-09-16 15:45:03,299 INFO reaped unknown pid 122
apache-1            | 2026-09-16 15:45:07,820 INFO reaped unknown pid 114
apache-1            | 2026-09-16 15:45:07,926 INFO reaped unknown pid 116
apache-1            | 2026-09-16 15:45:08,033 INFO reaped unknown pid 118
client-low-power-1  | 16-Sep-2026 15:47:01 [boincserver] Sending scheduler request: To fetch work.
client-low-power-1  | 16-Sep-2026 15:47:01 [boincserver] Requesting new tasks for CPU
client-low-power-1  | 16-Sep-2026 15:47:03 [boincserver] Scheduler request completed: got 0 new tasks
client-low-power-1  | 16-Sep-2026 15:47:03 [boincserver] No tasks sent
client-low-power-1  | 16-Sep-2026 15:47:03 [boincserver] This computer has reached a limit on tasks in progress
mysql-1             | 2026-09-16 15:44:35 0 [Note] InnoDB: Number of pools: 1
mysql-1             | 2026-09-16 15:44:35 0 [Note] InnoDB: Using generic crc32 instructions
mysql-1             | 2026-09-16 15:44:35 0 [Note] InnoDB: Initializing buffer pool, total size = 256M, instances = 1, chunk size = 128M
client-cluster-2-1  | 16-Sep-2026 15:48:18 [boincserver] Started upload of exp_20260916T154418Z_baseline_medium_4_0_r2076250515_0
client-cluster-2-1  | 16-Sep-2026 15:48:20 [boincserver] Finished upload of exp_20260916T154418Z_baseline_medium_4_0_r2076250515_0
client-cluster-1    | 16-Sep-2026 15:46:32 [http://boincserver.local/boincserver/] Requesting new tasks for CPU
client-cluster-1    | 16-Sep-2026 15:46:34 [boincserver] Scheduler request completed: got 1 new tasks
client-cluster-1    | 16-Sep-2026 15:46:34 [boincserver] Project requested delay of 7 seconds
client-cluster-1    | 16-Sep-2026 15:46:36 [boincserver] Started download of hybrid_synthetic_1.0_aarch64-unknown-linux-gnu
client-cluster-1    | 16-Sep-2026 15:46:36 [boincserver] Started download of hybrid_synthetic_input.txt
client-cluster-1    | 16-Sep-2026 15:46:38 [boincserver] Finished download of hybrid_synthetic_1.0_aarch64-unknown-linux-gnu
mysql-1             | 2026-09-16 15:44:35 0 [Note] InnoDB: Completed initialization of buffer pool
client-cluster-2-1  | 16-Sep-2026 15:48:21 [boincserver] Sending scheduler request: To report completed tasks.
client-cluster-2-1  | 16-Sep-2026 15:48:21 [boincserver] Reporting 1 completed tasks
client-cluster-2-1  | 16-Sep-2026 15:48:21 [boincserver] Requesting new tasks for CPU
client-cluster-2-1  | 16-Sep-2026 15:48:23 [boincserver] Scheduler request completed: got 0 new tasks
client-cluster-2-1  | 16-Sep-2026 15:48:23 [boincserver] Project has no tasks available
client-cluster-2-1  | 16-Sep-2026 15:48:23 [boincserver] Project requested delay of 7 seconds
client-cluster-2-1  | 16-Sep-2026 15:48:33 [boincserver] Sending scheduler request: To fetch work.
client-cluster-2-1  | 16-Sep-2026 15:48:33 [boincserver] Requesting new tasks for CPU
client-cluster-2-1  | 16-Sep-2026 15:48:40 [boincserver] Scheduler request completed: got 0 new tasks
client-phone-2-1    | 16-Sep-2026 15:46:20 [---]    max memory usage when active: 8929.14 MB
client-phone-2-1    | 16-Sep-2026 15:46:20 [---]    max memory usage when idle: 8929.14 MB
client-phone-2-1    | 16-Sep-2026 15:46:20 [---]    max disk usage: 2.00 GB
client-phone-2-1    | 16-Sep-2026 15:46:20 [---]    don't use GPU while active
client-phone-2-1    | 16-Sep-2026 15:46:20 [---]    suspend work if non-BOINC CPU load exceeds 25%
client-phone-2-1    | 16-Sep-2026 15:46:20 [---]    (to change preferences, visit a project web site or select Preferences in the Manager)
client-phone-2-1    | 16-Sep-2026 15:46:20 [---] Setting up project and slot directories
client-phone-2-1    | 16-Sep-2026 15:46:20 [---] Checking active tasks
client-low-power-1  | 16-Sep-2026 15:47:03 [boincserver] Project requested delay of 7 seconds
client-low-power-1  | 16-Sep-2026 15:47:16 [boincserver] Computation for task exp_20260916T154418Z_baseline_medium_1_0 finished
apache-1            | 2026-09-16 15:45:08,131 INFO reaped unknown pid 120
apache-1            | 2026-09-16 15:45:12,320 INFO reaped unknown pid 77
apache-1            | 2026-09-16 15:45:12,320 INFO reaped unknown pid 79
apache-1            | 2026-09-16 15:45:12,321 INFO reaped unknown pid 75
apache-1            | 2026-09-16 15:45:20,536 INFO reaped unknown pid 197
apache-1            | 2026-09-16 15:45:20,536 INFO reaped unknown pid 199
apache-1            | 2026-09-16 15:45:20,536 INFO reaped unknown pid 201
apache-1            | 2026-09-16 15:45:20,536 INFO reaped unknown pid 203
apache-1            | 2026-09-16 15:45:20,536 INFO reaped unknown pid 205
mysql-1             | 2026-09-16 15:44:35 0 [Note] InnoDB: If the mysqld execution user is authorized, page cleaner thread priority can be changed. See the man page of setpriority().
mysql-1             | 2026-09-16 15:44:35 0 [Note] InnoDB: 128 out of 128 rollback segments are active.
mysql-1             | 2026-09-16 15:44:35 0 [Note] InnoDB: Creating shared tablespace for temporary tables
mysql-1             | 2026-09-16 15:44:35 0 [Note] InnoDB: Setting file './ibtmp1' size to 12 MB. Physically writing the file full; Please wait ...
mysql-1             | 2026-09-16 15:44:35 0 [Note] InnoDB: File './ibtmp1' size is now 12 MB.
client-cluster-2-1  | 16-Sep-2026 15:48:40 [boincserver] Project has no tasks available
client-cluster-2-1  | 16-Sep-2026 15:48:40 [boincserver] Project requested delay of 7 seconds
client-cluster-2-1  | 16-Sep-2026 15:48:56 [boincserver] Computation for task exp_20260916T154418Z_baseline_long_3_0 finished
client-cluster-2-1  | 16-Sep-2026 15:48:57 [boincserver] Computation for task exp_20260916T154418Z_baseline_long_5_0 finished
client-cluster-2-1  | 16-Sep-2026 15:48:58 [boincserver] Started upload of exp_20260916T154418Z_baseline_long_3_0_r1685585844_0
client-cluster-2-1  | 16-Sep-2026 15:48:59 [boincserver] Started upload of exp_20260916T154418Z_baseline_long_5_0_r1573029387_0
client-cluster-2-1  | 16-Sep-2026 15:49:00 [boincserver] Finished upload of exp_20260916T154418Z_baseline_long_3_0_r1685585844_0
client-cluster-2-1  | 16-Sep-2026 15:49:00 [boincserver] Finished upload of exp_20260916T154418Z_baseline_long_5_0_r1573029387_0
client-cluster-2-1  | 16-Sep-2026 15:49:00 [boincserver] Sending scheduler request: To report completed tasks.
client-cluster-2-1  | 16-Sep-2026 15:49:00 [boincserver] Reporting 2 completed tasks
client-cluster-2-1  | 16-Sep-2026 15:49:00 [boincserver] Requesting new tasks for CPU
mysql-1             | 2026-09-16 15:44:35 0 [Note] InnoDB: Waiting for purge to start
mysql-1             | 2026-09-16 15:44:35 0 [Note] InnoDB: 10.3.8 started; log sequence number 1630815; transaction id 21
client-low-power-1  | 16-Sep-2026 15:47:16 [boincserver] Elapsed time limit 50.000000 < 120.000000; setting to 43200.000000
client-low-power-1  | 16-Sep-2026 15:47:16 [boincserver] Starting task exp_20260916T154418Z_baseline_short_17_0
client-low-power-1  | 16-Sep-2026 15:47:18 [boincserver] Started upload of exp_20260916T154418Z_baseline_medium_1_0_r121969578_0
client-low-power-1  | 16-Sep-2026 15:47:20 [boincserver] Finished upload of exp_20260916T154418Z_baseline_medium_1_0_r121969578_0
client-low-power-1  | 16-Sep-2026 15:47:23 [boincserver] Sending scheduler request: To report completed tasks.
client-low-power-1  | 16-Sep-2026 15:47:23 [boincserver] Reporting 1 completed tasks
client-cluster-1    | 16-Sep-2026 15:46:38 [boincserver] Finished download of hybrid_synthetic_input.txt
client-cluster-1    | 16-Sep-2026 15:46:38 [boincserver] Elapsed time limit 50.000000 < 120.000000; setting to 43200.000000
client-cluster-1    | 16-Sep-2026 15:46:38 [boincserver] Starting task exp_20260916T154418Z_baseline_short_1_0
client-cluster-1    | 16-Sep-2026 15:46:44 [boincserver] Sending scheduler request: To fetch work.
client-cluster-1    | 16-Sep-2026 15:46:44 [boincserver] Requesting new tasks for CPU
client-cluster-1    | 16-Sep-2026 15:46:46 [boincserver] Computation for task exp_20260916T154418Z_baseline_short_1_0 finished
client-cluster-2-1  | 16-Sep-2026 15:49:03 [boincserver] Computation for task exp_20260916T154418Z_baseline_long_4_0 finished
client-cluster-2-1  | 16-Sep-2026 15:49:05 [boincserver] Started upload of exp_20260916T154418Z_baseline_long_4_0_r2058074667_0
client-phone-2-1    | 16-Sep-2026 15:46:20 [---] Setting up GUI RPC socket
client-phone-2-1    | dir_open: Could not open directory 'slots' from '/var/lib/boinc-client'.
client-low-power-1  | 16-Sep-2026 15:47:23 [boincserver] Requesting new tasks for CPU
client-low-power-1  | 16-Sep-2026 15:47:24 [boincserver] Computation for task exp_20260916T154418Z_baseline_short_17_0 finished
client-low-power-1  | 16-Sep-2026 15:47:25 [boincserver] Scheduler request completed: got 1 new tasks
client-low-power-1  | 16-Sep-2026 15:47:25 [boincserver] Project requested delay of 7 seconds
client-low-power-1  | 16-Sep-2026 15:47:26 [boincserver] Started upload of exp_20260916T154418Z_baseline_short_17_0_r1421018854_0
client-low-power-1  | 16-Sep-2026 15:47:27 [boincserver] Starting task exp_20260916T154418Z_baseline_medium_2_0
client-low-power-1  | 16-Sep-2026 15:47:28 [boincserver] Finished upload of exp_20260916T154418Z_baseline_short_17_0_r1421018854_0
client-desktop-1    | 16-Sep-2026 15:46:20 [---] Reading preferences override file
client-desktop-1    | 16-Sep-2026 15:46:20 [---] Preferences:
client-desktop-1    | 16-Sep-2026 15:46:20 [---]    max memory usage when active: 8929.14 MB
client-desktop-1    | 16-Sep-2026 15:46:20 [---]    max memory usage when idle: 8929.14 MB
client-desktop-1    | 16-Sep-2026 15:46:20 [---]    max disk usage: 2.00 GB
client-low-power-1  | 16-Sep-2026 15:47:35 [boincserver] Sending scheduler request: To report completed tasks.
client-low-power-1  | 16-Sep-2026 15:47:35 [boincserver] Reporting 1 completed tasks
client-low-power-1  | 16-Sep-2026 15:47:35 [boincserver] Requesting new tasks for CPU
client-phone-2-1    | 16-Sep-2026 15:46:20 [---] Checking presence of 0 project files
client-phone-2-1    | 16-Sep-2026 15:46:20 [---] This computer is not attached to any projects
client-desktop-1    | 16-Sep-2026 15:46:20 [---]    don't use GPU while active
client-desktop-1    | 16-Sep-2026 15:46:20 [---]    suspend work if non-BOINC CPU load exceeds 25%
mysql-1             | 2026-09-16 15:44:35 0 [Note] InnoDB: Loading buffer pool(s) from /var/lib/mysql/ib_buffer_pool
mysql-1             | 2026-09-16 15:44:35 0 [Note] Plugin 'FEEDBACK' is disabled.
client-cluster-1    | 16-Sep-2026 15:46:46 [boincserver] Scheduler request completed: got 4 new tasks
client-cluster-1    | 16-Sep-2026 15:46:46 [boincserver] Project requested delay of 7 seconds
client-cluster-1    | 16-Sep-2026 15:46:48 [boincserver] Started upload of exp_20260916T154418Z_baseline_short_1_0_r859020998_0
client-cluster-1    | 16-Sep-2026 15:46:48 [boincserver] Elapsed time limit 50.000000 < 120.000000; setting to 43200.000000
client-cluster-1    | 16-Sep-2026 15:46:48 [boincserver] Starting task exp_20260916T154418Z_baseline_short_11_0
client-cluster-1    | 16-Sep-2026 15:46:48 [boincserver] Starting task exp_20260916T154418Z_baseline_medium_9_0
client-cluster-1    | 16-Sep-2026 15:46:48 [boincserver] Starting task exp_20260916T154418Z_baseline_medium_8_0
client-cluster-1    | 16-Sep-2026 15:46:48 [boincserver] Starting task exp_20260916T154418Z_baseline_medium_6_0
client-cluster-1    | 16-Sep-2026 15:46:50 [boincserver] Finished upload of exp_20260916T154418Z_baseline_short_1_0_r859020998_0
client-cluster-1    | 16-Sep-2026 15:46:56 [boincserver] Computation for task exp_20260916T154418Z_baseline_short_11_0 finished
client-low-power-1  | 16-Sep-2026 15:47:42 [boincserver] Scheduler request completed: got 0 new tasks
client-low-power-1  | 16-Sep-2026 15:47:42 [boincserver] Project has no tasks available
client-low-power-1  | 16-Sep-2026 15:47:42 [boincserver] Project requested delay of 7 seconds
client-low-power-1  | 16-Sep-2026 15:47:52 [boincserver] Sending scheduler request: To fetch work.
client-low-power-1  | 16-Sep-2026 15:47:52 [boincserver] Requesting new tasks for CPU
client-low-power-1  | 16-Sep-2026 15:47:54 [boincserver] Scheduler request completed: got 0 new tasks
client-low-power-1  | 16-Sep-2026 15:47:54 [boincserver] Project has no tasks available
client-low-power-1  | 16-Sep-2026 15:47:54 [boincserver] Project requested delay of 7 seconds
client-low-power-1  | 16-Sep-2026 15:48:00 [boincserver] Computation for task exp_20260916T154418Z_baseline_medium_2_0 finished
client-low-power-1  | 16-Sep-2026 15:48:02 [boincserver] Started upload of exp_20260916T154418Z_baseline_medium_2_0_r1054645533_0
client-low-power-1  | 16-Sep-2026 15:48:04 [boincserver] Finished upload of exp_20260916T154418Z_baseline_medium_2_0_r1054645533_0
mysql-1             | 2026-09-16 15:44:35 0 [Note] InnoDB: Buffer pool(s) load completed at 260916 15:44:35
mysql-1             | 2026-09-16 15:44:35 0 [Warning] 'user' entry 'root@06a2c90a55e8' ignored in --skip-name-resolve mode.
mysql-1             | 2026-09-16 15:44:35 0 [Warning] 'user' entry '@06a2c90a55e8' ignored in --skip-name-resolve mode.
mysql-1             | 2026-09-16 15:44:35 0 [Warning] 'proxies_priv' entry '@% root@06a2c90a55e8' ignored in --skip-name-resolve mode.
mysql-1             | 2026-09-16 15:44:35 0 [Note] Reading of all Master_info entries succeded
client-cluster-1    | 16-Sep-2026 15:46:56 [boincserver] Sending scheduler request: To report completed tasks.
client-cluster-1    | 16-Sep-2026 15:46:56 [boincserver] Reporting 1 completed tasks
client-cluster-1    | 16-Sep-2026 15:46:56 [boincserver] Requesting new tasks for CPU
client-cluster-1    | 16-Sep-2026 15:46:58 [boincserver] Started upload of exp_20260916T154418Z_baseline_short_11_0_r1757388535_0
client-cluster-1    | 16-Sep-2026 15:46:58 [boincserver] Scheduler request completed: got 4 new tasks
client-cluster-1    | 16-Sep-2026 15:46:58 [boincserver] Project requested delay of 7 seconds
client-cluster-1    | 16-Sep-2026 15:47:00 [boincserver] Finished upload of exp_20260916T154418Z_baseline_short_11_0_r1757388535_0
client-cluster-1    | 16-Sep-2026 15:47:00 [boincserver] Elapsed time limit 50.000000 < 120.000000; setting to 43200.000000
client-cluster-1    | 16-Sep-2026 15:47:00 [boincserver] Starting task exp_20260916T154418Z_baseline_short_4_0
client-cluster-1    | 16-Sep-2026 15:47:08 [boincserver] Sending scheduler request: To report completed tasks.
client-cluster-2-1  | 16-Sep-2026 15:49:07 [boincserver] Finished upload of exp_20260916T154418Z_baseline_long_4_0_r2058074667_0
client-cluster-2-1  | 16-Sep-2026 15:49:07 [boincserver] Scheduler request completed: got 0 new tasks
client-desktop-1    | 16-Sep-2026 15:46:20 [---]    (to change preferences, visit a project web site or select Preferences in the Manager)
client-desktop-1    | 16-Sep-2026 15:46:25 [http://boincserver.local/boincserver/] Fetching scheduler list
client-cluster-1    | 16-Sep-2026 15:47:08 [boincserver] Reporting 1 completed tasks
client-cluster-1    | 16-Sep-2026 15:47:08 [boincserver] Requesting new tasks for CPU
client-cluster-1    | 16-Sep-2026 15:47:09 [boincserver] Computation for task exp_20260916T154418Z_baseline_short_4_0 finished
client-cluster-2-1  | 16-Sep-2026 15:49:07 [boincserver] Project has no tasks available
client-cluster-2-1  | 16-Sep-2026 15:49:07 [boincserver] Project requested delay of 7 seconds
client-desktop-1    | 16-Sep-2026 15:46:27 [http://boincserver.local/boincserver/] Master file download succeeded
client-desktop-1    | 16-Sep-2026 15:46:32 [http://boincserver.local/boincserver/] Sending scheduler request: Project initialization.
client-desktop-1    | 16-Sep-2026 15:46:32 [http://boincserver.local/boincserver/] Requesting new tasks for CPU
client-desktop-1    | 16-Sep-2026 15:46:34 [boincserver] Scheduler request completed: got 1 new tasks
client-desktop-1    | 16-Sep-2026 15:46:34 [boincserver] Project requested delay of 7 seconds
client-desktop-1    | 16-Sep-2026 15:46:36 [boincserver] Started download of hybrid_synthetic_1.0_aarch64-unknown-linux-gnu
client-desktop-1    | 16-Sep-2026 15:46:36 [boincserver] Started download of hybrid_synthetic_input.txt
client-phone-2-1    | 16-Sep-2026 15:46:20 Initialization completed
client-phone-2-1    | dir_open: Could not open directory 'projects/boincserver.local_boincserver' from '/var/lib/boinc-client'.
client-phone-2-1    | 16-Sep-2026 15:46:21 [---] No general preferences found - using defaults
client-phone-2-1    | 16-Sep-2026 15:46:21 [---] Reading preferences override file
client-low-power-1  | 16-Sep-2026 15:48:04 [boincserver] Sending scheduler request: To report completed tasks.
client-low-power-1  | 16-Sep-2026 15:48:04 [boincserver] Reporting 1 completed tasks
client-low-power-1  | 16-Sep-2026 15:48:04 [boincserver] Requesting new tasks for CPU
client-low-power-1  | 16-Sep-2026 15:48:06 [boincserver] Scheduler request completed: got 0 new tasks
client-low-power-1  | 16-Sep-2026 15:48:06 [boincserver] Project has no tasks available
client-low-power-1  | 16-Sep-2026 15:48:06 [boincserver] Project requested delay of 7 seconds
client-low-power-1  | 16-Sep-2026 15:48:16 [boincserver] Sending scheduler request: To fetch work.
client-low-power-1  | 16-Sep-2026 15:48:16 [boincserver] Requesting new tasks for CPU
client-low-power-1  | 16-Sep-2026 15:48:18 [boincserver] Scheduler request completed: got 0 new tasks
client-low-power-1  | 16-Sep-2026 15:48:18 [boincserver] Project has no tasks available
client-low-power-1  | 16-Sep-2026 15:48:18 [boincserver] Project requested delay of 7 seconds
client-desktop-1    | 16-Sep-2026 15:46:38 [boincserver] Finished download of hybrid_synthetic_1.0_aarch64-unknown-linux-gnu
client-desktop-1    | 16-Sep-2026 15:46:38 [boincserver] Finished download of hybrid_synthetic_input.txt
client-cluster-1    | 16-Sep-2026 15:47:09 [boincserver] Elapsed time limit 50.000000 < 120.000000; setting to 43200.000000
client-cluster-1    | 16-Sep-2026 15:47:09 [boincserver] Starting task exp_20260916T154418Z_baseline_short_5_0
client-phone-2-1    | 16-Sep-2026 15:46:21 [---] Preferences:
client-phone-2-1    | 16-Sep-2026 15:46:21 [---]    max memory usage when active: 8929.14 MB
client-phone-2-1    | 16-Sep-2026 15:46:21 [---]    max memory usage when idle: 8929.14 MB
client-phone-2-1    | 16-Sep-2026 15:46:21 [---]    max disk usage: 2.00 GB
client-phone-2-1    | 16-Sep-2026 15:46:21 [---]    don't use GPU while active
mysql-1             | 2026-09-16 15:44:35 0 [Note] Added new Master_info '' to hash table
mysql-1             | 2026-09-16 15:44:35 0 [Note] mysqld: ready for connections.
client-cluster-2-1  | 16-Sep-2026 15:49:17 [boincserver] Sending scheduler request: To report completed tasks.
client-cluster-2-1  | 16-Sep-2026 15:49:17 [boincserver] Reporting 1 completed tasks
client-cluster-2-1  | 16-Sep-2026 15:49:17 [boincserver] Requesting new tasks for CPU
client-desktop-1    | 16-Sep-2026 15:46:38 [boincserver] Starting task exp_20260916T154418Z_baseline_medium_11_0
client-desktop-1    | 16-Sep-2026 15:46:44 [boincserver] Sending scheduler request: To fetch work.
client-desktop-1    | 16-Sep-2026 15:46:44 [boincserver] Requesting new tasks for CPU
client-cluster-1    | 16-Sep-2026 15:47:10 [boincserver] Scheduler request completed: got 1 new tasks
client-cluster-1    | 16-Sep-2026 15:47:10 [boincserver] Project requested delay of 7 seconds
client-cluster-1    | 16-Sep-2026 15:47:11 [boincserver] Started upload of exp_20260916T154418Z_baseline_short_4_0_r1368458376_0
client-cluster-1    | 16-Sep-2026 15:47:13 [boincserver] Finished upload of exp_20260916T154418Z_baseline_short_4_0_r1368458376_0
client-cluster-1    | 16-Sep-2026 15:47:18 [boincserver] Computation for task exp_20260916T154418Z_baseline_short_5_0 finished
client-cluster-2-1  | 16-Sep-2026 15:49:23 [boincserver] Scheduler request completed: got 0 new tasks
client-cluster-2-1  | 16-Sep-2026 15:49:23 [boincserver] Project has no tasks available
client-cluster-2-1  | 16-Sep-2026 15:49:23 [boincserver] Project requested delay of 7 seconds
client-cluster-2-1  | 16-Sep-2026 15:49:33 [boincserver] Sending scheduler request: To fetch work.
client-cluster-2-1  | 16-Sep-2026 15:49:33 [boincserver] Requesting new tasks for CPU
client-cluster-2-1  | 16-Sep-2026 15:49:35 [boincserver] Scheduler request completed: got 0 new tasks
client-cluster-2-1  | 16-Sep-2026 15:49:35 [boincserver] Project has no tasks available
client-cluster-2-1  | 16-Sep-2026 15:49:35 [boincserver] Project requested delay of 7 seconds
client-phone-2-1    | 16-Sep-2026 15:46:21 [---]    suspend work if non-BOINC CPU load exceeds 25%
client-phone-2-1    | 16-Sep-2026 15:46:21 [---]    (to change preferences, visit a project web site or select Preferences in the Manager)
client-phone-2-1    | 16-Sep-2026 15:46:25 [http://boincserver.local/boincserver/] Fetching scheduler list
client-phone-2-1    | 16-Sep-2026 15:46:27 [http://boincserver.local/boincserver/] Master file download succeeded
mysql-1             | Version: '10.3.8-MariaDB-1:10.3.8+maria~bionic'  socket: '/var/run/mysqld/mysqld.sock'  port: 0  mariadb.org binary distribution
mysql-1             | Warning: Unable to load '/usr/share/zoneinfo/leap-seconds.list' as time zone. Skipping it.
mysql-1             | 2026-09-16 15:44:37 10 [Warning] 'proxies_priv' entry '@% root@06a2c90a55e8' ignored in --skip-name-resolve mode.
mysql-1             | 
client-desktop-1    | 16-Sep-2026 15:46:51 [boincserver] Scheduler request completed: got 2 new tasks
mysql-1             | 2026-09-16 15:44:37 0 [Note] mysqld (initiated by: unknown): Normal shutdown
mysql-1             | 2026-09-16 15:44:37 0 [Note] Event Scheduler: Purging the queue. 0 events
mysql-1             | 2026-09-16 15:44:37 0 [Note] InnoDB: FTS optimize thread exiting.
mysql-1             | 2026-09-16 15:44:37 0 [Note] InnoDB: Starting shutdown...
client-phone-2-1    | 16-Sep-2026 15:46:32 [http://boincserver.local/boincserver/] Sending scheduler request: Project initialization.
client-phone-2-1    | 16-Sep-2026 15:46:32 [http://boincserver.local/boincserver/] Requesting new tasks for CPU
mysql-1             | 2026-09-16 15:44:37 0 [Note] InnoDB: Dumping buffer pool(s) to /var/lib/mysql/ib_buffer_pool
mysql-1             | 2026-09-16 15:44:37 0 [Note] InnoDB: Buffer pool(s) dump completed at 260916 15:44:37
client-cluster-1    | 16-Sep-2026 15:47:18 [boincserver] Elapsed time limit 50.000000 < 120.000000; setting to 43200.000000
client-cluster-1    | 16-Sep-2026 15:47:18 [boincserver] Starting task exp_20260916T154418Z_baseline_short_6_0
client-desktop-1    | 16-Sep-2026 15:46:51 [boincserver] Project requested delay of 7 seconds
client-desktop-1    | 16-Sep-2026 15:46:53 [boincserver] Starting task exp_20260916T154418Z_baseline_long_6_0
client-desktop-1    | 16-Sep-2026 15:47:01 [boincserver] Sending scheduler request: To fetch work.
client-desktop-1    | 16-Sep-2026 15:47:01 [boincserver] Requesting new tasks for CPU
client-desktop-1    | 16-Sep-2026 15:47:08 [boincserver] Scheduler request completed: got 1 new tasks
mysql-1             | 2026-09-16 15:44:38 0 [Note] InnoDB: Shutdown completed; log sequence number 1630824; transaction id 24
mysql-1             | 2026-09-16 15:44:38 0 [Note] InnoDB: Removed temporary tablespace data file: "ibtmp1"
client-desktop-1    | 16-Sep-2026 15:47:08 [boincserver] Project requested delay of 7 seconds
client-desktop-1    | 16-Sep-2026 15:47:12 [boincserver] Computation for task exp_20260916T154418Z_baseline_medium_11_0 finished
client-desktop-1    | 16-Sep-2026 15:47:12 [boincserver] Elapsed time limit 50.000000 < 120.000000; setting to 43200.000000
client-desktop-1    | 16-Sep-2026 15:47:12 [boincserver] Starting task exp_20260916T154418Z_baseline_short_16_0
client-desktop-1    | 16-Sep-2026 15:47:14 [boincserver] Started upload of exp_20260916T154418Z_baseline_medium_11_0_r1402871602_0
client-desktop-1    | 16-Sep-2026 15:47:16 [boincserver] Finished upload of exp_20260916T154418Z_baseline_medium_11_0_r1402871602_0
client-desktop-1    | 16-Sep-2026 15:47:18 [boincserver] Sending scheduler request: To report completed tasks.
client-desktop-1    | 16-Sep-2026 15:47:18 [boincserver] Reporting 1 completed tasks
client-phone-2-1    | 16-Sep-2026 15:46:34 [boincserver] Scheduler request completed: got 1 new tasks
client-phone-2-1    | 16-Sep-2026 15:46:34 [boincserver] Project requested delay of 7 seconds
client-cluster-1    | 16-Sep-2026 15:47:20 [boincserver] Started upload of exp_20260916T154418Z_baseline_short_5_0_r1544201961_0
client-cluster-1    | 16-Sep-2026 15:47:21 [boincserver] Computation for task exp_20260916T154418Z_baseline_medium_9_0 finished
mysql-1             | 2026-09-16 15:44:38 0 [Note] mysqld: Shutdown complete
mysql-1             | 
mysql-1             | 
mysql-1             | MySQL init process done. Ready for start up.
mysql-1             | 
mysql-1             | 2026-09-16 15:44:38 0 [Note] mysqld (mysqld 10.3.8-MariaDB-1:10.3.8+maria~bionic) starting as process 1 ...
mysql-1             | 2026-09-16 15:44:38 0 [Note] InnoDB: Using Linux native AIO
mysql-1             | 2026-09-16 15:44:38 0 [Note] InnoDB: Mutexes and rw_locks use GCC atomic builtins
mysql-1             | 2026-09-16 15:44:38 0 [Note] InnoDB: Uses event mutexes
mysql-1             | 2026-09-16 15:44:38 0 [Note] InnoDB: Compressed tables use zlib 1.2.11
mysql-1             | 2026-09-16 15:44:38 0 [Note] InnoDB: Number of pools: 1
mysql-1             | 2026-09-16 15:44:38 0 [Note] InnoDB: Using generic crc32 instructions
mysql-1             | 2026-09-16 15:44:38 0 [Note] InnoDB: Initializing buffer pool, total size = 256M, instances = 1, chunk size = 128M
mysql-1             | 2026-09-16 15:44:38 0 [Note] InnoDB: Completed initialization of buffer pool
mysql-1             | 2026-09-16 15:44:38 0 [Note] InnoDB: If the mysqld execution user is authorized, page cleaner thread priority can be changed. See the man page of setpriority().
mysql-1             | 2026-09-16 15:44:38 0 [Note] InnoDB: 128 out of 128 rollback segments are active.
mysql-1             | 2026-09-16 15:44:38 0 [Note] InnoDB: Creating shared tablespace for temporary tables
mysql-1             | 2026-09-16 15:44:38 0 [Note] InnoDB: Setting file './ibtmp1' size to 12 MB. Physically writing the file full; Please wait ...
client-phone-2-1    | 16-Sep-2026 15:46:36 [boincserver] Started download of hybrid_synthetic_1.0_aarch64-unknown-linux-gnu
client-phone-2-1    | 16-Sep-2026 15:46:36 [boincserver] Started download of hybrid_synthetic_input.txt
mysql-1             | 2026-09-16 15:44:38 0 [Note] InnoDB: File './ibtmp1' size is now 12 MB.
mysql-1             | 2026-09-16 15:44:38 0 [Note] InnoDB: 10.3.8 started; log sequence number 1630824; transaction id 21
mysql-1             | 2026-09-16 15:44:38 0 [Note] InnoDB: Loading buffer pool(s) from /var/lib/mysql/ib_buffer_pool
mysql-1             | 2026-09-16 15:44:38 0 [Note] Plugin 'FEEDBACK' is disabled.
mysql-1             | 2026-09-16 15:44:38 0 [Note] InnoDB: Buffer pool(s) load completed at 260916 15:44:38
mysql-1             | 2026-09-16 15:44:38 0 [Note] Server socket created on IP: '::'.
mysql-1             | 2026-09-16 15:44:38 0 [Warning] 'proxies_priv' entry '@% root@06a2c90a55e8' ignored in --skip-name-resolve mode.
client-phone-2-1    | 16-Sep-2026 15:46:38 [boincserver] Finished download of hybrid_synthetic_1.0_aarch64-unknown-linux-gnu
client-phone-2-1    | 16-Sep-2026 15:46:38 [boincserver] Finished download of hybrid_synthetic_input.txt
client-phone-2-1    | 16-Sep-2026 15:46:38 [boincserver] Starting task exp_20260916T154418Z_baseline_long_1_0
client-phone-2-1    | 16-Sep-2026 15:46:44 [boincserver] Sending scheduler request: To fetch work.
client-phone-2-1    | 16-Sep-2026 15:46:44 [boincserver] Requesting new tasks for CPU
client-phone-2-1    | 16-Sep-2026 15:46:46 [boincserver] Scheduler request completed: got 1 new tasks
client-phone-2-1    | 16-Sep-2026 15:46:46 [boincserver] Project requested delay of 7 seconds
client-phone-2-1    | 16-Sep-2026 15:46:56 [boincserver] Sending scheduler request: To fetch work.
client-phone-2-1    | 16-Sep-2026 15:46:56 [boincserver] Requesting new tasks for CPU
client-phone-2-1    | 16-Sep-2026 15:47:03 [boincserver] Scheduler request completed: got 0 new tasks
client-phone-2-1    | 16-Sep-2026 15:47:03 [boincserver] No tasks sent
client-desktop-1    | 16-Sep-2026 15:47:18 [boincserver] Requesting new tasks for CPU
client-desktop-1    | 16-Sep-2026 15:47:20 [boincserver] Computation for task exp_20260916T154418Z_baseline_short_16_0 finished
client-desktop-1    | 16-Sep-2026 15:47:20 [boincserver] Starting task exp_20260916T154418Z_baseline_medium_10_0
client-desktop-1    | 16-Sep-2026 15:47:22 [boincserver] Started upload of exp_20260916T154418Z_baseline_short_16_0_r1099104264_0
client-desktop-1    | 16-Sep-2026 15:47:24 [boincserver] Finished upload of exp_20260916T154418Z_baseline_short_16_0_r1099104264_0
client-desktop-1    | 16-Sep-2026 15:47:25 [boincserver] Scheduler request completed: got 1 new tasks
client-desktop-1    | 16-Sep-2026 15:47:25 [boincserver] Project requested delay of 7 seconds
client-desktop-1    | 16-Sep-2026 15:47:35 [boincserver] Sending scheduler request: To report completed tasks.
mysql-1             | 2026-09-16 15:44:38 0 [Note] Reading of all Master_info entries succeded
mysql-1             | 2026-09-16 15:44:38 0 [Note] Added new Master_info '' to hash table
mysql-1             | 2026-09-16 15:44:38 0 [Note] mysqld: ready for connections.
mysql-1             | Version: '10.3.8-MariaDB-1:10.3.8+maria~bionic'  socket: '/var/run/mysqld/mysqld.sock'  port: 3306  mariadb.org binary distribution
mysql-1             | 2026-09-16 15:44:39 8 [Warning] Access denied for user 'boincadm'@'172.21.0.2' (using password: NO)
client-cluster-1    | 16-Sep-2026 15:47:21 [boincserver] Elapsed time limit 50.000000 < 120.000000; setting to 43200.000000
client-cluster-1    | 16-Sep-2026 15:47:21 [boincserver] Starting task exp_20260916T154418Z_baseline_short_3_0
mysql-1             | 2026-09-16 15:45:02 19 [Warning] Aborted connection 19 to db: 'boincserver' user: 'root' host: '172.21.0.4' (Got an error reading communication packets)
mysql-1             | 2026-09-16 15:45:02 22 [Warning] Aborted connection 22 to db: 'boincserver' user: 'root' host: '172.21.0.4' (Got an error reading communication packets)
mysql-1             | 2026-09-16 15:45:12 15 [Warning] Aborted connection 15 to db: 'boincserver' user: 'root' host: '172.21.0.4' (Got an error reading communication packets)
mysql-1             | 2026-09-16 15:45:12 16 [Warning] Aborted connection 16 to db: 'boincserver' user: 'root' host: '172.21.0.4' (Got an error reading communication packets)
mysql-1             | 2026-09-16 15:45:12 17 [Warning] Aborted connection 17 to db: 'boincserver' user: 'root' host: '172.21.0.4' (Got an error reading communication packets)
client-cluster-1    | 16-Sep-2026 15:47:22 [boincserver] Finished upload of exp_20260916T154418Z_baseline_short_5_0_r1544201961_0
client-cluster-1    | 16-Sep-2026 15:47:22 [boincserver] Computation for task exp_20260916T154418Z_baseline_medium_8_0 finished
client-cluster-1    | 16-Sep-2026 15:47:22 [boincserver] Elapsed time limit 50.000000 < 120.000000; setting to 43200.000000
client-cluster-1    | 16-Sep-2026 15:47:22 [boincserver] Starting task exp_20260916T154418Z_baseline_short_8_0
client-cluster-1    | 16-Sep-2026 15:47:23 [boincserver] Started upload of exp_20260916T154418Z_baseline_medium_9_0_r599989624_0
client-cluster-1    | 16-Sep-2026 15:47:23 [boincserver] Computation for task exp_20260916T154418Z_baseline_medium_6_0 finished
client-cluster-1    | 16-Sep-2026 15:47:24 [boincserver] Started upload of exp_20260916T154418Z_baseline_medium_8_0_r1508613050_0
client-cluster-1    | 16-Sep-2026 15:47:25 [boincserver] Finished upload of exp_20260916T154418Z_baseline_medium_9_0_r599989624_0
client-desktop-1    | 16-Sep-2026 15:47:35 [boincserver] Reporting 1 completed tasks
client-desktop-1    | 16-Sep-2026 15:47:35 [boincserver] Requesting new tasks for CPU
client-desktop-1    | 16-Sep-2026 15:47:37 [boincserver] Scheduler request completed: got 0 new tasks
client-desktop-1    | 16-Sep-2026 15:47:37 [boincserver] Project has no tasks available
client-desktop-1    | 16-Sep-2026 15:47:37 [boincserver] Project requested delay of 7 seconds
client-desktop-1    | 16-Sep-2026 15:47:47 [boincserver] Sending scheduler request: To fetch work.
client-phone-2-1    | 16-Sep-2026 15:47:03 [boincserver] This computer has reached a limit on tasks in progress
client-phone-2-1    | 16-Sep-2026 15:47:03 [boincserver] Project requested delay of 7 seconds
client-phone-2-1    | 16-Sep-2026 15:48:42 [boincserver] Computation for task exp_20260916T154418Z_baseline_long_1_0 finished
client-cluster-1    | 16-Sep-2026 15:47:25 [boincserver] Finished upload of exp_20260916T154418Z_baseline_medium_8_0_r1508613050_0
client-cluster-1    | 16-Sep-2026 15:47:25 [boincserver] Started upload of exp_20260916T154418Z_baseline_medium_6_0_r222429316_0
client-cluster-1    | 16-Sep-2026 15:47:25 [boincserver] Sending scheduler request: To fetch work.
client-cluster-1    | 16-Sep-2026 15:47:25 [boincserver] Reporting 4 completed tasks
client-phone-2-1    | 16-Sep-2026 15:48:42 [boincserver] Starting task exp_20260916T154418Z_baseline_medium_7_0
client-phone-2-1    | 16-Sep-2026 15:48:44 [boincserver] Started upload of exp_20260916T154418Z_baseline_long_1_0_r690257533_0
client-cluster-1    | 16-Sep-2026 15:47:25 [boincserver] Requesting new tasks for CPU
client-cluster-1    | 16-Sep-2026 15:47:26 [boincserver] Computation for task exp_20260916T154418Z_baseline_short_6_0 finished
client-cluster-1    | 16-Sep-2026 15:47:27 [boincserver] Finished upload of exp_20260916T154418Z_baseline_medium_6_0_r222429316_0
client-cluster-1    | 16-Sep-2026 15:47:27 [boincserver] Scheduler request completed: got 2 new tasks
client-cluster-1    | 16-Sep-2026 15:47:27 [boincserver] Project requested delay of 7 seconds
client-cluster-1    | 16-Sep-2026 15:47:28 [boincserver] Started upload of exp_20260916T154418Z_baseline_short_6_0_r862159917_0
client-cluster-1    | 16-Sep-2026 15:47:29 [boincserver] Computation for task exp_20260916T154418Z_baseline_short_3_0 finished
client-cluster-1    | 16-Sep-2026 15:47:29 [boincserver] Starting task exp_20260916T154418Z_baseline_long_2_0
client-cluster-1    | 16-Sep-2026 15:47:29 [boincserver] Starting task exp_20260916T154418Z_baseline_medium_5_0
client-cluster-1    | 16-Sep-2026 15:47:30 [boincserver] Finished upload of exp_20260916T154418Z_baseline_short_6_0_r862159917_0
client-cluster-1    | 16-Sep-2026 15:47:30 [boincserver] Computation for task exp_20260916T154418Z_baseline_short_8_0 finished
client-cluster-1    | 16-Sep-2026 15:47:31 [boincserver] Started upload of exp_20260916T154418Z_baseline_short_3_0_r1874346448_0
client-cluster-1    | 16-Sep-2026 15:47:32 [boincserver] Started upload of exp_20260916T154418Z_baseline_short_8_0_r1604506863_0
client-phone-2-1    | 16-Sep-2026 15:48:46 [boincserver] Finished upload of exp_20260916T154418Z_baseline_long_1_0_r690257533_0
client-phone-2-1    | 16-Sep-2026 15:48:48 [boincserver] Sending scheduler request: To report completed tasks.
client-phone-2-1    | 16-Sep-2026 15:48:48 [boincserver] Reporting 1 completed tasks
client-phone-2-1    | 16-Sep-2026 15:48:48 [boincserver] Requesting new tasks for CPU
client-phone-2-1    | 16-Sep-2026 15:48:50 [boincserver] Scheduler request completed: got 0 new tasks
client-phone-2-1    | 16-Sep-2026 15:48:50 [boincserver] Project has no tasks available
client-phone-2-1    | 16-Sep-2026 15:48:50 [boincserver] Project requested delay of 7 seconds
client-phone-2-1    | 16-Sep-2026 15:49:00 [boincserver] Sending scheduler request: To fetch work.
client-desktop-1    | 16-Sep-2026 15:47:47 [boincserver] Requesting new tasks for CPU
client-desktop-1    | 16-Sep-2026 15:47:49 [boincserver] Scheduler request completed: got 0 new tasks
client-desktop-1    | 16-Sep-2026 15:47:49 [boincserver] Project has no tasks available
client-desktop-1    | 16-Sep-2026 15:47:49 [boincserver] Project requested delay of 7 seconds
client-desktop-1    | 16-Sep-2026 15:47:53 [boincserver] Computation for task exp_20260916T154418Z_baseline_medium_10_0 finished
client-desktop-1    | 16-Sep-2026 15:47:53 [boincserver] Elapsed time limit 50.000000 < 120.000000; setting to 43200.000000
client-desktop-1    | 16-Sep-2026 15:47:53 [boincserver] Starting task exp_20260916T154418Z_baseline_short_12_0
client-desktop-1    | 16-Sep-2026 15:47:55 [boincserver] Started upload of exp_20260916T154418Z_baseline_medium_10_0_r1418615643_0
client-desktop-1    | 16-Sep-2026 15:47:57 [boincserver] Finished upload of exp_20260916T154418Z_baseline_medium_10_0_r1418615643_0
client-cluster-1    | 16-Sep-2026 15:47:33 [boincserver] Finished upload of exp_20260916T154418Z_baseline_short_3_0_r1874346448_0
client-cluster-1    | 16-Sep-2026 15:47:33 [boincserver] Finished upload of exp_20260916T154418Z_baseline_short_8_0_r1604506863_0
client-desktop-1    | 16-Sep-2026 15:47:59 [boincserver] Sending scheduler request: To report completed tasks.
client-desktop-1    | 16-Sep-2026 15:47:59 [boincserver] Reporting 1 completed tasks
client-cluster-1    | 16-Sep-2026 15:47:37 [boincserver] Sending scheduler request: To report completed tasks.
client-cluster-1    | 16-Sep-2026 15:47:37 [boincserver] Reporting 4 completed tasks
client-desktop-1    | 16-Sep-2026 15:47:59 [boincserver] Requesting new tasks for CPU
client-desktop-1    | 16-Sep-2026 15:48:01 [boincserver] Computation for task exp_20260916T154418Z_baseline_short_12_0 finished
client-desktop-1    | 16-Sep-2026 15:48:01 [boincserver] Scheduler request completed: got 0 new tasks
client-desktop-1    | 16-Sep-2026 15:48:01 [boincserver] Project has no tasks available
client-desktop-1    | 16-Sep-2026 15:48:01 [boincserver] Project requested delay of 7 seconds
client-desktop-1    | 16-Sep-2026 15:48:03 [boincserver] Started upload of exp_20260916T154418Z_baseline_short_12_0_r953235127_0
client-desktop-1    | 16-Sep-2026 15:48:05 [boincserver] Finished upload of exp_20260916T154418Z_baseline_short_12_0_r953235127_0
client-desktop-1    | 16-Sep-2026 15:48:11 [boincserver] Sending scheduler request: To report completed tasks.
client-cluster-1    | 16-Sep-2026 15:47:37 [boincserver] Requesting new tasks for CPU
client-cluster-1    | 16-Sep-2026 15:47:39 [boincserver] Scheduler request completed: got 0 new tasks
client-desktop-1    | 16-Sep-2026 15:48:11 [boincserver] Reporting 1 completed tasks
client-desktop-1    | 16-Sep-2026 15:48:11 [boincserver] Requesting new tasks for CPU
client-cluster-1    | 16-Sep-2026 15:47:39 [boincserver] Project has no tasks available
client-cluster-1    | 16-Sep-2026 15:47:39 [boincserver] Project requested delay of 7 seconds
client-desktop-1    | 16-Sep-2026 15:48:18 [boincserver] Scheduler request completed: got 0 new tasks
client-desktop-1    | 16-Sep-2026 15:48:18 [boincserver] Project has no tasks available
client-cluster-1    | 16-Sep-2026 15:47:49 [boincserver] Sending scheduler request: To fetch work.
client-cluster-1    | 16-Sep-2026 15:47:49 [boincserver] Requesting new tasks for CPU
client-cluster-1    | 16-Sep-2026 15:47:51 [boincserver] Scheduler request completed: got 0 new tasks
client-cluster-1    | 16-Sep-2026 15:47:51 [boincserver] Project has no tasks available
client-cluster-1    | 16-Sep-2026 15:47:51 [boincserver] Project requested delay of 7 seconds
client-cluster-1    | 16-Sep-2026 15:48:02 [boincserver] Computation for task exp_20260916T154418Z_baseline_medium_5_0 finished
client-cluster-1    | 16-Sep-2026 15:48:04 [boincserver] Started upload of exp_20260916T154418Z_baseline_medium_5_0_r944844820_0
client-cluster-1    | 16-Sep-2026 15:48:06 [boincserver] Finished upload of exp_20260916T154418Z_baseline_medium_5_0_r944844820_0
client-phone-2-1    | 16-Sep-2026 15:49:00 [boincserver] Requesting new tasks for CPU
client-phone-2-1    | 16-Sep-2026 15:49:06 [boincserver] Scheduler request completed: got 0 new tasks
client-phone-2-1    | 16-Sep-2026 15:49:06 [boincserver] Project has no tasks available
client-phone-2-1    | 16-Sep-2026 15:49:06 [boincserver] Project requested delay of 7 seconds
client-phone-2-1    | 16-Sep-2026 15:49:15 [boincserver] Computation for task exp_20260916T154418Z_baseline_medium_7_0 finished
client-phone-2-1    | 16-Sep-2026 15:49:17 [boincserver] Started upload of exp_20260916T154418Z_baseline_medium_7_0_r1605674121_0
client-cluster-1    | 16-Sep-2026 15:48:06 [boincserver] Sending scheduler request: To report completed tasks.
client-cluster-1    | 16-Sep-2026 15:48:06 [boincserver] Reporting 1 completed tasks
client-cluster-1    | 16-Sep-2026 15:48:06 [boincserver] Requesting new tasks for CPU
client-cluster-1    | 16-Sep-2026 15:48:13 [boincserver] Scheduler request completed: got 0 new tasks
client-cluster-1    | 16-Sep-2026 15:48:13 [boincserver] Project has no tasks available
client-cluster-1    | 16-Sep-2026 15:48:13 [boincserver] Project requested delay of 7 seconds
client-cluster-1    | 16-Sep-2026 15:48:23 [boincserver] Sending scheduler request: To fetch work.
client-cluster-1    | 16-Sep-2026 15:48:23 [boincserver] Requesting new tasks for CPU
client-cluster-1    | 16-Sep-2026 15:48:30 [boincserver] Scheduler request completed: got 0 new tasks
client-cluster-1    | 16-Sep-2026 15:48:30 [boincserver] Project has no tasks available
client-cluster-1    | 16-Sep-2026 15:48:30 [boincserver] Project requested delay of 7 seconds
client-phone-2-1    | 16-Sep-2026 15:49:19 [boincserver] Finished upload of exp_20260916T154418Z_baseline_medium_7_0_r1605674121_0
client-phone-2-1    | 16-Sep-2026 15:49:21 [boincserver] Sending scheduler request: To report completed tasks.
client-cluster-1    | 16-Sep-2026 15:49:31 [boincserver] Computation for task exp_20260916T154418Z_baseline_long_2_0 finished
client-cluster-1    | 16-Sep-2026 15:49:33 [boincserver] Started upload of exp_20260916T154418Z_baseline_long_2_0_r1072864660_0
client-cluster-1    | 16-Sep-2026 15:49:35 [boincserver] Finished upload of exp_20260916T154418Z_baseline_long_2_0_r1072864660_0
client-cluster-1    | 16-Sep-2026 15:49:35 [boincserver] Sending scheduler request: To report completed tasks.
client-cluster-1    | 16-Sep-2026 15:49:35 [boincserver] Reporting 1 completed tasks
client-cluster-1    | 16-Sep-2026 15:49:35 [boincserver] Requesting new tasks for CPU
client-cluster-1    | 16-Sep-2026 15:49:37 [boincserver] Scheduler request completed: got 0 new tasks
client-cluster-1    | 16-Sep-2026 15:49:37 [boincserver] Project has no tasks available
client-cluster-1    | 16-Sep-2026 15:49:37 [boincserver] Project requested delay of 7 seconds
client-phone-2-1    | 16-Sep-2026 15:49:21 [boincserver] Reporting 1 completed tasks
client-phone-2-1    | 16-Sep-2026 15:49:21 [boincserver] Requesting new tasks for CPU
client-phone-2-1    | 16-Sep-2026 15:49:23 [boincserver] Scheduler request completed: got 0 new tasks
client-phone-2-1    | 16-Sep-2026 15:49:23 [boincserver] Project has no tasks available
client-phone-2-1    | 16-Sep-2026 15:49:23 [boincserver] Project requested delay of 7 seconds
client-cluster-1    | 16-Sep-2026 15:49:47 [boincserver] Sending scheduler request: To fetch work.
client-cluster-1    | 16-Sep-2026 15:49:47 [boincserver] Requesting new tasks for CPU
client-cluster-1    | 16-Sep-2026 15:49:49 [boincserver] Scheduler request completed: got 0 new tasks
client-cluster-1    | 16-Sep-2026 15:49:49 [boincserver] Project has no tasks available
client-cluster-1    | 16-Sep-2026 15:49:49 [boincserver] Project requested delay of 7 seconds
client-desktop-1    | 16-Sep-2026 15:48:18 [boincserver] Project requested delay of 7 seconds
client-desktop-1    | 16-Sep-2026 15:48:28 [boincserver] Sending scheduler request: To fetch work.
client-phone-2-1    | 16-Sep-2026 15:49:33 [boincserver] Sending scheduler request: To fetch work.
client-phone-2-1    | 16-Sep-2026 15:49:33 [boincserver] Requesting new tasks for CPU
client-desktop-1    | 16-Sep-2026 15:48:28 [boincserver] Requesting new tasks for CPU
client-desktop-1    | 16-Sep-2026 15:48:30 [boincserver] Scheduler request completed: got 0 new tasks
client-desktop-1    | 16-Sep-2026 15:48:30 [boincserver] Project has no tasks available
client-desktop-1    | 16-Sep-2026 15:48:30 [boincserver] Project requested delay of 7 seconds
client-desktop-1    | 16-Sep-2026 15:48:56 [boincserver] Computation for task exp_20260916T154418Z_baseline_long_6_0 finished
client-desktop-1    | 16-Sep-2026 15:48:58 [boincserver] Started upload of exp_20260916T154418Z_baseline_long_6_0_r747355697_0
client-desktop-1    | 16-Sep-2026 15:49:00 [boincserver] Finished upload of exp_20260916T154418Z_baseline_long_6_0_r747355697_0
client-desktop-1    | 16-Sep-2026 15:49:00 [boincserver] Sending scheduler request: To report completed tasks.
client-phone-2-1    | 16-Sep-2026 15:49:35 [boincserver] Scheduler request completed: got 0 new tasks
client-phone-2-1    | 16-Sep-2026 15:49:35 [boincserver] Project has no tasks available
client-phone-2-1    | 16-Sep-2026 15:49:35 [boincserver] Project requested delay of 7 seconds
client-desktop-1    | 16-Sep-2026 15:49:00 [boincserver] Reporting 1 completed tasks
client-desktop-1    | 16-Sep-2026 15:49:00 [boincserver] Requesting new tasks for CPU
client-desktop-1    | 16-Sep-2026 15:49:02 [boincserver] Scheduler request completed: got 0 new tasks
client-desktop-1    | 16-Sep-2026 15:49:02 [boincserver] Project has no tasks available
client-desktop-1    | 16-Sep-2026 15:49:02 [boincserver] Project requested delay of 7 seconds
client-desktop-1    | 16-Sep-2026 15:49:12 [boincserver] Sending scheduler request: To fetch work.
client-desktop-1    | 16-Sep-2026 15:49:12 [boincserver] Requesting new tasks for CPU
client-desktop-1    | 16-Sep-2026 15:49:14 [boincserver] Scheduler request completed: got 0 new tasks
client-desktop-1    | 16-Sep-2026 15:49:14 [boincserver] Project has no tasks available
client-desktop-1    | 16-Sep-2026 15:49:14 [boincserver] Project requested delay of 7 seconds
