client-low-power-1  | 17-Sep-2026 10:38:14 [---] Starting BOINC client version 7.20.5 for aarch64-unknown-linux-gnu
client-low-power-1  | 17-Sep-2026 10:38:14 [---] This a development version of BOINC and may not function properly
client-low-power-1  | 17-Sep-2026 10:38:14 [---] log flags: file_xfer, sched_ops, task
client-low-power-1  | 17-Sep-2026 10:38:14 [---] Libraries: libcurl/7.88.1 OpenSSL/3.0.20 zlib/1.2.13 brotli/1.0.9 zstd/1.5.4 libidn2/2.3.3 libpsl/0.21.2 (+libidn2/2.3.3) libssh2/1.10.0 nghttp2/1.52.0 librtmp/2.3 OpenLDAP/2.5.13
client-low-power-1  | 17-Sep-2026 10:38:14 [---] Data directory: /var/lib/boinc-client
client-low-power-1  | 17-Sep-2026 10:38:14 [---] No usable GPUs found
client-low-power-1  | 17-Sep-2026 10:38:14 [---] Creating new client state file
client-low-power-1  | 17-Sep-2026 10:38:14 [---] libc:  version 2.36
client-low-power-1  | 17-Sep-2026 10:38:14 [---] Host name: low-power-01
client-low-power-1  | 17-Sep-2026 10:38:14 [---] Processor: 1 ARM  [Impl 0x61 Arch 8 Variant 0x0 Part 0x000 Rev 0]
client-low-power-1  | 17-Sep-2026 10:38:14 [---] Processor features: fp asimd evtstrm aes pmull sha1 sha2 crc32 atomics fphp asimdhp cpuid asimdrdm jscvt fcma lrcpc dcpop sha3 asimddp sha512 asimdfhm dit uscat ilrcpc flagm sb paca pacg dcpodp flagm2 frint i8mm bf16 bti afp
client-low-power-1  | 17-Sep-2026 10:38:14 [---] OS: Linux Debian GNU/Linux: Debian GNU/Linux 12 (bookworm) [6.8.0-100-generic|libc 2.36]
client-low-power-1  | 17-Sep-2026 10:38:14 [---] Memory: 9.69 GB physical, 0 bytes virtual
client-low-power-1  | 17-Sep-2026 10:38:14 [---] Disk: 18.33 GB total, 15.21 GB free
client-low-power-1  | 17-Sep-2026 10:38:14 [---] Local time is UTC +0 hours
client-low-power-1  | 17-Sep-2026 10:38:14 [---] Config: GUI RPC allowed from any host
client-low-power-1  | 17-Sep-2026 10:38:14 [---] Config: simulate 1 CPUs
client-low-power-1  | 17-Sep-2026 10:38:14 [---] Config: report completed tasks immediately
client-low-power-1  | 17-Sep-2026 10:38:14 [---] No general preferences found - using defaults
client-low-power-1  | 17-Sep-2026 10:38:14 [---] Reading preferences override file
client-low-power-1  | 17-Sep-2026 10:38:14 [---] Preferences:
client-low-power-1  | 17-Sep-2026 10:38:14 [---]    max memory usage when active: 8929.14 MB
client-low-power-1  | 17-Sep-2026 10:38:14 [---]    max memory usage when idle: 8929.14 MB
client-low-power-1  | 17-Sep-2026 10:38:14 [---]    max disk usage: 2.00 GB
client-low-power-1  | 17-Sep-2026 10:38:14 [---]    don't use GPU while active
client-low-power-1  | 17-Sep-2026 10:38:14 [---]    suspend work if non-BOINC CPU load exceeds 25%
client-low-power-1  | 17-Sep-2026 10:38:14 [---]    (to change preferences, visit a project web site or select Preferences in the Manager)
client-low-power-1  | 17-Sep-2026 10:38:14 [---] Setting up project and slot directories
client-low-power-1  | 17-Sep-2026 10:38:14 [---] Checking active tasks
client-low-power-1  | 17-Sep-2026 10:38:14 [---] Setting up GUI RPC socket
client-low-power-1  | dir_open: Could not open directory 'slots' from '/var/lib/boinc-client'.
client-low-power-1  | 17-Sep-2026 10:38:14 [---] Checking presence of 0 project files
client-low-power-1  | 17-Sep-2026 10:38:14 [---] This computer is not attached to any projects
client-low-power-1  | 17-Sep-2026 10:38:14 Initialization completed
client-low-power-1  | dir_open: Could not open directory 'projects/boincserver.local_boincserver' from '/var/lib/boinc-client'.
client-low-power-1  | 17-Sep-2026 10:38:15 [---] No general preferences found - using defaults
client-low-power-1  | 17-Sep-2026 10:38:15 [---] Reading preferences override file
client-low-power-1  | 17-Sep-2026 10:38:15 [---] Preferences:
client-low-power-1  | 17-Sep-2026 10:38:15 [---]    max memory usage when active: 8929.14 MB
client-low-power-1  | 17-Sep-2026 10:38:15 [---]    max memory usage when idle: 8929.14 MB
client-low-power-1  | 17-Sep-2026 10:38:15 [---]    max disk usage: 2.00 GB
client-low-power-1  | 17-Sep-2026 10:38:15 [---]    don't use GPU while active
client-low-power-1  | 17-Sep-2026 10:38:15 [---]    suspend work if non-BOINC CPU load exceeds 25%
client-low-power-1  | 17-Sep-2026 10:38:15 [---]    (to change preferences, visit a project web site or select Preferences in the Manager)
client-low-power-1  | 17-Sep-2026 10:38:19 [http://boincserver.local/boincserver/] Fetching scheduler list
client-low-power-1  | 17-Sep-2026 10:38:21 [http://boincserver.local/boincserver/] Master file download succeeded
client-low-power-1  | 17-Sep-2026 10:38:26 [http://boincserver.local/boincserver/] Sending scheduler request: Project initialization.
client-low-power-1  | 17-Sep-2026 10:38:26 [http://boincserver.local/boincserver/] Requesting new tasks for CPU
client-low-power-1  | 17-Sep-2026 10:38:28 [boincserver] Scheduler request completed: got 1 new tasks
client-low-power-1  | 17-Sep-2026 10:38:28 [boincserver] Project requested delay of 7 seconds
client-low-power-1  | 17-Sep-2026 10:38:30 [boincserver] Started download of hybrid_synthetic_1.0_aarch64-unknown-linux-gnu
client-low-power-1  | 17-Sep-2026 10:38:30 [boincserver] Started download of hybrid_synthetic_input.txt
client-low-power-1  | 17-Sep-2026 10:38:32 [boincserver] Finished download of hybrid_synthetic_1.0_aarch64-unknown-linux-gnu
client-low-power-1  | 17-Sep-2026 10:38:32 [boincserver] Finished download of hybrid_synthetic_input.txt
client-low-power-1  | 17-Sep-2026 10:38:32 [boincserver] Starting task exp_20260917T102241Z_lpt_long_2_0
client-low-power-1  | 17-Sep-2026 10:38:38 [boincserver] Sending scheduler request: To fetch work.
client-low-power-1  | 17-Sep-2026 10:38:38 [boincserver] Requesting new tasks for CPU
client-low-power-1  | 17-Sep-2026 10:38:40 [boincserver] Scheduler request completed: got 1 new tasks
client-low-power-1  | 17-Sep-2026 10:38:40 [boincserver] Project requested delay of 7 seconds
client-low-power-1  | 17-Sep-2026 10:38:50 [boincserver] Sending scheduler request: To fetch work.
client-low-power-1  | 17-Sep-2026 10:38:50 [boincserver] Requesting new tasks for CPU
client-low-power-1  | 17-Sep-2026 10:38:52 [boincserver] Scheduler request completed: got 0 new tasks
client-low-power-1  | 17-Sep-2026 10:38:52 [boincserver] No tasks sent
client-low-power-1  | 17-Sep-2026 10:38:52 [boincserver] This computer has reached a limit on tasks in progress
client-low-power-1  | 17-Sep-2026 10:38:52 [boincserver] Project requested delay of 7 seconds
client-low-power-1  | 17-Sep-2026 10:40:50 [boincserver] Computation for task exp_20260917T102241Z_lpt_long_2_0 finished
client-low-power-1  | 17-Sep-2026 10:40:50 [boincserver] Starting task exp_20260917T102241Z_lpt_medium_1_0
client-low-power-1  | 17-Sep-2026 10:40:52 [boincserver] Started upload of exp_20260917T102241Z_lpt_long_2_0_r736303021_0
client-low-power-1  | 17-Sep-2026 10:40:54 [boincserver] Finished upload of exp_20260917T102241Z_lpt_long_2_0_r736303021_0
client-low-power-1  | 17-Sep-2026 10:40:57 [boincserver] Sending scheduler request: To report completed tasks.
client-low-power-1  | 17-Sep-2026 10:40:57 [boincserver] Reporting 1 completed tasks
client-low-power-1  | 17-Sep-2026 10:40:57 [boincserver] Requesting new tasks for CPU
client-low-power-1  | 17-Sep-2026 10:41:24 [boincserver] Scheduler request completed: got 0 new tasks
client-low-power-1  | 17-Sep-2026 10:41:24 [boincserver] Project has no tasks available
client-low-power-1  | 17-Sep-2026 10:41:24 [boincserver] Project requested delay of 7 seconds
client-low-power-1  | 17-Sep-2026 10:41:26 [boincserver] Computation for task exp_20260917T102241Z_lpt_medium_1_0 finished
client-low-power-1  | 17-Sep-2026 10:41:28 [boincserver] Started upload of exp_20260917T102241Z_lpt_medium_1_0_r876948536_0
client-low-power-1  | 17-Sep-2026 10:41:30 [boincserver] Finished upload of exp_20260917T102241Z_lpt_medium_1_0_r876948536_0
client-low-power-1  | 17-Sep-2026 10:41:34 [boincserver] Sending scheduler request: To report completed tasks.
client-low-power-1  | 17-Sep-2026 10:41:34 [boincserver] Reporting 1 completed tasks
client-low-power-1  | 17-Sep-2026 10:41:34 [boincserver] Requesting new tasks for CPU
client-low-power-1  | 17-Sep-2026 10:41:58 [boincserver] Scheduler request completed: got 0 new tasks
client-cluster-2-1  | 17-Sep-2026 10:38:14 [---] Starting BOINC client version 7.20.5 for aarch64-unknown-linux-gnu
client-cluster-2-1  | 17-Sep-2026 10:38:14 [---] This a development version of BOINC and may not function properly
client-cluster-2-1  | 17-Sep-2026 10:38:14 [---] log flags: file_xfer, sched_ops, task
client-cluster-2-1  | 17-Sep-2026 10:38:14 [---] Libraries: libcurl/7.88.1 OpenSSL/3.0.20 zlib/1.2.13 brotli/1.0.9 zstd/1.5.4 libidn2/2.3.3 libpsl/0.21.2 (+libidn2/2.3.3) libssh2/1.10.0 nghttp2/1.52.0 librtmp/2.3 OpenLDAP/2.5.13
client-cluster-2-1  | 17-Sep-2026 10:38:14 [---] Data directory: /var/lib/boinc-client
client-low-power-1  | 17-Sep-2026 10:41:58 [boincserver] Project has no tasks available
client-low-power-1  | 17-Sep-2026 10:41:58 [boincserver] Project requested delay of 7 seconds
makeproject-1       | Updating project files in data volume...
makeproject-1       | Waiting for MySQL server to start...
makeproject-1       | Creating database...
makeproject-1       | added platform: (create_time, name, user_friendly_name) values (1789641419, 'windows_intelx86', 'Microsoft Windows (98 or later) running on an Intel x86-compatible CPU')
makeproject-1       | added platform: (create_time, name, user_friendly_name) values (1789641419, 'windows_x86_64', 'Microsoft Windows running on an AMD x86_64 or Intel EM64T CPU')
makeproject-1       | added platform: (create_time, name, user_friendly_name) values (1789641419, 'windows_arm64', 'Microsoft Windows running on ARM 64-bit')
client-phone-1      | 17-Sep-2026 10:38:14 [---] Starting BOINC client version 7.20.5 for aarch64-unknown-linux-gnu
client-phone-1      | 17-Sep-2026 10:38:14 [---] This a development version of BOINC and may not function properly
makeproject-1       | added platform: (create_time, name, user_friendly_name) values (1789641419, 'i686-pc-linux-gnu', 'Linux running on an Intel x86-compatible CPU')
makeproject-1       | added platform: (create_time, name, user_friendly_name) values (1789641419, 'x86_64-pc-linux-gnu', 'Linux running on an AMD x86_64 or Intel EM64T CPU')
makeproject-1       | added platform: (create_time, name, user_friendly_name) values (1789641419, 'powerpc-apple-darwin', 'Mac OS X 10.3 or later running on Motorola PowerPC')
makeproject-1       | added platform: (create_time, name, user_friendly_name) values (1789641419, 'i686-apple-darwin', 'Mac OS 10.4 or later running on Intel')
client-phone-1      | 17-Sep-2026 10:38:14 [---] log flags: file_xfer, sched_ops, task
client-phone-1      | 17-Sep-2026 10:38:14 [---] Libraries: libcurl/7.88.1 OpenSSL/3.0.20 zlib/1.2.13 brotli/1.0.9 zstd/1.5.4 libidn2/2.3.3 libpsl/0.21.2 (+libidn2/2.3.3) libssh2/1.10.0 nghttp2/1.52.0 librtmp/2.3 OpenLDAP/2.5.13
client-phone-1      | 17-Sep-2026 10:38:14 [---] Data directory: /var/lib/boinc-client
client-phone-1      | 17-Sep-2026 10:38:14 [---] No usable GPUs found
client-phone-1      | 17-Sep-2026 10:38:14 [---] Creating new client state file
makeproject-1       | added platform: (create_time, name, user_friendly_name) values (1789641419, 'x86_64-apple-darwin', 'Intel 64-bit Mac OS 10.5 or later')
makeproject-1       | added platform: (create_time, name, user_friendly_name) values (1789641419, 'arm64-apple-darwin', 'Mac OS running on ARM')
makeproject-1       | added platform: (create_time, name, user_friendly_name) values (1789641419, 'sparc-sun-solaris2.7', 'Solaris 2.7 running on a SPARC-compatible CPU')
makeproject-1       | added platform: (create_time, name, user_friendly_name) values (1789641419, 'sparc-sun-solaris', 'Solaris 2.8 or later running on a SPARC-compatible CPU')
client-phone-2-1    | 17-Sep-2026 10:38:14 [---] Starting BOINC client version 7.20.5 for aarch64-unknown-linux-gnu
client-phone-2-1    | 17-Sep-2026 10:38:14 [---] This a development version of BOINC and may not function properly
client-phone-2-1    | 17-Sep-2026 10:38:14 [---] log flags: file_xfer, sched_ops, task
makeproject-1       | added platform: (create_time, name, user_friendly_name) values (1789641419, 'sparc64-sun-solaris', 'Solaris 2.8 or later running on a SPARC 64-bit CPU')
makeproject-1       | added platform: (create_time, name, user_friendly_name) values (1789641419, 'powerpc64-ps3-linux-gnu', 'Sony Playstation 3 running Linux')
makeproject-1       | added platform: (create_time, name, user_friendly_name) values (1789641419, 'arm-android-linux-gnu', 'Android running on ARM armeabi-v7a')
makeproject-1       | added platform: (create_time, name, user_friendly_name) values (1789641419, 'aarch64-android-linux-gnu', 'Android running on ARM 64-bit arm64-v8a')
makeproject-1       | added platform: (create_time, name, user_friendly_name) values (1789641419, 'x86_64-android-linux-gnu', 'Android running on Intel x64 compatible')
makeproject-1       | added platform: (create_time, name, user_friendly_name) values (1789641419, 'x86-android-linux-gnu', 'Android running on Intel x86 compatible')
client-cluster-2-1  | 17-Sep-2026 10:38:14 [---] No usable GPUs found
client-cluster-2-1  | 17-Sep-2026 10:38:14 [---] Creating new client state file
client-cluster-2-1  | 17-Sep-2026 10:38:14 [---] libc:  version 2.36
client-cluster-2-1  | 17-Sep-2026 10:38:14 [---] Host name: cluster-02
apache-1            | /usr/lib/python2.7/dist-packages/supervisor/options.py:461: UserWarning: Supervisord is running as root and it is searching for its configuration file in default locations (including its current working directory); you probably want to specify a "-c" argument specifying an absolute path to a configuration file for improved security.
apache-1            |   'Supervisord is running as root and it is searching '
apache-1            | 2026-09-17 10:36:44,420 CRIT Supervisor is running as root.  Privileges were not dropped because no user is specified in the config file.  If you intend to run as root, you can set user=root in the config file to avoid this message.
apache-1            | 2026-09-17 10:36:44,420 INFO Included extra file "/etc/supervisor/conf.d/supervisord.conf" during parsing
apache-1            | 2026-09-17 10:36:44,423 INFO RPC interface 'supervisor' initialized
apache-1            | 2026-09-17 10:36:44,423 CRIT Server 'unix_http_server' running without any HTTP authentication checking
apache-1            | 2026-09-17 10:36:44,423 INFO supervisord started with pid 1
apache-1            | 2026-09-17 10:36:45,427 INFO spawned: 'cron' with pid 9
makeproject-1       | added platform: (create_time, name, user_friendly_name) values (1789641419, 'arm-unknown-linux-gnueabihf', 'Linux running on ARM, hardware FP')
makeproject-1       | added platform: (create_time, name, user_friendly_name) values (1789641419, 'aarch64-unknown-linux-gnu', 'Linux running on ARM64')
client-phone-2-1    | 17-Sep-2026 10:38:14 [---] Libraries: libcurl/7.88.1 OpenSSL/3.0.20 zlib/1.2.13 brotli/1.0.9 zstd/1.5.4 libidn2/2.3.3 libpsl/0.21.2 (+libidn2/2.3.3) libssh2/1.10.0 nghttp2/1.52.0 librtmp/2.3 OpenLDAP/2.5.13
client-phone-2-1    | 17-Sep-2026 10:38:14 [---] Data directory: /var/lib/boinc-client
client-phone-2-1    | 17-Sep-2026 10:38:14 [---] No usable GPUs found
client-phone-2-1    | 17-Sep-2026 10:38:14 [---] Creating new client state file
client-phone-2-1    | 17-Sep-2026 10:38:14 [---] libc:  version 2.36
client-phone-2-1    | 17-Sep-2026 10:38:14 [---] Host name: phone-02
mysql-1             | Initializing database
mysql-1             | 
mysql-1             | 
mysql-1             | PLEASE REMEMBER TO SET A PASSWORD FOR THE MariaDB root USER !
mysql-1             | To do so, start the server, then issue the following commands:
apache-1            | 2026-09-17 10:36:45,429 INFO spawned: 'start' with pid 10
apache-1            | 2026-09-17 10:36:45,431 INFO spawned: 'rsyslogd' with pid 11
apache-1            | 2026-09-17 10:36:45,434 INFO spawned: 'apache2' with pid 12
apache-1            | 2026-09-17 10:36:47,409 INFO success: cron entered RUNNING state, process has stayed up for > than 1 seconds (startsecs)
apache-1            | 2026-09-17 10:36:47,409 INFO success: start entered RUNNING state, process has stayed up for > than 1 seconds (startsecs)
apache-1            | 2026-09-17 10:36:47,409 INFO success: rsyslogd entered RUNNING state, process has stayed up for > than 1 seconds (startsecs)
apache-1            | 2026-09-17 10:36:47,409 INFO success: apache2 entered RUNNING state, process has stayed up for > than 1 seconds (startsecs)
apache-1            | 2026-09-17 10:37:05,948 INFO reaped unknown pid 69
apache-1            | 2026-09-17 10:37:05,949 INFO reaped unknown pid 71
apache-1            | 2026-09-17 10:37:05,949 INFO reaped unknown pid 73
apache-1            | 2026-09-17 10:37:21,588 INFO reaped unknown pid 72
apache-1            | 2026-09-17 10:37:21,588 INFO reaped unknown pid 74
apache-1            | 2026-09-17 10:37:21,590 INFO reaped unknown pid 70
apache-1            | 2026-09-17 10:37:29,783 INFO reaped unknown pid 159
makeproject-1       | added platform: (create_time, name, user_friendly_name) values (1789641419, 'anonymous', 'anonymous')
makeproject-1       | 
apache-1            | 2026-09-17 10:37:29,783 INFO reaped unknown pid 161
apache-1            | 2026-09-17 10:37:29,783 INFO reaped unknown pid 163
apache-1            | 2026-09-17 10:37:29,784 INFO reaped unknown pid 165
apache-1            | 2026-09-17 10:37:29,784 INFO reaped unknown pid 167
client-cluster-1    | 17-Sep-2026 10:38:14 [---] Starting BOINC client version 7.20.5 for aarch64-unknown-linux-gnu
client-cluster-1    | 17-Sep-2026 10:38:14 [---] This a development version of BOINC and may not function properly
client-cluster-1    | 17-Sep-2026 10:38:14 [---] log flags: file_xfer, sched_ops, task
client-cluster-1    | 17-Sep-2026 10:38:14 [---] Libraries: libcurl/7.88.1 OpenSSL/3.0.20 zlib/1.2.13 brotli/1.0.9 zstd/1.5.4 libidn2/2.3.3 libpsl/0.21.2 (+libidn2/2.3.3) libssh2/1.10.0 nghttp2/1.52.0 librtmp/2.3 OpenLDAP/2.5.13
client-cluster-1    | 17-Sep-2026 10:38:14 [---] Data directory: /var/lib/boinc-client
client-cluster-1    | 17-Sep-2026 10:38:14 [---] No usable GPUs found
client-cluster-1    | 17-Sep-2026 10:38:14 [---] Creating new client state file
client-cluster-1    | 17-Sep-2026 10:38:14 [---] libc:  version 2.36
client-cluster-1    | 17-Sep-2026 10:38:14 [---] Host name: cluster-01
client-cluster-1    | 17-Sep-2026 10:38:14 [---] Processor: 4 ARM  [Impl 0x61 Arch 8 Variant 0x0 Part 0x000 Rev 0]
client-cluster-1    | 17-Sep-2026 10:38:14 [---] Processor features: fp asimd evtstrm aes pmull sha1 sha2 crc32 atomics fphp asimdhp cpuid asimdrdm jscvt fcma lrcpc dcpop sha3 asimddp sha512 asimdfhm dit uscat ilrcpc flagm sb paca pacg dcpodp flagm2 frint i8mm bf16 bti afp
client-phone-1      | 17-Sep-2026 10:38:14 [---] libc:  version 2.36
client-phone-1      | 17-Sep-2026 10:38:14 [---] Host name: phone-01
client-phone-1      | 17-Sep-2026 10:38:14 [---] Processor: 1 ARM  [Impl 0x61 Arch 8 Variant 0x0 Part 0x000 Rev 0]
client-phone-1      | 17-Sep-2026 10:38:14 [---] Processor features: fp asimd evtstrm aes pmull sha1 sha2 crc32 atomics fphp asimdhp cpuid asimdrdm jscvt fcma lrcpc dcpop sha3 asimddp sha512 asimdfhm dit uscat ilrcpc flagm sb paca pacg dcpodp flagm2 frint i8mm bf16 bti afp
client-phone-1      | 17-Sep-2026 10:38:14 [---] OS: Linux Debian GNU/Linux: Debian GNU/Linux 12 (bookworm) [6.8.0-100-generic|libc 2.36]
client-phone-1      | 17-Sep-2026 10:38:14 [---] Memory: 9.69 GB physical, 0 bytes virtual
client-phone-1      | 17-Sep-2026 10:38:14 [---] Disk: 18.33 GB total, 15.21 GB free
client-phone-1      | 17-Sep-2026 10:38:14 [---] Local time is UTC +0 hours
client-phone-1      | 17-Sep-2026 10:38:14 [---] Config: GUI RPC allowed from any host
client-phone-1      | 17-Sep-2026 10:38:14 [---] Config: simulate 1 CPUs
client-phone-1      | 17-Sep-2026 10:38:14 [---] Config: report completed tasks immediately
client-desktop-1    | 17-Sep-2026 10:38:14 [---] Starting BOINC client version 7.20.5 for aarch64-unknown-linux-gnu
client-desktop-1    | 17-Sep-2026 10:38:14 [---] This a development version of BOINC and may not function properly
client-desktop-1    | 17-Sep-2026 10:38:14 [---] log flags: file_xfer, sched_ops, task
client-desktop-1    | 17-Sep-2026 10:38:14 [---] Libraries: libcurl/7.88.1 OpenSSL/3.0.20 zlib/1.2.13 brotli/1.0.9 zstd/1.5.4 libidn2/2.3.3 libpsl/0.21.2 (+libidn2/2.3.3) libssh2/1.10.0 nghttp2/1.52.0 librtmp/2.3 OpenLDAP/2.5.13
client-desktop-1    | 17-Sep-2026 10:38:14 [---] Data directory: /var/lib/boinc-client
client-desktop-1    | 17-Sep-2026 10:38:14 [---] No usable GPUs found
client-phone-1      | 17-Sep-2026 10:38:14 [---] No general preferences found - using defaults
client-phone-1      | 17-Sep-2026 10:38:14 [---] Reading preferences override file
client-phone-1      | 17-Sep-2026 10:38:14 [---] Preferences:
mysql-1             | 
mysql-1             | '/usr/bin/mysqladmin' -u root password 'new-password'
mysql-1             | '/usr/bin/mysqladmin' -u root -h  password 'new-password'
mysql-1             | 
mysql-1             | Alternatively you can run:
mysql-1             | '/usr/bin/mysql_secure_installation'
mysql-1             | 
mysql-1             | which will also give you the option of removing the test
mysql-1             | databases and anonymous user created by default.  This is
mysql-1             | strongly recommended for production servers.
mysql-1             | 
mysql-1             | See the MariaDB Knowledgebase at http://mariadb.com/kb or the
mysql-1             | MySQL manual for more instructions.
mysql-1             | 
mysql-1             | Please report any problems at http://mariadb.org/jira
mysql-1             | 
client-desktop-1    | 17-Sep-2026 10:38:14 [---] Creating new client state file
client-desktop-1    | 17-Sep-2026 10:38:14 [---] libc:  version 2.36
client-desktop-1    | 17-Sep-2026 10:38:14 [---] Host name: desktop-01
client-desktop-1    | 17-Sep-2026 10:38:14 [---] Processor: 2 ARM  [Impl 0x61 Arch 8 Variant 0x0 Part 0x000 Rev 0]
client-desktop-1    | 17-Sep-2026 10:38:14 [---] Processor features: fp asimd evtstrm aes pmull sha1 sha2 crc32 atomics fphp asimdhp cpuid asimdrdm jscvt fcma lrcpc dcpop sha3 asimddp sha512 asimdfhm dit uscat ilrcpc flagm sb paca pacg dcpodp flagm2 frint i8mm bf16 bti afp
client-desktop-1    | 17-Sep-2026 10:38:14 [---] OS: Linux Debian GNU/Linux: Debian GNU/Linux 12 (bookworm) [6.8.0-100-generic|libc 2.36]
client-cluster-1    | 17-Sep-2026 10:38:14 [---] OS: Linux Debian GNU/Linux: Debian GNU/Linux 12 (bookworm) [6.8.0-100-generic|libc 2.36]
client-cluster-1    | 17-Sep-2026 10:38:14 [---] Memory: 9.69 GB physical, 0 bytes virtual
mysql-1             | The latest information about MariaDB is available at http://mariadb.org/.
mysql-1             | You can find additional information about the MySQL part at:
mysql-1             | http://dev.mysql.com
mysql-1             | Consider joining MariaDB's strong and vibrant community:
mysql-1             | https://mariadb.org/get-involved/
client-phone-1      | 17-Sep-2026 10:38:14 [---]    max memory usage when active: 8929.14 MB
client-phone-1      | 17-Sep-2026 10:38:14 [---]    max memory usage when idle: 8929.14 MB
client-phone-1      | dir_open: Could not open directory 'slots' from '/var/lib/boinc-client'.
client-phone-1      | 17-Sep-2026 10:38:14 [---]    max disk usage: 2.00 GB
client-phone-1      | 17-Sep-2026 10:38:14 [---]    don't use GPU while active
client-phone-1      | 17-Sep-2026 10:38:14 [---]    suspend work if non-BOINC CPU load exceeds 25%
client-cluster-1    | 17-Sep-2026 10:38:14 [---] Disk: 18.33 GB total, 15.21 GB free
client-cluster-1    | 17-Sep-2026 10:38:14 [---] Local time is UTC +0 hours
client-cluster-1    | 17-Sep-2026 10:38:14 [---] Config: GUI RPC allowed from any host
client-cluster-1    | 17-Sep-2026 10:38:14 [---] Config: simulate 4 CPUs
client-cluster-1    | 17-Sep-2026 10:38:14 [---] Config: report completed tasks immediately
client-cluster-1    | dir_open: Could not open directory 'slots' from '/var/lib/boinc-client'.
client-cluster-1    | 17-Sep-2026 10:38:14 [---] No general preferences found - using defaults
client-phone-2-1    | 17-Sep-2026 10:38:14 [---] Processor: 1 ARM  [Impl 0x61 Arch 8 Variant 0x0 Part 0x000 Rev 0]
client-phone-2-1    | 17-Sep-2026 10:38:14 [---] Processor features: fp asimd evtstrm aes pmull sha1 sha2 crc32 atomics fphp asimdhp cpuid asimdrdm jscvt fcma lrcpc dcpop sha3 asimddp sha512 asimdfhm dit uscat ilrcpc flagm sb paca pacg dcpodp flagm2 frint i8mm bf16 bti afp
client-phone-2-1    | 17-Sep-2026 10:38:14 [---] OS: Linux Debian GNU/Linux: Debian GNU/Linux 12 (bookworm) [6.8.0-100-generic|libc 2.36]
client-phone-2-1    | 17-Sep-2026 10:38:14 [---] Memory: 9.69 GB physical, 0 bytes virtual
client-phone-2-1    | 17-Sep-2026 10:38:14 [---] Disk: 18.33 GB total, 15.21 GB free
client-phone-2-1    | 17-Sep-2026 10:38:14 [---] Local time is UTC +0 hours
client-phone-2-1    | 17-Sep-2026 10:38:14 [---] Config: GUI RPC allowed from any host
client-phone-2-1    | 17-Sep-2026 10:38:14 [---] Config: simulate 1 CPUs
client-desktop-1    | 17-Sep-2026 10:38:14 [---] Memory: 9.69 GB physical, 0 bytes virtual
client-desktop-1    | 17-Sep-2026 10:38:14 [---] Disk: 18.33 GB total, 15.21 GB free
client-desktop-1    | 17-Sep-2026 10:38:14 [---] Local time is UTC +0 hours
client-desktop-1    | 17-Sep-2026 10:38:14 [---] Config: GUI RPC allowed from any host
client-desktop-1    | 17-Sep-2026 10:38:14 [---] Config: simulate 2 CPUs
client-desktop-1    | 17-Sep-2026 10:38:14 [---] Config: report completed tasks immediately
client-desktop-1    | 17-Sep-2026 10:38:14 [---] No general preferences found - using defaults
apache-1            | 2026-09-17 10:40:01,462 INFO reaped unknown pid 405
apache-1            | 2026-09-17 10:40:01,567 INFO reaped unknown pid 407
apache-1            | 2026-09-17 10:40:01,669 INFO reaped unknown pid 409
apache-1            | 2026-09-17 10:40:01,774 INFO reaped unknown pid 411
apache-1            | 2026-09-17 10:40:01,880 INFO reaped unknown pid 413
apache-1            | 2026-09-17 10:40:02,926 INFO reaped unknown pid 404
apache-1            | 2026-09-17 10:40:02,926 INFO reaped unknown pid 406
apache-1            | 2026-09-17 10:40:02,926 INFO reaped unknown pid 408
apache-1            | 2026-09-17 10:40:02,926 INFO reaped unknown pid 410
client-cluster-2-1  | 17-Sep-2026 10:38:14 [---] Processor: 4 ARM  [Impl 0x61 Arch 8 Variant 0x0 Part 0x000 Rev 0]
client-cluster-2-1  | 17-Sep-2026 10:38:14 [---] Processor features: fp asimd evtstrm aes pmull sha1 sha2 crc32 atomics fphp asimdhp cpuid asimdrdm jscvt fcma lrcpc dcpop sha3 asimddp sha512 asimdfhm dit uscat ilrcpc flagm sb paca pacg dcpodp flagm2 frint i8mm bf16 bti afp
client-desktop-1    | 17-Sep-2026 10:38:14 [---] Reading preferences override file
client-desktop-1    | 17-Sep-2026 10:38:14 [---] Preferences:
client-desktop-1    | 17-Sep-2026 10:38:14 [---]    max memory usage when active: 8929.14 MB
client-desktop-1    | 17-Sep-2026 10:38:14 [---]    max memory usage when idle: 8929.14 MB
mysql-1             | 
client-cluster-2-1  | 17-Sep-2026 10:38:14 [---] OS: Linux Debian GNU/Linux: Debian GNU/Linux 12 (bookworm) [6.8.0-100-generic|libc 2.36]
client-cluster-2-1  | 17-Sep-2026 10:38:14 [---] Memory: 9.69 GB physical, 0 bytes virtual
client-cluster-2-1  | 17-Sep-2026 10:38:14 [---] Disk: 18.33 GB total, 15.21 GB free
client-cluster-2-1  | 17-Sep-2026 10:38:14 [---] Local time is UTC +0 hours
mysql-1             | Database initialized
mysql-1             | MySQL init process in progress...
mysql-1             | 2026-09-17 10:36:46 0 [Note] mysqld (mysqld 10.3.8-MariaDB-1:10.3.8+maria~bionic) starting as process 104 ...
apache-1            | 2026-09-17 10:40:02,926 INFO reaped unknown pid 412
apache-1            | 2026-09-17 10:40:02,926 INFO reaped unknown pid 414
apache-1            | 2026-09-17 10:40:02,926 INFO reaped unknown pid 415
apache-1            | 2026-09-17 10:40:02,926 INFO reaped unknown pid 419
apache-1            | 2026-09-17 10:40:02,926 INFO reaped unknown pid 421
client-cluster-2-1  | 17-Sep-2026 10:38:14 [---] Config: GUI RPC allowed from any host
client-cluster-2-1  | 17-Sep-2026 10:38:14 [---] Config: simulate 4 CPUs
client-phone-1      | 17-Sep-2026 10:38:14 [---]    (to change preferences, visit a project web site or select Preferences in the Manager)
client-cluster-2-1  | 17-Sep-2026 10:38:14 [---] Config: report completed tasks immediately
client-cluster-2-1  | dir_open: Could not open directory 'slots' from '/var/lib/boinc-client'.
client-cluster-2-1  | 17-Sep-2026 10:38:14 [---] No general preferences found - using defaults
client-cluster-2-1  | 17-Sep-2026 10:38:14 [---] Reading preferences override file
client-cluster-2-1  | 17-Sep-2026 10:38:14 [---] Preferences:
client-cluster-2-1  | 17-Sep-2026 10:38:14 [---]    max memory usage when active: 8929.14 MB
client-cluster-2-1  | 17-Sep-2026 10:38:14 [---]    max memory usage when idle: 8929.14 MB
client-cluster-2-1  | 17-Sep-2026 10:38:14 [---]    max disk usage: 2.00 GB
client-phone-2-1    | 17-Sep-2026 10:38:14 [---] Config: report completed tasks immediately
client-phone-2-1    | 17-Sep-2026 10:38:14 [---] No general preferences found - using defaults
client-phone-2-1    | 17-Sep-2026 10:38:14 [---] Reading preferences override file
client-phone-2-1    | 17-Sep-2026 10:38:14 [---] Preferences:
client-phone-2-1    | 17-Sep-2026 10:38:14 [---]    max memory usage when active: 8929.14 MB
client-phone-2-1    | 17-Sep-2026 10:38:14 [---]    max memory usage when idle: 8929.14 MB
client-phone-2-1    | 17-Sep-2026 10:38:14 [---]    max disk usage: 2.00 GB
client-cluster-2-1  | 17-Sep-2026 10:38:14 [---]    don't use GPU while active
client-cluster-2-1  | 17-Sep-2026 10:38:14 [---]    suspend work if non-BOINC CPU load exceeds 25%
client-phone-2-1    | 17-Sep-2026 10:38:14 [---]    don't use GPU while active
client-phone-2-1    | 17-Sep-2026 10:38:14 [---]    suspend work if non-BOINC CPU load exceeds 25%
client-phone-2-1    | 17-Sep-2026 10:38:14 [---]    (to change preferences, visit a project web site or select Preferences in the Manager)
client-phone-2-1    | 17-Sep-2026 10:38:14 [---] Setting up project and slot directories
client-phone-2-1    | dir_open: Could not open directory 'slots' from '/var/lib/boinc-client'.
client-phone-1      | 17-Sep-2026 10:38:14 [---] Setting up project and slot directories
client-phone-1      | 17-Sep-2026 10:38:14 [---] Checking active tasks
mysql-1             | 2026-09-17 10:36:46 0 [Note] InnoDB: Using Linux native AIO
mysql-1             | 2026-09-17 10:36:46 0 [Note] InnoDB: Mutexes and rw_locks use GCC atomic builtins
mysql-1             | 2026-09-17 10:36:46 0 [Note] InnoDB: Uses event mutexes
mysql-1             | 2026-09-17 10:36:46 0 [Note] InnoDB: Compressed tables use zlib 1.2.11
mysql-1             | 2026-09-17 10:36:46 0 [Note] InnoDB: Number of pools: 1
mysql-1             | 2026-09-17 10:36:46 0 [Note] InnoDB: Using generic crc32 instructions
mysql-1             | 2026-09-17 10:36:46 0 [Note] InnoDB: Initializing buffer pool, total size = 256M, instances = 1, chunk size = 128M
client-cluster-1    | 17-Sep-2026 10:38:14 [---] Reading preferences override file
client-cluster-1    | 17-Sep-2026 10:38:14 [---] Preferences:
mysql-1             | 2026-09-17 10:36:46 0 [Note] InnoDB: Completed initialization of buffer pool
mysql-1             | 2026-09-17 10:36:46 0 [Note] InnoDB: If the mysqld execution user is authorized, page cleaner thread priority can be changed. See the man page of setpriority().
mysql-1             | 2026-09-17 10:36:46 0 [Note] InnoDB: 128 out of 128 rollback segments are active.
mysql-1             | 2026-09-17 10:36:46 0 [Note] InnoDB: Creating shared tablespace for temporary tables
client-cluster-2-1  | 17-Sep-2026 10:38:14 [---]    (to change preferences, visit a project web site or select Preferences in the Manager)
client-cluster-2-1  | 17-Sep-2026 10:38:14 [---] Setting up project and slot directories
client-cluster-2-1  | 17-Sep-2026 10:38:14 [---] Checking active tasks
client-cluster-2-1  | 17-Sep-2026 10:38:14 [---] Setting up GUI RPC socket
client-cluster-2-1  | 17-Sep-2026 10:38:14 [---] Checking presence of 0 project files
client-cluster-2-1  | 17-Sep-2026 10:38:14 [---] This computer is not attached to any projects
client-cluster-2-1  | 17-Sep-2026 10:38:14 Initialization completed
client-desktop-1    | 17-Sep-2026 10:38:14 [---]    max disk usage: 2.00 GB
client-desktop-1    | 17-Sep-2026 10:38:14 [---]    don't use GPU while active
client-desktop-1    | 17-Sep-2026 10:38:14 [---]    suspend work if non-BOINC CPU load exceeds 25%
client-desktop-1    | 17-Sep-2026 10:38:14 [---]    (to change preferences, visit a project web site or select Preferences in the Manager)
client-desktop-1    | 17-Sep-2026 10:38:14 [---] Setting up project and slot directories
client-desktop-1    | 17-Sep-2026 10:38:14 [---] Checking active tasks
client-desktop-1    | 17-Sep-2026 10:38:14 [---] Setting up GUI RPC socket
client-desktop-1    | 17-Sep-2026 10:38:14 [---] Checking presence of 0 project files
client-desktop-1    | 17-Sep-2026 10:38:14 [---] This computer is not attached to any projects
client-desktop-1    | 17-Sep-2026 10:38:14 Initialization completed
client-desktop-1    | dir_open: Could not open directory 'slots' from '/var/lib/boinc-client'.
client-desktop-1    | dir_open: Could not open directory 'projects/boincserver.local_boincserver' from '/var/lib/boinc-client'.
client-desktop-1    | 17-Sep-2026 10:38:15 [---] No general preferences found - using defaults
client-desktop-1    | 17-Sep-2026 10:38:15 [---] Reading preferences override file
client-desktop-1    | 17-Sep-2026 10:38:15 [---] Preferences:
client-phone-1      | 17-Sep-2026 10:38:14 [---] Setting up GUI RPC socket
client-phone-1      | 17-Sep-2026 10:38:14 [---] Checking presence of 0 project files
client-phone-1      | 17-Sep-2026 10:38:14 [---] This computer is not attached to any projects
mysql-1             | 2026-09-17 10:36:46 0 [Note] InnoDB: Setting file './ibtmp1' size to 12 MB. Physically writing the file full; Please wait ...
mysql-1             | 2026-09-17 10:36:46 0 [Note] InnoDB: File './ibtmp1' size is now 12 MB.
client-desktop-1    | 17-Sep-2026 10:38:15 [---]    max memory usage when active: 8929.14 MB
client-desktop-1    | 17-Sep-2026 10:38:15 [---]    max memory usage when idle: 8929.14 MB
apache-1            | 2026-09-17 10:40:02,926 INFO reaped unknown pid 424
apache-1            | 2026-09-17 10:40:02,926 INFO reaped unknown pid 426
apache-1            | 2026-09-17 10:40:02,926 INFO reaped unknown pid 428
apache-1            | 2026-09-17 10:40:02,926 INFO reaped unknown pid 430
apache-1            | 2026-09-17 10:40:07,426 INFO reaped unknown pid 422
client-phone-2-1    | 17-Sep-2026 10:38:14 [---] Checking active tasks
client-phone-2-1    | 17-Sep-2026 10:38:14 [---] Setting up GUI RPC socket
client-phone-2-1    | 17-Sep-2026 10:38:14 [---] Checking presence of 0 project files
client-phone-2-1    | 17-Sep-2026 10:38:14 [---] This computer is not attached to any projects
client-phone-1      | 17-Sep-2026 10:38:14 Initialization completed
client-phone-1      | dir_open: Could not open directory 'projects/boincserver.local_boincserver' from '/var/lib/boinc-client'.
client-phone-1      | 17-Sep-2026 10:38:15 [---] No general preferences found - using defaults
client-phone-1      | 17-Sep-2026 10:38:15 [---] Reading preferences override file
client-desktop-1    | 17-Sep-2026 10:38:15 [---]    max disk usage: 2.00 GB
client-desktop-1    | 17-Sep-2026 10:38:15 [---]    don't use GPU while active
client-desktop-1    | 17-Sep-2026 10:38:15 [---]    suspend work if non-BOINC CPU load exceeds 25%
client-desktop-1    | 17-Sep-2026 10:38:15 [---]    (to change preferences, visit a project web site or select Preferences in the Manager)
client-cluster-2-1  | dir_open: Could not open directory 'projects/boincserver.local_boincserver' from '/var/lib/boinc-client'.
client-cluster-2-1  | 17-Sep-2026 10:38:15 [---] No general preferences found - using defaults
client-cluster-2-1  | 17-Sep-2026 10:38:15 [---] Reading preferences override file
client-cluster-2-1  | 17-Sep-2026 10:38:15 [---] Preferences:
client-cluster-2-1  | 17-Sep-2026 10:38:15 [---]    max memory usage when active: 8929.14 MB
client-cluster-2-1  | 17-Sep-2026 10:38:15 [---]    max memory usage when idle: 8929.14 MB
client-cluster-2-1  | 17-Sep-2026 10:38:15 [---]    max disk usage: 2.00 GB
client-phone-1      | 17-Sep-2026 10:38:15 [---] Preferences:
client-phone-1      | 17-Sep-2026 10:38:15 [---]    max memory usage when active: 8929.14 MB
client-phone-1      | 17-Sep-2026 10:38:15 [---]    max memory usage when idle: 8929.14 MB
client-cluster-2-1  | 17-Sep-2026 10:38:15 [---]    don't use GPU while active
client-cluster-2-1  | 17-Sep-2026 10:38:15 [---]    suspend work if non-BOINC CPU load exceeds 25%
client-cluster-2-1  | 17-Sep-2026 10:38:15 [---]    (to change preferences, visit a project web site or select Preferences in the Manager)
client-cluster-2-1  | 17-Sep-2026 10:38:19 [http://boincserver.local/boincserver/] Fetching scheduler list
client-cluster-2-1  | 17-Sep-2026 10:38:21 [http://boincserver.local/boincserver/] Master file download succeeded
client-cluster-1    | 17-Sep-2026 10:38:14 [---]    max memory usage when active: 8929.14 MB
client-cluster-1    | 17-Sep-2026 10:38:14 [---]    max memory usage when idle: 8929.14 MB
client-cluster-1    | 17-Sep-2026 10:38:14 [---]    max disk usage: 2.00 GB
client-cluster-1    | 17-Sep-2026 10:38:14 [---]    don't use GPU while active
client-cluster-1    | 17-Sep-2026 10:38:14 [---]    suspend work if non-BOINC CPU load exceeds 25%
client-cluster-2-1  | 17-Sep-2026 10:38:26 [http://boincserver.local/boincserver/] Sending scheduler request: Project initialization.
client-cluster-2-1  | 17-Sep-2026 10:38:26 [http://boincserver.local/boincserver/] Requesting new tasks for CPU
client-cluster-2-1  | 17-Sep-2026 10:38:33 [boincserver] Scheduler request completed: got 1 new tasks
client-phone-2-1    | 17-Sep-2026 10:38:14 Initialization completed
client-phone-2-1    | dir_open: Could not open directory 'projects/boincserver.local_boincserver' from '/var/lib/boinc-client'.
client-phone-2-1    | 17-Sep-2026 10:38:15 [---] No general preferences found - using defaults
client-phone-2-1    | 17-Sep-2026 10:38:15 [---] Reading preferences override file
client-phone-2-1    | 17-Sep-2026 10:38:15 [---] Preferences:
client-phone-2-1    | 17-Sep-2026 10:38:15 [---]    max memory usage when active: 8929.14 MB
client-phone-1      | 17-Sep-2026 10:38:15 [---]    max disk usage: 2.00 GB
client-phone-1      | 17-Sep-2026 10:38:15 [---]    don't use GPU while active
client-phone-1      | 17-Sep-2026 10:38:15 [---]    suspend work if non-BOINC CPU load exceeds 25%
client-phone-1      | 17-Sep-2026 10:38:15 [---]    (to change preferences, visit a project web site or select Preferences in the Manager)
client-cluster-2-1  | 17-Sep-2026 10:38:33 [boincserver] Project requested delay of 7 seconds
client-cluster-2-1  | 17-Sep-2026 10:38:35 [boincserver] Started download of hybrid_synthetic_1.0_aarch64-unknown-linux-gnu
client-cluster-2-1  | 17-Sep-2026 10:38:35 [boincserver] Started download of hybrid_synthetic_input.txt
client-cluster-2-1  | 17-Sep-2026 10:38:37 [boincserver] Finished download of hybrid_synthetic_1.0_aarch64-unknown-linux-gnu
client-cluster-1    | 17-Sep-2026 10:38:14 [---]    (to change preferences, visit a project web site or select Preferences in the Manager)
client-cluster-1    | 17-Sep-2026 10:38:14 [---] Setting up project and slot directories
client-cluster-1    | 17-Sep-2026 10:38:14 [---] Checking active tasks
client-cluster-1    | 17-Sep-2026 10:38:14 [---] Setting up GUI RPC socket
client-phone-1      | 17-Sep-2026 10:38:19 [http://boincserver.local/boincserver/] Fetching scheduler list
client-phone-1      | 17-Sep-2026 10:38:21 [http://boincserver.local/boincserver/] Master file download succeeded
client-phone-1      | 17-Sep-2026 10:38:26 [http://boincserver.local/boincserver/] Sending scheduler request: Project initialization.
client-phone-1      | 17-Sep-2026 10:38:26 [http://boincserver.local/boincserver/] Requesting new tasks for CPU
mysql-1             | 2026-09-17 10:36:46 0 [Note] InnoDB: 10.3.8 started; log sequence number 1630815; transaction id 21
mysql-1             | 2026-09-17 10:36:46 0 [Note] InnoDB: Loading buffer pool(s) from /var/lib/mysql/ib_buffer_pool
mysql-1             | 2026-09-17 10:36:46 0 [Note] Plugin 'FEEDBACK' is disabled.
mysql-1             | 2026-09-17 10:36:46 0 [Note] InnoDB: Buffer pool(s) load completed at 260917 10:36:46
mysql-1             | 2026-09-17 10:36:46 0 [Warning] 'user' entry 'root@2d45d3ac57f5' ignored in --skip-name-resolve mode.
client-phone-2-1    | 17-Sep-2026 10:38:15 [---]    max memory usage when idle: 8929.14 MB
client-phone-2-1    | 17-Sep-2026 10:38:15 [---]    max disk usage: 2.00 GB
client-phone-2-1    | 17-Sep-2026 10:38:15 [---]    don't use GPU while active
client-phone-2-1    | 17-Sep-2026 10:38:15 [---]    suspend work if non-BOINC CPU load exceeds 25%
client-phone-2-1    | 17-Sep-2026 10:38:15 [---]    (to change preferences, visit a project web site or select Preferences in the Manager)
client-phone-2-1    | 17-Sep-2026 10:38:19 [http://boincserver.local/boincserver/] Fetching scheduler list
client-cluster-2-1  | 17-Sep-2026 10:38:37 [boincserver] Finished download of hybrid_synthetic_input.txt
client-cluster-2-1  | 17-Sep-2026 10:38:37 [boincserver] Starting task exp_20260917T102241Z_lpt_long_5_0
client-cluster-2-1  | 17-Sep-2026 10:38:43 [boincserver] Sending scheduler request: To fetch work.
client-cluster-2-1  | 17-Sep-2026 10:38:43 [boincserver] Requesting new tasks for CPU
client-cluster-2-1  | 17-Sep-2026 10:39:11 [boincserver] Scheduler request completed: got 4 new tasks
client-cluster-2-1  | 17-Sep-2026 10:39:11 [boincserver] Project requested delay of 7 seconds
client-phone-2-1    | 17-Sep-2026 10:38:21 [http://boincserver.local/boincserver/] Master file download succeeded
client-phone-2-1    | 17-Sep-2026 10:38:26 [http://boincserver.local/boincserver/] Sending scheduler request: Project initialization.
client-phone-2-1    | 17-Sep-2026 10:38:26 [http://boincserver.local/boincserver/] Requesting new tasks for CPU
client-phone-2-1    | 17-Sep-2026 10:38:33 [boincserver] Scheduler request completed: got 1 new tasks
client-phone-2-1    | 17-Sep-2026 10:38:33 [boincserver] Project requested delay of 7 seconds
client-phone-2-1    | 17-Sep-2026 10:38:35 [boincserver] Started download of hybrid_synthetic_1.0_aarch64-unknown-linux-gnu
client-phone-2-1    | 17-Sep-2026 10:38:35 [boincserver] Started download of hybrid_synthetic_input.txt
client-phone-2-1    | 17-Sep-2026 10:38:37 [boincserver] Finished download of hybrid_synthetic_1.0_aarch64-unknown-linux-gnu
mysql-1             | 2026-09-17 10:36:46 0 [Warning] 'user' entry '@2d45d3ac57f5' ignored in --skip-name-resolve mode.
mysql-1             | 2026-09-17 10:36:46 0 [Warning] 'proxies_priv' entry '@% root@2d45d3ac57f5' ignored in --skip-name-resolve mode.
mysql-1             | 2026-09-17 10:36:46 0 [Note] Reading of all Master_info entries succeded
mysql-1             | 2026-09-17 10:36:46 0 [Note] Added new Master_info '' to hash table
client-phone-1      | 17-Sep-2026 10:38:28 [boincserver] Scheduler request completed: got 1 new tasks
client-phone-1      | 17-Sep-2026 10:38:28 [boincserver] Project requested delay of 7 seconds
client-phone-1      | 17-Sep-2026 10:38:30 [boincserver] Started download of hybrid_synthetic_1.0_aarch64-unknown-linux-gnu
client-phone-1      | 17-Sep-2026 10:38:30 [boincserver] Started download of hybrid_synthetic_input.txt
client-phone-1      | 17-Sep-2026 10:38:32 [boincserver] Finished download of hybrid_synthetic_1.0_aarch64-unknown-linux-gnu
client-phone-1      | 17-Sep-2026 10:38:32 [boincserver] Finished download of hybrid_synthetic_input.txt
client-phone-1      | 17-Sep-2026 10:38:32 [boincserver] Starting task exp_20260917T102241Z_lpt_long_3_0
client-phone-1      | 17-Sep-2026 10:38:38 [boincserver] Sending scheduler request: To fetch work.
mysql-1             | 2026-09-17 10:36:46 0 [Note] mysqld: ready for connections.
mysql-1             | Version: '10.3.8-MariaDB-1:10.3.8+maria~bionic'  socket: '/var/run/mysqld/mysqld.sock'  port: 0  mariadb.org binary distribution
mysql-1             | Warning: Unable to load '/usr/share/zoneinfo/leap-seconds.list' as time zone. Skipping it.
mysql-1             | 2026-09-17 10:36:48 10 [Warning] 'proxies_priv' entry '@% root@2d45d3ac57f5' ignored in --skip-name-resolve mode.
mysql-1             | 
mysql-1             | 2026-09-17 10:36:48 0 [Note] mysqld (initiated by: unknown): Normal shutdown
client-cluster-2-1  | 17-Sep-2026 10:39:13 [boincserver] Starting task exp_20260917T102241Z_lpt_medium_9_0
client-cluster-2-1  | 17-Sep-2026 10:39:13 [boincserver] Starting task exp_20260917T102241Z_lpt_medium_8_0
client-cluster-2-1  | 17-Sep-2026 10:39:13 [boincserver] Starting task exp_20260917T102241Z_lpt_medium_5_0
client-cluster-2-1  | 17-Sep-2026 10:39:21 [boincserver] Sending scheduler request: To fetch work.
client-cluster-2-1  | 17-Sep-2026 10:39:21 [boincserver] Requesting new tasks for CPU
client-cluster-2-1  | 17-Sep-2026 10:39:49 [boincserver] Scheduler request completed: got 3 new tasks
client-desktop-1    | 17-Sep-2026 10:38:19 [http://boincserver.local/boincserver/] Fetching scheduler list
client-phone-1      | 17-Sep-2026 10:38:38 [boincserver] Requesting new tasks for CPU
client-phone-1      | 17-Sep-2026 10:38:40 [boincserver] Scheduler request completed: got 1 new tasks
client-phone-1      | 17-Sep-2026 10:38:40 [boincserver] Project requested delay of 7 seconds
client-phone-1      | 17-Sep-2026 10:38:50 [boincserver] Sending scheduler request: To fetch work.
client-phone-1      | 17-Sep-2026 10:38:50 [boincserver] Requesting new tasks for CPU
client-phone-1      | 17-Sep-2026 10:38:52 [boincserver] Scheduler request completed: got 0 new tasks
client-phone-1      | 17-Sep-2026 10:38:52 [boincserver] No tasks sent
client-cluster-1    | 17-Sep-2026 10:38:14 [---] Checking presence of 0 project files
client-cluster-1    | 17-Sep-2026 10:38:14 [---] This computer is not attached to any projects
client-cluster-1    | 17-Sep-2026 10:38:14 Initialization completed
client-cluster-1    | dir_open: Could not open directory 'projects/boincserver.local_boincserver' from '/var/lib/boinc-client'.
client-cluster-1    | 17-Sep-2026 10:38:15 [---] No general preferences found - using defaults
client-cluster-2-1  | 17-Sep-2026 10:39:49 [boincserver] Project requested delay of 7 seconds
client-cluster-2-1  | 17-Sep-2026 10:39:52 [boincserver] Computation for task exp_20260917T102241Z_lpt_medium_9_0 finished
client-cluster-2-1  | 17-Sep-2026 10:39:52 [boincserver] Starting task exp_20260917T102241Z_lpt_medium_7_0
client-cluster-2-1  | 17-Sep-2026 10:39:53 [boincserver] Computation for task exp_20260917T102241Z_lpt_medium_8_0 finished
client-cluster-2-1  | 17-Sep-2026 10:39:53 [boincserver] Elapsed time limit 50.000000 < 120.000000; setting to 43200.000000
client-cluster-1    | 17-Sep-2026 10:38:15 [---] Reading preferences override file
client-cluster-1    | 17-Sep-2026 10:38:15 [---] Preferences:
client-cluster-1    | 17-Sep-2026 10:38:15 [---]    max memory usage when active: 8929.14 MB
client-cluster-1    | 17-Sep-2026 10:38:15 [---]    max memory usage when idle: 8929.14 MB
client-cluster-1    | 17-Sep-2026 10:38:15 [---]    max disk usage: 2.00 GB
client-phone-1      | 17-Sep-2026 10:38:52 [boincserver] This computer has reached a limit on tasks in progress
client-phone-1      | 17-Sep-2026 10:38:52 [boincserver] Project requested delay of 7 seconds
client-phone-1      | 17-Sep-2026 10:41:00 [boincserver] Computation for task exp_20260917T102241Z_lpt_long_3_0 finished
client-phone-1      | 17-Sep-2026 10:41:00 [boincserver] Starting task exp_20260917T102241Z_lpt_medium_2_0
client-desktop-1    | 17-Sep-2026 10:38:21 [http://boincserver.local/boincserver/] Master file download succeeded
client-desktop-1    | 17-Sep-2026 10:38:26 [http://boincserver.local/boincserver/] Sending scheduler request: Project initialization.
client-cluster-2-1  | 17-Sep-2026 10:39:53 [boincserver] Starting task exp_20260917T102241Z_lpt_short_4_0
client-cluster-2-1  | 17-Sep-2026 10:39:54 [boincserver] Started upload of exp_20260917T102241Z_lpt_medium_9_0_r554069093_0
client-phone-2-1    | 17-Sep-2026 10:38:37 [boincserver] Finished download of hybrid_synthetic_input.txt
client-phone-2-1    | 17-Sep-2026 10:38:37 [boincserver] Starting task exp_20260917T102241Z_lpt_long_6_0
client-phone-2-1    | 17-Sep-2026 10:38:43 [boincserver] Sending scheduler request: To fetch work.
client-phone-2-1    | 17-Sep-2026 10:38:43 [boincserver] Requesting new tasks for CPU
client-cluster-1    | 17-Sep-2026 10:38:15 [---]    don't use GPU while active
client-cluster-1    | 17-Sep-2026 10:38:15 [---]    suspend work if non-BOINC CPU load exceeds 25%
client-cluster-1    | 17-Sep-2026 10:38:15 [---]    (to change preferences, visit a project web site or select Preferences in the Manager)
client-cluster-1    | 17-Sep-2026 10:38:19 [http://boincserver.local/boincserver/] Fetching scheduler list
client-cluster-1    | 17-Sep-2026 10:38:21 [http://boincserver.local/boincserver/] Master file download succeeded
client-phone-2-1    | 17-Sep-2026 10:38:49 [boincserver] Scheduler request completed: got 1 new tasks
client-phone-2-1    | 17-Sep-2026 10:38:49 [boincserver] Project requested delay of 7 seconds
client-phone-2-1    | 17-Sep-2026 10:38:59 [boincserver] Sending scheduler request: To fetch work.
client-phone-2-1    | 17-Sep-2026 10:38:59 [boincserver] Requesting new tasks for CPU
client-phone-2-1    | 17-Sep-2026 10:39:01 [boincserver] Scheduler request completed: got 0 new tasks
client-desktop-1    | 17-Sep-2026 10:38:26 [http://boincserver.local/boincserver/] Requesting new tasks for CPU
client-desktop-1    | 17-Sep-2026 10:38:33 [boincserver] Scheduler request completed: got 1 new tasks
client-desktop-1    | 17-Sep-2026 10:38:33 [boincserver] Project requested delay of 7 seconds
client-desktop-1    | 17-Sep-2026 10:38:35 [boincserver] Started download of hybrid_synthetic_1.0_aarch64-unknown-linux-gnu
client-cluster-2-1  | 17-Sep-2026 10:39:54 [boincserver] Computation for task exp_20260917T102241Z_lpt_medium_5_0 finished
client-cluster-2-1  | 17-Sep-2026 10:39:54 [boincserver] Elapsed time limit 50.000000 < 120.000000; setting to 43200.000000
client-cluster-2-1  | 17-Sep-2026 10:39:54 [boincserver] Starting task exp_20260917T102241Z_lpt_short_5_0
client-phone-1      | 17-Sep-2026 10:41:02 [boincserver] Started upload of exp_20260917T102241Z_lpt_long_3_0_r1181684521_0
client-phone-1      | 17-Sep-2026 10:41:04 [boincserver] Finished upload of exp_20260917T102241Z_lpt_long_3_0_r1181684521_0
client-phone-1      | 17-Sep-2026 10:41:07 [boincserver] Sending scheduler request: To report completed tasks.
client-phone-1      | 17-Sep-2026 10:41:07 [boincserver] Reporting 1 completed tasks
client-phone-1      | 17-Sep-2026 10:41:07 [boincserver] Requesting new tasks for CPU
client-phone-1      | 17-Sep-2026 10:41:34 [boincserver] Scheduler request completed: got 0 new tasks
client-phone-1      | 17-Sep-2026 10:41:34 [boincserver] Project has no tasks available
client-desktop-1    | 17-Sep-2026 10:38:35 [boincserver] Started download of hybrid_synthetic_input.txt
client-desktop-1    | 17-Sep-2026 10:38:37 [boincserver] Finished download of hybrid_synthetic_1.0_aarch64-unknown-linux-gnu
client-desktop-1    | 17-Sep-2026 10:38:37 [boincserver] Finished download of hybrid_synthetic_input.txt
client-desktop-1    | 17-Sep-2026 10:38:37 [boincserver] Starting task exp_20260917T102241Z_lpt_long_4_0
client-desktop-1    | 17-Sep-2026 10:38:43 [boincserver] Sending scheduler request: To fetch work.
client-desktop-1    | 17-Sep-2026 10:38:43 [boincserver] Requesting new tasks for CPU
client-desktop-1    | 17-Sep-2026 10:38:49 [boincserver] Scheduler request completed: got 2 new tasks
client-desktop-1    | 17-Sep-2026 10:38:49 [boincserver] Project requested delay of 7 seconds
client-cluster-1    | 17-Sep-2026 10:38:26 [http://boincserver.local/boincserver/] Sending scheduler request: Project initialization.
client-cluster-1    | 17-Sep-2026 10:38:26 [http://boincserver.local/boincserver/] Requesting new tasks for CPU
client-cluster-1    | 17-Sep-2026 10:38:28 [boincserver] Scheduler request completed: got 1 new tasks
client-cluster-1    | 17-Sep-2026 10:38:28 [boincserver] Project requested delay of 7 seconds
client-cluster-1    | 17-Sep-2026 10:38:30 [boincserver] Started download of hybrid_synthetic_1.0_aarch64-unknown-linux-gnu
client-cluster-1    | 17-Sep-2026 10:38:30 [boincserver] Started download of hybrid_synthetic_input.txt
client-cluster-1    | 17-Sep-2026 10:38:32 [boincserver] Finished download of hybrid_synthetic_1.0_aarch64-unknown-linux-gnu
client-cluster-1    | 17-Sep-2026 10:38:32 [boincserver] Finished download of hybrid_synthetic_input.txt
client-cluster-1    | 17-Sep-2026 10:38:32 [boincserver] Starting task exp_20260917T102241Z_lpt_long_1_0
client-desktop-1    | 17-Sep-2026 10:38:51 [boincserver] Starting task exp_20260917T102241Z_lpt_medium_3_0
client-desktop-1    | 17-Sep-2026 10:39:22 [boincserver] Sending scheduler request: To fetch work.
client-desktop-1    | 17-Sep-2026 10:39:22 [boincserver] Requesting new tasks for CPU
client-desktop-1    | 17-Sep-2026 10:39:24 [boincserver] Computation for task exp_20260917T102241Z_lpt_medium_3_0 finished
client-desktop-1    | 17-Sep-2026 10:39:24 [boincserver] Starting task exp_20260917T102241Z_lpt_medium_4_0
client-desktop-1    | 17-Sep-2026 10:39:24 [boincserver] Scheduler request completed: got 1 new tasks
client-phone-2-1    | 17-Sep-2026 10:39:01 [boincserver] No tasks sent
client-phone-2-1    | 17-Sep-2026 10:39:01 [boincserver] This computer has reached a limit on tasks in progress
client-phone-2-1    | 17-Sep-2026 10:39:01 [boincserver] Project requested delay of 7 seconds
client-phone-2-1    | 17-Sep-2026 10:40:40 [boincserver] Computation for task exp_20260917T102241Z_lpt_long_6_0 finished
client-phone-2-1    | 17-Sep-2026 10:40:40 [boincserver] Starting task exp_20260917T102241Z_lpt_medium_6_0
client-phone-2-1    | 17-Sep-2026 10:41:07 [boincserver] Started upload of exp_20260917T102241Z_lpt_long_6_0_r1854984698_0
client-phone-2-1    | 17-Sep-2026 10:41:09 [boincserver] Finished upload of exp_20260917T102241Z_lpt_long_6_0_r1854984698_0
client-phone-2-1    | 17-Sep-2026 10:41:12 [boincserver] Sending scheduler request: To report completed tasks.
client-phone-2-1    | 17-Sep-2026 10:41:12 [boincserver] Reporting 1 completed tasks
client-phone-2-1    | 17-Sep-2026 10:41:12 [boincserver] Requesting new tasks for CPU
client-phone-2-1    | 17-Sep-2026 10:41:13 [boincserver] Computation for task exp_20260917T102241Z_lpt_medium_6_0 finished
client-phone-2-1    | 17-Sep-2026 10:41:14 [boincserver] Scheduler request completed: got 0 new tasks
client-phone-2-1    | 17-Sep-2026 10:41:14 [boincserver] Project has no tasks available
client-cluster-2-1  | 17-Sep-2026 10:39:55 [boincserver] Started upload of exp_20260917T102241Z_lpt_medium_8_0_r1977800332_0
client-cluster-2-1  | 17-Sep-2026 10:39:56 [boincserver] Finished upload of exp_20260917T102241Z_lpt_medium_9_0_r554069093_0
client-cluster-2-1  | 17-Sep-2026 10:39:56 [boincserver] Finished upload of exp_20260917T102241Z_lpt_medium_8_0_r1977800332_0
client-phone-1      | 17-Sep-2026 10:41:34 [boincserver] Project requested delay of 7 seconds
client-phone-1      | 17-Sep-2026 10:41:37 [boincserver] Computation for task exp_20260917T102241Z_lpt_medium_2_0 finished
client-phone-1      | 17-Sep-2026 10:41:39 [boincserver] Started upload of exp_20260917T102241Z_lpt_medium_2_0_r1738075687_0
mysql-1             | 2026-09-17 10:36:48 0 [Note] Event Scheduler: Purging the queue. 0 events
mysql-1             | 2026-09-17 10:36:48 0 [Note] InnoDB: FTS optimize thread exiting.
mysql-1             | 2026-09-17 10:36:48 0 [Note] InnoDB: Starting shutdown...
mysql-1             | 2026-09-17 10:36:48 0 [Note] InnoDB: Dumping buffer pool(s) to /var/lib/mysql/ib_buffer_pool
client-cluster-2-1  | 17-Sep-2026 10:39:56 [boincserver] Started upload of exp_20260917T102241Z_lpt_medium_5_0_r1452192977_0
client-cluster-2-1  | 17-Sep-2026 10:39:58 [boincserver] Finished upload of exp_20260917T102241Z_lpt_medium_5_0_r1452192977_0
client-cluster-2-1  | 17-Sep-2026 10:39:59 [boincserver] Sending scheduler request: To report completed tasks.
client-cluster-2-1  | 17-Sep-2026 10:39:59 [boincserver] Reporting 3 completed tasks
client-cluster-2-1  | 17-Sep-2026 10:39:59 [boincserver] Requesting new tasks for CPU
client-cluster-1    | 17-Sep-2026 10:39:02 [boincserver] Sending scheduler request: To fetch work.
client-cluster-1    | 17-Sep-2026 10:39:02 [boincserver] Requesting new tasks for CPU
client-cluster-1    | 17-Sep-2026 10:39:09 [boincserver] Scheduler request completed: got 4 new tasks
client-cluster-1    | 17-Sep-2026 10:39:09 [boincserver] Project requested delay of 7 seconds
client-cluster-1    | 17-Sep-2026 10:39:11 [boincserver] Starting task exp_20260917T102241Z_lpt_medium_11_0
client-cluster-2-1  | 17-Sep-2026 10:40:00 [boincserver] Computation for task exp_20260917T102241Z_lpt_short_4_0 finished
client-cluster-2-1  | 17-Sep-2026 10:40:00 [boincserver] Elapsed time limit 50.000000 < 120.000000; setting to 43200.000000
client-cluster-2-1  | 17-Sep-2026 10:40:00 [boincserver] Starting task exp_20260917T102241Z_lpt_short_2_0
client-cluster-2-1  | 17-Sep-2026 10:40:01 [boincserver] Computation for task exp_20260917T102241Z_lpt_short_5_0 finished
client-cluster-2-1  | 17-Sep-2026 10:40:01 [boincserver] Scheduler request completed: got 3 new tasks
client-cluster-2-1  | 17-Sep-2026 10:40:01 [boincserver] Project requested delay of 7 seconds
client-cluster-2-1  | 17-Sep-2026 10:40:27 [boincserver] Started upload of exp_20260917T102241Z_lpt_short_4_0_r615314129_0
client-cluster-2-1  | 17-Sep-2026 10:40:28 [boincserver] Started upload of exp_20260917T102241Z_lpt_short_5_0_r324944399_0
client-cluster-2-1  | 17-Sep-2026 10:40:28 [boincserver] Elapsed time limit 50.000000 < 120.000000; setting to 43200.000000
client-cluster-2-1  | 17-Sep-2026 10:40:28 [boincserver] Starting task exp_20260917T102241Z_lpt_short_10_0
client-desktop-1    | 17-Sep-2026 10:39:24 [boincserver] Project requested delay of 7 seconds
client-desktop-1    | 17-Sep-2026 10:39:26 [boincserver] Started upload of exp_20260917T102241Z_lpt_medium_3_0_r278615839_0
client-desktop-1    | 17-Sep-2026 10:39:28 [boincserver] Finished upload of exp_20260917T102241Z_lpt_medium_3_0_r278615839_0
client-desktop-1    | 17-Sep-2026 10:39:59 [boincserver] Sending scheduler request: To report completed tasks.
client-desktop-1    | 17-Sep-2026 10:39:59 [boincserver] Reporting 1 completed tasks
client-desktop-1    | 17-Sep-2026 10:39:59 [boincserver] Requesting new tasks for CPU
client-desktop-1    | 17-Sep-2026 10:40:01 [boincserver] Computation for task exp_20260917T102241Z_lpt_medium_4_0 finished
client-desktop-1    | 17-Sep-2026 10:40:01 [boincserver] Elapsed time limit 50.000000 < 120.000000; setting to 43200.000000
client-cluster-1    | 17-Sep-2026 10:39:11 [boincserver] Starting task exp_20260917T102241Z_lpt_medium_10_0
client-cluster-1    | 17-Sep-2026 10:39:11 [boincserver] Starting task exp_20260917T102241Z_lpt_medium_12_0
client-cluster-1    | 17-Sep-2026 10:39:39 [boincserver] Sending scheduler request: To fetch work.
client-cluster-1    | 17-Sep-2026 10:39:39 [boincserver] Requesting new tasks for CPU
client-cluster-1    | 17-Sep-2026 10:39:41 [boincserver] Scheduler request completed: got 3 new tasks
client-cluster-2-1  | 17-Sep-2026 10:40:29 [boincserver] Finished upload of exp_20260917T102241Z_lpt_short_4_0_r615314129_0
client-cluster-2-1  | 17-Sep-2026 10:40:29 [boincserver] Finished upload of exp_20260917T102241Z_lpt_short_5_0_r324944399_0
client-cluster-2-1  | 17-Sep-2026 10:40:30 [boincserver] Computation for task exp_20260917T102241Z_lpt_medium_7_0 finished
client-cluster-2-1  | 17-Sep-2026 10:40:30 [boincserver] Elapsed time limit 50.000000 < 120.000000; setting to 43200.000000
client-cluster-2-1  | 17-Sep-2026 10:40:30 [boincserver] Starting task exp_20260917T102241Z_lpt_short_11_0
client-cluster-2-1  | 17-Sep-2026 10:40:31 [boincserver] Computation for task exp_20260917T102241Z_lpt_short_2_0 finished
client-cluster-2-1  | 17-Sep-2026 10:40:31 [boincserver] Elapsed time limit 50.000000 < 120.000000; setting to 43200.000000
client-cluster-2-1  | 17-Sep-2026 10:40:31 [boincserver] Starting task exp_20260917T102241Z_lpt_short_9_0
client-cluster-2-1  | 17-Sep-2026 10:40:32 [boincserver] Started upload of exp_20260917T102241Z_lpt_medium_7_0_r488556446_0
client-cluster-2-1  | 17-Sep-2026 10:40:33 [boincserver] Started upload of exp_20260917T102241Z_lpt_short_2_0_r1265287812_0
client-cluster-2-1  | 17-Sep-2026 10:40:34 [boincserver] Finished upload of exp_20260917T102241Z_lpt_medium_7_0_r488556446_0
client-cluster-2-1  | 17-Sep-2026 10:40:34 [boincserver] Finished upload of exp_20260917T102241Z_lpt_short_2_0_r1265287812_0
client-cluster-2-1  | 17-Sep-2026 10:40:35 [boincserver] Computation for task exp_20260917T102241Z_lpt_short_10_0 finished
client-cluster-2-1  | 17-Sep-2026 10:40:37 [boincserver] Started upload of exp_20260917T102241Z_lpt_short_10_0_r994566088_0
client-cluster-2-1  | 17-Sep-2026 10:40:37 [boincserver] Sending scheduler request: To fetch work.
mysql-1             | 2026-09-17 10:36:48 0 [Note] InnoDB: Buffer pool(s) dump completed at 260917 10:36:48
mysql-1             | 2026-09-17 10:36:49 0 [Note] InnoDB: Shutdown completed; log sequence number 1630824; transaction id 24
client-cluster-2-1  | 17-Sep-2026 10:40:37 [boincserver] Reporting 4 completed tasks
client-cluster-2-1  | 17-Sep-2026 10:40:37 [boincserver] Requesting new tasks for CPU
client-phone-2-1    | 17-Sep-2026 10:41:14 [boincserver] Project requested delay of 7 seconds
client-phone-2-1    | 17-Sep-2026 10:41:15 [boincserver] Started upload of exp_20260917T102241Z_lpt_medium_6_0_r1622989117_0
client-phone-2-1    | 17-Sep-2026 10:41:17 [boincserver] Finished upload of exp_20260917T102241Z_lpt_medium_6_0_r1622989117_0
client-phone-2-1    | 17-Sep-2026 10:41:44 [boincserver] Sending scheduler request: To report completed tasks.
client-phone-2-1    | 17-Sep-2026 10:41:44 [boincserver] Reporting 1 completed tasks
client-phone-1      | 17-Sep-2026 10:41:41 [boincserver] Finished upload of exp_20260917T102241Z_lpt_medium_2_0_r1738075687_0
client-phone-1      | 17-Sep-2026 10:41:44 [boincserver] Sending scheduler request: To report completed tasks.
client-phone-1      | 17-Sep-2026 10:41:44 [boincserver] Reporting 1 completed tasks
client-phone-1      | 17-Sep-2026 10:41:44 [boincserver] Requesting new tasks for CPU
client-phone-1      | 17-Sep-2026 10:41:58 [boincserver] Scheduler request completed: got 0 new tasks
client-phone-1      | 17-Sep-2026 10:41:58 [boincserver] Project has no tasks available
client-phone-1      | 17-Sep-2026 10:41:58 [boincserver] Project requested delay of 7 seconds
mysql-1             | 2026-09-17 10:36:49 0 [Note] InnoDB: Removed temporary tablespace data file: "ibtmp1"
mysql-1             | 2026-09-17 10:36:49 0 [Note] mysqld: Shutdown complete
mysql-1             | 
mysql-1             | 
client-phone-2-1    | 17-Sep-2026 10:41:44 [boincserver] Requesting new tasks for CPU
client-phone-2-1    | 17-Sep-2026 10:41:46 [boincserver] Scheduler request completed: got 0 new tasks
mysql-1             | MySQL init process done. Ready for start up.
mysql-1             | 
mysql-1             | 2026-09-17 10:36:49 0 [Note] mysqld (mysqld 10.3.8-MariaDB-1:10.3.8+maria~bionic) starting as process 1 ...
mysql-1             | 2026-09-17 10:36:49 0 [Note] InnoDB: Using Linux native AIO
mysql-1             | 2026-09-17 10:36:49 0 [Note] InnoDB: Mutexes and rw_locks use GCC atomic builtins
mysql-1             | 2026-09-17 10:36:49 0 [Note] InnoDB: Uses event mutexes
mysql-1             | 2026-09-17 10:36:49 0 [Note] InnoDB: Compressed tables use zlib 1.2.11
mysql-1             | 2026-09-17 10:36:49 0 [Note] InnoDB: Number of pools: 1
mysql-1             | 2026-09-17 10:36:49 0 [Note] InnoDB: Using generic crc32 instructions
client-cluster-2-1  | 17-Sep-2026 10:40:38 [boincserver] Computation for task exp_20260917T102241Z_lpt_short_11_0 finished
client-cluster-2-1  | 17-Sep-2026 10:41:04 [boincserver] Finished upload of exp_20260917T102241Z_lpt_short_10_0_r994566088_0
client-cluster-2-1  | 17-Sep-2026 10:41:04 [boincserver] Computation for task exp_20260917T102241Z_lpt_long_5_0 finished
client-cluster-2-1  | 17-Sep-2026 10:41:04 [boincserver] Scheduler request completed: got 3 new tasks
client-cluster-2-1  | 17-Sep-2026 10:41:04 [boincserver] Project requested delay of 7 seconds
client-cluster-1    | 17-Sep-2026 10:39:41 [boincserver] Project requested delay of 7 seconds
client-cluster-2-1  | 17-Sep-2026 10:41:05 [boincserver] Started upload of exp_20260917T102241Z_lpt_short_11_0_r302172452_0
client-cluster-2-1  | 17-Sep-2026 10:41:05 [boincserver] Computation for task exp_20260917T102241Z_lpt_short_9_0 finished
client-cluster-2-1  | 17-Sep-2026 10:41:06 [boincserver] Started upload of exp_20260917T102241Z_lpt_long_5_0_r102067033_0
client-cluster-2-1  | 17-Sep-2026 10:41:06 [boincserver] Elapsed time limit 50.000000 < 120.000000; setting to 43200.000000
client-phone-2-1    | 17-Sep-2026 10:41:46 [boincserver] Project has no tasks available
client-phone-2-1    | 17-Sep-2026 10:41:46 [boincserver] Project requested delay of 7 seconds
client-phone-2-1    | 17-Sep-2026 10:41:58 [boincserver] Sending scheduler request: To fetch work.
client-phone-2-1    | 17-Sep-2026 10:41:58 [boincserver] Requesting new tasks for CPU
client-phone-2-1    | 17-Sep-2026 10:42:00 [boincserver] Scheduler request completed: got 0 new tasks
client-phone-2-1    | 17-Sep-2026 10:42:00 [boincserver] Project has no tasks available
client-phone-2-1    | 17-Sep-2026 10:42:00 [boincserver] Project requested delay of 7 seconds
client-cluster-1    | 17-Sep-2026 10:39:44 [boincserver] Computation for task exp_20260917T102241Z_lpt_medium_11_0 finished
client-cluster-1    | 17-Sep-2026 10:39:44 [boincserver] Elapsed time limit 50.000000 < 120.000000; setting to 43200.000000
client-cluster-1    | 17-Sep-2026 10:39:44 [boincserver] Starting task exp_20260917T102241Z_lpt_short_1_0
client-desktop-1    | 17-Sep-2026 10:40:01 [boincserver] Starting task exp_20260917T102241Z_lpt_short_3_0
client-desktop-1    | 17-Sep-2026 10:40:03 [boincserver] Started upload of exp_20260917T102241Z_lpt_medium_4_0_r1786182068_0
client-desktop-1    | 17-Sep-2026 10:40:05 [boincserver] Finished upload of exp_20260917T102241Z_lpt_medium_4_0_r1786182068_0
client-desktop-1    | 17-Sep-2026 10:40:05 [boincserver] Scheduler request completed: got 1 new tasks
client-desktop-1    | 17-Sep-2026 10:40:05 [boincserver] Project requested delay of 7 seconds
client-desktop-1    | 17-Sep-2026 10:40:08 [boincserver] Computation for task exp_20260917T102241Z_lpt_short_3_0 finished
client-desktop-1    | 17-Sep-2026 10:40:08 [boincserver] Elapsed time limit 50.000000 < 120.000000; setting to 43200.000000
client-desktop-1    | 17-Sep-2026 10:40:08 [boincserver] Starting task exp_20260917T102241Z_lpt_short_12_0
client-desktop-1    | 17-Sep-2026 10:40:10 [boincserver] Started upload of exp_20260917T102241Z_lpt_short_3_0_r285138333_0
client-desktop-1    | 17-Sep-2026 10:40:38 [boincserver] Finished upload of exp_20260917T102241Z_lpt_short_3_0_r285138333_0
client-desktop-1    | 17-Sep-2026 10:40:39 [boincserver] Computation for task exp_20260917T102241Z_lpt_short_12_0 finished
client-desktop-1    | 17-Sep-2026 10:40:40 [boincserver] Computation for task exp_20260917T102241Z_lpt_long_4_0 finished
client-desktop-1    | 17-Sep-2026 10:40:41 [boincserver] Started upload of exp_20260917T102241Z_lpt_short_12_0_r336808544_0
client-desktop-1    | 17-Sep-2026 10:40:42 [boincserver] Started upload of exp_20260917T102241Z_lpt_long_4_0_r970280028_0
client-desktop-1    | 17-Sep-2026 10:40:42 [boincserver] Sending scheduler request: To fetch work.
client-desktop-1    | 17-Sep-2026 10:40:42 [boincserver] Reporting 2 completed tasks
client-cluster-1    | 17-Sep-2026 10:39:45 [boincserver] Computation for task exp_20260917T102241Z_lpt_medium_10_0 finished
client-cluster-1    | 17-Sep-2026 10:39:45 [boincserver] Elapsed time limit 50.000000 < 120.000000; setting to 43200.000000
client-cluster-1    | 17-Sep-2026 10:39:45 [boincserver] Starting task exp_20260917T102241Z_lpt_short_6_0
client-desktop-1    | 17-Sep-2026 10:40:42 [boincserver] Requesting new tasks for CPU
client-desktop-1    | 17-Sep-2026 10:40:43 [boincserver] Finished upload of exp_20260917T102241Z_lpt_short_12_0_r336808544_0
client-desktop-1    | 17-Sep-2026 10:40:43 [boincserver] Finished upload of exp_20260917T102241Z_lpt_long_4_0_r970280028_0
client-desktop-1    | 17-Sep-2026 10:40:43 [boincserver] Scheduler request completed: got 0 new tasks
client-desktop-1    | 17-Sep-2026 10:40:43 [boincserver] Project has no tasks available
client-desktop-1    | 17-Sep-2026 10:40:43 [boincserver] Project requested delay of 7 seconds
client-desktop-1    | 17-Sep-2026 10:41:14 [boincserver] Sending scheduler request: To report completed tasks.
mysql-1             | 2026-09-17 10:36:49 0 [Note] InnoDB: Initializing buffer pool, total size = 256M, instances = 1, chunk size = 128M
mysql-1             | 2026-09-17 10:36:49 0 [Note] InnoDB: Completed initialization of buffer pool
mysql-1             | 2026-09-17 10:36:49 0 [Note] InnoDB: If the mysqld execution user is authorized, page cleaner thread priority can be changed. See the man page of setpriority().
mysql-1             | 2026-09-17 10:36:49 0 [Note] InnoDB: 128 out of 128 rollback segments are active.
mysql-1             | 2026-09-17 10:36:49 0 [Note] InnoDB: Creating shared tablespace for temporary tables
mysql-1             | 2026-09-17 10:36:49 0 [Note] InnoDB: Setting file './ibtmp1' size to 12 MB. Physically writing the file full; Please wait ...
mysql-1             | 2026-09-17 10:36:49 0 [Note] InnoDB: File './ibtmp1' size is now 12 MB.
mysql-1             | 2026-09-17 10:36:49 0 [Note] InnoDB: Waiting for purge to start
mysql-1             | 2026-09-17 10:36:49 0 [Note] InnoDB: 10.3.8 started; log sequence number 1630824; transaction id 21
mysql-1             | 2026-09-17 10:36:49 0 [Note] InnoDB: Loading buffer pool(s) from /var/lib/mysql/ib_buffer_pool
mysql-1             | 2026-09-17 10:36:49 0 [Note] Plugin 'FEEDBACK' is disabled.
mysql-1             | 2026-09-17 10:36:49 0 [Note] InnoDB: Buffer pool(s) load completed at 260917 10:36:49
mysql-1             | 2026-09-17 10:36:49 0 [Note] Server socket created on IP: '::'.
client-cluster-1    | 17-Sep-2026 10:39:46 [boincserver] Started upload of exp_20260917T102241Z_lpt_medium_11_0_r380796791_0
client-cluster-1    | 17-Sep-2026 10:39:46 [boincserver] Computation for task exp_20260917T102241Z_lpt_medium_12_0 finished
client-cluster-1    | 17-Sep-2026 10:39:46 [boincserver] Elapsed time limit 50.000000 < 120.000000; setting to 43200.000000
client-cluster-1    | 17-Sep-2026 10:39:46 [boincserver] Starting task exp_20260917T102241Z_lpt_short_7_0
client-cluster-1    | 17-Sep-2026 10:39:47 [boincserver] Started upload of exp_20260917T102241Z_lpt_medium_10_0_r1833894341_0
mysql-1             | 2026-09-17 10:36:49 0 [Warning] 'proxies_priv' entry '@% root@2d45d3ac57f5' ignored in --skip-name-resolve mode.
mysql-1             | 2026-09-17 10:36:49 0 [Note] Reading of all Master_info entries succeded
mysql-1             | 2026-09-17 10:36:49 0 [Note] Added new Master_info '' to hash table
mysql-1             | 2026-09-17 10:36:49 0 [Note] mysqld: ready for connections.
mysql-1             | Version: '10.3.8-MariaDB-1:10.3.8+maria~bionic'  socket: '/var/run/mysqld/mysqld.sock'  port: 3306  mariadb.org binary distribution
mysql-1             | 2026-09-17 10:36:49 8 [Warning] Access denied for user 'boincadm'@'172.21.0.2' (using password: NO)
mysql-1             | 2026-09-17 10:37:21 17 [Warning] Aborted connection 17 to db: 'boincserver' user: 'root' host: '172.21.0.4' (Got an error reading communication packets)
mysql-1             | 2026-09-17 10:37:21 16 [Warning] Aborted connection 16 to db: 'boincserver' user: 'root' host: '172.21.0.4' (Got an error reading communication packets)
client-cluster-1    | 17-Sep-2026 10:39:48 [boincserver] Finished upload of exp_20260917T102241Z_lpt_medium_11_0_r380796791_0
client-cluster-1    | 17-Sep-2026 10:39:48 [boincserver] Finished upload of exp_20260917T102241Z_lpt_medium_10_0_r1833894341_0
client-cluster-1    | 17-Sep-2026 10:39:48 [boincserver] Started upload of exp_20260917T102241Z_lpt_medium_12_0_r531605022_0
client-cluster-1    | 17-Sep-2026 10:39:50 [boincserver] Finished upload of exp_20260917T102241Z_lpt_medium_12_0_r531605022_0
client-cluster-1    | 17-Sep-2026 10:40:17 [boincserver] Computation for task exp_20260917T102241Z_lpt_short_1_0 finished
client-cluster-1    | 17-Sep-2026 10:40:17 [boincserver] Elapsed time limit 50.000000 < 120.000000; setting to 43200.000000
client-cluster-1    | 17-Sep-2026 10:40:17 [boincserver] Starting task exp_20260917T102241Z_lpt_short_8_0
client-cluster-1    | 17-Sep-2026 10:40:17 [boincserver] Sending scheduler request: To report completed tasks.
client-cluster-1    | 17-Sep-2026 10:40:17 [boincserver] Reporting 3 completed tasks
client-cluster-1    | 17-Sep-2026 10:40:17 [boincserver] Requesting new tasks for CPU
client-cluster-1    | 17-Sep-2026 10:40:18 [boincserver] Computation for task exp_20260917T102241Z_lpt_short_6_0 finished
client-cluster-1    | 17-Sep-2026 10:40:19 [boincserver] Started upload of exp_20260917T102241Z_lpt_short_1_0_r1613234363_0
client-cluster-1    | 17-Sep-2026 10:40:20 [boincserver] Started upload of exp_20260917T102241Z_lpt_short_6_0_r885890446_0
client-cluster-2-1  | 17-Sep-2026 10:41:06 [boincserver] Elapsed time limit 50.000000 < 120.000000; setting to 43200.000000
client-cluster-2-1  | 17-Sep-2026 10:41:06 [boincserver] Elapsed time limit 50.000000 < 120.000000; setting to 43200.000000
client-cluster-2-1  | 17-Sep-2026 10:41:06 [boincserver] Starting task exp_20260917T102241Z_lpt_short_18_0
client-cluster-2-1  | 17-Sep-2026 10:41:06 [boincserver] Starting task exp_20260917T102241Z_lpt_short_17_0
client-cluster-2-1  | 17-Sep-2026 10:41:06 [boincserver] Starting task exp_20260917T102241Z_lpt_short_16_0
client-cluster-2-1  | 17-Sep-2026 10:41:07 [boincserver] Finished upload of exp_20260917T102241Z_lpt_short_11_0_r302172452_0
client-cluster-2-1  | 17-Sep-2026 10:41:07 [boincserver] Finished upload of exp_20260917T102241Z_lpt_long_5_0_r102067033_0
client-cluster-2-1  | 17-Sep-2026 10:41:07 [boincserver] Started upload of exp_20260917T102241Z_lpt_short_9_0_r886462780_0
client-cluster-2-1  | 17-Sep-2026 10:41:09 [boincserver] Finished upload of exp_20260917T102241Z_lpt_short_9_0_r886462780_0
client-cluster-2-1  | 17-Sep-2026 10:41:14 [boincserver] Computation for task exp_20260917T102241Z_lpt_short_18_0 finished
mysql-1             | 2026-09-17 10:37:21 15 [Warning] Aborted connection 15 to db: 'boincserver' user: 'root' host: '172.21.0.4' (Got an error reading communication packets)
mysql-1             | 2026-09-17 10:40:01 125 [Warning] Aborted connection 125 to db: 'boincserver' user: 'root' host: '172.21.0.4' (Got an error reading communication packets)
mysql-1             | 2026-09-17 10:40:02 128 [Warning] Aborted connection 128 to db: 'boincserver' user: 'root' host: '172.21.0.4' (Got an error reading communication packets)
client-desktop-1    | 17-Sep-2026 10:41:14 [boincserver] Reporting 2 completed tasks
client-desktop-1    | 17-Sep-2026 10:41:14 [boincserver] Requesting new tasks for CPU
client-desktop-1    | 17-Sep-2026 10:41:16 [boincserver] Scheduler request completed: got 0 new tasks
client-desktop-1    | 17-Sep-2026 10:41:16 [boincserver] Project has no tasks available
client-cluster-1    | 17-Sep-2026 10:40:20 [boincserver] Computation for task exp_20260917T102241Z_lpt_short_7_0 finished
client-cluster-1    | 17-Sep-2026 10:40:21 [boincserver] Finished upload of exp_20260917T102241Z_lpt_short_1_0_r1613234363_0
client-desktop-1    | 17-Sep-2026 10:41:16 [boincserver] Project requested delay of 7 seconds
client-cluster-1    | 17-Sep-2026 10:40:21 [boincserver] Finished upload of exp_20260917T102241Z_lpt_short_6_0_r885890446_0
client-cluster-1    | 17-Sep-2026 10:40:22 [boincserver] Started upload of exp_20260917T102241Z_lpt_short_7_0_r891841127_0
client-cluster-1    | 17-Sep-2026 10:40:24 [boincserver] Finished upload of exp_20260917T102241Z_lpt_short_7_0_r891841127_0
client-cluster-1    | 17-Sep-2026 10:40:24 [boincserver] Scheduler request completed: got 3 new tasks
client-cluster-1    | 17-Sep-2026 10:40:24 [boincserver] Project requested delay of 7 seconds
client-cluster-1    | 17-Sep-2026 10:40:25 [boincserver] Computation for task exp_20260917T102241Z_lpt_short_8_0 finished
client-cluster-1    | 17-Sep-2026 10:40:26 [boincserver] Elapsed time limit 50.000000 < 120.000000; setting to 43200.000000
client-cluster-1    | 17-Sep-2026 10:40:26 [boincserver] Elapsed time limit 50.000000 < 120.000000; setting to 43200.000000
client-cluster-1    | 17-Sep-2026 10:40:26 [boincserver] Elapsed time limit 50.000000 < 120.000000; setting to 43200.000000
client-cluster-1    | 17-Sep-2026 10:40:26 [boincserver] Starting task exp_20260917T102241Z_lpt_short_15_0
client-cluster-1    | 17-Sep-2026 10:40:26 [boincserver] Starting task exp_20260917T102241Z_lpt_short_14_0
client-cluster-1    | 17-Sep-2026 10:40:26 [boincserver] Starting task exp_20260917T102241Z_lpt_short_13_0
client-cluster-2-1  | 17-Sep-2026 10:41:15 [boincserver] Computation for task exp_20260917T102241Z_lpt_short_17_0 finished
client-cluster-2-1  | 17-Sep-2026 10:41:15 [boincserver] Sending scheduler request: To report completed tasks.
client-cluster-2-1  | 17-Sep-2026 10:41:15 [boincserver] Reporting 4 completed tasks
client-cluster-2-1  | 17-Sep-2026 10:41:15 [boincserver] Requesting new tasks for CPU
client-cluster-1    | 17-Sep-2026 10:40:27 [boincserver] Started upload of exp_20260917T102241Z_lpt_short_8_0_r106672873_0
client-cluster-1    | 17-Sep-2026 10:40:54 [boincserver] Finished upload of exp_20260917T102241Z_lpt_short_8_0_r106672873_0
client-cluster-1    | 17-Sep-2026 10:40:54 [boincserver] Sending scheduler request: To report completed tasks.
client-cluster-1    | 17-Sep-2026 10:40:54 [boincserver] Reporting 4 completed tasks
client-cluster-1    | 17-Sep-2026 10:40:54 [boincserver] Requesting new tasks for CPU
client-cluster-1    | 17-Sep-2026 10:40:56 [boincserver] Scheduler request completed: got 0 new tasks
client-cluster-2-1  | 17-Sep-2026 10:41:16 [boincserver] Started upload of exp_20260917T102241Z_lpt_short_18_0_r941999511_0
client-cluster-2-1  | 17-Sep-2026 10:41:16 [boincserver] Computation for task exp_20260917T102241Z_lpt_short_16_0 finished
client-cluster-2-1  | 17-Sep-2026 10:41:42 [boincserver] Finished upload of exp_20260917T102241Z_lpt_short_18_0_r941999511_0
client-cluster-2-1  | 17-Sep-2026 10:41:42 [boincserver] Started upload of exp_20260917T102241Z_lpt_short_17_0_r2059866523_0
client-cluster-2-1  | 17-Sep-2026 10:41:42 [boincserver] Scheduler request completed: got 0 new tasks
client-cluster-2-1  | 17-Sep-2026 10:41:42 [boincserver] Project has no tasks available
client-cluster-2-1  | 17-Sep-2026 10:41:42 [boincserver] Project requested delay of 7 seconds
client-cluster-2-1  | 17-Sep-2026 10:41:43 [boincserver] Started upload of exp_20260917T102241Z_lpt_short_16_0_r758992737_0
client-cluster-2-1  | 17-Sep-2026 10:41:44 [boincserver] Finished upload of exp_20260917T102241Z_lpt_short_17_0_r2059866523_0
client-cluster-2-1  | 17-Sep-2026 10:41:44 [boincserver] Finished upload of exp_20260917T102241Z_lpt_short_16_0_r758992737_0
client-cluster-2-1  | 17-Sep-2026 10:41:52 [boincserver] Sending scheduler request: To report completed tasks.
client-cluster-1    | 17-Sep-2026 10:40:56 [boincserver] Project has no tasks available
client-cluster-1    | 17-Sep-2026 10:40:56 [boincserver] Project requested delay of 7 seconds
client-cluster-1    | 17-Sep-2026 10:40:57 [boincserver] Computation for task exp_20260917T102241Z_lpt_long_1_0 finished
client-cluster-1    | 17-Sep-2026 10:40:58 [boincserver] Computation for task exp_20260917T102241Z_lpt_short_15_0 finished
client-cluster-1    | 17-Sep-2026 10:40:59 [boincserver] Started upload of exp_20260917T102241Z_lpt_long_1_0_r128626074_0
client-cluster-1    | 17-Sep-2026 10:40:59 [boincserver] Computation for task exp_20260917T102241Z_lpt_short_14_0 finished
client-cluster-1    | 17-Sep-2026 10:41:00 [boincserver] Started upload of exp_20260917T102241Z_lpt_short_15_0_r2071106036_0
client-cluster-1    | 17-Sep-2026 10:41:00 [boincserver] Computation for task exp_20260917T102241Z_lpt_short_13_0 finished
client-cluster-1    | 17-Sep-2026 10:41:01 [boincserver] Finished upload of exp_20260917T102241Z_lpt_long_1_0_r128626074_0
client-cluster-1    | 17-Sep-2026 10:41:01 [boincserver] Finished upload of exp_20260917T102241Z_lpt_short_15_0_r2071106036_0
client-cluster-1    | 17-Sep-2026 10:41:01 [boincserver] Started upload of exp_20260917T102241Z_lpt_short_14_0_r150750695_0
client-cluster-1    | 17-Sep-2026 10:41:02 [boincserver] Started upload of exp_20260917T102241Z_lpt_short_13_0_r833829016_0
client-cluster-1    | 17-Sep-2026 10:41:03 [boincserver] Finished upload of exp_20260917T102241Z_lpt_short_14_0_r150750695_0
client-cluster-2-1  | 17-Sep-2026 10:41:52 [boincserver] Reporting 3 completed tasks
client-cluster-2-1  | 17-Sep-2026 10:41:52 [boincserver] Requesting new tasks for CPU
client-cluster-2-1  | 17-Sep-2026 10:41:58 [boincserver] Scheduler request completed: got 0 new tasks
client-cluster-2-1  | 17-Sep-2026 10:41:58 [boincserver] Project has no tasks available
client-cluster-1    | 17-Sep-2026 10:41:03 [boincserver] Finished upload of exp_20260917T102241Z_lpt_short_13_0_r833829016_0
client-cluster-1    | 17-Sep-2026 10:41:31 [boincserver] Sending scheduler request: To report completed tasks.
client-cluster-1    | 17-Sep-2026 10:41:31 [boincserver] Reporting 4 completed tasks
client-cluster-1    | 17-Sep-2026 10:41:31 [boincserver] Requesting new tasks for CPU
client-cluster-1    | 17-Sep-2026 10:41:33 [boincserver] Scheduler request completed: got 0 new tasks
client-cluster-1    | 17-Sep-2026 10:41:33 [boincserver] Project has no tasks available
client-cluster-1    | 17-Sep-2026 10:41:33 [boincserver] Project requested delay of 7 seconds
client-cluster-1    | 17-Sep-2026 10:41:58 [boincserver] Sending scheduler request: To fetch work.
client-cluster-1    | 17-Sep-2026 10:41:58 [boincserver] Requesting new tasks for CPU
client-cluster-1    | 17-Sep-2026 10:42:00 [boincserver] Scheduler request completed: got 0 new tasks
client-cluster-1    | 17-Sep-2026 10:42:00 [boincserver] Project has no tasks available
client-cluster-1    | 17-Sep-2026 10:42:00 [boincserver] Project requested delay of 7 seconds
client-cluster-2-1  | 17-Sep-2026 10:41:58 [boincserver] Project requested delay of 7 seconds
