makeproject-1       | Updating project files in data volume...
makeproject-1       | Waiting for MySQL server to start...
makeproject-1       | Creating database...
makeproject-1       | added platform: (create_time, name, user_friendly_name) values (1789636321, 'windows_intelx86', 'Microsoft Windows (98 or later) running on an Intel x86-compatible CPU')
makeproject-1       | added platform: (create_time, name, user_friendly_name) values (1789636321, 'windows_x86_64', 'Microsoft Windows running on an AMD x86_64 or Intel EM64T CPU')
makeproject-1       | added platform: (create_time, name, user_friendly_name) values (1789636321, 'windows_arm64', 'Microsoft Windows running on ARM 64-bit')
makeproject-1       | added platform: (create_time, name, user_friendly_name) values (1789636321, 'i686-pc-linux-gnu', 'Linux running on an Intel x86-compatible CPU')
makeproject-1       | added platform: (create_time, name, user_friendly_name) values (1789636321, 'x86_64-pc-linux-gnu', 'Linux running on an AMD x86_64 or Intel EM64T CPU')
makeproject-1       | added platform: (create_time, name, user_friendly_name) values (1789636321, 'powerpc-apple-darwin', 'Mac OS X 10.3 or later running on Motorola PowerPC')
makeproject-1       | added platform: (create_time, name, user_friendly_name) values (1789636321, 'i686-apple-darwin', 'Mac OS 10.4 or later running on Intel')
makeproject-1       | added platform: (create_time, name, user_friendly_name) values (1789636321, 'x86_64-apple-darwin', 'Intel 64-bit Mac OS 10.5 or later')
makeproject-1       | added platform: (create_time, name, user_friendly_name) values (1789636321, 'arm64-apple-darwin', 'Mac OS running on ARM')
makeproject-1       | added platform: (create_time, name, user_friendly_name) values (1789636321, 'sparc-sun-solaris2.7', 'Solaris 2.7 running on a SPARC-compatible CPU')
client-phone-2-1    | 17-Sep-2026 09:13:25 [---] Starting BOINC client version 7.20.5 for aarch64-unknown-linux-gnu
client-phone-2-1    | 17-Sep-2026 09:13:25 [---] This a development version of BOINC and may not function properly
client-low-power-1  | 17-Sep-2026 09:13:30 [---] Starting BOINC client version 7.20.5 for aarch64-unknown-linux-gnu
client-low-power-1  | 17-Sep-2026 09:13:30 [---] This a development version of BOINC and may not function properly
client-low-power-1  | 17-Sep-2026 09:13:30 [---] log flags: file_xfer, sched_ops, task
client-low-power-1  | 17-Sep-2026 09:13:30 [---] Libraries: libcurl/7.88.1 OpenSSL/3.0.20 zlib/1.2.13 brotli/1.0.9 zstd/1.5.4 libidn2/2.3.3 libpsl/0.21.2 (+libidn2/2.3.3) libssh2/1.10.0 nghttp2/1.52.0 librtmp/2.3 OpenLDAP/2.5.13
client-low-power-1  | 17-Sep-2026 09:13:30 [---] Data directory: /var/lib/boinc-client
client-phone-2-1    | 17-Sep-2026 09:13:25 [---] log flags: file_xfer, sched_ops, task
client-phone-2-1    | 17-Sep-2026 09:13:25 [---] Libraries: libcurl/7.88.1 OpenSSL/3.0.20 zlib/1.2.13 brotli/1.0.9 zstd/1.5.4 libidn2/2.3.3 libpsl/0.21.2 (+libidn2/2.3.3) libssh2/1.10.0 nghttp2/1.52.0 librtmp/2.3 OpenLDAP/2.5.13
client-phone-2-1    | 17-Sep-2026 09:13:25 [---] Data directory: /var/lib/boinc-client
client-phone-2-1    | 17-Sep-2026 09:13:25 [---] No usable GPUs found
client-phone-2-1    | 17-Sep-2026 09:13:25 [---] Creating new client state file
client-phone-2-1    | 17-Sep-2026 09:13:25 [---] libc:  version 2.36
client-phone-1      | 17-Sep-2026 09:13:25 [---] Starting BOINC client version 7.20.5 for aarch64-unknown-linux-gnu
client-phone-1      | 17-Sep-2026 09:13:25 [---] This a development version of BOINC and may not function properly
client-low-power-1  | 17-Sep-2026 09:13:30 [---] No usable GPUs found
client-phone-1      | 17-Sep-2026 09:13:25 [---] log flags: file_xfer, sched_ops, task
client-phone-1      | 17-Sep-2026 09:13:25 [---] Libraries: libcurl/7.88.1 OpenSSL/3.0.20 zlib/1.2.13 brotli/1.0.9 zstd/1.5.4 libidn2/2.3.3 libpsl/0.21.2 (+libidn2/2.3.3) libssh2/1.10.0 nghttp2/1.52.0 librtmp/2.3 OpenLDAP/2.5.13
client-phone-1      | 17-Sep-2026 09:13:25 [---] Data directory: /var/lib/boinc-client
client-phone-1      | 17-Sep-2026 09:13:25 [---] No usable GPUs found
client-phone-1      | 17-Sep-2026 09:13:25 [---] Creating new client state file
client-phone-1      | 17-Sep-2026 09:13:25 [---] libc:  version 2.36
client-phone-1      | 17-Sep-2026 09:13:25 [---] Host name: phone-01
client-phone-1      | 17-Sep-2026 09:13:25 [---] Processor: 1 ARM  [Impl 0x61 Arch 8 Variant 0x0 Part 0x000 Rev 0]
client-phone-2-1    | 17-Sep-2026 09:13:25 [---] Host name: phone-02
client-low-power-1  | 17-Sep-2026 09:13:30 [---] Creating new client state file
client-low-power-1  | 17-Sep-2026 09:13:30 [---] libc:  version 2.36
client-low-power-1  | 17-Sep-2026 09:13:30 [---] Host name: low-power-01
client-low-power-1  | 17-Sep-2026 09:13:30 [---] Processor: 1 ARM  [Impl 0x61 Arch 8 Variant 0x0 Part 0x000 Rev 0]
client-low-power-1  | 17-Sep-2026 09:13:30 [---] Processor features: fp asimd evtstrm aes pmull sha1 sha2 crc32 atomics fphp asimdhp cpuid asimdrdm jscvt fcma lrcpc dcpop sha3 asimddp sha512 asimdfhm dit uscat ilrcpc flagm sb paca pacg dcpodp flagm2 frint i8mm bf16 bti afp
client-low-power-1  | 17-Sep-2026 09:13:30 [---] OS: Linux Debian GNU/Linux: Debian GNU/Linux 12 (bookworm) [6.8.0-100-generic|libc 2.36]
client-low-power-1  | 17-Sep-2026 09:13:30 [---] Memory: 9.69 GB physical, 0 bytes virtual
client-low-power-1  | 17-Sep-2026 09:13:30 [---] Disk: 18.33 GB total, 15.36 GB free
client-low-power-1  | 17-Sep-2026 09:13:30 [---] Local time is UTC +0 hours
client-low-power-1  | 17-Sep-2026 09:13:30 [---] Config: GUI RPC allowed from any host
client-low-power-1  | 17-Sep-2026 09:13:30 [---] Config: simulate 1 CPUs
client-low-power-1  | 17-Sep-2026 09:13:30 [---] Config: report completed tasks immediately
client-low-power-1  | 17-Sep-2026 09:13:30 [---] No general preferences found - using defaults
client-low-power-1  | 17-Sep-2026 09:13:30 [---] Reading preferences override file
makeproject-1       | added platform: (create_time, name, user_friendly_name) values (1789636321, 'sparc-sun-solaris', 'Solaris 2.8 or later running on a SPARC-compatible CPU')
makeproject-1       | added platform: (create_time, name, user_friendly_name) values (1789636321, 'sparc64-sun-solaris', 'Solaris 2.8 or later running on a SPARC 64-bit CPU')
client-phone-2-1    | 17-Sep-2026 09:13:25 [---] Processor: 1 ARM  [Impl 0x61 Arch 8 Variant 0x0 Part 0x000 Rev 0]
client-cluster-2-1  | 17-Sep-2026 09:13:25 [---] Starting BOINC client version 7.20.5 for aarch64-unknown-linux-gnu
apache-1            | /usr/lib/python2.7/dist-packages/supervisor/options.py:461: UserWarning: Supervisord is running as root and it is searching for its configuration file in default locations (including its current working directory); you probably want to specify a "-c" argument specifying an absolute path to a configuration file for improved security.
apache-1            |   'Supervisord is running as root and it is searching '
apache-1            | 2026-09-17 09:11:41,162 CRIT Supervisor is running as root.  Privileges were not dropped because no user is specified in the config file.  If you intend to run as root, you can set user=root in the config file to avoid this message.
apache-1            | 2026-09-17 09:11:41,162 INFO Included extra file "/etc/supervisor/conf.d/supervisord.conf" during parsing
apache-1            | 2026-09-17 09:11:41,166 INFO RPC interface 'supervisor' initialized
apache-1            | 2026-09-17 09:11:41,166 CRIT Server 'unix_http_server' running without any HTTP authentication checking
apache-1            | 2026-09-17 09:11:41,167 INFO supervisord started with pid 1
apache-1            | 2026-09-17 09:11:42,174 INFO spawned: 'cron' with pid 9
client-desktop-1    | 17-Sep-2026 09:13:25 [---] Starting BOINC client version 7.20.5 for aarch64-unknown-linux-gnu
client-desktop-1    | 17-Sep-2026 09:13:25 [---] This a development version of BOINC and may not function properly
client-desktop-1    | 17-Sep-2026 09:13:25 [---] log flags: file_xfer, sched_ops, task
client-desktop-1    | 17-Sep-2026 09:13:25 [---] Libraries: libcurl/7.88.1 OpenSSL/3.0.20 zlib/1.2.13 brotli/1.0.9 zstd/1.5.4 libidn2/2.3.3 libpsl/0.21.2 (+libidn2/2.3.3) libssh2/1.10.0 nghttp2/1.52.0 librtmp/2.3 OpenLDAP/2.5.13
client-desktop-1    | 17-Sep-2026 09:13:25 [---] Data directory: /var/lib/boinc-client
client-low-power-1  | 17-Sep-2026 09:13:30 [---] Preferences:
client-low-power-1  | 17-Sep-2026 09:13:30 [---]    max memory usage when active: 8929.14 MB
client-low-power-1  | 17-Sep-2026 09:13:30 [---]    max memory usage when idle: 8929.14 MB
client-cluster-2-1  | 17-Sep-2026 09:13:25 [---] This a development version of BOINC and may not function properly
client-cluster-2-1  | 17-Sep-2026 09:13:25 [---] log flags: file_xfer, sched_ops, task
client-cluster-2-1  | 17-Sep-2026 09:13:25 [---] Libraries: libcurl/7.88.1 OpenSSL/3.0.20 zlib/1.2.13 brotli/1.0.9 zstd/1.5.4 libidn2/2.3.3 libpsl/0.21.2 (+libidn2/2.3.3) libssh2/1.10.0 nghttp2/1.52.0 librtmp/2.3 OpenLDAP/2.5.13
client-phone-1      | 17-Sep-2026 09:13:25 [---] Processor features: fp asimd evtstrm aes pmull sha1 sha2 crc32 atomics fphp asimdhp cpuid asimdrdm jscvt fcma lrcpc dcpop sha3 asimddp sha512 asimdfhm dit uscat ilrcpc flagm sb paca pacg dcpodp flagm2 frint i8mm bf16 bti afp
client-phone-1      | 17-Sep-2026 09:13:25 [---] OS: Linux Debian GNU/Linux: Debian GNU/Linux 12 (bookworm) [6.8.0-100-generic|libc 2.36]
client-phone-1      | 17-Sep-2026 09:13:25 [---] Memory: 9.69 GB physical, 0 bytes virtual
mysql-1             | Initializing database
mysql-1             | 
mysql-1             | 
makeproject-1       | added platform: (create_time, name, user_friendly_name) values (1789636321, 'powerpc64-ps3-linux-gnu', 'Sony Playstation 3 running Linux')
makeproject-1       | added platform: (create_time, name, user_friendly_name) values (1789636321, 'arm-android-linux-gnu', 'Android running on ARM armeabi-v7a')
makeproject-1       | added platform: (create_time, name, user_friendly_name) values (1789636321, 'aarch64-android-linux-gnu', 'Android running on ARM 64-bit arm64-v8a')
makeproject-1       | added platform: (create_time, name, user_friendly_name) values (1789636321, 'x86_64-android-linux-gnu', 'Android running on Intel x64 compatible')
client-cluster-1    | 17-Sep-2026 09:13:25 [---] Starting BOINC client version 7.20.5 for aarch64-unknown-linux-gnu
client-cluster-1    | 17-Sep-2026 09:13:25 [---] This a development version of BOINC and may not function properly
client-cluster-1    | 17-Sep-2026 09:13:25 [---] log flags: file_xfer, sched_ops, task
makeproject-1       | added platform: (create_time, name, user_friendly_name) values (1789636321, 'x86-android-linux-gnu', 'Android running on Intel x86 compatible')
makeproject-1       | added platform: (create_time, name, user_friendly_name) values (1789636321, 'arm-unknown-linux-gnueabihf', 'Linux running on ARM, hardware FP')
makeproject-1       | added platform: (create_time, name, user_friendly_name) values (1789636321, 'aarch64-unknown-linux-gnu', 'Linux running on ARM64')
makeproject-1       | added platform: (create_time, name, user_friendly_name) values (1789636321, 'anonymous', 'anonymous')
makeproject-1       | 
client-low-power-1  | 17-Sep-2026 09:13:30 [---]    max disk usage: 2.00 GB
client-cluster-1    | 17-Sep-2026 09:13:25 [---] Libraries: libcurl/7.88.1 OpenSSL/3.0.20 zlib/1.2.13 brotli/1.0.9 zstd/1.5.4 libidn2/2.3.3 libpsl/0.21.2 (+libidn2/2.3.3) libssh2/1.10.0 nghttp2/1.52.0 librtmp/2.3 OpenLDAP/2.5.13
client-cluster-1    | 17-Sep-2026 09:13:25 [---] Data directory: /var/lib/boinc-client
client-cluster-1    | 17-Sep-2026 09:13:25 [---] No usable GPUs found
client-cluster-1    | 17-Sep-2026 09:13:25 [---] Creating new client state file
mysql-1             | PLEASE REMEMBER TO SET A PASSWORD FOR THE MariaDB root USER !
mysql-1             | To do so, start the server, then issue the following commands:
mysql-1             | 
client-cluster-2-1  | 17-Sep-2026 09:13:25 [---] Data directory: /var/lib/boinc-client
client-cluster-2-1  | 17-Sep-2026 09:13:25 [---] No usable GPUs found
client-cluster-2-1  | 17-Sep-2026 09:13:25 [---] Creating new client state file
client-cluster-2-1  | 17-Sep-2026 09:13:25 [---] libc:  version 2.36
client-cluster-2-1  | 17-Sep-2026 09:13:25 [---] Host name: cluster-02
client-cluster-2-1  | 17-Sep-2026 09:13:25 [---] Processor: 4 ARM  [Impl 0x61 Arch 8 Variant 0x0 Part 0x000 Rev 0]
mysql-1             | '/usr/bin/mysqladmin' -u root password 'new-password'
mysql-1             | '/usr/bin/mysqladmin' -u root -h  password 'new-password'
mysql-1             | 
mysql-1             | Alternatively you can run:
mysql-1             | '/usr/bin/mysql_secure_installation'
mysql-1             | 
mysql-1             | which will also give you the option of removing the test
mysql-1             | databases and anonymous user created by default.  This is
mysql-1             | strongly recommended for production servers.
mysql-1             | 
client-phone-1      | 17-Sep-2026 09:13:25 [---] Disk: 18.33 GB total, 15.36 GB free
client-phone-1      | 17-Sep-2026 09:13:25 [---] Local time is UTC +0 hours
client-phone-1      | 17-Sep-2026 09:13:25 [---] Config: GUI RPC allowed from any host
client-cluster-1    | 17-Sep-2026 09:13:25 [---] libc:  version 2.36
client-cluster-1    | 17-Sep-2026 09:13:25 [---] Host name: cluster-01
client-cluster-1    | 17-Sep-2026 09:13:25 [---] Processor: 4 ARM  [Impl 0x61 Arch 8 Variant 0x0 Part 0x000 Rev 0]
client-cluster-1    | 17-Sep-2026 09:13:25 [---] Processor features: fp asimd evtstrm aes pmull sha1 sha2 crc32 atomics fphp asimdhp cpuid asimdrdm jscvt fcma lrcpc dcpop sha3 asimddp sha512 asimdfhm dit uscat ilrcpc flagm sb paca pacg dcpodp flagm2 frint i8mm bf16 bti afp
client-cluster-1    | 17-Sep-2026 09:13:25 [---] OS: Linux Debian GNU/Linux: Debian GNU/Linux 12 (bookworm) [6.8.0-100-generic|libc 2.36]
client-cluster-1    | 17-Sep-2026 09:13:25 [---] Memory: 9.69 GB physical, 0 bytes virtual
client-cluster-1    | 17-Sep-2026 09:13:25 [---] Disk: 18.33 GB total, 15.36 GB free
client-cluster-1    | 17-Sep-2026 09:13:25 [---] Local time is UTC +0 hours
client-low-power-1  | 17-Sep-2026 09:13:30 [---]    don't use GPU while active
client-low-power-1  | 17-Sep-2026 09:13:30 [---]    suspend work if non-BOINC CPU load exceeds 25%
client-phone-2-1    | 17-Sep-2026 09:13:25 [---] Processor features: fp asimd evtstrm aes pmull sha1 sha2 crc32 atomics fphp asimdhp cpuid asimdrdm jscvt fcma lrcpc dcpop sha3 asimddp sha512 asimdfhm dit uscat ilrcpc flagm sb paca pacg dcpodp flagm2 frint i8mm bf16 bti afp
client-phone-2-1    | 17-Sep-2026 09:13:25 [---] OS: Linux Debian GNU/Linux: Debian GNU/Linux 12 (bookworm) [6.8.0-100-generic|libc 2.36]
client-phone-2-1    | 17-Sep-2026 09:13:25 [---] Memory: 9.69 GB physical, 0 bytes virtual
client-phone-2-1    | 17-Sep-2026 09:13:25 [---] Disk: 18.33 GB total, 15.36 GB free
client-phone-2-1    | 17-Sep-2026 09:13:25 [---] Local time is UTC +0 hours
client-phone-2-1    | 17-Sep-2026 09:13:25 [---] Config: GUI RPC allowed from any host
client-phone-2-1    | 17-Sep-2026 09:13:25 [---] Config: simulate 1 CPUs
apache-1            | 2026-09-17 09:11:42,175 INFO spawned: 'start' with pid 10
apache-1            | 2026-09-17 09:11:42,176 INFO spawned: 'rsyslogd' with pid 11
client-desktop-1    | 17-Sep-2026 09:13:25 [---] No usable GPUs found
client-desktop-1    | 17-Sep-2026 09:13:25 [---] Creating new client state file
client-desktop-1    | 17-Sep-2026 09:13:25 [---] libc:  version 2.36
client-desktop-1    | 17-Sep-2026 09:13:25 [---] Host name: desktop-01
client-phone-2-1    | 17-Sep-2026 09:13:25 [---] Config: report completed tasks immediately
client-phone-2-1    | 17-Sep-2026 09:13:25 [---] No general preferences found - using defaults
client-low-power-1  | 17-Sep-2026 09:13:30 [---]    (to change preferences, visit a project web site or select Preferences in the Manager)
client-low-power-1  | 17-Sep-2026 09:13:30 [---] Setting up project and slot directories
client-low-power-1  | dir_open: Could not open directory 'slots' from '/var/lib/boinc-client'.
client-low-power-1  | 17-Sep-2026 09:13:30 [---] Checking active tasks
client-cluster-1    | 17-Sep-2026 09:13:25 [---] Config: GUI RPC allowed from any host
client-cluster-1    | 17-Sep-2026 09:13:25 [---] Config: simulate 4 CPUs
client-cluster-1    | 17-Sep-2026 09:13:25 [---] Config: report completed tasks immediately
client-cluster-1    | 17-Sep-2026 09:13:25 [---] No general preferences found - using defaults
client-cluster-1    | 17-Sep-2026 09:13:25 [---] Reading preferences override file
client-cluster-1    | 17-Sep-2026 09:13:25 [---] Preferences:
client-cluster-1    | 17-Sep-2026 09:13:25 [---]    max memory usage when active: 8929.14 MB
client-cluster-1    | 17-Sep-2026 09:13:25 [---]    max memory usage when idle: 8929.14 MB
client-cluster-1    | 17-Sep-2026 09:13:25 [---]    max disk usage: 2.00 GB
client-cluster-1    | 17-Sep-2026 09:13:25 [---]    don't use GPU while active
client-cluster-1    | 17-Sep-2026 09:13:25 [---]    suspend work if non-BOINC CPU load exceeds 25%
client-cluster-1    | 17-Sep-2026 09:13:25 [---]    (to change preferences, visit a project web site or select Preferences in the Manager)
client-cluster-1    | 17-Sep-2026 09:13:25 [---] Setting up project and slot directories
client-cluster-2-1  | 17-Sep-2026 09:13:25 [---] Processor features: fp asimd evtstrm aes pmull sha1 sha2 crc32 atomics fphp asimdhp cpuid asimdrdm jscvt fcma lrcpc dcpop sha3 asimddp sha512 asimdfhm dit uscat ilrcpc flagm sb paca pacg dcpodp flagm2 frint i8mm bf16 bti afp
client-cluster-2-1  | 17-Sep-2026 09:13:25 [---] OS: Linux Debian GNU/Linux: Debian GNU/Linux 12 (bookworm) [6.8.0-100-generic|libc 2.36]
client-cluster-2-1  | 17-Sep-2026 09:13:25 [---] Memory: 9.69 GB physical, 0 bytes virtual
client-cluster-2-1  | 17-Sep-2026 09:13:25 [---] Disk: 18.33 GB total, 15.36 GB free
client-cluster-2-1  | 17-Sep-2026 09:13:25 [---] Local time is UTC +0 hours
client-cluster-2-1  | 17-Sep-2026 09:13:25 [---] Config: GUI RPC allowed from any host
client-cluster-2-1  | 17-Sep-2026 09:13:25 [---] Config: simulate 4 CPUs
client-cluster-2-1  | 17-Sep-2026 09:13:25 [---] Config: report completed tasks immediately
client-cluster-2-1  | 17-Sep-2026 09:13:25 [---] No general preferences found - using defaults
client-cluster-2-1  | 17-Sep-2026 09:13:25 [---] Reading preferences override file
client-cluster-2-1  | 17-Sep-2026 09:13:25 [---] Preferences:
client-cluster-2-1  | 17-Sep-2026 09:13:25 [---]    max memory usage when active: 8929.14 MB
client-cluster-2-1  | 17-Sep-2026 09:13:25 [---]    max memory usage when idle: 8929.14 MB
client-cluster-2-1  | 17-Sep-2026 09:13:25 [---]    max disk usage: 2.00 GB
client-cluster-1    | 17-Sep-2026 09:13:25 [---] Checking active tasks
client-cluster-1    | 17-Sep-2026 09:13:25 [---] Setting up GUI RPC socket
client-cluster-1    | dir_open: Could not open directory 'slots' from '/var/lib/boinc-client'.
client-cluster-1    | 17-Sep-2026 09:13:25 [---] Checking presence of 0 project files
client-cluster-1    | 17-Sep-2026 09:13:25 [---] This computer is not attached to any projects
client-cluster-1    | 17-Sep-2026 09:13:25 Initialization completed
client-cluster-1    | dir_open: Could not open directory 'projects/boincserver.local_boincserver' from '/var/lib/boinc-client'.
client-cluster-1    | 17-Sep-2026 09:13:26 [---] No general preferences found - using defaults
client-cluster-1    | 17-Sep-2026 09:13:26 [---] Reading preferences override file
mysql-1             | See the MariaDB Knowledgebase at http://mariadb.com/kb or the
mysql-1             | MySQL manual for more instructions.
mysql-1             | 
mysql-1             | Please report any problems at http://mariadb.org/jira
mysql-1             | 
client-phone-1      | 17-Sep-2026 09:13:25 [---] Config: simulate 1 CPUs
client-phone-1      | 17-Sep-2026 09:13:25 [---] Config: report completed tasks immediately
client-cluster-1    | 17-Sep-2026 09:13:26 [---] Preferences:
client-cluster-1    | 17-Sep-2026 09:13:26 [---]    max memory usage when active: 8929.14 MB
client-phone-2-1    | 17-Sep-2026 09:13:25 [---] Reading preferences override file
client-phone-2-1    | 17-Sep-2026 09:13:25 [---] Preferences:
client-phone-2-1    | 17-Sep-2026 09:13:25 [---]    max memory usage when active: 8929.14 MB
client-phone-2-1    | 17-Sep-2026 09:13:25 [---]    max memory usage when idle: 8929.14 MB
client-phone-2-1    | 17-Sep-2026 09:13:25 [---]    max disk usage: 2.00 GB
client-phone-1      | 17-Sep-2026 09:13:25 [---] No general preferences found - using defaults
client-phone-1      | 17-Sep-2026 09:13:25 [---] Reading preferences override file
client-phone-1      | 17-Sep-2026 09:13:25 [---] Preferences:
client-phone-1      | 17-Sep-2026 09:13:25 [---]    max memory usage when active: 8929.14 MB
mysql-1             | The latest information about MariaDB is available at http://mariadb.org/.
mysql-1             | You can find additional information about the MySQL part at:
mysql-1             | http://dev.mysql.com
mysql-1             | Consider joining MariaDB's strong and vibrant community:
mysql-1             | https://mariadb.org/get-involved/
client-cluster-1    | 17-Sep-2026 09:13:26 [---]    max memory usage when idle: 8929.14 MB
client-cluster-1    | 17-Sep-2026 09:13:26 [---]    max disk usage: 2.00 GB
client-phone-1      | 17-Sep-2026 09:13:25 [---]    max memory usage when idle: 8929.14 MB
client-phone-1      | 17-Sep-2026 09:13:25 [---]    max disk usage: 2.00 GB
client-cluster-2-1  | 17-Sep-2026 09:13:25 [---]    don't use GPU while active
client-cluster-2-1  | 17-Sep-2026 09:13:25 [---]    suspend work if non-BOINC CPU load exceeds 25%
client-desktop-1    | 17-Sep-2026 09:13:25 [---] Processor: 2 ARM  [Impl 0x61 Arch 8 Variant 0x0 Part 0x000 Rev 0]
client-desktop-1    | 17-Sep-2026 09:13:25 [---] Processor features: fp asimd evtstrm aes pmull sha1 sha2 crc32 atomics fphp asimdhp cpuid asimdrdm jscvt fcma lrcpc dcpop sha3 asimddp sha512 asimdfhm dit uscat ilrcpc flagm sb paca pacg dcpodp flagm2 frint i8mm bf16 bti afp
client-desktop-1    | 17-Sep-2026 09:13:25 [---] OS: Linux Debian GNU/Linux: Debian GNU/Linux 12 (bookworm) [6.8.0-100-generic|libc 2.36]
client-desktop-1    | 17-Sep-2026 09:13:25 [---] Memory: 9.69 GB physical, 0 bytes virtual
client-desktop-1    | 17-Sep-2026 09:13:25 [---] Disk: 18.33 GB total, 15.36 GB free
client-desktop-1    | 17-Sep-2026 09:13:25 [---] Local time is UTC +0 hours
client-desktop-1    | 17-Sep-2026 09:13:25 [---] Config: GUI RPC allowed from any host
client-desktop-1    | 17-Sep-2026 09:13:25 [---] Config: simulate 2 CPUs
client-desktop-1    | 17-Sep-2026 09:13:25 [---] Config: report completed tasks immediately
client-desktop-1    | 17-Sep-2026 09:13:25 [---] No general preferences found - using defaults
apache-1            | 2026-09-17 09:11:42,178 INFO spawned: 'apache2' with pid 12
apache-1            | 2026-09-17 09:11:44,154 INFO success: cron entered RUNNING state, process has stayed up for > than 1 seconds (startsecs)
apache-1            | 2026-09-17 09:11:44,155 INFO success: start entered RUNNING state, process has stayed up for > than 1 seconds (startsecs)
apache-1            | 2026-09-17 09:11:44,155 INFO success: rsyslogd entered RUNNING state, process has stayed up for > than 1 seconds (startsecs)
apache-1            | 2026-09-17 09:11:44,155 INFO success: apache2 entered RUNNING state, process has stayed up for > than 1 seconds (startsecs)
apache-1            | 2026-09-17 09:12:12,712 INFO reaped unknown pid 79
apache-1            | 2026-09-17 09:12:12,712 INFO reaped unknown pid 81
apache-1            | 2026-09-17 09:12:12,712 INFO reaped unknown pid 83
apache-1            | 2026-09-17 09:12:18,468 INFO reaped unknown pid 82
apache-1            | 2026-09-17 09:12:18,468 INFO reaped unknown pid 84
client-phone-2-1    | 17-Sep-2026 09:13:25 [---]    don't use GPU while active
client-phone-2-1    | 17-Sep-2026 09:13:25 [---]    suspend work if non-BOINC CPU load exceeds 25%
client-phone-2-1    | 17-Sep-2026 09:13:25 [---]    (to change preferences, visit a project web site or select Preferences in the Manager)
client-desktop-1    | 17-Sep-2026 09:13:25 [---] Reading preferences override file
client-desktop-1    | 17-Sep-2026 09:13:25 [---] Preferences:
client-desktop-1    | 17-Sep-2026 09:13:25 [---]    max memory usage when active: 8929.14 MB
client-phone-1      | 17-Sep-2026 09:13:25 [---]    don't use GPU while active
client-phone-1      | 17-Sep-2026 09:13:25 [---]    suspend work if non-BOINC CPU load exceeds 25%
client-phone-1      | 17-Sep-2026 09:13:25 [---]    (to change preferences, visit a project web site or select Preferences in the Manager)
client-phone-1      | 17-Sep-2026 09:13:25 [---] Setting up project and slot directories
client-phone-1      | 17-Sep-2026 09:13:25 [---] Checking active tasks
client-phone-1      | 17-Sep-2026 09:13:25 [---] Setting up GUI RPC socket
client-phone-1      | dir_open: Could not open directory 'slots' from '/var/lib/boinc-client'.
client-phone-1      | 17-Sep-2026 09:13:25 [---] Checking presence of 0 project files
client-phone-1      | 17-Sep-2026 09:13:25 [---] This computer is not attached to any projects
client-phone-1      | 17-Sep-2026 09:13:25 Initialization completed
client-phone-1      | dir_open: Could not open directory 'projects/boincserver.local_boincserver' from '/var/lib/boinc-client'.
mysql-1             | 
mysql-1             | Database initialized
client-cluster-1    | 17-Sep-2026 09:13:26 [---]    don't use GPU while active
client-cluster-1    | 17-Sep-2026 09:13:26 [---]    suspend work if non-BOINC CPU load exceeds 25%
apache-1            | 2026-09-17 09:12:18,470 INFO reaped unknown pid 80
apache-1            | 2026-09-17 09:12:26,664 INFO reaped unknown pid 168
apache-1            | 2026-09-17 09:12:26,664 INFO reaped unknown pid 170
apache-1            | 2026-09-17 09:12:26,664 INFO reaped unknown pid 172
apache-1            | 2026-09-17 09:12:26,664 INFO reaped unknown pid 174
mysql-1             | MySQL init process in progress...
mysql-1             | 2026-09-17  9:11:42 0 [Note] mysqld (mysqld 10.3.8-MariaDB-1:10.3.8+maria~bionic) starting as process 104 ...
client-cluster-1    | 17-Sep-2026 09:13:26 [---]    (to change preferences, visit a project web site or select Preferences in the Manager)
client-cluster-1    | 17-Sep-2026 09:13:30 [http://boincserver.local/boincserver/] Fetching scheduler list
client-cluster-1    | 17-Sep-2026 09:13:33 [http://boincserver.local/boincserver/] Master file download succeeded
client-cluster-1    | 17-Sep-2026 09:13:38 [http://boincserver.local/boincserver/] Sending scheduler request: Project initialization.
client-cluster-1    | 17-Sep-2026 09:13:38 [http://boincserver.local/boincserver/] Requesting new tasks for CPU
client-cluster-1    | 17-Sep-2026 09:13:44 [boincserver] Scheduler request completed: got 1 new tasks
client-cluster-1    | 17-Sep-2026 09:13:44 [boincserver] Project requested delay of 7 seconds
client-cluster-1    | 17-Sep-2026 09:13:46 [boincserver] Started download of hybrid_synthetic_1.0_aarch64-unknown-linux-gnu
client-cluster-1    | 17-Sep-2026 09:13:46 [boincserver] Started download of hybrid_synthetic_input.txt
client-cluster-1    | 17-Sep-2026 09:13:48 [boincserver] Finished download of hybrid_synthetic_1.0_aarch64-unknown-linux-gnu
client-cluster-1    | 17-Sep-2026 09:13:48 [boincserver] Finished download of hybrid_synthetic_input.txt
client-cluster-1    | 17-Sep-2026 09:13:48 [boincserver] Starting task exp_20260917T084802Z_hybrid_long_2_0
client-cluster-1    | 17-Sep-2026 09:13:54 [boincserver] Sending scheduler request: To fetch work.
client-cluster-1    | 17-Sep-2026 09:13:54 [boincserver] Requesting new tasks for CPU
client-cluster-1    | 17-Sep-2026 09:14:01 [boincserver] Scheduler request completed: got 4 new tasks
client-cluster-1    | 17-Sep-2026 09:14:01 [boincserver] Project requested delay of 7 seconds
client-cluster-1    | 17-Sep-2026 09:14:03 [boincserver] Starting task exp_20260917T084802Z_hybrid_medium_7_0
client-low-power-1  | 17-Sep-2026 09:13:30 [---] Setting up GUI RPC socket
client-low-power-1  | 17-Sep-2026 09:13:30 [---] Checking presence of 0 project files
client-low-power-1  | 17-Sep-2026 09:13:30 [---] This computer is not attached to any projects
client-low-power-1  | 17-Sep-2026 09:13:30 Initialization completed
client-low-power-1  | dir_open: Could not open directory 'projects/boincserver.local_boincserver' from '/var/lib/boinc-client'.
client-low-power-1  | 17-Sep-2026 09:13:31 [---] No general preferences found - using defaults
client-low-power-1  | 17-Sep-2026 09:13:31 [---] Reading preferences override file
client-low-power-1  | 17-Sep-2026 09:13:31 [---] Preferences:
client-low-power-1  | 17-Sep-2026 09:13:31 [---]    max memory usage when active: 8929.14 MB
client-low-power-1  | 17-Sep-2026 09:13:31 [---]    max memory usage when idle: 8929.14 MB
client-desktop-1    | 17-Sep-2026 09:13:25 [---]    max memory usage when idle: 8929.14 MB
client-desktop-1    | dir_open: Could not open directory 'slots' from '/var/lib/boinc-client'.
client-phone-1      | 17-Sep-2026 09:13:26 [---] No general preferences found - using defaults
client-phone-1      | 17-Sep-2026 09:13:26 [---] Reading preferences override file
client-phone-1      | 17-Sep-2026 09:13:26 [---] Preferences:
client-phone-1      | 17-Sep-2026 09:13:26 [---]    max memory usage when active: 8929.14 MB
client-phone-1      | 17-Sep-2026 09:13:26 [---]    max memory usage when idle: 8929.14 MB
client-phone-1      | 17-Sep-2026 09:13:26 [---]    max disk usage: 2.00 GB
client-phone-1      | 17-Sep-2026 09:13:26 [---]    don't use GPU while active
client-desktop-1    | 17-Sep-2026 09:13:25 [---]    max disk usage: 2.00 GB
client-desktop-1    | 17-Sep-2026 09:13:25 [---]    don't use GPU while active
client-desktop-1    | 17-Sep-2026 09:13:25 [---]    suspend work if non-BOINC CPU load exceeds 25%
client-desktop-1    | 17-Sep-2026 09:13:25 [---]    (to change preferences, visit a project web site or select Preferences in the Manager)
apache-1            | 2026-09-17 09:12:26,664 INFO reaped unknown pid 176
apache-1            | 2026-09-17 09:15:01,215 INFO reaped unknown pid 432
apache-1            | 2026-09-17 09:15:01,316 INFO reaped unknown pid 434
apache-1            | 2026-09-17 09:15:01,417 INFO reaped unknown pid 436
apache-1            | 2026-09-17 09:15:01,521 INFO reaped unknown pid 438
client-phone-2-1    | 17-Sep-2026 09:13:25 [---] Setting up project and slot directories
client-phone-2-1    | 17-Sep-2026 09:13:25 [---] Checking active tasks
client-phone-2-1    | 17-Sep-2026 09:13:25 [---] Setting up GUI RPC socket
client-low-power-1  | 17-Sep-2026 09:13:31 [---]    max disk usage: 2.00 GB
client-low-power-1  | 17-Sep-2026 09:13:31 [---]    don't use GPU while active
client-low-power-1  | 17-Sep-2026 09:13:31 [---]    suspend work if non-BOINC CPU load exceeds 25%
client-low-power-1  | 17-Sep-2026 09:13:31 [---]    (to change preferences, visit a project web site or select Preferences in the Manager)
client-low-power-1  | 17-Sep-2026 09:13:36 [http://boincserver.local/boincserver/] Fetching scheduler list
client-low-power-1  | 17-Sep-2026 09:13:38 [http://boincserver.local/boincserver/] Master file download succeeded
client-cluster-1    | 17-Sep-2026 09:14:03 [boincserver] Starting task exp_20260917T084802Z_hybrid_long_5_0
client-cluster-1    | 17-Sep-2026 09:14:03 [boincserver] Starting task exp_20260917T084802Z_hybrid_long_3_0
client-cluster-1    | 17-Sep-2026 09:14:11 [boincserver] Sending scheduler request: To fetch work.
client-cluster-1    | 17-Sep-2026 09:14:11 [boincserver] Requesting new tasks for CPU
client-cluster-1    | 17-Sep-2026 09:14:13 [boincserver] Scheduler request completed: got 3 new tasks
client-cluster-1    | 17-Sep-2026 09:14:13 [boincserver] Project requested delay of 7 seconds
client-cluster-1    | 17-Sep-2026 09:14:27 [boincserver] Sending scheduler request: To fetch work.
client-cluster-1    | 17-Sep-2026 09:14:27 [boincserver] Requesting new tasks for CPU
client-cluster-1    | 17-Sep-2026 09:14:29 [boincserver] Scheduler request completed: got 0 new tasks
client-cluster-1    | 17-Sep-2026 09:14:29 [boincserver] No tasks sent
client-cluster-1    | 17-Sep-2026 09:14:29 [boincserver] This computer has reached a limit on tasks in progress
client-phone-2-1    | 17-Sep-2026 09:13:25 [---] Checking presence of 0 project files
client-phone-2-1    | 17-Sep-2026 09:13:25 [---] This computer is not attached to any projects
client-desktop-1    | 17-Sep-2026 09:13:25 [---] Setting up project and slot directories
client-desktop-1    | 17-Sep-2026 09:13:25 [---] Checking active tasks
client-desktop-1    | 17-Sep-2026 09:13:25 [---] Setting up GUI RPC socket
client-desktop-1    | 17-Sep-2026 09:13:25 [---] Checking presence of 0 project files
client-desktop-1    | 17-Sep-2026 09:13:25 [---] This computer is not attached to any projects
client-desktop-1    | 17-Sep-2026 09:13:25 Initialization completed
client-desktop-1    | dir_open: Could not open directory 'projects/boincserver.local_boincserver' from '/var/lib/boinc-client'.
client-desktop-1    | 17-Sep-2026 09:13:26 [---] No general preferences found - using defaults
client-desktop-1    | 17-Sep-2026 09:13:26 [---] Reading preferences override file
client-desktop-1    | 17-Sep-2026 09:13:26 [---] Preferences:
client-desktop-1    | 17-Sep-2026 09:13:26 [---]    max memory usage when active: 8929.14 MB
client-desktop-1    | 17-Sep-2026 09:13:26 [---]    max memory usage when idle: 8929.14 MB
mysql-1             | 2026-09-17  9:11:42 0 [Note] InnoDB: Using Linux native AIO
mysql-1             | 2026-09-17  9:11:42 0 [Note] InnoDB: Mutexes and rw_locks use GCC atomic builtins
mysql-1             | 2026-09-17  9:11:42 0 [Note] InnoDB: Uses event mutexes
mysql-1             | 2026-09-17  9:11:42 0 [Note] InnoDB: Compressed tables use zlib 1.2.11
mysql-1             | 2026-09-17  9:11:42 0 [Note] InnoDB: Number of pools: 1
mysql-1             | 2026-09-17  9:11:42 0 [Note] InnoDB: Using generic crc32 instructions
client-cluster-1    | 17-Sep-2026 09:14:29 [boincserver] Project requested delay of 7 seconds
client-cluster-1    | 17-Sep-2026 09:14:36 [boincserver] Computation for task exp_20260917T084802Z_hybrid_medium_7_0 finished
client-cluster-1    | 17-Sep-2026 09:14:36 [boincserver] Starting task exp_20260917T084802Z_hybrid_medium_5_0
client-cluster-1    | 17-Sep-2026 09:14:38 [boincserver] Started upload of exp_20260917T084802Z_hybrid_medium_7_0_r11805363_0
client-cluster-1    | 17-Sep-2026 09:14:40 [boincserver] Finished upload of exp_20260917T084802Z_hybrid_medium_7_0_r11805363_0
apache-1            | 2026-09-17 09:15:01,621 INFO reaped unknown pid 440
apache-1            | 2026-09-17 09:15:02,630 INFO reaped unknown pid 431
apache-1            | 2026-09-17 09:15:02,630 INFO reaped unknown pid 433
apache-1            | 2026-09-17 09:15:02,630 INFO reaped unknown pid 435
apache-1            | 2026-09-17 09:15:02,630 INFO reaped unknown pid 437
apache-1            | 2026-09-17 09:15:02,630 INFO reaped unknown pid 439
apache-1            | 2026-09-17 09:15:02,630 INFO reaped unknown pid 442
apache-1            | 2026-09-17 09:15:02,630 INFO reaped unknown pid 448
apache-1            | 2026-09-17 09:15:02,630 INFO reaped unknown pid 451
apache-1            | 2026-09-17 09:15:02,630 INFO reaped unknown pid 453
apache-1            | 2026-09-17 09:15:02,630 INFO reaped unknown pid 457
apache-1            | 2026-09-17 09:15:02,630 INFO reaped unknown pid 460
apache-1            | 2026-09-17 09:15:06,728 INFO reaped unknown pid 441
apache-1            | 2026-09-17 09:15:06,951 INFO reaped unknown pid 446
apache-1            | 2026-09-17 09:15:07,159 INFO reaped unknown pid 449
mysql-1             | 2026-09-17  9:11:42 0 [Note] InnoDB: Initializing buffer pool, total size = 256M, instances = 1, chunk size = 128M
mysql-1             | 2026-09-17  9:11:42 0 [Note] InnoDB: Completed initialization of buffer pool
mysql-1             | 2026-09-17  9:11:42 0 [Note] InnoDB: If the mysqld execution user is authorized, page cleaner thread priority can be changed. See the man page of setpriority().
client-desktop-1    | 17-Sep-2026 09:13:26 [---]    max disk usage: 2.00 GB
client-desktop-1    | 17-Sep-2026 09:13:26 [---]    don't use GPU while active
client-desktop-1    | 17-Sep-2026 09:13:26 [---]    suspend work if non-BOINC CPU load exceeds 25%
client-desktop-1    | 17-Sep-2026 09:13:26 [---]    (to change preferences, visit a project web site or select Preferences in the Manager)
client-desktop-1    | 17-Sep-2026 09:13:30 [http://boincserver.local/boincserver/] Fetching scheduler list
client-desktop-1    | 17-Sep-2026 09:13:32 [http://boincserver.local/boincserver/] Master file download succeeded
client-desktop-1    | 17-Sep-2026 09:13:38 [http://boincserver.local/boincserver/] Sending scheduler request: Project initialization.
client-desktop-1    | 17-Sep-2026 09:13:38 [http://boincserver.local/boincserver/] Requesting new tasks for CPU
client-desktop-1    | 17-Sep-2026 09:13:40 [boincserver] Scheduler request completed: got 1 new tasks
client-desktop-1    | 17-Sep-2026 09:13:40 [boincserver] Project requested delay of 7 seconds
mysql-1             | 2026-09-17  9:11:42 0 [Note] InnoDB: 128 out of 128 rollback segments are active.
mysql-1             | 2026-09-17  9:11:42 0 [Note] InnoDB: Creating shared tablespace for temporary tables
mysql-1             | 2026-09-17  9:11:42 0 [Note] InnoDB: Setting file './ibtmp1' size to 12 MB. Physically writing the file full; Please wait ...
mysql-1             | 2026-09-17  9:11:42 0 [Note] InnoDB: File './ibtmp1' size is now 12 MB.
mysql-1             | 2026-09-17  9:11:42 0 [Note] InnoDB: Waiting for purge to start
mysql-1             | 2026-09-17  9:11:43 0 [Note] InnoDB: 10.3.8 started; log sequence number 1630815; transaction id 21
mysql-1             | 2026-09-17  9:11:43 0 [Note] InnoDB: Loading buffer pool(s) from /var/lib/mysql/ib_buffer_pool
mysql-1             | 2026-09-17  9:11:43 0 [Note] Plugin 'FEEDBACK' is disabled.
mysql-1             | 2026-09-17  9:11:43 0 [Note] InnoDB: Buffer pool(s) load completed at 260917  9:11:43
mysql-1             | 2026-09-17  9:11:43 0 [Warning] 'user' entry 'root@6c17b7c27737' ignored in --skip-name-resolve mode.
mysql-1             | 2026-09-17  9:11:43 0 [Warning] 'user' entry '@6c17b7c27737' ignored in --skip-name-resolve mode.
mysql-1             | 2026-09-17  9:11:43 0 [Warning] 'proxies_priv' entry '@% root@6c17b7c27737' ignored in --skip-name-resolve mode.
mysql-1             | 2026-09-17  9:11:43 0 [Note] Reading of all Master_info entries succeded
mysql-1             | 2026-09-17  9:11:43 0 [Note] Added new Master_info '' to hash table
mysql-1             | 2026-09-17  9:11:43 0 [Note] mysqld: ready for connections.
mysql-1             | Version: '10.3.8-MariaDB-1:10.3.8+maria~bionic'  socket: '/var/run/mysqld/mysqld.sock'  port: 0  mariadb.org binary distribution
mysql-1             | Warning: Unable to load '/usr/share/zoneinfo/leap-seconds.list' as time zone. Skipping it.
client-phone-1      | 17-Sep-2026 09:13:26 [---]    suspend work if non-BOINC CPU load exceeds 25%
client-phone-1      | 17-Sep-2026 09:13:26 [---]    (to change preferences, visit a project web site or select Preferences in the Manager)
client-phone-1      | 17-Sep-2026 09:13:30 [http://boincserver.local/boincserver/] Fetching scheduler list
client-phone-1      | 17-Sep-2026 09:13:32 [http://boincserver.local/boincserver/] Master file download succeeded
client-phone-1      | 17-Sep-2026 09:13:38 [http://boincserver.local/boincserver/] Sending scheduler request: Project initialization.
client-phone-1      | 17-Sep-2026 09:13:38 [http://boincserver.local/boincserver/] Requesting new tasks for CPU
client-phone-2-1    | 17-Sep-2026 09:13:25 Initialization completed
client-phone-2-1    | dir_open: Could not open directory 'slots' from '/var/lib/boinc-client'.
client-phone-2-1    | dir_open: Could not open directory 'projects/boincserver.local_boincserver' from '/var/lib/boinc-client'.
client-phone-2-1    | 17-Sep-2026 09:13:26 [---] No general preferences found - using defaults
client-phone-2-1    | 17-Sep-2026 09:13:26 [---] Reading preferences override file
client-phone-2-1    | 17-Sep-2026 09:13:26 [---] Preferences:
client-phone-2-1    | 17-Sep-2026 09:13:26 [---]    max memory usage when active: 8929.14 MB
client-phone-2-1    | 17-Sep-2026 09:13:26 [---]    max memory usage when idle: 8929.14 MB
client-low-power-1  | 17-Sep-2026 09:13:43 [http://boincserver.local/boincserver/] Sending scheduler request: Project initialization.
client-low-power-1  | 17-Sep-2026 09:13:43 [http://boincserver.local/boincserver/] Requesting new tasks for CPU
client-low-power-1  | 17-Sep-2026 09:13:45 [boincserver] Scheduler request completed: got 1 new tasks
mysql-1             | 2026-09-17  9:11:44 10 [Warning] 'proxies_priv' entry '@% root@6c17b7c27737' ignored in --skip-name-resolve mode.
mysql-1             | 
mysql-1             | 2026-09-17  9:11:44 0 [Note] mysqld (initiated by: unknown): Normal shutdown
mysql-1             | 2026-09-17  9:11:44 0 [Note] Event Scheduler: Purging the queue. 0 events
mysql-1             | 2026-09-17  9:11:44 0 [Note] InnoDB: FTS optimize thread exiting.
mysql-1             | 2026-09-17  9:11:44 0 [Note] InnoDB: Starting shutdown...
client-low-power-1  | 17-Sep-2026 09:13:45 [boincserver] Project requested delay of 7 seconds
client-low-power-1  | 17-Sep-2026 09:13:47 [boincserver] Started download of hybrid_synthetic_1.0_aarch64-unknown-linux-gnu
client-low-power-1  | 17-Sep-2026 09:13:47 [boincserver] Started download of hybrid_synthetic_input.txt
client-low-power-1  | 17-Sep-2026 09:13:49 [boincserver] Finished download of hybrid_synthetic_1.0_aarch64-unknown-linux-gnu
client-low-power-1  | 17-Sep-2026 09:13:49 [boincserver] Finished download of hybrid_synthetic_input.txt
client-low-power-1  | 17-Sep-2026 09:13:49 [boincserver] Starting task exp_20260917T084802Z_hybrid_medium_2_0
client-low-power-1  | 17-Sep-2026 09:13:55 [boincserver] Sending scheduler request: To fetch work.
client-low-power-1  | 17-Sep-2026 09:13:55 [boincserver] Requesting new tasks for CPU
client-low-power-1  | 17-Sep-2026 09:14:02 [boincserver] Scheduler request completed: got 1 new tasks
client-phone-2-1    | 17-Sep-2026 09:13:26 [---]    max disk usage: 2.00 GB
client-phone-2-1    | 17-Sep-2026 09:13:26 [---]    don't use GPU while active
client-phone-2-1    | 17-Sep-2026 09:13:26 [---]    suspend work if non-BOINC CPU load exceeds 25%
client-phone-2-1    | 17-Sep-2026 09:13:26 [---]    (to change preferences, visit a project web site or select Preferences in the Manager)
client-phone-2-1    | 17-Sep-2026 09:13:30 [http://boincserver.local/boincserver/] Fetching scheduler list
client-phone-2-1    | 17-Sep-2026 09:13:32 [http://boincserver.local/boincserver/] Master file download succeeded
client-phone-2-1    | 17-Sep-2026 09:13:37 [http://boincserver.local/boincserver/] Sending scheduler request: Project initialization.
client-cluster-2-1  | 17-Sep-2026 09:13:25 [---]    (to change preferences, visit a project web site or select Preferences in the Manager)
client-cluster-2-1  | 17-Sep-2026 09:13:25 [---] Setting up project and slot directories
client-cluster-2-1  | 17-Sep-2026 09:13:25 [---] Checking active tasks
client-phone-1      | 17-Sep-2026 09:13:45 [boincserver] Scheduler request completed: got 1 new tasks
client-phone-1      | 17-Sep-2026 09:13:45 [boincserver] Project requested delay of 7 seconds
client-phone-1      | 17-Sep-2026 09:13:47 [boincserver] Started download of hybrid_synthetic_1.0_aarch64-unknown-linux-gnu
client-low-power-1  | 17-Sep-2026 09:14:02 [boincserver] Project requested delay of 7 seconds
client-low-power-1  | 17-Sep-2026 09:14:12 [boincserver] Sending scheduler request: To fetch work.
client-low-power-1  | 17-Sep-2026 09:14:12 [boincserver] Requesting new tasks for CPU
client-low-power-1  | 17-Sep-2026 09:14:14 [boincserver] Scheduler request completed: got 0 new tasks
mysql-1             | 2026-09-17  9:11:44 0 [Note] InnoDB: Dumping buffer pool(s) to /var/lib/mysql/ib_buffer_pool
mysql-1             | 2026-09-17  9:11:44 0 [Note] InnoDB: Buffer pool(s) dump completed at 260917  9:11:44
mysql-1             | 2026-09-17  9:11:45 0 [Note] InnoDB: Shutdown completed; log sequence number 1630824; transaction id 24
mysql-1             | 2026-09-17  9:11:45 0 [Note] InnoDB: Removed temporary tablespace data file: "ibtmp1"
mysql-1             | 2026-09-17  9:11:45 0 [Note] mysqld: Shutdown complete
mysql-1             | 
client-cluster-2-1  | 17-Sep-2026 09:13:25 [---] Setting up GUI RPC socket
client-cluster-2-1  | 17-Sep-2026 09:13:25 [---] Checking presence of 0 project files
client-cluster-1    | 17-Sep-2026 09:14:44 [boincserver] Sending scheduler request: To report completed tasks.
client-cluster-1    | 17-Sep-2026 09:14:44 [boincserver] Reporting 1 completed tasks
client-cluster-1    | 17-Sep-2026 09:14:44 [boincserver] Requesting new tasks for CPU
client-cluster-1    | 17-Sep-2026 09:14:46 [boincserver] Scheduler request completed: got 0 new tasks
client-cluster-1    | 17-Sep-2026 09:14:46 [boincserver] Project has no tasks available
client-cluster-1    | 17-Sep-2026 09:14:46 [boincserver] Project requested delay of 7 seconds
client-cluster-1    | 17-Sep-2026 09:14:56 [boincserver] Sending scheduler request: To fetch work.
client-cluster-1    | 17-Sep-2026 09:14:56 [boincserver] Requesting new tasks for CPU
client-phone-2-1    | 17-Sep-2026 09:13:37 [http://boincserver.local/boincserver/] Requesting new tasks for CPU
client-phone-2-1    | 17-Sep-2026 09:13:45 [boincserver] Scheduler request completed: got 1 new tasks
mysql-1             | 
mysql-1             | MySQL init process done. Ready for start up.
client-cluster-2-1  | 17-Sep-2026 09:13:25 [---] This computer is not attached to any projects
client-cluster-2-1  | 17-Sep-2026 09:13:25 Initialization completed
client-cluster-2-1  | dir_open: Could not open directory 'slots' from '/var/lib/boinc-client'.
client-cluster-2-1  | dir_open: Could not open directory 'projects/boincserver.local_boincserver' from '/var/lib/boinc-client'.
client-cluster-2-1  | 17-Sep-2026 09:13:26 [---] No general preferences found - using defaults
client-phone-1      | 17-Sep-2026 09:13:47 [boincserver] Started download of hybrid_synthetic_input.txt
client-phone-1      | 17-Sep-2026 09:13:49 [boincserver] Finished download of hybrid_synthetic_1.0_aarch64-unknown-linux-gnu
client-phone-1      | 17-Sep-2026 09:13:49 [boincserver] Finished download of hybrid_synthetic_input.txt
client-phone-1      | 17-Sep-2026 09:13:49 [boincserver] Elapsed time limit 50.000000 < 120.000000; setting to 43200.000000
client-cluster-2-1  | 17-Sep-2026 09:13:26 [---] Reading preferences override file
client-cluster-2-1  | 17-Sep-2026 09:13:26 [---] Preferences:
client-phone-2-1    | 17-Sep-2026 09:13:45 [boincserver] Project requested delay of 7 seconds
client-phone-2-1    | 17-Sep-2026 09:13:47 [boincserver] Started download of hybrid_synthetic_1.0_aarch64-unknown-linux-gnu
client-cluster-1    | 17-Sep-2026 09:14:58 [boincserver] Scheduler request completed: got 0 new tasks
client-cluster-1    | 17-Sep-2026 09:14:58 [boincserver] Project has no tasks available
client-cluster-1    | 17-Sep-2026 09:14:58 [boincserver] Project requested delay of 7 seconds
client-cluster-1    | 17-Sep-2026 09:15:09 [boincserver] Computation for task exp_20260917T084802Z_hybrid_medium_5_0 finished
client-cluster-1    | 17-Sep-2026 09:15:09 [boincserver] Starting task exp_20260917T084802Z_hybrid_medium_11_0
client-cluster-1    | 17-Sep-2026 09:15:11 [boincserver] Started upload of exp_20260917T084802Z_hybrid_medium_5_0_r1622259862_0
client-cluster-1    | 17-Sep-2026 09:15:18 [boincserver] Finished upload of exp_20260917T084802Z_hybrid_medium_5_0_r1622259862_0
client-cluster-1    | 17-Sep-2026 09:15:18 [boincserver] Sending scheduler request: To report completed tasks.
client-cluster-1    | 17-Sep-2026 09:15:18 [boincserver] Reporting 1 completed tasks
client-cluster-1    | 17-Sep-2026 09:15:18 [boincserver] Requesting new tasks for CPU
client-cluster-1    | 17-Sep-2026 09:15:20 [boincserver] Scheduler request completed: got 0 new tasks
mysql-1             | 
mysql-1             | 2026-09-17  9:11:45 0 [Note] mysqld (mysqld 10.3.8-MariaDB-1:10.3.8+maria~bionic) starting as process 1 ...
client-phone-1      | 17-Sep-2026 09:13:49 [boincserver] Starting task exp_20260917T084802Z_hybrid_short_3_0
client-phone-1      | 17-Sep-2026 09:13:55 [boincserver] Sending scheduler request: To fetch work.
client-cluster-1    | 17-Sep-2026 09:15:20 [boincserver] Project has no tasks available
client-cluster-1    | 17-Sep-2026 09:15:20 [boincserver] Project requested delay of 7 seconds
client-cluster-1    | 17-Sep-2026 09:15:30 [boincserver] Sending scheduler request: To fetch work.
client-cluster-1    | 17-Sep-2026 09:15:30 [boincserver] Requesting new tasks for CPU
client-cluster-1    | 17-Sep-2026 09:15:32 [boincserver] Scheduler request completed: got 0 new tasks
client-cluster-1    | 17-Sep-2026 09:15:32 [boincserver] Project has no tasks available
client-cluster-1    | 17-Sep-2026 09:15:32 [boincserver] Project requested delay of 7 seconds
client-cluster-1    | 17-Sep-2026 09:15:42 [boincserver] Computation for task exp_20260917T084802Z_hybrid_medium_11_0 finished
client-cluster-1    | 17-Sep-2026 09:15:42 [boincserver] Elapsed time limit 50.000000 < 120.000000; setting to 43200.000000
client-cluster-1    | 17-Sep-2026 09:15:42 [boincserver] Starting task exp_20260917T084802Z_hybrid_short_5_0
client-cluster-1    | 17-Sep-2026 09:15:44 [boincserver] Started upload of exp_20260917T084802Z_hybrid_medium_11_0_r1703823404_0
client-cluster-1    | 17-Sep-2026 09:15:46 [boincserver] Finished upload of exp_20260917T084802Z_hybrid_medium_11_0_r1703823404_0
client-cluster-1    | 17-Sep-2026 09:15:47 [boincserver] Sending scheduler request: To report completed tasks.
client-cluster-1    | 17-Sep-2026 09:15:47 [boincserver] Reporting 1 completed tasks
client-cluster-1    | 17-Sep-2026 09:15:47 [boincserver] Requesting new tasks for CPU
client-cluster-1    | 17-Sep-2026 09:15:49 [boincserver] Scheduler request completed: got 0 new tasks
client-cluster-1    | 17-Sep-2026 09:15:49 [boincserver] Project has no tasks available
client-cluster-1    | 17-Sep-2026 09:15:49 [boincserver] Project requested delay of 7 seconds
client-cluster-1    | 17-Sep-2026 09:15:50 [boincserver] Computation for task exp_20260917T084802Z_hybrid_long_2_0 finished
client-cluster-1    | 17-Sep-2026 09:15:50 [boincserver] Elapsed time limit 50.000000 < 120.000000; setting to 43200.000000
client-cluster-1    | 17-Sep-2026 09:15:50 [boincserver] Starting task exp_20260917T084802Z_hybrid_short_8_0
client-cluster-1    | 17-Sep-2026 09:15:51 [boincserver] Computation for task exp_20260917T084802Z_hybrid_short_5_0 finished
client-cluster-2-1  | 17-Sep-2026 09:13:26 [---]    max memory usage when active: 8929.14 MB
client-cluster-2-1  | 17-Sep-2026 09:13:26 [---]    max memory usage when idle: 8929.14 MB
client-cluster-2-1  | 17-Sep-2026 09:13:26 [---]    max disk usage: 2.00 GB
client-cluster-2-1  | 17-Sep-2026 09:13:26 [---]    don't use GPU while active
client-cluster-2-1  | 17-Sep-2026 09:13:26 [---]    suspend work if non-BOINC CPU load exceeds 25%
client-cluster-2-1  | 17-Sep-2026 09:13:26 [---]    (to change preferences, visit a project web site or select Preferences in the Manager)
client-cluster-2-1  | 17-Sep-2026 09:13:30 [http://boincserver.local/boincserver/] Fetching scheduler list
client-cluster-2-1  | 17-Sep-2026 09:13:32 [http://boincserver.local/boincserver/] Master file download succeeded
client-cluster-2-1  | 17-Sep-2026 09:13:38 [http://boincserver.local/boincserver/] Sending scheduler request: Project initialization.
client-cluster-2-1  | 17-Sep-2026 09:13:38 [http://boincserver.local/boincserver/] Requesting new tasks for CPU
client-cluster-2-1  | 17-Sep-2026 09:13:44 [boincserver] Scheduler request completed: got 1 new tasks
client-cluster-2-1  | 17-Sep-2026 09:13:44 [boincserver] Project requested delay of 7 seconds
client-cluster-2-1  | 17-Sep-2026 09:13:46 [boincserver] Started download of hybrid_synthetic_1.0_aarch64-unknown-linux-gnu
mysql-1             | 2026-09-17  9:11:45 0 [Note] InnoDB: Using Linux native AIO
mysql-1             | 2026-09-17  9:11:45 0 [Note] InnoDB: Mutexes and rw_locks use GCC atomic builtins
client-phone-2-1    | 17-Sep-2026 09:13:47 [boincserver] Started download of hybrid_synthetic_input.txt
client-phone-2-1    | 17-Sep-2026 09:13:49 [boincserver] Finished download of hybrid_synthetic_1.0_aarch64-unknown-linux-gnu
client-phone-2-1    | 17-Sep-2026 09:13:49 [boincserver] Finished download of hybrid_synthetic_input.txt
client-phone-2-1    | 17-Sep-2026 09:13:49 [boincserver] Elapsed time limit 50.000000 < 120.000000; setting to 43200.000000
client-phone-2-1    | 17-Sep-2026 09:13:49 [boincserver] Starting task exp_20260917T084802Z_hybrid_short_2_0
client-phone-2-1    | 17-Sep-2026 09:13:55 [boincserver] Sending scheduler request: To fetch work.
client-phone-2-1    | 17-Sep-2026 09:13:55 [boincserver] Requesting new tasks for CPU
client-phone-2-1    | 17-Sep-2026 09:13:58 [boincserver] Computation for task exp_20260917T084802Z_hybrid_short_2_0 finished
client-phone-2-1    | 17-Sep-2026 09:14:00 [boincserver] Started upload of exp_20260917T084802Z_hybrid_short_2_0_r485813345_0
client-phone-2-1    | 17-Sep-2026 09:14:02 [boincserver] Finished upload of exp_20260917T084802Z_hybrid_short_2_0_r485813345_0
client-phone-2-1    | 17-Sep-2026 09:14:02 [boincserver] Scheduler request completed: got 1 new tasks
client-phone-2-1    | 17-Sep-2026 09:14:02 [boincserver] Project requested delay of 7 seconds
client-phone-2-1    | 17-Sep-2026 09:14:04 [boincserver] Elapsed time limit 50.000000 < 120.000000; setting to 43200.000000
client-phone-2-1    | 17-Sep-2026 09:14:04 [boincserver] Starting task exp_20260917T084802Z_hybrid_short_1_0
client-cluster-1    | 17-Sep-2026 09:15:52 [boincserver] Started upload of exp_20260917T084802Z_hybrid_long_2_0_r1580491450_0
client-cluster-1    | 17-Sep-2026 09:15:53 [boincserver] Started upload of exp_20260917T084802Z_hybrid_short_5_0_r1863656708_0
client-cluster-1    | 17-Sep-2026 09:15:54 [boincserver] Finished upload of exp_20260917T084802Z_hybrid_long_2_0_r1580491450_0
client-cluster-1    | 17-Sep-2026 09:15:54 [boincserver] Finished upload of exp_20260917T084802Z_hybrid_short_5_0_r1863656708_0
client-low-power-1  | 17-Sep-2026 09:14:14 [boincserver] No tasks sent
client-low-power-1  | 17-Sep-2026 09:14:14 [boincserver] This computer has reached a limit on tasks in progress
client-phone-2-1    | 17-Sep-2026 09:14:12 [boincserver] Computation for task exp_20260917T084802Z_hybrid_short_1_0 finished
client-phone-2-1    | 17-Sep-2026 09:14:12 [boincserver] Sending scheduler request: To report completed tasks.
client-phone-1      | 17-Sep-2026 09:13:55 [boincserver] Requesting new tasks for CPU
client-phone-1      | 17-Sep-2026 09:13:57 [boincserver] Scheduler request completed: got 1 new tasks
client-phone-1      | 17-Sep-2026 09:13:57 [boincserver] Project requested delay of 7 seconds
client-phone-1      | 17-Sep-2026 09:13:58 [boincserver] Computation for task exp_20260917T084802Z_hybrid_short_3_0 finished
client-phone-1      | 17-Sep-2026 09:13:59 [boincserver] Elapsed time limit 50.000000 < 120.000000; setting to 43200.000000
client-cluster-2-1  | 17-Sep-2026 09:13:46 [boincserver] Started download of hybrid_synthetic_input.txt
client-cluster-2-1  | 17-Sep-2026 09:13:48 [boincserver] Finished download of hybrid_synthetic_1.0_aarch64-unknown-linux-gnu
client-cluster-2-1  | 17-Sep-2026 09:13:48 [boincserver] Finished download of hybrid_synthetic_input.txt
client-cluster-2-1  | 17-Sep-2026 09:13:48 [boincserver] Starting task exp_20260917T084802Z_hybrid_long_1_0
client-cluster-2-1  | 17-Sep-2026 09:13:54 [boincserver] Sending scheduler request: To fetch work.
client-low-power-1  | 17-Sep-2026 09:14:14 [boincserver] Project requested delay of 7 seconds
client-low-power-1  | 17-Sep-2026 09:14:22 [boincserver] Computation for task exp_20260917T084802Z_hybrid_medium_2_0 finished
client-low-power-1  | 17-Sep-2026 09:14:22 [boincserver] Starting task exp_20260917T084802Z_hybrid_medium_9_0
client-low-power-1  | 17-Sep-2026 09:14:24 [boincserver] Started upload of exp_20260917T084802Z_hybrid_medium_2_0_r1697551188_0
client-low-power-1  | 17-Sep-2026 09:14:26 [boincserver] Finished upload of exp_20260917T084802Z_hybrid_medium_2_0_r1697551188_0
client-low-power-1  | 17-Sep-2026 09:14:29 [boincserver] Sending scheduler request: To report completed tasks.
client-low-power-1  | 17-Sep-2026 09:14:29 [boincserver] Reporting 1 completed tasks
client-low-power-1  | 17-Sep-2026 09:14:29 [boincserver] Requesting new tasks for CPU
client-low-power-1  | 17-Sep-2026 09:14:31 [boincserver] Scheduler request completed: got 1 new tasks
client-low-power-1  | 17-Sep-2026 09:14:31 [boincserver] Project requested delay of 7 seconds
client-low-power-1  | 17-Sep-2026 09:14:41 [boincserver] Sending scheduler request: To fetch work.
client-low-power-1  | 17-Sep-2026 09:14:41 [boincserver] Requesting new tasks for CPU
client-low-power-1  | 17-Sep-2026 09:14:43 [boincserver] Scheduler request completed: got 0 new tasks
client-phone-1      | 17-Sep-2026 09:13:59 [boincserver] Starting task exp_20260917T084802Z_hybrid_short_7_0
client-phone-1      | 17-Sep-2026 09:14:00 [boincserver] Started upload of exp_20260917T084802Z_hybrid_short_3_0_r2133633858_0
client-cluster-1    | 17-Sep-2026 09:15:58 [boincserver] Computation for task exp_20260917T084802Z_hybrid_short_8_0 finished
client-cluster-1    | 17-Sep-2026 09:15:59 [boincserver] Sending scheduler request: To report completed tasks.
mysql-1             | 2026-09-17  9:11:45 0 [Note] InnoDB: Uses event mutexes
mysql-1             | 2026-09-17  9:11:45 0 [Note] InnoDB: Compressed tables use zlib 1.2.11
mysql-1             | 2026-09-17  9:11:45 0 [Note] InnoDB: Number of pools: 1
client-phone-2-1    | 17-Sep-2026 09:14:12 [boincserver] Reporting 1 completed tasks
client-phone-2-1    | 17-Sep-2026 09:14:12 [boincserver] Requesting new tasks for CPU
client-phone-2-1    | 17-Sep-2026 09:14:14 [boincserver] Started upload of exp_20260917T084802Z_hybrid_short_1_0_r1218473488_0
client-phone-2-1    | 17-Sep-2026 09:14:14 [boincserver] Scheduler request completed: got 1 new tasks
client-phone-2-1    | 17-Sep-2026 09:14:14 [boincserver] Project requested delay of 7 seconds
client-cluster-2-1  | 17-Sep-2026 09:13:54 [boincserver] Requesting new tasks for CPU
client-cluster-2-1  | 17-Sep-2026 09:14:01 [boincserver] Scheduler request completed: got 4 new tasks
client-cluster-2-1  | 17-Sep-2026 09:14:01 [boincserver] Project requested delay of 7 seconds
client-cluster-2-1  | 17-Sep-2026 09:14:03 [boincserver] Starting task exp_20260917T084802Z_hybrid_medium_8_0
client-cluster-2-1  | 17-Sep-2026 09:14:03 [boincserver] Starting task exp_20260917T084802Z_hybrid_long_6_0
client-phone-2-1    | 17-Sep-2026 09:14:16 [boincserver] Finished upload of exp_20260917T084802Z_hybrid_short_1_0_r1218473488_0
client-phone-2-1    | 17-Sep-2026 09:14:16 [boincserver] Elapsed time limit 50.000000 < 120.000000; setting to 43200.000000
client-phone-2-1    | 17-Sep-2026 09:14:16 [boincserver] Starting task exp_20260917T084802Z_hybrid_short_10_0
client-phone-2-1    | 17-Sep-2026 09:14:24 [boincserver] Computation for task exp_20260917T084802Z_hybrid_short_10_0 finished
client-cluster-1    | 17-Sep-2026 09:15:59 [boincserver] Reporting 2 completed tasks
client-cluster-1    | 17-Sep-2026 09:15:59 [boincserver] Requesting new tasks for CPU
client-cluster-2-1  | 17-Sep-2026 09:14:03 [boincserver] Starting task exp_20260917T084802Z_hybrid_long_4_0
client-cluster-2-1  | 17-Sep-2026 09:14:11 [boincserver] Sending scheduler request: To fetch work.
client-low-power-1  | 17-Sep-2026 09:14:43 [boincserver] No tasks sent
client-low-power-1  | 17-Sep-2026 09:14:43 [boincserver] This computer has reached a limit on tasks in progress
client-phone-2-1    | 17-Sep-2026 09:14:24 [boincserver] Sending scheduler request: To report completed tasks.
client-phone-2-1    | 17-Sep-2026 09:14:24 [boincserver] Reporting 1 completed tasks
client-cluster-1    | 17-Sep-2026 09:16:00 [boincserver] Started upload of exp_20260917T084802Z_hybrid_short_8_0_r1680426550_0
client-cluster-1    | 17-Sep-2026 09:16:01 [boincserver] Finished upload of exp_20260917T084802Z_hybrid_short_8_0_r1680426550_0
client-cluster-1    | 17-Sep-2026 09:16:01 [boincserver] Scheduler request completed: got 0 new tasks
client-cluster-1    | 17-Sep-2026 09:16:01 [boincserver] Project has no tasks available
client-cluster-1    | 17-Sep-2026 09:16:01 [boincserver] Project requested delay of 7 seconds
client-cluster-1    | 17-Sep-2026 09:16:08 [boincserver] Sending scheduler request: To report completed tasks.
client-cluster-1    | 17-Sep-2026 09:16:08 [boincserver] Reporting 1 completed tasks
client-cluster-1    | 17-Sep-2026 09:16:08 [boincserver] Requesting new tasks for CPU
client-cluster-1    | 17-Sep-2026 09:16:10 [boincserver] Computation for task exp_20260917T084802Z_hybrid_long_5_0 finished
client-phone-1      | 17-Sep-2026 09:14:02 [boincserver] Finished upload of exp_20260917T084802Z_hybrid_short_3_0_r2133633858_0
client-phone-1      | 17-Sep-2026 09:14:07 [boincserver] Sending scheduler request: To report completed tasks.
client-phone-1      | 17-Sep-2026 09:14:07 [boincserver] Reporting 1 completed tasks
client-phone-1      | 17-Sep-2026 09:14:07 [boincserver] Requesting new tasks for CPU
client-phone-1      | 17-Sep-2026 09:14:09 [boincserver] Computation for task exp_20260917T084802Z_hybrid_short_7_0 finished
client-phone-1      | 17-Sep-2026 09:14:09 [boincserver] Scheduler request completed: got 1 new tasks
client-phone-1      | 17-Sep-2026 09:14:09 [boincserver] Project requested delay of 7 seconds
client-phone-1      | 17-Sep-2026 09:14:11 [boincserver] Started upload of exp_20260917T084802Z_hybrid_short_7_0_r262301612_0
client-phone-1      | 17-Sep-2026 09:14:11 [boincserver] Elapsed time limit 50.000000 < 120.000000; setting to 43200.000000
client-phone-1      | 17-Sep-2026 09:14:11 [boincserver] Starting task exp_20260917T084802Z_hybrid_short_4_0
client-phone-1      | 17-Sep-2026 09:14:13 [boincserver] Finished upload of exp_20260917T084802Z_hybrid_short_7_0_r262301612_0
mysql-1             | 2026-09-17  9:11:45 0 [Note] InnoDB: Using generic crc32 instructions
mysql-1             | 2026-09-17  9:11:45 0 [Note] InnoDB: Initializing buffer pool, total size = 256M, instances = 1, chunk size = 128M
client-low-power-1  | 17-Sep-2026 09:14:43 [boincserver] Project requested delay of 7 seconds
client-low-power-1  | 17-Sep-2026 09:14:59 [boincserver] Computation for task exp_20260917T084802Z_hybrid_medium_9_0 finished
client-low-power-1  | 17-Sep-2026 09:14:59 [boincserver] Elapsed time limit 50.000000 < 120.000000; setting to 43200.000000
client-low-power-1  | 17-Sep-2026 09:14:59 [boincserver] Starting task exp_20260917T084802Z_hybrid_short_14_0
client-low-power-1  | 17-Sep-2026 09:15:01 [boincserver] Started upload of exp_20260917T084802Z_hybrid_medium_9_0_r358237130_0
client-cluster-1    | 17-Sep-2026 09:16:10 [boincserver] Scheduler request completed: got 0 new tasks
client-cluster-1    | 17-Sep-2026 09:16:10 [boincserver] Project has no tasks available
client-desktop-1    | 17-Sep-2026 09:13:42 [boincserver] Started download of hybrid_synthetic_1.0_aarch64-unknown-linux-gnu
client-desktop-1    | 17-Sep-2026 09:13:42 [boincserver] Started download of hybrid_synthetic_input.txt
client-desktop-1    | 17-Sep-2026 09:13:44 [boincserver] Finished download of hybrid_synthetic_1.0_aarch64-unknown-linux-gnu
client-desktop-1    | 17-Sep-2026 09:13:44 [boincserver] Finished download of hybrid_synthetic_input.txt
client-desktop-1    | 17-Sep-2026 09:13:44 [boincserver] Starting task exp_20260917T084802Z_hybrid_medium_1_0
mysql-1             | 2026-09-17  9:11:45 0 [Note] InnoDB: Completed initialization of buffer pool
mysql-1             | 2026-09-17  9:11:45 0 [Note] InnoDB: If the mysqld execution user is authorized, page cleaner thread priority can be changed. See the man page of setpriority().
mysql-1             | 2026-09-17  9:11:45 0 [Note] InnoDB: 128 out of 128 rollback segments are active.
mysql-1             | 2026-09-17  9:11:45 0 [Note] InnoDB: Creating shared tablespace for temporary tables
mysql-1             | 2026-09-17  9:11:45 0 [Note] InnoDB: Setting file './ibtmp1' size to 12 MB. Physically writing the file full; Please wait ...
mysql-1             | 2026-09-17  9:11:45 0 [Note] InnoDB: File './ibtmp1' size is now 12 MB.
mysql-1             | 2026-09-17  9:11:45 0 [Note] InnoDB: 10.3.8 started; log sequence number 1630824; transaction id 21
mysql-1             | 2026-09-17  9:11:45 0 [Note] InnoDB: Loading buffer pool(s) from /var/lib/mysql/ib_buffer_pool
client-phone-2-1    | 17-Sep-2026 09:14:24 [boincserver] Requesting new tasks for CPU
client-phone-2-1    | 17-Sep-2026 09:14:26 [boincserver] Started upload of exp_20260917T084802Z_hybrid_short_10_0_r1540635365_0
client-phone-2-1    | 17-Sep-2026 09:14:28 [boincserver] Finished upload of exp_20260917T084802Z_hybrid_short_10_0_r1540635365_0
client-desktop-1    | 17-Sep-2026 09:13:50 [boincserver] Sending scheduler request: To fetch work.
client-desktop-1    | 17-Sep-2026 09:13:50 [boincserver] Requesting new tasks for CPU
client-cluster-2-1  | 17-Sep-2026 09:14:11 [boincserver] Requesting new tasks for CPU
client-cluster-2-1  | 17-Sep-2026 09:14:13 [boincserver] Scheduler request completed: got 3 new tasks
client-phone-1      | 17-Sep-2026 09:14:18 [boincserver] Computation for task exp_20260917T084802Z_hybrid_short_4_0 finished
client-phone-1      | 17-Sep-2026 09:14:19 [boincserver] Sending scheduler request: To report completed tasks.
client-phone-2-1    | 17-Sep-2026 09:14:31 [boincserver] Scheduler request completed: got 1 new tasks
client-phone-2-1    | 17-Sep-2026 09:14:31 [boincserver] Project requested delay of 7 seconds
client-desktop-1    | 17-Sep-2026 09:13:52 [boincserver] Scheduler request completed: got 2 new tasks
client-desktop-1    | 17-Sep-2026 09:13:52 [boincserver] Project requested delay of 7 seconds
client-cluster-2-1  | 17-Sep-2026 09:14:13 [boincserver] Project requested delay of 7 seconds
client-cluster-2-1  | 17-Sep-2026 09:14:23 [boincserver] Sending scheduler request: To fetch work.
client-cluster-2-1  | 17-Sep-2026 09:14:23 [boincserver] Requesting new tasks for CPU
client-cluster-2-1  | 17-Sep-2026 09:14:25 [boincserver] Scheduler request completed: got 0 new tasks
client-cluster-2-1  | 17-Sep-2026 09:14:25 [boincserver] No tasks sent
client-phone-2-1    | 17-Sep-2026 09:14:33 [boincserver] Elapsed time limit 50.000000 < 120.000000; setting to 43200.000000
client-phone-2-1    | 17-Sep-2026 09:14:33 [boincserver] Starting task exp_20260917T084802Z_hybrid_short_12_0
client-phone-2-1    | 17-Sep-2026 09:14:41 [boincserver] Sending scheduler request: To report completed tasks.
client-phone-2-1    | 17-Sep-2026 09:14:41 [boincserver] Reporting 1 completed tasks
client-phone-2-1    | 17-Sep-2026 09:14:41 [boincserver] Requesting new tasks for CPU
client-phone-2-1    | 17-Sep-2026 09:14:42 [boincserver] Computation for task exp_20260917T084802Z_hybrid_short_12_0 finished
client-phone-2-1    | 17-Sep-2026 09:14:43 [boincserver] Scheduler request completed: got 1 new tasks
client-phone-2-1    | 17-Sep-2026 09:14:43 [boincserver] Project requested delay of 7 seconds
mysql-1             | 2026-09-17  9:11:45 0 [Note] Plugin 'FEEDBACK' is disabled.
mysql-1             | 2026-09-17  9:11:45 0 [Note] InnoDB: Buffer pool(s) load completed at 260917  9:11:45
client-cluster-1    | 17-Sep-2026 09:16:10 [boincserver] Project requested delay of 7 seconds
client-cluster-1    | 17-Sep-2026 09:16:11 [boincserver] Computation for task exp_20260917T084802Z_hybrid_long_3_0 finished
client-cluster-1    | 17-Sep-2026 09:16:12 [boincserver] Started upload of exp_20260917T084802Z_hybrid_long_5_0_r819062270_0
client-cluster-1    | 17-Sep-2026 09:16:13 [boincserver] Started upload of exp_20260917T084802Z_hybrid_long_3_0_r1603624318_0
client-cluster-1    | 17-Sep-2026 09:16:14 [boincserver] Finished upload of exp_20260917T084802Z_hybrid_long_5_0_r819062270_0
client-low-power-1  | 17-Sep-2026 09:15:03 [boincserver] Finished upload of exp_20260917T084802Z_hybrid_medium_9_0_r358237130_0
client-low-power-1  | 17-Sep-2026 09:15:07 [boincserver] Computation for task exp_20260917T084802Z_hybrid_short_14_0 finished
client-low-power-1  | 17-Sep-2026 09:15:07 [boincserver] Sending scheduler request: To report completed tasks.
client-low-power-1  | 17-Sep-2026 09:15:07 [boincserver] Reporting 1 completed tasks
client-low-power-1  | 17-Sep-2026 09:15:07 [boincserver] Requesting new tasks for CPU
client-phone-2-1    | 17-Sep-2026 09:14:44 [boincserver] Started upload of exp_20260917T084802Z_hybrid_short_12_0_r1999706701_0
client-phone-2-1    | 17-Sep-2026 09:14:45 [boincserver] Elapsed time limit 50.000000 < 120.000000; setting to 43200.000000
client-phone-2-1    | 17-Sep-2026 09:14:45 [boincserver] Starting task exp_20260917T084802Z_hybrid_short_17_0
client-phone-2-1    | 17-Sep-2026 09:14:46 [boincserver] Finished upload of exp_20260917T084802Z_hybrid_short_12_0_r1999706701_0
client-desktop-1    | 17-Sep-2026 09:13:54 [boincserver] Starting task exp_20260917T084802Z_hybrid_medium_3_0
client-desktop-1    | 17-Sep-2026 09:14:02 [boincserver] Sending scheduler request: To fetch work.
client-cluster-1    | 17-Sep-2026 09:16:14 [boincserver] Finished upload of exp_20260917T084802Z_hybrid_long_3_0_r1603624318_0
client-cluster-1    | 17-Sep-2026 09:16:20 [boincserver] Sending scheduler request: To report completed tasks.
client-cluster-1    | 17-Sep-2026 09:16:20 [boincserver] Reporting 2 completed tasks
client-cluster-1    | 17-Sep-2026 09:16:20 [boincserver] Requesting new tasks for CPU
client-cluster-1    | 17-Sep-2026 09:16:22 [boincserver] Scheduler request completed: got 0 new tasks
client-cluster-1    | 17-Sep-2026 09:16:22 [boincserver] Project has no tasks available
client-cluster-1    | 17-Sep-2026 09:16:22 [boincserver] Project requested delay of 7 seconds
client-phone-1      | 17-Sep-2026 09:14:19 [boincserver] Reporting 1 completed tasks
client-phone-1      | 17-Sep-2026 09:14:19 [boincserver] Requesting new tasks for CPU
client-phone-1      | 17-Sep-2026 09:14:20 [boincserver] Started upload of exp_20260917T084802Z_hybrid_short_4_0_r1096727934_0
client-phone-1      | 17-Sep-2026 09:14:21 [boincserver] Finished upload of exp_20260917T084802Z_hybrid_short_4_0_r1096727934_0
client-phone-1      | 17-Sep-2026 09:14:21 [boincserver] Scheduler request completed: got 1 new tasks
client-low-power-1  | 17-Sep-2026 09:15:09 [boincserver] Started upload of exp_20260917T084802Z_hybrid_short_14_0_r366741412_0
client-low-power-1  | 17-Sep-2026 09:15:09 [boincserver] Scheduler request completed: got 0 new tasks
client-low-power-1  | 17-Sep-2026 09:15:09 [boincserver] Project has no tasks available
client-low-power-1  | 17-Sep-2026 09:15:09 [boincserver] Project requested delay of 7 seconds
client-low-power-1  | 17-Sep-2026 09:15:11 [boincserver] Finished upload of exp_20260917T084802Z_hybrid_short_14_0_r366741412_0
client-low-power-1  | 17-Sep-2026 09:15:19 [boincserver] Sending scheduler request: To report completed tasks.
client-low-power-1  | 17-Sep-2026 09:15:19 [boincserver] Reporting 1 completed tasks
client-low-power-1  | 17-Sep-2026 09:15:19 [boincserver] Requesting new tasks for CPU
client-low-power-1  | 17-Sep-2026 09:15:21 [boincserver] Scheduler request completed: got 0 new tasks
client-low-power-1  | 17-Sep-2026 09:15:21 [boincserver] Project has no tasks available
client-low-power-1  | 17-Sep-2026 09:15:21 [boincserver] Project requested delay of 7 seconds
client-low-power-1  | 17-Sep-2026 09:15:31 [boincserver] Sending scheduler request: To fetch work.
client-low-power-1  | 17-Sep-2026 09:15:31 [boincserver] Requesting new tasks for CPU
client-low-power-1  | 17-Sep-2026 09:15:38 [boincserver] Scheduler request completed: got 0 new tasks
client-low-power-1  | 17-Sep-2026 09:15:38 [boincserver] Project has no tasks available
client-low-power-1  | 17-Sep-2026 09:15:38 [boincserver] Project requested delay of 7 seconds
client-cluster-2-1  | 17-Sep-2026 09:14:25 [boincserver] This computer has reached a limit on tasks in progress
client-cluster-2-1  | 17-Sep-2026 09:14:25 [boincserver] Project requested delay of 7 seconds
client-cluster-2-1  | 17-Sep-2026 09:14:40 [boincserver] Computation for task exp_20260917T084802Z_hybrid_medium_8_0 finished
client-cluster-2-1  | 17-Sep-2026 09:14:40 [boincserver] Starting task exp_20260917T084802Z_hybrid_medium_6_0
client-cluster-2-1  | 17-Sep-2026 09:14:42 [boincserver] Started upload of exp_20260917T084802Z_hybrid_medium_8_0_r261358633_0
client-cluster-2-1  | 17-Sep-2026 09:14:44 [boincserver] Finished upload of exp_20260917T084802Z_hybrid_medium_8_0_r261358633_0
mysql-1             | 2026-09-17  9:11:45 0 [Note] Server socket created on IP: '::'.
mysql-1             | 2026-09-17  9:11:45 0 [Warning] 'proxies_priv' entry '@% root@6c17b7c27737' ignored in --skip-name-resolve mode.
client-cluster-2-1  | 17-Sep-2026 09:14:47 [boincserver] Sending scheduler request: To report completed tasks.
client-cluster-2-1  | 17-Sep-2026 09:14:47 [boincserver] Reporting 1 completed tasks
client-cluster-2-1  | 17-Sep-2026 09:14:47 [boincserver] Requesting new tasks for CPU
client-cluster-2-1  | 17-Sep-2026 09:14:49 [boincserver] Scheduler request completed: got 0 new tasks
client-cluster-2-1  | 17-Sep-2026 09:14:49 [boincserver] Project has no tasks available
client-cluster-2-1  | 17-Sep-2026 09:14:49 [boincserver] Project requested delay of 7 seconds
client-desktop-1    | 17-Sep-2026 09:14:02 [boincserver] Requesting new tasks for CPU
client-desktop-1    | 17-Sep-2026 09:14:04 [boincserver] Scheduler request completed: got 1 new tasks
client-desktop-1    | 17-Sep-2026 09:14:04 [boincserver] Project requested delay of 7 seconds
client-desktop-1    | 17-Sep-2026 09:14:14 [boincserver] Sending scheduler request: To fetch work.
client-desktop-1    | 17-Sep-2026 09:14:14 [boincserver] Requesting new tasks for CPU
client-desktop-1    | 17-Sep-2026 09:14:16 [boincserver] Scheduler request completed: got 0 new tasks
client-desktop-1    | 17-Sep-2026 09:14:16 [boincserver] No tasks sent
client-desktop-1    | 17-Sep-2026 09:14:16 [boincserver] This computer has reached a limit on tasks in progress
client-desktop-1    | 17-Sep-2026 09:14:16 [boincserver] Project requested delay of 7 seconds
client-desktop-1    | 17-Sep-2026 09:14:17 [boincserver] Computation for task exp_20260917T084802Z_hybrid_medium_1_0 finished
client-desktop-1    | 17-Sep-2026 09:14:17 [boincserver] Starting task exp_20260917T084802Z_hybrid_medium_4_0
client-desktop-1    | 17-Sep-2026 09:14:19 [boincserver] Started upload of exp_20260917T084802Z_hybrid_medium_1_0_r1630253149_0
client-desktop-1    | 17-Sep-2026 09:14:21 [boincserver] Finished upload of exp_20260917T084802Z_hybrid_medium_1_0_r1630253149_0
client-phone-1      | 17-Sep-2026 09:14:21 [boincserver] Project requested delay of 7 seconds
client-phone-1      | 17-Sep-2026 09:14:23 [boincserver] Elapsed time limit 50.000000 < 120.000000; setting to 43200.000000
client-phone-1      | 17-Sep-2026 09:14:23 [boincserver] Starting task exp_20260917T084802Z_hybrid_short_11_0
client-phone-1      | 17-Sep-2026 09:14:31 [boincserver] Sending scheduler request: To report completed tasks.
client-phone-1      | 17-Sep-2026 09:14:31 [boincserver] Reporting 1 completed tasks
client-phone-1      | 17-Sep-2026 09:14:31 [boincserver] Requesting new tasks for CPU
client-phone-1      | 17-Sep-2026 09:14:32 [boincserver] Computation for task exp_20260917T084802Z_hybrid_short_11_0 finished
client-phone-1      | 17-Sep-2026 09:14:33 [boincserver] Scheduler request completed: got 1 new tasks
client-phone-1      | 17-Sep-2026 09:14:33 [boincserver] Project requested delay of 7 seconds
client-phone-1      | 17-Sep-2026 09:14:34 [boincserver] Started upload of exp_20260917T084802Z_hybrid_short_11_0_r1979927049_0
client-phone-1      | 17-Sep-2026 09:14:35 [boincserver] Elapsed time limit 50.000000 < 120.000000; setting to 43200.000000
client-phone-1      | 17-Sep-2026 09:14:35 [boincserver] Starting task exp_20260917T084802Z_hybrid_short_15_0
client-phone-1      | 17-Sep-2026 09:14:36 [boincserver] Finished upload of exp_20260917T084802Z_hybrid_short_11_0_r1979927049_0
mysql-1             | 2026-09-17  9:11:45 0 [Note] Reading of all Master_info entries succeded
mysql-1             | 2026-09-17  9:11:45 0 [Note] Added new Master_info '' to hash table
mysql-1             | 2026-09-17  9:11:45 0 [Note] mysqld: ready for connections.
mysql-1             | Version: '10.3.8-MariaDB-1:10.3.8+maria~bionic'  socket: '/var/run/mysqld/mysqld.sock'  port: 3306  mariadb.org binary distribution
mysql-1             | 2026-09-17  9:11:51 8 [Warning] Access denied for user 'boincadm'@'172.21.0.3' (using password: NO)
client-phone-1      | 17-Sep-2026 09:14:43 [boincserver] Sending scheduler request: To report completed tasks.
client-phone-1      | 17-Sep-2026 09:14:43 [boincserver] Reporting 1 completed tasks
client-phone-1      | 17-Sep-2026 09:14:43 [boincserver] Requesting new tasks for CPU
client-phone-1      | 17-Sep-2026 09:14:45 [boincserver] Computation for task exp_20260917T084802Z_hybrid_short_15_0 finished
client-cluster-2-1  | 17-Sep-2026 09:14:59 [boincserver] Sending scheduler request: To fetch work.
client-cluster-2-1  | 17-Sep-2026 09:14:59 [boincserver] Requesting new tasks for CPU
client-desktop-1    | 17-Sep-2026 09:14:26 [boincserver] Sending scheduler request: To report completed tasks.
client-desktop-1    | 17-Sep-2026 09:14:26 [boincserver] Reporting 1 completed tasks
client-phone-1      | 17-Sep-2026 09:14:45 [boincserver] Scheduler request completed: got 1 new tasks
client-cluster-2-1  | 17-Sep-2026 09:15:01 [boincserver] Scheduler request completed: got 0 new tasks
client-cluster-2-1  | 17-Sep-2026 09:15:01 [boincserver] Project has no tasks available
client-phone-1      | 17-Sep-2026 09:14:45 [boincserver] Project requested delay of 7 seconds
client-phone-1      | 17-Sep-2026 09:14:47 [boincserver] Started upload of exp_20260917T084802Z_hybrid_short_15_0_r195717753_0
client-phone-1      | 17-Sep-2026 09:14:47 [boincserver] Elapsed time limit 50.000000 < 120.000000; setting to 43200.000000
client-cluster-2-1  | 17-Sep-2026 09:15:01 [boincserver] Project requested delay of 7 seconds
client-cluster-2-1  | 17-Sep-2026 09:15:13 [boincserver] Computation for task exp_20260917T084802Z_hybrid_medium_6_0 finished
client-cluster-2-1  | 17-Sep-2026 09:15:13 [boincserver] Starting task exp_20260917T084802Z_hybrid_medium_12_0
client-cluster-2-1  | 17-Sep-2026 09:15:15 [boincserver] Started upload of exp_20260917T084802Z_hybrid_medium_6_0_r1428100874_0
mysql-1             | 2026-09-17  9:12:18 17 [Warning] Aborted connection 17 to db: 'boincserver' user: 'root' host: '172.21.0.4' (Got an error reading communication packets)
mysql-1             | 2026-09-17  9:12:18 16 [Warning] Aborted connection 16 to db: 'boincserver' user: 'root' host: '172.21.0.4' (Got an error reading communication packets)
mysql-1             | 2026-09-17  9:12:18 15 [Warning] Aborted connection 15 to db: 'boincserver' user: 'root' host: '172.21.0.4' (Got an error reading communication packets)
mysql-1             | 2026-09-17  9:15:02 142 [Warning] Aborted connection 142 to db: 'boincserver' user: 'root' host: '172.21.0.4' (Got an error reading communication packets)
mysql-1             | 2026-09-17  9:15:06 147 [Warning] Aborted connection 147 to db: 'boincserver' user: 'root' host: '172.21.0.4' (Got an error reading communication packets)
client-phone-1      | 17-Sep-2026 09:14:47 [boincserver] Starting task exp_20260917T084802Z_hybrid_short_18_0
client-phone-1      | 17-Sep-2026 09:14:49 [boincserver] Finished upload of exp_20260917T084802Z_hybrid_short_15_0_r195717753_0
client-phone-1      | 17-Sep-2026 09:14:54 [boincserver] Computation for task exp_20260917T084802Z_hybrid_short_18_0 finished
client-phone-1      | 17-Sep-2026 09:14:55 [boincserver] Sending scheduler request: To report completed tasks.
client-phone-1      | 17-Sep-2026 09:14:55 [boincserver] Reporting 1 completed tasks
client-phone-1      | 17-Sep-2026 09:14:55 [boincserver] Requesting new tasks for CPU
client-phone-1      | 17-Sep-2026 09:14:56 [boincserver] Started upload of exp_20260917T084802Z_hybrid_short_18_0_r1034101236_0
client-phone-1      | 17-Sep-2026 09:14:57 [boincserver] Finished upload of exp_20260917T084802Z_hybrid_short_18_0_r1034101236_0
client-phone-1      | 17-Sep-2026 09:15:07 [boincserver] Scheduler request completed: got 0 new tasks
client-phone-1      | 17-Sep-2026 09:15:07 [boincserver] Project has no tasks available
client-cluster-2-1  | 17-Sep-2026 09:15:17 [boincserver] Finished upload of exp_20260917T084802Z_hybrid_medium_6_0_r1428100874_0
client-cluster-2-1  | 17-Sep-2026 09:15:21 [boincserver] Sending scheduler request: To report completed tasks.
client-cluster-2-1  | 17-Sep-2026 09:15:21 [boincserver] Reporting 1 completed tasks
client-cluster-2-1  | 17-Sep-2026 09:15:21 [boincserver] Requesting new tasks for CPU
client-desktop-1    | 17-Sep-2026 09:14:26 [boincserver] Requesting new tasks for CPU
client-desktop-1    | 17-Sep-2026 09:14:27 [boincserver] Computation for task exp_20260917T084802Z_hybrid_medium_3_0 finished
client-desktop-1    | 17-Sep-2026 09:14:27 [boincserver] Starting task exp_20260917T084802Z_hybrid_medium_10_0
client-desktop-1    | 17-Sep-2026 09:14:28 [boincserver] Scheduler request completed: got 1 new tasks
client-phone-2-1    | 17-Sep-2026 09:14:53 [boincserver] Sending scheduler request: To report completed tasks.
client-phone-2-1    | 17-Sep-2026 09:14:53 [boincserver] Reporting 1 completed tasks
client-phone-1      | 17-Sep-2026 09:15:07 [boincserver] Project requested delay of 7 seconds
client-phone-1      | 17-Sep-2026 09:15:17 [boincserver] Sending scheduler request: To report completed tasks.
client-cluster-2-1  | 17-Sep-2026 09:15:28 [boincserver] Scheduler request completed: got 0 new tasks
client-cluster-2-1  | 17-Sep-2026 09:15:28 [boincserver] Project has no tasks available
client-cluster-2-1  | 17-Sep-2026 09:15:28 [boincserver] Project requested delay of 7 seconds
client-cluster-2-1  | 17-Sep-2026 09:15:38 [boincserver] Sending scheduler request: To fetch work.
client-cluster-2-1  | 17-Sep-2026 09:15:38 [boincserver] Requesting new tasks for CPU
client-cluster-2-1  | 17-Sep-2026 09:15:40 [boincserver] Scheduler request completed: got 0 new tasks
client-cluster-2-1  | 17-Sep-2026 09:15:40 [boincserver] Project has no tasks available
client-phone-2-1    | 17-Sep-2026 09:14:53 [boincserver] Requesting new tasks for CPU
client-phone-2-1    | 17-Sep-2026 09:14:55 [boincserver] Computation for task exp_20260917T084802Z_hybrid_short_17_0 finished
client-phone-2-1    | 17-Sep-2026 09:14:55 [boincserver] Scheduler request completed: got 0 new tasks
client-phone-2-1    | 17-Sep-2026 09:14:55 [boincserver] Project has no tasks available
client-phone-2-1    | 17-Sep-2026 09:14:55 [boincserver] Project requested delay of 7 seconds
client-phone-1      | 17-Sep-2026 09:15:17 [boincserver] Reporting 1 completed tasks
client-phone-1      | 17-Sep-2026 09:15:17 [boincserver] Requesting new tasks for CPU
client-phone-1      | 17-Sep-2026 09:15:19 [boincserver] Scheduler request completed: got 0 new tasks
client-phone-1      | 17-Sep-2026 09:15:19 [boincserver] Project has no tasks available
client-phone-1      | 17-Sep-2026 09:15:19 [boincserver] Project requested delay of 7 seconds
client-phone-1      | 17-Sep-2026 09:15:29 [boincserver] Sending scheduler request: To fetch work.
client-phone-1      | 17-Sep-2026 09:15:29 [boincserver] Requesting new tasks for CPU
client-phone-1      | 17-Sep-2026 09:15:31 [boincserver] Scheduler request completed: got 0 new tasks
client-phone-1      | 17-Sep-2026 09:15:31 [boincserver] Project has no tasks available
client-phone-1      | 17-Sep-2026 09:15:31 [boincserver] Project requested delay of 7 seconds
client-cluster-2-1  | 17-Sep-2026 09:15:40 [boincserver] Project requested delay of 7 seconds
client-cluster-2-1  | 17-Sep-2026 09:15:46 [boincserver] Computation for task exp_20260917T084802Z_hybrid_medium_12_0 finished
client-phone-2-1    | 17-Sep-2026 09:14:57 [boincserver] Started upload of exp_20260917T084802Z_hybrid_short_17_0_r1370606960_0
client-phone-2-1    | 17-Sep-2026 09:14:59 [boincserver] Finished upload of exp_20260917T084802Z_hybrid_short_17_0_r1370606960_0
client-cluster-2-1  | 17-Sep-2026 09:15:46 [boincserver] Elapsed time limit 50.000000 < 120.000000; setting to 43200.000000
client-cluster-2-1  | 17-Sep-2026 09:15:46 [boincserver] Starting task exp_20260917T084802Z_hybrid_short_9_0
client-cluster-2-1  | 17-Sep-2026 09:15:48 [boincserver] Started upload of exp_20260917T084802Z_hybrid_medium_12_0_r361499227_0
client-cluster-2-1  | 17-Sep-2026 09:15:50 [boincserver] Finished upload of exp_20260917T084802Z_hybrid_medium_12_0_r361499227_0
client-cluster-2-1  | 17-Sep-2026 09:15:50 [boincserver] Computation for task exp_20260917T084802Z_hybrid_long_1_0 finished
client-phone-2-1    | 17-Sep-2026 09:15:05 [boincserver] Sending scheduler request: To report completed tasks.
client-phone-2-1    | 17-Sep-2026 09:15:05 [boincserver] Reporting 1 completed tasks
client-phone-2-1    | 17-Sep-2026 09:15:05 [boincserver] Requesting new tasks for CPU
client-phone-2-1    | 17-Sep-2026 09:15:17 [boincserver] Scheduler request completed: got 0 new tasks
client-phone-2-1    | 17-Sep-2026 09:15:17 [boincserver] Project has no tasks available
client-cluster-2-1  | 17-Sep-2026 09:15:50 [boincserver] Elapsed time limit 50.000000 < 120.000000; setting to 43200.000000
client-cluster-2-1  | 17-Sep-2026 09:15:50 [boincserver] Starting task exp_20260917T084802Z_hybrid_short_6_0
client-cluster-2-1  | 17-Sep-2026 09:15:50 [boincserver] Sending scheduler request: To report completed tasks.
client-cluster-2-1  | 17-Sep-2026 09:15:50 [boincserver] Reporting 1 completed tasks
client-cluster-2-1  | 17-Sep-2026 09:15:50 [boincserver] Requesting new tasks for CPU
client-cluster-2-1  | 17-Sep-2026 09:15:52 [boincserver] Started upload of exp_20260917T084802Z_hybrid_long_1_0_r1977232543_0
client-cluster-2-1  | 17-Sep-2026 09:15:52 [boincserver] Scheduler request completed: got 0 new tasks
client-cluster-2-1  | 17-Sep-2026 09:15:52 [boincserver] Project has no tasks available
client-cluster-2-1  | 17-Sep-2026 09:15:52 [boincserver] Project requested delay of 7 seconds
client-cluster-2-1  | 17-Sep-2026 09:15:54 [boincserver] Finished upload of exp_20260917T084802Z_hybrid_long_1_0_r1977232543_0
client-phone-2-1    | 17-Sep-2026 09:15:17 [boincserver] Project requested delay of 7 seconds
client-phone-2-1    | 17-Sep-2026 09:15:27 [boincserver] Sending scheduler request: To fetch work.
client-phone-2-1    | 17-Sep-2026 09:15:27 [boincserver] Requesting new tasks for CPU
client-phone-2-1    | 17-Sep-2026 09:15:34 [boincserver] Scheduler request completed: got 0 new tasks
client-phone-2-1    | 17-Sep-2026 09:15:34 [boincserver] Project has no tasks available
client-phone-2-1    | 17-Sep-2026 09:15:34 [boincserver] Project requested delay of 7 seconds
client-cluster-2-1  | 17-Sep-2026 09:15:54 [boincserver] Computation for task exp_20260917T084802Z_hybrid_short_9_0 finished
client-cluster-2-1  | 17-Sep-2026 09:15:56 [boincserver] Started upload of exp_20260917T084802Z_hybrid_short_9_0_r382256593_0
client-cluster-2-1  | 17-Sep-2026 09:15:58 [boincserver] Finished upload of exp_20260917T084802Z_hybrid_short_9_0_r382256593_0
client-desktop-1    | 17-Sep-2026 09:14:28 [boincserver] Project requested delay of 7 seconds
client-desktop-1    | 17-Sep-2026 09:14:29 [boincserver] Started upload of exp_20260917T084802Z_hybrid_medium_3_0_r5232788_0
client-desktop-1    | 17-Sep-2026 09:14:31 [boincserver] Finished upload of exp_20260917T084802Z_hybrid_medium_3_0_r5232788_0
client-desktop-1    | 17-Sep-2026 09:14:38 [boincserver] Sending scheduler request: To report completed tasks.
client-desktop-1    | 17-Sep-2026 09:14:38 [boincserver] Reporting 1 completed tasks
client-cluster-2-1  | 17-Sep-2026 09:15:58 [boincserver] Computation for task exp_20260917T084802Z_hybrid_short_6_0 finished
client-cluster-2-1  | 17-Sep-2026 09:16:00 [boincserver] Started upload of exp_20260917T084802Z_hybrid_short_6_0_r1468941835_0
client-desktop-1    | 17-Sep-2026 09:14:38 [boincserver] Requesting new tasks for CPU
client-desktop-1    | 17-Sep-2026 09:14:47 [boincserver] Scheduler request completed: got 1 new tasks
client-desktop-1    | 17-Sep-2026 09:14:47 [boincserver] Project requested delay of 7 seconds
client-desktop-1    | 17-Sep-2026 09:14:50 [boincserver] Computation for task exp_20260917T084802Z_hybrid_medium_4_0 finished
client-desktop-1    | 17-Sep-2026 09:14:50 [boincserver] Elapsed time limit 50.000000 < 120.000000; setting to 43200.000000
client-desktop-1    | 17-Sep-2026 09:14:50 [boincserver] Starting task exp_20260917T084802Z_hybrid_short_13_0
client-cluster-2-1  | 17-Sep-2026 09:16:02 [boincserver] Finished upload of exp_20260917T084802Z_hybrid_short_6_0_r1468941835_0
client-cluster-2-1  | 17-Sep-2026 09:16:02 [boincserver] Sending scheduler request: To report completed tasks.
client-desktop-1    | 17-Sep-2026 09:14:52 [boincserver] Started upload of exp_20260917T084802Z_hybrid_medium_4_0_r409904305_0
client-desktop-1    | 17-Sep-2026 09:14:54 [boincserver] Finished upload of exp_20260917T084802Z_hybrid_medium_4_0_r409904305_0
client-desktop-1    | 17-Sep-2026 09:14:57 [boincserver] Sending scheduler request: To report completed tasks.
client-desktop-1    | 17-Sep-2026 09:14:57 [boincserver] Reporting 1 completed tasks
client-desktop-1    | 17-Sep-2026 09:14:57 [boincserver] Requesting new tasks for CPU
client-desktop-1    | 17-Sep-2026 09:14:59 [boincserver] Computation for task exp_20260917T084802Z_hybrid_short_13_0 finished
client-desktop-1    | 17-Sep-2026 09:14:59 [boincserver] Elapsed time limit 50.000000 < 120.000000; setting to 43200.000000
client-desktop-1    | 17-Sep-2026 09:14:59 [boincserver] Starting task exp_20260917T084802Z_hybrid_short_16_0
client-desktop-1    | 17-Sep-2026 09:14:59 [boincserver] Scheduler request completed: got 0 new tasks
client-cluster-2-1  | 17-Sep-2026 09:16:02 [boincserver] Reporting 3 completed tasks
client-cluster-2-1  | 17-Sep-2026 09:16:02 [boincserver] Requesting new tasks for CPU
client-cluster-2-1  | 17-Sep-2026 09:16:04 [boincserver] Scheduler request completed: got 0 new tasks
client-cluster-2-1  | 17-Sep-2026 09:16:04 [boincserver] Project has no tasks available
client-cluster-2-1  | 17-Sep-2026 09:16:04 [boincserver] Project requested delay of 7 seconds
client-cluster-2-1  | 17-Sep-2026 09:16:05 [boincserver] Computation for task exp_20260917T084802Z_hybrid_long_6_0 finished
client-cluster-2-1  | 17-Sep-2026 09:16:06 [boincserver] Computation for task exp_20260917T084802Z_hybrid_long_4_0 finished
client-cluster-2-1  | 17-Sep-2026 09:16:07 [boincserver] Started upload of exp_20260917T084802Z_hybrid_long_6_0_r1418301863_0
client-cluster-2-1  | 17-Sep-2026 09:16:08 [boincserver] Started upload of exp_20260917T084802Z_hybrid_long_4_0_r760290105_0
client-cluster-2-1  | 17-Sep-2026 09:16:09 [boincserver] Finished upload of exp_20260917T084802Z_hybrid_long_6_0_r1418301863_0
client-cluster-2-1  | 17-Sep-2026 09:16:09 [boincserver] Finished upload of exp_20260917T084802Z_hybrid_long_4_0_r760290105_0
client-cluster-2-1  | 17-Sep-2026 09:16:18 [boincserver] Sending scheduler request: To report completed tasks.
client-desktop-1    | 17-Sep-2026 09:14:59 [boincserver] Project has no tasks available
client-desktop-1    | 17-Sep-2026 09:14:59 [boincserver] Project requested delay of 7 seconds
client-desktop-1    | 17-Sep-2026 09:15:00 [boincserver] Computation for task exp_20260917T084802Z_hybrid_medium_10_0 finished
client-desktop-1    | 17-Sep-2026 09:15:01 [boincserver] Started upload of exp_20260917T084802Z_hybrid_short_13_0_r535610061_0
client-desktop-1    | 17-Sep-2026 09:15:02 [boincserver] Started upload of exp_20260917T084802Z_hybrid_medium_10_0_r872172594_0
client-cluster-2-1  | 17-Sep-2026 09:16:18 [boincserver] Reporting 2 completed tasks
client-cluster-2-1  | 17-Sep-2026 09:16:18 [boincserver] Requesting new tasks for CPU
client-cluster-2-1  | 17-Sep-2026 09:16:20 [boincserver] Scheduler request completed: got 0 new tasks
client-cluster-2-1  | 17-Sep-2026 09:16:20 [boincserver] Project has no tasks available
client-cluster-2-1  | 17-Sep-2026 09:16:20 [boincserver] Project requested delay of 7 seconds
client-cluster-2-1  | 17-Sep-2026 09:16:30 [boincserver] Sending scheduler request: To fetch work.
client-desktop-1    | 17-Sep-2026 09:15:03 [boincserver] Finished upload of exp_20260917T084802Z_hybrid_short_13_0_r535610061_0
client-desktop-1    | 17-Sep-2026 09:15:03 [boincserver] Finished upload of exp_20260917T084802Z_hybrid_medium_10_0_r872172594_0
client-desktop-1    | 17-Sep-2026 09:15:07 [boincserver] Computation for task exp_20260917T084802Z_hybrid_short_16_0 finished
client-cluster-2-1  | 17-Sep-2026 09:16:30 [boincserver] Requesting new tasks for CPU
client-desktop-1    | 17-Sep-2026 09:15:09 [boincserver] Started upload of exp_20260917T084802Z_hybrid_short_16_0_r947539950_0
client-desktop-1    | 17-Sep-2026 09:15:09 [boincserver] Sending scheduler request: To fetch work.
client-desktop-1    | 17-Sep-2026 09:15:09 [boincserver] Reporting 2 completed tasks
client-desktop-1    | 17-Sep-2026 09:15:09 [boincserver] Requesting new tasks for CPU
client-desktop-1    | 17-Sep-2026 09:15:11 [boincserver] Finished upload of exp_20260917T084802Z_hybrid_short_16_0_r947539950_0
client-desktop-1    | 17-Sep-2026 09:15:11 [boincserver] Scheduler request completed: got 0 new tasks
client-desktop-1    | 17-Sep-2026 09:15:11 [boincserver] Project has no tasks available
client-desktop-1    | 17-Sep-2026 09:15:11 [boincserver] Project requested delay of 7 seconds
client-desktop-1    | 17-Sep-2026 09:15:21 [boincserver] Sending scheduler request: To report completed tasks.
client-desktop-1    | 17-Sep-2026 09:15:21 [boincserver] Reporting 1 completed tasks
client-desktop-1    | 17-Sep-2026 09:15:21 [boincserver] Requesting new tasks for CPU
client-desktop-1    | 17-Sep-2026 09:15:23 [boincserver] Scheduler request completed: got 0 new tasks
client-desktop-1    | 17-Sep-2026 09:15:23 [boincserver] Project has no tasks available
client-desktop-1    | 17-Sep-2026 09:15:23 [boincserver] Project requested delay of 7 seconds
