client-phone-1    | 16-Sep-2026 18:21:18 [---] Starting BOINC client version 7.20.5 for aarch64-unknown-linux-gnu
client-phone-1    | 16-Sep-2026 18:21:18 [---] This a development version of BOINC and may not function properly
client-phone-1    | 16-Sep-2026 18:21:18 [---] log flags: file_xfer, sched_ops, task
makeproject-1     | Updating project files in data volume...
makeproject-1     | Waiting for MySQL server to start...
makeproject-1     | Creating database...
makeproject-1     | added platform: (create_time, name, user_friendly_name) values (1789582776, 'windows_intelx86', 'Microsoft Windows (98 or later) running on an Intel x86-compatible CPU')
makeproject-1     | added platform: (create_time, name, user_friendly_name) values (1789582776, 'windows_x86_64', 'Microsoft Windows running on an AMD x86_64 or Intel EM64T CPU')
makeproject-1     | added platform: (create_time, name, user_friendly_name) values (1789582776, 'windows_arm64', 'Microsoft Windows running on ARM 64-bit')
makeproject-1     | added platform: (create_time, name, user_friendly_name) values (1789582776, 'i686-pc-linux-gnu', 'Linux running on an Intel x86-compatible CPU')
makeproject-1     | added platform: (create_time, name, user_friendly_name) values (1789582776, 'x86_64-pc-linux-gnu', 'Linux running on an AMD x86_64 or Intel EM64T CPU')
makeproject-1     | added platform: (create_time, name, user_friendly_name) values (1789582776, 'powerpc-apple-darwin', 'Mac OS X 10.3 or later running on Motorola PowerPC')
makeproject-1     | added platform: (create_time, name, user_friendly_name) values (1789582776, 'i686-apple-darwin', 'Mac OS 10.4 or later running on Intel')
makeproject-1     | added platform: (create_time, name, user_friendly_name) values (1789582776, 'x86_64-apple-darwin', 'Intel 64-bit Mac OS 10.5 or later')
makeproject-1     | added platform: (create_time, name, user_friendly_name) values (1789582776, 'arm64-apple-darwin', 'Mac OS running on ARM')
makeproject-1     | added platform: (create_time, name, user_friendly_name) values (1789582776, 'sparc-sun-solaris2.7', 'Solaris 2.7 running on a SPARC-compatible CPU')
makeproject-1     | added platform: (create_time, name, user_friendly_name) values (1789582776, 'sparc-sun-solaris', 'Solaris 2.8 or later running on a SPARC-compatible CPU')
makeproject-1     | added platform: (create_time, name, user_friendly_name) values (1789582776, 'sparc64-sun-solaris', 'Solaris 2.8 or later running on a SPARC 64-bit CPU')
makeproject-1     | added platform: (create_time, name, user_friendly_name) values (1789582776, 'powerpc64-ps3-linux-gnu', 'Sony Playstation 3 running Linux')
client-phone-2-1  | 16-Sep-2026 18:21:18 [---] Starting BOINC client version 7.20.5 for aarch64-unknown-linux-gnu
client-phone-2-1    | 16-Sep-2026 18:21:18 [---] This a development version of BOINC and may not function properly
client-phone-2-1    | 16-Sep-2026 18:21:18 [---] log flags: file_xfer, sched_ops, task
client-phone-2-1    | 16-Sep-2026 18:21:18 [---] Libraries: libcurl/7.88.1 OpenSSL/3.0.20 zlib/1.2.13 brotli/1.0.9 zstd/1.5.4 libidn2/2.3.3 libpsl/0.21.2 (+libidn2/2.3.3) libssh2/1.10.0 nghttp2/1.52.0 librtmp/2.3 OpenLDAP/2.5.13
client-cluster-2-1  | 16-Sep-2026 18:21:23 [---] Starting BOINC client version 7.20.5 for aarch64-unknown-linux-gnu
client-cluster-2-1  | 16-Sep-2026 18:21:23 [---] This a development version of BOINC and may not function properly
client-cluster-2-1  | 16-Sep-2026 18:21:23 [---] log flags: file_xfer, sched_ops, task
client-cluster-2-1  | 16-Sep-2026 18:21:23 [---] Libraries: libcurl/7.88.1 OpenSSL/3.0.20 zlib/1.2.13 brotli/1.0.9 zstd/1.5.4 libidn2/2.3.3 libpsl/0.21.2 (+libidn2/2.3.3) libssh2/1.10.0 nghttp2/1.52.0 librtmp/2.3 OpenLDAP/2.5.13
client-cluster-2-1  | 16-Sep-2026 18:21:23 [---] Data directory: /var/lib/boinc-client
client-cluster-2-1  | 16-Sep-2026 18:21:23 [---] No usable GPUs found
client-phone-2-1    | 16-Sep-2026 18:21:18 [---] Data directory: /var/lib/boinc-client
client-phone-2-1    | 16-Sep-2026 18:21:18 [---] No usable GPUs found
client-desktop-1    | 16-Sep-2026 18:21:18 [---] Starting BOINC client version 7.20.5 for aarch64-unknown-linux-gnu
client-desktop-1    | 16-Sep-2026 18:21:18 [---] This a development version of BOINC and may not function properly
client-desktop-1    | 16-Sep-2026 18:21:18 [---] log flags: file_xfer, sched_ops, task
client-desktop-1    | 16-Sep-2026 18:21:18 [---] Libraries: libcurl/7.88.1 OpenSSL/3.0.20 zlib/1.2.13 brotli/1.0.9 zstd/1.5.4 libidn2/2.3.3 libpsl/0.21.2 (+libidn2/2.3.3) libssh2/1.10.0 nghttp2/1.52.0 librtmp/2.3 OpenLDAP/2.5.13
client-desktop-1    | 16-Sep-2026 18:21:18 [---] Data directory: /var/lib/boinc-client
client-desktop-1    | 16-Sep-2026 18:21:18 [---] No usable GPUs found
client-desktop-1    | 16-Sep-2026 18:21:18 [---] Creating new client state file
client-desktop-1    | 16-Sep-2026 18:21:18 [---] libc:  version 2.36
client-desktop-1    | 16-Sep-2026 18:21:18 [---] Host name: desktop-01
mysql-1             | Initializing database
mysql-1             | 
mysql-1             | 
client-desktop-1    | 16-Sep-2026 18:21:18 [---] Processor: 2 ARM  [Impl 0x61 Arch 8 Variant 0x0 Part 0x000 Rev 0]
client-desktop-1    | 16-Sep-2026 18:21:18 [---] Processor features: fp asimd evtstrm aes pmull sha1 sha2 crc32 atomics fphp asimdhp cpuid asimdrdm jscvt fcma lrcpc dcpop sha3 asimddp sha512 asimdfhm dit uscat ilrcpc flagm sb paca pacg dcpodp flagm2 frint i8mm bf16 bti afp
client-desktop-1    | 16-Sep-2026 18:21:18 [---] OS: Linux Debian GNU/Linux: Debian GNU/Linux 12 (bookworm) [6.8.0-100-generic|libc 2.36]
client-desktop-1    | 16-Sep-2026 18:21:18 [---] Memory: 9.69 GB physical, 0 bytes virtual
client-desktop-1    | 16-Sep-2026 18:21:18 [---] Disk: 18.33 GB total, 15.46 GB free
client-desktop-1    | 16-Sep-2026 18:21:18 [---] Local time is UTC +0 hours
client-desktop-1    | 16-Sep-2026 18:21:18 [---] Config: GUI RPC allowed from any host
client-desktop-1    | 16-Sep-2026 18:21:18 [---] Config: simulate 2 CPUs
client-desktop-1    | 16-Sep-2026 18:21:18 [---] Config: report completed tasks immediately
client-desktop-1    | 16-Sep-2026 18:21:18 [---] No general preferences found - using defaults
client-cluster-2-1  | 16-Sep-2026 18:21:23 [---] Creating new client state file
client-cluster-2-1  | 16-Sep-2026 18:21:23 [---] libc:  version 2.36
client-cluster-2-1  | 16-Sep-2026 18:21:23 [---] Host name: cluster-02
client-cluster-2-1  | 16-Sep-2026 18:21:23 [---] Processor: 4 ARM  [Impl 0x61 Arch 8 Variant 0x0 Part 0x000 Rev 0]
client-cluster-2-1  | 16-Sep-2026 18:21:23 [---] Processor features: fp asimd evtstrm aes pmull sha1 sha2 crc32 atomics fphp asimdhp cpuid asimdrdm jscvt fcma lrcpc dcpop sha3 asimddp sha512 asimdfhm dit uscat ilrcpc flagm sb paca pacg dcpodp flagm2 frint i8mm bf16 bti afp
client-desktop-1    | 16-Sep-2026 18:21:18 [---] Reading preferences override file
client-desktop-1    | 16-Sep-2026 18:21:18 [---] Preferences:
client-desktop-1    | 16-Sep-2026 18:21:18 [---]    max memory usage when active: 8929.14 MB
client-desktop-1    | 16-Sep-2026 18:21:18 [---]    max memory usage when idle: 8929.14 MB
client-desktop-1    | 16-Sep-2026 18:21:18 [---]    max disk usage: 2.00 GB
mysql-1             | PLEASE REMEMBER TO SET A PASSWORD FOR THE MariaDB root USER !
mysql-1             | To do so, start the server, then issue the following commands:
mysql-1             | 
mysql-1             | '/usr/bin/mysqladmin' -u root password 'new-password'
makeproject-1     | added platform: (create_time, name, user_friendly_name) values (1789582776, 'arm-android-linux-gnu', 'Android running on ARM armeabi-v7a')
makeproject-1       | added platform: (create_time, name, user_friendly_name) values (1789582776, 'aarch64-android-linux-gnu', 'Android running on ARM 64-bit arm64-v8a')
makeproject-1       | added platform: (create_time, name, user_friendly_name) values (1789582776, 'x86_64-android-linux-gnu', 'Android running on Intel x64 compatible')
mysql-1             | '/usr/bin/mysqladmin' -u root -h  password 'new-password'
mysql-1             | 
client-phone-2-1    | 16-Sep-2026 18:21:18 [---] Creating new client state file
client-phone-2-1    | 16-Sep-2026 18:21:18 [---] libc:  version 2.36
client-phone-2-1    | 16-Sep-2026 18:21:18 [---] Host name: phone-02
client-phone-2-1    | 16-Sep-2026 18:21:18 [---] Processor: 1 ARM  [Impl 0x61 Arch 8 Variant 0x0 Part 0x000 Rev 0]
client-phone-2-1    | 16-Sep-2026 18:21:18 [---] Processor features: fp asimd evtstrm aes pmull sha1 sha2 crc32 atomics fphp asimdhp cpuid asimdrdm jscvt fcma lrcpc dcpop sha3 asimddp sha512 asimdfhm dit uscat ilrcpc flagm sb paca pacg dcpodp flagm2 frint i8mm bf16 bti afp
client-phone-2-1    | 16-Sep-2026 18:21:18 [---] OS: Linux Debian GNU/Linux: Debian GNU/Linux 12 (bookworm) [6.8.0-100-generic|libc 2.36]
client-phone-2-1    | 16-Sep-2026 18:21:18 [---] Memory: 9.69 GB physical, 0 bytes virtual
makeproject-1       | added platform: (create_time, name, user_friendly_name) values (1789582776, 'x86-android-linux-gnu', 'Android running on Intel x86 compatible')
makeproject-1       | added platform: (create_time, name, user_friendly_name) values (1789582776, 'arm-unknown-linux-gnueabihf', 'Linux running on ARM, hardware FP')
makeproject-1       | added platform: (create_time, name, user_friendly_name) values (1789582776, 'aarch64-unknown-linux-gnu', 'Linux running on ARM64')
makeproject-1       | added platform: (create_time, name, user_friendly_name) values (1789582776, 'anonymous', 'anonymous')
makeproject-1       | 
apache-1            | /usr/lib/python2.7/dist-packages/supervisor/options.py:461: UserWarning: Supervisord is running as root and it is searching for its configuration file in default locations (including its current working directory); you probably want to specify a "-c" argument specifying an absolute path to a configuration file for improved security.
apache-1            |   'Supervisord is running as root and it is searching '
apache-1            | 2026-09-16 18:19:21,132 CRIT Supervisor is running as root.  Privileges were not dropped because no user is specified in the config file.  If you intend to run as root, you can set user=root in the config file to avoid this message.
apache-1            | 2026-09-16 18:19:21,132 INFO Included extra file "/etc/supervisor/conf.d/supervisord.conf" during parsing
apache-1            | 2026-09-16 18:19:21,135 INFO RPC interface 'supervisor' initialized
apache-1            | 2026-09-16 18:19:21,136 CRIT Server 'unix_http_server' running without any HTTP authentication checking
apache-1            | 2026-09-16 18:19:21,136 INFO supervisord started with pid 1
apache-1            | 2026-09-16 18:19:22,143 INFO spawned: 'cron' with pid 9
apache-1            | 2026-09-16 18:19:22,146 INFO spawned: 'start' with pid 10
apache-1            | 2026-09-16 18:19:22,148 INFO spawned: 'rsyslogd' with pid 11
apache-1            | 2026-09-16 18:19:22,153 INFO spawned: 'apache2' with pid 12
apache-1            | 2026-09-16 18:19:24,105 INFO success: cron entered RUNNING state, process has stayed up for > than 1 seconds (startsecs)
apache-1            | 2026-09-16 18:19:24,105 INFO success: start entered RUNNING state, process has stayed up for > than 1 seconds (startsecs)
apache-1            | 2026-09-16 18:19:24,105 INFO success: rsyslogd entered RUNNING state, process has stayed up for > than 1 seconds (startsecs)
apache-1            | 2026-09-16 18:19:24,105 INFO success: apache2 entered RUNNING state, process has stayed up for > than 1 seconds (startsecs)
apache-1            | 2026-09-16 18:19:42,689 INFO reaped unknown pid 69
apache-1            | 2026-09-16 18:19:42,689 INFO reaped unknown pid 71
apache-1            | 2026-09-16 18:19:42,689 INFO reaped unknown pid 73
apache-1            | 2026-09-16 18:19:55,394 INFO reaped unknown pid 72
apache-1            | 2026-09-16 18:19:55,394 INFO reaped unknown pid 74
apache-1            | 2026-09-16 18:19:55,396 INFO reaped unknown pid 70
apache-1            | 2026-09-16 18:20:03,588 INFO reaped unknown pid 159
apache-1            | 2026-09-16 18:20:03,588 INFO reaped unknown pid 161
client-cluster-2-1  | 16-Sep-2026 18:21:23 [---] OS: Linux Debian GNU/Linux: Debian GNU/Linux 12 (bookworm) [6.8.0-100-generic|libc 2.36]
client-cluster-2-1  | 16-Sep-2026 18:21:23 [---] Memory: 9.69 GB physical, 0 bytes virtual
client-desktop-1    | 16-Sep-2026 18:21:18 [---]    don't use GPU while active
client-desktop-1    | 16-Sep-2026 18:21:18 [---]    suspend work if non-BOINC CPU load exceeds 25%
client-desktop-1    | 16-Sep-2026 18:21:18 [---]    (to change preferences, visit a project web site or select Preferences in the Manager)
client-desktop-1    | 16-Sep-2026 18:21:18 [---] Setting up project and slot directories
client-desktop-1    | 16-Sep-2026 18:21:18 [---] Checking active tasks
client-desktop-1    | 16-Sep-2026 18:21:18 [---] Setting up GUI RPC socket
client-desktop-1    | 16-Sep-2026 18:21:18 [---] Checking presence of 0 project files
client-desktop-1    | 16-Sep-2026 18:21:18 [---] This computer is not attached to any projects
client-cluster-2-1  | 16-Sep-2026 18:21:23 [---] Disk: 18.33 GB total, 15.46 GB free
client-cluster-2-1  | 16-Sep-2026 18:21:23 [---] Local time is UTC +0 hours
client-cluster-2-1  | 16-Sep-2026 18:21:23 [---] Config: GUI RPC allowed from any host
client-cluster-2-1  | 16-Sep-2026 18:21:23 [---] Config: simulate 4 CPUs
client-cluster-2-1  | 16-Sep-2026 18:21:23 [---] Config: report completed tasks immediately
client-cluster-2-1  | 16-Sep-2026 18:21:23 [---] No general preferences found - using defaults
client-cluster-2-1  | 16-Sep-2026 18:21:23 [---] Reading preferences override file
client-cluster-2-1  | 16-Sep-2026 18:21:23 [---] Preferences:
client-cluster-2-1  | 16-Sep-2026 18:21:23 [---]    max memory usage when active: 8929.14 MB
client-cluster-2-1  | 16-Sep-2026 18:21:23 [---]    max memory usage when idle: 8929.14 MB
client-cluster-2-1  | 16-Sep-2026 18:21:23 [---]    max disk usage: 2.00 GB
client-cluster-2-1  | 16-Sep-2026 18:21:23 [---]    don't use GPU while active
client-cluster-2-1  | 16-Sep-2026 18:21:23 [---]    suspend work if non-BOINC CPU load exceeds 25%
client-cluster-2-1  | 16-Sep-2026 18:21:23 [---]    (to change preferences, visit a project web site or select Preferences in the Manager)
client-cluster-2-1  | 16-Sep-2026 18:21:23 [---] Setting up project and slot directories
client-cluster-2-1  | 16-Sep-2026 18:21:23 [---] Checking active tasks
mysql-1             | Alternatively you can run:
mysql-1             | '/usr/bin/mysql_secure_installation'
mysql-1             | 
mysql-1             | which will also give you the option of removing the test
mysql-1             | databases and anonymous user created by default.  This is
mysql-1             | strongly recommended for production servers.
mysql-1             | 
mysql-1             | See the MariaDB Knowledgebase at http://mariadb.com/kb or the
client-desktop-1    | 16-Sep-2026 18:21:18 Initialization completed
client-desktop-1    | dir_open: Could not open directory 'slots' from '/var/lib/boinc-client'.
client-desktop-1    | dir_open: Could not open directory 'projects/boincserver.local_boincserver' from '/var/lib/boinc-client'.
client-desktop-1    | 16-Sep-2026 18:21:19 [---] No general preferences found - using defaults
apache-1            | 2026-09-16 18:20:03,588 INFO reaped unknown pid 163
apache-1            | 2026-09-16 18:20:03,588 INFO reaped unknown pid 165
apache-1            | 2026-09-16 18:20:03,588 INFO reaped unknown pid 167
apache-1            | 2026-09-16 18:25:01,235 INFO reaped unknown pid 648
apache-1            | 2026-09-16 18:25:01,338 INFO reaped unknown pid 650
apache-1            | 2026-09-16 18:25:01,442 INFO reaped unknown pid 652
apache-1            | 2026-09-16 18:25:01,548 INFO reaped unknown pid 654
apache-1            | 2026-09-16 18:25:01,652 INFO reaped unknown pid 656
apache-1            | 2026-09-16 18:25:02,692 INFO reaped unknown pid 647
apache-1            | 2026-09-16 18:25:02,692 INFO reaped unknown pid 649
apache-1            | 2026-09-16 18:25:02,692 INFO reaped unknown pid 651
apache-1            | 2026-09-16 18:25:02,692 INFO reaped unknown pid 653
client-desktop-1    | 16-Sep-2026 18:21:19 [---] Reading preferences override file
client-desktop-1    | 16-Sep-2026 18:21:19 [---] Preferences:
client-desktop-1    | 16-Sep-2026 18:21:19 [---]    max memory usage when active: 8929.14 MB
client-desktop-1    | 16-Sep-2026 18:21:19 [---]    max memory usage when idle: 8929.14 MB
client-desktop-1    | 16-Sep-2026 18:21:19 [---]    max disk usage: 2.00 GB
client-desktop-1    | 16-Sep-2026 18:21:19 [---]    don't use GPU while active
client-desktop-1    | 16-Sep-2026 18:21:19 [---]    suspend work if non-BOINC CPU load exceeds 25%
client-desktop-1    | 16-Sep-2026 18:21:19 [---]    (to change preferences, visit a project web site or select Preferences in the Manager)
client-desktop-1    | 16-Sep-2026 18:21:23 [http://boincserver.local/boincserver/] Fetching scheduler list
mysql-1             | MySQL manual for more instructions.
mysql-1             | 
mysql-1             | Please report any problems at http://mariadb.org/jira
mysql-1             | 
mysql-1             | The latest information about MariaDB is available at http://mariadb.org/.
client-cluster-2-1  | 16-Sep-2026 18:21:23 [---] Setting up GUI RPC socket
client-cluster-2-1  | dir_open: Could not open directory 'slots' from '/var/lib/boinc-client'.
client-cluster-2-1  | 16-Sep-2026 18:21:23 [---] Checking presence of 0 project files
client-cluster-2-1  | 16-Sep-2026 18:21:23 [---] This computer is not attached to any projects
client-cluster-2-1  | 16-Sep-2026 18:21:23 Initialization completed
client-desktop-1    | 16-Sep-2026 18:21:25 [http://boincserver.local/boincserver/] Master file download succeeded
client-desktop-1    | 16-Sep-2026 18:21:30 [http://boincserver.local/boincserver/] Sending scheduler request: Project initialization.
client-desktop-1    | 16-Sep-2026 18:21:30 [http://boincserver.local/boincserver/] Requesting new tasks for CPU
client-desktop-1    | 16-Sep-2026 18:21:32 [boincserver] Scheduler request completed: got 1 new tasks
client-desktop-1    | 16-Sep-2026 18:21:32 [boincserver] Project requested delay of 7 seconds
client-phone-2-1    | 16-Sep-2026 18:21:18 [---] Disk: 18.33 GB total, 15.46 GB free
client-phone-2-1    | 16-Sep-2026 18:21:18 [---] Local time is UTC +0 hours
client-phone-2-1    | 16-Sep-2026 18:21:18 [---] Config: GUI RPC allowed from any host
client-phone-2-1    | 16-Sep-2026 18:21:18 [---] Config: simulate 1 CPUs
client-phone-2-1    | 16-Sep-2026 18:21:18 [---] Config: report completed tasks immediately
client-phone-2-1    | 16-Sep-2026 18:21:18 [---] No general preferences found - using defaults
mysql-1             | You can find additional information about the MySQL part at:
client-low-power-1  | 16-Sep-2026 18:21:18 [---] Starting BOINC client version 7.20.5 for aarch64-unknown-linux-gnu
client-low-power-1  | 16-Sep-2026 18:21:18 [---] This a development version of BOINC and may not function properly
client-low-power-1  | 16-Sep-2026 18:21:18 [---] log flags: file_xfer, sched_ops, task
client-low-power-1  | 16-Sep-2026 18:21:18 [---] Libraries: libcurl/7.88.1 OpenSSL/3.0.20 zlib/1.2.13 brotli/1.0.9 zstd/1.5.4 libidn2/2.3.3 libpsl/0.21.2 (+libidn2/2.3.3) libssh2/1.10.0 nghttp2/1.52.0 librtmp/2.3 OpenLDAP/2.5.13
client-low-power-1  | 16-Sep-2026 18:21:18 [---] Data directory: /var/lib/boinc-client
client-low-power-1  | 16-Sep-2026 18:21:18 [---] No usable GPUs found
client-low-power-1  | 16-Sep-2026 18:21:18 [---] Creating new client state file
client-cluster-1  | 16-Sep-2026 18:21:18 [---] Starting BOINC client version 7.20.5 for aarch64-unknown-linux-gnu
client-phone-1      | 16-Sep-2026 18:21:18 [---] Libraries: libcurl/7.88.1 OpenSSL/3.0.20 zlib/1.2.13 brotli/1.0.9 zstd/1.5.4 libidn2/2.3.3 libpsl/0.21.2 (+libidn2/2.3.3) libssh2/1.10.0 nghttp2/1.52.0 librtmp/2.3 OpenLDAP/2.5.13
client-phone-1      | 16-Sep-2026 18:21:18 [---] Data directory: /var/lib/boinc-client
client-phone-1      | 16-Sep-2026 18:21:18 [---] No usable GPUs found
client-phone-1      | 16-Sep-2026 18:21:18 [---] Creating new client state file
client-phone-1      | 16-Sep-2026 18:21:18 [---] libc:  version 2.36
client-phone-1      | 16-Sep-2026 18:21:18 [---] Host name: phone-01
client-phone-1      | 16-Sep-2026 18:21:18 [---] Processor: 1 ARM  [Impl 0x61 Arch 8 Variant 0x0 Part 0x000 Rev 0]
client-phone-1      | 16-Sep-2026 18:21:18 [---] Processor features: fp asimd evtstrm aes pmull sha1 sha2 crc32 atomics fphp asimdhp cpuid asimdrdm jscvt fcma lrcpc dcpop sha3 asimddp sha512 asimdfhm dit uscat ilrcpc flagm sb paca pacg dcpodp flagm2 frint i8mm bf16 bti afp
client-phone-1      | 16-Sep-2026 18:21:18 [---] OS: Linux Debian GNU/Linux: Debian GNU/Linux 12 (bookworm) [6.8.0-100-generic|libc 2.36]
client-phone-1      | 16-Sep-2026 18:21:18 [---] Memory: 9.69 GB physical, 0 bytes virtual
client-phone-2-1    | 16-Sep-2026 18:21:18 [---] Reading preferences override file
client-phone-2-1    | 16-Sep-2026 18:21:18 [---] Preferences:
mysql-1             | http://dev.mysql.com
mysql-1             | Consider joining MariaDB's strong and vibrant community:
mysql-1             | https://mariadb.org/get-involved/
client-cluster-1    | 16-Sep-2026 18:21:18 [---] This a development version of BOINC and may not function properly
client-cluster-1    | 16-Sep-2026 18:21:18 [---] log flags: file_xfer, sched_ops, task
client-cluster-1    | 16-Sep-2026 18:21:18 [---] Libraries: libcurl/7.88.1 OpenSSL/3.0.20 zlib/1.2.13 brotli/1.0.9 zstd/1.5.4 libidn2/2.3.3 libpsl/0.21.2 (+libidn2/2.3.3) libssh2/1.10.0 nghttp2/1.52.0 librtmp/2.3 OpenLDAP/2.5.13
client-cluster-1    | 16-Sep-2026 18:21:18 [---] Data directory: /var/lib/boinc-client
client-cluster-1    | 16-Sep-2026 18:21:18 [---] No usable GPUs found
client-cluster-1    | 16-Sep-2026 18:21:18 [---] Creating new client state file
client-cluster-1    | 16-Sep-2026 18:21:18 [---] libc:  version 2.36
client-cluster-1    | 16-Sep-2026 18:21:18 [---] Host name: cluster-01
client-cluster-1    | 16-Sep-2026 18:21:18 [---] Processor: 4 ARM  [Impl 0x61 Arch 8 Variant 0x0 Part 0x000 Rev 0]
client-cluster-1    | 16-Sep-2026 18:21:18 [---] Processor features: fp asimd evtstrm aes pmull sha1 sha2 crc32 atomics fphp asimdhp cpuid asimdrdm jscvt fcma lrcpc dcpop sha3 asimddp sha512 asimdfhm dit uscat ilrcpc flagm sb paca pacg dcpodp flagm2 frint i8mm bf16 bti afp
client-cluster-1    | 16-Sep-2026 18:21:18 [---] OS: Linux Debian GNU/Linux: Debian GNU/Linux 12 (bookworm) [6.8.0-100-generic|libc 2.36]
client-cluster-1    | 16-Sep-2026 18:21:18 [---] Memory: 9.69 GB physical, 0 bytes virtual
client-cluster-1    | 16-Sep-2026 18:21:18 [---] Disk: 18.33 GB total, 15.46 GB free
client-cluster-1    | 16-Sep-2026 18:21:18 [---] Local time is UTC +0 hours
mysql-1             | 
mysql-1             | Database initialized
mysql-1             | MySQL init process in progress...
mysql-1             | 2026-09-16 18:19:23 0 [Note] mysqld (mysqld 10.3.8-MariaDB-1:10.3.8+maria~bionic) starting as process 104 ...
mysql-1             | 2026-09-16 18:19:23 0 [Note] InnoDB: Using Linux native AIO
client-phone-1      | 16-Sep-2026 18:21:18 [---] Disk: 18.33 GB total, 15.46 GB free
client-phone-1      | 16-Sep-2026 18:21:18 [---] Local time is UTC +0 hours
client-phone-1      | 16-Sep-2026 18:21:18 [---] Config: GUI RPC allowed from any host
client-phone-1      | 16-Sep-2026 18:21:18 [---] Config: simulate 1 CPUs
apache-1            | 2026-09-16 18:25:02,692 INFO reaped unknown pid 655
apache-1            | 2026-09-16 18:25:02,692 INFO reaped unknown pid 657
apache-1            | 2026-09-16 18:25:02,692 INFO reaped unknown pid 662
apache-1            | 2026-09-16 18:25:02,692 INFO reaped unknown pid 665
apache-1            | 2026-09-16 18:25:02,693 INFO reaped unknown pid 667
apache-1            | 2026-09-16 18:25:02,693 INFO reaped unknown pid 669
client-phone-1      | 16-Sep-2026 18:21:18 [---] Config: report completed tasks immediately
client-phone-1      | 16-Sep-2026 18:21:18 [---] No general preferences found - using defaults
client-phone-1      | 16-Sep-2026 18:21:18 [---] Reading preferences override file
client-phone-1      | 16-Sep-2026 18:21:18 [---] Preferences:
client-phone-1      | 16-Sep-2026 18:21:18 [---]    max memory usage when active: 8929.14 MB
client-phone-1      | 16-Sep-2026 18:21:18 [---]    max memory usage when idle: 8929.14 MB
client-phone-1      | 16-Sep-2026 18:21:18 [---]    max disk usage: 2.00 GB
apache-1            | 2026-09-16 18:25:02,693 INFO reaped unknown pid 671
apache-1            | 2026-09-16 18:25:06,913 INFO reaped unknown pid 658
apache-1            | 2026-09-16 18:25:07,005 INFO reaped unknown pid 660
apache-1            | 2026-09-16 18:25:07,203 INFO reaped unknown pid 663
client-phone-2-1    | 16-Sep-2026 18:21:18 [---]    max memory usage when active: 8929.14 MB
client-phone-2-1    | 16-Sep-2026 18:21:18 [---]    max memory usage when idle: 8929.14 MB
client-phone-2-1    | dir_open: Could not open directory 'slots' from '/var/lib/boinc-client'.
client-phone-2-1    | 16-Sep-2026 18:21:18 [---]    max disk usage: 2.00 GB
client-phone-2-1    | 16-Sep-2026 18:21:18 [---]    don't use GPU while active
client-phone-2-1    | 16-Sep-2026 18:21:18 [---]    suspend work if non-BOINC CPU load exceeds 25%
client-phone-2-1    | 16-Sep-2026 18:21:18 [---]    (to change preferences, visit a project web site or select Preferences in the Manager)
client-phone-2-1    | 16-Sep-2026 18:21:18 [---] Setting up project and slot directories
client-phone-2-1    | 16-Sep-2026 18:21:18 [---] Checking active tasks
client-phone-2-1    | 16-Sep-2026 18:21:18 [---] Setting up GUI RPC socket
client-phone-2-1    | 16-Sep-2026 18:21:18 [---] Checking presence of 0 project files
client-phone-2-1    | 16-Sep-2026 18:21:18 [---] This computer is not attached to any projects
client-phone-2-1    | 16-Sep-2026 18:21:18 Initialization completed
client-cluster-1    | 16-Sep-2026 18:21:18 [---] Config: GUI RPC allowed from any host
client-cluster-1    | 16-Sep-2026 18:21:18 [---] Config: simulate 4 CPUs
client-cluster-1    | 16-Sep-2026 18:21:18 [---] Config: report completed tasks immediately
client-cluster-1    | 16-Sep-2026 18:21:18 [---] No general preferences found - using defaults
mysql-1             | 2026-09-16 18:19:23 0 [Note] InnoDB: Mutexes and rw_locks use GCC atomic builtins
mysql-1             | 2026-09-16 18:19:23 0 [Note] InnoDB: Uses event mutexes
mysql-1             | 2026-09-16 18:19:23 0 [Note] InnoDB: Compressed tables use zlib 1.2.11
mysql-1             | 2026-09-16 18:19:23 0 [Note] InnoDB: Number of pools: 1
mysql-1             | 2026-09-16 18:19:23 0 [Note] InnoDB: Using generic crc32 instructions
mysql-1             | 2026-09-16 18:19:23 0 [Note] InnoDB: Initializing buffer pool, total size = 256M, instances = 1, chunk size = 128M
mysql-1             | 2026-09-16 18:19:23 0 [Note] InnoDB: Completed initialization of buffer pool
mysql-1             | 2026-09-16 18:19:23 0 [Note] InnoDB: If the mysqld execution user is authorized, page cleaner thread priority can be changed. See the man page of setpriority().
mysql-1             | 2026-09-16 18:19:23 0 [Note] InnoDB: 128 out of 128 rollback segments are active.
mysql-1             | 2026-09-16 18:19:23 0 [Note] InnoDB: Creating shared tablespace for temporary tables
mysql-1             | 2026-09-16 18:19:23 0 [Note] InnoDB: Setting file './ibtmp1' size to 12 MB. Physically writing the file full; Please wait ...
client-low-power-1  | 16-Sep-2026 18:21:18 [---] libc:  version 2.36
client-low-power-1  | 16-Sep-2026 18:21:18 [---] Host name: low-power-01
client-low-power-1  | 16-Sep-2026 18:21:18 [---] Processor: 1 ARM  [Impl 0x61 Arch 8 Variant 0x0 Part 0x000 Rev 0]
client-low-power-1  | 16-Sep-2026 18:21:18 [---] Processor features: fp asimd evtstrm aes pmull sha1 sha2 crc32 atomics fphp asimdhp cpuid asimdrdm jscvt fcma lrcpc dcpop sha3 asimddp sha512 asimdfhm dit uscat ilrcpc flagm sb paca pacg dcpodp flagm2 frint i8mm bf16 bti afp
client-desktop-1    | 16-Sep-2026 18:21:34 [boincserver] Started download of hybrid_synthetic_1.0_aarch64-unknown-linux-gnu
client-desktop-1    | 16-Sep-2026 18:21:34 [boincserver] Started download of hybrid_synthetic_input.txt
client-desktop-1    | 16-Sep-2026 18:21:36 [boincserver] Finished download of hybrid_synthetic_1.0_aarch64-unknown-linux-gnu
client-desktop-1    | 16-Sep-2026 18:21:36 [boincserver] Finished download of hybrid_synthetic_input.txt
client-desktop-1    | 16-Sep-2026 18:21:36 [boincserver] Elapsed time limit 50.000000 < 120.000000; setting to 43200.000000
client-cluster-2-1  | dir_open: Could not open directory 'projects/boincserver.local_boincserver' from '/var/lib/boinc-client'.
client-cluster-2-1  | 16-Sep-2026 18:21:24 [---] No general preferences found - using defaults
client-cluster-2-1  | 16-Sep-2026 18:21:24 [---] Reading preferences override file
mysql-1             | 2026-09-16 18:19:23 0 [Note] InnoDB: File './ibtmp1' size is now 12 MB.
mysql-1             | 2026-09-16 18:19:23 0 [Note] InnoDB: 10.3.8 started; log sequence number 1630815; transaction id 21
mysql-1             | 2026-09-16 18:19:23 0 [Note] InnoDB: Loading buffer pool(s) from /var/lib/mysql/ib_buffer_pool
mysql-1             | 2026-09-16 18:19:23 0 [Note] Plugin 'FEEDBACK' is disabled.
client-desktop-1    | 16-Sep-2026 18:21:36 [boincserver] Starting task exp_20260916T180210Z_sjf_short_2_0
client-desktop-1    | 16-Sep-2026 18:21:43 [boincserver] Sending scheduler request: To fetch work.
client-desktop-1    | 16-Sep-2026 18:21:43 [boincserver] Requesting new tasks for CPU
client-desktop-1    | 16-Sep-2026 18:21:45 [boincserver] Computation for task exp_20260916T180210Z_sjf_short_2_0 finished
client-low-power-1  | 16-Sep-2026 18:21:18 [---] OS: Linux Debian GNU/Linux: Debian GNU/Linux 12 (bookworm) [6.8.0-100-generic|libc 2.36]
client-low-power-1  | 16-Sep-2026 18:21:18 [---] Memory: 9.69 GB physical, 0 bytes virtual
client-low-power-1  | 16-Sep-2026 18:21:18 [---] Disk: 18.33 GB total, 15.46 GB free
client-low-power-1  | 16-Sep-2026 18:21:18 [---] Local time is UTC +0 hours
client-cluster-2-1  | 16-Sep-2026 18:21:24 [---] Preferences:
client-cluster-2-1  | 16-Sep-2026 18:21:24 [---]    max memory usage when active: 8929.14 MB
client-desktop-1    | 16-Sep-2026 18:21:45 [boincserver] Scheduler request completed: got 2 new tasks
client-desktop-1    | 16-Sep-2026 18:21:45 [boincserver] Project requested delay of 7 seconds
client-desktop-1    | 16-Sep-2026 18:21:47 [boincserver] Started upload of exp_20260916T180210Z_sjf_short_2_0_r1409126985_0
client-desktop-1    | 16-Sep-2026 18:21:47 [boincserver] Elapsed time limit 50.000000 < 120.000000; setting to 43200.000000
client-phone-2-1    | dir_open: Could not open directory 'projects/boincserver.local_boincserver' from '/var/lib/boinc-client'.
client-phone-2-1    | 16-Sep-2026 18:21:19 [---] No general preferences found - using defaults
client-phone-2-1    | 16-Sep-2026 18:21:19 [---] Reading preferences override file
client-cluster-2-1  | 16-Sep-2026 18:21:24 [---]    max memory usage when idle: 8929.14 MB
client-cluster-2-1  | 16-Sep-2026 18:21:24 [---]    max disk usage: 2.00 GB
client-cluster-2-1  | 16-Sep-2026 18:21:24 [---]    don't use GPU while active
client-cluster-2-1  | 16-Sep-2026 18:21:24 [---]    suspend work if non-BOINC CPU load exceeds 25%
client-cluster-2-1  | 16-Sep-2026 18:21:24 [---]    (to change preferences, visit a project web site or select Preferences in the Manager)
client-cluster-2-1  | 16-Sep-2026 18:21:28 [http://boincserver.local/boincserver/] Fetching scheduler list
client-cluster-2-1  | 16-Sep-2026 18:21:30 [http://boincserver.local/boincserver/] Master file download succeeded
client-cluster-2-1  | 16-Sep-2026 18:21:35 [http://boincserver.local/boincserver/] Sending scheduler request: Project initialization.
mysql-1             | 2026-09-16 18:19:23 0 [Note] InnoDB: Buffer pool(s) load completed at 260916 18:19:23
mysql-1             | 2026-09-16 18:19:23 0 [Warning] 'user' entry 'root@fe2937607763' ignored in --skip-name-resolve mode.
client-phone-1      | 16-Sep-2026 18:21:18 [---]    don't use GPU while active
client-phone-1      | 16-Sep-2026 18:21:18 [---]    suspend work if non-BOINC CPU load exceeds 25%
client-phone-1      | 16-Sep-2026 18:21:18 [---]    (to change preferences, visit a project web site or select Preferences in the Manager)
client-phone-1      | 16-Sep-2026 18:21:18 [---] Setting up project and slot directories
client-phone-1      | 16-Sep-2026 18:21:18 [---] Checking active tasks
client-phone-1      | 16-Sep-2026 18:21:18 [---] Setting up GUI RPC socket
mysql-1             | 2026-09-16 18:19:23 0 [Warning] 'user' entry '@fe2937607763' ignored in --skip-name-resolve mode.
mysql-1             | 2026-09-16 18:19:23 0 [Warning] 'proxies_priv' entry '@% root@fe2937607763' ignored in --skip-name-resolve mode.
mysql-1             | 2026-09-16 18:19:23 0 [Note] Reading of all Master_info entries succeded
mysql-1             | 2026-09-16 18:19:23 0 [Note] Added new Master_info '' to hash table
client-low-power-1  | 16-Sep-2026 18:21:18 [---] Config: GUI RPC allowed from any host
client-low-power-1  | 16-Sep-2026 18:21:18 [---] Config: simulate 1 CPUs
client-low-power-1  | 16-Sep-2026 18:21:18 [---] Config: report completed tasks immediately
client-phone-2-1    | 16-Sep-2026 18:21:19 [---] Preferences:
client-phone-2-1    | 16-Sep-2026 18:21:19 [---]    max memory usage when active: 8929.14 MB
client-phone-2-1    | 16-Sep-2026 18:21:19 [---]    max memory usage when idle: 8929.14 MB
client-phone-2-1    | 16-Sep-2026 18:21:19 [---]    max disk usage: 2.00 GB
client-desktop-1    | 16-Sep-2026 18:21:47 [boincserver] Elapsed time limit 50.000000 < 120.000000; setting to 43200.000000
client-desktop-1    | 16-Sep-2026 18:21:47 [boincserver] Starting task exp_20260916T180210Z_sjf_short_8_0
client-desktop-1    | 16-Sep-2026 18:21:47 [boincserver] Starting task exp_20260916T180210Z_sjf_short_7_0
client-desktop-1    | 16-Sep-2026 18:21:49 [boincserver] Finished upload of exp_20260916T180210Z_sjf_short_2_0_r1409126985_0
client-cluster-1    | 16-Sep-2026 18:21:18 [---] Reading preferences override file
client-cluster-1    | 16-Sep-2026 18:21:18 [---] Preferences:
client-cluster-1    | 16-Sep-2026 18:21:18 [---]    max memory usage when active: 8929.14 MB
client-cluster-1    | 16-Sep-2026 18:21:18 [---]    max memory usage when idle: 8929.14 MB
client-cluster-1    | 16-Sep-2026 18:21:18 [---]    max disk usage: 2.00 GB
mysql-1             | 2026-09-16 18:19:23 0 [Note] mysqld: ready for connections.
mysql-1             | Version: '10.3.8-MariaDB-1:10.3.8+maria~bionic'  socket: '/var/run/mysqld/mysqld.sock'  port: 0  mariadb.org binary distribution
mysql-1             | Warning: Unable to load '/usr/share/zoneinfo/leap-seconds.list' as time zone. Skipping it.
client-phone-2-1    | 16-Sep-2026 18:21:19 [---]    don't use GPU while active
client-phone-2-1    | 16-Sep-2026 18:21:19 [---]    suspend work if non-BOINC CPU load exceeds 25%
client-phone-2-1    | 16-Sep-2026 18:21:19 [---]    (to change preferences, visit a project web site or select Preferences in the Manager)
client-phone-2-1    | 16-Sep-2026 18:21:23 [http://boincserver.local/boincserver/] Fetching scheduler list
client-low-power-1  | 16-Sep-2026 18:21:18 [---] No general preferences found - using defaults
client-low-power-1  | 16-Sep-2026 18:21:18 [---] Reading preferences override file
client-low-power-1  | 16-Sep-2026 18:21:18 [---] Preferences:
client-low-power-1  | 16-Sep-2026 18:21:18 [---]    max memory usage when active: 8929.14 MB
client-low-power-1  | 16-Sep-2026 18:21:18 [---]    max memory usage when idle: 8929.14 MB
client-cluster-2-1  | 16-Sep-2026 18:21:35 [http://boincserver.local/boincserver/] Requesting new tasks for CPU
client-cluster-2-1  | 16-Sep-2026 18:21:37 [boincserver] Scheduler request completed: got 1 new tasks
client-cluster-2-1  | 16-Sep-2026 18:21:37 [boincserver] Project requested delay of 7 seconds
client-cluster-2-1  | 16-Sep-2026 18:21:40 [boincserver] Started download of hybrid_synthetic_1.0_aarch64-unknown-linux-gnu
client-desktop-1    | 16-Sep-2026 18:21:55 [boincserver] Computation for task exp_20260916T180210Z_sjf_short_8_0 finished
client-desktop-1    | 16-Sep-2026 18:21:55 [boincserver] Sending scheduler request: To report completed tasks.
client-desktop-1    | 16-Sep-2026 18:21:55 [boincserver] Reporting 1 completed tasks
client-desktop-1    | 16-Sep-2026 18:21:55 [boincserver] Requesting new tasks for CPU
client-desktop-1    | 16-Sep-2026 18:21:56 [boincserver] Computation for task exp_20260916T180210Z_sjf_short_7_0 finished
client-desktop-1    | 16-Sep-2026 18:21:57 [boincserver] Started upload of exp_20260916T180210Z_sjf_short_8_0_r2120058782_0
mysql-1             | 2026-09-16 18:19:24 10 [Warning] 'proxies_priv' entry '@% root@fe2937607763' ignored in --skip-name-resolve mode.
mysql-1             | 
mysql-1             | 2026-09-16 18:19:24 0 [Note] mysqld (initiated by: unknown): Normal shutdown
mysql-1             | 2026-09-16 18:19:24 0 [Note] Event Scheduler: Purging the queue. 0 events
client-cluster-1    | 16-Sep-2026 18:21:18 [---]    don't use GPU while active
client-cluster-1    | 16-Sep-2026 18:21:18 [---]    suspend work if non-BOINC CPU load exceeds 25%
client-cluster-1    | 16-Sep-2026 18:21:18 [---]    (to change preferences, visit a project web site or select Preferences in the Manager)
client-cluster-1    | 16-Sep-2026 18:21:18 [---] Setting up project and slot directories
client-cluster-1    | 16-Sep-2026 18:21:18 [---] Checking active tasks
client-phone-2-1    | 16-Sep-2026 18:21:25 [http://boincserver.local/boincserver/] Master file download succeeded
client-phone-2-1    | 16-Sep-2026 18:21:30 [http://boincserver.local/boincserver/] Sending scheduler request: Project initialization.
client-phone-2-1    | 16-Sep-2026 18:21:30 [http://boincserver.local/boincserver/] Requesting new tasks for CPU
client-phone-2-1    | 16-Sep-2026 18:21:37 [boincserver] Scheduler request completed: got 1 new tasks
client-phone-2-1    | 16-Sep-2026 18:21:37 [boincserver] Project requested delay of 7 seconds
client-phone-2-1    | 16-Sep-2026 18:21:39 [boincserver] Started download of hybrid_synthetic_1.0_aarch64-unknown-linux-gnu
client-phone-2-1    | 16-Sep-2026 18:21:39 [boincserver] Started download of hybrid_synthetic_input.txt
client-phone-2-1    | 16-Sep-2026 18:21:41 [boincserver] Finished download of hybrid_synthetic_1.0_aarch64-unknown-linux-gnu
client-phone-2-1    | 16-Sep-2026 18:21:41 [boincserver] Finished download of hybrid_synthetic_input.txt
client-phone-2-1    | 16-Sep-2026 18:21:41 [boincserver] Elapsed time limit 50.000000 < 120.000000; setting to 43200.000000
client-phone-2-1    | 16-Sep-2026 18:21:41 [boincserver] Starting task exp_20260916T180210Z_sjf_short_1_0
client-phone-2-1    | 16-Sep-2026 18:21:48 [boincserver] Sending scheduler request: To fetch work.
client-cluster-2-1  | 16-Sep-2026 18:21:40 [boincserver] Started download of hybrid_synthetic_input.txt
client-cluster-2-1  | 16-Sep-2026 18:21:42 [boincserver] Finished download of hybrid_synthetic_1.0_aarch64-unknown-linux-gnu
client-low-power-1  | 16-Sep-2026 18:21:18 [---]    max disk usage: 2.00 GB
client-low-power-1  | 16-Sep-2026 18:21:18 [---]    don't use GPU while active
client-low-power-1  | 16-Sep-2026 18:21:18 [---]    suspend work if non-BOINC CPU load exceeds 25%
client-desktop-1    | 16-Sep-2026 18:21:57 [boincserver] Scheduler request completed: got 2 new tasks
client-desktop-1    | 16-Sep-2026 18:21:57 [boincserver] Project requested delay of 7 seconds
client-desktop-1    | 16-Sep-2026 18:21:58 [boincserver] Started upload of exp_20260916T180210Z_sjf_short_7_0_r617734356_0
client-desktop-1    | 16-Sep-2026 18:21:59 [boincserver] Finished upload of exp_20260916T180210Z_sjf_short_8_0_r2120058782_0
client-desktop-1    | 16-Sep-2026 18:21:59 [boincserver] Finished upload of exp_20260916T180210Z_sjf_short_7_0_r617734356_0
client-desktop-1    | 16-Sep-2026 18:21:59 [boincserver] Starting task exp_20260916T180210Z_sjf_medium_3_0
client-desktop-1    | 16-Sep-2026 18:21:59 [boincserver] Starting task exp_20260916T180210Z_sjf_medium_2_0
client-desktop-1    | 16-Sep-2026 18:22:07 [boincserver] Sending scheduler request: To report completed tasks.
client-desktop-1    | 16-Sep-2026 18:22:07 [boincserver] Reporting 2 completed tasks
client-desktop-1    | 16-Sep-2026 18:22:07 [boincserver] Requesting new tasks for CPU
client-phone-1      | dir_open: Could not open directory 'slots' from '/var/lib/boinc-client'.
client-phone-1      | 16-Sep-2026 18:21:18 [---] Checking presence of 0 project files
client-phone-1      | 16-Sep-2026 18:21:18 [---] This computer is not attached to any projects
client-phone-1      | 16-Sep-2026 18:21:18 Initialization completed
client-phone-1      | dir_open: Could not open directory 'projects/boincserver.local_boincserver' from '/var/lib/boinc-client'.
client-phone-1      | 16-Sep-2026 18:21:19 [---] No general preferences found - using defaults
client-phone-1      | 16-Sep-2026 18:21:19 [---] Reading preferences override file
client-phone-1      | 16-Sep-2026 18:21:19 [---] Preferences:
client-phone-1      | 16-Sep-2026 18:21:19 [---]    max memory usage when active: 8929.14 MB
client-phone-2-1    | 16-Sep-2026 18:21:48 [boincserver] Requesting new tasks for CPU
client-desktop-1    | 16-Sep-2026 18:22:09 [boincserver] Scheduler request completed: got 2 new tasks
client-desktop-1    | 16-Sep-2026 18:22:09 [boincserver] Project requested delay of 7 seconds
client-desktop-1    | 16-Sep-2026 18:22:19 [boincserver] Sending scheduler request: To fetch work.
client-phone-1      | 16-Sep-2026 18:21:19 [---]    max memory usage when idle: 8929.14 MB
client-phone-1      | 16-Sep-2026 18:21:19 [---]    max disk usage: 2.00 GB
client-phone-1      | 16-Sep-2026 18:21:19 [---]    don't use GPU while active
client-phone-1      | 16-Sep-2026 18:21:19 [---]    suspend work if non-BOINC CPU load exceeds 25%
client-phone-1      | 16-Sep-2026 18:21:19 [---]    (to change preferences, visit a project web site or select Preferences in the Manager)
client-phone-1      | 16-Sep-2026 18:21:23 [http://boincserver.local/boincserver/] Fetching scheduler list
client-phone-1      | 16-Sep-2026 18:21:25 [http://boincserver.local/boincserver/] Master file download succeeded
client-phone-2-1    | 16-Sep-2026 18:21:50 [boincserver] Scheduler request completed: got 1 new tasks
client-phone-2-1    | 16-Sep-2026 18:21:50 [boincserver] Project requested delay of 7 seconds
client-phone-2-1    | 16-Sep-2026 18:21:51 [boincserver] Computation for task exp_20260916T180210Z_sjf_short_1_0 finished
client-phone-1      | 16-Sep-2026 18:21:30 [http://boincserver.local/boincserver/] Sending scheduler request: Project initialization.
client-phone-1      | 16-Sep-2026 18:21:30 [http://boincserver.local/boincserver/] Requesting new tasks for CPU
client-phone-1      | 16-Sep-2026 18:21:37 [boincserver] Scheduler request completed: got 1 new tasks
client-phone-1      | 16-Sep-2026 18:21:37 [boincserver] Project requested delay of 7 seconds
client-phone-1      | 16-Sep-2026 18:21:39 [boincserver] Started download of hybrid_synthetic_1.0_aarch64-unknown-linux-gnu
client-phone-1      | 16-Sep-2026 18:21:39 [boincserver] Started download of hybrid_synthetic_input.txt
client-desktop-1    | 16-Sep-2026 18:22:19 [boincserver] Requesting new tasks for CPU
client-desktop-1    | 16-Sep-2026 18:22:26 [boincserver] Scheduler request completed: got 0 new tasks
client-desktop-1    | 16-Sep-2026 18:22:26 [boincserver] Project has no tasks available
client-cluster-1    | 16-Sep-2026 18:21:18 [---] Setting up GUI RPC socket
client-cluster-1    | dir_open: Could not open directory 'slots' from '/var/lib/boinc-client'.
client-cluster-1    | 16-Sep-2026 18:21:18 [---] Checking presence of 0 project files
client-cluster-1    | 16-Sep-2026 18:21:18 [---] This computer is not attached to any projects
client-cluster-1    | 16-Sep-2026 18:21:18 Initialization completed
client-cluster-1    | dir_open: Could not open directory 'projects/boincserver.local_boincserver' from '/var/lib/boinc-client'.
client-cluster-1    | 16-Sep-2026 18:21:19 [---] No general preferences found - using defaults
client-low-power-1  | 16-Sep-2026 18:21:18 [---]    (to change preferences, visit a project web site or select Preferences in the Manager)
client-low-power-1  | 16-Sep-2026 18:21:18 [---] Setting up project and slot directories
client-phone-1      | 16-Sep-2026 18:21:41 [boincserver] Finished download of hybrid_synthetic_1.0_aarch64-unknown-linux-gnu
client-phone-1      | 16-Sep-2026 18:21:41 [boincserver] Finished download of hybrid_synthetic_input.txt
client-phone-1      | 16-Sep-2026 18:21:41 [boincserver] Elapsed time limit 50.000000 < 120.000000; setting to 43200.000000
client-phone-1      | 16-Sep-2026 18:21:41 [boincserver] Starting task exp_20260916T180210Z_sjf_short_3_0
client-phone-1      | 16-Sep-2026 18:21:48 [boincserver] Sending scheduler request: To fetch work.
client-phone-1      | 16-Sep-2026 18:21:48 [boincserver] Requesting new tasks for CPU
client-phone-1      | 16-Sep-2026 18:21:51 [boincserver] Computation for task exp_20260916T180210Z_sjf_short_3_0 finished
client-phone-2-1    | 16-Sep-2026 18:21:52 [boincserver] Elapsed time limit 50.000000 < 120.000000; setting to 43200.000000
client-phone-2-1    | 16-Sep-2026 18:21:52 [boincserver] Starting task exp_20260916T180210Z_sjf_short_13_0
client-phone-2-1    | 16-Sep-2026 18:21:53 [boincserver] Started upload of exp_20260916T180210Z_sjf_short_1_0_r727685048_0
client-cluster-1    | 16-Sep-2026 18:21:19 [---] Reading preferences override file
client-cluster-1    | 16-Sep-2026 18:21:19 [---] Preferences:
client-desktop-1    | 16-Sep-2026 18:22:26 [boincserver] Project requested delay of 7 seconds
client-desktop-1    | 16-Sep-2026 18:22:42 [boincserver] Computation for task exp_20260916T180210Z_sjf_medium_3_0 finished
client-desktop-1    | 16-Sep-2026 18:22:42 [boincserver] Starting task exp_20260916T180210Z_sjf_long_3_0
client-desktop-1    | 16-Sep-2026 18:22:43 [boincserver] Computation for task exp_20260916T180210Z_sjf_medium_2_0 finished
client-phone-2-1    | 16-Sep-2026 18:21:55 [boincserver] Finished upload of exp_20260916T180210Z_sjf_short_1_0_r727685048_0
client-phone-2-1    | 16-Sep-2026 18:22:00 [boincserver] Sending scheduler request: To report completed tasks.
client-phone-2-1    | 16-Sep-2026 18:22:00 [boincserver] Reporting 1 completed tasks
client-phone-2-1    | 16-Sep-2026 18:22:00 [boincserver] Requesting new tasks for CPU
client-phone-2-1    | 16-Sep-2026 18:22:01 [boincserver] Computation for task exp_20260916T180210Z_sjf_short_13_0 finished
client-phone-2-1    | 16-Sep-2026 18:22:03 [boincserver] Started upload of exp_20260916T180210Z_sjf_short_13_0_r20149109_0
mysql-1             | 2026-09-16 18:19:24 0 [Note] InnoDB: FTS optimize thread exiting.
mysql-1             | 2026-09-16 18:19:24 0 [Note] InnoDB: Starting shutdown...
mysql-1             | 2026-09-16 18:19:24 0 [Note] InnoDB: Dumping buffer pool(s) to /var/lib/mysql/ib_buffer_pool
mysql-1             | 2026-09-16 18:19:24 0 [Note] InnoDB: Buffer pool(s) dump completed at 260916 18:19:24
mysql-1             | 2026-09-16 18:19:25 0 [Note] InnoDB: Shutdown completed; log sequence number 1630824; transaction id 24
mysql-1             | 2026-09-16 18:19:25 0 [Note] InnoDB: Removed temporary tablespace data file: "ibtmp1"
mysql-1             | 2026-09-16 18:19:25 0 [Note] mysqld: Shutdown complete
client-low-power-1  | 16-Sep-2026 18:21:18 [---] Checking active tasks
client-low-power-1  | 16-Sep-2026 18:21:18 [---] Setting up GUI RPC socket
client-low-power-1  | dir_open: Could not open directory 'slots' from '/var/lib/boinc-client'.
client-low-power-1  | 16-Sep-2026 18:21:18 [---] Checking presence of 0 project files
client-low-power-1  | 16-Sep-2026 18:21:18 [---] This computer is not attached to any projects
client-desktop-1    | 16-Sep-2026 18:22:43 [boincserver] Starting task exp_20260916T180210Z_sjf_long_4_0
client-desktop-1    | 16-Sep-2026 18:22:44 [boincserver] Started upload of exp_20260916T180210Z_sjf_medium_3_0_r1287914300_0
mysql-1             | 
client-low-power-1  | 16-Sep-2026 18:21:18 Initialization completed
client-low-power-1  | dir_open: Could not open directory 'projects/boincserver.local_boincserver' from '/var/lib/boinc-client'.
client-low-power-1  | 16-Sep-2026 18:21:19 [---] No general preferences found - using defaults
client-low-power-1  | 16-Sep-2026 18:21:19 [---] Reading preferences override file
client-cluster-2-1  | 16-Sep-2026 18:21:43 [boincserver] Finished download of hybrid_synthetic_input.txt
client-cluster-2-1  | 16-Sep-2026 18:21:43 [boincserver] Elapsed time limit 50.000000 < 120.000000; setting to 43200.000000
client-cluster-2-1  | 16-Sep-2026 18:21:43 [boincserver] Starting task exp_20260916T180210Z_sjf_short_6_0
client-cluster-2-1  | 16-Sep-2026 18:21:48 [boincserver] Sending scheduler request: To fetch work.
client-cluster-2-1  | 16-Sep-2026 18:21:48 [boincserver] Requesting new tasks for CPU
client-cluster-2-1  | 16-Sep-2026 18:21:51 [boincserver] Computation for task exp_20260916T180210Z_sjf_short_6_0 finished
client-cluster-1    | 16-Sep-2026 18:21:19 [---]    max memory usage when active: 8929.14 MB
client-cluster-1    | 16-Sep-2026 18:21:19 [---]    max memory usage when idle: 8929.14 MB
client-phone-2-1    | 16-Sep-2026 18:22:05 [boincserver] Finished upload of exp_20260916T180210Z_sjf_short_13_0_r20149109_0
client-phone-2-1    | 16-Sep-2026 18:22:07 [boincserver] Scheduler request completed: got 1 new tasks
client-phone-2-1    | 16-Sep-2026 18:22:07 [boincserver] Project requested delay of 7 seconds
client-phone-2-1    | 16-Sep-2026 18:22:09 [boincserver] Starting task exp_20260916T180210Z_sjf_medium_5_0
client-low-power-1  | 16-Sep-2026 18:21:19 [---] Preferences:
client-low-power-1  | 16-Sep-2026 18:21:19 [---]    max memory usage when active: 8929.14 MB
client-low-power-1  | 16-Sep-2026 18:21:19 [---]    max memory usage when idle: 8929.14 MB
client-low-power-1  | 16-Sep-2026 18:21:19 [---]    max disk usage: 2.00 GB
client-low-power-1  | 16-Sep-2026 18:21:19 [---]    don't use GPU while active
client-low-power-1  | 16-Sep-2026 18:21:19 [---]    suspend work if non-BOINC CPU load exceeds 25%
client-low-power-1  | 16-Sep-2026 18:21:19 [---]    (to change preferences, visit a project web site or select Preferences in the Manager)
client-low-power-1  | 16-Sep-2026 18:21:23 [http://boincserver.local/boincserver/] Fetching scheduler list
client-low-power-1  | 16-Sep-2026 18:21:30 [http://boincserver.local/boincserver/] Master file download succeeded
client-low-power-1  | 16-Sep-2026 18:21:35 [http://boincserver.local/boincserver/] Sending scheduler request: Project initialization.
client-low-power-1  | 16-Sep-2026 18:21:35 [http://boincserver.local/boincserver/] Requesting new tasks for CPU
client-low-power-1  | 16-Sep-2026 18:21:37 [boincserver] Scheduler request completed: got 1 new tasks
client-low-power-1  | 16-Sep-2026 18:21:37 [boincserver] Project requested delay of 7 seconds
client-low-power-1  | 16-Sep-2026 18:21:39 [boincserver] Started download of hybrid_synthetic_1.0_aarch64-unknown-linux-gnu
client-low-power-1  | 16-Sep-2026 18:21:39 [boincserver] Started download of hybrid_synthetic_input.txt
client-cluster-2-1  | 16-Sep-2026 18:21:53 [boincserver] Started upload of exp_20260916T180210Z_sjf_short_6_0_r1631502579_0
client-cluster-2-1  | 16-Sep-2026 18:21:55 [boincserver] Finished upload of exp_20260916T180210Z_sjf_short_6_0_r1631502579_0
client-cluster-2-1  | 16-Sep-2026 18:21:55 [boincserver] Scheduler request completed: got 4 new tasks
client-cluster-2-1  | 16-Sep-2026 18:21:55 [boincserver] Project requested delay of 7 seconds
client-cluster-2-1  | 16-Sep-2026 18:21:57 [boincserver] Elapsed time limit 50.000000 < 120.000000; setting to 43200.000000
client-cluster-2-1  | 16-Sep-2026 18:21:57 [boincserver] Elapsed time limit 50.000000 < 120.000000; setting to 43200.000000
client-cluster-2-1  | 16-Sep-2026 18:21:57 [boincserver] Elapsed time limit 50.000000 < 120.000000; setting to 43200.000000
client-cluster-2-1  | 16-Sep-2026 18:21:57 [boincserver] Starting task exp_20260916T180210Z_sjf_medium_1_0
client-cluster-2-1  | 16-Sep-2026 18:21:57 [boincserver] Starting task exp_20260916T180210Z_sjf_short_16_0
client-cluster-2-1  | 16-Sep-2026 18:21:57 [boincserver] Starting task exp_20260916T180210Z_sjf_short_18_0
client-cluster-2-1  | 16-Sep-2026 18:21:57 [boincserver] Starting task exp_20260916T180210Z_sjf_short_17_0
client-cluster-2-1  | 16-Sep-2026 18:22:05 [boincserver] Computation for task exp_20260916T180210Z_sjf_short_16_0 finished
client-cluster-2-1  | 16-Sep-2026 18:22:05 [boincserver] Sending scheduler request: To report completed tasks.
client-cluster-2-1  | 16-Sep-2026 18:22:05 [boincserver] Reporting 1 completed tasks
client-cluster-2-1  | 16-Sep-2026 18:22:05 [boincserver] Requesting new tasks for CPU
client-cluster-2-1  | 16-Sep-2026 18:22:06 [boincserver] Computation for task exp_20260916T180210Z_sjf_short_18_0 finished
client-cluster-1    | 16-Sep-2026 18:21:19 [---]    max disk usage: 2.00 GB
client-cluster-1    | 16-Sep-2026 18:21:19 [---]    don't use GPU while active
client-cluster-1    | 16-Sep-2026 18:21:19 [---]    suspend work if non-BOINC CPU load exceeds 25%
client-cluster-1    | 16-Sep-2026 18:21:19 [---]    (to change preferences, visit a project web site or select Preferences in the Manager)
client-cluster-1    | 16-Sep-2026 18:21:23 [http://boincserver.local/boincserver/] Fetching scheduler list
client-cluster-1    | 16-Sep-2026 18:21:25 [http://boincserver.local/boincserver/] Master file download succeeded
client-cluster-1    | 16-Sep-2026 18:21:30 [http://boincserver.local/boincserver/] Sending scheduler request: Project initialization.
client-cluster-1    | 16-Sep-2026 18:21:30 [http://boincserver.local/boincserver/] Requesting new tasks for CPU
client-cluster-1    | 16-Sep-2026 18:21:32 [boincserver] Scheduler request completed: got 1 new tasks
client-desktop-1    | 16-Sep-2026 18:22:45 [boincserver] Started upload of exp_20260916T180210Z_sjf_medium_2_0_r1321272252_0
client-desktop-1    | 16-Sep-2026 18:22:46 [boincserver] Finished upload of exp_20260916T180210Z_sjf_medium_3_0_r1287914300_0
client-desktop-1    | 16-Sep-2026 18:22:46 [boincserver] Finished upload of exp_20260916T180210Z_sjf_medium_2_0_r1321272252_0
client-desktop-1    | 16-Sep-2026 18:22:50 [boincserver] Sending scheduler request: To report completed tasks.
mysql-1             | 
mysql-1             | MySQL init process done. Ready for start up.
mysql-1             | 
mysql-1             | 2026-09-16 18:19:25 0 [Note] mysqld (mysqld 10.3.8-MariaDB-1:10.3.8+maria~bionic) starting as process 1 ...
mysql-1             | 2026-09-16 18:19:25 0 [Note] InnoDB: Using Linux native AIO
client-low-power-1  | 16-Sep-2026 18:21:41 [boincserver] Finished download of hybrid_synthetic_1.0_aarch64-unknown-linux-gnu
client-low-power-1  | 16-Sep-2026 18:21:41 [boincserver] Finished download of hybrid_synthetic_input.txt
client-low-power-1  | 16-Sep-2026 18:21:41 [boincserver] Elapsed time limit 50.000000 < 120.000000; setting to 43200.000000
client-low-power-1  | 16-Sep-2026 18:21:41 [boincserver] Starting task exp_20260916T180210Z_sjf_short_5_0
client-low-power-1  | 16-Sep-2026 18:21:48 [boincserver] Sending scheduler request: To fetch work.
client-low-power-1  | 16-Sep-2026 18:21:48 [boincserver] Requesting new tasks for CPU
client-low-power-1  | 16-Sep-2026 18:21:51 [boincserver] Computation for task exp_20260916T180210Z_sjf_short_5_0 finished
client-low-power-1  | 16-Sep-2026 18:21:53 [boincserver] Started upload of exp_20260916T180210Z_sjf_short_5_0_r1105255340_0
client-cluster-1    | 16-Sep-2026 18:21:32 [boincserver] Project requested delay of 7 seconds
client-cluster-1    | 16-Sep-2026 18:21:34 [boincserver] Started download of hybrid_synthetic_1.0_aarch64-unknown-linux-gnu
client-low-power-1  | 16-Sep-2026 18:21:55 [boincserver] Finished upload of exp_20260916T180210Z_sjf_short_5_0_r1105255340_0
client-low-power-1  | 16-Sep-2026 18:21:55 [boincserver] Scheduler request completed: got 1 new tasks
client-low-power-1  | 16-Sep-2026 18:21:55 [boincserver] Project requested delay of 7 seconds
client-low-power-1  | 16-Sep-2026 18:21:57 [boincserver] Elapsed time limit 50.000000 < 120.000000; setting to 43200.000000
client-desktop-1    | 16-Sep-2026 18:22:50 [boincserver] Reporting 2 completed tasks
client-desktop-1    | 16-Sep-2026 18:22:50 [boincserver] Requesting new tasks for CPU
client-desktop-1    | 16-Sep-2026 18:22:57 [boincserver] Scheduler request completed: got 0 new tasks
client-desktop-1    | 16-Sep-2026 18:22:57 [boincserver] Project has no tasks available
client-desktop-1    | 16-Sep-2026 18:22:57 [boincserver] Project requested delay of 7 seconds
client-desktop-1    | 16-Sep-2026 18:23:07 [boincserver] Sending scheduler request: To fetch work.
client-desktop-1    | 16-Sep-2026 18:23:07 [boincserver] Requesting new tasks for CPU
client-desktop-1    | 16-Sep-2026 18:23:09 [boincserver] Scheduler request completed: got 0 new tasks
client-desktop-1    | 16-Sep-2026 18:23:09 [boincserver] Project has no tasks available
client-desktop-1    | 16-Sep-2026 18:23:09 [boincserver] Project requested delay of 7 seconds
client-desktop-1    | 16-Sep-2026 18:24:44 [boincserver] Computation for task exp_20260916T180210Z_sjf_long_3_0 finished
client-desktop-1    | 16-Sep-2026 18:24:45 [boincserver] Computation for task exp_20260916T180210Z_sjf_long_4_0 finished
client-desktop-1    | 16-Sep-2026 18:24:46 [boincserver] Started upload of exp_20260916T180210Z_sjf_long_3_0_r186281766_0
client-desktop-1    | 16-Sep-2026 18:24:47 [boincserver] Started upload of exp_20260916T180210Z_sjf_long_4_0_r2023090465_0
client-desktop-1    | 16-Sep-2026 18:24:48 [boincserver] Finished upload of exp_20260916T180210Z_sjf_long_3_0_r186281766_0
client-desktop-1    | 16-Sep-2026 18:24:48 [boincserver] Finished upload of exp_20260916T180210Z_sjf_long_4_0_r2023090465_0
client-desktop-1    | 16-Sep-2026 18:24:51 [boincserver] Sending scheduler request: To report completed tasks.
mysql-1             | 2026-09-16 18:19:25 0 [Note] InnoDB: Mutexes and rw_locks use GCC atomic builtins
mysql-1             | 2026-09-16 18:19:25 0 [Note] InnoDB: Uses event mutexes
mysql-1             | 2026-09-16 18:19:25 0 [Note] InnoDB: Compressed tables use zlib 1.2.11
mysql-1             | 2026-09-16 18:19:25 0 [Note] InnoDB: Number of pools: 1
mysql-1             | 2026-09-16 18:19:25 0 [Note] InnoDB: Using generic crc32 instructions
mysql-1             | 2026-09-16 18:19:25 0 [Note] InnoDB: Initializing buffer pool, total size = 256M, instances = 1, chunk size = 128M
mysql-1             | 2026-09-16 18:19:25 0 [Note] InnoDB: Completed initialization of buffer pool
mysql-1             | 2026-09-16 18:19:25 0 [Note] InnoDB: If the mysqld execution user is authorized, page cleaner thread priority can be changed. See the man page of setpriority().
mysql-1             | 2026-09-16 18:19:25 0 [Note] InnoDB: 128 out of 128 rollback segments are active.
client-phone-2-1    | 16-Sep-2026 18:22:17 [boincserver] Sending scheduler request: To report completed tasks.
client-phone-2-1    | 16-Sep-2026 18:22:17 [boincserver] Reporting 1 completed tasks
client-phone-2-1    | 16-Sep-2026 18:22:17 [boincserver] Requesting new tasks for CPU
client-phone-2-1    | 16-Sep-2026 18:22:19 [boincserver] Scheduler request completed: got 1 new tasks
client-phone-2-1    | 16-Sep-2026 18:22:19 [boincserver] Project requested delay of 7 seconds
client-phone-2-1    | 16-Sep-2026 18:22:29 [boincserver] Sending scheduler request: To fetch work.
client-phone-2-1    | 16-Sep-2026 18:22:29 [boincserver] Requesting new tasks for CPU
client-phone-2-1    | 16-Sep-2026 18:22:31 [boincserver] Scheduler request completed: got 0 new tasks
client-phone-2-1    | 16-Sep-2026 18:22:31 [boincserver] Project has no tasks available
client-phone-2-1    | 16-Sep-2026 18:22:31 [boincserver] Project requested delay of 7 seconds
client-phone-2-1    | 16-Sep-2026 18:22:42 [boincserver] Computation for task exp_20260916T180210Z_sjf_medium_5_0 finished
client-cluster-1    | 16-Sep-2026 18:21:34 [boincserver] Started download of hybrid_synthetic_input.txt
client-cluster-1    | 16-Sep-2026 18:21:37 [boincserver] Finished download of hybrid_synthetic_1.0_aarch64-unknown-linux-gnu
client-cluster-1    | 16-Sep-2026 18:21:37 [boincserver] Finished download of hybrid_synthetic_input.txt
client-cluster-1    | 16-Sep-2026 18:21:37 [boincserver] Elapsed time limit 50.000000 < 120.000000; setting to 43200.000000
client-cluster-1    | 16-Sep-2026 18:21:37 [boincserver] Starting task exp_20260916T180210Z_sjf_short_4_0
client-cluster-1    | 16-Sep-2026 18:21:43 [boincserver] Sending scheduler request: To fetch work.
client-low-power-1  | 16-Sep-2026 18:21:57 [boincserver] Starting task exp_20260916T180210Z_sjf_short_15_0
client-low-power-1  | 16-Sep-2026 18:22:05 [boincserver] Computation for task exp_20260916T180210Z_sjf_short_15_0 finished
client-low-power-1  | 16-Sep-2026 18:22:05 [boincserver] Sending scheduler request: To report completed tasks.
client-cluster-1    | 16-Sep-2026 18:21:43 [boincserver] Requesting new tasks for CPU
client-cluster-1    | 16-Sep-2026 18:21:45 [boincserver] Computation for task exp_20260916T180210Z_sjf_short_4_0 finished
client-cluster-1    | 16-Sep-2026 18:21:45 [boincserver] Scheduler request completed: got 4 new tasks
client-cluster-1    | 16-Sep-2026 18:21:45 [boincserver] Project requested delay of 7 seconds
client-cluster-1    | 16-Sep-2026 18:21:47 [boincserver] Started upload of exp_20260916T180210Z_sjf_short_4_0_r2053298662_0
client-cluster-1    | 16-Sep-2026 18:21:47 [boincserver] Elapsed time limit 50.000000 < 120.000000; setting to 43200.000000
client-cluster-1    | 16-Sep-2026 18:21:47 [boincserver] Elapsed time limit 50.000000 < 120.000000; setting to 43200.000000
client-cluster-1    | 16-Sep-2026 18:21:47 [boincserver] Elapsed time limit 50.000000 < 120.000000; setting to 43200.000000
client-cluster-1    | 16-Sep-2026 18:21:47 [boincserver] Elapsed time limit 50.000000 < 120.000000; setting to 43200.000000
client-cluster-1    | 16-Sep-2026 18:21:47 [boincserver] Starting task exp_20260916T180210Z_sjf_short_12_0
client-phone-2-1    | 16-Sep-2026 18:22:42 [boincserver] Starting task exp_20260916T180210Z_sjf_long_6_0
client-phone-2-1    | 16-Sep-2026 18:22:44 [boincserver] Started upload of exp_20260916T180210Z_sjf_medium_5_0_r2099045822_0
client-phone-2-1    | 16-Sep-2026 18:22:46 [boincserver] Finished upload of exp_20260916T180210Z_sjf_medium_5_0_r2099045822_0
client-phone-2-1    | 16-Sep-2026 18:22:46 [boincserver] Sending scheduler request: To report completed tasks.
client-phone-2-1    | 16-Sep-2026 18:22:46 [boincserver] Reporting 1 completed tasks
client-phone-2-1    | 16-Sep-2026 18:22:46 [boincserver] Requesting new tasks for CPU
client-phone-2-1    | 16-Sep-2026 18:22:52 [boincserver] Scheduler request completed: got 0 new tasks
client-cluster-2-1  | 16-Sep-2026 18:22:07 [boincserver] Started upload of exp_20260916T180210Z_sjf_short_16_0_r1801567062_0
client-cluster-2-1  | 16-Sep-2026 18:22:07 [boincserver] Computation for task exp_20260916T180210Z_sjf_short_17_0 finished
client-cluster-2-1  | 16-Sep-2026 18:22:07 [boincserver] Scheduler request completed: got 4 new tasks
client-phone-1      | 16-Sep-2026 18:21:53 [boincserver] Started upload of exp_20260916T180210Z_sjf_short_3_0_r1060357994_0
client-phone-1      | 16-Sep-2026 18:21:55 [boincserver] Finished upload of exp_20260916T180210Z_sjf_short_3_0_r1060357994_0
client-phone-1      | 16-Sep-2026 18:21:55 [boincserver] Scheduler request completed: got 1 new tasks
client-phone-1      | 16-Sep-2026 18:21:55 [boincserver] Project requested delay of 7 seconds
client-low-power-1  | 16-Sep-2026 18:22:05 [boincserver] Reporting 1 completed tasks
client-low-power-1  | 16-Sep-2026 18:22:05 [boincserver] Requesting new tasks for CPU
client-low-power-1  | 16-Sep-2026 18:22:07 [boincserver] Started upload of exp_20260916T180210Z_sjf_short_15_0_r835354017_0
client-low-power-1  | 16-Sep-2026 18:22:07 [boincserver] Scheduler request completed: got 1 new tasks
client-low-power-1  | 16-Sep-2026 18:22:07 [boincserver] Project requested delay of 7 seconds
client-low-power-1  | 16-Sep-2026 18:22:09 [boincserver] Finished upload of exp_20260916T180210Z_sjf_short_15_0_r835354017_0
mysql-1             | 2026-09-16 18:19:25 0 [Note] InnoDB: Creating shared tablespace for temporary tables
mysql-1             | 2026-09-16 18:19:25 0 [Note] InnoDB: Setting file './ibtmp1' size to 12 MB. Physically writing the file full; Please wait ...
mysql-1             | 2026-09-16 18:19:25 0 [Note] InnoDB: File './ibtmp1' size is now 12 MB.
mysql-1             | 2026-09-16 18:19:25 0 [Note] InnoDB: 10.3.8 started; log sequence number 1630824; transaction id 21
mysql-1             | 2026-09-16 18:19:25 0 [Note] InnoDB: Loading buffer pool(s) from /var/lib/mysql/ib_buffer_pool
client-cluster-1    | 16-Sep-2026 18:21:47 [boincserver] Starting task exp_20260916T180210Z_sjf_short_11_0
client-cluster-1    | 16-Sep-2026 18:21:47 [boincserver] Starting task exp_20260916T180210Z_sjf_short_9_0
client-cluster-1    | 16-Sep-2026 18:21:47 [boincserver] Starting task exp_20260916T180210Z_sjf_short_10_0
client-cluster-1    | 16-Sep-2026 18:21:49 [boincserver] Finished upload of exp_20260916T180210Z_sjf_short_4_0_r2053298662_0
client-cluster-1    | 16-Sep-2026 18:21:55 [boincserver] Computation for task exp_20260916T180210Z_sjf_short_12_0 finished
client-cluster-1    | 16-Sep-2026 18:21:55 [boincserver] Sending scheduler request: To report completed tasks.
client-phone-2-1    | 16-Sep-2026 18:22:52 [boincserver] Project has no tasks available
client-phone-2-1    | 16-Sep-2026 18:22:52 [boincserver] Project requested delay of 7 seconds
client-phone-2-1    | 16-Sep-2026 18:23:10 [boincserver] Sending scheduler request: To fetch work.
client-phone-2-1    | 16-Sep-2026 18:23:10 [boincserver] Requesting new tasks for CPU
client-phone-2-1    | 16-Sep-2026 18:23:16 [boincserver] Scheduler request completed: got 0 new tasks
client-phone-2-1    | 16-Sep-2026 18:23:16 [boincserver] Project has no tasks available
client-phone-2-1    | 16-Sep-2026 18:23:16 [boincserver] Project requested delay of 7 seconds
client-phone-2-1    | 16-Sep-2026 18:24:54 [boincserver] Computation for task exp_20260916T180210Z_sjf_long_6_0 finished
client-phone-2-1    | 16-Sep-2026 18:24:56 [boincserver] Started upload of exp_20260916T180210Z_sjf_long_6_0_r409228815_0
client-phone-2-1    | 16-Sep-2026 18:24:58 [boincserver] Finished upload of exp_20260916T180210Z_sjf_long_6_0_r409228815_0
client-phone-2-1    | 16-Sep-2026 18:25:02 [boincserver] Sending scheduler request: To report completed tasks.
client-phone-2-1    | 16-Sep-2026 18:25:02 [boincserver] Reporting 1 completed tasks
client-phone-2-1    | 16-Sep-2026 18:25:02 [boincserver] Requesting new tasks for CPU
client-phone-2-1    | 16-Sep-2026 18:25:04 [boincserver] Scheduler request completed: got 0 new tasks
client-phone-2-1    | 16-Sep-2026 18:25:04 [boincserver] Project has no tasks available
client-low-power-1  | 16-Sep-2026 18:22:09 [boincserver] Starting task exp_20260916T180210Z_sjf_medium_9_0
client-low-power-1  | 16-Sep-2026 18:22:17 [boincserver] Sending scheduler request: To report completed tasks.
client-low-power-1  | 16-Sep-2026 18:22:17 [boincserver] Reporting 1 completed tasks
client-low-power-1  | 16-Sep-2026 18:22:17 [boincserver] Requesting new tasks for CPU
client-low-power-1  | 16-Sep-2026 18:22:24 [boincserver] Scheduler request completed: got 1 new tasks
client-low-power-1  | 16-Sep-2026 18:22:24 [boincserver] Project requested delay of 7 seconds
client-low-power-1  | 16-Sep-2026 18:22:34 [boincserver] Sending scheduler request: To fetch work.
client-low-power-1  | 16-Sep-2026 18:22:34 [boincserver] Requesting new tasks for CPU
client-low-power-1  | 16-Sep-2026 18:22:49 [boincserver] Scheduler request completed: got 0 new tasks
client-low-power-1  | 16-Sep-2026 18:22:49 [boincserver] Project has no tasks available
client-low-power-1  | 16-Sep-2026 18:22:49 [boincserver] Project requested delay of 7 seconds
client-low-power-1  | 16-Sep-2026 18:22:50 [boincserver] Computation for task exp_20260916T180210Z_sjf_medium_9_0 finished
client-low-power-1  | 16-Sep-2026 18:22:50 [boincserver] Starting task exp_20260916T180210Z_sjf_long_5_0
client-low-power-1  | 16-Sep-2026 18:22:52 [boincserver] Started upload of exp_20260916T180210Z_sjf_medium_9_0_r788458994_0
client-phone-2-1    | 16-Sep-2026 18:25:04 [boincserver] Project requested delay of 7 seconds
client-phone-2-1    | 16-Sep-2026 18:25:14 [boincserver] Sending scheduler request: To fetch work.
client-phone-2-1    | 16-Sep-2026 18:25:14 [boincserver] Requesting new tasks for CPU
client-phone-2-1    | 16-Sep-2026 18:25:16 [boincserver] Scheduler request completed: got 0 new tasks
client-phone-2-1    | 16-Sep-2026 18:25:16 [boincserver] Project has no tasks available
client-phone-2-1    | 16-Sep-2026 18:25:16 [boincserver] Project requested delay of 7 seconds
mysql-1             | 2026-09-16 18:19:25 0 [Note] Plugin 'FEEDBACK' is disabled.
mysql-1             | 2026-09-16 18:19:25 0 [Note] InnoDB: Buffer pool(s) load completed at 260916 18:19:25
mysql-1             | 2026-09-16 18:19:25 0 [Note] Server socket created on IP: '::'.
mysql-1             | 2026-09-16 18:19:25 0 [Warning] 'proxies_priv' entry '@% root@fe2937607763' ignored in --skip-name-resolve mode.
mysql-1             | 2026-09-16 18:19:25 0 [Note] Reading of all Master_info entries succeded
mysql-1             | 2026-09-16 18:19:25 0 [Note] Added new Master_info '' to hash table
client-desktop-1    | 16-Sep-2026 18:24:51 [boincserver] Reporting 2 completed tasks
client-desktop-1    | 16-Sep-2026 18:24:51 [boincserver] Requesting new tasks for CPU
client-desktop-1    | 16-Sep-2026 18:24:53 [boincserver] Scheduler request completed: got 0 new tasks
client-cluster-2-1  | 16-Sep-2026 18:22:07 [boincserver] Project requested delay of 7 seconds
client-cluster-2-1  | 16-Sep-2026 18:22:08 [boincserver] Started upload of exp_20260916T180210Z_sjf_short_18_0_r1304222684_0
mysql-1             | 2026-09-16 18:19:25 0 [Note] mysqld: ready for connections.
mysql-1             | Version: '10.3.8-MariaDB-1:10.3.8+maria~bionic'  socket: '/var/run/mysqld/mysqld.sock'  port: 3306  mariadb.org binary distribution
mysql-1             | 2026-09-16 18:19:26 8 [Warning] Access denied for user 'boincadm'@'172.21.0.2' (using password: NO)
mysql-1             | 2026-09-16 18:19:55 16 [Warning] Aborted connection 16 to db: 'boincserver' user: 'root' host: '172.21.0.4' (Got an error reading communication packets)
mysql-1             | 2026-09-16 18:19:55 17 [Warning] Aborted connection 17 to db: 'boincserver' user: 'root' host: '172.21.0.4' (Got an error reading communication packets)
mysql-1             | 2026-09-16 18:19:55 15 [Warning] Aborted connection 15 to db: 'boincserver' user: 'root' host: '172.21.0.4' (Got an error reading communication packets)
mysql-1             | 2026-09-16 18:25:01 183 [Warning] Aborted connection 183 to db: 'boincserver' user: 'root' host: '172.21.0.4' (Got an error reading communication packets)
mysql-1             | 2026-09-16 18:25:02 184 [Warning] Aborted connection 184 to db: 'boincserver' user: 'root' host: '172.21.0.4' (Got an error reading communication packets)
client-low-power-1  | 16-Sep-2026 18:22:54 [boincserver] Finished upload of exp_20260916T180210Z_sjf_medium_9_0_r788458994_0
client-desktop-1    | 16-Sep-2026 18:24:53 [boincserver] Project has no tasks available
client-desktop-1    | 16-Sep-2026 18:24:53 [boincserver] Project requested delay of 7 seconds
client-desktop-1    | 16-Sep-2026 18:25:10 [boincserver] Sending scheduler request: To fetch work.
client-desktop-1    | 16-Sep-2026 18:25:10 [boincserver] Requesting new tasks for CPU
client-desktop-1    | 16-Sep-2026 18:25:12 [boincserver] Scheduler request completed: got 0 new tasks
client-desktop-1    | 16-Sep-2026 18:25:12 [boincserver] Project has no tasks available
client-desktop-1    | 16-Sep-2026 18:25:12 [boincserver] Project requested delay of 7 seconds
client-phone-1      | 16-Sep-2026 18:21:57 [boincserver] Elapsed time limit 50.000000 < 120.000000; setting to 43200.000000
client-phone-1      | 16-Sep-2026 18:21:57 [boincserver] Starting task exp_20260916T180210Z_sjf_short_14_0
client-cluster-2-1  | 16-Sep-2026 18:22:09 [boincserver] Finished upload of exp_20260916T180210Z_sjf_short_16_0_r1801567062_0
client-cluster-2-1  | 16-Sep-2026 18:22:09 [boincserver] Finished upload of exp_20260916T180210Z_sjf_short_18_0_r1304222684_0
client-cluster-2-1  | 16-Sep-2026 18:22:09 [boincserver] Started upload of exp_20260916T180210Z_sjf_short_17_0_r600763160_0
client-low-power-1  | 16-Sep-2026 18:22:59 [boincserver] Sending scheduler request: To report completed tasks.
client-low-power-1  | 16-Sep-2026 18:22:59 [boincserver] Reporting 1 completed tasks
client-low-power-1  | 16-Sep-2026 18:22:59 [boincserver] Requesting new tasks for CPU
client-cluster-2-1  | 16-Sep-2026 18:22:09 [boincserver] Starting task exp_20260916T180210Z_sjf_long_2_0
client-cluster-2-1  | 16-Sep-2026 18:22:09 [boincserver] Starting task exp_20260916T180210Z_sjf_medium_12_0
client-cluster-2-1  | 16-Sep-2026 18:22:09 [boincserver] Starting task exp_20260916T180210Z_sjf_long_1_0
client-cluster-2-1  | 16-Sep-2026 18:22:11 [boincserver] Finished upload of exp_20260916T180210Z_sjf_short_17_0_r600763160_0
client-cluster-2-1  | 16-Sep-2026 18:22:17 [boincserver] Sending scheduler request: To report completed tasks.
client-cluster-2-1  | 16-Sep-2026 18:22:17 [boincserver] Reporting 3 completed tasks
client-low-power-1  | 16-Sep-2026 18:23:06 [boincserver] Scheduler request completed: got 0 new tasks
client-low-power-1  | 16-Sep-2026 18:23:06 [boincserver] Project has no tasks available
client-cluster-1    | 16-Sep-2026 18:21:55 [boincserver] Reporting 1 completed tasks
client-cluster-1    | 16-Sep-2026 18:21:55 [boincserver] Requesting new tasks for CPU
client-cluster-1    | 16-Sep-2026 18:21:56 [boincserver] Computation for task exp_20260916T180210Z_sjf_short_11_0 finished
client-cluster-1    | 16-Sep-2026 18:21:57 [boincserver] Started upload of exp_20260916T180210Z_sjf_short_12_0_r1486168245_0
client-cluster-1    | 16-Sep-2026 18:21:57 [boincserver] Computation for task exp_20260916T180210Z_sjf_short_9_0 finished
client-cluster-1    | 16-Sep-2026 18:21:58 [boincserver] Started upload of exp_20260916T180210Z_sjf_short_11_0_r136953905_0
client-low-power-1  | 16-Sep-2026 18:23:06 [boincserver] Project requested delay of 7 seconds
client-low-power-1  | 16-Sep-2026 18:23:17 [boincserver] Sending scheduler request: To fetch work.
client-cluster-1    | 16-Sep-2026 18:21:58 [boincserver] Computation for task exp_20260916T180210Z_sjf_short_10_0 finished
client-cluster-1    | 16-Sep-2026 18:21:59 [boincserver] Finished upload of exp_20260916T180210Z_sjf_short_12_0_r1486168245_0
client-cluster-1    | 16-Sep-2026 18:21:59 [boincserver] Finished upload of exp_20260916T180210Z_sjf_short_11_0_r136953905_0
client-cluster-1    | 16-Sep-2026 18:21:59 [boincserver] Started upload of exp_20260916T180210Z_sjf_short_9_0_r130394489_0
client-cluster-1    | 16-Sep-2026 18:22:00 [boincserver] Started upload of exp_20260916T180210Z_sjf_short_10_0_r326249165_0
client-cluster-1    | 16-Sep-2026 18:22:01 [boincserver] Finished upload of exp_20260916T180210Z_sjf_short_9_0_r130394489_0
client-cluster-1    | 16-Sep-2026 18:22:01 [boincserver] Finished upload of exp_20260916T180210Z_sjf_short_10_0_r326249165_0
client-cluster-1    | 16-Sep-2026 18:22:02 [boincserver] Scheduler request completed: got 4 new tasks
client-cluster-1    | 16-Sep-2026 18:22:02 [boincserver] Project requested delay of 7 seconds
client-cluster-1    | 16-Sep-2026 18:22:04 [boincserver] Starting task exp_20260916T180210Z_sjf_medium_4_0
client-cluster-2-1  | 16-Sep-2026 18:22:17 [boincserver] Requesting new tasks for CPU
client-cluster-2-1  | 16-Sep-2026 18:22:19 [boincserver] Scheduler request completed: got 0 new tasks
client-cluster-2-1  | 16-Sep-2026 18:22:19 [boincserver] Project has no tasks available
client-cluster-2-1  | 16-Sep-2026 18:22:19 [boincserver] Project requested delay of 7 seconds
client-cluster-2-1  | 16-Sep-2026 18:22:30 [boincserver] Sending scheduler request: To fetch work.
client-cluster-1    | 16-Sep-2026 18:22:04 [boincserver] Starting task exp_20260916T180210Z_sjf_medium_6_0
client-cluster-1    | 16-Sep-2026 18:22:04 [boincserver] Starting task exp_20260916T180210Z_sjf_medium_7_0
client-cluster-1    | 16-Sep-2026 18:22:04 [boincserver] Starting task exp_20260916T180210Z_sjf_medium_8_0
client-cluster-1    | 16-Sep-2026 18:22:20 [boincserver] Sending scheduler request: To report completed tasks.
client-cluster-1    | 16-Sep-2026 18:22:20 [boincserver] Reporting 4 completed tasks
client-cluster-1    | 16-Sep-2026 18:22:20 [boincserver] Requesting new tasks for CPU
client-cluster-1    | 16-Sep-2026 18:22:22 [boincserver] Scheduler request completed: got 0 new tasks
client-phone-1      | 16-Sep-2026 18:22:05 [boincserver] Sending scheduler request: To report completed tasks.
client-phone-1      | 16-Sep-2026 18:22:05 [boincserver] Reporting 1 completed tasks
client-phone-1      | 16-Sep-2026 18:22:05 [boincserver] Requesting new tasks for CPU
client-phone-1      | 16-Sep-2026 18:22:06 [boincserver] Computation for task exp_20260916T180210Z_sjf_short_14_0 finished
client-phone-1      | 16-Sep-2026 18:22:07 [boincserver] Scheduler request completed: got 1 new tasks
client-phone-1      | 16-Sep-2026 18:22:07 [boincserver] Project requested delay of 7 seconds
client-phone-1      | 16-Sep-2026 18:22:08 [boincserver] Started upload of exp_20260916T180210Z_sjf_short_14_0_r499190924_0
client-phone-1      | 16-Sep-2026 18:22:09 [boincserver] Starting task exp_20260916T180210Z_sjf_medium_10_0
client-cluster-2-1  | 16-Sep-2026 18:22:30 [boincserver] Requesting new tasks for CPU
client-cluster-2-1  | 16-Sep-2026 18:22:32 [boincserver] Computation for task exp_20260916T180210Z_sjf_medium_1_0 finished
client-cluster-2-1  | 16-Sep-2026 18:22:32 [boincserver] Starting task exp_20260916T180210Z_sjf_medium_11_0
client-cluster-2-1  | 16-Sep-2026 18:22:32 [boincserver] Scheduler request completed: got 0 new tasks
client-cluster-1    | 16-Sep-2026 18:22:22 [boincserver] Project has no tasks available
client-cluster-1    | 16-Sep-2026 18:22:22 [boincserver] Project requested delay of 7 seconds
client-cluster-1    | 16-Sep-2026 18:22:32 [boincserver] Sending scheduler request: To fetch work.
client-cluster-1    | 16-Sep-2026 18:22:32 [boincserver] Requesting new tasks for CPU
client-cluster-1    | 16-Sep-2026 18:22:37 [boincserver] Computation for task exp_20260916T180210Z_sjf_medium_4_0 finished
client-cluster-1    | 16-Sep-2026 18:22:38 [boincserver] Computation for task exp_20260916T180210Z_sjf_medium_6_0 finished
client-cluster-1    | 16-Sep-2026 18:22:39 [boincserver] Started upload of exp_20260916T180210Z_sjf_medium_4_0_r482259865_0
client-cluster-1    | 16-Sep-2026 18:22:39 [boincserver] Computation for task exp_20260916T180210Z_sjf_medium_7_0 finished
client-low-power-1  | 16-Sep-2026 18:23:17 [boincserver] Requesting new tasks for CPU
client-low-power-1  | 16-Sep-2026 18:23:24 [boincserver] Scheduler request completed: got 0 new tasks
client-low-power-1  | 16-Sep-2026 18:23:24 [boincserver] Project has no tasks available
client-low-power-1  | 16-Sep-2026 18:23:24 [boincserver] Project requested delay of 7 seconds
client-low-power-1  | 16-Sep-2026 18:24:53 [boincserver] Computation for task exp_20260916T180210Z_sjf_long_5_0 finished
client-low-power-1  | 16-Sep-2026 18:24:55 [boincserver] Started upload of exp_20260916T180210Z_sjf_long_5_0_r387279398_0
client-low-power-1  | 16-Sep-2026 18:24:57 [boincserver] Finished upload of exp_20260916T180210Z_sjf_long_5_0_r387279398_0
client-low-power-1  | 16-Sep-2026 18:25:01 [boincserver] Sending scheduler request: To report completed tasks.
client-low-power-1  | 16-Sep-2026 18:25:01 [boincserver] Reporting 1 completed tasks
client-low-power-1  | 16-Sep-2026 18:25:01 [boincserver] Requesting new tasks for CPU
client-low-power-1  | 16-Sep-2026 18:25:08 [boincserver] Scheduler request completed: got 0 new tasks
client-low-power-1  | 16-Sep-2026 18:25:08 [boincserver] Project has no tasks available
client-cluster-2-1  | 16-Sep-2026 18:22:32 [boincserver] Project has no tasks available
client-cluster-2-1  | 16-Sep-2026 18:22:32 [boincserver] Project requested delay of 7 seconds
client-cluster-2-1  | 16-Sep-2026 18:22:34 [boincserver] Started upload of exp_20260916T180210Z_sjf_medium_1_0_r1409024133_0
client-cluster-2-1  | 16-Sep-2026 18:22:36 [boincserver] Finished upload of exp_20260916T180210Z_sjf_medium_1_0_r1409024133_0
client-phone-1      | 16-Sep-2026 18:22:10 [boincserver] Finished upload of exp_20260916T180210Z_sjf_short_14_0_r499190924_0
client-phone-1      | 16-Sep-2026 18:22:17 [boincserver] Sending scheduler request: To report completed tasks.
client-phone-1      | 16-Sep-2026 18:22:17 [boincserver] Reporting 1 completed tasks
client-phone-1      | 16-Sep-2026 18:22:17 [boincserver] Requesting new tasks for CPU
client-phone-1      | 16-Sep-2026 18:22:24 [boincserver] Scheduler request completed: got 0 new tasks
client-cluster-2-1  | 16-Sep-2026 18:22:42 [boincserver] Computation for task exp_20260916T180210Z_sjf_medium_12_0 finished
client-cluster-2-1  | 16-Sep-2026 18:22:42 [boincserver] Sending scheduler request: To report completed tasks.
client-cluster-2-1  | 16-Sep-2026 18:22:42 [boincserver] Reporting 1 completed tasks
client-cluster-2-1  | 16-Sep-2026 18:22:42 [boincserver] Requesting new tasks for CPU
client-cluster-1    | 16-Sep-2026 18:22:39 [boincserver] Scheduler request completed: got 0 new tasks
client-cluster-1    | 16-Sep-2026 18:22:39 [boincserver] Project has no tasks available
client-cluster-1    | 16-Sep-2026 18:22:39 [boincserver] Project requested delay of 7 seconds
client-cluster-1    | 16-Sep-2026 18:22:40 [boincserver] Started upload of exp_20260916T180210Z_sjf_medium_6_0_r1004022898_0
client-low-power-1  | 16-Sep-2026 18:25:08 [boincserver] Project requested delay of 7 seconds
client-low-power-1  | 16-Sep-2026 18:25:18 [boincserver] Sending scheduler request: To fetch work.
client-cluster-1    | 16-Sep-2026 18:22:40 [boincserver] Computation for task exp_20260916T180210Z_sjf_medium_8_0 finished
client-cluster-1    | 16-Sep-2026 18:22:41 [boincserver] Finished upload of exp_20260916T180210Z_sjf_medium_4_0_r482259865_0
client-cluster-1    | 16-Sep-2026 18:22:41 [boincserver] Finished upload of exp_20260916T180210Z_sjf_medium_6_0_r1004022898_0
client-cluster-1    | 16-Sep-2026 18:22:41 [boincserver] Started upload of exp_20260916T180210Z_sjf_medium_7_0_r74709595_0
client-low-power-1  | 16-Sep-2026 18:25:18 [boincserver] Requesting new tasks for CPU
client-cluster-1    | 16-Sep-2026 18:22:42 [boincserver] Started upload of exp_20260916T180210Z_sjf_medium_8_0_r380635153_0
client-cluster-1    | 16-Sep-2026 18:22:43 [boincserver] Finished upload of exp_20260916T180210Z_sjf_medium_7_0_r74709595_0
client-cluster-1    | 16-Sep-2026 18:22:43 [boincserver] Finished upload of exp_20260916T180210Z_sjf_medium_8_0_r380635153_0
client-cluster-2-1  | 16-Sep-2026 18:22:44 [boincserver] Started upload of exp_20260916T180210Z_sjf_medium_12_0_r253600579_0
client-cluster-2-1  | 16-Sep-2026 18:22:44 [boincserver] Scheduler request completed: got 0 new tasks
client-cluster-2-1  | 16-Sep-2026 18:22:44 [boincserver] Project has no tasks available
client-cluster-1    | 16-Sep-2026 18:22:49 [boincserver] Sending scheduler request: To report completed tasks.
client-cluster-1    | 16-Sep-2026 18:22:49 [boincserver] Reporting 4 completed tasks
client-cluster-1    | 16-Sep-2026 18:22:49 [boincserver] Requesting new tasks for CPU
client-cluster-1    | 16-Sep-2026 18:22:56 [boincserver] Scheduler request completed: got 0 new tasks
client-cluster-2-1  | 16-Sep-2026 18:22:44 [boincserver] Project requested delay of 7 seconds
client-cluster-2-1  | 16-Sep-2026 18:22:46 [boincserver] Finished upload of exp_20260916T180210Z_sjf_medium_12_0_r253600579_0
client-cluster-2-1  | 16-Sep-2026 18:22:54 [boincserver] Sending scheduler request: To report completed tasks.
client-cluster-2-1  | 16-Sep-2026 18:22:54 [boincserver] Reporting 1 completed tasks
client-cluster-2-1  | 16-Sep-2026 18:22:54 [boincserver] Requesting new tasks for CPU
client-cluster-2-1  | 16-Sep-2026 18:22:56 [boincserver] Scheduler request completed: got 0 new tasks
client-cluster-2-1  | 16-Sep-2026 18:22:56 [boincserver] Project has no tasks available
client-phone-1      | 16-Sep-2026 18:22:24 [boincserver] Project has no tasks available
client-phone-1      | 16-Sep-2026 18:22:24 [boincserver] Project requested delay of 7 seconds
client-phone-1      | 16-Sep-2026 18:22:34 [boincserver] Sending scheduler request: To fetch work.
client-phone-1      | 16-Sep-2026 18:22:34 [boincserver] Requesting new tasks for CPU
client-cluster-1    | 16-Sep-2026 18:22:56 [boincserver] Project has no tasks available
client-cluster-1    | 16-Sep-2026 18:22:56 [boincserver] Project requested delay of 7 seconds
client-phone-1      | 16-Sep-2026 18:22:36 [boincserver] Scheduler request completed: got 0 new tasks
client-phone-1      | 16-Sep-2026 18:22:36 [boincserver] Project has no tasks available
client-phone-1      | 16-Sep-2026 18:22:36 [boincserver] Project requested delay of 7 seconds
client-phone-1      | 16-Sep-2026 18:22:42 [boincserver] Computation for task exp_20260916T180210Z_sjf_medium_10_0 finished
client-phone-1      | 16-Sep-2026 18:22:44 [boincserver] Started upload of exp_20260916T180210Z_sjf_medium_10_0_r371959450_0
client-phone-1      | 16-Sep-2026 18:22:46 [boincserver] Finished upload of exp_20260916T180210Z_sjf_medium_10_0_r371959450_0
client-phone-1      | 16-Sep-2026 18:22:46 [boincserver] Sending scheduler request: To report completed tasks.
client-cluster-1    | 16-Sep-2026 18:23:10 [boincserver] Sending scheduler request: To fetch work.
client-cluster-1    | 16-Sep-2026 18:23:10 [boincserver] Requesting new tasks for CPU
client-phone-1      | 16-Sep-2026 18:22:46 [boincserver] Reporting 1 completed tasks
client-phone-1      | 16-Sep-2026 18:22:46 [boincserver] Requesting new tasks for CPU
client-phone-1      | 16-Sep-2026 18:22:48 [boincserver] Scheduler request completed: got 0 new tasks
client-cluster-2-1  | 16-Sep-2026 18:22:56 [boincserver] Project requested delay of 7 seconds
client-cluster-2-1  | 16-Sep-2026 18:23:05 [boincserver] Computation for task exp_20260916T180210Z_sjf_medium_11_0 finished
client-phone-1      | 16-Sep-2026 18:22:48 [boincserver] Project has no tasks available
client-phone-1      | 16-Sep-2026 18:22:48 [boincserver] Project requested delay of 7 seconds
client-phone-1      | 16-Sep-2026 18:23:00 [boincserver] Sending scheduler request: To fetch work.
client-phone-1      | 16-Sep-2026 18:23:00 [boincserver] Requesting new tasks for CPU
client-phone-1      | 16-Sep-2026 18:23:02 [boincserver] Scheduler request completed: got 0 new tasks
client-phone-1      | 16-Sep-2026 18:23:02 [boincserver] Project has no tasks available
client-cluster-1    | 16-Sep-2026 18:23:12 [boincserver] Scheduler request completed: got 0 new tasks
client-cluster-1    | 16-Sep-2026 18:23:12 [boincserver] Project has no tasks available
client-cluster-1    | 16-Sep-2026 18:23:12 [boincserver] Project requested delay of 7 seconds
client-phone-1      | 16-Sep-2026 18:23:02 [boincserver] Project requested delay of 7 seconds
client-cluster-2-1  | 16-Sep-2026 18:23:06 [boincserver] Sending scheduler request: To fetch work.
client-cluster-2-1  | 16-Sep-2026 18:23:06 [boincserver] Requesting new tasks for CPU
client-cluster-2-1  | 16-Sep-2026 18:23:07 [boincserver] Started upload of exp_20260916T180210Z_sjf_medium_11_0_r193096916_0
client-cluster-2-1  | 16-Sep-2026 18:23:08 [boincserver] Finished upload of exp_20260916T180210Z_sjf_medium_11_0_r193096916_0
client-cluster-2-1  | 16-Sep-2026 18:23:08 [boincserver] Scheduler request completed: got 0 new tasks
client-cluster-2-1  | 16-Sep-2026 18:23:08 [boincserver] Project has no tasks available
client-cluster-2-1  | 16-Sep-2026 18:23:08 [boincserver] Project requested delay of 7 seconds
client-cluster-2-1  | 16-Sep-2026 18:23:20 [boincserver] Sending scheduler request: To report completed tasks.
client-cluster-2-1  | 16-Sep-2026 18:23:20 [boincserver] Reporting 1 completed tasks
client-cluster-2-1  | 16-Sep-2026 18:23:20 [boincserver] Requesting new tasks for CPU
client-cluster-2-1  | 16-Sep-2026 18:23:22 [boincserver] Scheduler request completed: got 0 new tasks
client-cluster-2-1  | 16-Sep-2026 18:23:22 [boincserver] Project has no tasks available
client-cluster-2-1  | 16-Sep-2026 18:23:22 [boincserver] Project requested delay of 7 seconds
client-cluster-2-1  | 16-Sep-2026 18:24:13 [boincserver] Computation for task exp_20260916T180210Z_sjf_long_2_0 finished
client-cluster-2-1  | 16-Sep-2026 18:24:14 [boincserver] Computation for task exp_20260916T180210Z_sjf_long_1_0 finished
client-cluster-2-1  | 16-Sep-2026 18:24:15 [boincserver] Started upload of exp_20260916T180210Z_sjf_long_2_0_r410886690_0
client-cluster-2-1  | 16-Sep-2026 18:24:16 [boincserver] Started upload of exp_20260916T180210Z_sjf_long_1_0_r2039149511_0
client-cluster-2-1  | 16-Sep-2026 18:24:17 [boincserver] Finished upload of exp_20260916T180210Z_sjf_long_2_0_r410886690_0
client-cluster-2-1  | 16-Sep-2026 18:24:17 [boincserver] Finished upload of exp_20260916T180210Z_sjf_long_1_0_r2039149511_0
client-cluster-2-1  | 16-Sep-2026 18:24:20 [boincserver] Sending scheduler request: To report completed tasks.
client-cluster-2-1  | 16-Sep-2026 18:24:20 [boincserver] Reporting 2 completed tasks
client-cluster-2-1  | 16-Sep-2026 18:24:20 [boincserver] Requesting new tasks for CPU
client-cluster-2-1  | 16-Sep-2026 18:24:22 [boincserver] Scheduler request completed: got 0 new tasks
client-cluster-2-1  | 16-Sep-2026 18:24:22 [boincserver] Project has no tasks available
client-cluster-2-1  | 16-Sep-2026 18:24:22 [boincserver] Project requested delay of 7 seconds
client-cluster-2-1  | 16-Sep-2026 18:24:32 [boincserver] Sending scheduler request: To fetch work.
client-cluster-2-1  | 16-Sep-2026 18:24:32 [boincserver] Requesting new tasks for CPU
client-cluster-2-1  | 16-Sep-2026 18:24:34 [boincserver] Scheduler request completed: got 0 new tasks
client-cluster-2-1  | 16-Sep-2026 18:24:34 [boincserver] Project has no tasks available
client-cluster-2-1  | 16-Sep-2026 18:24:34 [boincserver] Project requested delay of 7 seconds
