client-phone-1  | 17-Sep-2026 10:30:59 [---] Starting BOINC client version 7.20.5 for aarch64-unknown-linux-gnu
client-phone-1  | 17-Sep-2026 10:30:59 [---] This a development version of BOINC and may not function properly
client-phone-1  | 17-Sep-2026 10:30:59 [---] log flags: file_xfer, sched_ops, task
client-desktop-1  | 17-Sep-2026 10:30:59 [---] Starting BOINC client version 7.20.5 for aarch64-unknown-linux-gnu
client-desktop-1  | 17-Sep-2026 10:30:59 [---] This a development version of BOINC and may not function properly
client-desktop-1  | 17-Sep-2026 10:30:59 [---] log flags: file_xfer, sched_ops, task
apache-1        | /usr/lib/python2.7/dist-packages/supervisor/options.py:461: UserWarning: Supervisord is running as root and it is searching for its configuration file in default locations (including its current working directory); you probably want to specify a "-c" argument specifying an absolute path to a configuration file for improved security.
apache-1          |   'Supervisord is running as root and it is searching '
apache-1          | 2026-09-17 10:29:22,026 CRIT Supervisor is running as root.  Privileges were not dropped because no user is specified in the config file.  If you intend to run as root, you can set user=root in the config file to avoid this message.
client-desktop-1  | 17-Sep-2026 10:30:59 [---] Libraries: libcurl/7.88.1 OpenSSL/3.0.20 zlib/1.2.13 brotli/1.0.9 zstd/1.5.4 libidn2/2.3.3 libpsl/0.21.2 (+libidn2/2.3.3) libssh2/1.10.0 nghttp2/1.52.0 librtmp/2.3 OpenLDAP/2.5.13
client-desktop-1  | 17-Sep-2026 10:30:59 [---] Data directory: /var/lib/boinc-client
apache-1          | 2026-09-17 10:29:22,026 INFO Included extra file "/etc/supervisor/conf.d/supervisord.conf" during parsing
apache-1          | 2026-09-17 10:29:22,030 INFO RPC interface 'supervisor' initialized
apache-1          | 2026-09-17 10:29:22,030 CRIT Server 'unix_http_server' running without any HTTP authentication checking
apache-1          | 2026-09-17 10:29:22,030 INFO supervisord started with pid 1
apache-1          | 2026-09-17 10:29:23,038 INFO spawned: 'cron' with pid 9
apache-1          | 2026-09-17 10:29:23,040 INFO spawned: 'start' with pid 10
apache-1          | 2026-09-17 10:29:23,041 INFO spawned: 'rsyslogd' with pid 11
apache-1          | 2026-09-17 10:29:23,042 INFO spawned: 'apache2' with pid 12
apache-1          | 2026-09-17 10:29:24,984 INFO success: cron entered RUNNING state, process has stayed up for > than 1 seconds (startsecs)
apache-1          | 2026-09-17 10:29:24,984 INFO success: start entered RUNNING state, process has stayed up for > than 1 seconds (startsecs)
apache-1          | 2026-09-17 10:29:24,984 INFO success: rsyslogd entered RUNNING state, process has stayed up for > than 1 seconds (startsecs)
apache-1          | 2026-09-17 10:29:24,984 INFO success: apache2 entered RUNNING state, process has stayed up for > than 1 seconds (startsecs)
apache-1          | 2026-09-17 10:29:48,587 INFO reaped unknown pid 74
apache-1          | 2026-09-17 10:29:48,587 INFO reaped unknown pid 76
client-phone-1    | 17-Sep-2026 10:30:59 [---] Libraries: libcurl/7.88.1 OpenSSL/3.0.20 zlib/1.2.13 brotli/1.0.9 zstd/1.5.4 libidn2/2.3.3 libpsl/0.21.2 (+libidn2/2.3.3) libssh2/1.10.0 nghttp2/1.52.0 librtmp/2.3 OpenLDAP/2.5.13
client-phone-1    | 17-Sep-2026 10:30:59 [---] Data directory: /var/lib/boinc-client
client-phone-1    | 17-Sep-2026 10:30:59 [---] No usable GPUs found
client-phone-1    | 17-Sep-2026 10:30:59 [---] Creating new client state file
client-phone-1    | 17-Sep-2026 10:30:59 [---] libc:  version 2.36
client-phone-1    | 17-Sep-2026 10:30:59 [---] Host name: phone-01
client-desktop-1  | 17-Sep-2026 10:30:59 [---] No usable GPUs found
client-desktop-1  | 17-Sep-2026 10:30:59 [---] Creating new client state file
client-desktop-1  | 17-Sep-2026 10:30:59 [---] libc:  version 2.36
client-desktop-1  | 17-Sep-2026 10:30:59 [---] Host name: desktop-01
client-desktop-1  | 17-Sep-2026 10:30:59 [---] Processor: 2 ARM  [Impl 0x61 Arch 8 Variant 0x0 Part 0x000 Rev 0]
client-desktop-1  | 17-Sep-2026 10:30:59 [---] Processor features: fp asimd evtstrm aes pmull sha1 sha2 crc32 atomics fphp asimdhp cpuid asimdrdm jscvt fcma lrcpc dcpop sha3 asimddp sha512 asimdfhm dit uscat ilrcpc flagm sb paca pacg dcpodp flagm2 frint i8mm bf16 bti afp
client-desktop-1  | 17-Sep-2026 10:30:59 [---] OS: Linux Debian GNU/Linux: Debian GNU/Linux 12 (bookworm) [6.8.0-100-generic|libc 2.36]
client-desktop-1  | 17-Sep-2026 10:30:59 [---] Memory: 9.69 GB physical, 0 bytes virtual
client-desktop-1  | 17-Sep-2026 10:30:59 [---] Disk: 18.33 GB total, 15.22 GB free
client-desktop-1  | 17-Sep-2026 10:30:59 [---] Local time is UTC +0 hours
client-desktop-1  | 17-Sep-2026 10:30:59 [---] Config: GUI RPC allowed from any host
client-desktop-1  | 17-Sep-2026 10:30:59 [---] Config: simulate 2 CPUs
client-desktop-1  | 17-Sep-2026 10:30:59 [---] Config: report completed tasks immediately
client-desktop-1  | 17-Sep-2026 10:30:59 [---] No general preferences found - using defaults
client-desktop-1  | 17-Sep-2026 10:30:59 [---] Reading preferences override file
client-desktop-1  | 17-Sep-2026 10:30:59 [---] Preferences:
client-desktop-1  | 17-Sep-2026 10:30:59 [---]    max memory usage when active: 8929.14 MB
client-desktop-1  | 17-Sep-2026 10:30:59 [---]    max memory usage when idle: 8929.14 MB
client-desktop-1  | 17-Sep-2026 10:30:59 [---]    max disk usage: 2.00 GB
client-desktop-1  | 17-Sep-2026 10:30:59 [---]    don't use GPU while active
client-desktop-1  | 17-Sep-2026 10:30:59 [---]    suspend work if non-BOINC CPU load exceeds 25%
client-phone-1    | 17-Sep-2026 10:30:59 [---] Processor: 1 ARM  [Impl 0x61 Arch 8 Variant 0x0 Part 0x000 Rev 0]
client-phone-1    | 17-Sep-2026 10:30:59 [---] Processor features: fp asimd evtstrm aes pmull sha1 sha2 crc32 atomics fphp asimdhp cpuid asimdrdm jscvt fcma lrcpc dcpop sha3 asimddp sha512 asimdfhm dit uscat ilrcpc flagm sb paca pacg dcpodp flagm2 frint i8mm bf16 bti afp
client-phone-1    | 17-Sep-2026 10:30:59 [---] OS: Linux Debian GNU/Linux: Debian GNU/Linux 12 (bookworm) [6.8.0-100-generic|libc 2.36]
client-phone-1    | 17-Sep-2026 10:30:59 [---] Memory: 9.69 GB physical, 0 bytes virtual
client-phone-1    | 17-Sep-2026 10:30:59 [---] Disk: 18.33 GB total, 15.22 GB free
client-phone-1    | 17-Sep-2026 10:30:59 [---] Local time is UTC +0 hours
client-phone-1    | 17-Sep-2026 10:30:59 [---] Config: GUI RPC allowed from any host
client-phone-1    | 17-Sep-2026 10:30:59 [---] Config: simulate 1 CPUs
client-phone-1    | 17-Sep-2026 10:30:59 [---] Config: report completed tasks immediately
client-phone-1    | 17-Sep-2026 10:30:59 [---] No general preferences found - using defaults
client-phone-1    | 17-Sep-2026 10:30:59 [---] Reading preferences override file
client-phone-1    | 17-Sep-2026 10:30:59 [---] Preferences:
client-phone-1    | 17-Sep-2026 10:30:59 [---]    max memory usage when active: 8929.14 MB
client-phone-1    | 17-Sep-2026 10:30:59 [---]    max memory usage when idle: 8929.14 MB
client-phone-1    | 17-Sep-2026 10:30:59 [---]    max disk usage: 2.00 GB
apache-1          | 2026-09-17 10:29:48,587 INFO reaped unknown pid 78
apache-1          | 2026-09-17 10:29:49,519 INFO reaped unknown pid 180
apache-1          | 2026-09-17 10:29:49,618 INFO reaped unknown pid 182
apache-1          | 2026-09-17 10:29:49,725 INFO reaped unknown pid 184
apache-1          | 2026-09-17 10:29:55,049 INFO reaped unknown pid 179
apache-1          | 2026-09-17 10:29:55,049 INFO reaped unknown pid 181
apache-1          | 2026-09-17 10:29:55,049 INFO reaped unknown pid 183
apache-1          | 2026-09-17 10:29:55,049 INFO reaped unknown pid 185
apache-1          | 2026-09-17 10:29:55,049 INFO reaped unknown pid 187
apache-1          | 2026-09-17 10:30:01,081 INFO reaped unknown pid 203
apache-1          | 2026-09-17 10:30:01,191 INFO reaped unknown pid 205
apache-1          | 2026-09-17 10:30:01,297 INFO reaped unknown pid 207
apache-1          | 2026-09-17 10:30:01,402 INFO reaped unknown pid 209
apache-1          | 2026-09-17 10:30:01,506 INFO reaped unknown pid 211
apache-1          | 2026-09-17 10:30:02,556 INFO reaped unknown pid 202
apache-1          | 2026-09-17 10:30:02,556 INFO reaped unknown pid 204
apache-1          | 2026-09-17 10:30:02,556 INFO reaped unknown pid 206
apache-1          | 2026-09-17 10:30:02,556 INFO reaped unknown pid 208
apache-1          | 2026-09-17 10:30:02,556 INFO reaped unknown pid 210
client-phone-1    | 17-Sep-2026 10:30:59 [---]    don't use GPU while active
client-phone-1    | 17-Sep-2026 10:30:59 [---]    suspend work if non-BOINC CPU load exceeds 25%
client-phone-1    | 17-Sep-2026 10:30:59 [---]    (to change preferences, visit a project web site or select Preferences in the Manager)
client-phone-1    | 17-Sep-2026 10:30:59 [---] Setting up project and slot directories
client-phone-1    | 17-Sep-2026 10:30:59 [---] Checking active tasks
client-phone-1    | 17-Sep-2026 10:30:59 [---] Setting up GUI RPC socket
client-phone-1    | 17-Sep-2026 10:30:59 [---] Checking presence of 0 project files
client-phone-1    | 17-Sep-2026 10:30:59 [---] This computer is not attached to any projects
client-phone-1    | 17-Sep-2026 10:30:59 Initialization completed
client-phone-1    | dir_open: Could not open directory 'slots' from '/var/lib/boinc-client'.
client-phone-1    | dir_open: Could not open directory 'projects/boincserver.local_boincserver' from '/var/lib/boinc-client'.
client-phone-1    | 17-Sep-2026 10:31:00 [---] No general preferences found - using defaults
client-phone-1    | 17-Sep-2026 10:31:00 [---] Reading preferences override file
client-phone-1    | 17-Sep-2026 10:31:00 [---] Preferences:
client-phone-1    | 17-Sep-2026 10:31:00 [---]    max memory usage when active: 8929.14 MB
client-phone-1    | 17-Sep-2026 10:31:00 [---]    max memory usage when idle: 8929.14 MB
client-phone-1    | 17-Sep-2026 10:31:00 [---]    max disk usage: 2.00 GB
client-phone-1    | 17-Sep-2026 10:31:00 [---]    don't use GPU while active
client-phone-1    | 17-Sep-2026 10:31:00 [---]    suspend work if non-BOINC CPU load exceeds 25%
client-phone-1    | 17-Sep-2026 10:31:00 [---]    (to change preferences, visit a project web site or select Preferences in the Manager)
client-phone-1    | 17-Sep-2026 10:31:04 [http://boincserver.local/boincserver/] Fetching scheduler list
client-phone-1    | 17-Sep-2026 10:31:10 [http://boincserver.local/boincserver/] Master file download succeeded
client-phone-1    | 17-Sep-2026 10:31:15 [http://boincserver.local/boincserver/] Sending scheduler request: Project initialization.
apache-1          | 2026-09-17 10:30:02,556 INFO reaped unknown pid 212
client-desktop-1  | 17-Sep-2026 10:30:59 [---]    (to change preferences, visit a project web site or select Preferences in the Manager)
client-desktop-1  | 17-Sep-2026 10:30:59 [---] Setting up project and slot directories
client-desktop-1  | 17-Sep-2026 10:30:59 [---] Checking active tasks
apache-1          | 2026-09-17 10:30:02,556 INFO reaped unknown pid 215
apache-1          | 2026-09-17 10:30:02,556 INFO reaped unknown pid 217
apache-1          | 2026-09-17 10:30:02,556 INFO reaped unknown pid 220
apache-1            | 2026-09-17 10:30:02,556 INFO reaped unknown pid 222
client-low-power-1  | 17-Sep-2026 10:30:59 [---] Starting BOINC client version 7.20.5 for aarch64-unknown-linux-gnu
client-low-power-1  | 17-Sep-2026 10:30:59 [---] This a development version of BOINC and may not function properly
client-low-power-1  | 17-Sep-2026 10:30:59 [---] log flags: file_xfer, sched_ops, task
client-low-power-1  | 17-Sep-2026 10:30:59 [---] Libraries: libcurl/7.88.1 OpenSSL/3.0.20 zlib/1.2.13 brotli/1.0.9 zstd/1.5.4 libidn2/2.3.3 libpsl/0.21.2 (+libidn2/2.3.3) libssh2/1.10.0 nghttp2/1.52.0 librtmp/2.3 OpenLDAP/2.5.13
client-low-power-1  | 17-Sep-2026 10:30:59 [---] Data directory: /var/lib/boinc-client
client-low-power-1  | 17-Sep-2026 10:30:59 [---] No usable GPUs found
client-low-power-1  | 17-Sep-2026 10:30:59 [---] Creating new client state file
client-low-power-1  | 17-Sep-2026 10:30:59 [---] libc:  version 2.36
client-low-power-1  | 17-Sep-2026 10:30:59 [---] Host name: low-power-01
client-low-power-1  | 17-Sep-2026 10:30:59 [---] Processor: 1 ARM  [Impl 0x61 Arch 8 Variant 0x0 Part 0x000 Rev 0]
client-low-power-1  | 17-Sep-2026 10:30:59 [---] Processor features: fp asimd evtstrm aes pmull sha1 sha2 crc32 atomics fphp asimdhp cpuid asimdrdm jscvt fcma lrcpc dcpop sha3 asimddp sha512 asimdfhm dit uscat ilrcpc flagm sb paca pacg dcpodp flagm2 frint i8mm bf16 bti afp
apache-1            | 2026-09-17 10:30:02,556 INFO reaped unknown pid 226
apache-1            | 2026-09-17 10:30:06,758 INFO reaped unknown pid 213
apache-1            | 2026-09-17 10:30:07,051 INFO reaped unknown pid 218
apache-1            | 2026-09-17 10:30:07,373 INFO reaped unknown pid 224
apache-1            | 2026-09-17 10:35:01,604 INFO reaped unknown pid 709
apache-1            | 2026-09-17 10:35:01,721 INFO reaped unknown pid 711
apache-1            | 2026-09-17 10:35:01,824 INFO reaped unknown pid 713
client-cluster-1    | 17-Sep-2026 10:31:04 [---] Starting BOINC client version 7.20.5 for aarch64-unknown-linux-gnu
client-cluster-1    | 17-Sep-2026 10:31:04 [---] This a development version of BOINC and may not function properly
client-cluster-1    | 17-Sep-2026 10:31:04 [---] log flags: file_xfer, sched_ops, task
client-cluster-1    | 17-Sep-2026 10:31:04 [---] Libraries: libcurl/7.88.1 OpenSSL/3.0.20 zlib/1.2.13 brotli/1.0.9 zstd/1.5.4 libidn2/2.3.3 libpsl/0.21.2 (+libidn2/2.3.3) libssh2/1.10.0 nghttp2/1.52.0 librtmp/2.3 OpenLDAP/2.5.13
client-cluster-1    | 17-Sep-2026 10:31:04 [---] Data directory: /var/lib/boinc-client
client-cluster-1    | 17-Sep-2026 10:31:04 [---] No usable GPUs found
client-cluster-1    | 17-Sep-2026 10:31:04 [---] Creating new client state file
client-cluster-1    | 17-Sep-2026 10:31:04 [---] libc:  version 2.36
makeproject-1       | Updating project files in data volume...
makeproject-1       | Waiting for MySQL server to start...
makeproject-1       | Creating database...
makeproject-1       | added platform: (create_time, name, user_friendly_name) values (1789640977, 'windows_intelx86', 'Microsoft Windows (98 or later) running on an Intel x86-compatible CPU')
mysql-1             | Initializing database
mysql-1             | 
mysql-1             | 
mysql-1             | PLEASE REMEMBER TO SET A PASSWORD FOR THE MariaDB root USER !
client-cluster-1    | 17-Sep-2026 10:31:04 [---] Host name: cluster-01
client-cluster-1    | 17-Sep-2026 10:31:04 [---] Processor: 4 ARM  [Impl 0x61 Arch 8 Variant 0x0 Part 0x000 Rev 0]
client-cluster-1    | 17-Sep-2026 10:31:04 [---] Processor features: fp asimd evtstrm aes pmull sha1 sha2 crc32 atomics fphp asimdhp cpuid asimdrdm jscvt fcma lrcpc dcpop sha3 asimddp sha512 asimdfhm dit uscat ilrcpc flagm sb paca pacg dcpodp flagm2 frint i8mm bf16 bti afp
client-cluster-1    | 17-Sep-2026 10:31:04 [---] OS: Linux Debian GNU/Linux: Debian GNU/Linux 12 (bookworm) [6.8.0-100-generic|libc 2.36]
client-cluster-1    | 17-Sep-2026 10:31:04 [---] Memory: 9.69 GB physical, 0 bytes virtual
client-cluster-1    | 17-Sep-2026 10:31:04 [---] Disk: 18.33 GB total, 15.22 GB free
client-cluster-1    | 17-Sep-2026 10:31:04 [---] Local time is UTC +0 hours
client-cluster-1    | 17-Sep-2026 10:31:04 [---] Config: GUI RPC allowed from any host
client-cluster-1    | 17-Sep-2026 10:31:04 [---] Config: simulate 4 CPUs
client-phone-1    | 17-Sep-2026 10:31:15 [http://boincserver.local/boincserver/] Requesting new tasks for CPU
client-phone-1      | 17-Sep-2026 10:31:17 [boincserver] Scheduler request completed: got 1 new tasks
client-phone-1      | 17-Sep-2026 10:31:17 [boincserver] Project requested delay of 7 seconds
apache-1            | 2026-09-17 10:35:01,926 INFO reaped unknown pid 715
apache-1            | 2026-09-17 10:35:02,033 INFO reaped unknown pid 717
apache-1            | 2026-09-17 10:35:02,134 INFO reaped unknown pid 708
apache-1            | 2026-09-17 10:35:02,134 INFO reaped unknown pid 710
apache-1            | 2026-09-17 10:35:02,134 INFO reaped unknown pid 712
apache-1            | 2026-09-17 10:35:02,134 INFO reaped unknown pid 714
mysql-1             | To do so, start the server, then issue the following commands:
mysql-1             | 
mysql-1             | '/usr/bin/mysqladmin' -u root password 'new-password'
mysql-1             | '/usr/bin/mysqladmin' -u root -h  password 'new-password'
mysql-1             | 
mysql-1             | Alternatively you can run:
client-cluster-1    | 17-Sep-2026 10:31:04 [---] Config: report completed tasks immediately
client-cluster-1    | 17-Sep-2026 10:31:04 [---] No general preferences found - using defaults
client-cluster-1    | 17-Sep-2026 10:31:04 [---] Reading preferences override file
client-cluster-1    | 17-Sep-2026 10:31:04 [---] Preferences:
mysql-1             | '/usr/bin/mysql_secure_installation'
mysql-1             | 
mysql-1             | which will also give you the option of removing the test
mysql-1             | databases and anonymous user created by default.  This is
mysql-1             | strongly recommended for production servers.
mysql-1             | 
mysql-1             | See the MariaDB Knowledgebase at http://mariadb.com/kb or the
mysql-1             | MySQL manual for more instructions.
mysql-1             | 
client-phone-1      | 17-Sep-2026 10:31:19 [boincserver] Started download of hybrid_synthetic_1.0_aarch64-unknown-linux-gnu
client-phone-1      | 17-Sep-2026 10:31:19 [boincserver] Started download of hybrid_synthetic_input.txt
makeproject-1       | added platform: (create_time, name, user_friendly_name) values (1789640977, 'windows_x86_64', 'Microsoft Windows running on an AMD x86_64 or Intel EM64T CPU')
makeproject-1       | added platform: (create_time, name, user_friendly_name) values (1789640977, 'windows_arm64', 'Microsoft Windows running on ARM 64-bit')
makeproject-1       | added platform: (create_time, name, user_friendly_name) values (1789640977, 'i686-pc-linux-gnu', 'Linux running on an Intel x86-compatible CPU')
makeproject-1       | added platform: (create_time, name, user_friendly_name) values (1789640977, 'x86_64-pc-linux-gnu', 'Linux running on an AMD x86_64 or Intel EM64T CPU')
makeproject-1       | added platform: (create_time, name, user_friendly_name) values (1789640977, 'powerpc-apple-darwin', 'Mac OS X 10.3 or later running on Motorola PowerPC')
makeproject-1       | added platform: (create_time, name, user_friendly_name) values (1789640977, 'i686-apple-darwin', 'Mac OS 10.4 or later running on Intel')
makeproject-1       | added platform: (create_time, name, user_friendly_name) values (1789640977, 'x86_64-apple-darwin', 'Intel 64-bit Mac OS 10.5 or later')
client-desktop-1  | 17-Sep-2026 10:30:59 [---] Setting up GUI RPC socket
client-desktop-1    | 17-Sep-2026 10:30:59 [---] Checking presence of 0 project files
client-desktop-1    | 17-Sep-2026 10:30:59 [---] This computer is not attached to any projects
client-desktop-1    | 17-Sep-2026 10:30:59 Initialization completed
client-desktop-1    | dir_open: Could not open directory 'slots' from '/var/lib/boinc-client'.
client-desktop-1    | dir_open: Could not open directory 'projects/boincserver.local_boincserver' from '/var/lib/boinc-client'.
client-desktop-1    | 17-Sep-2026 10:31:00 [---] No general preferences found - using defaults
client-desktop-1    | 17-Sep-2026 10:31:00 [---] Reading preferences override file
mysql-1             | Please report any problems at http://mariadb.org/jira
mysql-1             | 
mysql-1             | The latest information about MariaDB is available at http://mariadb.org/.
mysql-1             | You can find additional information about the MySQL part at:
mysql-1             | http://dev.mysql.com
mysql-1             | Consider joining MariaDB's strong and vibrant community:
mysql-1             | https://mariadb.org/get-involved/
mysql-1             | 
mysql-1             | Database initialized
mysql-1             | MySQL init process in progress...
mysql-1             | 2026-09-17 10:29:23 0 [Note] mysqld (mysqld 10.3.8-MariaDB-1:10.3.8+maria~bionic) starting as process 104 ...
client-cluster-1    | 17-Sep-2026 10:31:04 [---]    max memory usage when active: 8929.14 MB
client-cluster-1    | 17-Sep-2026 10:31:04 [---]    max memory usage when idle: 8929.14 MB
client-cluster-1    | 17-Sep-2026 10:31:04 [---]    max disk usage: 2.00 GB
client-cluster-1    | 17-Sep-2026 10:31:04 [---]    don't use GPU while active
client-cluster-1    | 17-Sep-2026 10:31:04 [---]    suspend work if non-BOINC CPU load exceeds 25%
client-cluster-1    | 17-Sep-2026 10:31:04 [---]    (to change preferences, visit a project web site or select Preferences in the Manager)
client-cluster-1    | 17-Sep-2026 10:31:04 [---] Setting up project and slot directories
client-cluster-1    | 17-Sep-2026 10:31:04 [---] Checking active tasks
client-cluster-1    | 17-Sep-2026 10:31:04 [---] Setting up GUI RPC socket
mysql-1             | 2026-09-17 10:29:23 0 [Note] InnoDB: Using Linux native AIO
mysql-1             | 2026-09-17 10:29:23 0 [Note] InnoDB: Mutexes and rw_locks use GCC atomic builtins
client-phone-2-1    | 17-Sep-2026 10:30:59 [---] Starting BOINC client version 7.20.5 for aarch64-unknown-linux-gnu
client-phone-2-1    | 17-Sep-2026 10:30:59 [---] This a development version of BOINC and may not function properly
client-phone-2-1    | 17-Sep-2026 10:30:59 [---] log flags: file_xfer, sched_ops, task
client-phone-2-1    | 17-Sep-2026 10:30:59 [---] Libraries: libcurl/7.88.1 OpenSSL/3.0.20 zlib/1.2.13 brotli/1.0.9 zstd/1.5.4 libidn2/2.3.3 libpsl/0.21.2 (+libidn2/2.3.3) libssh2/1.10.0 nghttp2/1.52.0 librtmp/2.3 OpenLDAP/2.5.13
client-phone-2-1    | 17-Sep-2026 10:30:59 [---] Data directory: /var/lib/boinc-client
client-phone-2-1    | 17-Sep-2026 10:30:59 [---] No usable GPUs found
client-phone-2-1    | 17-Sep-2026 10:30:59 [---] Creating new client state file
client-phone-2-1    | 17-Sep-2026 10:30:59 [---] libc:  version 2.36
mysql-1             | 2026-09-17 10:29:23 0 [Note] InnoDB: Uses event mutexes
mysql-1             | 2026-09-17 10:29:23 0 [Note] InnoDB: Compressed tables use zlib 1.2.11
mysql-1             | 2026-09-17 10:29:23 0 [Note] InnoDB: Number of pools: 1
mysql-1             | 2026-09-17 10:29:23 0 [Note] InnoDB: Using generic crc32 instructions
mysql-1             | 2026-09-17 10:29:23 0 [Note] InnoDB: Initializing buffer pool, total size = 256M, instances = 1, chunk size = 128M
mysql-1             | 2026-09-17 10:29:23 0 [Note] InnoDB: Completed initialization of buffer pool
mysql-1             | 2026-09-17 10:29:23 0 [Note] InnoDB: If the mysqld execution user is authorized, page cleaner thread priority can be changed. See the man page of setpriority().
mysql-1             | 2026-09-17 10:29:23 0 [Note] InnoDB: 128 out of 128 rollback segments are active.
mysql-1             | 2026-09-17 10:29:23 0 [Note] InnoDB: Creating shared tablespace for temporary tables
mysql-1             | 2026-09-17 10:29:23 0 [Note] InnoDB: Setting file './ibtmp1' size to 12 MB. Physically writing the file full; Please wait ...
mysql-1             | 2026-09-17 10:29:23 0 [Note] InnoDB: File './ibtmp1' size is now 12 MB.
mysql-1             | 2026-09-17 10:29:23 0 [Note] InnoDB: Waiting for purge to start
mysql-1             | 2026-09-17 10:29:24 0 [Note] InnoDB: 10.3.8 started; log sequence number 1630815; transaction id 21
client-cluster-1    | dir_open: Could not open directory 'slots' from '/var/lib/boinc-client'.
client-cluster-1    | 17-Sep-2026 10:31:04 [---] Checking presence of 0 project files
client-cluster-1    | 17-Sep-2026 10:31:04 [---] This computer is not attached to any projects
client-cluster-1    | 17-Sep-2026 10:31:04 Initialization completed
client-cluster-1    | dir_open: Could not open directory 'projects/boincserver.local_boincserver' from '/var/lib/boinc-client'.
client-cluster-1    | 17-Sep-2026 10:31:05 [---] No general preferences found - using defaults
client-cluster-1    | 17-Sep-2026 10:31:05 [---] Reading preferences override file
client-desktop-1    | 17-Sep-2026 10:31:00 [---] Preferences:
client-desktop-1    | 17-Sep-2026 10:31:00 [---]    max memory usage when active: 8929.14 MB
client-desktop-1    | 17-Sep-2026 10:31:00 [---]    max memory usage when idle: 8929.14 MB
client-desktop-1    | 17-Sep-2026 10:31:00 [---]    max disk usage: 2.00 GB
client-desktop-1    | 17-Sep-2026 10:31:00 [---]    don't use GPU while active
client-desktop-1    | 17-Sep-2026 10:31:00 [---]    suspend work if non-BOINC CPU load exceeds 25%
makeproject-1       | added platform: (create_time, name, user_friendly_name) values (1789640977, 'arm64-apple-darwin', 'Mac OS running on ARM')
makeproject-1       | added platform: (create_time, name, user_friendly_name) values (1789640977, 'sparc-sun-solaris2.7', 'Solaris 2.7 running on a SPARC-compatible CPU')
makeproject-1       | added platform: (create_time, name, user_friendly_name) values (1789640977, 'sparc-sun-solaris', 'Solaris 2.8 or later running on a SPARC-compatible CPU')
makeproject-1       | added platform: (create_time, name, user_friendly_name) values (1789640977, 'sparc64-sun-solaris', 'Solaris 2.8 or later running on a SPARC 64-bit CPU')
makeproject-1       | added platform: (create_time, name, user_friendly_name) values (1789640977, 'powerpc64-ps3-linux-gnu', 'Sony Playstation 3 running Linux')
makeproject-1       | added platform: (create_time, name, user_friendly_name) values (1789640977, 'arm-android-linux-gnu', 'Android running on ARM armeabi-v7a')
client-phone-2-1    | 17-Sep-2026 10:30:59 [---] Host name: phone-02
client-phone-2-1    | 17-Sep-2026 10:30:59 [---] Processor: 1 ARM  [Impl 0x61 Arch 8 Variant 0x0 Part 0x000 Rev 0]
client-desktop-1    | 17-Sep-2026 10:31:00 [---]    (to change preferences, visit a project web site or select Preferences in the Manager)
client-desktop-1    | 17-Sep-2026 10:31:04 [http://boincserver.local/boincserver/] Fetching scheduler list
client-desktop-1    | 17-Sep-2026 10:31:10 [http://boincserver.local/boincserver/] Master file download succeeded
client-desktop-1    | 17-Sep-2026 10:31:15 [http://boincserver.local/boincserver/] Sending scheduler request: Project initialization.
client-desktop-1    | 17-Sep-2026 10:31:15 [http://boincserver.local/boincserver/] Requesting new tasks for CPU
client-desktop-1    | 17-Sep-2026 10:31:17 [boincserver] Scheduler request completed: got 1 new tasks
client-desktop-1    | 17-Sep-2026 10:31:17 [boincserver] Project requested delay of 7 seconds
client-desktop-1    | 17-Sep-2026 10:31:19 [boincserver] Started download of hybrid_synthetic_1.0_aarch64-unknown-linux-gnu
client-phone-2-1    | 17-Sep-2026 10:30:59 [---] Processor features: fp asimd evtstrm aes pmull sha1 sha2 crc32 atomics fphp asimdhp cpuid asimdrdm jscvt fcma lrcpc dcpop sha3 asimddp sha512 asimdfhm dit uscat ilrcpc flagm sb paca pacg dcpodp flagm2 frint i8mm bf16 bti afp
client-phone-2-1    | 17-Sep-2026 10:30:59 [---] OS: Linux Debian GNU/Linux: Debian GNU/Linux 12 (bookworm) [6.8.0-100-generic|libc 2.36]
client-phone-2-1    | 17-Sep-2026 10:30:59 [---] Memory: 9.69 GB physical, 0 bytes virtual
client-phone-2-1    | 17-Sep-2026 10:30:59 [---] Disk: 18.33 GB total, 15.22 GB free
client-phone-2-1    | 17-Sep-2026 10:30:59 [---] Local time is UTC +0 hours
client-phone-2-1    | 17-Sep-2026 10:30:59 [---] Config: GUI RPC allowed from any host
makeproject-1       | added platform: (create_time, name, user_friendly_name) values (1789640977, 'aarch64-android-linux-gnu', 'Android running on ARM 64-bit arm64-v8a')
makeproject-1       | added platform: (create_time, name, user_friendly_name) values (1789640977, 'x86_64-android-linux-gnu', 'Android running on Intel x64 compatible')
makeproject-1       | added platform: (create_time, name, user_friendly_name) values (1789640977, 'x86-android-linux-gnu', 'Android running on Intel x86 compatible')
makeproject-1       | added platform: (create_time, name, user_friendly_name) values (1789640977, 'arm-unknown-linux-gnueabihf', 'Linux running on ARM, hardware FP')
makeproject-1       | added platform: (create_time, name, user_friendly_name) values (1789640977, 'aarch64-unknown-linux-gnu', 'Linux running on ARM64')
makeproject-1       | added platform: (create_time, name, user_friendly_name) values (1789640977, 'anonymous', 'anonymous')
makeproject-1       | 
apache-1            | 2026-09-17 10:35:02,134 INFO reaped unknown pid 716
client-phone-2-1    | 17-Sep-2026 10:30:59 [---] Config: simulate 1 CPUs
client-phone-2-1    | 17-Sep-2026 10:30:59 [---] Config: report completed tasks immediately
client-phone-2-1    | dir_open: Could not open directory 'slots' from '/var/lib/boinc-client'.
client-cluster-2-1  | 17-Sep-2026 10:30:59 [---] Starting BOINC client version 7.20.5 for aarch64-unknown-linux-gnu
client-cluster-2-1  | 17-Sep-2026 10:30:59 [---] This a development version of BOINC and may not function properly
client-cluster-2-1  | 17-Sep-2026 10:30:59 [---] log flags: file_xfer, sched_ops, task
client-cluster-2-1  | 17-Sep-2026 10:30:59 [---] Libraries: libcurl/7.88.1 OpenSSL/3.0.20 zlib/1.2.13 brotli/1.0.9 zstd/1.5.4 libidn2/2.3.3 libpsl/0.21.2 (+libidn2/2.3.3) libssh2/1.10.0 nghttp2/1.52.0 librtmp/2.3 OpenLDAP/2.5.13
client-phone-1      | 17-Sep-2026 10:31:21 [boincserver] Finished download of hybrid_synthetic_1.0_aarch64-unknown-linux-gnu
client-phone-1      | 17-Sep-2026 10:31:21 [boincserver] Finished download of hybrid_synthetic_input.txt
client-phone-1      | 17-Sep-2026 10:31:21 [boincserver] Starting task exp_20260917T102241Z_random_medium_11_0
client-cluster-1    | 17-Sep-2026 10:31:05 [---] Preferences:
client-cluster-1    | 17-Sep-2026 10:31:05 [---]    max memory usage when active: 8929.14 MB
client-low-power-1  | 17-Sep-2026 10:30:59 [---] OS: Linux Debian GNU/Linux: Debian GNU/Linux 12 (bookworm) [6.8.0-100-generic|libc 2.36]
client-low-power-1  | 17-Sep-2026 10:30:59 [---] Memory: 9.69 GB physical, 0 bytes virtual
client-desktop-1    | 17-Sep-2026 10:31:19 [boincserver] Started download of hybrid_synthetic_input.txt
client-desktop-1    | 17-Sep-2026 10:31:21 [boincserver] Finished download of hybrid_synthetic_1.0_aarch64-unknown-linux-gnu
client-phone-1      | 17-Sep-2026 10:31:27 [boincserver] Sending scheduler request: To fetch work.
client-phone-1      | 17-Sep-2026 10:31:27 [boincserver] Requesting new tasks for CPU
client-phone-1      | 17-Sep-2026 10:31:29 [boincserver] Scheduler request completed: got 1 new tasks
client-phone-1      | 17-Sep-2026 10:31:29 [boincserver] Project requested delay of 7 seconds
client-phone-1      | 17-Sep-2026 10:31:39 [boincserver] Sending scheduler request: To fetch work.
client-phone-1      | 17-Sep-2026 10:31:39 [boincserver] Requesting new tasks for CPU
client-phone-1      | 17-Sep-2026 10:31:45 [boincserver] Scheduler request completed: got 0 new tasks
client-phone-1      | 17-Sep-2026 10:31:45 [boincserver] No tasks sent
client-phone-1      | 17-Sep-2026 10:31:45 [boincserver] This computer has reached a limit on tasks in progress
client-phone-1      | 17-Sep-2026 10:31:45 [boincserver] Project requested delay of 7 seconds
client-cluster-1    | 17-Sep-2026 10:31:05 [---]    max memory usage when idle: 8929.14 MB
client-low-power-1  | 17-Sep-2026 10:30:59 [---] Disk: 18.33 GB total, 15.22 GB free
client-low-power-1  | 17-Sep-2026 10:30:59 [---] Local time is UTC +0 hours
mysql-1             | 2026-09-17 10:29:24 0 [Note] InnoDB: Loading buffer pool(s) from /var/lib/mysql/ib_buffer_pool
mysql-1             | 2026-09-17 10:29:24 0 [Note] Plugin 'FEEDBACK' is disabled.
client-phone-2-1    | 17-Sep-2026 10:30:59 [---] No general preferences found - using defaults
client-phone-2-1    | 17-Sep-2026 10:30:59 [---] Reading preferences override file
client-cluster-1    | 17-Sep-2026 10:31:05 [---]    max disk usage: 2.00 GB
client-cluster-1    | 17-Sep-2026 10:31:05 [---]    don't use GPU while active
client-cluster-1    | 17-Sep-2026 10:31:05 [---]    suspend work if non-BOINC CPU load exceeds 25%
client-cluster-1    | 17-Sep-2026 10:31:05 [---]    (to change preferences, visit a project web site or select Preferences in the Manager)
client-cluster-1    | 17-Sep-2026 10:31:09 [http://boincserver.local/boincserver/] Fetching scheduler list
client-cluster-1    | 17-Sep-2026 10:31:11 [http://boincserver.local/boincserver/] Master file download succeeded
client-cluster-1    | 17-Sep-2026 10:31:16 [http://boincserver.local/boincserver/] Sending scheduler request: Project initialization.
client-cluster-1    | 17-Sep-2026 10:31:16 [http://boincserver.local/boincserver/] Requesting new tasks for CPU
client-cluster-1    | 17-Sep-2026 10:31:18 [boincserver] Scheduler request completed: got 1 new tasks
client-cluster-1    | 17-Sep-2026 10:31:18 [boincserver] Project requested delay of 7 seconds
client-cluster-1    | 17-Sep-2026 10:31:20 [boincserver] Started download of hybrid_synthetic_1.0_aarch64-unknown-linux-gnu
client-cluster-1    | 17-Sep-2026 10:31:20 [boincserver] Started download of hybrid_synthetic_input.txt
client-cluster-2-1  | 17-Sep-2026 10:30:59 [---] Data directory: /var/lib/boinc-client
client-cluster-2-1  | 17-Sep-2026 10:30:59 [---] No usable GPUs found
client-low-power-1  | 17-Sep-2026 10:30:59 [---] Config: GUI RPC allowed from any host
client-low-power-1  | 17-Sep-2026 10:30:59 [---] Config: simulate 1 CPUs
mysql-1             | 2026-09-17 10:29:24 0 [Note] InnoDB: Buffer pool(s) load completed at 260917 10:29:24
mysql-1             | 2026-09-17 10:29:24 0 [Warning] 'user' entry 'root@a644f740bd7a' ignored in --skip-name-resolve mode.
client-desktop-1    | 17-Sep-2026 10:31:21 [boincserver] Finished download of hybrid_synthetic_input.txt
client-desktop-1    | 17-Sep-2026 10:31:21 [boincserver] Starting task exp_20260917T102241Z_random_long_2_0
client-desktop-1    | 17-Sep-2026 10:31:27 [boincserver] Sending scheduler request: To fetch work.
client-desktop-1    | 17-Sep-2026 10:31:27 [boincserver] Requesting new tasks for CPU
client-desktop-1    | 17-Sep-2026 10:31:29 [boincserver] Scheduler request completed: got 2 new tasks
client-desktop-1    | 17-Sep-2026 10:31:29 [boincserver] Project requested delay of 7 seconds
client-desktop-1    | 17-Sep-2026 10:31:31 [boincserver] Elapsed time limit 50.000000 < 120.000000; setting to 43200.000000
client-desktop-1    | 17-Sep-2026 10:31:31 [boincserver] Starting task exp_20260917T102241Z_random_short_17_0
client-desktop-1    | 17-Sep-2026 10:31:38 [boincserver] Computation for task exp_20260917T102241Z_random_short_17_0 finished
client-desktop-1    | 17-Sep-2026 10:31:38 [boincserver] Starting task exp_20260917T102241Z_random_medium_2_0
client-low-power-1  | 17-Sep-2026 10:30:59 [---] Config: report completed tasks immediately
client-low-power-1  | 17-Sep-2026 10:30:59 [---] No general preferences found - using defaults
client-low-power-1  | 17-Sep-2026 10:30:59 [---] Reading preferences override file
client-low-power-1  | 17-Sep-2026 10:30:59 [---] Preferences:
client-cluster-2-1  | 17-Sep-2026 10:30:59 [---] Creating new client state file
client-cluster-2-1  | 17-Sep-2026 10:30:59 [---] libc:  version 2.36
client-cluster-2-1  | 17-Sep-2026 10:30:59 [---] Host name: cluster-02
client-cluster-2-1  | 17-Sep-2026 10:30:59 [---] Processor: 4 ARM  [Impl 0x61 Arch 8 Variant 0x0 Part 0x000 Rev 0]
client-cluster-2-1  | 17-Sep-2026 10:30:59 [---] Processor features: fp asimd evtstrm aes pmull sha1 sha2 crc32 atomics fphp asimdhp cpuid asimdrdm jscvt fcma lrcpc dcpop sha3 asimddp sha512 asimdfhm dit uscat ilrcpc flagm sb paca pacg dcpodp flagm2 frint i8mm bf16 bti afp
client-cluster-2-1  | 17-Sep-2026 10:30:59 [---] OS: Linux Debian GNU/Linux: Debian GNU/Linux 12 (bookworm) [6.8.0-100-generic|libc 2.36]
client-phone-2-1    | 17-Sep-2026 10:30:59 [---] Preferences:
client-phone-2-1    | 17-Sep-2026 10:30:59 [---]    max memory usage when active: 8929.14 MB
client-desktop-1    | 17-Sep-2026 10:31:39 [boincserver] Sending scheduler request: To fetch work.
client-desktop-1    | 17-Sep-2026 10:31:39 [boincserver] Requesting new tasks for CPU
client-desktop-1    | 17-Sep-2026 10:31:40 [boincserver] Started upload of exp_20260917T102241Z_random_short_17_0_r121800482_0
client-phone-1      | 17-Sep-2026 10:31:55 [boincserver] Computation for task exp_20260917T102241Z_random_medium_11_0 finished
client-phone-1      | 17-Sep-2026 10:31:55 [boincserver] Starting task exp_20260917T102241Z_random_medium_9_0
client-phone-1      | 17-Sep-2026 10:31:57 [boincserver] Started upload of exp_20260917T102241Z_random_medium_11_0_r1137256094_0
client-phone-1      | 17-Sep-2026 10:31:59 [boincserver] Finished upload of exp_20260917T102241Z_random_medium_11_0_r1137256094_0
client-phone-1      | 17-Sep-2026 10:32:00 [boincserver] Sending scheduler request: To report completed tasks.
client-phone-1      | 17-Sep-2026 10:32:00 [boincserver] Reporting 1 completed tasks
client-phone-1      | 17-Sep-2026 10:32:00 [boincserver] Requesting new tasks for CPU
client-desktop-1    | 17-Sep-2026 10:31:41 [boincserver] Finished upload of exp_20260917T102241Z_random_short_17_0_r121800482_0
client-desktop-1    | 17-Sep-2026 10:32:07 [boincserver] Scheduler request completed: got 1 new tasks
client-phone-2-1    | 17-Sep-2026 10:30:59 [---]    max memory usage when idle: 8929.14 MB
client-phone-2-1    | 17-Sep-2026 10:30:59 [---]    max disk usage: 2.00 GB
client-phone-2-1    | 17-Sep-2026 10:30:59 [---]    don't use GPU while active
client-phone-2-1    | 17-Sep-2026 10:30:59 [---]    suspend work if non-BOINC CPU load exceeds 25%
client-phone-2-1    | 17-Sep-2026 10:30:59 [---]    (to change preferences, visit a project web site or select Preferences in the Manager)
client-phone-2-1    | 17-Sep-2026 10:30:59 [---] Setting up project and slot directories
client-phone-2-1    | 17-Sep-2026 10:30:59 [---] Checking active tasks
client-phone-2-1    | 17-Sep-2026 10:30:59 [---] Setting up GUI RPC socket
client-phone-2-1    | 17-Sep-2026 10:30:59 [---] Checking presence of 0 project files
client-phone-2-1    | 17-Sep-2026 10:30:59 [---] This computer is not attached to any projects
client-low-power-1  | 17-Sep-2026 10:30:59 [---]    max memory usage when active: 8929.14 MB
client-low-power-1  | 17-Sep-2026 10:30:59 [---]    max memory usage when idle: 8929.14 MB
client-low-power-1  | 17-Sep-2026 10:30:59 [---]    max disk usage: 2.00 GB
client-low-power-1  | 17-Sep-2026 10:30:59 [---]    don't use GPU while active
client-low-power-1  | 17-Sep-2026 10:30:59 [---]    suspend work if non-BOINC CPU load exceeds 25%
client-cluster-1    | 17-Sep-2026 10:31:47 [boincserver] Finished download of hybrid_synthetic_1.0_aarch64-unknown-linux-gnu
client-cluster-1    | 17-Sep-2026 10:31:47 [boincserver] Finished download of hybrid_synthetic_input.txt
client-cluster-1    | 17-Sep-2026 10:31:47 [boincserver] Starting task exp_20260917T102241Z_random_long_3_0
client-cluster-1    | 17-Sep-2026 10:31:47 [boincserver] Sending scheduler request: To fetch work.
client-cluster-1    | 17-Sep-2026 10:31:47 [boincserver] Requesting new tasks for CPU
client-cluster-1    | 17-Sep-2026 10:31:49 [boincserver] Scheduler request completed: got 4 new tasks
client-cluster-1    | 17-Sep-2026 10:31:49 [boincserver] Project requested delay of 7 seconds
client-cluster-2-1  | 17-Sep-2026 10:30:59 [---] Memory: 9.69 GB physical, 0 bytes virtual
client-cluster-2-1  | 17-Sep-2026 10:30:59 [---] Disk: 18.33 GB total, 15.22 GB free
client-cluster-2-1  | 17-Sep-2026 10:30:59 [---] Local time is UTC +0 hours
client-cluster-2-1  | 17-Sep-2026 10:30:59 [---] Config: GUI RPC allowed from any host
client-phone-2-1    | 17-Sep-2026 10:30:59 Initialization completed
client-phone-2-1    | dir_open: Could not open directory 'projects/boincserver.local_boincserver' from '/var/lib/boinc-client'.
client-phone-2-1    | 17-Sep-2026 10:31:00 [---] No general preferences found - using defaults
client-phone-2-1    | 17-Sep-2026 10:31:00 [---] Reading preferences override file
client-phone-2-1    | 17-Sep-2026 10:31:00 [---] Preferences:
client-phone-2-1    | 17-Sep-2026 10:31:00 [---]    max memory usage when active: 8929.14 MB
client-phone-2-1    | 17-Sep-2026 10:31:00 [---]    max memory usage when idle: 8929.14 MB
client-cluster-2-1  | 17-Sep-2026 10:30:59 [---] Config: simulate 4 CPUs
client-cluster-2-1  | 17-Sep-2026 10:30:59 [---] Config: report completed tasks immediately
client-cluster-2-1  | 17-Sep-2026 10:30:59 [---] No general preferences found - using defaults
client-cluster-2-1  | 17-Sep-2026 10:30:59 [---] Reading preferences override file
client-cluster-2-1  | 17-Sep-2026 10:30:59 [---] Preferences:
client-cluster-1    | 17-Sep-2026 10:31:51 [boincserver] Elapsed time limit 50.000000 < 120.000000; setting to 43200.000000
client-cluster-1    | 17-Sep-2026 10:31:51 [boincserver] Starting task exp_20260917T102241Z_random_short_16_0
client-cluster-1    | 17-Sep-2026 10:31:51 [boincserver] Starting task exp_20260917T102241Z_random_medium_3_0
client-low-power-1  | 17-Sep-2026 10:30:59 [---]    (to change preferences, visit a project web site or select Preferences in the Manager)
client-low-power-1  | 17-Sep-2026 10:30:59 [---] Setting up project and slot directories
client-low-power-1  | 17-Sep-2026 10:30:59 [---] Checking active tasks
client-low-power-1  | 17-Sep-2026 10:30:59 [---] Setting up GUI RPC socket
client-phone-2-1    | 17-Sep-2026 10:31:00 [---]    max disk usage: 2.00 GB
client-phone-2-1    | 17-Sep-2026 10:31:00 [---]    don't use GPU while active
client-phone-2-1    | 17-Sep-2026 10:31:00 [---]    suspend work if non-BOINC CPU load exceeds 25%
client-phone-2-1    | 17-Sep-2026 10:31:00 [---]    (to change preferences, visit a project web site or select Preferences in the Manager)
client-phone-2-1    | 17-Sep-2026 10:31:04 [http://boincserver.local/boincserver/] Fetching scheduler list
client-low-power-1  | 17-Sep-2026 10:30:59 [---] Checking presence of 0 project files
client-low-power-1  | 17-Sep-2026 10:30:59 [---] This computer is not attached to any projects
client-low-power-1  | 17-Sep-2026 10:30:59 Initialization completed
client-low-power-1  | dir_open: Could not open directory 'slots' from '/var/lib/boinc-client'.
client-low-power-1  | dir_open: Could not open directory 'projects/boincserver.local_boincserver' from '/var/lib/boinc-client'.
client-low-power-1  | 17-Sep-2026 10:31:00 [---] No general preferences found - using defaults
client-low-power-1  | 17-Sep-2026 10:31:00 [---] Reading preferences override file
client-low-power-1  | 17-Sep-2026 10:31:00 [---] Preferences:
client-low-power-1  | 17-Sep-2026 10:31:00 [---]    max memory usage when active: 8929.14 MB
client-cluster-2-1  | 17-Sep-2026 10:30:59 [---]    max memory usage when active: 8929.14 MB
client-cluster-2-1  | 17-Sep-2026 10:30:59 [---]    max memory usage when idle: 8929.14 MB
client-cluster-2-1  | dir_open: Could not open directory 'slots' from '/var/lib/boinc-client'.
client-cluster-2-1  | 17-Sep-2026 10:30:59 [---]    max disk usage: 2.00 GB
client-cluster-2-1  | 17-Sep-2026 10:30:59 [---]    don't use GPU while active
client-cluster-2-1  | 17-Sep-2026 10:30:59 [---]    suspend work if non-BOINC CPU load exceeds 25%
client-cluster-2-1  | 17-Sep-2026 10:30:59 [---]    (to change preferences, visit a project web site or select Preferences in the Manager)
client-cluster-2-1  | 17-Sep-2026 10:30:59 [---] Setting up project and slot directories
client-cluster-2-1  | 17-Sep-2026 10:30:59 [---] Checking active tasks
client-cluster-2-1  | 17-Sep-2026 10:30:59 [---] Setting up GUI RPC socket
client-cluster-2-1  | 17-Sep-2026 10:30:59 [---] Checking presence of 0 project files
client-cluster-2-1  | 17-Sep-2026 10:30:59 [---] This computer is not attached to any projects
client-cluster-2-1  | 17-Sep-2026 10:30:59 Initialization completed
mysql-1             | 2026-09-17 10:29:24 0 [Warning] 'user' entry '@a644f740bd7a' ignored in --skip-name-resolve mode.
mysql-1             | 2026-09-17 10:29:24 0 [Warning] 'proxies_priv' entry '@% root@a644f740bd7a' ignored in --skip-name-resolve mode.
mysql-1             | 2026-09-17 10:29:24 0 [Note] Reading of all Master_info entries succeded
mysql-1             | 2026-09-17 10:29:24 0 [Note] Added new Master_info '' to hash table
client-low-power-1  | 17-Sep-2026 10:31:00 [---]    max memory usage when idle: 8929.14 MB
client-low-power-1  | 17-Sep-2026 10:31:00 [---]    max disk usage: 2.00 GB
client-low-power-1  | 17-Sep-2026 10:31:00 [---]    don't use GPU while active
client-low-power-1  | 17-Sep-2026 10:31:00 [---]    suspend work if non-BOINC CPU load exceeds 25%
client-low-power-1  | 17-Sep-2026 10:31:00 [---]    (to change preferences, visit a project web site or select Preferences in the Manager)
client-low-power-1  | 17-Sep-2026 10:31:04 [http://boincserver.local/boincserver/] Fetching scheduler list
client-low-power-1  | 17-Sep-2026 10:31:06 [http://boincserver.local/boincserver/] Master file download succeeded
client-low-power-1  | 17-Sep-2026 10:31:11 [http://boincserver.local/boincserver/] Sending scheduler request: Project initialization.
client-low-power-1  | 17-Sep-2026 10:31:11 [http://boincserver.local/boincserver/] Requesting new tasks for CPU
client-low-power-1  | 17-Sep-2026 10:31:13 [boincserver] Scheduler request completed: got 1 new tasks
client-low-power-1  | 17-Sep-2026 10:31:13 [boincserver] Project requested delay of 7 seconds
client-low-power-1  | 17-Sep-2026 10:31:15 [boincserver] Started download of hybrid_synthetic_1.0_aarch64-unknown-linux-gnu
client-phone-2-1    | 17-Sep-2026 10:31:06 [http://boincserver.local/boincserver/] Master file download succeeded
client-phone-2-1    | 17-Sep-2026 10:31:11 [http://boincserver.local/boincserver/] Sending scheduler request: Project initialization.
client-cluster-1    | 17-Sep-2026 10:31:51 [boincserver] Starting task exp_20260917T102241Z_random_medium_10_0
client-cluster-1    | 17-Sep-2026 10:31:58 [boincserver] Computation for task exp_20260917T102241Z_random_short_16_0 finished
client-cluster-1    | 17-Sep-2026 10:31:58 [boincserver] Starting task exp_20260917T102241Z_random_medium_8_0
client-cluster-1    | 17-Sep-2026 10:32:25 [boincserver] Sending scheduler request: To fetch work.
client-cluster-1    | 17-Sep-2026 10:32:25 [boincserver] Requesting new tasks for CPU
client-cluster-1    | 17-Sep-2026 10:32:26 [boincserver] Started upload of exp_20260917T102241Z_random_short_16_0_r1181381072_0
client-cluster-1    | 17-Sep-2026 10:32:27 [boincserver] Finished upload of exp_20260917T102241Z_random_short_16_0_r1181381072_0
client-cluster-1    | 17-Sep-2026 10:32:28 [boincserver] Computation for task exp_20260917T102241Z_random_medium_3_0 finished
client-cluster-1    | 17-Sep-2026 10:32:29 [boincserver] Computation for task exp_20260917T102241Z_random_medium_10_0 finished
client-cluster-1    | 17-Sep-2026 10:32:30 [boincserver] Started upload of exp_20260917T102241Z_random_medium_3_0_r805787270_0
mysql-1             | 2026-09-17 10:29:24 0 [Note] mysqld: ready for connections.
mysql-1             | Version: '10.3.8-MariaDB-1:10.3.8+maria~bionic'  socket: '/var/run/mysqld/mysqld.sock'  port: 0  mariadb.org binary distribution
mysql-1             | Warning: Unable to load '/usr/share/zoneinfo/leap-seconds.list' as time zone. Skipping it.
mysql-1             | 2026-09-17 10:29:25 10 [Warning] 'proxies_priv' entry '@% root@a644f740bd7a' ignored in --skip-name-resolve mode.
mysql-1             | 
mysql-1             | 2026-09-17 10:29:25 0 [Note] mysqld (initiated by: unknown): Normal shutdown
mysql-1             | 2026-09-17 10:29:25 0 [Note] Event Scheduler: Purging the queue. 0 events
mysql-1             | 2026-09-17 10:29:25 0 [Note] InnoDB: FTS optimize thread exiting.
mysql-1             | 2026-09-17 10:29:25 0 [Note] InnoDB: Starting shutdown...
mysql-1             | 2026-09-17 10:29:25 0 [Note] InnoDB: Dumping buffer pool(s) to /var/lib/mysql/ib_buffer_pool
mysql-1             | 2026-09-17 10:29:25 0 [Note] InnoDB: Buffer pool(s) dump completed at 260917 10:29:25
mysql-1             | 2026-09-17 10:29:26 0 [Note] InnoDB: Shutdown completed; log sequence number 1630824; transaction id 24
mysql-1             | 2026-09-17 10:29:26 0 [Note] InnoDB: Removed temporary tablespace data file: "ibtmp1"
mysql-1             | 2026-09-17 10:29:26 0 [Note] mysqld: Shutdown complete
mysql-1             | 
mysql-1             | 
mysql-1             | MySQL init process done. Ready for start up.
mysql-1             | 
mysql-1             | 2026-09-17 10:29:26 0 [Note] mysqld (mysqld 10.3.8-MariaDB-1:10.3.8+maria~bionic) starting as process 1 ...
mysql-1             | 2026-09-17 10:29:26 0 [Note] InnoDB: Using Linux native AIO
mysql-1             | 2026-09-17 10:29:26 0 [Note] InnoDB: Mutexes and rw_locks use GCC atomic builtins
mysql-1             | 2026-09-17 10:29:26 0 [Note] InnoDB: Uses event mutexes
client-phone-1      | 17-Sep-2026 10:32:27 [boincserver] Scheduler request completed: got 1 new tasks
client-phone-1      | 17-Sep-2026 10:32:27 [boincserver] Project requested delay of 7 seconds
client-desktop-1    | 17-Sep-2026 10:32:07 [boincserver] Project requested delay of 7 seconds
client-desktop-1    | 17-Sep-2026 10:32:11 [boincserver] Computation for task exp_20260917T102241Z_random_medium_2_0 finished
client-phone-1      | 17-Sep-2026 10:32:31 [boincserver] Computation for task exp_20260917T102241Z_random_medium_9_0 finished
client-phone-1      | 17-Sep-2026 10:32:31 [boincserver] Elapsed time limit 50.000000 < 120.000000; setting to 43200.000000
client-phone-1      | 17-Sep-2026 10:32:31 [boincserver] Starting task exp_20260917T102241Z_random_short_8_0
client-phone-1      | 17-Sep-2026 10:32:33 [boincserver] Started upload of exp_20260917T102241Z_random_medium_9_0_r1253965596_0
client-phone-1      | 17-Sep-2026 10:32:35 [boincserver] Finished upload of exp_20260917T102241Z_random_medium_9_0_r1253965596_0
client-phone-1      | 17-Sep-2026 10:32:37 [boincserver] Sending scheduler request: To report completed tasks.
client-phone-1      | 17-Sep-2026 10:32:37 [boincserver] Reporting 1 completed tasks
client-phone-1      | 17-Sep-2026 10:32:37 [boincserver] Requesting new tasks for CPU
client-phone-1      | 17-Sep-2026 10:32:39 [boincserver] Scheduler request completed: got 1 new tasks
client-phone-1      | 17-Sep-2026 10:32:39 [boincserver] Project requested delay of 7 seconds
client-cluster-2-1  | dir_open: Could not open directory 'projects/boincserver.local_boincserver' from '/var/lib/boinc-client'.
client-cluster-2-1  | 17-Sep-2026 10:31:00 [---] No general preferences found - using defaults
client-cluster-2-1  | 17-Sep-2026 10:31:00 [---] Reading preferences override file
client-cluster-2-1  | 17-Sep-2026 10:31:00 [---] Preferences:
client-cluster-2-1  | 17-Sep-2026 10:31:00 [---]    max memory usage when active: 8929.14 MB
client-cluster-2-1  | 17-Sep-2026 10:31:00 [---]    max memory usage when idle: 8929.14 MB
client-phone-2-1    | 17-Sep-2026 10:31:11 [http://boincserver.local/boincserver/] Requesting new tasks for CPU
client-phone-2-1    | 17-Sep-2026 10:31:13 [boincserver] Scheduler request completed: got 1 new tasks
client-phone-2-1    | 17-Sep-2026 10:31:13 [boincserver] Project requested delay of 7 seconds
client-cluster-2-1  | 17-Sep-2026 10:31:00 [---]    max disk usage: 2.00 GB
client-cluster-2-1  | 17-Sep-2026 10:31:00 [---]    don't use GPU while active
client-phone-2-1    | 17-Sep-2026 10:31:15 [boincserver] Started download of hybrid_synthetic_1.0_aarch64-unknown-linux-gnu
client-phone-2-1    | 17-Sep-2026 10:31:15 [boincserver] Started download of hybrid_synthetic_input.txt
client-phone-2-1    | 17-Sep-2026 10:31:17 [boincserver] Finished download of hybrid_synthetic_1.0_aarch64-unknown-linux-gnu
client-phone-2-1    | 17-Sep-2026 10:31:17 [boincserver] Finished download of hybrid_synthetic_input.txt
client-phone-2-1    | 17-Sep-2026 10:31:17 [boincserver] Starting task exp_20260917T102241Z_random_long_6_0
client-phone-2-1    | 17-Sep-2026 10:31:23 [boincserver] Sending scheduler request: To fetch work.
client-phone-2-1    | 17-Sep-2026 10:31:23 [boincserver] Requesting new tasks for CPU
client-phone-2-1    | 17-Sep-2026 10:31:25 [boincserver] Scheduler request completed: got 1 new tasks
client-phone-2-1    | 17-Sep-2026 10:31:25 [boincserver] Project requested delay of 7 seconds
client-phone-2-1    | 17-Sep-2026 10:31:35 [boincserver] Sending scheduler request: To fetch work.
client-phone-2-1    | 17-Sep-2026 10:31:35 [boincserver] Requesting new tasks for CPU
client-phone-2-1    | 17-Sep-2026 10:31:42 [boincserver] Scheduler request completed: got 0 new tasks
client-phone-2-1    | 17-Sep-2026 10:31:42 [boincserver] No tasks sent
client-phone-2-1    | 17-Sep-2026 10:31:42 [boincserver] This computer has reached a limit on tasks in progress
client-phone-2-1    | 17-Sep-2026 10:31:42 [boincserver] Project requested delay of 7 seconds
client-phone-2-1    | 17-Sep-2026 10:33:20 [boincserver] Computation for task exp_20260917T102241Z_random_long_6_0 finished
client-phone-2-1    | 17-Sep-2026 10:33:20 [boincserver] Starting task exp_20260917T102241Z_random_medium_12_0
client-phone-2-1    | 17-Sep-2026 10:33:22 [boincserver] Started upload of exp_20260917T102241Z_random_long_6_0_r540935881_0
client-phone-2-1    | 17-Sep-2026 10:33:24 [boincserver] Finished upload of exp_20260917T102241Z_random_long_6_0_r540935881_0
client-phone-2-1    | 17-Sep-2026 10:33:25 [boincserver] Sending scheduler request: To report completed tasks.
mysql-1             | 2026-09-17 10:29:26 0 [Note] InnoDB: Compressed tables use zlib 1.2.11
client-cluster-2-1  | 17-Sep-2026 10:31:00 [---]    suspend work if non-BOINC CPU load exceeds 25%
client-cluster-2-1  | 17-Sep-2026 10:31:00 [---]    (to change preferences, visit a project web site or select Preferences in the Manager)
client-cluster-2-1  | 17-Sep-2026 10:31:04 [http://boincserver.local/boincserver/] Fetching scheduler list
client-cluster-2-1  | 17-Sep-2026 10:31:06 [http://boincserver.local/boincserver/] Master file download succeeded
client-cluster-2-1  | 17-Sep-2026 10:31:11 [http://boincserver.local/boincserver/] Sending scheduler request: Project initialization.
client-cluster-2-1  | 17-Sep-2026 10:31:11 [http://boincserver.local/boincserver/] Requesting new tasks for CPU
client-cluster-2-1  | 17-Sep-2026 10:31:13 [boincserver] Scheduler request completed: got 1 new tasks
client-cluster-2-1  | 17-Sep-2026 10:31:13 [boincserver] Project requested delay of 7 seconds
client-cluster-2-1  | 17-Sep-2026 10:31:15 [boincserver] Started download of hybrid_synthetic_1.0_aarch64-unknown-linux-gnu
client-cluster-2-1  | 17-Sep-2026 10:31:15 [boincserver] Started download of hybrid_synthetic_input.txt
client-cluster-1    | 17-Sep-2026 10:32:31 [boincserver] Started upload of exp_20260917T102241Z_random_medium_10_0_r1710576852_0
client-cluster-1    | 17-Sep-2026 10:32:32 [boincserver] Finished upload of exp_20260917T102241Z_random_medium_3_0_r805787270_0
client-cluster-1    | 17-Sep-2026 10:32:32 [boincserver] Finished upload of exp_20260917T102241Z_random_medium_10_0_r1710576852_0
client-cluster-1    | 17-Sep-2026 10:32:32 [boincserver] Computation for task exp_20260917T102241Z_random_medium_8_0 finished
client-cluster-1    | 17-Sep-2026 10:32:32 [boincserver] Scheduler request completed: got 3 new tasks
client-cluster-1    | 17-Sep-2026 10:32:32 [boincserver] Project requested delay of 7 seconds
client-low-power-1  | 17-Sep-2026 10:31:15 [boincserver] Started download of hybrid_synthetic_input.txt
client-low-power-1  | 17-Sep-2026 10:31:17 [boincserver] Finished download of hybrid_synthetic_1.0_aarch64-unknown-linux-gnu
client-low-power-1  | 17-Sep-2026 10:31:17 [boincserver] Finished download of hybrid_synthetic_input.txt
client-low-power-1  | 17-Sep-2026 10:31:17 [boincserver] Starting task exp_20260917T102241Z_random_long_4_0
client-low-power-1  | 17-Sep-2026 10:31:23 [boincserver] Sending scheduler request: To fetch work.
client-low-power-1  | 17-Sep-2026 10:31:23 [boincserver] Requesting new tasks for CPU
client-cluster-1    | 17-Sep-2026 10:32:34 [boincserver] Started upload of exp_20260917T102241Z_random_medium_8_0_r610051755_0
client-cluster-1    | 17-Sep-2026 10:32:34 [boincserver] Elapsed time limit 50.000000 < 120.000000; setting to 43200.000000
client-cluster-1    | 17-Sep-2026 10:32:34 [boincserver] Elapsed time limit 50.000000 < 120.000000; setting to 43200.000000
client-cluster-1    | 17-Sep-2026 10:32:34 [boincserver] Starting task exp_20260917T102241Z_random_short_14_0
client-desktop-1    | 17-Sep-2026 10:32:11 [boincserver] Elapsed time limit 50.000000 < 120.000000; setting to 43200.000000
client-desktop-1    | 17-Sep-2026 10:32:11 [boincserver] Starting task exp_20260917T102241Z_random_short_15_0
client-desktop-1    | 17-Sep-2026 10:32:13 [boincserver] Started upload of exp_20260917T102241Z_random_medium_2_0_r433606518_0
client-desktop-1    | 17-Sep-2026 10:32:15 [boincserver] Finished upload of exp_20260917T102241Z_random_medium_2_0_r433606518_0
client-desktop-1    | 17-Sep-2026 10:32:17 [boincserver] Sending scheduler request: To report completed tasks.
client-desktop-1    | 17-Sep-2026 10:32:17 [boincserver] Reporting 2 completed tasks
client-phone-2-1    | 17-Sep-2026 10:33:25 [boincserver] Reporting 1 completed tasks
client-phone-2-1    | 17-Sep-2026 10:33:25 [boincserver] Requesting new tasks for CPU
client-desktop-1    | 17-Sep-2026 10:32:17 [boincserver] Requesting new tasks for CPU
client-desktop-1    | 17-Sep-2026 10:32:19 [boincserver] Computation for task exp_20260917T102241Z_random_short_15_0 finished
client-desktop-1    | 17-Sep-2026 10:32:44 [boincserver] Scheduler request completed: got 2 new tasks
client-desktop-1    | 17-Sep-2026 10:32:44 [boincserver] Project requested delay of 7 seconds
client-desktop-1    | 17-Sep-2026 10:32:45 [boincserver] Started upload of exp_20260917T102241Z_random_short_15_0_r195611915_0
client-desktop-1    | 17-Sep-2026 10:32:46 [boincserver] Elapsed time limit 50.000000 < 120.000000; setting to 43200.000000
client-phone-2-1    | 17-Sep-2026 10:33:52 [boincserver] Scheduler request completed: got 0 new tasks
client-phone-2-1    | 17-Sep-2026 10:33:52 [boincserver] Project has no tasks available
client-phone-2-1    | 17-Sep-2026 10:33:52 [boincserver] Project requested delay of 7 seconds
client-phone-2-1    | 17-Sep-2026 10:33:55 [boincserver] Computation for task exp_20260917T102241Z_random_medium_12_0 finished
client-phone-2-1    | 17-Sep-2026 10:33:57 [boincserver] Started upload of exp_20260917T102241Z_random_medium_12_0_r455195421_0
client-phone-2-1    | 17-Sep-2026 10:33:59 [boincserver] Finished upload of exp_20260917T102241Z_random_medium_12_0_r455195421_0
client-phone-2-1    | 17-Sep-2026 10:34:02 [boincserver] Sending scheduler request: To report completed tasks.
client-phone-2-1    | 17-Sep-2026 10:34:02 [boincserver] Reporting 1 completed tasks
client-phone-2-1    | 17-Sep-2026 10:34:02 [boincserver] Requesting new tasks for CPU
client-phone-2-1    | 17-Sep-2026 10:34:29 [boincserver] Scheduler request completed: got 0 new tasks
client-phone-1      | 17-Sep-2026 10:33:05 [boincserver] Computation for task exp_20260917T102241Z_random_short_8_0 finished
client-phone-1      | 17-Sep-2026 10:33:05 [boincserver] Sending scheduler request: To fetch work.
client-phone-1      | 17-Sep-2026 10:33:05 [boincserver] Requesting new tasks for CPU
client-low-power-1  | 17-Sep-2026 10:31:25 [boincserver] Scheduler request completed: got 1 new tasks
client-low-power-1  | 17-Sep-2026 10:31:25 [boincserver] Project requested delay of 7 seconds
client-low-power-1  | 17-Sep-2026 10:31:35 [boincserver] Sending scheduler request: To fetch work.
client-low-power-1  | 17-Sep-2026 10:31:35 [boincserver] Requesting new tasks for CPU
client-cluster-1    | 17-Sep-2026 10:32:34 [boincserver] Starting task exp_20260917T102241Z_random_medium_1_0
client-cluster-1    | 17-Sep-2026 10:32:34 [boincserver] Starting task exp_20260917T102241Z_random_short_9_0
client-phone-2-1    | 17-Sep-2026 10:34:29 [boincserver] Project has no tasks available
client-phone-2-1    | 17-Sep-2026 10:34:29 [boincserver] Project requested delay of 7 seconds
client-phone-2-1    | 17-Sep-2026 10:34:40 [boincserver] Sending scheduler request: To fetch work.
client-phone-2-1    | 17-Sep-2026 10:34:40 [boincserver] Requesting new tasks for CPU
client-phone-2-1    | 17-Sep-2026 10:35:07 [boincserver] Scheduler request completed: got 0 new tasks
client-phone-2-1    | 17-Sep-2026 10:35:07 [boincserver] Project has no tasks available
client-desktop-1    | 17-Sep-2026 10:32:46 [boincserver] Starting task exp_20260917T102241Z_random_short_3_0
client-desktop-1    | 17-Sep-2026 10:32:47 [boincserver] Finished upload of exp_20260917T102241Z_random_short_15_0_r195611915_0
client-desktop-1    | 17-Sep-2026 10:32:54 [boincserver] Computation for task exp_20260917T102241Z_random_short_3_0 finished
client-desktop-1    | 17-Sep-2026 10:32:54 [boincserver] Starting task exp_20260917T102241Z_random_medium_4_0
client-phone-2-1    | 17-Sep-2026 10:35:07 [boincserver] Project requested delay of 7 seconds
mysql-1             | 2026-09-17 10:29:26 0 [Note] InnoDB: Number of pools: 1
mysql-1             | 2026-09-17 10:29:26 0 [Note] InnoDB: Using generic crc32 instructions
mysql-1             | 2026-09-17 10:29:26 0 [Note] InnoDB: Initializing buffer pool, total size = 256M, instances = 1, chunk size = 128M
mysql-1             | 2026-09-17 10:29:26 0 [Note] InnoDB: Completed initialization of buffer pool
mysql-1             | 2026-09-17 10:29:26 0 [Note] InnoDB: If the mysqld execution user is authorized, page cleaner thread priority can be changed. See the man page of setpriority().
mysql-1             | 2026-09-17 10:29:26 0 [Note] InnoDB: 128 out of 128 rollback segments are active.
client-low-power-1  | 17-Sep-2026 10:31:42 [boincserver] Scheduler request completed: got 0 new tasks
client-low-power-1  | 17-Sep-2026 10:31:42 [boincserver] No tasks sent
client-low-power-1  | 17-Sep-2026 10:31:42 [boincserver] This computer has reached a limit on tasks in progress
client-low-power-1  | 17-Sep-2026 10:31:42 [boincserver] Project requested delay of 7 seconds
client-low-power-1  | 17-Sep-2026 10:33:35 [boincserver] Computation for task exp_20260917T102241Z_random_long_4_0 finished
client-low-power-1  | 17-Sep-2026 10:33:35 [boincserver] Starting task exp_20260917T102241Z_random_long_1_0
client-low-power-1  | 17-Sep-2026 10:33:37 [boincserver] Started upload of exp_20260917T102241Z_random_long_4_0_r1752130107_0
client-low-power-1  | 17-Sep-2026 10:33:39 [boincserver] Finished upload of exp_20260917T102241Z_random_long_4_0_r1752130107_0
client-desktop-1    | 17-Sep-2026 10:32:54 [boincserver] Sending scheduler request: To report completed tasks.
client-desktop-1    | 17-Sep-2026 10:32:54 [boincserver] Reporting 1 completed tasks
client-desktop-1    | 17-Sep-2026 10:32:54 [boincserver] Requesting new tasks for CPU
client-desktop-1    | 17-Sep-2026 10:32:56 [boincserver] Started upload of exp_20260917T102241Z_random_short_3_0_r460504340_0
client-phone-1      | 17-Sep-2026 10:33:06 [boincserver] Elapsed time limit 50.000000 < 120.000000; setting to 43200.000000
client-phone-1      | 17-Sep-2026 10:33:06 [boincserver] Starting task exp_20260917T102241Z_random_short_7_0
client-phone-1      | 17-Sep-2026 10:33:07 [boincserver] Started upload of exp_20260917T102241Z_random_short_8_0_r715475864_0
client-phone-1      | 17-Sep-2026 10:33:09 [boincserver] Finished upload of exp_20260917T102241Z_random_short_8_0_r715475864_0
client-phone-1      | 17-Sep-2026 10:33:11 [boincserver] Scheduler request completed: got 0 new tasks
client-phone-1      | 17-Sep-2026 10:33:11 [boincserver] Project has no tasks available
client-phone-1      | 17-Sep-2026 10:33:11 [boincserver] Project requested delay of 7 seconds
client-low-power-1  | 17-Sep-2026 10:33:42 [boincserver] Sending scheduler request: To report completed tasks.
client-low-power-1  | 17-Sep-2026 10:33:42 [boincserver] Reporting 1 completed tasks
client-low-power-1  | 17-Sep-2026 10:33:42 [boincserver] Requesting new tasks for CPU
client-low-power-1  | 17-Sep-2026 10:34:09 [boincserver] Scheduler request completed: got 0 new tasks
client-cluster-1    | 17-Sep-2026 10:32:36 [boincserver] Finished upload of exp_20260917T102241Z_random_medium_8_0_r610051755_0
client-cluster-1    | 17-Sep-2026 10:33:02 [boincserver] Sending scheduler request: To report completed tasks.
client-cluster-1    | 17-Sep-2026 10:33:02 [boincserver] Reporting 4 completed tasks
client-cluster-1    | 17-Sep-2026 10:33:02 [boincserver] Requesting new tasks for CPU
client-cluster-1    | 17-Sep-2026 10:33:04 [boincserver] Scheduler request completed: got 3 new tasks
client-cluster-1    | 17-Sep-2026 10:33:04 [boincserver] Project requested delay of 7 seconds
client-cluster-1    | 17-Sep-2026 10:33:05 [boincserver] Computation for task exp_20260917T102241Z_random_short_14_0 finished
client-cluster-1    | 17-Sep-2026 10:33:06 [boincserver] Computation for task exp_20260917T102241Z_random_short_9_0 finished
client-cluster-1    | 17-Sep-2026 10:33:06 [boincserver] Elapsed time limit 50.000000 < 120.000000; setting to 43200.000000
client-cluster-1    | 17-Sep-2026 10:33:06 [boincserver] Elapsed time limit 50.000000 < 120.000000; setting to 43200.000000
client-cluster-1    | 17-Sep-2026 10:33:06 [boincserver] Starting task exp_20260917T102241Z_random_short_1_0
client-cluster-1    | 17-Sep-2026 10:33:06 [boincserver] Starting task exp_20260917T102241Z_random_short_13_0
client-cluster-1    | 17-Sep-2026 10:33:07 [boincserver] Started upload of exp_20260917T102241Z_random_short_14_0_r1969794918_0
client-cluster-1    | 17-Sep-2026 10:33:07 [boincserver] Computation for task exp_20260917T102241Z_random_medium_1_0 finished
client-cluster-1    | 17-Sep-2026 10:33:07 [boincserver] Elapsed time limit 50.000000 < 120.000000; setting to 43200.000000
client-cluster-1    | 17-Sep-2026 10:33:07 [boincserver] Starting task exp_20260917T102241Z_random_short_2_0
client-cluster-2-1  | 17-Sep-2026 10:31:17 [boincserver] Finished download of hybrid_synthetic_1.0_aarch64-unknown-linux-gnu
client-cluster-2-1  | 17-Sep-2026 10:31:17 [boincserver] Finished download of hybrid_synthetic_input.txt
client-cluster-2-1  | 17-Sep-2026 10:31:17 [boincserver] Starting task exp_20260917T102241Z_random_long_5_0
client-cluster-2-1  | 17-Sep-2026 10:31:23 [boincserver] Sending scheduler request: To fetch work.
client-cluster-2-1  | 17-Sep-2026 10:31:23 [boincserver] Requesting new tasks for CPU
client-cluster-2-1  | 17-Sep-2026 10:31:30 [boincserver] Scheduler request completed: got 4 new tasks
client-cluster-2-1  | 17-Sep-2026 10:31:30 [boincserver] Project requested delay of 7 seconds
client-cluster-2-1  | 17-Sep-2026 10:31:57 [boincserver] Elapsed time limit 50.000000 < 120.000000; setting to 43200.000000
client-phone-1      | 17-Sep-2026 10:33:14 [boincserver] Computation for task exp_20260917T102241Z_random_short_7_0 finished
client-phone-1      | 17-Sep-2026 10:33:16 [boincserver] Started upload of exp_20260917T102241Z_random_short_7_0_r991306174_0
client-phone-1      | 17-Sep-2026 10:33:43 [boincserver] Finished upload of exp_20260917T102241Z_random_short_7_0_r991306174_0
client-phone-1      | 17-Sep-2026 10:33:48 [boincserver] Sending scheduler request: To report completed tasks.
client-phone-1      | 17-Sep-2026 10:33:48 [boincserver] Reporting 2 completed tasks
client-phone-1      | 17-Sep-2026 10:33:48 [boincserver] Requesting new tasks for CPU
client-cluster-2-1  | 17-Sep-2026 10:31:57 [boincserver] Elapsed time limit 50.000000 < 120.000000; setting to 43200.000000
client-cluster-2-1  | 17-Sep-2026 10:31:57 [boincserver] Starting task exp_20260917T102241Z_random_short_12_0
client-cluster-2-1  | 17-Sep-2026 10:31:57 [boincserver] Starting task exp_20260917T102241Z_random_medium_6_0
client-cluster-2-1  | 17-Sep-2026 10:31:57 [boincserver] Starting task exp_20260917T102241Z_random_short_18_0
client-cluster-2-1  | 17-Sep-2026 10:31:57 [boincserver] Sending scheduler request: To fetch work.
client-cluster-2-1  | 17-Sep-2026 10:31:57 [boincserver] Requesting new tasks for CPU
client-cluster-2-1  | 17-Sep-2026 10:31:59 [boincserver] Scheduler request completed: got 3 new tasks
client-cluster-1    | 17-Sep-2026 10:33:08 [boincserver] Started upload of exp_20260917T102241Z_random_short_9_0_r1151127299_0
client-cluster-1    | 17-Sep-2026 10:33:09 [boincserver] Finished upload of exp_20260917T102241Z_random_short_14_0_r1969794918_0
client-cluster-1    | 17-Sep-2026 10:33:09 [boincserver] Finished upload of exp_20260917T102241Z_random_short_9_0_r1151127299_0
client-cluster-1    | 17-Sep-2026 10:33:09 [boincserver] Started upload of exp_20260917T102241Z_random_medium_1_0_r1296634671_0
client-low-power-1  | 17-Sep-2026 10:34:09 [boincserver] Project has no tasks available
client-low-power-1  | 17-Sep-2026 10:34:09 [boincserver] Project requested delay of 7 seconds
client-low-power-1  | 17-Sep-2026 10:34:19 [boincserver] Sending scheduler request: To fetch work.
client-low-power-1  | 17-Sep-2026 10:34:19 [boincserver] Requesting new tasks for CPU
client-low-power-1  | 17-Sep-2026 10:34:21 [boincserver] Scheduler request completed: got 0 new tasks
client-low-power-1  | 17-Sep-2026 10:34:21 [boincserver] Project has no tasks available
client-low-power-1  | 17-Sep-2026 10:34:21 [boincserver] Project requested delay of 7 seconds
client-low-power-1  | 17-Sep-2026 10:36:02 [boincserver] Computation for task exp_20260917T102241Z_random_long_1_0 finished
client-low-power-1  | 17-Sep-2026 10:36:04 [boincserver] Started upload of exp_20260917T102241Z_random_long_1_0_r1239892017_0
client-low-power-1  | 17-Sep-2026 10:36:06 [boincserver] Finished upload of exp_20260917T102241Z_random_long_1_0_r1239892017_0
client-low-power-1  | 17-Sep-2026 10:36:07 [boincserver] Sending scheduler request: To report completed tasks.
client-low-power-1  | 17-Sep-2026 10:36:07 [boincserver] Reporting 1 completed tasks
client-low-power-1  | 17-Sep-2026 10:36:07 [boincserver] Requesting new tasks for CPU
client-low-power-1  | 17-Sep-2026 10:36:09 [boincserver] Scheduler request completed: got 0 new tasks
client-low-power-1  | 17-Sep-2026 10:36:09 [boincserver] Project has no tasks available
client-desktop-1    | 17-Sep-2026 10:33:22 [boincserver] Scheduler request completed: got 1 new tasks
client-desktop-1    | 17-Sep-2026 10:33:22 [boincserver] Project requested delay of 7 seconds
client-desktop-1    | 17-Sep-2026 10:33:23 [boincserver] Finished upload of exp_20260917T102241Z_random_short_3_0_r460504340_0
client-desktop-1    | 17-Sep-2026 10:33:25 [boincserver] Computation for task exp_20260917T102241Z_random_long_2_0 finished
client-desktop-1    | 17-Sep-2026 10:33:25 [boincserver] Starting task exp_20260917T102241Z_random_medium_7_0
client-cluster-2-1  | 17-Sep-2026 10:31:59 [boincserver] Project requested delay of 7 seconds
client-cluster-2-1  | 17-Sep-2026 10:32:05 [boincserver] Computation for task exp_20260917T102241Z_random_short_12_0 finished
client-cluster-2-1  | 17-Sep-2026 10:32:05 [boincserver] Starting task exp_20260917T102241Z_random_medium_5_0
client-cluster-2-1  | 17-Sep-2026 10:32:06 [boincserver] Computation for task exp_20260917T102241Z_random_short_18_0 finished
client-cluster-2-1  | 17-Sep-2026 10:32:06 [boincserver] Elapsed time limit 50.000000 < 120.000000; setting to 43200.000000
client-cluster-2-1  | 17-Sep-2026 10:32:06 [boincserver] Starting task exp_20260917T102241Z_random_short_11_0
client-cluster-2-1  | 17-Sep-2026 10:32:07 [boincserver] Started upload of exp_20260917T102241Z_random_short_12_0_r967813615_0
client-cluster-2-1  | 17-Sep-2026 10:32:08 [boincserver] Started upload of exp_20260917T102241Z_random_short_18_0_r671105014_0
client-low-power-1  | 17-Sep-2026 10:36:09 [boincserver] Project requested delay of 7 seconds
client-low-power-1  | 17-Sep-2026 10:36:19 [boincserver] Sending scheduler request: To fetch work.
client-low-power-1  | 17-Sep-2026 10:36:19 [boincserver] Requesting new tasks for CPU
client-desktop-1    | 17-Sep-2026 10:33:27 [boincserver] Started upload of exp_20260917T102241Z_random_long_2_0_r1494556060_0
client-desktop-1    | 17-Sep-2026 10:33:27 [boincserver] Computation for task exp_20260917T102241Z_random_medium_4_0 finished
client-cluster-1    | 17-Sep-2026 10:33:11 [boincserver] Finished upload of exp_20260917T102241Z_random_medium_1_0_r1296634671_0
client-cluster-1    | 17-Sep-2026 10:33:13 [boincserver] Computation for task exp_20260917T102241Z_random_short_13_0 finished
client-cluster-2-1  | 17-Sep-2026 10:32:35 [boincserver] Finished upload of exp_20260917T102241Z_random_short_12_0_r967813615_0
client-cluster-2-1  | 17-Sep-2026 10:32:35 [boincserver] Finished upload of exp_20260917T102241Z_random_short_18_0_r671105014_0
client-cluster-2-1  | 17-Sep-2026 10:32:35 [boincserver] Sending scheduler request: To report completed tasks.
client-cluster-2-1  | 17-Sep-2026 10:32:35 [boincserver] Reporting 2 completed tasks
client-cluster-2-1  | 17-Sep-2026 10:32:35 [boincserver] Requesting new tasks for CPU
client-cluster-2-1  | 17-Sep-2026 10:32:37 [boincserver] Scheduler request completed: got 2 new tasks
client-cluster-2-1  | 17-Sep-2026 10:32:37 [boincserver] Project requested delay of 7 seconds
client-cluster-2-1  | 17-Sep-2026 10:32:38 [boincserver] Computation for task exp_20260917T102241Z_random_medium_6_0 finished
client-cluster-1    | 17-Sep-2026 10:33:39 [boincserver] Computation for task exp_20260917T102241Z_random_short_1_0 finished
client-cluster-1    | 17-Sep-2026 10:33:39 [boincserver] Sending scheduler request: To report completed tasks.
client-cluster-1    | 17-Sep-2026 10:33:39 [boincserver] Reporting 3 completed tasks
client-cluster-1    | 17-Sep-2026 10:33:39 [boincserver] Requesting new tasks for CPU
client-cluster-1    | 17-Sep-2026 10:33:40 [boincserver] Started upload of exp_20260917T102241Z_random_short_13_0_r473038911_0
client-cluster-1    | 17-Sep-2026 10:33:40 [boincserver] Computation for task exp_20260917T102241Z_random_short_2_0 finished
client-desktop-1    | 17-Sep-2026 10:33:29 [boincserver] Finished upload of exp_20260917T102241Z_random_long_2_0_r1494556060_0
client-desktop-1    | 17-Sep-2026 10:33:29 [boincserver] Started upload of exp_20260917T102241Z_random_medium_4_0_r945602803_0
client-desktop-1    | 17-Sep-2026 10:33:31 [boincserver] Finished upload of exp_20260917T102241Z_random_medium_4_0_r945602803_0
client-desktop-1    | 17-Sep-2026 10:33:32 [boincserver] Sending scheduler request: To report completed tasks.
client-desktop-1    | 17-Sep-2026 10:33:32 [boincserver] Reporting 3 completed tasks
client-cluster-1    | 17-Sep-2026 10:33:41 [boincserver] Finished upload of exp_20260917T102241Z_random_short_13_0_r473038911_0
client-cluster-1    | 17-Sep-2026 10:33:41 [boincserver] Started upload of exp_20260917T102241Z_random_short_1_0_r96265922_0
client-cluster-1    | 17-Sep-2026 10:33:41 [boincserver] Scheduler request completed: got 0 new tasks
client-cluster-1    | 17-Sep-2026 10:33:41 [boincserver] Project has no tasks available
mysql-1             | 2026-09-17 10:29:26 0 [Note] InnoDB: Creating shared tablespace for temporary tables
mysql-1             | 2026-09-17 10:29:26 0 [Note] InnoDB: Setting file './ibtmp1' size to 12 MB. Physically writing the file full; Please wait ...
client-cluster-1    | 17-Sep-2026 10:33:41 [boincserver] Project requested delay of 7 seconds
client-cluster-1    | 17-Sep-2026 10:33:42 [boincserver] Started upload of exp_20260917T102241Z_random_short_2_0_r890855779_0
client-cluster-1    | 17-Sep-2026 10:33:43 [boincserver] Finished upload of exp_20260917T102241Z_random_short_1_0_r96265922_0
client-cluster-1    | 17-Sep-2026 10:33:43 [boincserver] Finished upload of exp_20260917T102241Z_random_short_2_0_r890855779_0
mysql-1             | 2026-09-17 10:29:26 0 [Note] InnoDB: File './ibtmp1' size is now 12 MB.
mysql-1             | 2026-09-17 10:29:26 0 [Note] InnoDB: 10.3.8 started; log sequence number 1630824; transaction id 21
mysql-1             | 2026-09-17 10:29:26 0 [Note] InnoDB: Loading buffer pool(s) from /var/lib/mysql/ib_buffer_pool
mysql-1             | 2026-09-17 10:29:26 0 [Note] Plugin 'FEEDBACK' is disabled.
mysql-1             | 2026-09-17 10:29:26 0 [Note] InnoDB: Buffer pool(s) load completed at 260917 10:29:26
mysql-1             | 2026-09-17 10:29:26 0 [Note] Server socket created on IP: '::'.
client-desktop-1    | 17-Sep-2026 10:33:32 [boincserver] Requesting new tasks for CPU
client-desktop-1    | 17-Sep-2026 10:33:34 [boincserver] Scheduler request completed: got 0 new tasks
client-cluster-1    | 17-Sep-2026 10:33:50 [boincserver] Computation for task exp_20260917T102241Z_random_long_3_0 finished
client-cluster-1    | 17-Sep-2026 10:34:17 [boincserver] Sending scheduler request: To report completed tasks.
client-cluster-1    | 17-Sep-2026 10:34:17 [boincserver] Reporting 3 completed tasks
client-cluster-1    | 17-Sep-2026 10:34:17 [boincserver] Requesting new tasks for CPU
client-cluster-1    | 17-Sep-2026 10:34:18 [boincserver] Started upload of exp_20260917T102241Z_random_long_3_0_r164550704_0
client-cluster-1    | 17-Sep-2026 10:34:19 [boincserver] Finished upload of exp_20260917T102241Z_random_long_3_0_r164550704_0
client-cluster-1    | 17-Sep-2026 10:34:19 [boincserver] Scheduler request completed: got 0 new tasks
client-cluster-1    | 17-Sep-2026 10:34:19 [boincserver] Project has no tasks available
client-cluster-1    | 17-Sep-2026 10:34:19 [boincserver] Project requested delay of 7 seconds
client-cluster-1    | 17-Sep-2026 10:34:54 [boincserver] Sending scheduler request: To report completed tasks.
client-cluster-1    | 17-Sep-2026 10:34:54 [boincserver] Reporting 1 completed tasks
client-cluster-1    | 17-Sep-2026 10:34:54 [boincserver] Requesting new tasks for CPU
client-desktop-1    | 17-Sep-2026 10:33:34 [boincserver] Project has no tasks available
client-desktop-1    | 17-Sep-2026 10:33:34 [boincserver] Project requested delay of 7 seconds
client-desktop-1    | 17-Sep-2026 10:34:00 [boincserver] Sending scheduler request: To fetch work.
client-desktop-1    | 17-Sep-2026 10:34:00 [boincserver] Requesting new tasks for CPU
client-desktop-1    | 17-Sep-2026 10:34:02 [boincserver] Computation for task exp_20260917T102241Z_random_medium_7_0 finished
client-desktop-1    | 17-Sep-2026 10:34:02 [boincserver] Scheduler request completed: got 0 new tasks
mysql-1             | 2026-09-17 10:29:26 0 [Warning] 'proxies_priv' entry '@% root@a644f740bd7a' ignored in --skip-name-resolve mode.
mysql-1             | 2026-09-17 10:29:26 0 [Note] Reading of all Master_info entries succeded
client-cluster-1    | 17-Sep-2026 10:34:56 [boincserver] Scheduler request completed: got 0 new tasks
client-cluster-1    | 17-Sep-2026 10:34:56 [boincserver] Project has no tasks available
client-desktop-1    | 17-Sep-2026 10:34:02 [boincserver] Project has no tasks available
client-desktop-1    | 17-Sep-2026 10:34:02 [boincserver] Project requested delay of 7 seconds
client-desktop-1    | 17-Sep-2026 10:34:04 [boincserver] Started upload of exp_20260917T102241Z_random_medium_7_0_r546221285_0
client-desktop-1    | 17-Sep-2026 10:34:06 [boincserver] Finished upload of exp_20260917T102241Z_random_medium_7_0_r546221285_0
client-desktop-1    | 17-Sep-2026 10:34:37 [boincserver] Sending scheduler request: To report completed tasks.
client-desktop-1    | 17-Sep-2026 10:34:37 [boincserver] Reporting 1 completed tasks
client-desktop-1    | 17-Sep-2026 10:34:37 [boincserver] Requesting new tasks for CPU
client-desktop-1    | 17-Sep-2026 10:34:39 [boincserver] Scheduler request completed: got 0 new tasks
client-desktop-1    | 17-Sep-2026 10:34:39 [boincserver] Project has no tasks available
client-desktop-1    | 17-Sep-2026 10:34:39 [boincserver] Project requested delay of 7 seconds
mysql-1             | 2026-09-17 10:29:26 0 [Note] Added new Master_info '' to hash table
mysql-1             | 2026-09-17 10:29:26 0 [Note] mysqld: ready for connections.
mysql-1             | Version: '10.3.8-MariaDB-1:10.3.8+maria~bionic'  socket: '/var/run/mysqld/mysqld.sock'  port: 3306  mariadb.org binary distribution
mysql-1             | 2026-09-17 10:29:32 8 [Warning] Access denied for user 'boincadm'@'172.21.0.3' (using password: NO)
mysql-1             | 2026-09-17 10:30:01 26 [Warning] Aborted connection 26 to db: 'boincserver' user: 'root' host: '172.21.0.4' (Got an error reading communication packets)
mysql-1             | 2026-09-17 10:30:01 28 [Warning] Aborted connection 28 to db: 'boincserver' user: 'root' host: '172.21.0.4' (Got an error reading communication packets)
client-cluster-2-1  | 17-Sep-2026 10:32:38 [boincserver] Elapsed time limit 50.000000 < 120.000000; setting to 43200.000000
client-cluster-2-1  | 17-Sep-2026 10:32:38 [boincserver] Starting task exp_20260917T102241Z_random_short_6_0
client-desktop-1    | 17-Sep-2026 10:35:15 [boincserver] Sending scheduler request: To fetch work.
client-desktop-1    | 17-Sep-2026 10:35:15 [boincserver] Requesting new tasks for CPU
client-desktop-1    | 17-Sep-2026 10:35:17 [boincserver] Scheduler request completed: got 0 new tasks
client-desktop-1    | 17-Sep-2026 10:35:17 [boincserver] Project has no tasks available
client-desktop-1    | 17-Sep-2026 10:35:17 [boincserver] Project requested delay of 7 seconds
client-cluster-1    | 17-Sep-2026 10:34:56 [boincserver] Project requested delay of 7 seconds
client-cluster-1    | 17-Sep-2026 10:35:06 [boincserver] Sending scheduler request: To fetch work.
client-phone-1      | 17-Sep-2026 10:33:50 [boincserver] Scheduler request completed: got 0 new tasks
client-phone-1      | 17-Sep-2026 10:33:50 [boincserver] Project has no tasks available
client-phone-1      | 17-Sep-2026 10:33:50 [boincserver] Project requested delay of 7 seconds
client-cluster-2-1  | 17-Sep-2026 10:32:39 [boincserver] Computation for task exp_20260917T102241Z_random_medium_5_0 finished
client-cluster-2-1  | 17-Sep-2026 10:32:39 [boincserver] Elapsed time limit 50.000000 < 120.000000; setting to 43200.000000
client-phone-1      | 17-Sep-2026 10:34:20 [boincserver] Sending scheduler request: To fetch work.
client-phone-1      | 17-Sep-2026 10:34:20 [boincserver] Requesting new tasks for CPU
client-cluster-2-1  | 17-Sep-2026 10:32:39 [boincserver] Starting task exp_20260917T102241Z_random_short_5_0
client-cluster-2-1  | 17-Sep-2026 10:32:40 [boincserver] Started upload of exp_20260917T102241Z_random_medium_6_0_r1505981804_0
client-cluster-2-1  | 17-Sep-2026 10:32:40 [boincserver] Computation for task exp_20260917T102241Z_random_short_11_0 finished
client-cluster-2-1  | 17-Sep-2026 10:32:40 [boincserver] Elapsed time limit 50.000000 < 120.000000; setting to 43200.000000
client-cluster-2-1  | 17-Sep-2026 10:32:40 [boincserver] Starting task exp_20260917T102241Z_random_short_10_0
client-cluster-2-1  | 17-Sep-2026 10:32:41 [boincserver] Started upload of exp_20260917T102241Z_random_medium_5_0_r1194714024_0
client-cluster-2-1  | 17-Sep-2026 10:32:42 [boincserver] Finished upload of exp_20260917T102241Z_random_medium_6_0_r1505981804_0
client-cluster-2-1  | 17-Sep-2026 10:32:42 [boincserver] Finished upload of exp_20260917T102241Z_random_medium_5_0_r1194714024_0
client-cluster-2-1  | 17-Sep-2026 10:32:42 [boincserver] Started upload of exp_20260917T102241Z_random_short_11_0_r51999835_0
client-cluster-2-1  | 17-Sep-2026 10:32:44 [boincserver] Finished upload of exp_20260917T102241Z_random_short_11_0_r51999835_0
client-cluster-2-1  | 17-Sep-2026 10:32:46 [boincserver] Computation for task exp_20260917T102241Z_random_short_6_0 finished
client-cluster-2-1  | 17-Sep-2026 10:32:46 [boincserver] Elapsed time limit 50.000000 < 120.000000; setting to 43200.000000
client-cluster-2-1  | 17-Sep-2026 10:32:46 [boincserver] Starting task exp_20260917T102241Z_random_short_4_0
client-cluster-2-1  | 17-Sep-2026 10:33:12 [boincserver] Computation for task exp_20260917T102241Z_random_short_5_0 finished
client-cluster-2-1  | 17-Sep-2026 10:33:12 [boincserver] Sending scheduler request: To report completed tasks.
client-cluster-2-1  | 17-Sep-2026 10:33:12 [boincserver] Reporting 3 completed tasks
client-cluster-2-1  | 17-Sep-2026 10:33:12 [boincserver] Requesting new tasks for CPU
client-cluster-2-1  | 17-Sep-2026 10:33:13 [boincserver] Started upload of exp_20260917T102241Z_random_short_6_0_r1077385549_0
client-cluster-1    | 17-Sep-2026 10:35:06 [boincserver] Requesting new tasks for CPU
client-cluster-1    | 17-Sep-2026 10:35:33 [boincserver] Scheduler request completed: got 0 new tasks
client-cluster-1    | 17-Sep-2026 10:35:33 [boincserver] Project has no tasks available
client-cluster-1    | 17-Sep-2026 10:35:33 [boincserver] Project requested delay of 7 seconds
client-cluster-2-1  | 17-Sep-2026 10:33:13 [boincserver] Computation for task exp_20260917T102241Z_random_short_10_0 finished
client-cluster-2-1  | 17-Sep-2026 10:33:14 [boincserver] Finished upload of exp_20260917T102241Z_random_short_6_0_r1077385549_0
client-cluster-2-1  | 17-Sep-2026 10:33:14 [boincserver] Started upload of exp_20260917T102241Z_random_short_5_0_r2121351670_0
client-cluster-2-1  | 17-Sep-2026 10:33:14 [boincserver] Computation for task exp_20260917T102241Z_random_short_4_0 finished
client-cluster-2-1  | 17-Sep-2026 10:33:14 [boincserver] Scheduler request completed: got 0 new tasks
client-cluster-2-1  | 17-Sep-2026 10:33:14 [boincserver] Project has no tasks available
client-cluster-2-1  | 17-Sep-2026 10:33:14 [boincserver] Project requested delay of 7 seconds
client-phone-1      | 17-Sep-2026 10:34:26 [boincserver] Scheduler request completed: got 0 new tasks
client-phone-1      | 17-Sep-2026 10:34:26 [boincserver] Project has no tasks available
client-phone-1      | 17-Sep-2026 10:34:26 [boincserver] Project requested delay of 7 seconds
client-cluster-2-1  | 17-Sep-2026 10:33:15 [boincserver] Started upload of exp_20260917T102241Z_random_short_10_0_r182973543_0
client-cluster-2-1  | 17-Sep-2026 10:33:16 [boincserver] Finished upload of exp_20260917T102241Z_random_short_5_0_r2121351670_0
client-cluster-2-1  | 17-Sep-2026 10:33:16 [boincserver] Finished upload of exp_20260917T102241Z_random_short_10_0_r182973543_0
client-cluster-2-1  | 17-Sep-2026 10:33:16 [boincserver] Started upload of exp_20260917T102241Z_random_short_4_0_r1838039200_0
client-cluster-2-1  | 17-Sep-2026 10:33:18 [boincserver] Finished upload of exp_20260917T102241Z_random_short_4_0_r1838039200_0
client-cluster-2-1  | 17-Sep-2026 10:33:20 [boincserver] Computation for task exp_20260917T102241Z_random_long_5_0 finished
client-cluster-2-1  | 17-Sep-2026 10:33:22 [boincserver] Started upload of exp_20260917T102241Z_random_long_5_0_r667097552_0
client-cluster-2-1  | 17-Sep-2026 10:33:49 [boincserver] Finished upload of exp_20260917T102241Z_random_long_5_0_r667097552_0
client-cluster-2-1  | 17-Sep-2026 10:33:49 [boincserver] Sending scheduler request: To report completed tasks.
client-cluster-2-1  | 17-Sep-2026 10:33:49 [boincserver] Reporting 5 completed tasks
client-cluster-2-1  | 17-Sep-2026 10:33:49 [boincserver] Requesting new tasks for CPU
client-cluster-2-1  | 17-Sep-2026 10:33:51 [boincserver] Scheduler request completed: got 0 new tasks
client-cluster-2-1  | 17-Sep-2026 10:33:51 [boincserver] Project has no tasks available
client-cluster-2-1  | 17-Sep-2026 10:33:51 [boincserver] Project requested delay of 7 seconds
client-cluster-2-1  | 17-Sep-2026 10:34:27 [boincserver] Sending scheduler request: To fetch work.
client-cluster-2-1  | 17-Sep-2026 10:34:27 [boincserver] Requesting new tasks for CPU
client-cluster-2-1  | 17-Sep-2026 10:34:29 [boincserver] Scheduler request completed: got 0 new tasks
client-cluster-2-1  | 17-Sep-2026 10:34:29 [boincserver] Project has no tasks available
client-cluster-2-1  | 17-Sep-2026 10:34:29 [boincserver] Project requested delay of 7 seconds
