client-low-power-1  | 16-Sep-2026 18:15:21 [---] Starting BOINC client version 7.20.5 for aarch64-unknown-linux-gnu
client-low-power-1  | 16-Sep-2026 18:15:21 [---] This a development version of BOINC and may not function properly
client-low-power-1  | 16-Sep-2026 18:15:21 [---] log flags: file_xfer, sched_ops, task
client-low-power-1  | 16-Sep-2026 18:15:21 [---] Libraries: libcurl/7.88.1 OpenSSL/3.0.20 zlib/1.2.13 brotli/1.0.9 zstd/1.5.4 libidn2/2.3.3 libpsl/0.21.2 (+libidn2/2.3.3) libssh2/1.10.0 nghttp2/1.52.0 librtmp/2.3 OpenLDAP/2.5.13
client-low-power-1  | 16-Sep-2026 18:15:21 [---] Data directory: /var/lib/boinc-client
client-low-power-1  | 16-Sep-2026 18:15:21 [---] No usable GPUs found
client-low-power-1  | 16-Sep-2026 18:15:21 [---] Creating new client state file
client-low-power-1  | 16-Sep-2026 18:15:21 [---] libc:  version 2.36
client-low-power-1  | 16-Sep-2026 18:15:21 [---] Host name: low-power-01
client-low-power-1  | 16-Sep-2026 18:15:21 [---] Processor: 1 ARM  [Impl 0x61 Arch 8 Variant 0x0 Part 0x000 Rev 0]
client-low-power-1  | 16-Sep-2026 18:15:21 [---] Processor features: fp asimd evtstrm aes pmull sha1 sha2 crc32 atomics fphp asimdhp cpuid asimdrdm jscvt fcma lrcpc dcpop sha3 asimddp sha512 asimdfhm dit uscat ilrcpc flagm sb paca pacg dcpodp flagm2 frint i8mm bf16 bti afp
client-low-power-1  | 16-Sep-2026 18:15:21 [---] OS: Linux Debian GNU/Linux: Debian GNU/Linux 12 (bookworm) [6.8.0-100-generic|libc 2.36]
client-low-power-1  | 16-Sep-2026 18:15:21 [---] Memory: 9.69 GB physical, 0 bytes virtual
client-low-power-1  | 16-Sep-2026 18:15:21 [---] Disk: 18.33 GB total, 15.48 GB free
client-low-power-1  | 16-Sep-2026 18:15:21 [---] Local time is UTC +0 hours
client-low-power-1  | 16-Sep-2026 18:15:21 [---] Config: GUI RPC allowed from any host
client-low-power-1  | 16-Sep-2026 18:15:21 [---] Config: simulate 1 CPUs
client-low-power-1  | 16-Sep-2026 18:15:21 [---] Config: report completed tasks immediately
client-low-power-1  | 16-Sep-2026 18:15:21 [---] No general preferences found - using defaults
client-low-power-1  | 16-Sep-2026 18:15:21 [---] Reading preferences override file
client-low-power-1  | 16-Sep-2026 18:15:21 [---] Preferences:
client-low-power-1  | 16-Sep-2026 18:15:21 [---]    max memory usage when active: 8929.14 MB
client-low-power-1  | 16-Sep-2026 18:15:21 [---]    max memory usage when idle: 8929.14 MB
client-low-power-1  | 16-Sep-2026 18:15:21 [---]    max disk usage: 2.00 GB
client-low-power-1  | 16-Sep-2026 18:15:21 [---]    don't use GPU while active
client-low-power-1  | 16-Sep-2026 18:15:21 [---]    suspend work if non-BOINC CPU load exceeds 25%
client-low-power-1  | 16-Sep-2026 18:15:21 [---]    (to change preferences, visit a project web site or select Preferences in the Manager)
client-low-power-1  | 16-Sep-2026 18:15:21 [---] Setting up project and slot directories
client-low-power-1  | dir_open: Could not open directory 'slots' from '/var/lib/boinc-client'.
client-low-power-1  | 16-Sep-2026 18:15:21 [---] Checking active tasks
client-low-power-1  | 16-Sep-2026 18:15:21 [---] Setting up GUI RPC socket
client-low-power-1  | 16-Sep-2026 18:15:21 [---] Checking presence of 0 project files
client-low-power-1  | 16-Sep-2026 18:15:21 [---] This computer is not attached to any projects
client-low-power-1  | 16-Sep-2026 18:15:21 Initialization completed
client-low-power-1  | dir_open: Could not open directory 'projects/boincserver.local_boincserver' from '/var/lib/boinc-client'.
client-low-power-1  | 16-Sep-2026 18:15:22 [---] No general preferences found - using defaults
client-low-power-1  | 16-Sep-2026 18:15:22 [---] Reading preferences override file
client-low-power-1  | 16-Sep-2026 18:15:22 [---] Preferences:
client-low-power-1  | 16-Sep-2026 18:15:22 [---]    max memory usage when active: 8929.14 MB
client-low-power-1  | 16-Sep-2026 18:15:22 [---]    max memory usage when idle: 8929.14 MB
client-low-power-1  | 16-Sep-2026 18:15:22 [---]    max disk usage: 2.00 GB
client-low-power-1  | 16-Sep-2026 18:15:22 [---]    don't use GPU while active
client-low-power-1  | 16-Sep-2026 18:15:22 [---]    suspend work if non-BOINC CPU load exceeds 25%
client-low-power-1  | 16-Sep-2026 18:15:22 [---]    (to change preferences, visit a project web site or select Preferences in the Manager)
client-low-power-1  | 16-Sep-2026 18:15:26 [http://boincserver.local/boincserver/] Fetching scheduler list
client-low-power-1  | 16-Sep-2026 18:15:28 [http://boincserver.local/boincserver/] Master file download succeeded
client-low-power-1  | 16-Sep-2026 18:15:33 [http://boincserver.local/boincserver/] Sending scheduler request: Project initialization.
client-low-power-1  | 16-Sep-2026 18:15:33 [http://boincserver.local/boincserver/] Requesting new tasks for CPU
client-low-power-1  | 16-Sep-2026 18:15:40 [boincserver] Scheduler request completed: got 1 new tasks
client-low-power-1  | 16-Sep-2026 18:15:40 [boincserver] Project requested delay of 7 seconds
client-low-power-1  | 16-Sep-2026 18:15:42 [boincserver] Started download of hybrid_synthetic_1.0_aarch64-unknown-linux-gnu
client-low-power-1  | 16-Sep-2026 18:15:42 [boincserver] Started download of hybrid_synthetic_input.txt
client-low-power-1  | 16-Sep-2026 18:15:44 [boincserver] Finished download of hybrid_synthetic_1.0_aarch64-unknown-linux-gnu
client-low-power-1  | 16-Sep-2026 18:15:44 [boincserver] Finished download of hybrid_synthetic_input.txt
client-low-power-1  | 16-Sep-2026 18:15:44 [boincserver] Starting task exp_20260916T180210Z_lpt_long_4_0
client-low-power-1  | 16-Sep-2026 18:15:50 [boincserver] Sending scheduler request: To fetch work.
client-low-power-1  | 16-Sep-2026 18:15:50 [boincserver] Requesting new tasks for CPU
client-low-power-1  | 16-Sep-2026 18:15:52 [boincserver] Scheduler request completed: got 1 new tasks
client-low-power-1  | 16-Sep-2026 18:15:52 [boincserver] Project requested delay of 7 seconds
client-low-power-1  | 16-Sep-2026 18:16:02 [boincserver] Sending scheduler request: To fetch work.
client-low-power-1  | 16-Sep-2026 18:16:02 [boincserver] Requesting new tasks for CPU
client-low-power-1  | 16-Sep-2026 18:16:04 [boincserver] Scheduler request completed: got 0 new tasks
client-low-power-1  | 16-Sep-2026 18:16:04 [boincserver] No tasks sent
client-low-power-1  | 16-Sep-2026 18:16:04 [boincserver] This computer has reached a limit on tasks in progress
client-low-power-1  | 16-Sep-2026 18:16:04 [boincserver] Project requested delay of 7 seconds
client-low-power-1  | 16-Sep-2026 18:17:47 [boincserver] Computation for task exp_20260916T180210Z_lpt_long_4_0 finished
client-low-power-1  | 16-Sep-2026 18:17:47 [boincserver] Starting task exp_20260916T180210Z_lpt_medium_7_0
client-low-power-1  | 16-Sep-2026 18:17:49 [boincserver] Started upload of exp_20260916T180210Z_lpt_long_4_0_r1139970710_0
client-low-power-1  | 16-Sep-2026 18:17:51 [boincserver] Finished upload of exp_20260916T180210Z_lpt_long_4_0_r1139970710_0
client-low-power-1  | 16-Sep-2026 18:17:54 [boincserver] Sending scheduler request: To report completed tasks.
client-low-power-1  | 16-Sep-2026 18:17:54 [boincserver] Reporting 1 completed tasks
client-low-power-1  | 16-Sep-2026 18:17:54 [boincserver] Requesting new tasks for CPU
client-low-power-1  | 16-Sep-2026 18:17:56 [boincserver] Scheduler request completed: got 0 new tasks
client-low-power-1  | 16-Sep-2026 18:17:56 [boincserver] Project has no tasks available
client-low-power-1  | 16-Sep-2026 18:17:56 [boincserver] Project requested delay of 7 seconds
client-low-power-1  | 16-Sep-2026 18:18:06 [boincserver] Sending scheduler request: To fetch work.
client-low-power-1  | 16-Sep-2026 18:18:06 [boincserver] Requesting new tasks for CPU
client-low-power-1  | 16-Sep-2026 18:18:08 [boincserver] Scheduler request completed: got 0 new tasks
client-low-power-1  | 16-Sep-2026 18:18:08 [boincserver] Project has no tasks available
client-low-power-1  | 16-Sep-2026 18:18:08 [boincserver] Project requested delay of 7 seconds
client-low-power-1  | 16-Sep-2026 18:18:20 [boincserver] Computation for task exp_20260916T180210Z_lpt_medium_7_0 finished
client-low-power-1  | 16-Sep-2026 18:18:22 [boincserver] Started upload of exp_20260916T180210Z_lpt_medium_7_0_r1159311944_0
client-low-power-1  | 16-Sep-2026 18:18:34 [boincserver] Finished upload of exp_20260916T180210Z_lpt_medium_7_0_r1159311944_0
client-low-power-1  | 16-Sep-2026 18:18:34 [boincserver] Sending scheduler request: To report completed tasks.
client-low-power-1  | 16-Sep-2026 18:18:34 [boincserver] Reporting 1 completed tasks
client-low-power-1  | 16-Sep-2026 18:18:34 [boincserver] Requesting new tasks for CPU
client-low-power-1  | 16-Sep-2026 18:18:36 [boincserver] Scheduler request completed: got 0 new tasks
client-low-power-1  | 16-Sep-2026 18:18:36 [boincserver] Project has no tasks available
client-low-power-1  | 16-Sep-2026 18:18:36 [boincserver] Project requested delay of 7 seconds
client-low-power-1  | 16-Sep-2026 18:18:46 [boincserver] Sending scheduler request: To fetch work.
client-low-power-1  | 16-Sep-2026 18:18:46 [boincserver] Requesting new tasks for CPU
client-low-power-1  | 16-Sep-2026 18:18:48 [boincserver] Scheduler request completed: got 0 new tasks
client-low-power-1  | 16-Sep-2026 18:18:48 [boincserver] Project has no tasks available
client-low-power-1  | 16-Sep-2026 18:18:48 [boincserver] Project requested delay of 7 seconds
client-cluster-1    | 16-Sep-2026 18:15:21 [---] Starting BOINC client version 7.20.5 for aarch64-unknown-linux-gnu
client-cluster-1    | 16-Sep-2026 18:15:21 [---] This a development version of BOINC and may not function properly
client-cluster-1    | 16-Sep-2026 18:15:21 [---] log flags: file_xfer, sched_ops, task
client-desktop-1    | 16-Sep-2026 18:15:21 [---] Starting BOINC client version 7.20.5 for aarch64-unknown-linux-gnu
apache-1            | /usr/lib/python2.7/dist-packages/supervisor/options.py:461: UserWarning: Supervisord is running as root and it is searching for its configuration file in default locations (including its current working directory); you probably want to specify a "-c" argument specifying an absolute path to a configuration file for improved security.
apache-1            |   'Supervisord is running as root and it is searching '
apache-1            | 2026-09-16 18:13:33,880 CRIT Supervisor is running as root.  Privileges were not dropped because no user is specified in the config file.  If you intend to run as root, you can set user=root in the config file to avoid this message.
client-phone-2-1    | 16-Sep-2026 18:15:26 [---] Starting BOINC client version 7.20.5 for aarch64-unknown-linux-gnu
client-desktop-1    | 16-Sep-2026 18:15:21 [---] This a development version of BOINC and may not function properly
makeproject-1       | Updating project files in data volume...
client-desktop-1    | 16-Sep-2026 18:15:21 [---] log flags: file_xfer, sched_ops, task
client-desktop-1    | 16-Sep-2026 18:15:21 [---] Libraries: libcurl/7.88.1 OpenSSL/3.0.20 zlib/1.2.13 brotli/1.0.9 zstd/1.5.4 libidn2/2.3.3 libpsl/0.21.2 (+libidn2/2.3.3) libssh2/1.10.0 nghttp2/1.52.0 librtmp/2.3 OpenLDAP/2.5.13
client-desktop-1    | 16-Sep-2026 18:15:21 [---] Data directory: /var/lib/boinc-client
apache-1            | 2026-09-16 18:13:33,880 INFO Included extra file "/etc/supervisor/conf.d/supervisord.conf" during parsing
client-phone-1      | 16-Sep-2026 18:15:21 [---] Starting BOINC client version 7.20.5 for aarch64-unknown-linux-gnu
client-phone-1      | 16-Sep-2026 18:15:21 [---] This a development version of BOINC and may not function properly
client-phone-1      | 16-Sep-2026 18:15:21 [---] log flags: file_xfer, sched_ops, task
client-cluster-2-1  | 16-Sep-2026 18:15:21 [---] Starting BOINC client version 7.20.5 for aarch64-unknown-linux-gnu
client-cluster-2-1  | 16-Sep-2026 18:15:21 [---] This a development version of BOINC and may not function properly
client-cluster-2-1  | 16-Sep-2026 18:15:21 [---] log flags: file_xfer, sched_ops, task
client-cluster-1    | 16-Sep-2026 18:15:21 [---] Libraries: libcurl/7.88.1 OpenSSL/3.0.20 zlib/1.2.13 brotli/1.0.9 zstd/1.5.4 libidn2/2.3.3 libpsl/0.21.2 (+libidn2/2.3.3) libssh2/1.10.0 nghttp2/1.52.0 librtmp/2.3 OpenLDAP/2.5.13
client-cluster-1    | 16-Sep-2026 18:15:21 [---] Data directory: /var/lib/boinc-client
client-cluster-1    | 16-Sep-2026 18:15:21 [---] No usable GPUs found
client-cluster-1    | 16-Sep-2026 18:15:21 [---] Creating new client state file
client-cluster-1    | 16-Sep-2026 18:15:21 [---] libc:  version 2.36
client-cluster-1    | 16-Sep-2026 18:15:21 [---] Host name: cluster-01
client-cluster-1    | 16-Sep-2026 18:15:21 [---] Processor: 4 ARM  [Impl 0x61 Arch 8 Variant 0x0 Part 0x000 Rev 0]
mysql-1             | Initializing database
mysql-1             | 
mysql-1             | 
mysql-1             | PLEASE REMEMBER TO SET A PASSWORD FOR THE MariaDB root USER !
mysql-1             | To do so, start the server, then issue the following commands:
mysql-1             | 
mysql-1             | '/usr/bin/mysqladmin' -u root password 'new-password'
mysql-1             | '/usr/bin/mysqladmin' -u root -h  password 'new-password'
mysql-1             | 
mysql-1             | Alternatively you can run:
mysql-1             | '/usr/bin/mysql_secure_installation'
mysql-1             | 
apache-1            | 2026-09-16 18:13:33,884 INFO RPC interface 'supervisor' initialized
apache-1            | 2026-09-16 18:13:33,884 CRIT Server 'unix_http_server' running without any HTTP authentication checking
apache-1            | 2026-09-16 18:13:33,884 INFO supervisord started with pid 1
client-cluster-1    | 16-Sep-2026 18:15:21 [---] Processor features: fp asimd evtstrm aes pmull sha1 sha2 crc32 atomics fphp asimdhp cpuid asimdrdm jscvt fcma lrcpc dcpop sha3 asimddp sha512 asimdfhm dit uscat ilrcpc flagm sb paca pacg dcpodp flagm2 frint i8mm bf16 bti afp
client-cluster-1    | 16-Sep-2026 18:15:21 [---] OS: Linux Debian GNU/Linux: Debian GNU/Linux 12 (bookworm) [6.8.0-100-generic|libc 2.36]
makeproject-1       | Waiting for MySQL server to start...
makeproject-1       | Creating database...
makeproject-1       | added platform: (create_time, name, user_friendly_name) values (1789582439, 'windows_intelx86', 'Microsoft Windows (98 or later) running on an Intel x86-compatible CPU')
makeproject-1       | added platform: (create_time, name, user_friendly_name) values (1789582439, 'windows_x86_64', 'Microsoft Windows running on an AMD x86_64 or Intel EM64T CPU')
makeproject-1       | added platform: (create_time, name, user_friendly_name) values (1789582439, 'windows_arm64', 'Microsoft Windows running on ARM 64-bit')
makeproject-1       | added platform: (create_time, name, user_friendly_name) values (1789582439, 'i686-pc-linux-gnu', 'Linux running on an Intel x86-compatible CPU')
makeproject-1       | added platform: (create_time, name, user_friendly_name) values (1789582439, 'x86_64-pc-linux-gnu', 'Linux running on an AMD x86_64 or Intel EM64T CPU')
makeproject-1       | added platform: (create_time, name, user_friendly_name) values (1789582439, 'powerpc-apple-darwin', 'Mac OS X 10.3 or later running on Motorola PowerPC')
makeproject-1       | added platform: (create_time, name, user_friendly_name) values (1789582439, 'i686-apple-darwin', 'Mac OS 10.4 or later running on Intel')
makeproject-1       | added platform: (create_time, name, user_friendly_name) values (1789582439, 'x86_64-apple-darwin', 'Intel 64-bit Mac OS 10.5 or later')
makeproject-1       | added platform: (create_time, name, user_friendly_name) values (1789582439, 'arm64-apple-darwin', 'Mac OS running on ARM')
client-phone-2-1    | 16-Sep-2026 18:15:26 [---] This a development version of BOINC and may not function properly
client-phone-2-1    | 16-Sep-2026 18:15:26 [---] log flags: file_xfer, sched_ops, task
client-phone-2-1    | 16-Sep-2026 18:15:26 [---] Libraries: libcurl/7.88.1 OpenSSL/3.0.20 zlib/1.2.13 brotli/1.0.9 zstd/1.5.4 libidn2/2.3.3 libpsl/0.21.2 (+libidn2/2.3.3) libssh2/1.10.0 nghttp2/1.52.0 librtmp/2.3 OpenLDAP/2.5.13
client-phone-2-1    | 16-Sep-2026 18:15:26 [---] Data directory: /var/lib/boinc-client
client-phone-2-1    | 16-Sep-2026 18:15:26 [---] No usable GPUs found
client-phone-2-1    | 16-Sep-2026 18:15:26 [---] Creating new client state file
client-phone-2-1    | 16-Sep-2026 18:15:26 [---] libc:  version 2.36
client-phone-2-1    | 16-Sep-2026 18:15:26 [---] Host name: phone-02
client-phone-2-1    | 16-Sep-2026 18:15:26 [---] Processor: 1 ARM  [Impl 0x61 Arch 8 Variant 0x0 Part 0x000 Rev 0]
client-phone-2-1    | 16-Sep-2026 18:15:26 [---] Processor features: fp asimd evtstrm aes pmull sha1 sha2 crc32 atomics fphp asimdhp cpuid asimdrdm jscvt fcma lrcpc dcpop sha3 asimddp sha512 asimdfhm dit uscat ilrcpc flagm sb paca pacg dcpodp flagm2 frint i8mm bf16 bti afp
client-cluster-1    | 16-Sep-2026 18:15:21 [---] Memory: 9.69 GB physical, 0 bytes virtual
client-cluster-1    | 16-Sep-2026 18:15:21 [---] Disk: 18.33 GB total, 15.48 GB free
client-cluster-1    | 16-Sep-2026 18:15:21 [---] Local time is UTC +0 hours
client-cluster-1    | 16-Sep-2026 18:15:21 [---] Config: GUI RPC allowed from any host
client-cluster-1    | 16-Sep-2026 18:15:21 [---] Config: simulate 4 CPUs
apache-1            | 2026-09-16 18:13:34,891 INFO spawned: 'cron' with pid 9
apache-1            | 2026-09-16 18:13:34,893 INFO spawned: 'start' with pid 10
apache-1            | 2026-09-16 18:13:34,895 INFO spawned: 'rsyslogd' with pid 11
apache-1            | 2026-09-16 18:13:34,897 INFO spawned: 'apache2' with pid 12
apache-1            | 2026-09-16 18:13:36,885 INFO success: cron entered RUNNING state, process has stayed up for > than 1 seconds (startsecs)
apache-1            | 2026-09-16 18:13:36,885 INFO success: start entered RUNNING state, process has stayed up for > than 1 seconds (startsecs)
apache-1            | 2026-09-16 18:13:36,885 INFO success: rsyslogd entered RUNNING state, process has stayed up for > than 1 seconds (startsecs)
apache-1            | 2026-09-16 18:13:36,885 INFO success: apache2 entered RUNNING state, process has stayed up for > than 1 seconds (startsecs)
apache-1            | 2026-09-16 18:14:05,429 INFO reaped unknown pid 79
apache-1            | 2026-09-16 18:14:05,429 INFO reaped unknown pid 81
apache-1            | 2026-09-16 18:14:05,429 INFO reaped unknown pid 89
apache-1            | 2026-09-16 18:14:06,448 INFO reaped unknown pid 192
apache-1            | 2026-09-16 18:14:06,550 INFO reaped unknown pid 194
apache-1            | 2026-09-16 18:14:06,656 INFO reaped unknown pid 196
apache-1            | 2026-09-16 18:14:11,977 INFO reaped unknown pid 191
client-desktop-1    | 16-Sep-2026 18:15:21 [---] No usable GPUs found
client-desktop-1    | 16-Sep-2026 18:15:21 [---] Creating new client state file
client-desktop-1    | 16-Sep-2026 18:15:21 [---] libc:  version 2.36
client-desktop-1    | 16-Sep-2026 18:15:21 [---] Host name: desktop-01
mysql-1             | which will also give you the option of removing the test
mysql-1             | databases and anonymous user created by default.  This is
mysql-1             | strongly recommended for production servers.
mysql-1             | 
mysql-1             | See the MariaDB Knowledgebase at http://mariadb.com/kb or the
client-phone-1      | 16-Sep-2026 18:15:21 [---] Libraries: libcurl/7.88.1 OpenSSL/3.0.20 zlib/1.2.13 brotli/1.0.9 zstd/1.5.4 libidn2/2.3.3 libpsl/0.21.2 (+libidn2/2.3.3) libssh2/1.10.0 nghttp2/1.52.0 librtmp/2.3 OpenLDAP/2.5.13
client-phone-1      | 16-Sep-2026 18:15:21 [---] Data directory: /var/lib/boinc-client
client-phone-1      | 16-Sep-2026 18:15:21 [---] No usable GPUs found
client-phone-1      | 16-Sep-2026 18:15:21 [---] Creating new client state file
client-phone-2-1    | 16-Sep-2026 18:15:26 [---] OS: Linux Debian GNU/Linux: Debian GNU/Linux 12 (bookworm) [6.8.0-100-generic|libc 2.36]
client-phone-2-1    | 16-Sep-2026 18:15:26 [---] Memory: 9.69 GB physical, 0 bytes virtual
client-phone-2-1    | 16-Sep-2026 18:15:26 [---] Disk: 18.33 GB total, 15.48 GB free
client-phone-2-1    | 16-Sep-2026 18:15:26 [---] Local time is UTC +0 hours
client-phone-2-1    | 16-Sep-2026 18:15:26 [---] Config: GUI RPC allowed from any host
client-phone-2-1    | 16-Sep-2026 18:15:26 [---] Config: simulate 1 CPUs
client-phone-2-1    | 16-Sep-2026 18:15:26 [---] Config: report completed tasks immediately
client-phone-2-1    | 16-Sep-2026 18:15:26 [---] No general preferences found - using defaults
client-phone-2-1    | 16-Sep-2026 18:15:26 [---] Reading preferences override file
client-phone-2-1    | 16-Sep-2026 18:15:26 [---] Preferences:
client-phone-2-1    | 16-Sep-2026 18:15:26 [---]    max memory usage when active: 8929.14 MB
client-phone-2-1    | 16-Sep-2026 18:15:26 [---]    max memory usage when idle: 8929.14 MB
client-phone-2-1    | 16-Sep-2026 18:15:26 [---]    max disk usage: 2.00 GB
client-cluster-2-1  | 16-Sep-2026 18:15:21 [---] Libraries: libcurl/7.88.1 OpenSSL/3.0.20 zlib/1.2.13 brotli/1.0.9 zstd/1.5.4 libidn2/2.3.3 libpsl/0.21.2 (+libidn2/2.3.3) libssh2/1.10.0 nghttp2/1.52.0 librtmp/2.3 OpenLDAP/2.5.13
client-cluster-2-1  | 16-Sep-2026 18:15:21 [---] Data directory: /var/lib/boinc-client
client-cluster-2-1  | 16-Sep-2026 18:15:21 [---] No usable GPUs found
client-cluster-2-1  | 16-Sep-2026 18:15:21 [---] Creating new client state file
client-cluster-2-1  | 16-Sep-2026 18:15:21 [---] libc:  version 2.36
client-cluster-2-1  | 16-Sep-2026 18:15:21 [---] Host name: cluster-02
client-cluster-2-1  | 16-Sep-2026 18:15:21 [---] Processor: 4 ARM  [Impl 0x61 Arch 8 Variant 0x0 Part 0x000 Rev 0]
client-desktop-1    | 16-Sep-2026 18:15:21 [---] Processor: 2 ARM  [Impl 0x61 Arch 8 Variant 0x0 Part 0x000 Rev 0]
client-desktop-1    | 16-Sep-2026 18:15:21 [---] Processor features: fp asimd evtstrm aes pmull sha1 sha2 crc32 atomics fphp asimdhp cpuid asimdrdm jscvt fcma lrcpc dcpop sha3 asimddp sha512 asimdfhm dit uscat ilrcpc flagm sb paca pacg dcpodp flagm2 frint i8mm bf16 bti afp
client-desktop-1    | 16-Sep-2026 18:15:21 [---] OS: Linux Debian GNU/Linux: Debian GNU/Linux 12 (bookworm) [6.8.0-100-generic|libc 2.36]
client-desktop-1    | 16-Sep-2026 18:15:21 [---] Memory: 9.69 GB physical, 0 bytes virtual
client-desktop-1    | 16-Sep-2026 18:15:21 [---] Disk: 18.33 GB total, 15.48 GB free
client-desktop-1    | 16-Sep-2026 18:15:21 [---] Local time is UTC +0 hours
client-desktop-1    | 16-Sep-2026 18:15:21 [---] Config: GUI RPC allowed from any host
client-phone-2-1    | 16-Sep-2026 18:15:26 [---]    don't use GPU while active
client-phone-2-1    | 16-Sep-2026 18:15:26 [---]    suspend work if non-BOINC CPU load exceeds 25%
apache-1            | 2026-09-16 18:14:11,977 INFO reaped unknown pid 193
apache-1            | 2026-09-16 18:14:11,977 INFO reaped unknown pid 195
apache-1            | 2026-09-16 18:14:11,977 INFO reaped unknown pid 197
apache-1            | 2026-09-16 18:14:11,978 INFO reaped unknown pid 199
apache-1            | 2026-09-16 18:15:01,936 INFO reaped unknown pid 254
apache-1            | 2026-09-16 18:15:02,051 INFO reaped unknown pid 256
apache-1            | 2026-09-16 18:15:02,155 INFO reaped unknown pid 258
apache-1            | 2026-09-16 18:15:02,258 INFO reaped unknown pid 260
apache-1            | 2026-09-16 18:15:02,360 INFO reaped unknown pid 262
apache-1            | 2026-09-16 18:15:03,407 INFO reaped unknown pid 253
apache-1            | 2026-09-16 18:15:03,408 INFO reaped unknown pid 255
makeproject-1       | added platform: (create_time, name, user_friendly_name) values (1789582439, 'sparc-sun-solaris2.7', 'Solaris 2.7 running on a SPARC-compatible CPU')
makeproject-1       | added platform: (create_time, name, user_friendly_name) values (1789582439, 'sparc-sun-solaris', 'Solaris 2.8 or later running on a SPARC-compatible CPU')
makeproject-1       | added platform: (create_time, name, user_friendly_name) values (1789582439, 'sparc64-sun-solaris', 'Solaris 2.8 or later running on a SPARC 64-bit CPU')
makeproject-1       | added platform: (create_time, name, user_friendly_name) values (1789582439, 'powerpc64-ps3-linux-gnu', 'Sony Playstation 3 running Linux')
makeproject-1       | added platform: (create_time, name, user_friendly_name) values (1789582439, 'arm-android-linux-gnu', 'Android running on ARM armeabi-v7a')
makeproject-1       | added platform: (create_time, name, user_friendly_name) values (1789582439, 'aarch64-android-linux-gnu', 'Android running on ARM 64-bit arm64-v8a')
makeproject-1       | added platform: (create_time, name, user_friendly_name) values (1789582439, 'x86_64-android-linux-gnu', 'Android running on Intel x64 compatible')
makeproject-1       | added platform: (create_time, name, user_friendly_name) values (1789582439, 'x86-android-linux-gnu', 'Android running on Intel x86 compatible')
makeproject-1       | added platform: (create_time, name, user_friendly_name) values (1789582439, 'arm-unknown-linux-gnueabihf', 'Linux running on ARM, hardware FP')
makeproject-1       | added platform: (create_time, name, user_friendly_name) values (1789582439, 'aarch64-unknown-linux-gnu', 'Linux running on ARM64')
makeproject-1       | added platform: (create_time, name, user_friendly_name) values (1789582439, 'anonymous', 'anonymous')
mysql-1             | MySQL manual for more instructions.
mysql-1             | 
mysql-1             | Please report any problems at http://mariadb.org/jira
mysql-1             | 
client-desktop-1    | 16-Sep-2026 18:15:21 [---] Config: simulate 2 CPUs
client-desktop-1    | 16-Sep-2026 18:15:21 [---] Config: report completed tasks immediately
client-desktop-1    | 16-Sep-2026 18:15:21 [---] No general preferences found - using defaults
client-desktop-1    | 16-Sep-2026 18:15:21 [---] Reading preferences override file
client-phone-2-1    | 16-Sep-2026 18:15:26 [---]    (to change preferences, visit a project web site or select Preferences in the Manager)
client-phone-2-1    | 16-Sep-2026 18:15:26 [---] Setting up project and slot directories
client-phone-2-1    | dir_open: Could not open directory 'slots' from '/var/lib/boinc-client'.
client-phone-2-1    | 16-Sep-2026 18:15:26 [---] Checking active tasks
client-cluster-1    | 16-Sep-2026 18:15:21 [---] Config: report completed tasks immediately
client-cluster-1    | 16-Sep-2026 18:15:21 [---] No general preferences found - using defaults
client-cluster-1    | 16-Sep-2026 18:15:21 [---] Reading preferences override file
client-cluster-1    | 16-Sep-2026 18:15:21 [---] Preferences:
client-cluster-1    | 16-Sep-2026 18:15:21 [---]    max memory usage when active: 8929.14 MB
client-cluster-1    | 16-Sep-2026 18:15:21 [---]    max memory usage when idle: 8929.14 MB
client-phone-1      | 16-Sep-2026 18:15:21 [---] libc:  version 2.36
client-phone-1      | 16-Sep-2026 18:15:21 [---] Host name: phone-01
client-phone-1      | 16-Sep-2026 18:15:21 [---] Processor: 1 ARM  [Impl 0x61 Arch 8 Variant 0x0 Part 0x000 Rev 0]
client-phone-1      | 16-Sep-2026 18:15:21 [---] Processor features: fp asimd evtstrm aes pmull sha1 sha2 crc32 atomics fphp asimdhp cpuid asimdrdm jscvt fcma lrcpc dcpop sha3 asimddp sha512 asimdfhm dit uscat ilrcpc flagm sb paca pacg dcpodp flagm2 frint i8mm bf16 bti afp
client-phone-1      | 16-Sep-2026 18:15:21 [---] OS: Linux Debian GNU/Linux: Debian GNU/Linux 12 (bookworm) [6.8.0-100-generic|libc 2.36]
client-phone-1      | 16-Sep-2026 18:15:21 [---] Memory: 9.69 GB physical, 0 bytes virtual
mysql-1             | The latest information about MariaDB is available at http://mariadb.org/.
mysql-1             | You can find additional information about the MySQL part at:
mysql-1             | http://dev.mysql.com
mysql-1             | Consider joining MariaDB's strong and vibrant community:
mysql-1             | https://mariadb.org/get-involved/
mysql-1             | 
mysql-1             | Database initialized
mysql-1             | MySQL init process in progress...
mysql-1             | 2026-09-16 18:13:35 0 [Note] mysqld (mysqld 10.3.8-MariaDB-1:10.3.8+maria~bionic) starting as process 104 ...
mysql-1             | 2026-09-16 18:13:35 0 [Note] InnoDB: Using Linux native AIO
mysql-1             | 2026-09-16 18:13:35 0 [Note] InnoDB: Mutexes and rw_locks use GCC atomic builtins
mysql-1             | 2026-09-16 18:13:35 0 [Note] InnoDB: Uses event mutexes
client-cluster-2-1  | 16-Sep-2026 18:15:21 [---] Processor features: fp asimd evtstrm aes pmull sha1 sha2 crc32 atomics fphp asimdhp cpuid asimdrdm jscvt fcma lrcpc dcpop sha3 asimddp sha512 asimdfhm dit uscat ilrcpc flagm sb paca pacg dcpodp flagm2 frint i8mm bf16 bti afp
client-cluster-2-1  | 16-Sep-2026 18:15:21 [---] OS: Linux Debian GNU/Linux: Debian GNU/Linux 12 (bookworm) [6.8.0-100-generic|libc 2.36]
client-cluster-2-1  | 16-Sep-2026 18:15:21 [---] Memory: 9.69 GB physical, 0 bytes virtual
client-cluster-2-1  | 16-Sep-2026 18:15:21 [---] Disk: 18.33 GB total, 15.48 GB free
client-cluster-2-1  | 16-Sep-2026 18:15:21 [---] Local time is UTC +0 hours
client-desktop-1    | 16-Sep-2026 18:15:21 [---] Preferences:
client-desktop-1    | 16-Sep-2026 18:15:21 [---]    max memory usage when active: 8929.14 MB
client-desktop-1    | 16-Sep-2026 18:15:21 [---]    max memory usage when idle: 8929.14 MB
makeproject-1       | 
client-cluster-1    | dir_open: Could not open directory 'slots' from '/var/lib/boinc-client'.
client-cluster-1    | 16-Sep-2026 18:15:21 [---]    max disk usage: 2.00 GB
client-cluster-1    | 16-Sep-2026 18:15:21 [---]    don't use GPU while active
client-cluster-1    | 16-Sep-2026 18:15:21 [---]    suspend work if non-BOINC CPU load exceeds 25%
client-cluster-1    | 16-Sep-2026 18:15:21 [---]    (to change preferences, visit a project web site or select Preferences in the Manager)
apache-1            | 2026-09-16 18:15:03,408 INFO reaped unknown pid 257
apache-1            | 2026-09-16 18:15:03,408 INFO reaped unknown pid 259
apache-1            | 2026-09-16 18:15:03,408 INFO reaped unknown pid 261
client-phone-1      | 16-Sep-2026 18:15:21 [---] Disk: 18.33 GB total, 15.48 GB free
client-phone-1      | 16-Sep-2026 18:15:21 [---] Local time is UTC +0 hours
client-phone-1      | 16-Sep-2026 18:15:21 [---] Config: GUI RPC allowed from any host
client-phone-1      | 16-Sep-2026 18:15:21 [---] Config: simulate 1 CPUs
client-phone-1      | 16-Sep-2026 18:15:21 [---] Config: report completed tasks immediately
client-phone-1      | 16-Sep-2026 18:15:21 [---] No general preferences found - using defaults
client-phone-1      | 16-Sep-2026 18:15:21 [---] Reading preferences override file
client-phone-1      | 16-Sep-2026 18:15:21 [---] Preferences:
client-phone-1      | 16-Sep-2026 18:15:21 [---]    max memory usage when active: 8929.14 MB
client-cluster-1    | 16-Sep-2026 18:15:21 [---] Setting up project and slot directories
client-cluster-1    | 16-Sep-2026 18:15:21 [---] Checking active tasks
client-cluster-1    | 16-Sep-2026 18:15:21 [---] Setting up GUI RPC socket
client-cluster-1    | 16-Sep-2026 18:15:21 [---] Checking presence of 0 project files
client-phone-2-1    | 16-Sep-2026 18:15:26 [---] Setting up GUI RPC socket
client-phone-2-1    | 16-Sep-2026 18:15:26 [---] Checking presence of 0 project files
client-phone-2-1    | 16-Sep-2026 18:15:26 [---] This computer is not attached to any projects
client-phone-2-1    | 16-Sep-2026 18:15:26 Initialization completed
client-phone-2-1    | dir_open: Could not open directory 'projects/boincserver.local_boincserver' from '/var/lib/boinc-client'.
apache-1            | 2026-09-16 18:15:03,408 INFO reaped unknown pid 263
apache-1            | 2026-09-16 18:15:03,408 INFO reaped unknown pid 264
apache-1            | 2026-09-16 18:15:03,408 INFO reaped unknown pid 268
apache-1            | 2026-09-16 18:15:03,408 INFO reaped unknown pid 273
apache-1            | 2026-09-16 18:15:03,408 INFO reaped unknown pid 275
client-desktop-1    | 16-Sep-2026 18:15:21 [---]    max disk usage: 2.00 GB
client-desktop-1    | 16-Sep-2026 18:15:21 [---]    don't use GPU while active
client-desktop-1    | 16-Sep-2026 18:15:21 [---]    suspend work if non-BOINC CPU load exceeds 25%
client-desktop-1    | 16-Sep-2026 18:15:21 [---]    (to change preferences, visit a project web site or select Preferences in the Manager)
client-cluster-2-1  | 16-Sep-2026 18:15:21 [---] Config: GUI RPC allowed from any host
client-cluster-2-1  | 16-Sep-2026 18:15:21 [---] Config: simulate 4 CPUs
client-cluster-2-1  | 16-Sep-2026 18:15:21 [---] Config: report completed tasks immediately
client-cluster-2-1  | 16-Sep-2026 18:15:21 [---] No general preferences found - using defaults
client-desktop-1    | 16-Sep-2026 18:15:21 [---] Setting up project and slot directories
client-desktop-1    | 16-Sep-2026 18:15:21 [---] Checking active tasks
client-desktop-1    | 16-Sep-2026 18:15:21 [---] Setting up GUI RPC socket
client-desktop-1    | 16-Sep-2026 18:15:21 [---] Checking presence of 0 project files
client-desktop-1    | 16-Sep-2026 18:15:21 [---] This computer is not attached to any projects
client-desktop-1    | 16-Sep-2026 18:15:21 Initialization completed
client-desktop-1    | dir_open: Could not open directory 'slots' from '/var/lib/boinc-client'.
client-cluster-1    | 16-Sep-2026 18:15:21 [---] This computer is not attached to any projects
client-cluster-1    | 16-Sep-2026 18:15:21 Initialization completed
client-cluster-1    | dir_open: Could not open directory 'projects/boincserver.local_boincserver' from '/var/lib/boinc-client'.
client-cluster-1    | 16-Sep-2026 18:15:22 [---] No general preferences found - using defaults
client-cluster-1    | 16-Sep-2026 18:15:22 [---] Reading preferences override file
client-cluster-1    | 16-Sep-2026 18:15:22 [---] Preferences:
client-cluster-1    | 16-Sep-2026 18:15:22 [---]    max memory usage when active: 8929.14 MB
client-cluster-1    | 16-Sep-2026 18:15:22 [---]    max memory usage when idle: 8929.14 MB
client-cluster-1    | 16-Sep-2026 18:15:22 [---]    max disk usage: 2.00 GB
client-phone-1      | 16-Sep-2026 18:15:21 [---]    max memory usage when idle: 8929.14 MB
client-phone-1      | 16-Sep-2026 18:15:21 [---]    max disk usage: 2.00 GB
client-phone-1      | 16-Sep-2026 18:15:21 [---]    don't use GPU while active
client-phone-1      | 16-Sep-2026 18:15:21 [---]    suspend work if non-BOINC CPU load exceeds 25%
client-phone-1      | 16-Sep-2026 18:15:21 [---]    (to change preferences, visit a project web site or select Preferences in the Manager)
client-phone-1      | 16-Sep-2026 18:15:21 [---] Setting up project and slot directories
client-phone-1      | 16-Sep-2026 18:15:21 [---] Checking active tasks
client-phone-1      | 16-Sep-2026 18:15:21 [---] Setting up GUI RPC socket
client-phone-1      | dir_open: Could not open directory 'slots' from '/var/lib/boinc-client'.
client-phone-1      | 16-Sep-2026 18:15:21 [---] Checking presence of 0 project files
client-phone-1      | 16-Sep-2026 18:15:21 [---] This computer is not attached to any projects
client-phone-1      | 16-Sep-2026 18:15:21 Initialization completed
client-phone-1      | dir_open: Could not open directory 'projects/boincserver.local_boincserver' from '/var/lib/boinc-client'.
client-phone-1      | 16-Sep-2026 18:15:22 [---] No general preferences found - using defaults
client-phone-1      | 16-Sep-2026 18:15:22 [---] Reading preferences override file
client-phone-1      | 16-Sep-2026 18:15:22 [---] Preferences:
client-desktop-1    | dir_open: Could not open directory 'projects/boincserver.local_boincserver' from '/var/lib/boinc-client'.
client-desktop-1    | 16-Sep-2026 18:15:22 [---] No general preferences found - using defaults
client-cluster-1    | 16-Sep-2026 18:15:22 [---]    don't use GPU while active
client-cluster-1    | 16-Sep-2026 18:15:22 [---]    suspend work if non-BOINC CPU load exceeds 25%
client-cluster-1    | 16-Sep-2026 18:15:22 [---]    (to change preferences, visit a project web site or select Preferences in the Manager)
client-cluster-1    | 16-Sep-2026 18:15:26 [http://boincserver.local/boincserver/] Fetching scheduler list
client-phone-1      | 16-Sep-2026 18:15:22 [---]    max memory usage when active: 8929.14 MB
client-phone-1      | 16-Sep-2026 18:15:22 [---]    max memory usage when idle: 8929.14 MB
client-desktop-1    | 16-Sep-2026 18:15:22 [---] Reading preferences override file
client-desktop-1    | 16-Sep-2026 18:15:22 [---] Preferences:
client-desktop-1    | 16-Sep-2026 18:15:22 [---]    max memory usage when active: 8929.14 MB
client-desktop-1    | 16-Sep-2026 18:15:22 [---]    max memory usage when idle: 8929.14 MB
client-desktop-1    | 16-Sep-2026 18:15:22 [---]    max disk usage: 2.00 GB
client-desktop-1    | 16-Sep-2026 18:15:22 [---]    don't use GPU while active
client-desktop-1    | 16-Sep-2026 18:15:22 [---]    suspend work if non-BOINC CPU load exceeds 25%
client-desktop-1    | 16-Sep-2026 18:15:22 [---]    (to change preferences, visit a project web site or select Preferences in the Manager)
client-desktop-1    | 16-Sep-2026 18:15:26 [http://boincserver.local/boincserver/] Fetching scheduler list
client-desktop-1    | 16-Sep-2026 18:15:32 [http://boincserver.local/boincserver/] Master file download succeeded
client-cluster-1    | 16-Sep-2026 18:15:32 [http://boincserver.local/boincserver/] Master file download succeeded
client-cluster-1    | 16-Sep-2026 18:15:37 [http://boincserver.local/boincserver/] Sending scheduler request: Project initialization.
client-cluster-1    | 16-Sep-2026 18:15:37 [http://boincserver.local/boincserver/] Requesting new tasks for CPU
client-cluster-1    | 16-Sep-2026 18:15:44 [boincserver] Scheduler request completed: got 1 new tasks
client-cluster-1    | 16-Sep-2026 18:15:44 [boincserver] Project requested delay of 7 seconds
client-cluster-1    | 16-Sep-2026 18:15:46 [boincserver] Started download of hybrid_synthetic_1.0_aarch64-unknown-linux-gnu
mysql-1             | 2026-09-16 18:13:35 0 [Note] InnoDB: Compressed tables use zlib 1.2.11
mysql-1             | 2026-09-16 18:13:35 0 [Note] InnoDB: Number of pools: 1
mysql-1             | 2026-09-16 18:13:35 0 [Note] InnoDB: Using generic crc32 instructions
mysql-1             | 2026-09-16 18:13:35 0 [Note] InnoDB: Initializing buffer pool, total size = 256M, instances = 1, chunk size = 128M
client-phone-2-1    | 16-Sep-2026 18:15:27 [---] No general preferences found - using defaults
client-phone-2-1    | 16-Sep-2026 18:15:27 [---] Reading preferences override file
client-phone-2-1    | 16-Sep-2026 18:15:27 [---] Preferences:
client-phone-2-1    | 16-Sep-2026 18:15:27 [---]    max memory usage when active: 8929.14 MB
client-phone-2-1    | 16-Sep-2026 18:15:27 [---]    max memory usage when idle: 8929.14 MB
client-phone-2-1    | 16-Sep-2026 18:15:27 [---]    max disk usage: 2.00 GB
client-phone-2-1    | 16-Sep-2026 18:15:27 [---]    don't use GPU while active
client-desktop-1    | 16-Sep-2026 18:15:37 [http://boincserver.local/boincserver/] Sending scheduler request: Project initialization.
client-desktop-1    | 16-Sep-2026 18:15:37 [http://boincserver.local/boincserver/] Requesting new tasks for CPU
client-desktop-1    | 16-Sep-2026 18:15:39 [boincserver] Scheduler request completed: got 1 new tasks
client-desktop-1    | 16-Sep-2026 18:15:39 [boincserver] Project requested delay of 7 seconds
client-desktop-1    | 16-Sep-2026 18:15:41 [boincserver] Started download of hybrid_synthetic_1.0_aarch64-unknown-linux-gnu
client-phone-2-1    | 16-Sep-2026 18:15:27 [---]    suspend work if non-BOINC CPU load exceeds 25%
client-phone-2-1    | 16-Sep-2026 18:15:27 [---]    (to change preferences, visit a project web site or select Preferences in the Manager)
apache-1            | 2026-09-16 18:15:07,789 INFO reaped unknown pid 270
apache-1            | 2026-09-16 18:15:07,924 INFO reaped unknown pid 271
apache-1            | 2026-09-16 18:15:08,228 INFO reaped unknown pid 277
apache-1            | 2026-09-16 18:15:08,342 INFO reaped unknown pid 279
mysql-1             | 2026-09-16 18:13:35 0 [Note] InnoDB: Completed initialization of buffer pool
mysql-1             | 2026-09-16 18:13:35 0 [Note] InnoDB: If the mysqld execution user is authorized, page cleaner thread priority can be changed. See the man page of setpriority().
mysql-1             | 2026-09-16 18:13:35 0 [Note] InnoDB: 128 out of 128 rollback segments are active.
mysql-1             | 2026-09-16 18:13:35 0 [Note] InnoDB: Creating shared tablespace for temporary tables
mysql-1             | 2026-09-16 18:13:35 0 [Note] InnoDB: Setting file './ibtmp1' size to 12 MB. Physically writing the file full; Please wait ...
client-cluster-1    | 16-Sep-2026 18:15:46 [boincserver] Started download of hybrid_synthetic_input.txt
client-cluster-1    | 16-Sep-2026 18:15:48 [boincserver] Finished download of hybrid_synthetic_1.0_aarch64-unknown-linux-gnu
client-cluster-1    | 16-Sep-2026 18:15:48 [boincserver] Finished download of hybrid_synthetic_input.txt
client-cluster-1    | 16-Sep-2026 18:15:48 [boincserver] Starting task exp_20260916T180210Z_lpt_long_6_0
client-cluster-1    | 16-Sep-2026 18:15:54 [boincserver] Sending scheduler request: To fetch work.
mysql-1             | 2026-09-16 18:13:35 0 [Note] InnoDB: File './ibtmp1' size is now 12 MB.
mysql-1             | 2026-09-16 18:13:35 0 [Note] InnoDB: 10.3.8 started; log sequence number 1630815; transaction id 21
mysql-1             | 2026-09-16 18:13:35 0 [Note] InnoDB: Loading buffer pool(s) from /var/lib/mysql/ib_buffer_pool
mysql-1             | 2026-09-16 18:13:35 0 [Note] Plugin 'FEEDBACK' is disabled.
client-phone-2-1    | 16-Sep-2026 18:15:31 [http://boincserver.local/boincserver/] Fetching scheduler list
client-phone-2-1    | 16-Sep-2026 18:15:33 [http://boincserver.local/boincserver/] Master file download succeeded
client-phone-2-1    | 16-Sep-2026 18:15:38 [http://boincserver.local/boincserver/] Sending scheduler request: Project initialization.
client-phone-2-1    | 16-Sep-2026 18:15:38 [http://boincserver.local/boincserver/] Requesting new tasks for CPU
client-phone-2-1    | 16-Sep-2026 18:15:40 [boincserver] Scheduler request completed: got 1 new tasks
client-phone-2-1    | 16-Sep-2026 18:15:40 [boincserver] Project requested delay of 7 seconds
client-desktop-1    | 16-Sep-2026 18:15:41 [boincserver] Started download of hybrid_synthetic_input.txt
client-desktop-1    | 16-Sep-2026 18:15:43 [boincserver] Finished download of hybrid_synthetic_1.0_aarch64-unknown-linux-gnu
client-desktop-1    | 16-Sep-2026 18:15:43 [boincserver] Finished download of hybrid_synthetic_input.txt
client-desktop-1    | 16-Sep-2026 18:15:43 [boincserver] Starting task exp_20260916T180210Z_lpt_long_2_0
client-cluster-1    | 16-Sep-2026 18:15:54 [boincserver] Requesting new tasks for CPU
client-cluster-1    | 16-Sep-2026 18:15:56 [boincserver] Scheduler request completed: got 4 new tasks
client-cluster-1    | 16-Sep-2026 18:15:56 [boincserver] Project requested delay of 7 seconds
client-cluster-1    | 16-Sep-2026 18:15:58 [boincserver] Elapsed time limit 50.000000 < 120.000000; setting to 43200.000000
client-cluster-1    | 16-Sep-2026 18:15:58 [boincserver] Starting task exp_20260916T180210Z_lpt_medium_10_0
client-cluster-1    | 16-Sep-2026 18:15:58 [boincserver] Starting task exp_20260916T180210Z_lpt_medium_12_0
client-desktop-1    | 16-Sep-2026 18:15:49 [boincserver] Sending scheduler request: To fetch work.
client-desktop-1    | 16-Sep-2026 18:15:49 [boincserver] Requesting new tasks for CPU
client-cluster-1    | 16-Sep-2026 18:15:58 [boincserver] Starting task exp_20260916T180210Z_lpt_short_1_0
client-cluster-1    | 16-Sep-2026 18:16:06 [boincserver] Computation for task exp_20260916T180210Z_lpt_short_1_0 finished
client-cluster-1    | 16-Sep-2026 18:16:06 [boincserver] Starting task exp_20260916T180210Z_lpt_medium_11_0
client-cluster-1    | 16-Sep-2026 18:16:06 [boincserver] Sending scheduler request: To fetch work.
client-cluster-1    | 16-Sep-2026 18:16:06 [boincserver] Requesting new tasks for CPU
client-cluster-1    | 16-Sep-2026 18:16:08 [boincserver] Started upload of exp_20260916T180210Z_lpt_short_1_0_r1563865061_0
client-desktop-1    | 16-Sep-2026 18:15:51 [boincserver] Scheduler request completed: got 2 new tasks
client-desktop-1    | 16-Sep-2026 18:15:51 [boincserver] Project requested delay of 7 seconds
client-desktop-1    | 16-Sep-2026 18:15:53 [boincserver] Starting task exp_20260916T180210Z_lpt_medium_2_0
client-desktop-1    | 16-Sep-2026 18:16:01 [boincserver] Sending scheduler request: To fetch work.
client-desktop-1    | 16-Sep-2026 18:16:01 [boincserver] Requesting new tasks for CPU
client-phone-2-1    | 16-Sep-2026 18:15:42 [boincserver] Started download of hybrid_synthetic_1.0_aarch64-unknown-linux-gnu
client-phone-2-1    | 16-Sep-2026 18:15:42 [boincserver] Started download of hybrid_synthetic_input.txt
mysql-1             | 2026-09-16 18:13:35 0 [Note] InnoDB: Buffer pool(s) load completed at 260916 18:13:35
mysql-1             | 2026-09-16 18:13:35 0 [Warning] 'user' entry 'root@ea5f4803a9fb' ignored in --skip-name-resolve mode.
mysql-1             | 2026-09-16 18:13:35 0 [Warning] 'user' entry '@ea5f4803a9fb' ignored in --skip-name-resolve mode.
mysql-1             | 2026-09-16 18:13:35 0 [Warning] 'proxies_priv' entry '@% root@ea5f4803a9fb' ignored in --skip-name-resolve mode.
mysql-1             | 2026-09-16 18:13:35 0 [Note] Reading of all Master_info entries succeded
client-phone-2-1    | 16-Sep-2026 18:15:44 [boincserver] Finished download of hybrid_synthetic_1.0_aarch64-unknown-linux-gnu
client-phone-2-1    | 16-Sep-2026 18:15:44 [boincserver] Finished download of hybrid_synthetic_input.txt
client-phone-2-1    | 16-Sep-2026 18:15:44 [boincserver] Starting task exp_20260916T180210Z_lpt_long_5_0
client-phone-2-1    | 16-Sep-2026 18:15:50 [boincserver] Sending scheduler request: To fetch work.
client-phone-2-1    | 16-Sep-2026 18:15:50 [boincserver] Requesting new tasks for CPU
client-phone-2-1    | 16-Sep-2026 18:15:52 [boincserver] Scheduler request completed: got 1 new tasks
client-phone-2-1    | 16-Sep-2026 18:15:52 [boincserver] Project requested delay of 7 seconds
client-phone-2-1    | 16-Sep-2026 18:16:02 [boincserver] Sending scheduler request: To fetch work.
client-desktop-1    | 16-Sep-2026 18:16:03 [boincserver] Scheduler request completed: got 1 new tasks
client-desktop-1    | 16-Sep-2026 18:16:03 [boincserver] Project requested delay of 7 seconds
client-desktop-1    | 16-Sep-2026 18:16:13 [boincserver] Sending scheduler request: To fetch work.
mysql-1             | 2026-09-16 18:13:35 0 [Note] Added new Master_info '' to hash table
mysql-1             | 2026-09-16 18:13:35 0 [Note] mysqld: ready for connections.
mysql-1             | Version: '10.3.8-MariaDB-1:10.3.8+maria~bionic'  socket: '/var/run/mysqld/mysqld.sock'  port: 0  mariadb.org binary distribution
mysql-1             | Warning: Unable to load '/usr/share/zoneinfo/leap-seconds.list' as time zone. Skipping it.
client-phone-2-1    | 16-Sep-2026 18:16:02 [boincserver] Requesting new tasks for CPU
client-phone-2-1    | 16-Sep-2026 18:16:09 [boincserver] Scheduler request completed: got 0 new tasks
client-phone-2-1    | 16-Sep-2026 18:16:09 [boincserver] No tasks sent
client-phone-2-1    | 16-Sep-2026 18:16:09 [boincserver] This computer has reached a limit on tasks in progress
client-phone-2-1    | 16-Sep-2026 18:16:09 [boincserver] Project requested delay of 7 seconds
client-phone-2-1    | 16-Sep-2026 18:17:47 [boincserver] Computation for task exp_20260916T180210Z_lpt_long_5_0 finished
client-phone-2-1    | 16-Sep-2026 18:17:47 [boincserver] Starting task exp_20260916T180210Z_lpt_medium_8_0
client-desktop-1    | 16-Sep-2026 18:16:13 [boincserver] Requesting new tasks for CPU
client-desktop-1    | 16-Sep-2026 18:16:20 [boincserver] Scheduler request completed: got 0 new tasks
client-cluster-1    | 16-Sep-2026 18:16:08 [boincserver] Scheduler request completed: got 3 new tasks
client-cluster-1    | 16-Sep-2026 18:16:08 [boincserver] Project requested delay of 7 seconds
client-cluster-1    | 16-Sep-2026 18:16:10 [boincserver] Finished upload of exp_20260916T180210Z_lpt_short_1_0_r1563865061_0
client-cluster-1    | 16-Sep-2026 18:16:22 [boincserver] Sending scheduler request: To report completed tasks.
client-phone-2-1    | 16-Sep-2026 18:17:49 [boincserver] Started upload of exp_20260916T180210Z_lpt_long_5_0_r1855290659_0
client-phone-2-1    | 16-Sep-2026 18:17:52 [boincserver] Finished upload of exp_20260916T180210Z_lpt_long_5_0_r1855290659_0
client-phone-2-1    | 16-Sep-2026 18:17:53 [boincserver] Sending scheduler request: To report completed tasks.
client-phone-2-1    | 16-Sep-2026 18:17:53 [boincserver] Reporting 1 completed tasks
client-desktop-1    | 16-Sep-2026 18:16:20 [boincserver] No tasks sent
client-desktop-1    | 16-Sep-2026 18:16:20 [boincserver] This computer has reached a limit on tasks in progress
client-phone-1      | 16-Sep-2026 18:15:22 [---]    max disk usage: 2.00 GB
client-phone-1      | 16-Sep-2026 18:15:22 [---]    don't use GPU while active
client-cluster-1    | 16-Sep-2026 18:16:22 [boincserver] Reporting 1 completed tasks
client-desktop-1    | 16-Sep-2026 18:16:20 [boincserver] Project requested delay of 7 seconds
client-desktop-1    | 16-Sep-2026 18:16:26 [boincserver] Computation for task exp_20260916T180210Z_lpt_medium_2_0 finished
client-desktop-1    | 16-Sep-2026 18:16:26 [boincserver] Starting task exp_20260916T180210Z_lpt_medium_1_0
client-desktop-1    | 16-Sep-2026 18:16:28 [boincserver] Started upload of exp_20260916T180210Z_lpt_medium_2_0_r298428673_0
client-desktop-1    | 16-Sep-2026 18:16:30 [boincserver] Finished upload of exp_20260916T180210Z_lpt_medium_2_0_r298428673_0
client-phone-2-1    | 16-Sep-2026 18:17:53 [boincserver] Requesting new tasks for CPU
client-phone-2-1    | 16-Sep-2026 18:18:05 [boincserver] Scheduler request completed: got 0 new tasks
client-phone-2-1    | 16-Sep-2026 18:18:05 [boincserver] Project has no tasks available
client-phone-2-1    | 16-Sep-2026 18:18:05 [boincserver] Project requested delay of 7 seconds
client-phone-2-1    | 16-Sep-2026 18:18:15 [boincserver] Sending scheduler request: To fetch work.
client-phone-2-1    | 16-Sep-2026 18:18:15 [boincserver] Requesting new tasks for CPU
client-phone-2-1    | 16-Sep-2026 18:18:21 [boincserver] Scheduler request completed: got 0 new tasks
client-phone-1      | 16-Sep-2026 18:15:22 [---]    suspend work if non-BOINC CPU load exceeds 25%
client-phone-1      | 16-Sep-2026 18:15:22 [---]    (to change preferences, visit a project web site or select Preferences in the Manager)
client-desktop-1    | 16-Sep-2026 18:16:30 [boincserver] Sending scheduler request: To report completed tasks.
client-desktop-1    | 16-Sep-2026 18:16:30 [boincserver] Reporting 1 completed tasks
client-desktop-1    | 16-Sep-2026 18:16:30 [boincserver] Requesting new tasks for CPU
client-phone-2-1    | 16-Sep-2026 18:18:21 [boincserver] Project has no tasks available
client-phone-2-1    | 16-Sep-2026 18:18:21 [boincserver] Project requested delay of 7 seconds
client-phone-2-1    | 16-Sep-2026 18:18:22 [boincserver] Computation for task exp_20260916T180210Z_lpt_medium_8_0 finished
client-phone-2-1    | 16-Sep-2026 18:18:24 [boincserver] Started upload of exp_20260916T180210Z_lpt_medium_8_0_r817347142_0
client-phone-2-1    | 16-Sep-2026 18:18:26 [boincserver] Finished upload of exp_20260916T180210Z_lpt_medium_8_0_r817347142_0
client-phone-2-1    | 16-Sep-2026 18:18:31 [boincserver] Sending scheduler request: To report completed tasks.
client-cluster-1    | 16-Sep-2026 18:16:22 [boincserver] Requesting new tasks for CPU
client-cluster-1    | 16-Sep-2026 18:16:24 [boincserver] Scheduler request completed: got 1 new tasks
client-cluster-1    | 16-Sep-2026 18:16:24 [boincserver] Project requested delay of 7 seconds
client-cluster-1    | 16-Sep-2026 18:16:30 [boincserver] Computation for task exp_20260916T180210Z_lpt_medium_10_0 finished
client-cluster-1    | 16-Sep-2026 18:16:30 [boincserver] Elapsed time limit 50.000000 < 120.000000; setting to 43200.000000
client-phone-2-1    | 16-Sep-2026 18:18:31 [boincserver] Reporting 1 completed tasks
client-phone-2-1    | 16-Sep-2026 18:18:31 [boincserver] Requesting new tasks for CPU
client-phone-2-1    | 16-Sep-2026 18:18:33 [boincserver] Scheduler request completed: got 0 new tasks
mysql-1             | 2026-09-16 18:13:37 10 [Warning] 'proxies_priv' entry '@% root@ea5f4803a9fb' ignored in --skip-name-resolve mode.
mysql-1             | 
mysql-1             | 2026-09-16 18:13:37 0 [Note] mysqld (initiated by: unknown): Normal shutdown
mysql-1             | 2026-09-16 18:13:37 0 [Note] Event Scheduler: Purging the queue. 0 events
mysql-1             | 2026-09-16 18:13:37 0 [Note] InnoDB: FTS optimize thread exiting.
client-desktop-1    | 16-Sep-2026 18:16:42 [boincserver] Scheduler request completed: got 1 new tasks
client-desktop-1    | 16-Sep-2026 18:16:42 [boincserver] Project requested delay of 7 seconds
mysql-1             | 2026-09-16 18:13:37 0 [Note] InnoDB: Starting shutdown...
mysql-1             | 2026-09-16 18:13:37 0 [Note] InnoDB: Dumping buffer pool(s) to /var/lib/mysql/ib_buffer_pool
mysql-1             | 2026-09-16 18:13:37 0 [Note] InnoDB: Buffer pool(s) dump completed at 260916 18:13:37
mysql-1             | 2026-09-16 18:13:38 0 [Note] InnoDB: Shutdown completed; log sequence number 1630824; transaction id 24
mysql-1             | 2026-09-16 18:13:38 0 [Note] InnoDB: Removed temporary tablespace data file: "ibtmp1"
mysql-1             | 2026-09-16 18:13:38 0 [Note] mysqld: Shutdown complete
mysql-1             | 
client-phone-2-1    | 16-Sep-2026 18:18:33 [boincserver] Project has no tasks available
client-phone-2-1    | 16-Sep-2026 18:18:33 [boincserver] Project requested delay of 7 seconds
client-phone-2-1    | 16-Sep-2026 18:18:43 [boincserver] Sending scheduler request: To fetch work.
client-desktop-1    | 16-Sep-2026 18:16:52 [boincserver] Sending scheduler request: To fetch work.
client-desktop-1    | 16-Sep-2026 18:16:52 [boincserver] Requesting new tasks for CPU
client-desktop-1    | 16-Sep-2026 18:16:54 [boincserver] Scheduler request completed: got 0 new tasks
client-desktop-1    | 16-Sep-2026 18:16:54 [boincserver] Project has no tasks available
client-phone-1      | 16-Sep-2026 18:15:26 [http://boincserver.local/boincserver/] Fetching scheduler list
client-phone-1      | 16-Sep-2026 18:15:28 [http://boincserver.local/boincserver/] Master file download succeeded
client-phone-1      | 16-Sep-2026 18:15:33 [http://boincserver.local/boincserver/] Sending scheduler request: Project initialization.
client-phone-1      | 16-Sep-2026 18:15:33 [http://boincserver.local/boincserver/] Requesting new tasks for CPU
client-phone-1      | 16-Sep-2026 18:15:35 [boincserver] Scheduler request completed: got 1 new tasks
client-phone-1      | 16-Sep-2026 18:15:35 [boincserver] Project requested delay of 7 seconds
client-phone-1      | 16-Sep-2026 18:15:37 [boincserver] Started download of hybrid_synthetic_1.0_aarch64-unknown-linux-gnu
client-phone-1      | 16-Sep-2026 18:15:37 [boincserver] Started download of hybrid_synthetic_input.txt
client-phone-1      | 16-Sep-2026 18:15:39 [boincserver] Finished download of hybrid_synthetic_1.0_aarch64-unknown-linux-gnu
client-phone-1      | 16-Sep-2026 18:15:39 [boincserver] Finished download of hybrid_synthetic_input.txt
client-phone-1      | 16-Sep-2026 18:15:39 [boincserver] Starting task exp_20260916T180210Z_lpt_long_1_0
client-phone-2-1    | 16-Sep-2026 18:18:43 [boincserver] Requesting new tasks for CPU
client-phone-2-1    | 16-Sep-2026 18:18:53 [boincserver] Scheduler request completed: got 0 new tasks
client-phone-2-1    | 16-Sep-2026 18:18:53 [boincserver] Project has no tasks available
client-phone-2-1    | 16-Sep-2026 18:18:53 [boincserver] Project requested delay of 7 seconds
client-cluster-1    | 16-Sep-2026 18:16:30 [boincserver] Starting task exp_20260916T180210Z_lpt_short_8_0
client-cluster-1    | 16-Sep-2026 18:16:31 [boincserver] Computation for task exp_20260916T180210Z_lpt_medium_12_0 finished
client-cluster-1    | 16-Sep-2026 18:16:31 [boincserver] Elapsed time limit 50.000000 < 120.000000; setting to 43200.000000
client-cluster-1    | 16-Sep-2026 18:16:31 [boincserver] Starting task exp_20260916T180210Z_lpt_short_10_0
client-cluster-1    | 16-Sep-2026 18:16:32 [boincserver] Started upload of exp_20260916T180210Z_lpt_medium_10_0_r1877747487_0
client-cluster-1    | 16-Sep-2026 18:16:33 [boincserver] Started upload of exp_20260916T180210Z_lpt_medium_12_0_r1584629528_0
client-desktop-1    | 16-Sep-2026 18:16:54 [boincserver] Project requested delay of 7 seconds
client-desktop-1    | 16-Sep-2026 18:16:58 [boincserver] Computation for task exp_20260916T180210Z_lpt_medium_1_0 finished
client-desktop-1    | 16-Sep-2026 18:16:58 [boincserver] Elapsed time limit 50.000000 < 120.000000; setting to 43200.000000
client-desktop-1    | 16-Sep-2026 18:16:58 [boincserver] Starting task exp_20260916T180210Z_lpt_short_2_0
client-desktop-1    | 16-Sep-2026 18:17:00 [boincserver] Started upload of exp_20260916T180210Z_lpt_medium_1_0_r636555522_0
client-desktop-1    | 16-Sep-2026 18:17:02 [boincserver] Finished upload of exp_20260916T180210Z_lpt_medium_1_0_r636555522_0
mysql-1             | 
mysql-1             | MySQL init process done. Ready for start up.
mysql-1             | 
client-phone-1      | 16-Sep-2026 18:15:45 [boincserver] Sending scheduler request: To fetch work.
client-phone-1      | 16-Sep-2026 18:15:45 [boincserver] Requesting new tasks for CPU
client-cluster-2-1  | 16-Sep-2026 18:15:21 [---] Reading preferences override file
client-cluster-2-1  | 16-Sep-2026 18:15:21 [---] Preferences:
mysql-1             | 2026-09-16 18:13:38 0 [Note] mysqld (mysqld 10.3.8-MariaDB-1:10.3.8+maria~bionic) starting as process 1 ...
mysql-1             | 2026-09-16 18:13:38 0 [Note] InnoDB: Using Linux native AIO
client-phone-1      | 16-Sep-2026 18:15:52 [boincserver] Scheduler request completed: got 1 new tasks
client-phone-1      | 16-Sep-2026 18:15:52 [boincserver] Project requested delay of 7 seconds
client-phone-1      | 16-Sep-2026 18:16:02 [boincserver] Sending scheduler request: To fetch work.
client-phone-1      | 16-Sep-2026 18:16:02 [boincserver] Requesting new tasks for CPU
client-cluster-1    | 16-Sep-2026 18:16:34 [boincserver] Finished upload of exp_20260916T180210Z_lpt_medium_10_0_r1877747487_0
client-cluster-1    | 16-Sep-2026 18:16:34 [boincserver] Finished upload of exp_20260916T180210Z_lpt_medium_12_0_r1584629528_0
client-cluster-1    | 16-Sep-2026 18:16:34 [boincserver] Sending scheduler request: To report completed tasks.
client-cluster-1    | 16-Sep-2026 18:16:34 [boincserver] Reporting 2 completed tasks
client-cluster-1    | 16-Sep-2026 18:16:34 [boincserver] Requesting new tasks for CPU
client-phone-1      | 16-Sep-2026 18:16:09 [boincserver] Scheduler request completed: got 0 new tasks
client-phone-1      | 16-Sep-2026 18:16:09 [boincserver] No tasks sent
client-phone-1      | 16-Sep-2026 18:16:09 [boincserver] This computer has reached a limit on tasks in progress
client-phone-1      | 16-Sep-2026 18:16:09 [boincserver] Project requested delay of 7 seconds
client-phone-1      | 16-Sep-2026 18:17:54 [boincserver] Computation for task exp_20260916T180210Z_lpt_long_1_0 finished
client-cluster-1    | 16-Sep-2026 18:16:36 [boincserver] Scheduler request completed: got 2 new tasks
client-cluster-1    | 16-Sep-2026 18:16:36 [boincserver] Project requested delay of 7 seconds
client-phone-1      | 16-Sep-2026 18:17:54 [boincserver] Starting task exp_20260916T180210Z_lpt_medium_9_0
client-phone-1      | 16-Sep-2026 18:17:56 [boincserver] Started upload of exp_20260916T180210Z_lpt_long_1_0_r311146532_0
client-phone-1      | 16-Sep-2026 18:17:58 [boincserver] Finished upload of exp_20260916T180210Z_lpt_long_1_0_r311146532_0
client-cluster-2-1  | dir_open: Could not open directory 'slots' from '/var/lib/boinc-client'.
client-cluster-2-1  | 16-Sep-2026 18:15:21 [---]    max memory usage when active: 8929.14 MB
client-cluster-2-1  | 16-Sep-2026 18:15:21 [---]    max memory usage when idle: 8929.14 MB
client-cluster-2-1  | 16-Sep-2026 18:15:21 [---]    max disk usage: 2.00 GB
client-cluster-2-1  | 16-Sep-2026 18:15:21 [---]    don't use GPU while active
client-cluster-2-1  | 16-Sep-2026 18:15:21 [---]    suspend work if non-BOINC CPU load exceeds 25%
client-cluster-2-1  | 16-Sep-2026 18:15:21 [---]    (to change preferences, visit a project web site or select Preferences in the Manager)
client-cluster-2-1  | 16-Sep-2026 18:15:21 [---] Setting up project and slot directories
client-phone-1      | 16-Sep-2026 18:17:59 [boincserver] Sending scheduler request: To report completed tasks.
client-phone-1      | 16-Sep-2026 18:17:59 [boincserver] Reporting 1 completed tasks
client-phone-1      | 16-Sep-2026 18:17:59 [boincserver] Requesting new tasks for CPU
client-phone-1      | 16-Sep-2026 18:18:06 [boincserver] Scheduler request completed: got 0 new tasks
client-phone-1      | 16-Sep-2026 18:18:06 [boincserver] Project has no tasks available
client-phone-1      | 16-Sep-2026 18:18:06 [boincserver] Project requested delay of 7 seconds
mysql-1             | 2026-09-16 18:13:38 0 [Note] InnoDB: Mutexes and rw_locks use GCC atomic builtins
mysql-1             | 2026-09-16 18:13:38 0 [Note] InnoDB: Uses event mutexes
mysql-1             | 2026-09-16 18:13:38 0 [Note] InnoDB: Compressed tables use zlib 1.2.11
mysql-1             | 2026-09-16 18:13:38 0 [Note] InnoDB: Number of pools: 1
client-cluster-1    | 16-Sep-2026 18:16:38 [boincserver] Computation for task exp_20260916T180210Z_lpt_short_8_0 finished
client-cluster-1    | 16-Sep-2026 18:16:38 [boincserver] Elapsed time limit 50.000000 < 120.000000; setting to 43200.000000
client-desktop-1    | 16-Sep-2026 18:17:04 [boincserver] Sending scheduler request: To report completed tasks.
client-desktop-1    | 16-Sep-2026 18:17:04 [boincserver] Reporting 1 completed tasks
client-desktop-1    | 16-Sep-2026 18:17:04 [boincserver] Requesting new tasks for CPU
client-desktop-1    | 16-Sep-2026 18:17:06 [boincserver] Computation for task exp_20260916T180210Z_lpt_short_2_0 finished
client-phone-1      | 16-Sep-2026 18:18:16 [boincserver] Sending scheduler request: To fetch work.
client-phone-1      | 16-Sep-2026 18:18:16 [boincserver] Requesting new tasks for CPU
client-cluster-2-1  | 16-Sep-2026 18:15:21 [---] Checking active tasks
client-cluster-2-1  | 16-Sep-2026 18:15:21 [---] Setting up GUI RPC socket
client-cluster-2-1  | 16-Sep-2026 18:15:21 [---] Checking presence of 0 project files
client-cluster-2-1  | 16-Sep-2026 18:15:21 [---] This computer is not attached to any projects
client-phone-1      | 16-Sep-2026 18:18:23 [boincserver] Scheduler request completed: got 0 new tasks
client-phone-1      | 16-Sep-2026 18:18:23 [boincserver] Project has no tasks available
client-phone-1      | 16-Sep-2026 18:18:23 [boincserver] Project requested delay of 7 seconds
client-phone-1      | 16-Sep-2026 18:18:28 [boincserver] Computation for task exp_20260916T180210Z_lpt_medium_9_0 finished
client-phone-1      | 16-Sep-2026 18:18:30 [boincserver] Started upload of exp_20260916T180210Z_lpt_medium_9_0_r1090328495_0
client-phone-1      | 16-Sep-2026 18:18:32 [boincserver] Finished upload of exp_20260916T180210Z_lpt_medium_9_0_r1090328495_0
mysql-1             | 2026-09-16 18:13:38 0 [Note] InnoDB: Using generic crc32 instructions
mysql-1             | 2026-09-16 18:13:38 0 [Note] InnoDB: Initializing buffer pool, total size = 256M, instances = 1, chunk size = 128M
mysql-1             | 2026-09-16 18:13:38 0 [Note] InnoDB: Completed initialization of buffer pool
mysql-1             | 2026-09-16 18:13:38 0 [Note] InnoDB: If the mysqld execution user is authorized, page cleaner thread priority can be changed. See the man page of setpriority().
mysql-1             | 2026-09-16 18:13:38 0 [Note] InnoDB: 128 out of 128 rollback segments are active.
client-phone-1      | 16-Sep-2026 18:18:33 [boincserver] Sending scheduler request: To report completed tasks.
client-phone-1      | 16-Sep-2026 18:18:33 [boincserver] Reporting 1 completed tasks
client-phone-1      | 16-Sep-2026 18:18:33 [boincserver] Requesting new tasks for CPU
client-phone-1      | 16-Sep-2026 18:18:45 [boincserver] Scheduler request completed: got 0 new tasks
client-cluster-2-1  | 16-Sep-2026 18:15:21 Initialization completed
client-cluster-2-1  | dir_open: Could not open directory 'projects/boincserver.local_boincserver' from '/var/lib/boinc-client'.
client-cluster-2-1  | 16-Sep-2026 18:15:22 [---] No general preferences found - using defaults
client-cluster-2-1  | 16-Sep-2026 18:15:22 [---] Reading preferences override file
client-cluster-2-1  | 16-Sep-2026 18:15:22 [---] Preferences:
client-cluster-1    | 16-Sep-2026 18:16:38 [boincserver] Starting task exp_20260916T180210Z_lpt_short_9_0
client-cluster-1    | 16-Sep-2026 18:16:39 [boincserver] Computation for task exp_20260916T180210Z_lpt_medium_11_0 finished
client-cluster-1    | 16-Sep-2026 18:16:39 [boincserver] Elapsed time limit 50.000000 < 120.000000; setting to 43200.000000
client-cluster-1    | 16-Sep-2026 18:16:39 [boincserver] Starting task exp_20260916T180210Z_lpt_short_6_0
client-cluster-1    | 16-Sep-2026 18:16:40 [boincserver] Started upload of exp_20260916T180210Z_lpt_short_8_0_r2065668611_0
client-cluster-1    | 16-Sep-2026 18:16:40 [boincserver] Computation for task exp_20260916T180210Z_lpt_short_10_0 finished
client-cluster-1    | 16-Sep-2026 18:16:40 [boincserver] Elapsed time limit 50.000000 < 120.000000; setting to 43200.000000
client-cluster-1    | 16-Sep-2026 18:16:40 [boincserver] Starting task exp_20260916T180210Z_lpt_short_11_0
client-cluster-1    | 16-Sep-2026 18:16:41 [boincserver] Started upload of exp_20260916T180210Z_lpt_medium_11_0_r375149921_0
client-cluster-1    | 16-Sep-2026 18:16:42 [boincserver] Finished upload of exp_20260916T180210Z_lpt_short_8_0_r2065668611_0
mysql-1             | 2026-09-16 18:13:38 0 [Note] InnoDB: Creating shared tablespace for temporary tables
mysql-1             | 2026-09-16 18:13:38 0 [Note] InnoDB: Setting file './ibtmp1' size to 12 MB. Physically writing the file full; Please wait ...
mysql-1             | 2026-09-16 18:13:38 0 [Note] InnoDB: File './ibtmp1' size is now 12 MB.
client-cluster-2-1  | 16-Sep-2026 18:15:22 [---]    max memory usage when active: 8929.14 MB
client-cluster-2-1  | 16-Sep-2026 18:15:22 [---]    max memory usage when idle: 8929.14 MB
client-cluster-2-1  | 16-Sep-2026 18:15:22 [---]    max disk usage: 2.00 GB
client-cluster-2-1  | 16-Sep-2026 18:15:22 [---]    don't use GPU while active
mysql-1             | 2026-09-16 18:13:38 0 [Note] InnoDB: Waiting for purge to start
mysql-1             | 2026-09-16 18:13:38 0 [Note] InnoDB: 10.3.8 started; log sequence number 1630824; transaction id 21
mysql-1             | 2026-09-16 18:13:38 0 [Note] InnoDB: Loading buffer pool(s) from /var/lib/mysql/ib_buffer_pool
mysql-1             | 2026-09-16 18:13:38 0 [Note] Plugin 'FEEDBACK' is disabled.
mysql-1             | 2026-09-16 18:13:38 0 [Note] InnoDB: Buffer pool(s) load completed at 260916 18:13:38
mysql-1             | 2026-09-16 18:13:38 0 [Note] Server socket created on IP: '::'.
mysql-1             | 2026-09-16 18:13:38 0 [Warning] 'proxies_priv' entry '@% root@ea5f4803a9fb' ignored in --skip-name-resolve mode.
mysql-1             | 2026-09-16 18:13:38 0 [Note] Reading of all Master_info entries succeded
mysql-1             | 2026-09-16 18:13:38 0 [Note] Added new Master_info '' to hash table
client-desktop-1    | 16-Sep-2026 18:17:06 [boincserver] Elapsed time limit 50.000000 < 120.000000; setting to 43200.000000
client-desktop-1    | 16-Sep-2026 18:17:06 [boincserver] Starting task exp_20260916T180210Z_lpt_short_7_0
client-desktop-1    | 16-Sep-2026 18:17:06 [boincserver] Scheduler request completed: got 0 new tasks
client-desktop-1    | 16-Sep-2026 18:17:06 [boincserver] Project has no tasks available
client-cluster-2-1  | 16-Sep-2026 18:15:22 [---]    suspend work if non-BOINC CPU load exceeds 25%
client-cluster-2-1  | 16-Sep-2026 18:15:22 [---]    (to change preferences, visit a project web site or select Preferences in the Manager)
client-cluster-2-1  | 16-Sep-2026 18:15:26 [http://boincserver.local/boincserver/] Fetching scheduler list
client-cluster-2-1  | 16-Sep-2026 18:15:32 [http://boincserver.local/boincserver/] Master file download succeeded
client-phone-1      | 16-Sep-2026 18:18:45 [boincserver] Project has no tasks available
client-phone-1      | 16-Sep-2026 18:18:45 [boincserver] Project requested delay of 7 seconds
client-phone-1      | 16-Sep-2026 18:18:55 [boincserver] Sending scheduler request: To fetch work.
client-phone-1      | 16-Sep-2026 18:18:55 [boincserver] Requesting new tasks for CPU
client-cluster-2-1  | 16-Sep-2026 18:15:37 [http://boincserver.local/boincserver/] Sending scheduler request: Project initialization.
client-cluster-2-1  | 16-Sep-2026 18:15:37 [http://boincserver.local/boincserver/] Requesting new tasks for CPU
client-cluster-2-1  | 16-Sep-2026 18:15:39 [boincserver] Scheduler request completed: got 1 new tasks
client-cluster-2-1  | 16-Sep-2026 18:15:39 [boincserver] Project requested delay of 7 seconds
client-cluster-2-1  | 16-Sep-2026 18:15:41 [boincserver] Started download of hybrid_synthetic_1.0_aarch64-unknown-linux-gnu
client-cluster-2-1  | 16-Sep-2026 18:15:41 [boincserver] Started download of hybrid_synthetic_input.txt
client-cluster-2-1  | 16-Sep-2026 18:15:43 [boincserver] Finished download of hybrid_synthetic_1.0_aarch64-unknown-linux-gnu
client-cluster-2-1  | 16-Sep-2026 18:15:43 [boincserver] Finished download of hybrid_synthetic_input.txt
client-cluster-2-1  | 16-Sep-2026 18:15:43 [boincserver] Starting task exp_20260916T180210Z_lpt_long_3_0
client-cluster-2-1  | 16-Sep-2026 18:15:49 [boincserver] Sending scheduler request: To fetch work.
client-cluster-2-1  | 16-Sep-2026 18:15:49 [boincserver] Requesting new tasks for CPU
client-cluster-2-1  | 16-Sep-2026 18:15:51 [boincserver] Scheduler request completed: got 4 new tasks
client-cluster-2-1  | 16-Sep-2026 18:15:51 [boincserver] Project requested delay of 7 seconds
client-cluster-2-1  | 16-Sep-2026 18:15:53 [boincserver] Starting task exp_20260916T180210Z_lpt_medium_3_0
mysql-1             | 2026-09-16 18:13:38 0 [Note] mysqld: ready for connections.
mysql-1             | Version: '10.3.8-MariaDB-1:10.3.8+maria~bionic'  socket: '/var/run/mysqld/mysqld.sock'  port: 3306  mariadb.org binary distribution
mysql-1             | 2026-09-16 18:13:38 8 [Warning] Access denied for user 'boincadm'@'172.21.0.3' (using password: NO)
mysql-1             | 2026-09-16 18:15:02 53 [Warning] Aborted connection 53 to db: 'boincserver' user: 'root' host: '172.21.0.4' (Got an error reading communication packets)
client-phone-1      | 16-Sep-2026 18:18:57 [boincserver] Scheduler request completed: got 0 new tasks
client-phone-1      | 16-Sep-2026 18:18:57 [boincserver] Project has no tasks available
client-phone-1      | 16-Sep-2026 18:18:57 [boincserver] Project requested delay of 7 seconds
client-desktop-1    | 16-Sep-2026 18:17:06 [boincserver] Project requested delay of 7 seconds
client-desktop-1    | 16-Sep-2026 18:17:08 [boincserver] Started upload of exp_20260916T180210Z_lpt_short_2_0_r1627930302_0
client-desktop-1    | 16-Sep-2026 18:17:10 [boincserver] Finished upload of exp_20260916T180210Z_lpt_short_2_0_r1627930302_0
client-desktop-1    | 16-Sep-2026 18:17:14 [boincserver] Computation for task exp_20260916T180210Z_lpt_short_7_0 finished
client-desktop-1    | 16-Sep-2026 18:17:16 [boincserver] Started upload of exp_20260916T180210Z_lpt_short_7_0_r343544177_0
client-desktop-1    | 16-Sep-2026 18:17:16 [boincserver] Sending scheduler request: To fetch work.
client-desktop-1    | 16-Sep-2026 18:17:16 [boincserver] Reporting 1 completed tasks
client-desktop-1    | 16-Sep-2026 18:17:16 [boincserver] Requesting new tasks for CPU
client-desktop-1    | 16-Sep-2026 18:17:18 [boincserver] Finished upload of exp_20260916T180210Z_lpt_short_7_0_r343544177_0
client-desktop-1    | 16-Sep-2026 18:17:33 [boincserver] Scheduler request completed: got 0 new tasks
client-desktop-1    | 16-Sep-2026 18:17:33 [boincserver] Project has no tasks available
client-desktop-1    | 16-Sep-2026 18:17:33 [boincserver] Project requested delay of 7 seconds
mysql-1             | 2026-09-16 18:15:07 65 [Warning] Aborted connection 65 to db: 'boincserver' user: 'root' host: '172.21.0.4' (Got an error reading communication packets)
client-cluster-1    | 16-Sep-2026 18:16:42 [boincserver] Finished upload of exp_20260916T180210Z_lpt_medium_11_0_r375149921_0
client-cluster-1    | 16-Sep-2026 18:16:42 [boincserver] Started upload of exp_20260916T180210Z_lpt_short_10_0_r2105859714_0
client-cluster-1    | 16-Sep-2026 18:16:44 [boincserver] Finished upload of exp_20260916T180210Z_lpt_short_10_0_r2105859714_0
client-cluster-1    | 16-Sep-2026 18:16:46 [boincserver] Sending scheduler request: To report completed tasks.
client-cluster-1    | 16-Sep-2026 18:16:46 [boincserver] Reporting 3 completed tasks
client-cluster-1    | 16-Sep-2026 18:16:46 [boincserver] Requesting new tasks for CPU
client-cluster-1    | 16-Sep-2026 18:16:47 [boincserver] Computation for task exp_20260916T180210Z_lpt_short_9_0 finished
client-cluster-1    | 16-Sep-2026 18:16:47 [boincserver] Elapsed time limit 50.000000 < 120.000000; setting to 43200.000000
client-cluster-1    | 16-Sep-2026 18:16:47 [boincserver] Starting task exp_20260916T180210Z_lpt_short_12_0
client-desktop-1    | 16-Sep-2026 18:17:44 [boincserver] Sending scheduler request: To report completed tasks.
client-desktop-1    | 16-Sep-2026 18:17:44 [boincserver] Reporting 1 completed tasks
client-desktop-1    | 16-Sep-2026 18:17:44 [boincserver] Requesting new tasks for CPU
client-cluster-1    | 16-Sep-2026 18:16:48 [boincserver] Computation for task exp_20260916T180210Z_lpt_short_6_0 finished
client-cluster-1    | 16-Sep-2026 18:16:49 [boincserver] Started upload of exp_20260916T180210Z_lpt_short_9_0_r838280934_0
client-cluster-1    | 16-Sep-2026 18:16:49 [boincserver] Computation for task exp_20260916T180210Z_lpt_short_11_0 finished
client-cluster-1    | 16-Sep-2026 18:16:50 [boincserver] Started upload of exp_20260916T180210Z_lpt_short_6_0_r1218750216_0
client-cluster-1    | 16-Sep-2026 18:16:51 [boincserver] Finished upload of exp_20260916T180210Z_lpt_short_9_0_r838280934_0
client-cluster-1    | 16-Sep-2026 18:16:51 [boincserver] Finished upload of exp_20260916T180210Z_lpt_short_6_0_r1218750216_0
client-cluster-1    | 16-Sep-2026 18:16:51 [boincserver] Started upload of exp_20260916T180210Z_lpt_short_11_0_r1824163694_0
client-desktop-1    | 16-Sep-2026 18:17:47 [boincserver] Computation for task exp_20260916T180210Z_lpt_long_2_0 finished
client-desktop-1    | 16-Sep-2026 18:17:49 [boincserver] Started upload of exp_20260916T180210Z_lpt_long_2_0_r1750715975_0
client-desktop-1    | 16-Sep-2026 18:17:51 [boincserver] Finished upload of exp_20260916T180210Z_lpt_long_2_0_r1750715975_0
client-desktop-1    | 16-Sep-2026 18:17:51 [boincserver] Scheduler request completed: got 0 new tasks
client-desktop-1    | 16-Sep-2026 18:17:51 [boincserver] Project has no tasks available
client-desktop-1    | 16-Sep-2026 18:17:51 [boincserver] Project requested delay of 7 seconds
client-desktop-1    | 16-Sep-2026 18:18:01 [boincserver] Sending scheduler request: To report completed tasks.
client-desktop-1    | 16-Sep-2026 18:18:01 [boincserver] Reporting 1 completed tasks
client-desktop-1    | 16-Sep-2026 18:18:01 [boincserver] Requesting new tasks for CPU
client-desktop-1    | 16-Sep-2026 18:18:03 [boincserver] Scheduler request completed: got 0 new tasks
client-desktop-1    | 16-Sep-2026 18:18:03 [boincserver] Project has no tasks available
client-cluster-2-1  | 16-Sep-2026 18:15:53 [boincserver] Starting task exp_20260916T180210Z_lpt_medium_5_0
client-cluster-2-1  | 16-Sep-2026 18:15:53 [boincserver] Starting task exp_20260916T180210Z_lpt_medium_4_0
client-cluster-2-1  | 16-Sep-2026 18:16:01 [boincserver] Sending scheduler request: To fetch work.
client-cluster-2-1  | 16-Sep-2026 18:16:01 [boincserver] Requesting new tasks for CPU
client-cluster-2-1  | 16-Sep-2026 18:16:03 [boincserver] Scheduler request completed: got 3 new tasks
client-cluster-2-1  | 16-Sep-2026 18:16:03 [boincserver] Project requested delay of 7 seconds
client-cluster-1    | 16-Sep-2026 18:16:53 [boincserver] Finished upload of exp_20260916T180210Z_lpt_short_11_0_r1824163694_0
client-cluster-1    | 16-Sep-2026 18:16:53 [boincserver] Scheduler request completed: got 3 new tasks
client-cluster-1    | 16-Sep-2026 18:16:53 [boincserver] Project requested delay of 7 seconds
client-cluster-1    | 16-Sep-2026 18:16:55 [boincserver] Elapsed time limit 50.000000 < 120.000000; setting to 43200.000000
client-desktop-1    | 16-Sep-2026 18:18:03 [boincserver] Project requested delay of 7 seconds
client-desktop-1    | 16-Sep-2026 18:18:13 [boincserver] Sending scheduler request: To fetch work.
client-desktop-1    | 16-Sep-2026 18:18:13 [boincserver] Requesting new tasks for CPU
client-desktop-1    | 16-Sep-2026 18:18:25 [boincserver] Scheduler request completed: got 0 new tasks
client-cluster-1    | 16-Sep-2026 18:16:55 [boincserver] Elapsed time limit 50.000000 < 120.000000; setting to 43200.000000
client-cluster-1    | 16-Sep-2026 18:16:55 [boincserver] Starting task exp_20260916T180210Z_lpt_short_16_0
client-cluster-1    | 16-Sep-2026 18:16:55 [boincserver] Starting task exp_20260916T180210Z_lpt_short_17_0
client-cluster-1    | 16-Sep-2026 18:16:56 [boincserver] Computation for task exp_20260916T180210Z_lpt_short_12_0 finished
client-cluster-2-1  | 16-Sep-2026 18:16:13 [boincserver] Sending scheduler request: To fetch work.
client-cluster-2-1  | 16-Sep-2026 18:16:13 [boincserver] Requesting new tasks for CPU
client-cluster-2-1  | 16-Sep-2026 18:16:15 [boincserver] Scheduler request completed: got 0 new tasks
client-cluster-2-1  | 16-Sep-2026 18:16:15 [boincserver] No tasks sent
client-desktop-1    | 16-Sep-2026 18:18:25 [boincserver] Project has no tasks available
client-desktop-1    | 16-Sep-2026 18:18:25 [boincserver] Project requested delay of 7 seconds
client-cluster-1    | 16-Sep-2026 18:16:56 [boincserver] Elapsed time limit 50.000000 < 120.000000; setting to 43200.000000
client-cluster-2-1  | 16-Sep-2026 18:16:15 [boincserver] This computer has reached a limit on tasks in progress
client-cluster-2-1  | 16-Sep-2026 18:16:15 [boincserver] Project requested delay of 7 seconds
client-cluster-1    | 16-Sep-2026 18:16:56 [boincserver] Starting task exp_20260916T180210Z_lpt_short_18_0
client-cluster-1    | 16-Sep-2026 18:16:58 [boincserver] Started upload of exp_20260916T180210Z_lpt_short_12_0_r1520384698_0
client-cluster-1    | 16-Sep-2026 18:17:00 [boincserver] Finished upload of exp_20260916T180210Z_lpt_short_12_0_r1520384698_0
client-cluster-1    | 16-Sep-2026 18:17:13 [boincserver] Computation for task exp_20260916T180210Z_lpt_short_16_0 finished
client-cluster-2-1  | 16-Sep-2026 18:16:35 [boincserver] Computation for task exp_20260916T180210Z_lpt_medium_3_0 finished
client-cluster-2-1  | 16-Sep-2026 18:16:35 [boincserver] Starting task exp_20260916T180210Z_lpt_medium_6_0
client-cluster-2-1  | 16-Sep-2026 18:16:36 [boincserver] Computation for task exp_20260916T180210Z_lpt_medium_5_0 finished
client-cluster-2-1  | 16-Sep-2026 18:16:36 [boincserver] Elapsed time limit 50.000000 < 120.000000; setting to 43200.000000
client-cluster-2-1  | 16-Sep-2026 18:16:36 [boincserver] Starting task exp_20260916T180210Z_lpt_short_3_0
client-cluster-2-1  | 16-Sep-2026 18:16:37 [boincserver] Started upload of exp_20260916T180210Z_lpt_medium_3_0_r530873993_0
client-cluster-2-1  | 16-Sep-2026 18:16:37 [boincserver] Computation for task exp_20260916T180210Z_lpt_medium_4_0 finished
client-cluster-2-1  | 16-Sep-2026 18:16:37 [boincserver] Elapsed time limit 50.000000 < 120.000000; setting to 43200.000000
client-cluster-2-1  | 16-Sep-2026 18:16:37 [boincserver] Starting task exp_20260916T180210Z_lpt_short_4_0
client-cluster-2-1  | 16-Sep-2026 18:16:38 [boincserver] Started upload of exp_20260916T180210Z_lpt_medium_5_0_r1208133851_0
client-cluster-2-1  | 16-Sep-2026 18:16:39 [boincserver] Finished upload of exp_20260916T180210Z_lpt_medium_3_0_r530873993_0
client-cluster-2-1  | 16-Sep-2026 18:16:39 [boincserver] Finished upload of exp_20260916T180210Z_lpt_medium_5_0_r1208133851_0
client-cluster-2-1  | 16-Sep-2026 18:16:39 [boincserver] Started upload of exp_20260916T180210Z_lpt_medium_4_0_r1082279982_0
client-cluster-2-1  | 16-Sep-2026 18:16:41 [boincserver] Finished upload of exp_20260916T180210Z_lpt_medium_4_0_r1082279982_0
client-cluster-2-1  | 16-Sep-2026 18:16:42 [boincserver] Sending scheduler request: To report completed tasks.
client-cluster-1    | 16-Sep-2026 18:17:13 [boincserver] Sending scheduler request: To report completed tasks.
client-cluster-1    | 16-Sep-2026 18:17:13 [boincserver] Reporting 4 completed tasks
client-cluster-1    | 16-Sep-2026 18:17:13 [boincserver] Requesting new tasks for CPU
client-cluster-1    | 16-Sep-2026 18:17:14 [boincserver] Computation for task exp_20260916T180210Z_lpt_short_17_0 finished
client-cluster-1    | 16-Sep-2026 18:17:15 [boincserver] Started upload of exp_20260916T180210Z_lpt_short_16_0_r1385246971_0
client-cluster-1    | 16-Sep-2026 18:17:15 [boincserver] Computation for task exp_20260916T180210Z_lpt_short_18_0 finished
client-cluster-1    | 16-Sep-2026 18:17:15 [boincserver] Scheduler request completed: got 0 new tasks
client-cluster-1    | 16-Sep-2026 18:17:15 [boincserver] Project has no tasks available
client-cluster-2-1  | 16-Sep-2026 18:16:42 [boincserver] Reporting 3 completed tasks
client-cluster-2-1  | 16-Sep-2026 18:16:42 [boincserver] Requesting new tasks for CPU
client-cluster-2-1  | 16-Sep-2026 18:16:44 [boincserver] Computation for task exp_20260916T180210Z_lpt_short_3_0 finished
client-cluster-2-1  | 16-Sep-2026 18:16:44 [boincserver] Elapsed time limit 50.000000 < 120.000000; setting to 43200.000000
client-cluster-2-1  | 16-Sep-2026 18:16:44 [boincserver] Starting task exp_20260916T180210Z_lpt_short_5_0
client-cluster-2-1  | 16-Sep-2026 18:16:44 [boincserver] Scheduler request completed: got 3 new tasks
client-cluster-1    | 16-Sep-2026 18:17:15 [boincserver] Project requested delay of 7 seconds
client-cluster-1    | 16-Sep-2026 18:17:16 [boincserver] Started upload of exp_20260916T180210Z_lpt_short_17_0_r1925094853_0
client-cluster-1    | 16-Sep-2026 18:17:17 [boincserver] Finished upload of exp_20260916T180210Z_lpt_short_16_0_r1385246971_0
client-cluster-1    | 16-Sep-2026 18:17:17 [boincserver] Finished upload of exp_20260916T180210Z_lpt_short_17_0_r1925094853_0
client-cluster-2-1  | 16-Sep-2026 18:16:44 [boincserver] Project requested delay of 7 seconds
client-cluster-2-1  | 16-Sep-2026 18:16:45 [boincserver] Computation for task exp_20260916T180210Z_lpt_short_4_0 finished
client-cluster-1    | 16-Sep-2026 18:17:17 [boincserver] Started upload of exp_20260916T180210Z_lpt_short_18_0_r803727057_0
client-cluster-1    | 16-Sep-2026 18:17:19 [boincserver] Finished upload of exp_20260916T180210Z_lpt_short_18_0_r803727057_0
client-cluster-1    | 16-Sep-2026 18:17:25 [boincserver] Sending scheduler request: To report completed tasks.
client-cluster-1    | 16-Sep-2026 18:17:25 [boincserver] Reporting 3 completed tasks
client-cluster-2-1  | 16-Sep-2026 18:16:46 [boincserver] Started upload of exp_20260916T180210Z_lpt_short_3_0_r1932596583_0
client-cluster-2-1  | 16-Sep-2026 18:16:46 [boincserver] Elapsed time limit 50.000000 < 120.000000; setting to 43200.000000
client-cluster-2-1  | 16-Sep-2026 18:16:46 [boincserver] Starting task exp_20260916T180210Z_lpt_short_15_0
client-cluster-2-1  | 16-Sep-2026 18:16:47 [boincserver] Started upload of exp_20260916T180210Z_lpt_short_4_0_r1429452971_0
client-cluster-2-1  | 16-Sep-2026 18:16:48 [boincserver] Finished upload of exp_20260916T180210Z_lpt_short_3_0_r1932596583_0
client-cluster-1    | 16-Sep-2026 18:17:25 [boincserver] Requesting new tasks for CPU
client-cluster-1    | 16-Sep-2026 18:17:31 [boincserver] Scheduler request completed: got 0 new tasks
client-cluster-1    | 16-Sep-2026 18:17:31 [boincserver] Project has no tasks available
client-cluster-1    | 16-Sep-2026 18:17:31 [boincserver] Project requested delay of 7 seconds
client-cluster-2-1  | 16-Sep-2026 18:16:48 [boincserver] Finished upload of exp_20260916T180210Z_lpt_short_4_0_r1429452971_0
client-cluster-2-1  | 16-Sep-2026 18:16:52 [boincserver] Computation for task exp_20260916T180210Z_lpt_short_5_0 finished
client-cluster-2-1  | 16-Sep-2026 18:16:52 [boincserver] Elapsed time limit 50.000000 < 120.000000; setting to 43200.000000
client-cluster-2-1  | 16-Sep-2026 18:16:52 [boincserver] Starting task exp_20260916T180210Z_lpt_short_14_0
client-cluster-2-1  | 16-Sep-2026 18:16:54 [boincserver] Started upload of exp_20260916T180210Z_lpt_short_5_0_r941616249_0
client-cluster-2-1  | 16-Sep-2026 18:16:54 [boincserver] Computation for task exp_20260916T180210Z_lpt_short_15_0 finished
client-cluster-2-1  | 16-Sep-2026 18:16:54 [boincserver] Elapsed time limit 50.000000 < 120.000000; setting to 43200.000000
client-cluster-2-1  | 16-Sep-2026 18:16:54 [boincserver] Starting task exp_20260916T180210Z_lpt_short_13_0
client-cluster-2-1  | 16-Sep-2026 18:16:56 [boincserver] Finished upload of exp_20260916T180210Z_lpt_short_5_0_r941616249_0
client-cluster-2-1  | 16-Sep-2026 18:16:56 [boincserver] Started upload of exp_20260916T180210Z_lpt_short_15_0_r1124339582_0
client-cluster-2-1  | 16-Sep-2026 18:16:58 [boincserver] Finished upload of exp_20260916T180210Z_lpt_short_15_0_r1124339582_0
client-cluster-2-1  | 16-Sep-2026 18:16:59 [boincserver] Sending scheduler request: To report completed tasks.
client-cluster-2-1  | 16-Sep-2026 18:16:59 [boincserver] Reporting 4 completed tasks
client-cluster-2-1  | 16-Sep-2026 18:16:59 [boincserver] Requesting new tasks for CPU
client-cluster-2-1  | 16-Sep-2026 18:17:00 [boincserver] Computation for task exp_20260916T180210Z_lpt_short_14_0 finished
client-cluster-2-1  | 16-Sep-2026 18:17:01 [boincserver] Scheduler request completed: got 0 new tasks
client-cluster-2-1  | 16-Sep-2026 18:17:01 [boincserver] Project has no tasks available
client-cluster-2-1  | 16-Sep-2026 18:17:01 [boincserver] Project requested delay of 7 seconds
client-cluster-2-1  | 16-Sep-2026 18:17:02 [boincserver] Started upload of exp_20260916T180210Z_lpt_short_14_0_r1274061281_0
client-cluster-2-1  | 16-Sep-2026 18:17:02 [boincserver] Computation for task exp_20260916T180210Z_lpt_short_13_0 finished
client-cluster-2-1  | 16-Sep-2026 18:17:04 [boincserver] Finished upload of exp_20260916T180210Z_lpt_short_14_0_r1274061281_0
client-cluster-1    | 16-Sep-2026 18:17:41 [boincserver] Sending scheduler request: To fetch work.
client-cluster-1    | 16-Sep-2026 18:17:41 [boincserver] Requesting new tasks for CPU
client-cluster-1    | 16-Sep-2026 18:17:47 [boincserver] Scheduler request completed: got 0 new tasks
client-cluster-1    | 16-Sep-2026 18:17:47 [boincserver] Project has no tasks available
client-cluster-2-1  | 16-Sep-2026 18:17:04 [boincserver] Started upload of exp_20260916T180210Z_lpt_short_13_0_r37507458_0
client-cluster-2-1  | 16-Sep-2026 18:17:06 [boincserver] Finished upload of exp_20260916T180210Z_lpt_short_13_0_r37507458_0
client-cluster-2-1  | 16-Sep-2026 18:17:08 [boincserver] Computation for task exp_20260916T180210Z_lpt_medium_6_0 finished
client-cluster-2-1  | 16-Sep-2026 18:17:10 [boincserver] Started upload of exp_20260916T180210Z_lpt_medium_6_0_r2090095959_0
client-cluster-2-1  | 16-Sep-2026 18:17:11 [boincserver] Sending scheduler request: To fetch work.
client-cluster-2-1  | 16-Sep-2026 18:17:11 [boincserver] Reporting 2 completed tasks
client-cluster-2-1  | 16-Sep-2026 18:17:11 [boincserver] Requesting new tasks for CPU
client-cluster-1    | 16-Sep-2026 18:17:47 [boincserver] Project requested delay of 7 seconds
client-cluster-1    | 16-Sep-2026 18:17:52 [boincserver] Computation for task exp_20260916T180210Z_lpt_long_6_0 finished
client-cluster-1    | 16-Sep-2026 18:18:04 [boincserver] Started upload of exp_20260916T180210Z_lpt_long_6_0_r2139750868_0
client-cluster-1    | 16-Sep-2026 18:18:06 [boincserver] Finished upload of exp_20260916T180210Z_lpt_long_6_0_r2139750868_0
client-cluster-2-1  | 16-Sep-2026 18:17:22 [boincserver] Finished upload of exp_20260916T180210Z_lpt_medium_6_0_r2090095959_0
client-cluster-2-1  | 16-Sep-2026 18:17:22 [boincserver] Scheduler request completed: got 0 new tasks
client-cluster-2-1  | 16-Sep-2026 18:17:22 [boincserver] Project has no tasks available
client-cluster-1    | 16-Sep-2026 18:18:09 [boincserver] Sending scheduler request: To report completed tasks.
client-cluster-1    | 16-Sep-2026 18:18:09 [boincserver] Reporting 1 completed tasks
client-cluster-1    | 16-Sep-2026 18:18:09 [boincserver] Requesting new tasks for CPU
client-cluster-1    | 16-Sep-2026 18:18:16 [boincserver] Scheduler request completed: got 0 new tasks
client-cluster-1    | 16-Sep-2026 18:18:16 [boincserver] Project has no tasks available
client-cluster-1    | 16-Sep-2026 18:18:16 [boincserver] Project requested delay of 7 seconds
client-cluster-1    | 16-Sep-2026 18:18:26 [boincserver] Sending scheduler request: To fetch work.
client-cluster-1    | 16-Sep-2026 18:18:26 [boincserver] Requesting new tasks for CPU
client-cluster-1    | 16-Sep-2026 18:18:28 [boincserver] Scheduler request completed: got 0 new tasks
client-cluster-1    | 16-Sep-2026 18:18:28 [boincserver] Project has no tasks available
client-cluster-1    | 16-Sep-2026 18:18:28 [boincserver] Project requested delay of 7 seconds
client-cluster-2-1  | 16-Sep-2026 18:17:22 [boincserver] Project requested delay of 7 seconds
client-cluster-2-1  | 16-Sep-2026 18:17:32 [boincserver] Sending scheduler request: To report completed tasks.
client-cluster-2-1  | 16-Sep-2026 18:17:32 [boincserver] Reporting 1 completed tasks
client-cluster-2-1  | 16-Sep-2026 18:17:32 [boincserver] Requesting new tasks for CPU
client-cluster-2-1  | 16-Sep-2026 18:17:34 [boincserver] Scheduler request completed: got 0 new tasks
client-cluster-2-1  | 16-Sep-2026 18:17:34 [boincserver] Project has no tasks available
client-cluster-2-1  | 16-Sep-2026 18:17:34 [boincserver] Project requested delay of 7 seconds
client-cluster-2-1  | 16-Sep-2026 18:17:46 [boincserver] Computation for task exp_20260916T180210Z_lpt_long_3_0 finished
client-cluster-2-1  | 16-Sep-2026 18:17:48 [boincserver] Started upload of exp_20260916T180210Z_lpt_long_3_0_r2013396051_0
client-cluster-2-1  | 16-Sep-2026 18:17:50 [boincserver] Finished upload of exp_20260916T180210Z_lpt_long_3_0_r2013396051_0
client-cluster-2-1  | 16-Sep-2026 18:17:50 [boincserver] Sending scheduler request: To report completed tasks.
client-cluster-2-1  | 16-Sep-2026 18:17:50 [boincserver] Reporting 1 completed tasks
client-cluster-2-1  | 16-Sep-2026 18:17:50 [boincserver] Requesting new tasks for CPU
client-cluster-2-1  | 16-Sep-2026 18:17:52 [boincserver] Scheduler request completed: got 0 new tasks
client-cluster-2-1  | 16-Sep-2026 18:17:52 [boincserver] Project has no tasks available
client-cluster-2-1  | 16-Sep-2026 18:17:52 [boincserver] Project requested delay of 7 seconds
client-cluster-2-1  | 16-Sep-2026 18:18:02 [boincserver] Sending scheduler request: To fetch work.
client-cluster-2-1  | 16-Sep-2026 18:18:02 [boincserver] Requesting new tasks for CPU
client-cluster-2-1  | 16-Sep-2026 18:18:14 [boincserver] Scheduler request completed: got 0 new tasks
client-cluster-2-1  | 16-Sep-2026 18:18:14 [boincserver] Project has no tasks available
client-cluster-2-1  | 16-Sep-2026 18:18:14 [boincserver] Project requested delay of 7 seconds
