apache-1  | /usr/lib/python2.7/dist-packages/supervisor/options.py:461: UserWarning: Supervisord is running as root and it is searching for its configuration file in default locations (including its current working directory); you probably want to specify a "-c" argument specifying an absolute path to a configuration file for improved security.
apache-1            |   'Supervisord is running as root and it is searching '
apache-1            | 2026-09-16 17:18:24,145 CRIT Supervisor is running as root.  Privileges were not dropped because no user is specified in the config file.  If you intend to run as root, you can set user=root in the config file to avoid this message.
apache-1            | 2026-09-16 17:18:24,145 INFO Included extra file "/etc/supervisor/conf.d/supervisord.conf" during parsing
apache-1            | 2026-09-16 17:18:24,150 INFO RPC interface 'supervisor' initialized
apache-1            | 2026-09-16 17:18:24,150 CRIT Server 'unix_http_server' running without any HTTP authentication checking
apache-1            | 2026-09-16 17:18:24,150 INFO supervisord started with pid 1
apache-1            | 2026-09-16 17:18:25,152 INFO spawned: 'cron' with pid 9
apache-1            | 2026-09-16 17:18:25,153 INFO spawned: 'start' with pid 10
apache-1            | 2026-09-16 17:18:25,153 INFO spawned: 'rsyslogd' with pid 11
apache-1            | 2026-09-16 17:18:25,154 INFO spawned: 'apache2' with pid 12
apache-1            | 2026-09-16 17:18:27,123 INFO success: cron entered RUNNING state, process has stayed up for > than 1 seconds (startsecs)
apache-1            | 2026-09-16 17:18:27,123 INFO success: start entered RUNNING state, process has stayed up for > than 1 seconds (startsecs)
apache-1            | 2026-09-16 17:18:27,123 INFO success: rsyslogd entered RUNNING state, process has stayed up for > than 1 seconds (startsecs)
client-desktop-1    | 16-Sep-2026 17:20:18 [---] Starting BOINC client version 7.20.5 for aarch64-unknown-linux-gnu
client-cluster-2-1  | 16-Sep-2026 17:20:18 [---] Starting BOINC client version 7.20.5 for aarch64-unknown-linux-gnu
client-low-power-1  | 16-Sep-2026 17:20:18 [---] Starting BOINC client version 7.20.5 for aarch64-unknown-linux-gnu
client-low-power-1  | 16-Sep-2026 17:20:18 [---] This a development version of BOINC and may not function properly
client-low-power-1  | 16-Sep-2026 17:20:18 [---] log flags: file_xfer, sched_ops, task
client-phone-1  | 16-Sep-2026 17:20:23 [---] Starting BOINC client version 7.20.5 for aarch64-unknown-linux-gnu
client-phone-1      | 16-Sep-2026 17:20:23 [---] This a development version of BOINC and may not function properly
client-low-power-1  | 16-Sep-2026 17:20:18 [---] Libraries: libcurl/7.88.1 OpenSSL/3.0.20 zlib/1.2.13 brotli/1.0.9 zstd/1.5.4 libidn2/2.3.3 libpsl/0.21.2 (+libidn2/2.3.3) libssh2/1.10.0 nghttp2/1.52.0 librtmp/2.3 OpenLDAP/2.5.13
client-low-power-1  | 16-Sep-2026 17:20:18 [---] Data directory: /var/lib/boinc-client
client-low-power-1  | 16-Sep-2026 17:20:18 [---] No usable GPUs found
client-low-power-1  | 16-Sep-2026 17:20:18 [---] Creating new client state file
client-low-power-1  | 16-Sep-2026 17:20:18 [---] libc:  version 2.36
apache-1            | 2026-09-16 17:18:27,123 INFO success: apache2 entered RUNNING state, process has stayed up for > than 1 seconds (startsecs)
apache-1            | 2026-09-16 17:18:45,641 INFO reaped unknown pid 69
apache-1            | 2026-09-16 17:18:45,641 INFO reaped unknown pid 71
apache-1            | 2026-09-16 17:18:45,641 INFO reaped unknown pid 73
apache-1            | 2026-09-16 17:18:56,247 INFO reaped unknown pid 72
apache-1            | 2026-09-16 17:18:56,247 INFO reaped unknown pid 74
makeproject-1       | Updating project files in data volume...
makeproject-1       | Waiting for MySQL server to start...
makeproject-1       | Creating database...
makeproject-1       | added platform: (create_time, name, user_friendly_name) values (1789579114, 'windows_intelx86', 'Microsoft Windows (98 or later) running on an Intel x86-compatible CPU')
makeproject-1       | added platform: (create_time, name, user_friendly_name) values (1789579114, 'windows_x86_64', 'Microsoft Windows running on an AMD x86_64 or Intel EM64T CPU')
makeproject-1       | added platform: (create_time, name, user_friendly_name) values (1789579114, 'windows_arm64', 'Microsoft Windows running on ARM 64-bit')
makeproject-1       | added platform: (create_time, name, user_friendly_name) values (1789579114, 'i686-pc-linux-gnu', 'Linux running on an Intel x86-compatible CPU')
makeproject-1       | added platform: (create_time, name, user_friendly_name) values (1789579114, 'x86_64-pc-linux-gnu', 'Linux running on an AMD x86_64 or Intel EM64T CPU')
makeproject-1       | added platform: (create_time, name, user_friendly_name) values (1789579114, 'powerpc-apple-darwin', 'Mac OS X 10.3 or later running on Motorola PowerPC')
makeproject-1       | added platform: (create_time, name, user_friendly_name) values (1789579114, 'i686-apple-darwin', 'Mac OS 10.4 or later running on Intel')
client-cluster-2-1  | 16-Sep-2026 17:20:18 [---] This a development version of BOINC and may not function properly
client-cluster-2-1  | 16-Sep-2026 17:20:18 [---] log flags: file_xfer, sched_ops, task
client-phone-1      | 16-Sep-2026 17:20:23 [---] log flags: file_xfer, sched_ops, task
client-phone-1      | 16-Sep-2026 17:20:23 [---] Libraries: libcurl/7.88.1 OpenSSL/3.0.20 zlib/1.2.13 brotli/1.0.9 zstd/1.5.4 libidn2/2.3.3 libpsl/0.21.2 (+libidn2/2.3.3) libssh2/1.10.0 nghttp2/1.52.0 librtmp/2.3 OpenLDAP/2.5.13
client-phone-1      | 16-Sep-2026 17:20:23 [---] Data directory: /var/lib/boinc-client
client-phone-1      | 16-Sep-2026 17:20:23 [---] No usable GPUs found
apache-1            | 2026-09-16 17:18:56,248 INFO reaped unknown pid 70
apache-1            | 2026-09-16 17:19:04,458 INFO reaped unknown pid 159
apache-1            | 2026-09-16 17:19:04,459 INFO reaped unknown pid 161
makeproject-1       | added platform: (create_time, name, user_friendly_name) values (1789579114, 'x86_64-apple-darwin', 'Intel 64-bit Mac OS 10.5 or later')
makeproject-1       | added platform: (create_time, name, user_friendly_name) values (1789579114, 'arm64-apple-darwin', 'Mac OS running on ARM')
makeproject-1       | added platform: (create_time, name, user_friendly_name) values (1789579114, 'sparc-sun-solaris2.7', 'Solaris 2.7 running on a SPARC-compatible CPU')
makeproject-1       | added platform: (create_time, name, user_friendly_name) values (1789579114, 'sparc-sun-solaris', 'Solaris 2.8 or later running on a SPARC-compatible CPU')
makeproject-1       | added platform: (create_time, name, user_friendly_name) values (1789579114, 'sparc64-sun-solaris', 'Solaris 2.8 or later running on a SPARC 64-bit CPU')
makeproject-1       | added platform: (create_time, name, user_friendly_name) values (1789579114, 'powerpc64-ps3-linux-gnu', 'Sony Playstation 3 running Linux')
makeproject-1       | added platform: (create_time, name, user_friendly_name) values (1789579114, 'arm-android-linux-gnu', 'Android running on ARM armeabi-v7a')
makeproject-1       | added platform: (create_time, name, user_friendly_name) values (1789579114, 'aarch64-android-linux-gnu', 'Android running on ARM 64-bit arm64-v8a')
makeproject-1       | added platform: (create_time, name, user_friendly_name) values (1789579114, 'x86_64-android-linux-gnu', 'Android running on Intel x64 compatible')
makeproject-1       | added platform: (create_time, name, user_friendly_name) values (1789579114, 'x86-android-linux-gnu', 'Android running on Intel x86 compatible')
makeproject-1       | added platform: (create_time, name, user_friendly_name) values (1789579114, 'arm-unknown-linux-gnueabihf', 'Linux running on ARM, hardware FP')
makeproject-1       | added platform: (create_time, name, user_friendly_name) values (1789579114, 'aarch64-unknown-linux-gnu', 'Linux running on ARM64')
makeproject-1       | added platform: (create_time, name, user_friendly_name) values (1789579114, 'anonymous', 'anonymous')
makeproject-1       | 
client-cluster-1    | 16-Sep-2026 17:20:18 [---] Starting BOINC client version 7.20.5 for aarch64-unknown-linux-gnu
client-cluster-1    | 16-Sep-2026 17:20:18 [---] This a development version of BOINC and may not function properly
client-cluster-1    | 16-Sep-2026 17:20:18 [---] log flags: file_xfer, sched_ops, task
client-cluster-1    | 16-Sep-2026 17:20:18 [---] Libraries: libcurl/7.88.1 OpenSSL/3.0.20 zlib/1.2.13 brotli/1.0.9 zstd/1.5.4 libidn2/2.3.3 libpsl/0.21.2 (+libidn2/2.3.3) libssh2/1.10.0 nghttp2/1.52.0 librtmp/2.3 OpenLDAP/2.5.13
client-cluster-1    | 16-Sep-2026 17:20:18 [---] Data directory: /var/lib/boinc-client
client-cluster-1    | 16-Sep-2026 17:20:18 [---] No usable GPUs found
client-cluster-1    | 16-Sep-2026 17:20:18 [---] Creating new client state file
client-low-power-1  | 16-Sep-2026 17:20:18 [---] Host name: low-power-01
client-low-power-1  | 16-Sep-2026 17:20:18 [---] Processor: 1 ARM  [Impl 0x61 Arch 8 Variant 0x0 Part 0x000 Rev 0]
client-cluster-1    | 16-Sep-2026 17:20:18 [---] libc:  version 2.36
client-cluster-1    | 16-Sep-2026 17:20:18 [---] Host name: cluster-01
client-cluster-1    | 16-Sep-2026 17:20:18 [---] Processor: 4 ARM  [Impl 0x61 Arch 8 Variant 0x0 Part 0x000 Rev 0]
client-cluster-1    | 16-Sep-2026 17:20:18 [---] Processor features: fp asimd evtstrm aes pmull sha1 sha2 crc32 atomics fphp asimdhp cpuid asimdrdm jscvt fcma lrcpc dcpop sha3 asimddp sha512 asimdfhm dit uscat ilrcpc flagm sb paca pacg dcpodp flagm2 frint i8mm bf16 bti afp
client-cluster-1    | 16-Sep-2026 17:20:18 [---] OS: Linux Debian GNU/Linux: Debian GNU/Linux 12 (bookworm) [6.8.0-100-generic|libc 2.36]
client-cluster-1    | 16-Sep-2026 17:20:18 [---] Memory: 9.69 GB physical, 0 bytes virtual
client-cluster-1    | 16-Sep-2026 17:20:18 [---] Disk: 18.33 GB total, 15.55 GB free
client-cluster-1    | 16-Sep-2026 17:20:18 [---] Local time is UTC +0 hours
client-cluster-1    | 16-Sep-2026 17:20:18 [---] Config: GUI RPC allowed from any host
client-cluster-1    | 16-Sep-2026 17:20:18 [---] Config: simulate 4 CPUs
client-cluster-1    | 16-Sep-2026 17:20:18 [---] Config: report completed tasks immediately
client-cluster-1    | 16-Sep-2026 17:20:18 [---] No general preferences found - using defaults
client-cluster-1    | 16-Sep-2026 17:20:18 [---] Reading preferences override file
client-cluster-1    | 16-Sep-2026 17:20:18 [---] Preferences:
client-cluster-1    | 16-Sep-2026 17:20:18 [---]    max memory usage when active: 8929.14 MB
client-low-power-1  | 16-Sep-2026 17:20:18 [---] Processor features: fp asimd evtstrm aes pmull sha1 sha2 crc32 atomics fphp asimdhp cpuid asimdrdm jscvt fcma lrcpc dcpop sha3 asimddp sha512 asimdfhm dit uscat ilrcpc flagm sb paca pacg dcpodp flagm2 frint i8mm bf16 bti afp
client-low-power-1  | 16-Sep-2026 17:20:18 [---] OS: Linux Debian GNU/Linux: Debian GNU/Linux 12 (bookworm) [6.8.0-100-generic|libc 2.36]
client-low-power-1  | 16-Sep-2026 17:20:18 [---] Memory: 9.69 GB physical, 0 bytes virtual
apache-1            | 2026-09-16 17:19:04,459 INFO reaped unknown pid 163
apache-1            | 2026-09-16 17:19:04,459 INFO reaped unknown pid 165
apache-1            | 2026-09-16 17:19:04,459 INFO reaped unknown pid 167
apache-1            | 2026-09-16 17:20:01,195 INFO reaped unknown pid 222
client-desktop-1    | 16-Sep-2026 17:20:18 [---] This a development version of BOINC and may not function properly
client-desktop-1    | 16-Sep-2026 17:20:18 [---] log flags: file_xfer, sched_ops, task
client-desktop-1    | 16-Sep-2026 17:20:18 [---] Libraries: libcurl/7.88.1 OpenSSL/3.0.20 zlib/1.2.13 brotli/1.0.9 zstd/1.5.4 libidn2/2.3.3 libpsl/0.21.2 (+libidn2/2.3.3) libssh2/1.10.0 nghttp2/1.52.0 librtmp/2.3 OpenLDAP/2.5.13
client-low-power-1  | 16-Sep-2026 17:20:18 [---] Disk: 18.33 GB total, 15.55 GB free
client-low-power-1  | 16-Sep-2026 17:20:18 [---] Local time is UTC +0 hours
client-low-power-1  | 16-Sep-2026 17:20:18 [---] Config: GUI RPC allowed from any host
client-cluster-1    | 16-Sep-2026 17:20:18 [---]    max memory usage when idle: 8929.14 MB
client-cluster-1    | dir_open: Could not open directory 'slots' from '/var/lib/boinc-client'.
client-cluster-1    | 16-Sep-2026 17:20:18 [---]    max disk usage: 2.00 GB
client-cluster-1    | 16-Sep-2026 17:20:18 [---]    don't use GPU while active
client-cluster-1    | 16-Sep-2026 17:20:18 [---]    suspend work if non-BOINC CPU load exceeds 25%
client-cluster-1    | 16-Sep-2026 17:20:18 [---]    (to change preferences, visit a project web site or select Preferences in the Manager)
client-cluster-1    | 16-Sep-2026 17:20:18 [---] Setting up project and slot directories
client-phone-1      | 16-Sep-2026 17:20:23 [---] Creating new client state file
client-phone-1      | 16-Sep-2026 17:20:23 [---] libc:  version 2.36
client-phone-1      | 16-Sep-2026 17:20:23 [---] Host name: phone-01
client-phone-2-1    | 16-Sep-2026 17:20:23 [---] Starting BOINC client version 7.20.5 for aarch64-unknown-linux-gnu
client-phone-2-1    | 16-Sep-2026 17:20:23 [---] This a development version of BOINC and may not function properly
client-phone-2-1    | 16-Sep-2026 17:20:23 [---] log flags: file_xfer, sched_ops, task
client-low-power-1  | 16-Sep-2026 17:20:18 [---] Config: simulate 1 CPUs
client-low-power-1  | 16-Sep-2026 17:20:18 [---] Config: report completed tasks immediately
client-low-power-1  | 16-Sep-2026 17:20:18 [---] No general preferences found - using defaults
client-low-power-1  | 16-Sep-2026 17:20:18 [---] Reading preferences override file
client-low-power-1  | 16-Sep-2026 17:20:18 [---] Preferences:
client-low-power-1  | 16-Sep-2026 17:20:18 [---]    max memory usage when active: 8929.14 MB
client-cluster-2-1  | 16-Sep-2026 17:20:18 [---] Libraries: libcurl/7.88.1 OpenSSL/3.0.20 zlib/1.2.13 brotli/1.0.9 zstd/1.5.4 libidn2/2.3.3 libpsl/0.21.2 (+libidn2/2.3.3) libssh2/1.10.0 nghttp2/1.52.0 librtmp/2.3 OpenLDAP/2.5.13
client-cluster-2-1  | 16-Sep-2026 17:20:18 [---] Data directory: /var/lib/boinc-client
client-cluster-1    | 16-Sep-2026 17:20:18 [---] Checking active tasks
client-cluster-1    | 16-Sep-2026 17:20:18 [---] Setting up GUI RPC socket
client-cluster-1    | 16-Sep-2026 17:20:18 [---] Checking presence of 0 project files
client-cluster-1    | 16-Sep-2026 17:20:18 [---] This computer is not attached to any projects
client-desktop-1    | 16-Sep-2026 17:20:18 [---] Data directory: /var/lib/boinc-client
client-desktop-1    | 16-Sep-2026 17:20:18 [---] No usable GPUs found
client-desktop-1    | 16-Sep-2026 17:20:18 [---] Creating new client state file
client-desktop-1    | 16-Sep-2026 17:20:18 [---] libc:  version 2.36
client-desktop-1    | 16-Sep-2026 17:20:18 [---] Host name: desktop-01
client-phone-1      | 16-Sep-2026 17:20:23 [---] Processor: 1 ARM  [Impl 0x61 Arch 8 Variant 0x0 Part 0x000 Rev 0]
client-phone-1      | 16-Sep-2026 17:20:23 [---] Processor features: fp asimd evtstrm aes pmull sha1 sha2 crc32 atomics fphp asimdhp cpuid asimdrdm jscvt fcma lrcpc dcpop sha3 asimddp sha512 asimdfhm dit uscat ilrcpc flagm sb paca pacg dcpodp flagm2 frint i8mm bf16 bti afp
client-phone-1      | 16-Sep-2026 17:20:23 [---] OS: Linux Debian GNU/Linux: Debian GNU/Linux 12 (bookworm) [6.8.0-100-generic|libc 2.36]
client-phone-1      | 16-Sep-2026 17:20:23 [---] Memory: 9.69 GB physical, 0 bytes virtual
client-cluster-1    | 16-Sep-2026 17:20:18 Initialization completed
client-cluster-1    | dir_open: Could not open directory 'projects/boincserver.local_boincserver' from '/var/lib/boinc-client'.
apache-1            | 2026-09-16 17:20:01,307 INFO reaped unknown pid 224
apache-1            | 2026-09-16 17:20:01,409 INFO reaped unknown pid 226
apache-1            | 2026-09-16 17:20:01,512 INFO reaped unknown pid 228
client-phone-1      | 16-Sep-2026 17:20:23 [---] Disk: 18.33 GB total, 15.55 GB free
client-phone-1      | 16-Sep-2026 17:20:23 [---] Local time is UTC +0 hours
client-phone-1      | 16-Sep-2026 17:20:23 [---] Config: GUI RPC allowed from any host
client-phone-1      | 16-Sep-2026 17:20:23 [---] Config: simulate 1 CPUs
client-low-power-1  | 16-Sep-2026 17:20:18 [---]    max memory usage when idle: 8929.14 MB
client-low-power-1  | 16-Sep-2026 17:20:18 [---]    max disk usage: 2.00 GB
client-low-power-1  | 16-Sep-2026 17:20:18 [---]    don't use GPU while active
apache-1            | 2026-09-16 17:20:01,619 INFO reaped unknown pid 230
apache-1            | 2026-09-16 17:20:02,666 INFO reaped unknown pid 221
apache-1            | 2026-09-16 17:20:02,666 INFO reaped unknown pid 223
apache-1            | 2026-09-16 17:20:02,666 INFO reaped unknown pid 225
apache-1            | 2026-09-16 17:20:02,666 INFO reaped unknown pid 227
apache-1            | 2026-09-16 17:20:02,666 INFO reaped unknown pid 229
apache-1            | 2026-09-16 17:20:02,666 INFO reaped unknown pid 231
apache-1            | 2026-09-16 17:20:02,666 INFO reaped unknown pid 232
apache-1            | 2026-09-16 17:20:02,666 INFO reaped unknown pid 236
apache-1            | 2026-09-16 17:20:02,666 INFO reaped unknown pid 238
apache-1            | 2026-09-16 17:20:02,666 INFO reaped unknown pid 245
apache-1            | 2026-09-16 17:20:02,667 INFO reaped unknown pid 247
apache-1            | 2026-09-16 17:20:07,180 INFO reaped unknown pid 239
apache-1            | 2026-09-16 17:20:07,284 INFO reaped unknown pid 241
client-low-power-1  | 16-Sep-2026 17:20:18 [---]    suspend work if non-BOINC CPU load exceeds 25%
client-low-power-1  | 16-Sep-2026 17:20:18 [---]    (to change preferences, visit a project web site or select Preferences in the Manager)
client-low-power-1  | 16-Sep-2026 17:20:18 [---] Setting up project and slot directories
client-low-power-1  | 16-Sep-2026 17:20:18 [---] Checking active tasks
client-low-power-1  | 16-Sep-2026 17:20:18 [---] Setting up GUI RPC socket
client-low-power-1  | 16-Sep-2026 17:20:18 [---] Checking presence of 0 project files
client-low-power-1  | 16-Sep-2026 17:20:18 [---] This computer is not attached to any projects
client-low-power-1  | 16-Sep-2026 17:20:18 Initialization completed
client-low-power-1  | dir_open: Could not open directory 'slots' from '/var/lib/boinc-client'.
client-low-power-1  | dir_open: Could not open directory 'projects/boincserver.local_boincserver' from '/var/lib/boinc-client'.
client-low-power-1  | 16-Sep-2026 17:20:19 [---] No general preferences found - using defaults
client-low-power-1  | 16-Sep-2026 17:20:19 [---] Reading preferences override file
client-low-power-1  | 16-Sep-2026 17:20:19 [---] Preferences:
client-low-power-1  | 16-Sep-2026 17:20:19 [---]    max memory usage when active: 8929.14 MB
client-low-power-1  | 16-Sep-2026 17:20:19 [---]    max memory usage when idle: 8929.14 MB
client-low-power-1  | 16-Sep-2026 17:20:19 [---]    max disk usage: 2.00 GB
client-low-power-1  | 16-Sep-2026 17:20:19 [---]    don't use GPU while active
client-cluster-2-1  | 16-Sep-2026 17:20:18 [---] No usable GPUs found
client-cluster-2-1  | 16-Sep-2026 17:20:18 [---] Creating new client state file
client-cluster-1    | 16-Sep-2026 17:20:19 [---] No general preferences found - using defaults
client-cluster-1    | 16-Sep-2026 17:20:19 [---] Reading preferences override file
client-cluster-1    | 16-Sep-2026 17:20:19 [---] Preferences:
apache-1            | 2026-09-16 17:20:07,391 INFO reaped unknown pid 243
apache-1            | 2026-09-16 17:25:01,720 INFO reaped unknown pid 752
client-phone-1      | 16-Sep-2026 17:20:23 [---] Config: report completed tasks immediately
client-phone-1      | 16-Sep-2026 17:20:23 [---] No general preferences found - using defaults
client-phone-1      | 16-Sep-2026 17:20:23 [---] Reading preferences override file
client-phone-1      | 16-Sep-2026 17:20:23 [---] Preferences:
client-cluster-1    | 16-Sep-2026 17:20:19 [---]    max memory usage when active: 8929.14 MB
client-cluster-1    | 16-Sep-2026 17:20:19 [---]    max memory usage when idle: 8929.14 MB
client-cluster-1    | 16-Sep-2026 17:20:19 [---]    max disk usage: 2.00 GB
client-cluster-1    | 16-Sep-2026 17:20:19 [---]    don't use GPU while active
client-cluster-1    | 16-Sep-2026 17:20:19 [---]    suspend work if non-BOINC CPU load exceeds 25%
client-cluster-1    | 16-Sep-2026 17:20:19 [---]    (to change preferences, visit a project web site or select Preferences in the Manager)
client-cluster-1    | 16-Sep-2026 17:20:23 [http://boincserver.local/boincserver/] Fetching scheduler list
client-cluster-1    | 16-Sep-2026 17:20:25 [http://boincserver.local/boincserver/] Master file download succeeded
client-cluster-1    | 16-Sep-2026 17:20:30 [http://boincserver.local/boincserver/] Sending scheduler request: Project initialization.
client-cluster-1    | 16-Sep-2026 17:20:30 [http://boincserver.local/boincserver/] Requesting new tasks for CPU
client-cluster-1    | 16-Sep-2026 17:20:32 [boincserver] Scheduler request completed: got 1 new tasks
apache-1            | 2026-09-16 17:25:01,830 INFO reaped unknown pid 754
apache-1            | 2026-09-16 17:25:01,926 INFO reaped unknown pid 756
mysql-1   | Initializing database
mysql-1             | 
mysql-1             | 
client-low-power-1  | 16-Sep-2026 17:20:19 [---]    suspend work if non-BOINC CPU load exceeds 25%
client-low-power-1  | 16-Sep-2026 17:20:19 [---]    (to change preferences, visit a project web site or select Preferences in the Manager)
client-low-power-1  | 16-Sep-2026 17:20:23 [http://boincserver.local/boincserver/] Fetching scheduler list
client-low-power-1  | 16-Sep-2026 17:20:25 [http://boincserver.local/boincserver/] Master file download succeeded
client-low-power-1  | 16-Sep-2026 17:20:30 [http://boincserver.local/boincserver/] Sending scheduler request: Project initialization.
client-low-power-1  | 16-Sep-2026 17:20:30 [http://boincserver.local/boincserver/] Requesting new tasks for CPU
client-low-power-1  | 16-Sep-2026 17:20:32 [boincserver] Scheduler request completed: got 1 new tasks
client-low-power-1  | 16-Sep-2026 17:20:32 [boincserver] Project requested delay of 7 seconds
client-low-power-1  | 16-Sep-2026 17:20:34 [boincserver] Started download of hybrid_synthetic_1.0_aarch64-unknown-linux-gnu
client-low-power-1  | 16-Sep-2026 17:20:34 [boincserver] Started download of hybrid_synthetic_input.txt
client-desktop-1    | 16-Sep-2026 17:20:18 [---] Processor: 2 ARM  [Impl 0x61 Arch 8 Variant 0x0 Part 0x000 Rev 0]
client-desktop-1    | 16-Sep-2026 17:20:18 [---] Processor features: fp asimd evtstrm aes pmull sha1 sha2 crc32 atomics fphp asimdhp cpuid asimdrdm jscvt fcma lrcpc dcpop sha3 asimddp sha512 asimdfhm dit uscat ilrcpc flagm sb paca pacg dcpodp flagm2 frint i8mm bf16 bti afp
client-desktop-1    | 16-Sep-2026 17:20:18 [---] OS: Linux Debian GNU/Linux: Debian GNU/Linux 12 (bookworm) [6.8.0-100-generic|libc 2.36]
client-desktop-1    | 16-Sep-2026 17:20:18 [---] Memory: 9.69 GB physical, 0 bytes virtual
mysql-1             | PLEASE REMEMBER TO SET A PASSWORD FOR THE MariaDB root USER !
mysql-1             | To do so, start the server, then issue the following commands:
mysql-1             | 
mysql-1             | '/usr/bin/mysqladmin' -u root password 'new-password'
mysql-1             | '/usr/bin/mysqladmin' -u root -h  password 'new-password'
mysql-1             | 
mysql-1             | Alternatively you can run:
mysql-1             | '/usr/bin/mysql_secure_installation'
client-desktop-1    | 16-Sep-2026 17:20:18 [---] Disk: 18.33 GB total, 15.55 GB free
client-desktop-1    | 16-Sep-2026 17:20:18 [---] Local time is UTC +0 hours
client-low-power-1  | 16-Sep-2026 17:20:36 [boincserver] Finished download of hybrid_synthetic_1.0_aarch64-unknown-linux-gnu
client-low-power-1  | 16-Sep-2026 17:20:36 [boincserver] Finished download of hybrid_synthetic_input.txt
client-low-power-1  | 16-Sep-2026 17:20:36 [boincserver] Starting task exp_20260916T165346Z_hybrid_medium_1_0
client-low-power-1  | 16-Sep-2026 17:20:42 [boincserver] Sending scheduler request: To fetch work.
client-low-power-1  | 16-Sep-2026 17:20:42 [boincserver] Requesting new tasks for CPU
client-cluster-2-1  | 16-Sep-2026 17:20:18 [---] libc:  version 2.36
client-cluster-2-1  | 16-Sep-2026 17:20:18 [---] Host name: cluster-02
client-cluster-2-1  | 16-Sep-2026 17:20:18 [---] Processor: 4 ARM  [Impl 0x61 Arch 8 Variant 0x0 Part 0x000 Rev 0]
client-desktop-1    | 16-Sep-2026 17:20:18 [---] Config: GUI RPC allowed from any host
apache-1            | 2026-09-16 17:25:02,030 INFO reaped unknown pid 758
client-low-power-1  | 16-Sep-2026 17:20:44 [boincserver] Scheduler request completed: got 1 new tasks
client-low-power-1  | 16-Sep-2026 17:20:44 [boincserver] Project requested delay of 7 seconds
client-cluster-1    | 16-Sep-2026 17:20:32 [boincserver] Project requested delay of 7 seconds
client-cluster-1    | 16-Sep-2026 17:20:34 [boincserver] Started download of hybrid_synthetic_1.0_aarch64-unknown-linux-gnu
client-cluster-1    | 16-Sep-2026 17:20:34 [boincserver] Started download of hybrid_synthetic_input.txt
client-cluster-1    | 16-Sep-2026 17:20:36 [boincserver] Finished download of hybrid_synthetic_1.0_aarch64-unknown-linux-gnu
client-desktop-1    | 16-Sep-2026 17:20:18 [---] Config: simulate 2 CPUs
client-desktop-1    | 16-Sep-2026 17:20:18 [---] Config: report completed tasks immediately
client-desktop-1    | 16-Sep-2026 17:20:18 [---] No general preferences found - using defaults
client-desktop-1    | 16-Sep-2026 17:20:18 [---] Reading preferences override file
client-desktop-1    | 16-Sep-2026 17:20:18 [---] Preferences:
client-desktop-1    | 16-Sep-2026 17:20:18 [---]    max memory usage when active: 8929.14 MB
client-cluster-1    | 16-Sep-2026 17:20:36 [boincserver] Finished download of hybrid_synthetic_input.txt
client-cluster-1    | 16-Sep-2026 17:20:36 [boincserver] Starting task exp_20260916T165346Z_hybrid_long_2_0
client-cluster-1    | 16-Sep-2026 17:20:42 [boincserver] Sending scheduler request: To fetch work.
client-phone-2-1    | 16-Sep-2026 17:20:23 [---] Libraries: libcurl/7.88.1 OpenSSL/3.0.20 zlib/1.2.13 brotli/1.0.9 zstd/1.5.4 libidn2/2.3.3 libpsl/0.21.2 (+libidn2/2.3.3) libssh2/1.10.0 nghttp2/1.52.0 librtmp/2.3 OpenLDAP/2.5.13
client-phone-2-1    | 16-Sep-2026 17:20:23 [---] Data directory: /var/lib/boinc-client
client-cluster-2-1  | 16-Sep-2026 17:20:18 [---] Processor features: fp asimd evtstrm aes pmull sha1 sha2 crc32 atomics fphp asimdhp cpuid asimdrdm jscvt fcma lrcpc dcpop sha3 asimddp sha512 asimdfhm dit uscat ilrcpc flagm sb paca pacg dcpodp flagm2 frint i8mm bf16 bti afp
client-cluster-2-1  | 16-Sep-2026 17:20:18 [---] OS: Linux Debian GNU/Linux: Debian GNU/Linux 12 (bookworm) [6.8.0-100-generic|libc 2.36]
client-phone-1      | 16-Sep-2026 17:20:23 [---]    max memory usage when active: 8929.14 MB
client-phone-1      | 16-Sep-2026 17:20:23 [---]    max memory usage when idle: 8929.14 MB
client-phone-1      | dir_open: Could not open directory 'slots' from '/var/lib/boinc-client'.
client-phone-1      | 16-Sep-2026 17:20:23 [---]    max disk usage: 2.00 GB
client-low-power-1  | 16-Sep-2026 17:20:54 [boincserver] Sending scheduler request: To fetch work.
client-low-power-1  | 16-Sep-2026 17:20:54 [boincserver] Requesting new tasks for CPU
client-low-power-1  | 16-Sep-2026 17:20:56 [boincserver] Scheduler request completed: got 0 new tasks
client-cluster-2-1  | 16-Sep-2026 17:20:18 [---] Memory: 9.69 GB physical, 0 bytes virtual
client-cluster-2-1  | 16-Sep-2026 17:20:18 [---] Disk: 18.33 GB total, 15.55 GB free
client-cluster-2-1  | 16-Sep-2026 17:20:18 [---] Local time is UTC +0 hours
client-cluster-2-1  | 16-Sep-2026 17:20:18 [---] Config: GUI RPC allowed from any host
client-cluster-2-1  | 16-Sep-2026 17:20:18 [---] Config: simulate 4 CPUs
client-cluster-1    | 16-Sep-2026 17:20:42 [boincserver] Requesting new tasks for CPU
client-cluster-1    | 16-Sep-2026 17:20:44 [boincserver] Scheduler request completed: got 4 new tasks
client-cluster-1    | 16-Sep-2026 17:20:44 [boincserver] Project requested delay of 7 seconds
client-cluster-1    | 16-Sep-2026 17:20:46 [boincserver] Starting task exp_20260916T165346Z_hybrid_long_3_0
client-cluster-1    | 16-Sep-2026 17:20:46 [boincserver] Starting task exp_20260916T165346Z_hybrid_long_5_0
client-cluster-1    | 16-Sep-2026 17:20:46 [boincserver] Starting task exp_20260916T165346Z_hybrid_long_4_0
client-cluster-1    | 16-Sep-2026 17:21:07 [boincserver] Sending scheduler request: To fetch work.
client-cluster-1    | 16-Sep-2026 17:21:07 [boincserver] Requesting new tasks for CPU
client-cluster-1    | 16-Sep-2026 17:21:09 [boincserver] Scheduler request completed: got 3 new tasks
client-cluster-1    | 16-Sep-2026 17:21:09 [boincserver] Project requested delay of 7 seconds
client-cluster-1    | 16-Sep-2026 17:21:19 [boincserver] Sending scheduler request: To fetch work.
client-cluster-1    | 16-Sep-2026 17:21:19 [boincserver] Requesting new tasks for CPU
client-cluster-1    | 16-Sep-2026 17:21:21 [boincserver] Scheduler request completed: got 0 new tasks
client-cluster-1    | 16-Sep-2026 17:21:21 [boincserver] No tasks sent
client-cluster-1    | 16-Sep-2026 17:21:21 [boincserver] This computer has reached a limit on tasks in progress
client-cluster-1    | 16-Sep-2026 17:21:21 [boincserver] Project requested delay of 7 seconds
client-cluster-1    | 16-Sep-2026 17:22:40 [boincserver] Computation for task exp_20260916T165346Z_hybrid_long_2_0 finished
client-cluster-1    | 16-Sep-2026 17:22:40 [boincserver] Starting task exp_20260916T165346Z_hybrid_long_6_0
client-cluster-1    | 16-Sep-2026 17:22:42 [boincserver] Started upload of exp_20260916T165346Z_hybrid_long_2_0_r253376893_0
client-cluster-1    | 16-Sep-2026 17:22:44 [boincserver] Finished upload of exp_20260916T165346Z_hybrid_long_2_0_r253376893_0
client-cluster-1    | 16-Sep-2026 17:22:46 [boincserver] Sending scheduler request: To report completed tasks.
client-cluster-1    | 16-Sep-2026 17:22:46 [boincserver] Reporting 1 completed tasks
client-phone-1      | 16-Sep-2026 17:20:23 [---]    don't use GPU while active
client-phone-1      | 16-Sep-2026 17:20:23 [---]    suspend work if non-BOINC CPU load exceeds 25%
client-phone-1      | 16-Sep-2026 17:20:23 [---]    (to change preferences, visit a project web site or select Preferences in the Manager)
client-phone-1      | 16-Sep-2026 17:20:23 [---] Setting up project and slot directories
client-phone-1      | 16-Sep-2026 17:20:23 [---] Checking active tasks
client-phone-1      | 16-Sep-2026 17:20:23 [---] Setting up GUI RPC socket
client-cluster-1    | 16-Sep-2026 17:22:46 [boincserver] Requesting new tasks for CPU
client-cluster-1    | 16-Sep-2026 17:23:01 [boincserver] Computation for task exp_20260916T165346Z_hybrid_long_3_0 finished
client-cluster-2-1  | 16-Sep-2026 17:20:18 [---] Config: report completed tasks immediately
client-cluster-2-1  | 16-Sep-2026 17:20:18 [---] No general preferences found - using defaults
client-cluster-2-1  | 16-Sep-2026 17:20:18 [---] Reading preferences override file
client-cluster-2-1  | 16-Sep-2026 17:20:18 [---] Preferences:
client-cluster-2-1  | 16-Sep-2026 17:20:18 [---]    max memory usage when active: 8929.14 MB
client-cluster-2-1  | 16-Sep-2026 17:20:18 [---]    max memory usage when idle: 8929.14 MB
client-cluster-2-1  | 16-Sep-2026 17:20:18 [---]    max disk usage: 2.00 GB
client-cluster-2-1  | dir_open: Could not open directory 'slots' from '/var/lib/boinc-client'.
client-phone-1      | 16-Sep-2026 17:20:23 [---] Checking presence of 0 project files
client-phone-1      | 16-Sep-2026 17:20:23 [---] This computer is not attached to any projects
client-phone-1      | 16-Sep-2026 17:20:23 Initialization completed
client-phone-1      | dir_open: Could not open directory 'projects/boincserver.local_boincserver' from '/var/lib/boinc-client'.
client-phone-2-1    | 16-Sep-2026 17:20:23 [---] No usable GPUs found
client-phone-2-1    | 16-Sep-2026 17:20:23 [---] Creating new client state file
client-phone-2-1    | 16-Sep-2026 17:20:23 [---] libc:  version 2.36
client-phone-2-1    | 16-Sep-2026 17:20:23 [---] Host name: phone-02
client-phone-2-1    | 16-Sep-2026 17:20:23 [---] Processor: 1 ARM  [Impl 0x61 Arch 8 Variant 0x0 Part 0x000 Rev 0]
client-low-power-1  | 16-Sep-2026 17:20:56 [boincserver] No tasks sent
client-low-power-1  | 16-Sep-2026 17:20:56 [boincserver] This computer has reached a limit on tasks in progress
client-phone-1      | 16-Sep-2026 17:20:24 [---] No general preferences found - using defaults
client-phone-1      | 16-Sep-2026 17:20:24 [---] Reading preferences override file
client-cluster-1    | 16-Sep-2026 17:23:01 [boincserver] Elapsed time limit 50.000000 < 120.000000; setting to 43200.000000
client-cluster-1    | 16-Sep-2026 17:23:01 [boincserver] Starting task exp_20260916T165346Z_hybrid_short_8_0
client-cluster-1    | 16-Sep-2026 17:23:02 [boincserver] Computation for task exp_20260916T165346Z_hybrid_long_5_0 finished
client-cluster-1    | 16-Sep-2026 17:23:02 [boincserver] Elapsed time limit 50.000000 < 120.000000; setting to 43200.000000
client-desktop-1    | 16-Sep-2026 17:20:18 [---]    max memory usage when idle: 8929.14 MB
client-desktop-1    | 16-Sep-2026 17:20:18 [---]    max disk usage: 2.00 GB
apache-1            | 2026-09-16 17:25:02,135 INFO reaped unknown pid 760
apache-1            | 2026-09-16 17:25:02,237 INFO reaped unknown pid 751
client-cluster-2-1  | 16-Sep-2026 17:20:18 [---]    don't use GPU while active
client-cluster-2-1  | 16-Sep-2026 17:20:18 [---]    suspend work if non-BOINC CPU load exceeds 25%
client-cluster-2-1  | 16-Sep-2026 17:20:18 [---]    (to change preferences, visit a project web site or select Preferences in the Manager)
client-cluster-2-1  | 16-Sep-2026 17:20:18 [---] Setting up project and slot directories
client-cluster-2-1  | 16-Sep-2026 17:20:18 [---] Checking active tasks
client-cluster-2-1  | 16-Sep-2026 17:20:18 [---] Setting up GUI RPC socket
client-phone-1      | 16-Sep-2026 17:20:24 [---] Preferences:
client-phone-1      | 16-Sep-2026 17:20:24 [---]    max memory usage when active: 8929.14 MB
client-phone-1      | 16-Sep-2026 17:20:24 [---]    max memory usage when idle: 8929.14 MB
client-phone-1      | 16-Sep-2026 17:20:24 [---]    max disk usage: 2.00 GB
client-phone-1      | 16-Sep-2026 17:20:24 [---]    don't use GPU while active
client-phone-1      | 16-Sep-2026 17:20:24 [---]    suspend work if non-BOINC CPU load exceeds 25%
client-desktop-1    | 16-Sep-2026 17:20:18 [---]    don't use GPU while active
client-desktop-1    | 16-Sep-2026 17:20:18 [---]    suspend work if non-BOINC CPU load exceeds 25%
client-desktop-1    | 16-Sep-2026 17:20:18 [---]    (to change preferences, visit a project web site or select Preferences in the Manager)
apache-1            | 2026-09-16 17:25:02,238 INFO reaped unknown pid 753
apache-1            | 2026-09-16 17:25:02,238 INFO reaped unknown pid 755
apache-1            | 2026-09-16 17:25:02,238 INFO reaped unknown pid 757
apache-1            | 2026-09-16 17:25:02,238 INFO reaped unknown pid 759
client-cluster-2-1  | 16-Sep-2026 17:20:18 [---] Checking presence of 0 project files
client-cluster-2-1  | 16-Sep-2026 17:20:18 [---] This computer is not attached to any projects
client-desktop-1    | 16-Sep-2026 17:20:18 [---] Setting up project and slot directories
client-desktop-1    | 16-Sep-2026 17:20:18 [---] Checking active tasks
client-desktop-1    | 16-Sep-2026 17:20:18 [---] Setting up GUI RPC socket
mysql-1             | 
mysql-1             | which will also give you the option of removing the test
client-phone-1      | 16-Sep-2026 17:20:24 [---]    (to change preferences, visit a project web site or select Preferences in the Manager)
client-phone-1      | 16-Sep-2026 17:20:28 [http://boincserver.local/boincserver/] Fetching scheduler list
client-phone-2-1    | 16-Sep-2026 17:20:23 [---] Processor features: fp asimd evtstrm aes pmull sha1 sha2 crc32 atomics fphp asimdhp cpuid asimdrdm jscvt fcma lrcpc dcpop sha3 asimddp sha512 asimdfhm dit uscat ilrcpc flagm sb paca pacg dcpodp flagm2 frint i8mm bf16 bti afp
client-phone-2-1    | 16-Sep-2026 17:20:23 [---] OS: Linux Debian GNU/Linux: Debian GNU/Linux 12 (bookworm) [6.8.0-100-generic|libc 2.36]
client-low-power-1  | 16-Sep-2026 17:20:56 [boincserver] Project requested delay of 7 seconds
client-low-power-1  | 16-Sep-2026 17:21:10 [boincserver] Computation for task exp_20260916T165346Z_hybrid_medium_1_0 finished
mysql-1             | databases and anonymous user created by default.  This is
mysql-1             | strongly recommended for production servers.
client-phone-1      | 16-Sep-2026 17:20:30 [http://boincserver.local/boincserver/] Master file download succeeded
client-phone-1      | 16-Sep-2026 17:20:35 [http://boincserver.local/boincserver/] Sending scheduler request: Project initialization.
client-phone-1      | 16-Sep-2026 17:20:35 [http://boincserver.local/boincserver/] Requesting new tasks for CPU
client-phone-1      | 16-Sep-2026 17:20:37 [boincserver] Scheduler request completed: got 1 new tasks
client-phone-1      | 16-Sep-2026 17:20:37 [boincserver] Project requested delay of 7 seconds
client-phone-1      | 16-Sep-2026 17:20:39 [boincserver] Started download of hybrid_synthetic_1.0_aarch64-unknown-linux-gnu
client-desktop-1    | 16-Sep-2026 17:20:18 [---] Checking presence of 0 project files
client-desktop-1    | 16-Sep-2026 17:20:18 [---] This computer is not attached to any projects
client-cluster-1    | 16-Sep-2026 17:23:02 [boincserver] Starting task exp_20260916T165346Z_hybrid_short_9_0
client-cluster-1    | 16-Sep-2026 17:23:03 [boincserver] Started upload of exp_20260916T165346Z_hybrid_long_3_0_r858655813_0
client-cluster-1    | 16-Sep-2026 17:23:03 [boincserver] Computation for task exp_20260916T165346Z_hybrid_long_4_0 finished
client-cluster-1    | 16-Sep-2026 17:23:03 [boincserver] Elapsed time limit 50.000000 < 120.000000; setting to 43200.000000
client-low-power-1  | 16-Sep-2026 17:21:10 [boincserver] Starting task exp_20260916T165346Z_hybrid_medium_5_0
client-low-power-1  | 16-Sep-2026 17:21:12 [boincserver] Started upload of exp_20260916T165346Z_hybrid_medium_1_0_r618798027_0
client-low-power-1  | 16-Sep-2026 17:21:14 [boincserver] Finished upload of exp_20260916T165346Z_hybrid_medium_1_0_r618798027_0
client-low-power-1  | 16-Sep-2026 17:21:17 [boincserver] Sending scheduler request: To report completed tasks.
client-low-power-1  | 16-Sep-2026 17:21:17 [boincserver] Reporting 1 completed tasks
client-low-power-1  | 16-Sep-2026 17:21:17 [boincserver] Requesting new tasks for CPU
client-cluster-1    | 16-Sep-2026 17:23:03 [boincserver] Starting task exp_20260916T165346Z_hybrid_short_10_0
client-cluster-1    | 16-Sep-2026 17:23:04 [boincserver] Started upload of exp_20260916T165346Z_hybrid_long_5_0_r913255084_0
client-cluster-1    | 16-Sep-2026 17:23:04 [boincserver] Scheduler request completed: got 0 new tasks
client-cluster-1    | 16-Sep-2026 17:23:04 [boincserver] Project has no tasks available
client-cluster-1    | 16-Sep-2026 17:23:04 [boincserver] Project requested delay of 7 seconds
client-cluster-1    | 16-Sep-2026 17:23:05 [boincserver] Finished upload of exp_20260916T165346Z_hybrid_long_3_0_r858655813_0
client-cluster-1    | 16-Sep-2026 17:23:05 [boincserver] Finished upload of exp_20260916T165346Z_hybrid_long_5_0_r913255084_0
client-cluster-1    | 16-Sep-2026 17:23:05 [boincserver] Started upload of exp_20260916T165346Z_hybrid_long_4_0_r171215780_0
client-cluster-1    | 16-Sep-2026 17:23:07 [boincserver] Finished upload of exp_20260916T165346Z_hybrid_long_4_0_r171215780_0
client-cluster-1    | 16-Sep-2026 17:23:09 [boincserver] Computation for task exp_20260916T165346Z_hybrid_short_8_0 finished
client-cluster-2-1  | 16-Sep-2026 17:20:18 Initialization completed
client-cluster-2-1  | dir_open: Could not open directory 'projects/boincserver.local_boincserver' from '/var/lib/boinc-client'.
client-cluster-2-1  | 16-Sep-2026 17:20:19 [---] No general preferences found - using defaults
client-cluster-2-1  | 16-Sep-2026 17:20:19 [---] Reading preferences override file
client-cluster-2-1  | 16-Sep-2026 17:20:19 [---] Preferences:
client-low-power-1  | 16-Sep-2026 17:21:19 [boincserver] Scheduler request completed: got 1 new tasks
client-low-power-1  | 16-Sep-2026 17:21:19 [boincserver] Project requested delay of 7 seconds
client-low-power-1  | 16-Sep-2026 17:21:37 [boincserver] Sending scheduler request: To fetch work.
client-low-power-1  | 16-Sep-2026 17:21:37 [boincserver] Requesting new tasks for CPU
client-low-power-1  | 16-Sep-2026 17:21:39 [boincserver] Scheduler request completed: got 0 new tasks
client-low-power-1  | 16-Sep-2026 17:21:39 [boincserver] Project has no tasks available
client-low-power-1  | 16-Sep-2026 17:21:39 [boincserver] Project requested delay of 7 seconds
client-low-power-1  | 16-Sep-2026 17:21:43 [boincserver] Computation for task exp_20260916T165346Z_hybrid_medium_5_0 finished
client-low-power-1  | 16-Sep-2026 17:21:43 [boincserver] Elapsed time limit 50.000000 < 120.000000; setting to 43200.000000
client-low-power-1  | 16-Sep-2026 17:21:43 [boincserver] Starting task exp_20260916T165346Z_hybrid_short_12_0
client-low-power-1  | 16-Sep-2026 17:21:45 [boincserver] Started upload of exp_20260916T165346Z_hybrid_medium_5_0_r275231573_0
client-low-power-1  | 16-Sep-2026 17:21:47 [boincserver] Finished upload of exp_20260916T165346Z_hybrid_medium_5_0_r275231573_0
client-low-power-1  | 16-Sep-2026 17:21:49 [boincserver] Sending scheduler request: To report completed tasks.
client-low-power-1  | 16-Sep-2026 17:21:49 [boincserver] Reporting 1 completed tasks
client-phone-1      | 16-Sep-2026 17:20:39 [boincserver] Started download of hybrid_synthetic_input.txt
client-phone-1      | 16-Sep-2026 17:20:41 [boincserver] Finished download of hybrid_synthetic_1.0_aarch64-unknown-linux-gnu
client-phone-1      | 16-Sep-2026 17:20:41 [boincserver] Finished download of hybrid_synthetic_input.txt
client-desktop-1    | 16-Sep-2026 17:20:18 Initialization completed
client-desktop-1    | dir_open: Could not open directory 'slots' from '/var/lib/boinc-client'.
client-desktop-1    | dir_open: Could not open directory 'projects/boincserver.local_boincserver' from '/var/lib/boinc-client'.
client-desktop-1    | 16-Sep-2026 17:20:19 [---] No general preferences found - using defaults
client-desktop-1    | 16-Sep-2026 17:20:19 [---] Reading preferences override file
client-cluster-2-1  | 16-Sep-2026 17:20:19 [---]    max memory usage when active: 8929.14 MB
client-cluster-2-1  | 16-Sep-2026 17:20:19 [---]    max memory usage when idle: 8929.14 MB
client-cluster-2-1  | 16-Sep-2026 17:20:19 [---]    max disk usage: 2.00 GB
client-cluster-2-1  | 16-Sep-2026 17:20:19 [---]    don't use GPU while active
client-cluster-2-1  | 16-Sep-2026 17:20:19 [---]    suspend work if non-BOINC CPU load exceeds 25%
client-cluster-2-1  | 16-Sep-2026 17:20:19 [---]    (to change preferences, visit a project web site or select Preferences in the Manager)
client-phone-1      | 16-Sep-2026 17:20:41 [boincserver] Elapsed time limit 50.000000 < 120.000000; setting to 43200.000000
client-phone-1      | 16-Sep-2026 17:20:41 [boincserver] Starting task exp_20260916T165346Z_hybrid_short_2_0
client-phone-1      | 16-Sep-2026 17:20:47 [boincserver] Sending scheduler request: To fetch work.
client-phone-1      | 16-Sep-2026 17:20:47 [boincserver] Requesting new tasks for CPU
client-phone-1      | 16-Sep-2026 17:20:50 [boincserver] Computation for task exp_20260916T165346Z_hybrid_short_2_0 finished
client-phone-1      | 16-Sep-2026 17:20:52 [boincserver] Started upload of exp_20260916T165346Z_hybrid_short_2_0_r677654091_0
client-phone-1      | 16-Sep-2026 17:20:54 [boincserver] Finished upload of exp_20260916T165346Z_hybrid_short_2_0_r677654091_0
client-phone-2-1    | 16-Sep-2026 17:20:23 [---] Memory: 9.69 GB physical, 0 bytes virtual
client-phone-2-1    | 16-Sep-2026 17:20:23 [---] Disk: 18.33 GB total, 15.55 GB free
client-phone-2-1    | 16-Sep-2026 17:20:23 [---] Local time is UTC +0 hours
client-cluster-2-1  | 16-Sep-2026 17:20:23 [http://boincserver.local/boincserver/] Fetching scheduler list
client-cluster-2-1  | 16-Sep-2026 17:20:25 [http://boincserver.local/boincserver/] Master file download succeeded
client-cluster-2-1  | 16-Sep-2026 17:20:30 [http://boincserver.local/boincserver/] Sending scheduler request: Project initialization.
client-low-power-1  | 16-Sep-2026 17:21:49 [boincserver] Requesting new tasks for CPU
client-low-power-1  | 16-Sep-2026 17:21:51 [boincserver] Computation for task exp_20260916T165346Z_hybrid_short_12_0 finished
client-low-power-1  | 16-Sep-2026 17:21:53 [boincserver] Started upload of exp_20260916T165346Z_hybrid_short_12_0_r1105209856_0
client-low-power-1  | 16-Sep-2026 17:21:55 [boincserver] Finished upload of exp_20260916T165346Z_hybrid_short_12_0_r1105209856_0
client-phone-1      | 16-Sep-2026 17:20:54 [boincserver] Scheduler request completed: got 1 new tasks
client-phone-1      | 16-Sep-2026 17:20:54 [boincserver] Project requested delay of 7 seconds
client-phone-1      | 16-Sep-2026 17:20:56 [boincserver] Elapsed time limit 50.000000 < 120.000000; setting to 43200.000000
client-phone-1      | 16-Sep-2026 17:20:56 [boincserver] Starting task exp_20260916T165346Z_hybrid_short_3_0
client-phone-1      | 16-Sep-2026 17:21:04 [boincserver] Sending scheduler request: To report completed tasks.
client-phone-1      | 16-Sep-2026 17:21:04 [boincserver] Reporting 1 completed tasks
client-low-power-1  | 16-Sep-2026 17:21:55 [boincserver] Scheduler request completed: got 0 new tasks
client-low-power-1  | 16-Sep-2026 17:21:55 [boincserver] Project has no tasks available
client-low-power-1  | 16-Sep-2026 17:21:55 [boincserver] Project requested delay of 7 seconds
client-low-power-1  | 16-Sep-2026 17:22:14 [boincserver] Sending scheduler request: To report completed tasks.
client-low-power-1  | 16-Sep-2026 17:22:14 [boincserver] Reporting 1 completed tasks
client-low-power-1  | 16-Sep-2026 17:22:14 [boincserver] Requesting new tasks for CPU
client-low-power-1  | 16-Sep-2026 17:22:16 [boincserver] Scheduler request completed: got 0 new tasks
client-low-power-1  | 16-Sep-2026 17:22:16 [boincserver] Project has no tasks available
client-low-power-1  | 16-Sep-2026 17:22:16 [boincserver] Project requested delay of 7 seconds
client-low-power-1  | 16-Sep-2026 17:22:26 [boincserver] Sending scheduler request: To fetch work.
client-low-power-1  | 16-Sep-2026 17:22:26 [boincserver] Requesting new tasks for CPU
client-low-power-1  | 16-Sep-2026 17:22:28 [boincserver] Scheduler request completed: got 0 new tasks
client-low-power-1  | 16-Sep-2026 17:22:28 [boincserver] Project has no tasks available
client-low-power-1  | 16-Sep-2026 17:22:28 [boincserver] Project requested delay of 7 seconds
mysql-1             | 
mysql-1             | See the MariaDB Knowledgebase at http://mariadb.com/kb or the
mysql-1             | MySQL manual for more instructions.
mysql-1             | 
mysql-1             | Please report any problems at http://mariadb.org/jira
mysql-1             | 
mysql-1             | The latest information about MariaDB is available at http://mariadb.org/.
mysql-1             | You can find additional information about the MySQL part at:
client-cluster-1    | 16-Sep-2026 17:23:10 [boincserver] Computation for task exp_20260916T165346Z_hybrid_short_9_0 finished
client-cluster-1    | 16-Sep-2026 17:23:11 [boincserver] Started upload of exp_20260916T165346Z_hybrid_short_8_0_r827288600_0
client-cluster-1    | 16-Sep-2026 17:23:11 [boincserver] Computation for task exp_20260916T165346Z_hybrid_short_10_0 finished
client-cluster-1    | 16-Sep-2026 17:23:12 [boincserver] Started upload of exp_20260916T165346Z_hybrid_short_9_0_r802760887_0
client-cluster-1    | 16-Sep-2026 17:23:13 [boincserver] Finished upload of exp_20260916T165346Z_hybrid_short_8_0_r827288600_0
client-cluster-1    | 16-Sep-2026 17:23:13 [boincserver] Finished upload of exp_20260916T165346Z_hybrid_short_9_0_r802760887_0
client-cluster-1    | 16-Sep-2026 17:23:13 [boincserver] Started upload of exp_20260916T165346Z_hybrid_short_10_0_r1876544623_0
client-cluster-1    | 16-Sep-2026 17:23:14 [boincserver] Sending scheduler request: To fetch work.
client-cluster-1    | 16-Sep-2026 17:23:14 [boincserver] Reporting 5 completed tasks
client-cluster-1    | 16-Sep-2026 17:23:14 [boincserver] Requesting new tasks for CPU
client-cluster-1    | 16-Sep-2026 17:23:15 [boincserver] Finished upload of exp_20260916T165346Z_hybrid_short_10_0_r1876544623_0
client-cluster-1    | 16-Sep-2026 17:23:20 [boincserver] Scheduler request completed: got 0 new tasks
client-cluster-1    | 16-Sep-2026 17:23:20 [boincserver] Project has no tasks available
client-cluster-1    | 16-Sep-2026 17:23:20 [boincserver] Project requested delay of 7 seconds
mysql-1             | http://dev.mysql.com
mysql-1             | Consider joining MariaDB's strong and vibrant community:
mysql-1             | https://mariadb.org/get-involved/
mysql-1             | 
mysql-1             | Database initialized
mysql-1             | 2026-09-16 17:18:26 0 [Note] mysqld (mysqld 10.3.8-MariaDB-1:10.3.8+maria~bionic) starting as process 104 ...
mysql-1             | MySQL init process in progress...
mysql-1             | 2026-09-16 17:18:26 0 [Note] InnoDB: Using Linux native AIO
mysql-1             | 2026-09-16 17:18:26 0 [Note] InnoDB: Mutexes and rw_locks use GCC atomic builtins
mysql-1             | 2026-09-16 17:18:26 0 [Note] InnoDB: Uses event mutexes
mysql-1             | 2026-09-16 17:18:26 0 [Note] InnoDB: Compressed tables use zlib 1.2.11
mysql-1             | 2026-09-16 17:18:26 0 [Note] InnoDB: Number of pools: 1
mysql-1             | 2026-09-16 17:18:26 0 [Note] InnoDB: Using generic crc32 instructions
client-phone-1      | 16-Sep-2026 17:21:04 [boincserver] Requesting new tasks for CPU
client-phone-1      | 16-Sep-2026 17:21:06 [boincserver] Computation for task exp_20260916T165346Z_hybrid_short_3_0 finished
client-phone-1      | 16-Sep-2026 17:21:07 [boincserver] Scheduler request completed: got 1 new tasks
client-phone-1      | 16-Sep-2026 17:21:07 [boincserver] Project requested delay of 7 seconds
client-phone-1      | 16-Sep-2026 17:21:08 [boincserver] Started upload of exp_20260916T165346Z_hybrid_short_3_0_r575790449_0
client-phone-1      | 16-Sep-2026 17:21:09 [boincserver] Elapsed time limit 50.000000 < 120.000000; setting to 43200.000000
client-phone-1      | 16-Sep-2026 17:21:09 [boincserver] Starting task exp_20260916T165346Z_hybrid_short_7_0
client-phone-1      | 16-Sep-2026 17:21:10 [boincserver] Finished upload of exp_20260916T165346Z_hybrid_short_3_0_r575790449_0
client-phone-1      | 16-Sep-2026 17:21:17 [boincserver] Sending scheduler request: To report completed tasks.
client-phone-1      | 16-Sep-2026 17:21:17 [boincserver] Reporting 1 completed tasks
client-phone-1      | 16-Sep-2026 17:21:17 [boincserver] Requesting new tasks for CPU
client-phone-1      | 16-Sep-2026 17:21:18 [boincserver] Computation for task exp_20260916T165346Z_hybrid_short_7_0 finished
client-phone-1      | 16-Sep-2026 17:21:19 [boincserver] Scheduler request completed: got 1 new tasks
client-phone-1      | 16-Sep-2026 17:21:19 [boincserver] Project requested delay of 7 seconds
client-phone-1      | 16-Sep-2026 17:21:20 [boincserver] Started upload of exp_20260916T165346Z_hybrid_short_7_0_r1406222634_0
client-phone-2-1    | 16-Sep-2026 17:20:23 [---] Config: GUI RPC allowed from any host
client-phone-2-1    | 16-Sep-2026 17:20:23 [---] Config: simulate 1 CPUs
client-cluster-1    | 16-Sep-2026 17:23:37 [boincserver] Sending scheduler request: To report completed tasks.
client-cluster-1    | 16-Sep-2026 17:23:37 [boincserver] Reporting 1 completed tasks
client-cluster-1    | 16-Sep-2026 17:23:37 [boincserver] Requesting new tasks for CPU
client-cluster-1    | 16-Sep-2026 17:23:39 [boincserver] Scheduler request completed: got 0 new tasks
client-cluster-1    | 16-Sep-2026 17:23:39 [boincserver] Project has no tasks available
client-cluster-1    | 16-Sep-2026 17:23:39 [boincserver] Project requested delay of 7 seconds
client-cluster-1    | 16-Sep-2026 17:24:54 [boincserver] Computation for task exp_20260916T165346Z_hybrid_long_6_0 finished
client-cluster-1    | 16-Sep-2026 17:24:56 [boincserver] Started upload of exp_20260916T165346Z_hybrid_long_6_0_r975801914_0
client-cluster-1    | 16-Sep-2026 17:24:58 [boincserver] Finished upload of exp_20260916T165346Z_hybrid_long_6_0_r975801914_0
client-cluster-1    | 16-Sep-2026 17:25:01 [boincserver] Sending scheduler request: To report completed tasks.
client-cluster-1    | 16-Sep-2026 17:25:01 [boincserver] Reporting 1 completed tasks
client-phone-2-1    | 16-Sep-2026 17:20:23 [---] Config: report completed tasks immediately
client-phone-2-1    | 16-Sep-2026 17:20:23 [---] No general preferences found - using defaults
client-phone-2-1    | 16-Sep-2026 17:20:23 [---] Reading preferences override file
client-phone-2-1    | 16-Sep-2026 17:20:23 [---] Preferences:
client-phone-2-1    | 16-Sep-2026 17:20:23 [---]    max memory usage when active: 8929.14 MB
client-phone-2-1    | 16-Sep-2026 17:20:23 [---]    max memory usage when idle: 8929.14 MB
client-phone-2-1    | dir_open: Could not open directory 'slots' from '/var/lib/boinc-client'.
client-phone-1      | 16-Sep-2026 17:21:21 [boincserver] Elapsed time limit 50.000000 < 120.000000; setting to 43200.000000
client-phone-1      | 16-Sep-2026 17:21:21 [boincserver] Starting task exp_20260916T165346Z_hybrid_short_13_0
client-phone-1      | 16-Sep-2026 17:21:22 [boincserver] Finished upload of exp_20260916T165346Z_hybrid_short_7_0_r1406222634_0
client-phone-1      | 16-Sep-2026 17:21:29 [boincserver] Sending scheduler request: To report completed tasks.
client-phone-1      | 16-Sep-2026 17:21:29 [boincserver] Reporting 1 completed tasks
client-phone-1      | 16-Sep-2026 17:21:29 [boincserver] Requesting new tasks for CPU
client-phone-1      | 16-Sep-2026 17:21:30 [boincserver] Computation for task exp_20260916T165346Z_hybrid_short_13_0 finished
client-phone-1      | 16-Sep-2026 17:21:31 [boincserver] Scheduler request completed: got 1 new tasks
client-phone-1      | 16-Sep-2026 17:21:31 [boincserver] Project requested delay of 7 seconds
mysql-1             | 2026-09-16 17:18:26 0 [Note] InnoDB: Initializing buffer pool, total size = 256M, instances = 1, chunk size = 128M
mysql-1             | 2026-09-16 17:18:26 0 [Note] InnoDB: Completed initialization of buffer pool
mysql-1             | 2026-09-16 17:18:26 0 [Note] InnoDB: If the mysqld execution user is authorized, page cleaner thread priority can be changed. See the man page of setpriority().
mysql-1             | 2026-09-16 17:18:26 0 [Note] InnoDB: 128 out of 128 rollback segments are active.
client-cluster-1    | 16-Sep-2026 17:25:01 [boincserver] Requesting new tasks for CPU
client-cluster-1    | 16-Sep-2026 17:25:03 [boincserver] Scheduler request completed: got 0 new tasks
client-cluster-1    | 16-Sep-2026 17:25:03 [boincserver] Project has no tasks available
client-cluster-1    | 16-Sep-2026 17:25:03 [boincserver] Project requested delay of 7 seconds
client-cluster-1    | 16-Sep-2026 17:25:13 [boincserver] Sending scheduler request: To fetch work.
client-cluster-1    | 16-Sep-2026 17:25:13 [boincserver] Requesting new tasks for CPU
client-phone-1      | 16-Sep-2026 17:21:32 [boincserver] Started upload of exp_20260916T165346Z_hybrid_short_13_0_r2101816324_0
client-phone-1      | 16-Sep-2026 17:21:33 [boincserver] Elapsed time limit 50.000000 < 120.000000; setting to 43200.000000
client-phone-1      | 16-Sep-2026 17:21:33 [boincserver] Starting task exp_20260916T165346Z_hybrid_short_16_0
client-phone-1      | 16-Sep-2026 17:21:34 [boincserver] Finished upload of exp_20260916T165346Z_hybrid_short_13_0_r2101816324_0
client-phone-1      | 16-Sep-2026 17:21:47 [boincserver] Sending scheduler request: To report completed tasks.
client-phone-1      | 16-Sep-2026 17:21:47 [boincserver] Reporting 1 completed tasks
client-phone-1      | 16-Sep-2026 17:21:47 [boincserver] Requesting new tasks for CPU
mysql-1             | 2026-09-16 17:18:26 0 [Note] InnoDB: Creating shared tablespace for temporary tables
mysql-1             | 2026-09-16 17:18:26 0 [Note] InnoDB: Setting file './ibtmp1' size to 12 MB. Physically writing the file full; Please wait ...
mysql-1             | 2026-09-16 17:18:26 0 [Note] InnoDB: File './ibtmp1' size is now 12 MB.
mysql-1             | 2026-09-16 17:18:26 0 [Note] InnoDB: 10.3.8 started; log sequence number 1630815; transaction id 21
mysql-1             | 2026-09-16 17:18:26 0 [Note] InnoDB: Loading buffer pool(s) from /var/lib/mysql/ib_buffer_pool
mysql-1             | 2026-09-16 17:18:26 0 [Note] Plugin 'FEEDBACK' is disabled.
mysql-1             | 2026-09-16 17:18:26 0 [Note] InnoDB: Buffer pool(s) load completed at 260916 17:18:26
mysql-1             | 2026-09-16 17:18:26 0 [Warning] 'user' entry 'root@307ad92cc1a5' ignored in --skip-name-resolve mode.
client-desktop-1    | 16-Sep-2026 17:20:19 [---] Preferences:
client-desktop-1    | 16-Sep-2026 17:20:19 [---]    max memory usage when active: 8929.14 MB
client-desktop-1    | 16-Sep-2026 17:20:19 [---]    max memory usage when idle: 8929.14 MB
client-desktop-1    | 16-Sep-2026 17:20:19 [---]    max disk usage: 2.00 GB
client-desktop-1    | 16-Sep-2026 17:20:19 [---]    don't use GPU while active
client-desktop-1    | 16-Sep-2026 17:20:19 [---]    suspend work if non-BOINC CPU load exceeds 25%
client-desktop-1    | 16-Sep-2026 17:20:19 [---]    (to change preferences, visit a project web site or select Preferences in the Manager)
client-desktop-1    | 16-Sep-2026 17:20:23 [http://boincserver.local/boincserver/] Fetching scheduler list
client-desktop-1    | 16-Sep-2026 17:20:25 [http://boincserver.local/boincserver/] Master file download succeeded
client-desktop-1    | 16-Sep-2026 17:20:30 [http://boincserver.local/boincserver/] Sending scheduler request: Project initialization.
client-desktop-1    | 16-Sep-2026 17:20:30 [http://boincserver.local/boincserver/] Requesting new tasks for CPU
client-desktop-1    | 16-Sep-2026 17:20:32 [boincserver] Scheduler request completed: got 1 new tasks
client-desktop-1    | 16-Sep-2026 17:20:32 [boincserver] Project requested delay of 7 seconds
client-desktop-1    | 16-Sep-2026 17:20:34 [boincserver] Started download of hybrid_synthetic_1.0_aarch64-unknown-linux-gnu
client-desktop-1    | 16-Sep-2026 17:20:34 [boincserver] Started download of hybrid_synthetic_input.txt
client-desktop-1    | 16-Sep-2026 17:20:36 [boincserver] Finished download of hybrid_synthetic_1.0_aarch64-unknown-linux-gnu
client-desktop-1    | 16-Sep-2026 17:20:36 [boincserver] Finished download of hybrid_synthetic_input.txt
client-phone-1      | 16-Sep-2026 17:21:50 [boincserver] Computation for task exp_20260916T165346Z_hybrid_short_16_0 finished
client-phone-1      | 16-Sep-2026 17:21:52 [boincserver] Started upload of exp_20260916T165346Z_hybrid_short_16_0_r907522929_0
mysql-1             | 2026-09-16 17:18:26 0 [Warning] 'user' entry '@307ad92cc1a5' ignored in --skip-name-resolve mode.
mysql-1             | 2026-09-16 17:18:26 0 [Warning] 'proxies_priv' entry '@% root@307ad92cc1a5' ignored in --skip-name-resolve mode.
mysql-1             | 2026-09-16 17:18:26 0 [Note] Reading of all Master_info entries succeded
mysql-1             | 2026-09-16 17:18:26 0 [Note] Added new Master_info '' to hash table
client-phone-1      | 16-Sep-2026 17:21:54 [boincserver] Finished upload of exp_20260916T165346Z_hybrid_short_16_0_r907522929_0
client-phone-1      | 16-Sep-2026 17:21:54 [boincserver] Scheduler request completed: got 0 new tasks
client-phone-1      | 16-Sep-2026 17:21:54 [boincserver] Project has no tasks available
client-phone-1      | 16-Sep-2026 17:21:54 [boincserver] Project requested delay of 7 seconds
client-phone-2-1    | 16-Sep-2026 17:20:23 [---]    max disk usage: 2.00 GB
client-phone-2-1    | 16-Sep-2026 17:20:23 [---]    don't use GPU while active
client-phone-2-1    | 16-Sep-2026 17:20:23 [---]    suspend work if non-BOINC CPU load exceeds 25%
client-cluster-2-1  | 16-Sep-2026 17:20:30 [http://boincserver.local/boincserver/] Requesting new tasks for CPU
client-cluster-2-1  | 16-Sep-2026 17:20:32 [boincserver] Scheduler request completed: got 1 new tasks
client-cluster-2-1  | 16-Sep-2026 17:20:32 [boincserver] Project requested delay of 7 seconds
client-cluster-2-1  | 16-Sep-2026 17:20:34 [boincserver] Started download of hybrid_synthetic_1.0_aarch64-unknown-linux-gnu
client-phone-2-1    | 16-Sep-2026 17:20:23 [---]    (to change preferences, visit a project web site or select Preferences in the Manager)
client-phone-2-1    | 16-Sep-2026 17:20:23 [---] Setting up project and slot directories
client-phone-2-1    | 16-Sep-2026 17:20:23 [---] Checking active tasks
client-phone-2-1    | 16-Sep-2026 17:20:23 [---] Setting up GUI RPC socket
client-phone-2-1    | 16-Sep-2026 17:20:23 [---] Checking presence of 0 project files
client-phone-2-1    | 16-Sep-2026 17:20:23 [---] This computer is not attached to any projects
client-phone-2-1    | 16-Sep-2026 17:20:23 Initialization completed
client-phone-2-1    | dir_open: Could not open directory 'projects/boincserver.local_boincserver' from '/var/lib/boinc-client'.
client-phone-2-1    | 16-Sep-2026 17:20:24 [---] No general preferences found - using defaults
client-phone-2-1    | 16-Sep-2026 17:20:24 [---] Reading preferences override file
client-phone-1      | 16-Sep-2026 17:22:04 [boincserver] Sending scheduler request: To report completed tasks.
client-phone-1      | 16-Sep-2026 17:22:04 [boincserver] Reporting 1 completed tasks
client-cluster-2-1  | 16-Sep-2026 17:20:34 [boincserver] Started download of hybrid_synthetic_input.txt
client-cluster-2-1  | 16-Sep-2026 17:20:36 [boincserver] Finished download of hybrid_synthetic_1.0_aarch64-unknown-linux-gnu
client-cluster-2-1  | 16-Sep-2026 17:20:36 [boincserver] Finished download of hybrid_synthetic_input.txt
client-cluster-2-1  | 16-Sep-2026 17:20:36 [boincserver] Starting task exp_20260916T165346Z_hybrid_long_1_0
client-cluster-2-1  | 16-Sep-2026 17:20:42 [boincserver] Sending scheduler request: To fetch work.
client-cluster-2-1  | 16-Sep-2026 17:20:42 [boincserver] Requesting new tasks for CPU
mysql-1             | 2026-09-16 17:18:26 0 [Note] mysqld: ready for connections.
mysql-1             | Version: '10.3.8-MariaDB-1:10.3.8+maria~bionic'  socket: '/var/run/mysqld/mysqld.sock'  port: 0  mariadb.org binary distribution
mysql-1             | Warning: Unable to load '/usr/share/zoneinfo/leap-seconds.list' as time zone. Skipping it.
mysql-1             | 2026-09-16 17:18:27 10 [Warning] 'proxies_priv' entry '@% root@307ad92cc1a5' ignored in --skip-name-resolve mode.
mysql-1             | 
client-phone-2-1    | 16-Sep-2026 17:20:24 [---] Preferences:
client-phone-2-1    | 16-Sep-2026 17:20:24 [---]    max memory usage when active: 8929.14 MB
client-phone-2-1    | 16-Sep-2026 17:20:24 [---]    max memory usage when idle: 8929.14 MB
client-phone-2-1    | 16-Sep-2026 17:20:24 [---]    max disk usage: 2.00 GB
client-phone-2-1    | 16-Sep-2026 17:20:24 [---]    don't use GPU while active
client-desktop-1    | 16-Sep-2026 17:20:36 [boincserver] Starting task exp_20260916T165346Z_hybrid_medium_2_0
client-desktop-1    | 16-Sep-2026 17:20:42 [boincserver] Sending scheduler request: To fetch work.
client-desktop-1    | 16-Sep-2026 17:20:42 [boincserver] Requesting new tasks for CPU
client-desktop-1    | 16-Sep-2026 17:20:44 [boincserver] Scheduler request completed: got 2 new tasks
client-desktop-1    | 16-Sep-2026 17:20:44 [boincserver] Project requested delay of 7 seconds
client-desktop-1    | 16-Sep-2026 17:20:46 [boincserver] Starting task exp_20260916T165346Z_hybrid_medium_4_0
client-desktop-1    | 16-Sep-2026 17:20:54 [boincserver] Sending scheduler request: To fetch work.
client-desktop-1    | 16-Sep-2026 17:20:54 [boincserver] Requesting new tasks for CPU
client-desktop-1    | 16-Sep-2026 17:20:56 [boincserver] Scheduler request completed: got 1 new tasks
client-desktop-1    | 16-Sep-2026 17:20:56 [boincserver] Project requested delay of 7 seconds
client-desktop-1    | 16-Sep-2026 17:21:06 [boincserver] Sending scheduler request: To fetch work.
client-phone-1      | 16-Sep-2026 17:22:04 [boincserver] Requesting new tasks for CPU
client-phone-1      | 16-Sep-2026 17:22:11 [boincserver] Scheduler request completed: got 0 new tasks
client-phone-1      | 16-Sep-2026 17:22:11 [boincserver] Project has no tasks available
client-phone-1      | 16-Sep-2026 17:22:11 [boincserver] Project requested delay of 7 seconds
mysql-1             | 2026-09-16 17:18:27 0 [Note] mysqld (initiated by: unknown): Normal shutdown
mysql-1             | 2026-09-16 17:18:27 0 [Note] Event Scheduler: Purging the queue. 0 events
mysql-1             | 2026-09-16 17:18:27 0 [Note] InnoDB: FTS optimize thread exiting.
client-desktop-1    | 16-Sep-2026 17:21:06 [boincserver] Requesting new tasks for CPU
client-desktop-1    | 16-Sep-2026 17:21:08 [boincserver] Scheduler request completed: got 0 new tasks
client-desktop-1    | 16-Sep-2026 17:21:08 [boincserver] No tasks sent
client-desktop-1    | 16-Sep-2026 17:21:08 [boincserver] This computer has reached a limit on tasks in progress
client-desktop-1    | 16-Sep-2026 17:21:08 [boincserver] Project requested delay of 7 seconds
client-desktop-1    | 16-Sep-2026 17:21:09 [boincserver] Computation for task exp_20260916T165346Z_hybrid_medium_2_0 finished
client-desktop-1    | 16-Sep-2026 17:21:09 [boincserver] Starting task exp_20260916T165346Z_hybrid_medium_3_0
client-desktop-1    | 16-Sep-2026 17:21:12 [boincserver] Started upload of exp_20260916T165346Z_hybrid_medium_2_0_r1185084582_0
client-desktop-1    | 16-Sep-2026 17:21:14 [boincserver] Finished upload of exp_20260916T165346Z_hybrid_medium_2_0_r1185084582_0
client-phone-1      | 16-Sep-2026 17:22:24 [boincserver] Sending scheduler request: To fetch work.
client-phone-1      | 16-Sep-2026 17:22:24 [boincserver] Requesting new tasks for CPU
client-phone-1      | 16-Sep-2026 17:22:26 [boincserver] Scheduler request completed: got 0 new tasks
client-phone-1      | 16-Sep-2026 17:22:26 [boincserver] Project has no tasks available
client-phone-1      | 16-Sep-2026 17:22:26 [boincserver] Project requested delay of 7 seconds
client-phone-2-1    | 16-Sep-2026 17:20:24 [---]    suspend work if non-BOINC CPU load exceeds 25%
client-phone-2-1    | 16-Sep-2026 17:20:24 [---]    (to change preferences, visit a project web site or select Preferences in the Manager)
client-phone-2-1    | 16-Sep-2026 17:20:28 [http://boincserver.local/boincserver/] Fetching scheduler list
mysql-1             | 2026-09-16 17:18:27 0 [Note] InnoDB: Starting shutdown...
mysql-1             | 2026-09-16 17:18:27 0 [Note] InnoDB: Dumping buffer pool(s) to /var/lib/mysql/ib_buffer_pool
client-phone-2-1    | 16-Sep-2026 17:20:30 [http://boincserver.local/boincserver/] Master file download succeeded
client-phone-2-1    | 16-Sep-2026 17:20:35 [http://boincserver.local/boincserver/] Sending scheduler request: Project initialization.
client-phone-2-1    | 16-Sep-2026 17:20:35 [http://boincserver.local/boincserver/] Requesting new tasks for CPU
mysql-1             | 2026-09-16 17:18:27 0 [Note] InnoDB: Buffer pool(s) dump completed at 260916 17:18:27
mysql-1             | 2026-09-16 17:18:28 0 [Note] InnoDB: Shutdown completed; log sequence number 1630824; transaction id 24
mysql-1             | 2026-09-16 17:18:28 0 [Note] InnoDB: Removed temporary tablespace data file: "ibtmp1"
mysql-1             | 2026-09-16 17:18:28 0 [Note] mysqld: Shutdown complete
client-desktop-1    | 16-Sep-2026 17:21:27 [boincserver] Sending scheduler request: To report completed tasks.
client-desktop-1    | 16-Sep-2026 17:21:27 [boincserver] Reporting 1 completed tasks
client-desktop-1    | 16-Sep-2026 17:21:27 [boincserver] Requesting new tasks for CPU
client-desktop-1    | 16-Sep-2026 17:21:29 [boincserver] Computation for task exp_20260916T165346Z_hybrid_medium_4_0 finished
client-desktop-1    | 16-Sep-2026 17:21:29 [boincserver] Starting task exp_20260916T165346Z_hybrid_medium_10_0
client-desktop-1    | 16-Sep-2026 17:21:29 [boincserver] Scheduler request completed: got 1 new tasks
client-desktop-1    | 16-Sep-2026 17:21:29 [boincserver] Project requested delay of 7 seconds
client-desktop-1    | 16-Sep-2026 17:21:31 [boincserver] Started upload of exp_20260916T165346Z_hybrid_medium_4_0_r1425324204_0
client-phone-2-1    | 16-Sep-2026 17:20:37 [boincserver] Scheduler request completed: got 1 new tasks
client-phone-2-1    | 16-Sep-2026 17:20:37 [boincserver] Project requested delay of 7 seconds
client-phone-2-1    | 16-Sep-2026 17:20:39 [boincserver] Started download of hybrid_synthetic_1.0_aarch64-unknown-linux-gnu
client-phone-2-1    | 16-Sep-2026 17:20:39 [boincserver] Started download of hybrid_synthetic_input.txt
client-phone-2-1    | 16-Sep-2026 17:20:41 [boincserver] Finished download of hybrid_synthetic_1.0_aarch64-unknown-linux-gnu
client-phone-2-1    | 16-Sep-2026 17:20:41 [boincserver] Finished download of hybrid_synthetic_input.txt
client-desktop-1    | 16-Sep-2026 17:21:33 [boincserver] Finished upload of exp_20260916T165346Z_hybrid_medium_4_0_r1425324204_0
client-desktop-1    | 16-Sep-2026 17:21:39 [boincserver] Sending scheduler request: To report completed tasks.
client-phone-2-1    | 16-Sep-2026 17:20:41 [boincserver] Elapsed time limit 50.000000 < 120.000000; setting to 43200.000000
client-phone-2-1    | 16-Sep-2026 17:20:41 [boincserver] Starting task exp_20260916T165346Z_hybrid_short_1_0
client-cluster-2-1  | 16-Sep-2026 17:20:49 [boincserver] Scheduler request completed: got 4 new tasks
client-cluster-2-1  | 16-Sep-2026 17:20:49 [boincserver] Project requested delay of 7 seconds
mysql-1             | 
mysql-1             | 
client-desktop-1    | 16-Sep-2026 17:21:39 [boincserver] Reporting 1 completed tasks
client-desktop-1    | 16-Sep-2026 17:21:39 [boincserver] Requesting new tasks for CPU
client-desktop-1    | 16-Sep-2026 17:21:41 [boincserver] Scheduler request completed: got 0 new tasks
client-desktop-1    | 16-Sep-2026 17:21:41 [boincserver] Project has no tasks available
client-desktop-1    | 16-Sep-2026 17:21:41 [boincserver] Project requested delay of 7 seconds
client-desktop-1    | 16-Sep-2026 17:21:43 [boincserver] Computation for task exp_20260916T165346Z_hybrid_medium_3_0 finished
client-desktop-1    | 16-Sep-2026 17:21:43 [boincserver] Elapsed time limit 50.000000 < 120.000000; setting to 43200.000000
client-desktop-1    | 16-Sep-2026 17:21:43 [boincserver] Starting task exp_20260916T165346Z_hybrid_short_15_0
client-desktop-1    | 16-Sep-2026 17:21:45 [boincserver] Started upload of exp_20260916T165346Z_hybrid_medium_3_0_r97057898_0
client-desktop-1    | 16-Sep-2026 17:21:47 [boincserver] Finished upload of exp_20260916T165346Z_hybrid_medium_3_0_r97057898_0
client-desktop-1    | 16-Sep-2026 17:21:51 [boincserver] Computation for task exp_20260916T165346Z_hybrid_short_15_0 finished
client-desktop-1    | 16-Sep-2026 17:21:51 [boincserver] Sending scheduler request: To report completed tasks.
client-desktop-1    | 16-Sep-2026 17:21:51 [boincserver] Reporting 1 completed tasks
client-desktop-1    | 16-Sep-2026 17:21:51 [boincserver] Requesting new tasks for CPU
client-desktop-1    | 16-Sep-2026 17:22:05 [boincserver] Started upload of exp_20260916T165346Z_hybrid_short_15_0_r915710104_0
client-desktop-1    | 16-Sep-2026 17:22:05 [boincserver] Scheduler request completed: got 0 new tasks
client-desktop-1    | 16-Sep-2026 17:22:05 [boincserver] Project has no tasks available
client-cluster-2-1  | 16-Sep-2026 17:20:51 [boincserver] Starting task exp_20260916T165346Z_hybrid_medium_6_0
client-cluster-2-1  | 16-Sep-2026 17:20:51 [boincserver] Starting task exp_20260916T165346Z_hybrid_medium_9_0
client-cluster-2-1  | 16-Sep-2026 17:20:51 [boincserver] Starting task exp_20260916T165346Z_hybrid_medium_8_0
client-cluster-2-1  | 16-Sep-2026 17:20:59 [boincserver] Sending scheduler request: To fetch work.
client-cluster-2-1  | 16-Sep-2026 17:20:59 [boincserver] Requesting new tasks for CPU
client-cluster-2-1  | 16-Sep-2026 17:21:01 [boincserver] Scheduler request completed: got 3 new tasks
client-cluster-2-1  | 16-Sep-2026 17:21:01 [boincserver] Project requested delay of 7 seconds
client-cluster-2-1  | 16-Sep-2026 17:21:17 [boincserver] Sending scheduler request: To fetch work.
mysql-1             | MySQL init process done. Ready for start up.
mysql-1             | 
mysql-1             | 2026-09-16 17:18:28 0 [Note] mysqld (mysqld 10.3.8-MariaDB-1:10.3.8+maria~bionic) starting as process 1 ...
mysql-1             | 2026-09-16 17:18:28 0 [Note] InnoDB: Using Linux native AIO
client-desktop-1    | 16-Sep-2026 17:22:05 [boincserver] Project requested delay of 7 seconds
client-desktop-1    | 16-Sep-2026 17:22:07 [boincserver] Finished upload of exp_20260916T165346Z_hybrid_short_15_0_r915710104_0
client-phone-2-1    | 16-Sep-2026 17:20:47 [boincserver] Sending scheduler request: To fetch work.
client-phone-2-1    | 16-Sep-2026 17:20:47 [boincserver] Requesting new tasks for CPU
client-cluster-2-1  | 16-Sep-2026 17:21:17 [boincserver] Requesting new tasks for CPU
client-cluster-2-1  | 16-Sep-2026 17:21:19 [boincserver] Scheduler request completed: got 0 new tasks
client-cluster-2-1  | 16-Sep-2026 17:21:19 [boincserver] No tasks sent
client-cluster-2-1  | 16-Sep-2026 17:21:19 [boincserver] This computer has reached a limit on tasks in progress
client-cluster-2-1  | 16-Sep-2026 17:21:19 [boincserver] Project requested delay of 7 seconds
client-cluster-2-1  | 16-Sep-2026 17:21:24 [boincserver] Computation for task exp_20260916T165346Z_hybrid_medium_6_0 finished
client-cluster-2-1  | 16-Sep-2026 17:21:24 [boincserver] Starting task exp_20260916T165346Z_hybrid_medium_7_0
client-cluster-2-1  | 16-Sep-2026 17:21:25 [boincserver] Computation for task exp_20260916T165346Z_hybrid_medium_9_0 finished
client-desktop-1    | 16-Sep-2026 17:22:07 [boincserver] Computation for task exp_20260916T165346Z_hybrid_medium_10_0 finished
client-desktop-1    | 16-Sep-2026 17:22:09 [boincserver] Started upload of exp_20260916T165346Z_hybrid_medium_10_0_r1689102116_0
client-desktop-1    | 16-Sep-2026 17:22:11 [boincserver] Finished upload of exp_20260916T165346Z_hybrid_medium_10_0_r1689102116_0
client-desktop-1    | 16-Sep-2026 17:22:15 [boincserver] Sending scheduler request: To report completed tasks.
client-desktop-1    | 16-Sep-2026 17:22:15 [boincserver] Reporting 2 completed tasks
client-desktop-1    | 16-Sep-2026 17:22:15 [boincserver] Requesting new tasks for CPU
client-desktop-1    | 16-Sep-2026 17:22:21 [boincserver] Scheduler request completed: got 0 new tasks
client-desktop-1    | 16-Sep-2026 17:22:21 [boincserver] Project has no tasks available
client-desktop-1    | 16-Sep-2026 17:22:21 [boincserver] Project requested delay of 7 seconds
client-desktop-1    | 16-Sep-2026 17:22:41 [boincserver] Sending scheduler request: To fetch work.
client-desktop-1    | 16-Sep-2026 17:22:41 [boincserver] Requesting new tasks for CPU
client-desktop-1    | 16-Sep-2026 17:22:47 [boincserver] Scheduler request completed: got 0 new tasks
client-desktop-1    | 16-Sep-2026 17:22:47 [boincserver] Project has no tasks available
client-desktop-1    | 16-Sep-2026 17:22:47 [boincserver] Project requested delay of 7 seconds
client-phone-2-1    | 16-Sep-2026 17:20:49 [boincserver] Scheduler request completed: got 1 new tasks
client-phone-2-1    | 16-Sep-2026 17:20:49 [boincserver] Project requested delay of 7 seconds
client-cluster-2-1  | 16-Sep-2026 17:21:25 [boincserver] Elapsed time limit 50.000000 < 120.000000; setting to 43200.000000
client-cluster-2-1  | 16-Sep-2026 17:21:25 [boincserver] Starting task exp_20260916T165346Z_hybrid_short_5_0
client-cluster-2-1  | 16-Sep-2026 17:21:26 [boincserver] Started upload of exp_20260916T165346Z_hybrid_medium_6_0_r2080268333_0
client-cluster-2-1  | 16-Sep-2026 17:21:26 [boincserver] Computation for task exp_20260916T165346Z_hybrid_medium_8_0 finished
client-cluster-2-1  | 16-Sep-2026 17:21:26 [boincserver] Starting task exp_20260916T165346Z_hybrid_medium_12_0
client-cluster-2-1  | 16-Sep-2026 17:21:27 [boincserver] Started upload of exp_20260916T165346Z_hybrid_medium_9_0_r1368680409_0
client-cluster-2-1  | 16-Sep-2026 17:21:28 [boincserver] Finished upload of exp_20260916T165346Z_hybrid_medium_6_0_r2080268333_0
client-cluster-2-1  | 16-Sep-2026 17:21:28 [boincserver] Finished upload of exp_20260916T165346Z_hybrid_medium_9_0_r1368680409_0
client-cluster-2-1  | 16-Sep-2026 17:21:28 [boincserver] Started upload of exp_20260916T165346Z_hybrid_medium_8_0_r469347571_0
client-cluster-2-1  | 16-Sep-2026 17:21:30 [boincserver] Finished upload of exp_20260916T165346Z_hybrid_medium_8_0_r469347571_0
client-cluster-2-1  | 16-Sep-2026 17:21:33 [boincserver] Computation for task exp_20260916T165346Z_hybrid_short_5_0 finished
client-cluster-2-1  | 16-Sep-2026 17:21:33 [boincserver] Starting task exp_20260916T165346Z_hybrid_medium_11_0
client-cluster-2-1  | 16-Sep-2026 17:21:34 [boincserver] Sending scheduler request: To report completed tasks.
client-cluster-2-1  | 16-Sep-2026 17:21:34 [boincserver] Reporting 3 completed tasks
client-cluster-2-1  | 16-Sep-2026 17:21:34 [boincserver] Requesting new tasks for CPU
client-cluster-2-1  | 16-Sep-2026 17:21:35 [boincserver] Started upload of exp_20260916T165346Z_hybrid_short_5_0_r1336589210_0
client-cluster-2-1  | 16-Sep-2026 17:21:36 [boincserver] Finished upload of exp_20260916T165346Z_hybrid_short_5_0_r1336589210_0
client-cluster-2-1  | 16-Sep-2026 17:21:36 [boincserver] Scheduler request completed: got 2 new tasks
client-cluster-2-1  | 16-Sep-2026 17:21:36 [boincserver] Project requested delay of 7 seconds
mysql-1             | 2026-09-16 17:18:28 0 [Note] InnoDB: Mutexes and rw_locks use GCC atomic builtins
mysql-1             | 2026-09-16 17:18:28 0 [Note] InnoDB: Uses event mutexes
mysql-1             | 2026-09-16 17:18:28 0 [Note] InnoDB: Compressed tables use zlib 1.2.11
mysql-1             | 2026-09-16 17:18:28 0 [Note] InnoDB: Number of pools: 1
mysql-1             | 2026-09-16 17:18:28 0 [Note] InnoDB: Using generic crc32 instructions
client-phone-2-1    | 16-Sep-2026 17:20:50 [boincserver] Computation for task exp_20260916T165346Z_hybrid_short_1_0 finished
client-phone-2-1    | 16-Sep-2026 17:20:51 [boincserver] Elapsed time limit 50.000000 < 120.000000; setting to 43200.000000
client-phone-2-1    | 16-Sep-2026 17:20:51 [boincserver] Starting task exp_20260916T165346Z_hybrid_short_4_0
client-phone-2-1    | 16-Sep-2026 17:20:53 [boincserver] Started upload of exp_20260916T165346Z_hybrid_short_1_0_r520434263_0
client-phone-2-1    | 16-Sep-2026 17:20:55 [boincserver] Finished upload of exp_20260916T165346Z_hybrid_short_1_0_r520434263_0
client-phone-2-1    | 16-Sep-2026 17:21:00 [boincserver] Sending scheduler request: To report completed tasks.
client-phone-2-1    | 16-Sep-2026 17:21:00 [boincserver] Reporting 1 completed tasks
client-phone-2-1    | 16-Sep-2026 17:21:00 [boincserver] Requesting new tasks for CPU
client-phone-2-1    | 16-Sep-2026 17:21:01 [boincserver] Computation for task exp_20260916T165346Z_hybrid_short_4_0 finished
mysql-1             | 2026-09-16 17:18:28 0 [Note] InnoDB: Initializing buffer pool, total size = 256M, instances = 1, chunk size = 128M
mysql-1             | 2026-09-16 17:18:28 0 [Note] InnoDB: Completed initialization of buffer pool
mysql-1             | 2026-09-16 17:18:28 0 [Note] InnoDB: If the mysqld execution user is authorized, page cleaner thread priority can be changed. See the man page of setpriority().
mysql-1             | 2026-09-16 17:18:29 0 [Note] InnoDB: 128 out of 128 rollback segments are active.
mysql-1             | 2026-09-16 17:18:29 0 [Note] InnoDB: Creating shared tablespace for temporary tables
client-phone-2-1    | 16-Sep-2026 17:21:02 [boincserver] Scheduler request completed: got 1 new tasks
client-phone-2-1    | 16-Sep-2026 17:21:02 [boincserver] Project requested delay of 7 seconds
client-phone-2-1    | 16-Sep-2026 17:21:03 [boincserver] Started upload of exp_20260916T165346Z_hybrid_short_4_0_r587604881_0
client-phone-2-1    | 16-Sep-2026 17:21:04 [boincserver] Elapsed time limit 50.000000 < 120.000000; setting to 43200.000000
client-phone-2-1    | 16-Sep-2026 17:21:04 [boincserver] Starting task exp_20260916T165346Z_hybrid_short_6_0
client-phone-2-1    | 16-Sep-2026 17:21:05 [boincserver] Finished upload of exp_20260916T165346Z_hybrid_short_4_0_r587604881_0
client-cluster-2-1  | 16-Sep-2026 17:21:54 [boincserver] Sending scheduler request: To report completed tasks.
client-cluster-2-1  | 16-Sep-2026 17:21:54 [boincserver] Reporting 1 completed tasks
client-cluster-2-1  | 16-Sep-2026 17:21:54 [boincserver] Requesting new tasks for CPU
client-cluster-2-1  | 16-Sep-2026 17:21:56 [boincserver] Scheduler request completed: got 0 new tasks
client-cluster-2-1  | 16-Sep-2026 17:21:56 [boincserver] Project has no tasks available
client-cluster-2-1  | 16-Sep-2026 17:21:56 [boincserver] Project requested delay of 7 seconds
client-cluster-2-1  | 16-Sep-2026 17:21:57 [boincserver] Computation for task exp_20260916T165346Z_hybrid_medium_7_0 finished
client-cluster-2-1  | 16-Sep-2026 17:21:57 [boincserver] Elapsed time limit 50.000000 < 120.000000; setting to 43200.000000
client-phone-2-1    | 16-Sep-2026 17:21:12 [boincserver] Sending scheduler request: To report completed tasks.
client-phone-2-1    | 16-Sep-2026 17:21:12 [boincserver] Reporting 1 completed tasks
client-phone-2-1    | 16-Sep-2026 17:21:12 [boincserver] Requesting new tasks for CPU
client-phone-2-1    | 16-Sep-2026 17:21:13 [boincserver] Computation for task exp_20260916T165346Z_hybrid_short_6_0 finished
client-phone-2-1    | 16-Sep-2026 17:21:14 [boincserver] Scheduler request completed: got 1 new tasks
client-phone-2-1    | 16-Sep-2026 17:21:14 [boincserver] Project requested delay of 7 seconds
client-phone-2-1    | 16-Sep-2026 17:21:15 [boincserver] Started upload of exp_20260916T165346Z_hybrid_short_6_0_r389737158_0
client-phone-2-1    | 16-Sep-2026 17:21:16 [boincserver] Elapsed time limit 50.000000 < 120.000000; setting to 43200.000000
client-cluster-2-1  | 16-Sep-2026 17:21:57 [boincserver] Starting task exp_20260916T165346Z_hybrid_short_17_0
client-cluster-2-1  | 16-Sep-2026 17:21:59 [boincserver] Started upload of exp_20260916T165346Z_hybrid_medium_7_0_r1511291610_0
client-cluster-2-1  | 16-Sep-2026 17:21:59 [boincserver] Computation for task exp_20260916T165346Z_hybrid_medium_12_0 finished
mysql-1             | 2026-09-16 17:18:29 0 [Note] InnoDB: Setting file './ibtmp1' size to 12 MB. Physically writing the file full; Please wait ...
mysql-1             | 2026-09-16 17:18:29 0 [Note] InnoDB: File './ibtmp1' size is now 12 MB.
mysql-1             | 2026-09-16 17:18:29 0 [Note] InnoDB: 10.3.8 started; log sequence number 1630824; transaction id 21
client-phone-2-1    | 16-Sep-2026 17:21:16 [boincserver] Starting task exp_20260916T165346Z_hybrid_short_11_0
client-phone-2-1    | 16-Sep-2026 17:21:17 [boincserver] Finished upload of exp_20260916T165346Z_hybrid_short_6_0_r389737158_0
mysql-1             | 2026-09-16 17:18:29 0 [Note] InnoDB: Loading buffer pool(s) from /var/lib/mysql/ib_buffer_pool
mysql-1             | 2026-09-16 17:18:29 0 [Note] Plugin 'FEEDBACK' is disabled.
mysql-1             | 2026-09-16 17:18:29 0 [Note] InnoDB: Buffer pool(s) load completed at 260916 17:18:29
client-cluster-2-1  | 16-Sep-2026 17:21:59 [boincserver] Elapsed time limit 50.000000 < 120.000000; setting to 43200.000000
client-cluster-2-1  | 16-Sep-2026 17:21:59 [boincserver] Starting task exp_20260916T165346Z_hybrid_short_18_0
client-cluster-2-1  | 16-Sep-2026 17:22:01 [boincserver] Finished upload of exp_20260916T165346Z_hybrid_medium_7_0_r1511291610_0
client-cluster-2-1  | 16-Sep-2026 17:22:01 [boincserver] Started upload of exp_20260916T165346Z_hybrid_medium_12_0_r2101416437_0
client-cluster-2-1  | 16-Sep-2026 17:22:03 [boincserver] Finished upload of exp_20260916T165346Z_hybrid_medium_12_0_r2101416437_0
client-cluster-2-1  | 16-Sep-2026 17:22:05 [boincserver] Computation for task exp_20260916T165346Z_hybrid_short_17_0 finished
client-cluster-2-1  | 16-Sep-2026 17:22:06 [boincserver] Computation for task exp_20260916T165346Z_hybrid_medium_11_0 finished
client-cluster-2-1  | 16-Sep-2026 17:22:06 [boincserver] Sending scheduler request: To report completed tasks.
client-cluster-2-1  | 16-Sep-2026 17:22:06 [boincserver] Reporting 2 completed tasks
client-cluster-2-1  | 16-Sep-2026 17:22:06 [boincserver] Requesting new tasks for CPU
client-cluster-2-1  | 16-Sep-2026 17:22:07 [boincserver] Started upload of exp_20260916T165346Z_hybrid_short_17_0_r269661943_0
client-phone-2-1    | 16-Sep-2026 17:21:24 [boincserver] Sending scheduler request: To report completed tasks.
client-phone-2-1    | 16-Sep-2026 17:21:24 [boincserver] Reporting 1 completed tasks
client-phone-2-1    | 16-Sep-2026 17:21:24 [boincserver] Requesting new tasks for CPU
client-phone-2-1    | 16-Sep-2026 17:21:25 [boincserver] Computation for task exp_20260916T165346Z_hybrid_short_11_0 finished
client-phone-2-1    | 16-Sep-2026 17:21:27 [boincserver] Started upload of exp_20260916T165346Z_hybrid_short_11_0_r1508599000_0
client-phone-2-1    | 16-Sep-2026 17:21:29 [boincserver] Finished upload of exp_20260916T165346Z_hybrid_short_11_0_r1508599000_0
client-phone-2-1    | 16-Sep-2026 17:21:31 [boincserver] Scheduler request completed: got 1 new tasks
client-phone-2-1    | 16-Sep-2026 17:21:31 [boincserver] Project requested delay of 7 seconds
client-phone-2-1    | 16-Sep-2026 17:21:33 [boincserver] Elapsed time limit 50.000000 < 120.000000; setting to 43200.000000
client-phone-2-1    | 16-Sep-2026 17:21:33 [boincserver] Starting task exp_20260916T165346Z_hybrid_short_14_0
client-phone-2-1    | 16-Sep-2026 17:21:41 [boincserver] Sending scheduler request: To report completed tasks.
client-phone-2-1    | 16-Sep-2026 17:21:41 [boincserver] Reporting 1 completed tasks
client-phone-2-1    | 16-Sep-2026 17:21:41 [boincserver] Requesting new tasks for CPU
client-phone-2-1    | 16-Sep-2026 17:21:43 [boincserver] Computation for task exp_20260916T165346Z_hybrid_short_14_0 finished
client-phone-2-1    | 16-Sep-2026 17:21:57 [boincserver] Started upload of exp_20260916T165346Z_hybrid_short_14_0_r779964415_0
client-phone-2-1    | 16-Sep-2026 17:21:57 [boincserver] Scheduler request completed: got 0 new tasks
client-phone-2-1    | 16-Sep-2026 17:21:57 [boincserver] Project has no tasks available
mysql-1             | 2026-09-16 17:18:29 0 [Note] Server socket created on IP: '::'.
mysql-1             | 2026-09-16 17:18:29 0 [Warning] 'proxies_priv' entry '@% root@307ad92cc1a5' ignored in --skip-name-resolve mode.
client-phone-2-1    | 16-Sep-2026 17:21:57 [boincserver] Project requested delay of 7 seconds
client-phone-2-1    | 16-Sep-2026 17:21:59 [boincserver] Finished upload of exp_20260916T165346Z_hybrid_short_14_0_r779964415_0
mysql-1             | 2026-09-16 17:18:29 0 [Note] Reading of all Master_info entries succeded
mysql-1             | 2026-09-16 17:18:29 0 [Note] Added new Master_info '' to hash table
mysql-1             | 2026-09-16 17:18:29 0 [Note] mysqld: ready for connections.
mysql-1             | Version: '10.3.8-MariaDB-1:10.3.8+maria~bionic'  socket: '/var/run/mysqld/mysqld.sock'  port: 3306  mariadb.org binary distribution
mysql-1             | 2026-09-16 17:18:29 8 [Warning] Access denied for user 'boincadm'@'172.21.0.3' (using password: NO)
mysql-1             | 2026-09-16 17:18:56 18 [Warning] Aborted connection 18 to db: 'boincserver' user: 'root' host: '172.21.0.4' (Got an error reading communication packets)
client-cluster-2-1  | 16-Sep-2026 17:22:07 [boincserver] Computation for task exp_20260916T165346Z_hybrid_short_18_0 finished
client-cluster-2-1  | 16-Sep-2026 17:22:08 [boincserver] Finished upload of exp_20260916T165346Z_hybrid_short_17_0_r269661943_0
client-cluster-2-1  | 16-Sep-2026 17:22:08 [boincserver] Started upload of exp_20260916T165346Z_hybrid_medium_11_0_r1758072483_0
client-cluster-2-1  | 16-Sep-2026 17:22:08 [boincserver] Scheduler request completed: got 0 new tasks
client-cluster-2-1  | 16-Sep-2026 17:22:08 [boincserver] Project has no tasks available
client-cluster-2-1  | 16-Sep-2026 17:22:08 [boincserver] Project requested delay of 7 seconds
client-cluster-2-1  | 16-Sep-2026 17:22:09 [boincserver] Started upload of exp_20260916T165346Z_hybrid_short_18_0_r1089612575_0
client-cluster-2-1  | 16-Sep-2026 17:22:10 [boincserver] Finished upload of exp_20260916T165346Z_hybrid_medium_11_0_r1758072483_0
client-cluster-2-1  | 16-Sep-2026 17:22:10 [boincserver] Finished upload of exp_20260916T165346Z_hybrid_short_18_0_r1089612575_0
mysql-1             | 2026-09-16 17:18:56 16 [Warning] Aborted connection 16 to db: 'boincserver' user: 'root' host: '172.21.0.4' (Got an error reading communication packets)
mysql-1             | 2026-09-16 17:18:56 15 [Warning] Aborted connection 15 to db: 'boincserver' user: 'root' host: '172.21.0.4' (Got an error reading communication packets)
mysql-1             | 2026-09-16 17:20:01 57 [Warning] Aborted connection 57 to db: 'boincserver' user: 'root' host: '172.21.0.4' (Got an error reading communication packets)
mysql-1             | 2026-09-16 17:20:02 60 [Warning] Aborted connection 60 to db: 'boincserver' user: 'root' host: '172.21.0.4' (Got an error reading communication packets)
client-phone-2-1    | 16-Sep-2026 17:22:07 [boincserver] Sending scheduler request: To report completed tasks.
client-phone-2-1    | 16-Sep-2026 17:22:07 [boincserver] Reporting 1 completed tasks
client-phone-2-1    | 16-Sep-2026 17:22:07 [boincserver] Requesting new tasks for CPU
client-phone-2-1    | 16-Sep-2026 17:22:14 [boincserver] Scheduler request completed: got 0 new tasks
client-phone-2-1    | 16-Sep-2026 17:22:14 [boincserver] Project has no tasks available
client-phone-2-1    | 16-Sep-2026 17:22:14 [boincserver] Project requested delay of 7 seconds
client-cluster-2-1  | 16-Sep-2026 17:22:18 [boincserver] Sending scheduler request: To report completed tasks.
client-cluster-2-1  | 16-Sep-2026 17:22:18 [boincserver] Reporting 3 completed tasks
client-cluster-2-1  | 16-Sep-2026 17:22:18 [boincserver] Requesting new tasks for CPU
client-cluster-2-1  | 16-Sep-2026 17:22:37 [boincserver] Scheduler request completed: got 0 new tasks
client-cluster-2-1  | 16-Sep-2026 17:22:37 [boincserver] Project has no tasks available
client-cluster-2-1  | 16-Sep-2026 17:22:37 [boincserver] Project requested delay of 7 seconds
client-cluster-2-1  | 16-Sep-2026 17:22:39 [boincserver] Computation for task exp_20260916T165346Z_hybrid_long_1_0 finished
client-cluster-2-1  | 16-Sep-2026 17:22:41 [boincserver] Started upload of exp_20260916T165346Z_hybrid_long_1_0_r223761406_0
client-cluster-2-1  | 16-Sep-2026 17:22:43 [boincserver] Finished upload of exp_20260916T165346Z_hybrid_long_1_0_r223761406_0
client-cluster-2-1  | 16-Sep-2026 17:22:47 [boincserver] Sending scheduler request: To report completed tasks.
client-cluster-2-1  | 16-Sep-2026 17:22:47 [boincserver] Reporting 1 completed tasks
client-cluster-2-1  | 16-Sep-2026 17:22:47 [boincserver] Requesting new tasks for CPU
client-phone-2-1    | 16-Sep-2026 17:22:35 [boincserver] Sending scheduler request: To fetch work.
client-phone-2-1    | 16-Sep-2026 17:22:35 [boincserver] Requesting new tasks for CPU
client-phone-2-1    | 16-Sep-2026 17:22:37 [boincserver] Scheduler request completed: got 0 new tasks
client-phone-2-1    | 16-Sep-2026 17:22:37 [boincserver] Project has no tasks available
client-phone-2-1    | 16-Sep-2026 17:22:37 [boincserver] Project requested delay of 7 seconds
client-cluster-2-1  | 16-Sep-2026 17:22:49 [boincserver] Scheduler request completed: got 0 new tasks
client-cluster-2-1  | 16-Sep-2026 17:22:49 [boincserver] Project has no tasks available
client-cluster-2-1  | 16-Sep-2026 17:22:49 [boincserver] Project requested delay of 7 seconds
client-cluster-2-1  | 16-Sep-2026 17:23:10 [boincserver] Sending scheduler request: To fetch work.
client-cluster-2-1  | 16-Sep-2026 17:23:10 [boincserver] Requesting new tasks for CPU
client-cluster-2-1  | 16-Sep-2026 17:23:16 [boincserver] Scheduler request completed: got 0 new tasks
client-cluster-2-1  | 16-Sep-2026 17:23:16 [boincserver] Project has no tasks available
client-cluster-2-1  | 16-Sep-2026 17:23:16 [boincserver] Project requested delay of 7 seconds
