client-cluster-2-1  | 16-Sep-2026 18:03:56 [---] Starting BOINC client version 7.20.5 for aarch64-unknown-linux-gnu
client-cluster-2-1  | 16-Sep-2026 18:03:56 [---] This a development version of BOINC and may not function properly
client-cluster-2-1  | 16-Sep-2026 18:03:56 [---] log flags: file_xfer, sched_ops, task
client-cluster-2-1  | 16-Sep-2026 18:03:56 [---] Libraries: libcurl/7.88.1 OpenSSL/3.0.20 zlib/1.2.13 brotli/1.0.9 zstd/1.5.4 libidn2/2.3.3 libpsl/0.21.2 (+libidn2/2.3.3) libssh2/1.10.0 nghttp2/1.52.0 librtmp/2.3 OpenLDAP/2.5.13
client-cluster-2-1  | 16-Sep-2026 18:03:56 [---] Data directory: /var/lib/boinc-client
client-cluster-2-1  | 16-Sep-2026 18:03:56 [---] No usable GPUs found
client-cluster-2-1  | 16-Sep-2026 18:03:56 [---] Creating new client state file
client-cluster-2-1  | 16-Sep-2026 18:03:56 [---] libc:  version 2.36
client-cluster-2-1  | 16-Sep-2026 18:03:56 [---] Host name: cluster-02
client-cluster-2-1  | 16-Sep-2026 18:03:56 [---] Processor: 4 ARM  [Impl 0x61 Arch 8 Variant 0x0 Part 0x000 Rev 0]
client-cluster-2-1  | 16-Sep-2026 18:03:56 [---] Processor features: fp asimd evtstrm aes pmull sha1 sha2 crc32 atomics fphp asimdhp cpuid asimdrdm jscvt fcma lrcpc dcpop sha3 asimddp sha512 asimdfhm dit uscat ilrcpc flagm sb paca pacg dcpodp flagm2 frint i8mm bf16 bti afp
client-cluster-2-1  | 16-Sep-2026 18:03:56 [---] OS: Linux Debian GNU/Linux: Debian GNU/Linux 12 (bookworm) [6.8.0-100-generic|libc 2.36]
client-cluster-2-1  | 16-Sep-2026 18:03:56 [---] Memory: 9.69 GB physical, 0 bytes virtual
client-cluster-2-1  | 16-Sep-2026 18:03:56 [---] Disk: 18.33 GB total, 15.50 GB free
client-cluster-2-1  | 16-Sep-2026 18:03:56 [---] Local time is UTC +0 hours
client-cluster-2-1  | 16-Sep-2026 18:03:56 [---] Config: GUI RPC allowed from any host
client-cluster-2-1  | 16-Sep-2026 18:03:56 [---] Config: simulate 4 CPUs
client-cluster-2-1  | 16-Sep-2026 18:03:56 [---] Config: report completed tasks immediately
client-low-power-1  | 16-Sep-2026 18:04:01 [---] Starting BOINC client version 7.20.5 for aarch64-unknown-linux-gnu
client-low-power-1  | 16-Sep-2026 18:04:01 [---] This a development version of BOINC and may not function properly
client-low-power-1  | 16-Sep-2026 18:04:01 [---] log flags: file_xfer, sched_ops, task
client-low-power-1  | 16-Sep-2026 18:04:01 [---] Libraries: libcurl/7.88.1 OpenSSL/3.0.20 zlib/1.2.13 brotli/1.0.9 zstd/1.5.4 libidn2/2.3.3 libpsl/0.21.2 (+libidn2/2.3.3) libssh2/1.10.0 nghttp2/1.52.0 librtmp/2.3 OpenLDAP/2.5.13
client-low-power-1  | 16-Sep-2026 18:04:01 [---] Data directory: /var/lib/boinc-client
client-low-power-1  | 16-Sep-2026 18:04:01 [---] No usable GPUs found
client-low-power-1  | 16-Sep-2026 18:04:01 [---] Creating new client state file
client-low-power-1  | 16-Sep-2026 18:04:01 [---] libc:  version 2.36
client-low-power-1  | 16-Sep-2026 18:04:01 [---] Host name: low-power-01
client-low-power-1  | 16-Sep-2026 18:04:01 [---] Processor: 1 ARM  [Impl 0x61 Arch 8 Variant 0x0 Part 0x000 Rev 0]
client-low-power-1  | 16-Sep-2026 18:04:01 [---] Processor features: fp asimd evtstrm aes pmull sha1 sha2 crc32 atomics fphp asimdhp cpuid asimdrdm jscvt fcma lrcpc dcpop sha3 asimddp sha512 asimdfhm dit uscat ilrcpc flagm sb paca pacg dcpodp flagm2 frint i8mm bf16 bti afp
client-cluster-2-1  | 16-Sep-2026 18:03:56 [---] No general preferences found - using defaults
client-cluster-2-1  | 16-Sep-2026 18:03:56 [---] Reading preferences override file
client-cluster-2-1  | 16-Sep-2026 18:03:56 [---] Preferences:
client-cluster-2-1  | 16-Sep-2026 18:03:56 [---]    max memory usage when active: 8929.14 MB
client-cluster-2-1  | 16-Sep-2026 18:03:56 [---]    max memory usage when idle: 8929.14 MB
client-cluster-2-1  | 16-Sep-2026 18:03:56 [---]    max disk usage: 2.00 GB
client-cluster-2-1  | 16-Sep-2026 18:03:56 [---]    don't use GPU while active
client-cluster-2-1  | 16-Sep-2026 18:03:56 [---]    suspend work if non-BOINC CPU load exceeds 25%
client-cluster-2-1  | 16-Sep-2026 18:03:56 [---]    (to change preferences, visit a project web site or select Preferences in the Manager)
client-cluster-2-1  | 16-Sep-2026 18:03:56 [---] Setting up project and slot directories
client-cluster-2-1  | 16-Sep-2026 18:03:56 [---] Checking active tasks
client-cluster-2-1  | dir_open: Could not open directory 'slots' from '/var/lib/boinc-client'.
client-cluster-2-1  | 16-Sep-2026 18:03:56 [---] Setting up GUI RPC socket
client-cluster-2-1  | 16-Sep-2026 18:03:56 [---] Checking presence of 0 project files
client-cluster-2-1  | 16-Sep-2026 18:03:56 [---] This computer is not attached to any projects
client-cluster-2-1  | 16-Sep-2026 18:03:56 Initialization completed
client-cluster-2-1  | dir_open: Could not open directory 'projects/boincserver.local_boincserver' from '/var/lib/boinc-client'.
client-cluster-2-1  | 16-Sep-2026 18:03:57 [---] No general preferences found - using defaults
mysql-1             | Initializing database
mysql-1             | 
mysql-1             | 
client-low-power-1  | 16-Sep-2026 18:04:01 [---] OS: Linux Debian GNU/Linux: Debian GNU/Linux 12 (bookworm) [6.8.0-100-generic|libc 2.36]
client-low-power-1  | 16-Sep-2026 18:04:01 [---] Memory: 9.69 GB physical, 0 bytes virtual
client-low-power-1  | 16-Sep-2026 18:04:01 [---] Disk: 18.33 GB total, 15.50 GB free
client-low-power-1  | 16-Sep-2026 18:04:01 [---] Local time is UTC +0 hours
mysql-1             | PLEASE REMEMBER TO SET A PASSWORD FOR THE MariaDB root USER !
mysql-1             | To do so, start the server, then issue the following commands:
mysql-1             | 
client-phone-1      | 16-Sep-2026 18:03:56 [---] Starting BOINC client version 7.20.5 for aarch64-unknown-linux-gnu
client-phone-1      | 16-Sep-2026 18:03:56 [---] This a development version of BOINC and may not function properly
client-phone-1      | 16-Sep-2026 18:03:56 [---] log flags: file_xfer, sched_ops, task
client-phone-1      | 16-Sep-2026 18:03:56 [---] Libraries: libcurl/7.88.1 OpenSSL/3.0.20 zlib/1.2.13 brotli/1.0.9 zstd/1.5.4 libidn2/2.3.3 libpsl/0.21.2 (+libidn2/2.3.3) libssh2/1.10.0 nghttp2/1.52.0 librtmp/2.3 OpenLDAP/2.5.13
client-phone-1      | 16-Sep-2026 18:03:56 [---] Data directory: /var/lib/boinc-client
client-phone-1      | 16-Sep-2026 18:03:56 [---] No usable GPUs found
client-phone-1      | 16-Sep-2026 18:03:56 [---] Creating new client state file
client-phone-1      | 16-Sep-2026 18:03:56 [---] libc:  version 2.36
client-phone-2-1    | 16-Sep-2026 18:03:56 [---] Starting BOINC client version 7.20.5 for aarch64-unknown-linux-gnu
client-phone-2-1    | 16-Sep-2026 18:03:56 [---] This a development version of BOINC and may not function properly
client-phone-2-1    | 16-Sep-2026 18:03:56 [---] log flags: file_xfer, sched_ops, task
client-phone-2-1    | 16-Sep-2026 18:03:56 [---] Libraries: libcurl/7.88.1 OpenSSL/3.0.20 zlib/1.2.13 brotli/1.0.9 zstd/1.5.4 libidn2/2.3.3 libpsl/0.21.2 (+libidn2/2.3.3) libssh2/1.10.0 nghttp2/1.52.0 librtmp/2.3 OpenLDAP/2.5.13
client-phone-2-1    | 16-Sep-2026 18:03:56 [---] Data directory: /var/lib/boinc-client
client-phone-2-1    | 16-Sep-2026 18:03:56 [---] No usable GPUs found
client-phone-2-1    | 16-Sep-2026 18:03:56 [---] Creating new client state file
client-phone-2-1    | 16-Sep-2026 18:03:56 [---] libc:  version 2.36
client-phone-2-1    | 16-Sep-2026 18:03:56 [---] Host name: phone-02
client-phone-2-1    | 16-Sep-2026 18:03:56 [---] Processor: 1 ARM  [Impl 0x61 Arch 8 Variant 0x0 Part 0x000 Rev 0]
client-phone-2-1    | 16-Sep-2026 18:03:56 [---] Processor features: fp asimd evtstrm aes pmull sha1 sha2 crc32 atomics fphp asimdhp cpuid asimdrdm jscvt fcma lrcpc dcpop sha3 asimddp sha512 asimdfhm dit uscat ilrcpc flagm sb paca pacg dcpodp flagm2 frint i8mm bf16 bti afp
client-phone-2-1    | 16-Sep-2026 18:03:56 [---] OS: Linux Debian GNU/Linux: Debian GNU/Linux 12 (bookworm) [6.8.0-100-generic|libc 2.36]
client-phone-2-1    | 16-Sep-2026 18:03:56 [---] Memory: 9.69 GB physical, 0 bytes virtual
client-desktop-1    | 16-Sep-2026 18:04:01 [---] Starting BOINC client version 7.20.5 for aarch64-unknown-linux-gnu
mysql-1             | '/usr/bin/mysqladmin' -u root password 'new-password'
mysql-1             | '/usr/bin/mysqladmin' -u root -h  password 'new-password'
client-desktop-1    | 16-Sep-2026 18:04:01 [---] This a development version of BOINC and may not function properly
client-desktop-1    | 16-Sep-2026 18:04:01 [---] log flags: file_xfer, sched_ops, task
client-desktop-1    | 16-Sep-2026 18:04:01 [---] Libraries: libcurl/7.88.1 OpenSSL/3.0.20 zlib/1.2.13 brotli/1.0.9 zstd/1.5.4 libidn2/2.3.3 libpsl/0.21.2 (+libidn2/2.3.3) libssh2/1.10.0 nghttp2/1.52.0 librtmp/2.3 OpenLDAP/2.5.13
client-phone-2-1    | 16-Sep-2026 18:03:56 [---] Disk: 18.33 GB total, 15.50 GB free
client-phone-2-1    | 16-Sep-2026 18:03:56 [---] Local time is UTC +0 hours
client-phone-2-1    | 16-Sep-2026 18:03:56 [---] Config: GUI RPC allowed from any host
client-cluster-2-1  | 16-Sep-2026 18:03:57 [---] Reading preferences override file
client-cluster-2-1  | 16-Sep-2026 18:03:57 [---] Preferences:
client-cluster-2-1  | 16-Sep-2026 18:03:57 [---]    max memory usage when active: 8929.14 MB
client-phone-1      | 16-Sep-2026 18:03:56 [---] Host name: phone-01
client-phone-1      | 16-Sep-2026 18:03:56 [---] Processor: 1 ARM  [Impl 0x61 Arch 8 Variant 0x0 Part 0x000 Rev 0]
client-phone-1      | 16-Sep-2026 18:03:56 [---] Processor features: fp asimd evtstrm aes pmull sha1 sha2 crc32 atomics fphp asimdhp cpuid asimdrdm jscvt fcma lrcpc dcpop sha3 asimddp sha512 asimdfhm dit uscat ilrcpc flagm sb paca pacg dcpodp flagm2 frint i8mm bf16 bti afp
client-phone-1      | 16-Sep-2026 18:03:56 [---] OS: Linux Debian GNU/Linux: Debian GNU/Linux 12 (bookworm) [6.8.0-100-generic|libc 2.36]
client-phone-1      | 16-Sep-2026 18:03:56 [---] Memory: 9.69 GB physical, 0 bytes virtual
client-phone-1      | 16-Sep-2026 18:03:56 [---] Disk: 18.33 GB total, 15.50 GB free
client-phone-1      | 16-Sep-2026 18:03:56 [---] Local time is UTC +0 hours
client-phone-1      | 16-Sep-2026 18:03:56 [---] Config: GUI RPC allowed from any host
client-cluster-2-1  | 16-Sep-2026 18:03:57 [---]    max memory usage when idle: 8929.14 MB
client-cluster-2-1  | 16-Sep-2026 18:03:57 [---]    max disk usage: 2.00 GB
client-cluster-2-1  | 16-Sep-2026 18:03:57 [---]    don't use GPU while active
client-cluster-2-1  | 16-Sep-2026 18:03:57 [---]    suspend work if non-BOINC CPU load exceeds 25%
client-cluster-2-1  | 16-Sep-2026 18:03:57 [---]    (to change preferences, visit a project web site or select Preferences in the Manager)
client-low-power-1  | 16-Sep-2026 18:04:01 [---] Config: GUI RPC allowed from any host
client-low-power-1  | 16-Sep-2026 18:04:01 [---] Config: simulate 1 CPUs
client-low-power-1  | 16-Sep-2026 18:04:01 [---] Config: report completed tasks immediately
client-low-power-1  | 16-Sep-2026 18:04:01 [---] No general preferences found - using defaults
client-low-power-1  | 16-Sep-2026 18:04:01 [---] Reading preferences override file
client-low-power-1  | 16-Sep-2026 18:04:01 [---] Preferences:
apache-1            | /usr/lib/python2.7/dist-packages/supervisor/options.py:461: UserWarning: Supervisord is running as root and it is searching for its configuration file in default locations (including its current working directory); you probably want to specify a "-c" argument specifying an absolute path to a configuration file for improved security.
apache-1            |   'Supervisord is running as root and it is searching '
apache-1            | 2026-09-16 18:02:15,302 CRIT Supervisor is running as root.  Privileges were not dropped because no user is specified in the config file.  If you intend to run as root, you can set user=root in the config file to avoid this message.
apache-1            | 2026-09-16 18:02:15,302 INFO Included extra file "/etc/supervisor/conf.d/supervisord.conf" during parsing
apache-1            | 2026-09-16 18:02:15,305 INFO RPC interface 'supervisor' initialized
apache-1            | 2026-09-16 18:02:15,305 CRIT Server 'unix_http_server' running without any HTTP authentication checking
apache-1            | 2026-09-16 18:02:15,305 INFO supervisord started with pid 1
apache-1            | 2026-09-16 18:02:16,314 INFO spawned: 'cron' with pid 9
client-phone-1      | 16-Sep-2026 18:03:56 [---] Config: simulate 1 CPUs
client-phone-1      | 16-Sep-2026 18:03:56 [---] Config: report completed tasks immediately
client-phone-1      | 16-Sep-2026 18:03:56 [---] No general preferences found - using defaults
client-phone-1      | 16-Sep-2026 18:03:56 [---] Reading preferences override file
client-phone-1      | 16-Sep-2026 18:03:56 [---] Preferences:
client-phone-1      | 16-Sep-2026 18:03:56 [---]    max memory usage when active: 8929.14 MB
client-cluster-1    | 16-Sep-2026 18:03:56 [---] Starting BOINC client version 7.20.5 for aarch64-unknown-linux-gnu
client-cluster-1    | 16-Sep-2026 18:03:56 [---] This a development version of BOINC and may not function properly
client-cluster-1    | 16-Sep-2026 18:03:56 [---] log flags: file_xfer, sched_ops, task
client-cluster-1    | 16-Sep-2026 18:03:56 [---] Libraries: libcurl/7.88.1 OpenSSL/3.0.20 zlib/1.2.13 brotli/1.0.9 zstd/1.5.4 libidn2/2.3.3 libpsl/0.21.2 (+libidn2/2.3.3) libssh2/1.10.0 nghttp2/1.52.0 librtmp/2.3 OpenLDAP/2.5.13
client-cluster-1    | 16-Sep-2026 18:03:56 [---] Data directory: /var/lib/boinc-client
client-cluster-1    | 16-Sep-2026 18:03:56 [---] No usable GPUs found
client-cluster-1    | 16-Sep-2026 18:03:56 [---] Creating new client state file
client-cluster-1    | 16-Sep-2026 18:03:56 [---] libc:  version 2.36
client-cluster-1    | 16-Sep-2026 18:03:56 [---] Host name: cluster-01
client-cluster-1    | 16-Sep-2026 18:03:56 [---] Processor: 4 ARM  [Impl 0x61 Arch 8 Variant 0x0 Part 0x000 Rev 0]
client-cluster-1    | 16-Sep-2026 18:03:56 [---] Processor features: fp asimd evtstrm aes pmull sha1 sha2 crc32 atomics fphp asimdhp cpuid asimdrdm jscvt fcma lrcpc dcpop sha3 asimddp sha512 asimdfhm dit uscat ilrcpc flagm sb paca pacg dcpodp flagm2 frint i8mm bf16 bti afp
client-cluster-2-1  | 16-Sep-2026 18:04:01 [http://boincserver.local/boincserver/] Fetching scheduler list
client-cluster-2-1  | 16-Sep-2026 18:04:03 [http://boincserver.local/boincserver/] Master file download succeeded
client-cluster-2-1  | 16-Sep-2026 18:04:08 [http://boincserver.local/boincserver/] Sending scheduler request: Project initialization.
client-cluster-2-1  | 16-Sep-2026 18:04:08 [http://boincserver.local/boincserver/] Requesting new tasks for CPU
client-cluster-2-1  | 16-Sep-2026 18:04:10 [boincserver] Scheduler request completed: got 1 new tasks
mysql-1             | 
client-phone-1      | 16-Sep-2026 18:03:56 [---]    max memory usage when idle: 8929.14 MB
mysql-1             | Alternatively you can run:
mysql-1             | '/usr/bin/mysql_secure_installation'
mysql-1             | 
mysql-1             | which will also give you the option of removing the test
apache-1            | 2026-09-16 18:02:16,318 INFO spawned: 'start' with pid 10
apache-1            | 2026-09-16 18:02:16,322 INFO spawned: 'rsyslogd' with pid 11
apache-1            | 2026-09-16 18:02:16,326 INFO spawned: 'apache2' with pid 12
apache-1            | 2026-09-16 18:02:18,283 INFO success: cron entered RUNNING state, process has stayed up for > than 1 seconds (startsecs)
apache-1            | 2026-09-16 18:02:18,283 INFO success: start entered RUNNING state, process has stayed up for > than 1 seconds (startsecs)
apache-1            | 2026-09-16 18:02:18,283 INFO success: rsyslogd entered RUNNING state, process has stayed up for > than 1 seconds (startsecs)
apache-1            | 2026-09-16 18:02:18,283 INFO success: apache2 entered RUNNING state, process has stayed up for > than 1 seconds (startsecs)
apache-1            | 2026-09-16 18:02:31,816 INFO reaped unknown pid 64
client-phone-1      | 16-Sep-2026 18:03:56 [---]    max disk usage: 2.00 GB
client-phone-1      | 16-Sep-2026 18:03:56 [---]    don't use GPU while active
client-phone-1      | 16-Sep-2026 18:03:56 [---]    suspend work if non-BOINC CPU load exceeds 25%
client-phone-1      | 16-Sep-2026 18:03:56 [---]    (to change preferences, visit a project web site or select Preferences in the Manager)
client-cluster-1    | 16-Sep-2026 18:03:56 [---] OS: Linux Debian GNU/Linux: Debian GNU/Linux 12 (bookworm) [6.8.0-100-generic|libc 2.36]
client-cluster-1    | 16-Sep-2026 18:03:56 [---] Memory: 9.69 GB physical, 0 bytes virtual
client-cluster-1    | 16-Sep-2026 18:03:56 [---] Disk: 18.33 GB total, 15.50 GB free
client-cluster-1    | 16-Sep-2026 18:03:56 [---] Local time is UTC +0 hours
client-cluster-1    | 16-Sep-2026 18:03:56 [---] Config: GUI RPC allowed from any host
client-cluster-1    | 16-Sep-2026 18:03:56 [---] Config: simulate 4 CPUs
client-cluster-1    | 16-Sep-2026 18:03:56 [---] Config: report completed tasks immediately
client-phone-1      | 16-Sep-2026 18:03:56 [---] Setting up project and slot directories
client-phone-1      | 16-Sep-2026 18:03:56 [---] Checking active tasks
client-phone-1      | 16-Sep-2026 18:03:56 [---] Setting up GUI RPC socket
client-phone-1      | 16-Sep-2026 18:03:56 [---] Checking presence of 0 project files
client-phone-1      | 16-Sep-2026 18:03:56 [---] This computer is not attached to any projects
client-phone-1      | 16-Sep-2026 18:03:56 Initialization completed
client-phone-1      | dir_open: Could not open directory 'slots' from '/var/lib/boinc-client'.
client-cluster-2-1  | 16-Sep-2026 18:04:10 [boincserver] Project requested delay of 7 seconds
client-cluster-2-1  | 16-Sep-2026 18:04:12 [boincserver] Started download of hybrid_synthetic_1.0_aarch64-unknown-linux-gnu
client-cluster-2-1  | 16-Sep-2026 18:04:12 [boincserver] Started download of hybrid_synthetic_input.txt
client-cluster-2-1  | 16-Sep-2026 18:04:14 [boincserver] Finished download of hybrid_synthetic_1.0_aarch64-unknown-linux-gnu
client-cluster-2-1  | 16-Sep-2026 18:04:14 [boincserver] Finished download of hybrid_synthetic_input.txt
client-cluster-2-1  | 16-Sep-2026 18:04:14 [boincserver] Starting task exp_20260916T180210Z_baseline_medium_10_0
client-cluster-2-1  | 16-Sep-2026 18:04:20 [boincserver] Sending scheduler request: To fetch work.
client-cluster-2-1  | 16-Sep-2026 18:04:20 [boincserver] Requesting new tasks for CPU
client-cluster-2-1  | 16-Sep-2026 18:04:27 [boincserver] Scheduler request completed: got 4 new tasks
client-cluster-2-1  | 16-Sep-2026 18:04:27 [boincserver] Project requested delay of 7 seconds
client-cluster-2-1  | 16-Sep-2026 18:04:29 [boincserver] Starting task exp_20260916T180210Z_baseline_long_4_0
client-cluster-2-1  | 16-Sep-2026 18:04:29 [boincserver] Starting task exp_20260916T180210Z_baseline_medium_1_0
apache-1            | 2026-09-16 18:02:31,816 INFO reaped unknown pid 66
apache-1            | 2026-09-16 18:02:31,816 INFO reaped unknown pid 68
apache-1            | 2026-09-16 18:02:33,430 INFO reaped unknown pid 67
apache-1            | 2026-09-16 18:02:33,430 INFO reaped unknown pid 69
apache-1            | 2026-09-16 18:02:33,431 INFO reaped unknown pid 65
apache-1            | 2026-09-16 18:02:41,641 INFO reaped unknown pid 160
apache-1            | 2026-09-16 18:02:41,642 INFO reaped unknown pid 162
apache-1            | 2026-09-16 18:02:41,642 INFO reaped unknown pid 164
apache-1            | 2026-09-16 18:02:41,642 INFO reaped unknown pid 166
client-desktop-1    | 16-Sep-2026 18:04:01 [---] Data directory: /var/lib/boinc-client
client-desktop-1    | 16-Sep-2026 18:04:01 [---] No usable GPUs found
client-desktop-1    | 16-Sep-2026 18:04:01 [---] Creating new client state file
client-desktop-1    | 16-Sep-2026 18:04:01 [---] libc:  version 2.36
client-desktop-1    | 16-Sep-2026 18:04:01 [---] Host name: desktop-01
client-desktop-1    | 16-Sep-2026 18:04:01 [---] Processor: 2 ARM  [Impl 0x61 Arch 8 Variant 0x0 Part 0x000 Rev 0]
client-desktop-1    | 16-Sep-2026 18:04:01 [---] Processor features: fp asimd evtstrm aes pmull sha1 sha2 crc32 atomics fphp asimdhp cpuid asimdrdm jscvt fcma lrcpc dcpop sha3 asimddp sha512 asimdfhm dit uscat ilrcpc flagm sb paca pacg dcpodp flagm2 frint i8mm bf16 bti afp
client-desktop-1    | 16-Sep-2026 18:04:01 [---] OS: Linux Debian GNU/Linux: Debian GNU/Linux 12 (bookworm) [6.8.0-100-generic|libc 2.36]
apache-1            | 2026-09-16 18:02:41,642 INFO reaped unknown pid 168
apache-1            | 2026-09-16 18:05:01,377 INFO reaped unknown pid 355
apache-1            | 2026-09-16 18:05:01,479 INFO reaped unknown pid 357
apache-1            | 2026-09-16 18:05:01,586 INFO reaped unknown pid 359
apache-1            | 2026-09-16 18:05:01,685 INFO reaped unknown pid 361
apache-1            | 2026-09-16 18:05:01,786 INFO reaped unknown pid 363
apache-1            | 2026-09-16 18:05:02,803 INFO reaped unknown pid 354
apache-1            | 2026-09-16 18:05:02,804 INFO reaped unknown pid 356
apache-1            | 2026-09-16 18:05:02,804 INFO reaped unknown pid 358
client-desktop-1    | 16-Sep-2026 18:04:01 [---] Memory: 9.69 GB physical, 0 bytes virtual
client-desktop-1    | 16-Sep-2026 18:04:01 [---] Disk: 18.33 GB total, 15.50 GB free
client-desktop-1    | 16-Sep-2026 18:04:01 [---] Local time is UTC +0 hours
client-desktop-1    | 16-Sep-2026 18:04:01 [---] Config: GUI RPC allowed from any host
client-cluster-1    | 16-Sep-2026 18:03:56 [---] No general preferences found - using defaults
client-cluster-1    | 16-Sep-2026 18:03:56 [---] Reading preferences override file
client-cluster-1    | 16-Sep-2026 18:03:56 [---] Preferences:
client-cluster-1    | dir_open: Could not open directory 'slots' from '/var/lib/boinc-client'.
client-cluster-1    | 16-Sep-2026 18:03:56 [---]    max memory usage when active: 8929.14 MB
client-cluster-1    | 16-Sep-2026 18:03:56 [---]    max memory usage when idle: 8929.14 MB
client-cluster-2-1  | 16-Sep-2026 18:04:29 [boincserver] Starting task exp_20260916T180210Z_baseline_long_5_0
client-cluster-2-1  | 16-Sep-2026 18:04:37 [boincserver] Sending scheduler request: To fetch work.
client-cluster-2-1  | 16-Sep-2026 18:04:37 [boincserver] Requesting new tasks for CPU
client-cluster-2-1  | 16-Sep-2026 18:04:39 [boincserver] Scheduler request completed: got 3 new tasks
client-cluster-2-1  | 16-Sep-2026 18:04:39 [boincserver] Project requested delay of 7 seconds
mysql-1             | databases and anonymous user created by default.  This is
mysql-1             | strongly recommended for production servers.
mysql-1             | 
makeproject-1       | Updating project files in data volume...
makeproject-1       | Waiting for MySQL server to start...
makeproject-1       | Creating database...
makeproject-1       | added platform: (create_time, name, user_friendly_name) values (1789581745, 'windows_intelx86', 'Microsoft Windows (98 or later) running on an Intel x86-compatible CPU')
makeproject-1       | added platform: (create_time, name, user_friendly_name) values (1789581745, 'windows_x86_64', 'Microsoft Windows running on an AMD x86_64 or Intel EM64T CPU')
makeproject-1       | added platform: (create_time, name, user_friendly_name) values (1789581745, 'windows_arm64', 'Microsoft Windows running on ARM 64-bit')
client-cluster-2-1  | 16-Sep-2026 18:04:47 [boincserver] Computation for task exp_20260916T180210Z_baseline_medium_10_0 finished
client-cluster-2-1  | 16-Sep-2026 18:04:47 [boincserver] Starting task exp_20260916T180210Z_baseline_long_3_0
client-cluster-2-1  | 16-Sep-2026 18:04:49 [boincserver] Started upload of exp_20260916T180210Z_baseline_medium_10_0_r1729756833_0
client-cluster-2-1  | 16-Sep-2026 18:04:51 [boincserver] Finished upload of exp_20260916T180210Z_baseline_medium_10_0_r1729756833_0
mysql-1             | See the MariaDB Knowledgebase at http://mariadb.com/kb or the
mysql-1             | MySQL manual for more instructions.
mysql-1             | 
mysql-1             | Please report any problems at http://mariadb.org/jira
client-cluster-1    | 16-Sep-2026 18:03:56 [---]    max disk usage: 2.00 GB
client-cluster-1    | 16-Sep-2026 18:03:56 [---]    don't use GPU while active
client-cluster-1    | 16-Sep-2026 18:03:56 [---]    suspend work if non-BOINC CPU load exceeds 25%
client-cluster-1    | 16-Sep-2026 18:03:56 [---]    (to change preferences, visit a project web site or select Preferences in the Manager)
client-cluster-1    | 16-Sep-2026 18:03:56 [---] Setting up project and slot directories
client-cluster-1    | 16-Sep-2026 18:03:56 [---] Checking active tasks
client-cluster-1    | 16-Sep-2026 18:03:56 [---] Setting up GUI RPC socket
client-cluster-1    | 16-Sep-2026 18:03:56 [---] Checking presence of 0 project files
client-cluster-1    | 16-Sep-2026 18:03:56 [---] This computer is not attached to any projects
client-cluster-1    | 16-Sep-2026 18:03:56 Initialization completed
client-cluster-1    | dir_open: Could not open directory 'projects/boincserver.local_boincserver' from '/var/lib/boinc-client'.
client-cluster-1    | 16-Sep-2026 18:03:57 [---] No general preferences found - using defaults
client-cluster-1    | 16-Sep-2026 18:03:57 [---] Reading preferences override file
client-cluster-1    | 16-Sep-2026 18:03:57 [---] Preferences:
client-cluster-1    | 16-Sep-2026 18:03:57 [---]    max memory usage when active: 8929.14 MB
client-cluster-1    | 16-Sep-2026 18:03:57 [---]    max memory usage when idle: 8929.14 MB
client-cluster-1    | 16-Sep-2026 18:03:57 [---]    max disk usage: 2.00 GB
mysql-1             | 
mysql-1             | The latest information about MariaDB is available at http://mariadb.org/.
apache-1            | 2026-09-16 18:05:02,804 INFO reaped unknown pid 360
apache-1            | 2026-09-16 18:05:02,804 INFO reaped unknown pid 362
client-desktop-1    | 16-Sep-2026 18:04:01 [---] Config: simulate 2 CPUs
makeproject-1       | added platform: (create_time, name, user_friendly_name) values (1789581745, 'i686-pc-linux-gnu', 'Linux running on an Intel x86-compatible CPU')
client-desktop-1    | 16-Sep-2026 18:04:01 [---] Config: report completed tasks immediately
client-desktop-1    | 16-Sep-2026 18:04:01 [---] No general preferences found - using defaults
client-desktop-1    | 16-Sep-2026 18:04:01 [---] Reading preferences override file
client-cluster-2-1  | 16-Sep-2026 18:04:54 [boincserver] Sending scheduler request: To report completed tasks.
client-cluster-2-1  | 16-Sep-2026 18:04:54 [boincserver] Reporting 1 completed tasks
client-cluster-2-1  | 16-Sep-2026 18:04:54 [boincserver] Requesting new tasks for CPU
client-cluster-2-1  | 16-Sep-2026 18:04:56 [boincserver] Scheduler request completed: got 1 new tasks
client-cluster-2-1  | 16-Sep-2026 18:04:56 [boincserver] Project requested delay of 7 seconds
apache-1            | 2026-09-16 18:05:02,804 INFO reaped unknown pid 365
apache-1            | 2026-09-16 18:05:02,804 INFO reaped unknown pid 369
apache-1            | 2026-09-16 18:05:02,804 INFO reaped unknown pid 371
apache-1            | 2026-09-16 18:05:02,804 INFO reaped unknown pid 373
apache-1            | 2026-09-16 18:05:02,804 INFO reaped unknown pid 376
client-cluster-2-1  | 16-Sep-2026 18:05:07 [boincserver] Sending scheduler request: To fetch work.
client-cluster-2-1  | 16-Sep-2026 18:05:07 [boincserver] Requesting new tasks for CPU
client-cluster-2-1  | 16-Sep-2026 18:05:09 [boincserver] Scheduler request completed: got 0 new tasks
client-cluster-2-1  | 16-Sep-2026 18:05:09 [boincserver] Project has no tasks available
client-cluster-2-1  | 16-Sep-2026 18:05:09 [boincserver] Project requested delay of 7 seconds
client-cluster-2-1  | 16-Sep-2026 18:05:10 [boincserver] Computation for task exp_20260916T180210Z_baseline_medium_1_0 finished
client-cluster-2-1  | 16-Sep-2026 18:05:10 [boincserver] Elapsed time limit 50.000000 < 120.000000; setting to 43200.000000
client-cluster-2-1  | 16-Sep-2026 18:05:10 [boincserver] Starting task exp_20260916T180210Z_baseline_short_3_0
client-cluster-2-1  | 16-Sep-2026 18:05:12 [boincserver] Started upload of exp_20260916T180210Z_baseline_medium_1_0_r1029258880_0
client-cluster-1    | 16-Sep-2026 18:03:57 [---]    don't use GPU while active
client-cluster-1    | 16-Sep-2026 18:03:57 [---]    suspend work if non-BOINC CPU load exceeds 25%
client-cluster-1    | 16-Sep-2026 18:03:57 [---]    (to change preferences, visit a project web site or select Preferences in the Manager)
client-cluster-1    | 16-Sep-2026 18:04:01 [http://boincserver.local/boincserver/] Fetching scheduler list
client-cluster-1    | 16-Sep-2026 18:04:07 [http://boincserver.local/boincserver/] Master file download succeeded
client-cluster-1    | 16-Sep-2026 18:04:12 [http://boincserver.local/boincserver/] Sending scheduler request: Project initialization.
client-cluster-1    | 16-Sep-2026 18:04:12 [http://boincserver.local/boincserver/] Requesting new tasks for CPU
apache-1            | 2026-09-16 18:05:02,804 INFO reaped unknown pid 378
client-low-power-1  | 16-Sep-2026 18:04:01 [---]    max memory usage when active: 8929.14 MB
client-low-power-1  | 16-Sep-2026 18:04:01 [---]    max memory usage when idle: 8929.14 MB
client-low-power-1  | 16-Sep-2026 18:04:01 [---]    max disk usage: 2.00 GB
client-low-power-1  | 16-Sep-2026 18:04:01 [---]    don't use GPU while active
client-low-power-1  | 16-Sep-2026 18:04:01 [---]    suspend work if non-BOINC CPU load exceeds 25%
client-low-power-1  | 16-Sep-2026 18:04:01 [---]    (to change preferences, visit a project web site or select Preferences in the Manager)
client-low-power-1  | 16-Sep-2026 18:04:01 [---] Setting up project and slot directories
client-low-power-1  | 16-Sep-2026 18:04:01 [---] Checking active tasks
client-low-power-1  | 16-Sep-2026 18:04:01 [---] Setting up GUI RPC socket
client-low-power-1  | dir_open: Could not open directory 'slots' from '/var/lib/boinc-client'.
makeproject-1       | added platform: (create_time, name, user_friendly_name) values (1789581745, 'x86_64-pc-linux-gnu', 'Linux running on an AMD x86_64 or Intel EM64T CPU')
makeproject-1       | added platform: (create_time, name, user_friendly_name) values (1789581745, 'powerpc-apple-darwin', 'Mac OS X 10.3 or later running on Motorola PowerPC')
makeproject-1       | added platform: (create_time, name, user_friendly_name) values (1789581745, 'i686-apple-darwin', 'Mac OS 10.4 or later running on Intel')
makeproject-1       | added platform: (create_time, name, user_friendly_name) values (1789581745, 'x86_64-apple-darwin', 'Intel 64-bit Mac OS 10.5 or later')
client-phone-2-1    | 16-Sep-2026 18:03:56 [---] Config: simulate 1 CPUs
client-cluster-2-1  | 16-Sep-2026 18:05:14 [boincserver] Finished upload of exp_20260916T180210Z_baseline_medium_1_0_r1029258880_0
client-cluster-2-1  | 16-Sep-2026 18:05:18 [boincserver] Computation for task exp_20260916T180210Z_baseline_short_3_0 finished
client-cluster-2-1  | 16-Sep-2026 18:05:18 [boincserver] Elapsed time limit 50.000000 < 120.000000; setting to 43200.000000
client-cluster-2-1  | 16-Sep-2026 18:05:18 [boincserver] Starting task exp_20260916T180210Z_baseline_short_1_0
client-phone-2-1    | 16-Sep-2026 18:03:56 [---] Config: report completed tasks immediately
client-phone-2-1    | 16-Sep-2026 18:03:56 [---] No general preferences found - using defaults
client-phone-2-1    | 16-Sep-2026 18:03:56 [---] Reading preferences override file
client-phone-2-1    | 16-Sep-2026 18:03:56 [---] Preferences:
client-phone-2-1    | 16-Sep-2026 18:03:56 [---]    max memory usage when active: 8929.14 MB
makeproject-1       | added platform: (create_time, name, user_friendly_name) values (1789581745, 'arm64-apple-darwin', 'Mac OS running on ARM')
makeproject-1       | added platform: (create_time, name, user_friendly_name) values (1789581745, 'sparc-sun-solaris2.7', 'Solaris 2.7 running on a SPARC-compatible CPU')
makeproject-1       | added platform: (create_time, name, user_friendly_name) values (1789581745, 'sparc-sun-solaris', 'Solaris 2.8 or later running on a SPARC-compatible CPU')
makeproject-1       | added platform: (create_time, name, user_friendly_name) values (1789581745, 'sparc64-sun-solaris', 'Solaris 2.8 or later running on a SPARC 64-bit CPU')
apache-1            | 2026-09-16 18:05:02,804 INFO reaped unknown pid 382
apache-1            | 2026-09-16 18:05:06,900 INFO reaped unknown pid 364
apache-1            | 2026-09-16 18:05:07,638 INFO reaped unknown pid 380
client-desktop-1    | 16-Sep-2026 18:04:01 [---] Preferences:
client-cluster-2-1  | 16-Sep-2026 18:05:19 [boincserver] Sending scheduler request: To report completed tasks.
client-cluster-2-1  | 16-Sep-2026 18:05:19 [boincserver] Reporting 1 completed tasks
client-cluster-2-1  | 16-Sep-2026 18:05:19 [boincserver] Requesting new tasks for CPU
client-cluster-2-1  | 16-Sep-2026 18:05:20 [boincserver] Started upload of exp_20260916T180210Z_baseline_short_3_0_r1441907110_0
client-cluster-2-1  | 16-Sep-2026 18:05:21 [boincserver] Finished upload of exp_20260916T180210Z_baseline_short_3_0_r1441907110_0
client-cluster-2-1  | 16-Sep-2026 18:05:21 [boincserver] Scheduler request completed: got 0 new tasks
client-cluster-2-1  | 16-Sep-2026 18:05:21 [boincserver] Project has no tasks available
client-cluster-2-1  | 16-Sep-2026 18:05:21 [boincserver] Project requested delay of 7 seconds
client-cluster-2-1  | 16-Sep-2026 18:05:27 [boincserver] Computation for task exp_20260916T180210Z_baseline_short_1_0 finished
makeproject-1       | added platform: (create_time, name, user_friendly_name) values (1789581745, 'powerpc64-ps3-linux-gnu', 'Sony Playstation 3 running Linux')
makeproject-1       | added platform: (create_time, name, user_friendly_name) values (1789581745, 'arm-android-linux-gnu', 'Android running on ARM armeabi-v7a')
makeproject-1       | added platform: (create_time, name, user_friendly_name) values (1789581745, 'aarch64-android-linux-gnu', 'Android running on ARM 64-bit arm64-v8a')
client-phone-1      | dir_open: Could not open directory 'projects/boincserver.local_boincserver' from '/var/lib/boinc-client'.
client-phone-1      | 16-Sep-2026 18:03:57 [---] No general preferences found - using defaults
client-phone-1      | 16-Sep-2026 18:03:57 [---] Reading preferences override file
client-phone-1      | 16-Sep-2026 18:03:57 [---] Preferences:
client-phone-1      | 16-Sep-2026 18:03:57 [---]    max memory usage when active: 8929.14 MB
client-phone-1      | 16-Sep-2026 18:03:57 [---]    max memory usage when idle: 8929.14 MB
client-phone-1      | 16-Sep-2026 18:03:57 [---]    max disk usage: 2.00 GB
client-phone-1      | 16-Sep-2026 18:03:57 [---]    don't use GPU while active
client-phone-1      | 16-Sep-2026 18:03:57 [---]    suspend work if non-BOINC CPU load exceeds 25%
client-phone-1      | 16-Sep-2026 18:03:57 [---]    (to change preferences, visit a project web site or select Preferences in the Manager)
client-phone-1      | 16-Sep-2026 18:04:01 [http://boincserver.local/boincserver/] Fetching scheduler list
client-phone-1      | 16-Sep-2026 18:04:03 [http://boincserver.local/boincserver/] Master file download succeeded
mysql-1             | You can find additional information about the MySQL part at:
mysql-1             | http://dev.mysql.com
mysql-1             | Consider joining MariaDB's strong and vibrant community:
mysql-1             | https://mariadb.org/get-involved/
mysql-1             | 
mysql-1             | Database initialized
mysql-1             | MySQL init process in progress...
client-low-power-1  | 16-Sep-2026 18:04:01 [---] Checking presence of 0 project files
client-low-power-1  | 16-Sep-2026 18:04:01 [---] This computer is not attached to any projects
client-low-power-1  | 16-Sep-2026 18:04:01 Initialization completed
makeproject-1       | added platform: (create_time, name, user_friendly_name) values (1789581745, 'x86_64-android-linux-gnu', 'Android running on Intel x64 compatible')
makeproject-1       | added platform: (create_time, name, user_friendly_name) values (1789581745, 'x86-android-linux-gnu', 'Android running on Intel x86 compatible')
client-cluster-2-1  | 16-Sep-2026 18:05:27 [boincserver] Elapsed time limit 50.000000 < 120.000000; setting to 43200.000000
client-cluster-2-1  | 16-Sep-2026 18:05:27 [boincserver] Starting task exp_20260916T180210Z_baseline_short_4_0
client-cluster-2-1  | 16-Sep-2026 18:05:29 [boincserver] Started upload of exp_20260916T180210Z_baseline_short_1_0_r1847225660_0
client-cluster-2-1  | 16-Sep-2026 18:05:31 [boincserver] Finished upload of exp_20260916T180210Z_baseline_short_1_0_r1847225660_0
client-cluster-2-1  | 16-Sep-2026 18:05:31 [boincserver] Sending scheduler request: To report completed tasks.
client-low-power-1  | dir_open: Could not open directory 'projects/boincserver.local_boincserver' from '/var/lib/boinc-client'.
client-low-power-1  | 16-Sep-2026 18:04:02 [---] No general preferences found - using defaults
client-low-power-1  | 16-Sep-2026 18:04:02 [---] Reading preferences override file
makeproject-1       | added platform: (create_time, name, user_friendly_name) values (1789581745, 'arm-unknown-linux-gnueabihf', 'Linux running on ARM, hardware FP')
makeproject-1       | added platform: (create_time, name, user_friendly_name) values (1789581745, 'aarch64-unknown-linux-gnu', 'Linux running on ARM64')
makeproject-1       | added platform: (create_time, name, user_friendly_name) values (1789581745, 'anonymous', 'anonymous')
makeproject-1       | 
client-cluster-1    | 16-Sep-2026 18:04:14 [boincserver] Scheduler request completed: got 1 new tasks
client-cluster-2-1  | 16-Sep-2026 18:05:31 [boincserver] Reporting 2 completed tasks
client-cluster-2-1  | 16-Sep-2026 18:05:31 [boincserver] Requesting new tasks for CPU
client-cluster-2-1  | 16-Sep-2026 18:05:33 [boincserver] Scheduler request completed: got 0 new tasks
client-phone-1      | 16-Sep-2026 18:04:08 [http://boincserver.local/boincserver/] Sending scheduler request: Project initialization.
client-phone-1      | 16-Sep-2026 18:04:08 [http://boincserver.local/boincserver/] Requesting new tasks for CPU
client-phone-1      | 16-Sep-2026 18:04:15 [boincserver] Scheduler request completed: got 1 new tasks
client-phone-1      | 16-Sep-2026 18:04:15 [boincserver] Project requested delay of 7 seconds
client-cluster-1    | 16-Sep-2026 18:04:14 [boincserver] Project requested delay of 7 seconds
client-cluster-1    | 16-Sep-2026 18:04:16 [boincserver] Started download of hybrid_synthetic_1.0_aarch64-unknown-linux-gnu
client-cluster-1    | 16-Sep-2026 18:04:16 [boincserver] Started download of hybrid_synthetic_input.txt
client-cluster-1    | 16-Sep-2026 18:04:18 [boincserver] Finished download of hybrid_synthetic_1.0_aarch64-unknown-linux-gnu
client-phone-2-1    | 16-Sep-2026 18:03:56 [---]    max memory usage when idle: 8929.14 MB
client-phone-2-1    | 16-Sep-2026 18:03:56 [---]    max disk usage: 2.00 GB
client-phone-2-1    | 16-Sep-2026 18:03:56 [---]    don't use GPU while active
client-desktop-1    | 16-Sep-2026 18:04:01 [---]    max memory usage when active: 8929.14 MB
client-desktop-1    | 16-Sep-2026 18:04:01 [---]    max memory usage when idle: 8929.14 MB
client-desktop-1    | 16-Sep-2026 18:04:01 [---]    max disk usage: 2.00 GB
client-desktop-1    | 16-Sep-2026 18:04:01 [---]    don't use GPU while active
client-desktop-1    | 16-Sep-2026 18:04:01 [---]    suspend work if non-BOINC CPU load exceeds 25%
client-low-power-1  | 16-Sep-2026 18:04:02 [---] Preferences:
client-low-power-1  | 16-Sep-2026 18:04:02 [---]    max memory usage when active: 8929.14 MB
client-low-power-1  | 16-Sep-2026 18:04:02 [---]    max memory usage when idle: 8929.14 MB
client-low-power-1  | 16-Sep-2026 18:04:02 [---]    max disk usage: 2.00 GB
client-low-power-1  | 16-Sep-2026 18:04:02 [---]    don't use GPU while active
client-phone-1      | 16-Sep-2026 18:04:17 [boincserver] Started download of hybrid_synthetic_1.0_aarch64-unknown-linux-gnu
client-phone-1      | 16-Sep-2026 18:04:17 [boincserver] Started download of hybrid_synthetic_input.txt
client-phone-1      | 16-Sep-2026 18:04:19 [boincserver] Finished download of hybrid_synthetic_1.0_aarch64-unknown-linux-gnu
client-phone-1      | 16-Sep-2026 18:04:19 [boincserver] Finished download of hybrid_synthetic_input.txt
client-phone-1      | 16-Sep-2026 18:04:19 [boincserver] Elapsed time limit 50.000000 < 120.000000; setting to 43200.000000
client-phone-1      | 16-Sep-2026 18:04:19 [boincserver] Starting task exp_20260916T180210Z_baseline_short_18_0
client-phone-1      | 16-Sep-2026 18:04:25 [boincserver] Sending scheduler request: To fetch work.
client-phone-1      | 16-Sep-2026 18:04:25 [boincserver] Requesting new tasks for CPU
client-phone-1      | 16-Sep-2026 18:04:27 [boincserver] Scheduler request completed: got 1 new tasks
client-phone-1      | 16-Sep-2026 18:04:27 [boincserver] Project requested delay of 7 seconds
client-phone-1      | 16-Sep-2026 18:04:28 [boincserver] Computation for task exp_20260916T180210Z_baseline_short_18_0 finished
client-phone-1      | 16-Sep-2026 18:04:29 [boincserver] Elapsed time limit 50.000000 < 120.000000; setting to 43200.000000
client-phone-1      | 16-Sep-2026 18:04:29 [boincserver] Starting task exp_20260916T180210Z_baseline_short_17_0
client-phone-1      | 16-Sep-2026 18:04:30 [boincserver] Started upload of exp_20260916T180210Z_baseline_short_18_0_r1011924876_0
client-phone-1      | 16-Sep-2026 18:04:32 [boincserver] Finished upload of exp_20260916T180210Z_baseline_short_18_0_r1011924876_0
client-phone-1      | 16-Sep-2026 18:04:37 [boincserver] Sending scheduler request: To report completed tasks.
client-phone-1      | 16-Sep-2026 18:04:37 [boincserver] Reporting 1 completed tasks
client-phone-1      | 16-Sep-2026 18:04:37 [boincserver] Requesting new tasks for CPU
client-phone-1      | 16-Sep-2026 18:04:38 [boincserver] Computation for task exp_20260916T180210Z_baseline_short_17_0 finished
client-phone-1      | 16-Sep-2026 18:04:39 [boincserver] Scheduler request completed: got 1 new tasks
client-desktop-1    | 16-Sep-2026 18:04:01 [---]    (to change preferences, visit a project web site or select Preferences in the Manager)
client-desktop-1    | 16-Sep-2026 18:04:01 [---] Setting up project and slot directories
client-desktop-1    | dir_open: Could not open directory 'slots' from '/var/lib/boinc-client'.
client-desktop-1    | 16-Sep-2026 18:04:01 [---] Checking active tasks
client-low-power-1  | 16-Sep-2026 18:04:02 [---]    suspend work if non-BOINC CPU load exceeds 25%
client-low-power-1  | 16-Sep-2026 18:04:02 [---]    (to change preferences, visit a project web site or select Preferences in the Manager)
client-low-power-1  | 16-Sep-2026 18:04:06 [http://boincserver.local/boincserver/] Fetching scheduler list
client-low-power-1  | 16-Sep-2026 18:04:08 [http://boincserver.local/boincserver/] Master file download succeeded
client-low-power-1  | 16-Sep-2026 18:04:13 [http://boincserver.local/boincserver/] Sending scheduler request: Project initialization.
client-low-power-1  | 16-Sep-2026 18:04:13 [http://boincserver.local/boincserver/] Requesting new tasks for CPU
client-low-power-1  | 16-Sep-2026 18:04:15 [boincserver] Scheduler request completed: got 1 new tasks
client-phone-1      | 16-Sep-2026 18:04:39 [boincserver] Project requested delay of 7 seconds
client-phone-1      | 16-Sep-2026 18:04:40 [boincserver] Started upload of exp_20260916T180210Z_baseline_short_17_0_r1247823964_0
client-phone-2-1    | 16-Sep-2026 18:03:56 [---]    suspend work if non-BOINC CPU load exceeds 25%
client-phone-2-1    | 16-Sep-2026 18:03:56 [---]    (to change preferences, visit a project web site or select Preferences in the Manager)
mysql-1             | 2026-09-16 18:02:17 0 [Note] mysqld (mysqld 10.3.8-MariaDB-1:10.3.8+maria~bionic) starting as process 103 ...
mysql-1             | 2026-09-16 18:02:17 0 [Note] InnoDB: Using Linux native AIO
client-low-power-1  | 16-Sep-2026 18:04:15 [boincserver] Project requested delay of 7 seconds
client-low-power-1  | 16-Sep-2026 18:04:17 [boincserver] Started download of hybrid_synthetic_1.0_aarch64-unknown-linux-gnu
client-phone-1      | 16-Sep-2026 18:04:41 [boincserver] Elapsed time limit 50.000000 < 120.000000; setting to 43200.000000
client-phone-1      | 16-Sep-2026 18:04:41 [boincserver] Starting task exp_20260916T180210Z_baseline_short_2_0
client-phone-2-1    | 16-Sep-2026 18:03:56 [---] Setting up project and slot directories
client-phone-2-1    | 16-Sep-2026 18:03:56 [---] Checking active tasks
client-phone-2-1    | 16-Sep-2026 18:03:56 [---] Setting up GUI RPC socket
client-phone-2-1    | dir_open: Could not open directory 'slots' from '/var/lib/boinc-client'.
client-phone-2-1    | 16-Sep-2026 18:03:56 [---] Checking presence of 0 project files
client-phone-2-1    | 16-Sep-2026 18:03:56 [---] This computer is not attached to any projects
client-phone-2-1    | 16-Sep-2026 18:03:56 Initialization completed
client-phone-2-1    | dir_open: Could not open directory 'projects/boincserver.local_boincserver' from '/var/lib/boinc-client'.
client-phone-2-1    | 16-Sep-2026 18:03:57 [---] No general preferences found - using defaults
client-phone-2-1    | 16-Sep-2026 18:03:57 [---] Reading preferences override file
client-phone-2-1    | 16-Sep-2026 18:03:57 [---] Preferences:
client-cluster-2-1  | 16-Sep-2026 18:05:33 [boincserver] Project has no tasks available
client-cluster-2-1  | 16-Sep-2026 18:05:33 [boincserver] Project requested delay of 7 seconds
client-cluster-2-1  | 16-Sep-2026 18:05:36 [boincserver] Computation for task exp_20260916T180210Z_baseline_short_4_0 finished
client-cluster-2-1  | 16-Sep-2026 18:05:36 [boincserver] Elapsed time limit 50.000000 < 120.000000; setting to 43200.000000
client-cluster-2-1  | 16-Sep-2026 18:05:36 [boincserver] Starting task exp_20260916T180210Z_baseline_short_16_0
client-low-power-1  | 16-Sep-2026 18:04:17 [boincserver] Started download of hybrid_synthetic_input.txt
client-low-power-1  | 16-Sep-2026 18:04:19 [boincserver] Finished download of hybrid_synthetic_1.0_aarch64-unknown-linux-gnu
client-phone-1      | 16-Sep-2026 18:04:42 [boincserver] Finished upload of exp_20260916T180210Z_baseline_short_17_0_r1247823964_0
client-phone-1      | 16-Sep-2026 18:04:49 [boincserver] Computation for task exp_20260916T180210Z_baseline_short_2_0 finished
client-phone-1      | 16-Sep-2026 18:04:49 [boincserver] Sending scheduler request: To report completed tasks.
client-phone-1      | 16-Sep-2026 18:04:49 [boincserver] Reporting 1 completed tasks
client-phone-1      | 16-Sep-2026 18:04:49 [boincserver] Requesting new tasks for CPU
client-phone-1      | 16-Sep-2026 18:04:51 [boincserver] Started upload of exp_20260916T180210Z_baseline_short_2_0_r105269304_0
client-phone-1      | 16-Sep-2026 18:04:53 [boincserver] Finished upload of exp_20260916T180210Z_baseline_short_2_0_r105269304_0
client-phone-1      | 16-Sep-2026 18:04:56 [boincserver] Scheduler request completed: got 1 new tasks
client-phone-1      | 16-Sep-2026 18:04:56 [boincserver] Project requested delay of 7 seconds
client-cluster-1    | 16-Sep-2026 18:04:18 [boincserver] Finished download of hybrid_synthetic_input.txt
client-cluster-1    | 16-Sep-2026 18:04:18 [boincserver] Elapsed time limit 50.000000 < 120.000000; setting to 43200.000000
client-phone-2-1    | 16-Sep-2026 18:03:57 [---]    max memory usage when active: 8929.14 MB
client-phone-2-1    | 16-Sep-2026 18:03:57 [---]    max memory usage when idle: 8929.14 MB
client-phone-2-1    | 16-Sep-2026 18:03:57 [---]    max disk usage: 2.00 GB
client-phone-2-1    | 16-Sep-2026 18:03:57 [---]    don't use GPU while active
client-phone-2-1    | 16-Sep-2026 18:03:57 [---]    suspend work if non-BOINC CPU load exceeds 25%
client-cluster-2-1  | 16-Sep-2026 18:05:38 [boincserver] Started upload of exp_20260916T180210Z_baseline_short_4_0_r1717882702_0
client-cluster-2-1  | 16-Sep-2026 18:05:40 [boincserver] Finished upload of exp_20260916T180210Z_baseline_short_4_0_r1717882702_0
client-low-power-1  | 16-Sep-2026 18:04:19 [boincserver] Finished download of hybrid_synthetic_input.txt
client-low-power-1  | 16-Sep-2026 18:04:19 [boincserver] Starting task exp_20260916T180210Z_baseline_medium_3_0
client-low-power-1  | 16-Sep-2026 18:04:25 [boincserver] Sending scheduler request: To fetch work.
client-low-power-1  | 16-Sep-2026 18:04:25 [boincserver] Requesting new tasks for CPU
client-low-power-1  | 16-Sep-2026 18:04:32 [boincserver] Scheduler request completed: got 1 new tasks
client-cluster-1    | 16-Sep-2026 18:04:18 [boincserver] Starting task exp_20260916T180210Z_baseline_short_14_0
client-cluster-1    | 16-Sep-2026 18:04:24 [boincserver] Sending scheduler request: To fetch work.
client-desktop-1    | 16-Sep-2026 18:04:01 [---] Setting up GUI RPC socket
client-desktop-1    | 16-Sep-2026 18:04:01 [---] Checking presence of 0 project files
client-desktop-1    | 16-Sep-2026 18:04:01 [---] This computer is not attached to any projects
client-desktop-1    | 16-Sep-2026 18:04:01 Initialization completed
client-desktop-1    | dir_open: Could not open directory 'projects/boincserver.local_boincserver' from '/var/lib/boinc-client'.
client-low-power-1  | 16-Sep-2026 18:04:32 [boincserver] Project requested delay of 7 seconds
client-low-power-1  | 16-Sep-2026 18:04:42 [boincserver] Sending scheduler request: To fetch work.
client-low-power-1  | 16-Sep-2026 18:04:42 [boincserver] Requesting new tasks for CPU
client-low-power-1  | 16-Sep-2026 18:04:44 [boincserver] Scheduler request completed: got 0 new tasks
client-low-power-1  | 16-Sep-2026 18:04:44 [boincserver] No tasks sent
client-phone-2-1    | 16-Sep-2026 18:03:57 [---]    (to change preferences, visit a project web site or select Preferences in the Manager)
client-phone-2-1    | 16-Sep-2026 18:04:01 [http://boincserver.local/boincserver/] Fetching scheduler list
client-phone-2-1    | 16-Sep-2026 18:04:07 [http://boincserver.local/boincserver/] Master file download succeeded
client-phone-2-1    | 16-Sep-2026 18:04:12 [http://boincserver.local/boincserver/] Sending scheduler request: Project initialization.
client-phone-2-1    | 16-Sep-2026 18:04:12 [http://boincserver.local/boincserver/] Requesting new tasks for CPU
client-phone-2-1    | 16-Sep-2026 18:04:14 [boincserver] Scheduler request completed: got 1 new tasks
client-cluster-1    | 16-Sep-2026 18:04:24 [boincserver] Requesting new tasks for CPU
client-cluster-1    | 16-Sep-2026 18:04:26 [boincserver] Computation for task exp_20260916T180210Z_baseline_short_14_0 finished
client-cluster-1    | 16-Sep-2026 18:04:28 [boincserver] Started upload of exp_20260916T180210Z_baseline_short_14_0_r1914279884_0
client-cluster-1    | 16-Sep-2026 18:04:30 [boincserver] Finished upload of exp_20260916T180210Z_baseline_short_14_0_r1914279884_0
client-cluster-1    | 16-Sep-2026 18:04:31 [boincserver] Scheduler request completed: got 4 new tasks
client-low-power-1  | 16-Sep-2026 18:04:44 [boincserver] This computer has reached a limit on tasks in progress
client-low-power-1  | 16-Sep-2026 18:04:44 [boincserver] Project requested delay of 7 seconds
client-low-power-1  | 16-Sep-2026 18:04:52 [boincserver] Computation for task exp_20260916T180210Z_baseline_medium_3_0 finished
client-low-power-1  | 16-Sep-2026 18:04:52 [boincserver] Starting task exp_20260916T180210Z_baseline_medium_6_0
client-low-power-1  | 16-Sep-2026 18:04:54 [boincserver] Started upload of exp_20260916T180210Z_baseline_medium_3_0_r1974433135_0
client-low-power-1  | 16-Sep-2026 18:04:56 [boincserver] Finished upload of exp_20260916T180210Z_baseline_medium_3_0_r1974433135_0
client-low-power-1  | 16-Sep-2026 18:04:59 [boincserver] Sending scheduler request: To report completed tasks.
client-low-power-1  | 16-Sep-2026 18:04:59 [boincserver] Reporting 1 completed tasks
client-low-power-1  | 16-Sep-2026 18:04:59 [boincserver] Requesting new tasks for CPU
client-low-power-1  | 16-Sep-2026 18:05:01 [boincserver] Scheduler request completed: got 1 new tasks
client-low-power-1  | 16-Sep-2026 18:05:01 [boincserver] Project requested delay of 7 seconds
client-low-power-1  | 16-Sep-2026 18:05:11 [boincserver] Sending scheduler request: To fetch work.
client-low-power-1  | 16-Sep-2026 18:05:11 [boincserver] Requesting new tasks for CPU
client-low-power-1  | 16-Sep-2026 18:05:13 [boincserver] Scheduler request completed: got 0 new tasks
client-low-power-1  | 16-Sep-2026 18:05:13 [boincserver] Project has no tasks available
client-low-power-1  | 16-Sep-2026 18:05:13 [boincserver] Project requested delay of 7 seconds
client-low-power-1  | 16-Sep-2026 18:05:30 [boincserver] Computation for task exp_20260916T180210Z_baseline_medium_6_0 finished
client-low-power-1  | 16-Sep-2026 18:05:30 [boincserver] Starting task exp_20260916T180210Z_baseline_medium_7_0
client-cluster-1    | 16-Sep-2026 18:04:31 [boincserver] Project requested delay of 7 seconds
client-cluster-1    | 16-Sep-2026 18:04:33 [boincserver] Elapsed time limit 50.000000 < 120.000000; setting to 43200.000000
client-desktop-1    | 16-Sep-2026 18:04:02 [---] No general preferences found - using defaults
client-desktop-1    | 16-Sep-2026 18:04:02 [---] Reading preferences override file
mysql-1             | 2026-09-16 18:02:17 0 [Note] InnoDB: Mutexes and rw_locks use GCC atomic builtins
mysql-1             | 2026-09-16 18:02:17 0 [Note] InnoDB: Uses event mutexes
mysql-1             | 2026-09-16 18:02:17 0 [Note] InnoDB: Compressed tables use zlib 1.2.11
client-phone-2-1    | 16-Sep-2026 18:04:14 [boincserver] Project requested delay of 7 seconds
client-phone-2-1    | 16-Sep-2026 18:04:16 [boincserver] Started download of hybrid_synthetic_1.0_aarch64-unknown-linux-gnu
client-cluster-2-1  | 16-Sep-2026 18:05:43 [boincserver] Sending scheduler request: To report completed tasks.
client-cluster-2-1  | 16-Sep-2026 18:05:43 [boincserver] Reporting 1 completed tasks
client-cluster-2-1  | 16-Sep-2026 18:05:43 [boincserver] Requesting new tasks for CPU
client-cluster-2-1  | 16-Sep-2026 18:05:44 [boincserver] Computation for task exp_20260916T180210Z_baseline_short_16_0 finished
client-cluster-2-1  | 16-Sep-2026 18:05:46 [boincserver] Started upload of exp_20260916T180210Z_baseline_short_16_0_r1415154446_0
client-cluster-1    | 16-Sep-2026 18:04:33 [boincserver] Starting task exp_20260916T180210Z_baseline_long_2_0
client-cluster-1    | 16-Sep-2026 18:04:33 [boincserver] Starting task exp_20260916T180210Z_baseline_long_1_0
client-cluster-1    | 16-Sep-2026 18:04:33 [boincserver] Starting task exp_20260916T180210Z_baseline_medium_12_0
client-cluster-1    | 16-Sep-2026 18:04:33 [boincserver] Starting task exp_20260916T180210Z_baseline_short_15_0
client-cluster-1    | 16-Sep-2026 18:04:41 [boincserver] Computation for task exp_20260916T180210Z_baseline_short_15_0 finished
mysql-1             | 2026-09-16 18:02:17 0 [Note] InnoDB: Number of pools: 1
mysql-1             | 2026-09-16 18:02:17 0 [Note] InnoDB: Using generic crc32 instructions
mysql-1             | 2026-09-16 18:02:17 0 [Note] InnoDB: Initializing buffer pool, total size = 256M, instances = 1, chunk size = 128M
mysql-1             | 2026-09-16 18:02:17 0 [Note] InnoDB: Completed initialization of buffer pool
client-phone-1      | 16-Sep-2026 18:04:58 [boincserver] Elapsed time limit 50.000000 < 120.000000; setting to 43200.000000
client-phone-1      | 16-Sep-2026 18:04:58 [boincserver] Starting task exp_20260916T180210Z_baseline_short_12_0
client-cluster-1    | 16-Sep-2026 18:04:41 [boincserver] Sending scheduler request: To report completed tasks.
client-cluster-1    | 16-Sep-2026 18:04:41 [boincserver] Reporting 1 completed tasks
client-phone-2-1    | 16-Sep-2026 18:04:16 [boincserver] Started download of hybrid_synthetic_input.txt
client-phone-2-1    | 16-Sep-2026 18:04:18 [boincserver] Finished download of hybrid_synthetic_1.0_aarch64-unknown-linux-gnu
client-phone-2-1    | 16-Sep-2026 18:04:18 [boincserver] Finished download of hybrid_synthetic_input.txt
client-phone-2-1    | 16-Sep-2026 18:04:18 [boincserver] Elapsed time limit 50.000000 < 120.000000; setting to 43200.000000
client-phone-2-1    | 16-Sep-2026 18:04:18 [boincserver] Starting task exp_20260916T180210Z_baseline_short_10_0
client-phone-1      | 16-Sep-2026 18:05:06 [boincserver] Computation for task exp_20260916T180210Z_baseline_short_12_0 finished
client-phone-1      | 16-Sep-2026 18:05:06 [boincserver] Sending scheduler request: To report completed tasks.
client-phone-1      | 16-Sep-2026 18:05:06 [boincserver] Reporting 1 completed tasks
client-phone-1      | 16-Sep-2026 18:05:06 [boincserver] Requesting new tasks for CPU
client-phone-1      | 16-Sep-2026 18:05:08 [boincserver] Started upload of exp_20260916T180210Z_baseline_short_12_0_r1273315069_0
client-phone-2-1    | 16-Sep-2026 18:04:24 [boincserver] Sending scheduler request: To fetch work.
client-phone-2-1    | 16-Sep-2026 18:04:24 [boincserver] Requesting new tasks for CPU
client-phone-2-1    | 16-Sep-2026 18:04:27 [boincserver] Computation for task exp_20260916T180210Z_baseline_short_10_0 finished
client-phone-2-1    | 16-Sep-2026 18:04:29 [boincserver] Started upload of exp_20260916T180210Z_baseline_short_10_0_r702167964_0
client-phone-2-1    | 16-Sep-2026 18:04:31 [boincserver] Finished upload of exp_20260916T180210Z_baseline_short_10_0_r702167964_0
client-phone-2-1    | 16-Sep-2026 18:04:31 [boincserver] Scheduler request completed: got 1 new tasks
client-phone-2-1    | 16-Sep-2026 18:04:31 [boincserver] Project requested delay of 7 seconds
client-phone-2-1    | 16-Sep-2026 18:04:33 [boincserver] Elapsed time limit 50.000000 < 120.000000; setting to 43200.000000
client-phone-2-1    | 16-Sep-2026 18:04:33 [boincserver] Starting task exp_20260916T180210Z_baseline_short_13_0
client-phone-2-1    | 16-Sep-2026 18:04:41 [boincserver] Sending scheduler request: To report completed tasks.
client-phone-2-1    | 16-Sep-2026 18:04:41 [boincserver] Reporting 1 completed tasks
mysql-1             | 2026-09-16 18:02:17 0 [Note] InnoDB: If the mysqld execution user is authorized, page cleaner thread priority can be changed. See the man page of setpriority().
mysql-1             | 2026-09-16 18:02:17 0 [Note] InnoDB: 128 out of 128 rollback segments are active.
mysql-1             | 2026-09-16 18:02:17 0 [Note] InnoDB: Creating shared tablespace for temporary tables
mysql-1             | 2026-09-16 18:02:17 0 [Note] InnoDB: Setting file './ibtmp1' size to 12 MB. Physically writing the file full; Please wait ...
client-cluster-1    | 16-Sep-2026 18:04:41 [boincserver] Requesting new tasks for CPU
client-cluster-1    | 16-Sep-2026 18:04:43 [boincserver] Started upload of exp_20260916T180210Z_baseline_short_15_0_r492574125_0
client-cluster-1    | 16-Sep-2026 18:04:45 [boincserver] Finished upload of exp_20260916T180210Z_baseline_short_15_0_r492574125_0
client-cluster-1    | 16-Sep-2026 18:04:56 [boincserver] Scheduler request completed: got 4 new tasks
client-cluster-1    | 16-Sep-2026 18:04:56 [boincserver] Project requested delay of 7 seconds
client-cluster-1    | 16-Sep-2026 18:04:58 [boincserver] Elapsed time limit 50.000000 < 120.000000; setting to 43200.000000
client-cluster-1    | 16-Sep-2026 18:04:58 [boincserver] Starting task exp_20260916T180210Z_baseline_short_8_0
client-cluster-1    | 16-Sep-2026 18:05:05 [boincserver] Computation for task exp_20260916T180210Z_baseline_medium_12_0 finished
client-cluster-1    | 16-Sep-2026 18:05:05 [boincserver] Elapsed time limit 50.000000 < 120.000000; setting to 43200.000000
client-cluster-1    | 16-Sep-2026 18:05:05 [boincserver] Starting task exp_20260916T180210Z_baseline_short_7_0
client-cluster-1    | 16-Sep-2026 18:05:06 [boincserver] Computation for task exp_20260916T180210Z_baseline_short_8_0 finished
client-phone-2-1    | 16-Sep-2026 18:04:41 [boincserver] Requesting new tasks for CPU
client-phone-2-1    | 16-Sep-2026 18:04:43 [boincserver] Computation for task exp_20260916T180210Z_baseline_short_13_0 finished
client-phone-2-1    | 16-Sep-2026 18:04:45 [boincserver] Started upload of exp_20260916T180210Z_baseline_short_13_0_r252619209_0
client-phone-1      | 16-Sep-2026 18:05:08 [boincserver] Scheduler request completed: got 1 new tasks
client-phone-1      | 16-Sep-2026 18:05:08 [boincserver] Project requested delay of 7 seconds
client-phone-1      | 16-Sep-2026 18:05:10 [boincserver] Finished upload of exp_20260916T180210Z_baseline_short_12_0_r1273315069_0
client-phone-1      | 16-Sep-2026 18:05:10 [boincserver] Starting task exp_20260916T180210Z_baseline_medium_9_0
client-phone-1      | 16-Sep-2026 18:05:18 [boincserver] Sending scheduler request: To report completed tasks.
client-phone-1      | 16-Sep-2026 18:05:18 [boincserver] Reporting 1 completed tasks
client-phone-1      | 16-Sep-2026 18:05:18 [boincserver] Requesting new tasks for CPU
client-phone-1      | 16-Sep-2026 18:05:20 [boincserver] Scheduler request completed: got 0 new tasks
client-phone-1      | 16-Sep-2026 18:05:20 [boincserver] Project has no tasks available
client-cluster-1    | 16-Sep-2026 18:05:06 [boincserver] Elapsed time limit 50.000000 < 120.000000; setting to 43200.000000
client-cluster-1    | 16-Sep-2026 18:05:06 [boincserver] Starting task exp_20260916T180210Z_baseline_short_11_0
client-cluster-1    | 16-Sep-2026 18:05:06 [boincserver] Sending scheduler request: To report completed tasks.
client-cluster-1    | 16-Sep-2026 18:05:06 [boincserver] Reporting 1 completed tasks
client-cluster-1    | 16-Sep-2026 18:05:06 [boincserver] Requesting new tasks for CPU
client-cluster-1    | 16-Sep-2026 18:05:07 [boincserver] Started upload of exp_20260916T180210Z_baseline_medium_12_0_r2137408578_0
client-cluster-1    | 16-Sep-2026 18:05:08 [boincserver] Finished upload of exp_20260916T180210Z_baseline_medium_12_0_r2137408578_0
client-cluster-1    | 16-Sep-2026 18:05:08 [boincserver] Started upload of exp_20260916T180210Z_baseline_short_8_0_r1652486773_0
client-cluster-1    | 16-Sep-2026 18:05:10 [boincserver] Finished upload of exp_20260916T180210Z_baseline_short_8_0_r1652486773_0
client-cluster-1    | 16-Sep-2026 18:05:13 [boincserver] Computation for task exp_20260916T180210Z_baseline_short_7_0 finished
client-cluster-1    | 16-Sep-2026 18:05:14 [boincserver] Elapsed time limit 50.000000 < 120.000000; setting to 43200.000000
client-cluster-1    | 16-Sep-2026 18:05:14 [boincserver] Starting task exp_20260916T180210Z_baseline_short_6_0
client-cluster-1    | 16-Sep-2026 18:05:14 [boincserver] Scheduler request completed: got 1 new tasks
client-cluster-1    | 16-Sep-2026 18:05:14 [boincserver] Project requested delay of 7 seconds
client-cluster-1    | 16-Sep-2026 18:05:15 [boincserver] Computation for task exp_20260916T180210Z_baseline_short_11_0 finished
client-cluster-1    | 16-Sep-2026 18:05:16 [boincserver] Started upload of exp_20260916T180210Z_baseline_short_7_0_r819173119_0
client-cluster-1    | 16-Sep-2026 18:05:16 [boincserver] Starting task exp_20260916T180210Z_baseline_medium_11_0
client-cluster-1    | 16-Sep-2026 18:05:17 [boincserver] Started upload of exp_20260916T180210Z_baseline_short_11_0_r2102444109_0
client-phone-1      | 16-Sep-2026 18:05:20 [boincserver] Project requested delay of 7 seconds
client-phone-1      | 16-Sep-2026 18:05:37 [boincserver] Sending scheduler request: To fetch work.
client-phone-1      | 16-Sep-2026 18:05:37 [boincserver] Requesting new tasks for CPU
client-phone-1      | 16-Sep-2026 18:05:39 [boincserver] Scheduler request completed: got 0 new tasks
client-phone-1      | 16-Sep-2026 18:05:39 [boincserver] Project has no tasks available
client-phone-1      | 16-Sep-2026 18:05:39 [boincserver] Project requested delay of 7 seconds
mysql-1             | 2026-09-16 18:02:17 0 [Note] InnoDB: File './ibtmp1' size is now 12 MB.
mysql-1             | 2026-09-16 18:02:17 0 [Note] InnoDB: Waiting for purge to start
mysql-1             | 2026-09-16 18:02:17 0 [Note] InnoDB: 10.3.8 started; log sequence number 1630815; transaction id 21
client-phone-2-1    | 16-Sep-2026 18:04:47 [boincserver] Finished upload of exp_20260916T180210Z_baseline_short_13_0_r252619209_0
client-phone-2-1    | 16-Sep-2026 18:04:48 [boincserver] Scheduler request completed: got 1 new tasks
client-phone-1      | 16-Sep-2026 18:05:44 [boincserver] Computation for task exp_20260916T180210Z_baseline_medium_9_0 finished
client-phone-1      | 16-Sep-2026 18:05:46 [boincserver] Started upload of exp_20260916T180210Z_baseline_medium_9_0_r270377422_0
client-phone-1      | 16-Sep-2026 18:05:48 [boincserver] Finished upload of exp_20260916T180210Z_baseline_medium_9_0_r270377422_0
client-phone-1      | 16-Sep-2026 18:05:49 [boincserver] Sending scheduler request: To report completed tasks.
client-phone-1      | 16-Sep-2026 18:05:49 [boincserver] Reporting 1 completed tasks
client-phone-1      | 16-Sep-2026 18:05:49 [boincserver] Requesting new tasks for CPU
client-phone-2-1    | 16-Sep-2026 18:04:48 [boincserver] Project requested delay of 7 seconds
client-phone-2-1    | 16-Sep-2026 18:04:50 [boincserver] Elapsed time limit 50.000000 < 120.000000; setting to 43200.000000
client-phone-2-1    | 16-Sep-2026 18:04:50 [boincserver] Starting task exp_20260916T180210Z_baseline_short_5_0
client-phone-2-1    | 16-Sep-2026 18:04:58 [boincserver] Sending scheduler request: To report completed tasks.
client-phone-2-1    | 16-Sep-2026 18:04:58 [boincserver] Reporting 1 completed tasks
client-phone-2-1    | 16-Sep-2026 18:04:58 [boincserver] Requesting new tasks for CPU
client-phone-2-1    | 16-Sep-2026 18:04:59 [boincserver] Computation for task exp_20260916T180210Z_baseline_short_5_0 finished
client-phone-2-1    | 16-Sep-2026 18:05:00 [boincserver] Scheduler request completed: got 1 new tasks
client-phone-2-1    | 16-Sep-2026 18:05:00 [boincserver] Project requested delay of 7 seconds
client-phone-2-1    | 16-Sep-2026 18:05:01 [boincserver] Started upload of exp_20260916T180210Z_baseline_short_5_0_r1863618079_0
client-phone-2-1    | 16-Sep-2026 18:05:02 [boincserver] Starting task exp_20260916T180210Z_baseline_medium_5_0
client-phone-2-1    | 16-Sep-2026 18:05:03 [boincserver] Finished upload of exp_20260916T180210Z_baseline_short_5_0_r1863618079_0
client-phone-2-1    | 16-Sep-2026 18:05:10 [boincserver] Sending scheduler request: To report completed tasks.
client-phone-2-1    | 16-Sep-2026 18:05:10 [boincserver] Reporting 1 completed tasks
client-phone-2-1    | 16-Sep-2026 18:05:10 [boincserver] Requesting new tasks for CPU
client-phone-2-1    | 16-Sep-2026 18:05:12 [boincserver] Scheduler request completed: got 0 new tasks
client-phone-2-1    | 16-Sep-2026 18:05:12 [boincserver] Project has no tasks available
client-phone-2-1    | 16-Sep-2026 18:05:12 [boincserver] Project requested delay of 7 seconds
mysql-1             | 2026-09-16 18:02:17 0 [Note] InnoDB: Loading buffer pool(s) from /var/lib/mysql/ib_buffer_pool
mysql-1             | 2026-09-16 18:02:17 0 [Note] Plugin 'FEEDBACK' is disabled.
mysql-1             | 2026-09-16 18:02:17 0 [Note] InnoDB: Buffer pool(s) load completed at 260916 18:02:17
mysql-1             | 2026-09-16 18:02:17 0 [Warning] 'user' entry 'root@f1f16e484bc3' ignored in --skip-name-resolve mode.
mysql-1             | 2026-09-16 18:02:17 0 [Warning] 'user' entry '@f1f16e484bc3' ignored in --skip-name-resolve mode.
client-cluster-2-1  | 16-Sep-2026 18:05:57 [boincserver] Scheduler request completed: got 0 new tasks
client-cluster-2-1  | 16-Sep-2026 18:05:57 [boincserver] Project has no tasks available
client-phone-1      | 16-Sep-2026 18:05:51 [boincserver] Scheduler request completed: got 0 new tasks
client-phone-1      | 16-Sep-2026 18:05:51 [boincserver] Project has no tasks available
client-desktop-1    | 16-Sep-2026 18:04:02 [---] Preferences:
client-desktop-1    | 16-Sep-2026 18:04:02 [---]    max memory usage when active: 8929.14 MB
mysql-1             | 2026-09-16 18:02:17 0 [Warning] 'proxies_priv' entry '@% root@f1f16e484bc3' ignored in --skip-name-resolve mode.
mysql-1             | 2026-09-16 18:02:17 0 [Note] Reading of all Master_info entries succeded
client-cluster-2-1  | 16-Sep-2026 18:05:57 [boincserver] Project requested delay of 7 seconds
client-cluster-2-1  | 16-Sep-2026 18:05:58 [boincserver] Finished upload of exp_20260916T180210Z_baseline_short_16_0_r1415154446_0
client-phone-1      | 16-Sep-2026 18:05:51 [boincserver] Project requested delay of 7 seconds
client-phone-1      | 16-Sep-2026 18:06:01 [boincserver] Sending scheduler request: To fetch work.
client-desktop-1    | 16-Sep-2026 18:04:02 [---]    max memory usage when idle: 8929.14 MB
client-desktop-1    | 16-Sep-2026 18:04:02 [---]    max disk usage: 2.00 GB
client-desktop-1    | 16-Sep-2026 18:04:02 [---]    don't use GPU while active
client-desktop-1    | 16-Sep-2026 18:04:02 [---]    suspend work if non-BOINC CPU load exceeds 25%
client-desktop-1    | 16-Sep-2026 18:04:02 [---]    (to change preferences, visit a project web site or select Preferences in the Manager)
client-phone-2-1    | 16-Sep-2026 18:05:22 [boincserver] Sending scheduler request: To fetch work.
client-phone-2-1    | 16-Sep-2026 18:05:22 [boincserver] Requesting new tasks for CPU
client-phone-2-1    | 16-Sep-2026 18:05:24 [boincserver] Scheduler request completed: got 0 new tasks
client-phone-2-1    | 16-Sep-2026 18:05:24 [boincserver] Project has no tasks available
client-phone-2-1    | 16-Sep-2026 18:05:24 [boincserver] Project requested delay of 7 seconds
client-cluster-1    | 16-Sep-2026 18:05:18 [boincserver] Finished upload of exp_20260916T180210Z_baseline_short_7_0_r819173119_0
client-phone-1      | 16-Sep-2026 18:06:01 [boincserver] Requesting new tasks for CPU
client-phone-1      | 16-Sep-2026 18:06:03 [boincserver] Scheduler request completed: got 0 new tasks
client-phone-1      | 16-Sep-2026 18:06:03 [boincserver] Project has no tasks available
client-low-power-1  | 16-Sep-2026 18:05:32 [boincserver] Started upload of exp_20260916T180210Z_baseline_medium_6_0_r1099520266_0
client-low-power-1  | 16-Sep-2026 18:05:34 [boincserver] Finished upload of exp_20260916T180210Z_baseline_medium_6_0_r1099520266_0
client-desktop-1    | 16-Sep-2026 18:04:06 [http://boincserver.local/boincserver/] Fetching scheduler list
client-desktop-1    | 16-Sep-2026 18:04:08 [http://boincserver.local/boincserver/] Master file download succeeded
client-desktop-1    | 16-Sep-2026 18:04:13 [http://boincserver.local/boincserver/] Sending scheduler request: Project initialization.
client-desktop-1    | 16-Sep-2026 18:04:13 [http://boincserver.local/boincserver/] Requesting new tasks for CPU
client-phone-2-1    | 16-Sep-2026 18:05:36 [boincserver] Computation for task exp_20260916T180210Z_baseline_medium_5_0 finished
client-phone-2-1    | 16-Sep-2026 18:05:48 [boincserver] Started upload of exp_20260916T180210Z_baseline_medium_5_0_r628791210_0
client-phone-2-1    | 16-Sep-2026 18:05:50 [boincserver] Finished upload of exp_20260916T180210Z_baseline_medium_5_0_r628791210_0
client-phone-2-1    | 16-Sep-2026 18:05:52 [boincserver] Sending scheduler request: To report completed tasks.
client-phone-2-1    | 16-Sep-2026 18:05:52 [boincserver] Reporting 1 completed tasks
client-desktop-1    | 16-Sep-2026 18:04:15 [boincserver] Scheduler request completed: got 1 new tasks
client-desktop-1    | 16-Sep-2026 18:04:15 [boincserver] Project requested delay of 7 seconds
client-desktop-1    | 16-Sep-2026 18:04:17 [boincserver] Started download of hybrid_synthetic_1.0_aarch64-unknown-linux-gnu
mysql-1             | 2026-09-16 18:02:17 0 [Note] Added new Master_info '' to hash table
mysql-1             | 2026-09-16 18:02:17 0 [Note] mysqld: ready for connections.
client-phone-1      | 16-Sep-2026 18:06:03 [boincserver] Project requested delay of 7 seconds
client-cluster-1    | 16-Sep-2026 18:05:18 [boincserver] Finished upload of exp_20260916T180210Z_baseline_short_11_0_r2102444109_0
client-cluster-1    | 16-Sep-2026 18:05:23 [boincserver] Computation for task exp_20260916T180210Z_baseline_short_6_0 finished
client-cluster-1    | 16-Sep-2026 18:05:24 [boincserver] Sending scheduler request: To report completed tasks.
client-cluster-1    | 16-Sep-2026 18:05:24 [boincserver] Reporting 4 completed tasks
client-desktop-1    | 16-Sep-2026 18:04:17 [boincserver] Started download of hybrid_synthetic_input.txt
client-desktop-1    | 16-Sep-2026 18:04:19 [boincserver] Finished download of hybrid_synthetic_1.0_aarch64-unknown-linux-gnu
client-phone-2-1    | 16-Sep-2026 18:05:52 [boincserver] Requesting new tasks for CPU
client-phone-2-1    | 16-Sep-2026 18:05:59 [boincserver] Scheduler request completed: got 0 new tasks
client-phone-2-1    | 16-Sep-2026 18:05:59 [boincserver] Project has no tasks available
client-phone-2-1    | 16-Sep-2026 18:05:59 [boincserver] Project requested delay of 7 seconds
client-phone-2-1    | 16-Sep-2026 18:06:09 [boincserver] Sending scheduler request: To fetch work.
client-phone-2-1    | 16-Sep-2026 18:06:09 [boincserver] Requesting new tasks for CPU
client-cluster-1    | 16-Sep-2026 18:05:24 [boincserver] Requesting new tasks for CPU
client-cluster-1    | 16-Sep-2026 18:05:25 [boincserver] Started upload of exp_20260916T180210Z_baseline_short_6_0_r297497939_0
client-cluster-2-1  | 16-Sep-2026 18:06:07 [boincserver] Sending scheduler request: To report completed tasks.
client-cluster-2-1  | 16-Sep-2026 18:06:07 [boincserver] Reporting 1 completed tasks
client-desktop-1    | 16-Sep-2026 18:04:19 [boincserver] Finished download of hybrid_synthetic_input.txt
client-desktop-1    | 16-Sep-2026 18:04:19 [boincserver] Starting task exp_20260916T180210Z_baseline_medium_2_0
client-desktop-1    | 16-Sep-2026 18:04:25 [boincserver] Sending scheduler request: To fetch work.
client-desktop-1    | 16-Sep-2026 18:04:25 [boincserver] Requesting new tasks for CPU
client-desktop-1    | 16-Sep-2026 18:04:27 [boincserver] Scheduler request completed: got 2 new tasks
client-desktop-1    | 16-Sep-2026 18:04:27 [boincserver] Project requested delay of 7 seconds
client-desktop-1    | 16-Sep-2026 18:04:29 [boincserver] Starting task exp_20260916T180210Z_baseline_medium_4_0
client-desktop-1    | 16-Sep-2026 18:04:37 [boincserver] Sending scheduler request: To fetch work.
client-desktop-1    | 16-Sep-2026 18:04:37 [boincserver] Requesting new tasks for CPU
client-desktop-1    | 16-Sep-2026 18:04:39 [boincserver] Scheduler request completed: got 1 new tasks
client-cluster-2-1  | 16-Sep-2026 18:06:07 [boincserver] Requesting new tasks for CPU
client-cluster-2-1  | 16-Sep-2026 18:06:09 [boincserver] Scheduler request completed: got 0 new tasks
client-cluster-2-1  | 16-Sep-2026 18:06:09 [boincserver] Project has no tasks available
client-cluster-2-1  | 16-Sep-2026 18:06:09 [boincserver] Project requested delay of 7 seconds
client-cluster-2-1  | 16-Sep-2026 18:06:19 [boincserver] Sending scheduler request: To fetch work.
client-desktop-1    | 16-Sep-2026 18:04:39 [boincserver] Project requested delay of 7 seconds
client-desktop-1    | 16-Sep-2026 18:04:49 [boincserver] Sending scheduler request: To fetch work.
client-desktop-1    | 16-Sep-2026 18:04:49 [boincserver] Requesting new tasks for CPU
client-desktop-1    | 16-Sep-2026 18:04:51 [boincserver] Scheduler request completed: got 0 new tasks
client-desktop-1    | 16-Sep-2026 18:04:51 [boincserver] No tasks sent
client-desktop-1    | 16-Sep-2026 18:04:51 [boincserver] This computer has reached a limit on tasks in progress
client-desktop-1    | 16-Sep-2026 18:04:51 [boincserver] Project requested delay of 7 seconds
client-desktop-1    | 16-Sep-2026 18:04:52 [boincserver] Computation for task exp_20260916T180210Z_baseline_medium_2_0 finished
client-desktop-1    | 16-Sep-2026 18:04:52 [boincserver] Starting task exp_20260916T180210Z_baseline_long_6_0
client-desktop-1    | 16-Sep-2026 18:04:54 [boincserver] Started upload of exp_20260916T180210Z_baseline_medium_2_0_r1052459747_0
client-desktop-1    | 16-Sep-2026 18:04:56 [boincserver] Finished upload of exp_20260916T180210Z_baseline_medium_2_0_r1052459747_0
client-desktop-1    | 16-Sep-2026 18:05:01 [boincserver] Sending scheduler request: To report completed tasks.
client-cluster-1    | 16-Sep-2026 18:05:26 [boincserver] Finished upload of exp_20260916T180210Z_baseline_short_6_0_r297497939_0
client-cluster-1    | 16-Sep-2026 18:05:26 [boincserver] Scheduler request completed: got 0 new tasks
client-cluster-1    | 16-Sep-2026 18:05:26 [boincserver] Project has no tasks available
client-cluster-1    | 16-Sep-2026 18:05:26 [boincserver] Project requested delay of 7 seconds
client-cluster-1    | 16-Sep-2026 18:05:36 [boincserver] Sending scheduler request: To report completed tasks.
client-cluster-1    | 16-Sep-2026 18:05:36 [boincserver] Reporting 1 completed tasks
mysql-1             | Version: '10.3.8-MariaDB-1:10.3.8+maria~bionic'  socket: '/var/run/mysqld/mysqld.sock'  port: 0  mariadb.org binary distribution
mysql-1             | Warning: Unable to load '/usr/share/zoneinfo/leap-seconds.list' as time zone. Skipping it.
mysql-1             | 2026-09-16 18:02:18 10 [Warning] 'proxies_priv' entry '@% root@f1f16e484bc3' ignored in --skip-name-resolve mode.
mysql-1             | 
mysql-1             | 2026-09-16 18:02:18 0 [Note] mysqld (initiated by: unknown): Normal shutdown
mysql-1             | 2026-09-16 18:02:18 0 [Note] Event Scheduler: Purging the queue. 0 events
client-cluster-1    | 16-Sep-2026 18:05:36 [boincserver] Requesting new tasks for CPU
client-cluster-1    | 16-Sep-2026 18:05:47 [boincserver] Scheduler request completed: got 0 new tasks
client-cluster-1    | 16-Sep-2026 18:05:47 [boincserver] Project has no tasks available
client-cluster-1    | 16-Sep-2026 18:05:47 [boincserver] Project requested delay of 7 seconds
client-cluster-1    | 16-Sep-2026 18:05:50 [boincserver] Computation for task exp_20260916T180210Z_baseline_medium_11_0 finished
client-low-power-1  | 16-Sep-2026 18:05:37 [boincserver] Sending scheduler request: To report completed tasks.
client-low-power-1  | 16-Sep-2026 18:05:37 [boincserver] Reporting 1 completed tasks
client-low-power-1  | 16-Sep-2026 18:05:37 [boincserver] Requesting new tasks for CPU
client-desktop-1    | 16-Sep-2026 18:05:01 [boincserver] Reporting 1 completed tasks
client-desktop-1    | 16-Sep-2026 18:05:01 [boincserver] Requesting new tasks for CPU
client-desktop-1    | 16-Sep-2026 18:05:02 [boincserver] Computation for task exp_20260916T180210Z_baseline_medium_4_0 finished
client-desktop-1    | 16-Sep-2026 18:05:02 [boincserver] Elapsed time limit 50.000000 < 120.000000; setting to 43200.000000
client-desktop-1    | 16-Sep-2026 18:05:02 [boincserver] Starting task exp_20260916T180210Z_baseline_short_9_0
client-desktop-1    | 16-Sep-2026 18:05:03 [boincserver] Scheduler request completed: got 1 new tasks
client-desktop-1    | 16-Sep-2026 18:05:03 [boincserver] Project requested delay of 7 seconds
client-desktop-1    | 16-Sep-2026 18:05:04 [boincserver] Started upload of exp_20260916T180210Z_baseline_medium_4_0_r555126201_0
client-cluster-1    | 16-Sep-2026 18:05:52 [boincserver] Started upload of exp_20260916T180210Z_baseline_medium_11_0_r1434768104_0
client-cluster-1    | 16-Sep-2026 18:05:54 [boincserver] Finished upload of exp_20260916T180210Z_baseline_medium_11_0_r1434768104_0
client-cluster-1    | 16-Sep-2026 18:05:57 [boincserver] Sending scheduler request: To report completed tasks.
client-cluster-1    | 16-Sep-2026 18:05:57 [boincserver] Reporting 1 completed tasks
client-cluster-1    | 16-Sep-2026 18:05:57 [boincserver] Requesting new tasks for CPU
client-cluster-1    | 16-Sep-2026 18:05:59 [boincserver] Scheduler request completed: got 0 new tasks
client-cluster-1    | 16-Sep-2026 18:05:59 [boincserver] Project has no tasks available
client-cluster-1    | 16-Sep-2026 18:05:59 [boincserver] Project requested delay of 7 seconds
client-cluster-1    | 16-Sep-2026 18:06:09 [boincserver] Sending scheduler request: To fetch work.
client-desktop-1    | 16-Sep-2026 18:05:06 [boincserver] Finished upload of exp_20260916T180210Z_baseline_medium_4_0_r555126201_0
client-desktop-1    | 16-Sep-2026 18:05:17 [boincserver] Sending scheduler request: To report completed tasks.
mysql-1             | 2026-09-16 18:02:18 0 [Note] InnoDB: FTS optimize thread exiting.
mysql-1             | 2026-09-16 18:02:18 0 [Note] InnoDB: Starting shutdown...
mysql-1             | 2026-09-16 18:02:18 0 [Note] InnoDB: Dumping buffer pool(s) to /var/lib/mysql/ib_buffer_pool
mysql-1             | 2026-09-16 18:02:18 0 [Note] InnoDB: Buffer pool(s) dump completed at 260916 18:02:18
mysql-1             | 2026-09-16 18:02:19 0 [Note] InnoDB: Shutdown completed; log sequence number 1630824; transaction id 24
mysql-1             | 2026-09-16 18:02:19 0 [Note] InnoDB: Removed temporary tablespace data file: "ibtmp1"
mysql-1             | 2026-09-16 18:02:19 0 [Note] mysqld: Shutdown complete
mysql-1             | 
client-cluster-2-1  | 16-Sep-2026 18:06:19 [boincserver] Requesting new tasks for CPU
client-cluster-2-1  | 16-Sep-2026 18:06:21 [boincserver] Scheduler request completed: got 0 new tasks
client-phone-2-1    | 16-Sep-2026 18:06:11 [boincserver] Scheduler request completed: got 0 new tasks
client-phone-2-1    | 16-Sep-2026 18:06:11 [boincserver] Project has no tasks available
client-phone-2-1    | 16-Sep-2026 18:06:11 [boincserver] Project requested delay of 7 seconds
client-low-power-1  | 16-Sep-2026 18:05:39 [boincserver] Scheduler request completed: got 0 new tasks
client-low-power-1  | 16-Sep-2026 18:05:39 [boincserver] Project has no tasks available
client-low-power-1  | 16-Sep-2026 18:05:39 [boincserver] Project requested delay of 7 seconds
client-low-power-1  | 16-Sep-2026 18:05:49 [boincserver] Sending scheduler request: To fetch work.
client-desktop-1    | 16-Sep-2026 18:05:17 [boincserver] Reporting 1 completed tasks
client-desktop-1    | 16-Sep-2026 18:05:17 [boincserver] Requesting new tasks for CPU
client-desktop-1    | 16-Sep-2026 18:05:19 [boincserver] Scheduler request completed: got 0 new tasks
client-desktop-1    | 16-Sep-2026 18:05:19 [boincserver] Project has no tasks available
client-desktop-1    | 16-Sep-2026 18:05:19 [boincserver] Project requested delay of 7 seconds
client-desktop-1    | 16-Sep-2026 18:05:20 [boincserver] Computation for task exp_20260916T180210Z_baseline_short_9_0 finished
client-desktop-1    | 16-Sep-2026 18:05:20 [boincserver] Starting task exp_20260916T180210Z_baseline_medium_8_0
client-desktop-1    | 16-Sep-2026 18:05:22 [boincserver] Started upload of exp_20260916T180210Z_baseline_short_9_0_r2121721564_0
mysql-1             | 
mysql-1             | MySQL init process done. Ready for start up.
mysql-1             | 
mysql-1             | 2026-09-16 18:02:19 0 [Note] mysqld (mysqld 10.3.8-MariaDB-1:10.3.8+maria~bionic) starting as process 1 ...
mysql-1             | 2026-09-16 18:02:20 0 [Note] InnoDB: Using Linux native AIO
mysql-1             | 2026-09-16 18:02:20 0 [Note] InnoDB: Mutexes and rw_locks use GCC atomic builtins
mysql-1             | 2026-09-16 18:02:20 0 [Note] InnoDB: Uses event mutexes
client-low-power-1  | 16-Sep-2026 18:05:49 [boincserver] Requesting new tasks for CPU
client-low-power-1  | 16-Sep-2026 18:05:56 [boincserver] Scheduler request completed: got 0 new tasks
client-cluster-1    | 16-Sep-2026 18:06:09 [boincserver] Requesting new tasks for CPU
client-cluster-1    | 16-Sep-2026 18:06:11 [boincserver] Scheduler request completed: got 0 new tasks
client-cluster-1    | 16-Sep-2026 18:06:11 [boincserver] Project has no tasks available
client-cluster-1    | 16-Sep-2026 18:06:11 [boincserver] Project requested delay of 7 seconds
client-cluster-1    | 16-Sep-2026 18:06:40 [boincserver] Computation for task exp_20260916T180210Z_baseline_long_2_0 finished
client-cluster-1    | 16-Sep-2026 18:06:41 [boincserver] Computation for task exp_20260916T180210Z_baseline_long_1_0 finished
client-cluster-1    | 16-Sep-2026 18:06:43 [boincserver] Started upload of exp_20260916T180210Z_baseline_long_2_0_r1903764378_0
client-cluster-1    | 16-Sep-2026 18:06:44 [boincserver] Started upload of exp_20260916T180210Z_baseline_long_1_0_r1668216723_0
client-cluster-1    | 16-Sep-2026 18:06:45 [boincserver] Finished upload of exp_20260916T180210Z_baseline_long_2_0_r1903764378_0
client-cluster-1    | 16-Sep-2026 18:06:45 [boincserver] Finished upload of exp_20260916T180210Z_baseline_long_1_0_r1668216723_0
client-cluster-2-1  | 16-Sep-2026 18:06:21 [boincserver] Project has no tasks available
client-cluster-2-1  | 16-Sep-2026 18:06:21 [boincserver] Project requested delay of 7 seconds
client-cluster-2-1  | 16-Sep-2026 18:06:31 [boincserver] Computation for task exp_20260916T180210Z_baseline_long_4_0 finished
client-cluster-2-1  | 16-Sep-2026 18:06:32 [boincserver] Computation for task exp_20260916T180210Z_baseline_long_5_0 finished
client-cluster-1    | 16-Sep-2026 18:06:49 [boincserver] Sending scheduler request: To report completed tasks.
client-cluster-1    | 16-Sep-2026 18:06:49 [boincserver] Reporting 2 completed tasks
mysql-1             | 2026-09-16 18:02:20 0 [Note] InnoDB: Compressed tables use zlib 1.2.11
mysql-1             | 2026-09-16 18:02:20 0 [Note] InnoDB: Number of pools: 1
mysql-1             | 2026-09-16 18:02:20 0 [Note] InnoDB: Using generic crc32 instructions
mysql-1             | 2026-09-16 18:02:20 0 [Note] InnoDB: Initializing buffer pool, total size = 256M, instances = 1, chunk size = 128M
mysql-1             | 2026-09-16 18:02:20 0 [Note] InnoDB: Completed initialization of buffer pool
mysql-1             | 2026-09-16 18:02:20 0 [Note] InnoDB: If the mysqld execution user is authorized, page cleaner thread priority can be changed. See the man page of setpriority().
mysql-1             | 2026-09-16 18:02:20 0 [Note] InnoDB: 128 out of 128 rollback segments are active.
mysql-1             | 2026-09-16 18:02:20 0 [Note] InnoDB: Creating shared tablespace for temporary tables
mysql-1             | 2026-09-16 18:02:20 0 [Note] InnoDB: Setting file './ibtmp1' size to 12 MB. Physically writing the file full; Please wait ...
client-low-power-1  | 16-Sep-2026 18:05:56 [boincserver] Project has no tasks available
client-low-power-1  | 16-Sep-2026 18:05:56 [boincserver] Project requested delay of 7 seconds
client-low-power-1  | 16-Sep-2026 18:06:02 [boincserver] Computation for task exp_20260916T180210Z_baseline_medium_7_0 finished
client-desktop-1    | 16-Sep-2026 18:05:24 [boincserver] Finished upload of exp_20260916T180210Z_baseline_short_9_0_r2121721564_0
client-desktop-1    | 16-Sep-2026 18:05:29 [boincserver] Sending scheduler request: To report completed tasks.
client-desktop-1    | 16-Sep-2026 18:05:29 [boincserver] Reporting 1 completed tasks
client-cluster-2-1  | 16-Sep-2026 18:06:33 [boincserver] Started upload of exp_20260916T180210Z_baseline_long_4_0_r56547985_0
client-cluster-2-1  | 16-Sep-2026 18:06:34 [boincserver] Started upload of exp_20260916T180210Z_baseline_long_5_0_r1287572449_0
mysql-1             | 2026-09-16 18:02:20 0 [Note] InnoDB: File './ibtmp1' size is now 12 MB.
client-desktop-1    | 16-Sep-2026 18:05:29 [boincserver] Requesting new tasks for CPU
client-desktop-1    | 16-Sep-2026 18:05:31 [boincserver] Scheduler request completed: got 0 new tasks
client-desktop-1    | 16-Sep-2026 18:05:31 [boincserver] Project has no tasks available
client-desktop-1    | 16-Sep-2026 18:05:31 [boincserver] Project requested delay of 7 seconds
client-desktop-1    | 16-Sep-2026 18:05:41 [boincserver] Sending scheduler request: To fetch work.
client-desktop-1    | 16-Sep-2026 18:05:41 [boincserver] Requesting new tasks for CPU
client-desktop-1    | 16-Sep-2026 18:05:43 [boincserver] Scheduler request completed: got 0 new tasks
client-cluster-2-1  | 16-Sep-2026 18:06:35 [boincserver] Finished upload of exp_20260916T180210Z_baseline_long_4_0_r56547985_0
client-cluster-2-1  | 16-Sep-2026 18:06:35 [boincserver] Finished upload of exp_20260916T180210Z_baseline_long_5_0_r1287572449_0
client-cluster-2-1  | 16-Sep-2026 18:06:36 [boincserver] Sending scheduler request: To report completed tasks.
client-cluster-2-1  | 16-Sep-2026 18:06:36 [boincserver] Reporting 2 completed tasks
client-cluster-2-1  | 16-Sep-2026 18:06:36 [boincserver] Requesting new tasks for CPU
client-cluster-1    | 16-Sep-2026 18:06:49 [boincserver] Requesting new tasks for CPU
client-cluster-1    | 16-Sep-2026 18:06:51 [boincserver] Scheduler request completed: got 0 new tasks
client-cluster-1    | 16-Sep-2026 18:06:51 [boincserver] Project has no tasks available
client-cluster-1    | 16-Sep-2026 18:06:51 [boincserver] Project requested delay of 7 seconds
mysql-1             | 2026-09-16 18:02:20 0 [Note] InnoDB: 10.3.8 started; log sequence number 1630824; transaction id 21
mysql-1             | 2026-09-16 18:02:20 0 [Note] InnoDB: Loading buffer pool(s) from /var/lib/mysql/ib_buffer_pool
mysql-1             | 2026-09-16 18:02:20 0 [Note] Plugin 'FEEDBACK' is disabled.
mysql-1             | 2026-09-16 18:02:20 0 [Note] InnoDB: Buffer pool(s) load completed at 260916 18:02:20
mysql-1             | 2026-09-16 18:02:20 0 [Note] Server socket created on IP: '::'.
mysql-1             | 2026-09-16 18:02:20 0 [Warning] 'proxies_priv' entry '@% root@f1f16e484bc3' ignored in --skip-name-resolve mode.
client-cluster-2-1  | 16-Sep-2026 18:06:49 [boincserver] Scheduler request completed: got 0 new tasks
client-cluster-2-1  | 16-Sep-2026 18:06:49 [boincserver] Project has no tasks available
client-cluster-2-1  | 16-Sep-2026 18:06:49 [boincserver] Project requested delay of 7 seconds
client-cluster-2-1  | 16-Sep-2026 18:06:51 [boincserver] Computation for task exp_20260916T180210Z_baseline_long_3_0 finished
client-cluster-2-1  | 16-Sep-2026 18:06:53 [boincserver] Started upload of exp_20260916T180210Z_baseline_long_3_0_r1881224234_0
client-cluster-1    | 16-Sep-2026 18:07:01 [boincserver] Sending scheduler request: To fetch work.
client-cluster-1    | 16-Sep-2026 18:07:01 [boincserver] Requesting new tasks for CPU
client-cluster-1    | 16-Sep-2026 18:07:08 [boincserver] Scheduler request completed: got 0 new tasks
client-cluster-1    | 16-Sep-2026 18:07:08 [boincserver] Project has no tasks available
client-cluster-2-1  | 16-Sep-2026 18:06:55 [boincserver] Finished upload of exp_20260916T180210Z_baseline_long_3_0_r1881224234_0
client-cluster-2-1  | 16-Sep-2026 18:06:59 [boincserver] Sending scheduler request: To report completed tasks.
client-cluster-2-1  | 16-Sep-2026 18:06:59 [boincserver] Reporting 1 completed tasks
client-cluster-2-1  | 16-Sep-2026 18:06:59 [boincserver] Requesting new tasks for CPU
client-cluster-1    | 16-Sep-2026 18:07:08 [boincserver] Project requested delay of 7 seconds
client-cluster-2-1  | 16-Sep-2026 18:07:01 [boincserver] Scheduler request completed: got 0 new tasks
client-cluster-2-1  | 16-Sep-2026 18:07:01 [boincserver] Project has no tasks available
client-cluster-2-1  | 16-Sep-2026 18:07:01 [boincserver] Project requested delay of 7 seconds
client-cluster-2-1  | 16-Sep-2026 18:07:11 [boincserver] Sending scheduler request: To fetch work.
client-cluster-2-1  | 16-Sep-2026 18:07:11 [boincserver] Requesting new tasks for CPU
client-cluster-2-1  | 16-Sep-2026 18:07:18 [boincserver] Scheduler request completed: got 0 new tasks
client-cluster-2-1  | 16-Sep-2026 18:07:18 [boincserver] Project has no tasks available
client-cluster-2-1  | 16-Sep-2026 18:07:18 [boincserver] Project requested delay of 7 seconds
mysql-1             | 2026-09-16 18:02:20 0 [Note] Reading of all Master_info entries succeded
mysql-1             | 2026-09-16 18:02:20 0 [Note] Added new Master_info '' to hash table
mysql-1             | 2026-09-16 18:02:20 0 [Note] mysqld: ready for connections.
client-desktop-1    | 16-Sep-2026 18:05:43 [boincserver] Project has no tasks available
client-desktop-1    | 16-Sep-2026 18:05:43 [boincserver] Project requested delay of 7 seconds
client-desktop-1    | 16-Sep-2026 18:05:53 [boincserver] Computation for task exp_20260916T180210Z_baseline_medium_8_0 finished
client-desktop-1    | 16-Sep-2026 18:05:55 [boincserver] Started upload of exp_20260916T180210Z_baseline_medium_8_0_r1300903584_0
client-desktop-1    | 16-Sep-2026 18:05:57 [boincserver] Finished upload of exp_20260916T180210Z_baseline_medium_8_0_r1300903584_0
client-desktop-1    | 16-Sep-2026 18:06:08 [boincserver] Sending scheduler request: To report completed tasks.
client-low-power-1  | 16-Sep-2026 18:06:04 [boincserver] Started upload of exp_20260916T180210Z_baseline_medium_7_0_r78458751_0
client-low-power-1  | 16-Sep-2026 18:06:06 [boincserver] Finished upload of exp_20260916T180210Z_baseline_medium_7_0_r78458751_0
client-low-power-1  | 16-Sep-2026 18:06:06 [boincserver] Sending scheduler request: To report completed tasks.
client-low-power-1  | 16-Sep-2026 18:06:06 [boincserver] Reporting 1 completed tasks
client-low-power-1  | 16-Sep-2026 18:06:06 [boincserver] Requesting new tasks for CPU
client-low-power-1  | 16-Sep-2026 18:06:18 [boincserver] Scheduler request completed: got 0 new tasks
client-low-power-1  | 16-Sep-2026 18:06:18 [boincserver] Project has no tasks available
client-low-power-1  | 16-Sep-2026 18:06:18 [boincserver] Project requested delay of 7 seconds
client-desktop-1    | 16-Sep-2026 18:06:08 [boincserver] Reporting 1 completed tasks
client-desktop-1    | 16-Sep-2026 18:06:08 [boincserver] Requesting new tasks for CPU
client-desktop-1    | 16-Sep-2026 18:06:10 [boincserver] Scheduler request completed: got 0 new tasks
client-desktop-1    | 16-Sep-2026 18:06:10 [boincserver] Project has no tasks available
client-desktop-1    | 16-Sep-2026 18:06:10 [boincserver] Project requested delay of 7 seconds
mysql-1             | Version: '10.3.8-MariaDB-1:10.3.8+maria~bionic'  socket: '/var/run/mysqld/mysqld.sock'  port: 3306  mariadb.org binary distribution
mysql-1             | 2026-09-16 18:02:20 8 [Warning] Access denied for user 'boincadm'@'172.21.0.3' (using password: NO)
client-desktop-1    | 16-Sep-2026 18:06:20 [boincserver] Sending scheduler request: To fetch work.
client-desktop-1    | 16-Sep-2026 18:06:20 [boincserver] Requesting new tasks for CPU
client-desktop-1    | 16-Sep-2026 18:06:22 [boincserver] Scheduler request completed: got 0 new tasks
client-low-power-1  | 16-Sep-2026 18:06:29 [boincserver] Sending scheduler request: To fetch work.
client-low-power-1  | 16-Sep-2026 18:06:29 [boincserver] Requesting new tasks for CPU
client-low-power-1  | 16-Sep-2026 18:06:36 [boincserver] Scheduler request completed: got 0 new tasks
client-low-power-1  | 16-Sep-2026 18:06:36 [boincserver] Project has no tasks available
client-low-power-1  | 16-Sep-2026 18:06:36 [boincserver] Project requested delay of 7 seconds
client-desktop-1    | 16-Sep-2026 18:06:22 [boincserver] Project has no tasks available
mysql-1             | 2026-09-16 18:02:33 16 [Warning] Aborted connection 16 to db: 'boincserver' user: 'root' host: '172.21.0.4' (Got an error reading communication packets)
mysql-1             | 2026-09-16 18:02:33 17 [Warning] Aborted connection 17 to db: 'boincserver' user: 'root' host: '172.21.0.4' (Got an error reading communication packets)
mysql-1             | 2026-09-16 18:02:33 15 [Warning] Aborted connection 15 to db: 'boincserver' user: 'root' host: '172.21.0.4' (Got an error reading communication packets)
client-desktop-1    | 16-Sep-2026 18:06:22 [boincserver] Project requested delay of 7 seconds
client-desktop-1    | 16-Sep-2026 18:07:01 [boincserver] Computation for task exp_20260916T180210Z_baseline_long_6_0 finished
client-desktop-1    | 16-Sep-2026 18:07:03 [boincserver] Started upload of exp_20260916T180210Z_baseline_long_6_0_r889110263_0
client-desktop-1    | 16-Sep-2026 18:07:05 [boincserver] Finished upload of exp_20260916T180210Z_baseline_long_6_0_r889110263_0
client-desktop-1    | 16-Sep-2026 18:07:09 [boincserver] Sending scheduler request: To report completed tasks.
client-desktop-1    | 16-Sep-2026 18:07:09 [boincserver] Reporting 1 completed tasks
client-desktop-1    | 16-Sep-2026 18:07:09 [boincserver] Requesting new tasks for CPU
client-desktop-1    | 16-Sep-2026 18:07:11 [boincserver] Scheduler request completed: got 0 new tasks
client-desktop-1    | 16-Sep-2026 18:07:11 [boincserver] Project has no tasks available
client-desktop-1    | 16-Sep-2026 18:07:11 [boincserver] Project requested delay of 7 seconds
mysql-1             | 2026-09-16 18:05:02 121 [Warning] Aborted connection 121 to db: 'boincserver' user: 'root' host: '172.21.0.4' (Got an error reading communication packets)
mysql-1             | 2026-09-16 18:05:06 130 [Warning] Aborted connection 130 to db: 'boincserver' user: 'root' host: '172.21.0.4' (Got an error reading communication packets)
