makeproject-1   | Updating project files in data volume...
makeproject-1   | Waiting for MySQL server to start...
makeproject-1   | Creating database...
makeproject-1   | added platform: (create_time, name, user_friendly_name) values (1789637774, 'windows_intelx86', 'Microsoft Windows (98 or later) running on an Intel x86-compatible CPU')
makeproject-1   | added platform: (create_time, name, user_friendly_name) values (1789637775, 'windows_x86_64', 'Microsoft Windows running on an AMD x86_64 or Intel EM64T CPU')
mysql-1         | Initializing database
mysql-1         | 
mysql-1         | 
mysql-1         | PLEASE REMEMBER TO SET A PASSWORD FOR THE MariaDB root USER !
mysql-1         | To do so, start the server, then issue the following commands:
mysql-1         | 
mysql-1         | '/usr/bin/mysqladmin' -u root password 'new-password'
client-desktop-1  | 17-Sep-2026 09:37:44 [---] Starting BOINC client version 7.20.5 for aarch64-unknown-linux-gnu
client-desktop-1  | 17-Sep-2026 09:37:44 [---] This a development version of BOINC and may not function properly
client-desktop-1  | 17-Sep-2026 09:37:44 [---] log flags: file_xfer, sched_ops, task
client-phone-1  | 17-Sep-2026 09:37:44 [---] Starting BOINC client version 7.20.5 for aarch64-unknown-linux-gnu
client-phone-1    | 17-Sep-2026 09:37:44 [---] This a development version of BOINC and may not function properly
client-phone-1    | 17-Sep-2026 09:37:44 [---] log flags: file_xfer, sched_ops, task
client-desktop-1  | 17-Sep-2026 09:37:44 [---] Libraries: libcurl/7.88.1 OpenSSL/3.0.20 zlib/1.2.13 brotli/1.0.9 zstd/1.5.4 libidn2/2.3.3 libpsl/0.21.2 (+libidn2/2.3.3) libssh2/1.10.0 nghttp2/1.52.0 librtmp/2.3 OpenLDAP/2.5.13
client-desktop-1  | 17-Sep-2026 09:37:44 [---] Data directory: /var/lib/boinc-client
client-desktop-1  | 17-Sep-2026 09:37:44 [---] No usable GPUs found
client-desktop-1  | 17-Sep-2026 09:37:44 [---] Creating new client state file
client-desktop-1  | 17-Sep-2026 09:37:44 [---] libc:  version 2.36
client-desktop-1  | 17-Sep-2026 09:37:44 [---] Host name: desktop-01
client-desktop-1  | 17-Sep-2026 09:37:44 [---] Processor: 2 ARM  [Impl 0x61 Arch 8 Variant 0x0 Part 0x000 Rev 0]
client-desktop-1  | 17-Sep-2026 09:37:44 [---] Processor features: fp asimd evtstrm aes pmull sha1 sha2 crc32 atomics fphp asimdhp cpuid asimdrdm jscvt fcma lrcpc dcpop sha3 asimddp sha512 asimdfhm dit uscat ilrcpc flagm sb paca pacg dcpodp flagm2 frint i8mm bf16 bti afp
client-desktop-1  | 17-Sep-2026 09:37:44 [---] OS: Linux Debian GNU/Linux: Debian GNU/Linux 12 (bookworm) [6.8.0-100-generic|libc 2.36]
client-desktop-1    | 17-Sep-2026 09:37:44 [---] Memory: 9.69 GB physical, 0 bytes virtual
client-desktop-1    | 17-Sep-2026 09:37:44 [---] Disk: 18.33 GB total, 15.31 GB free
client-desktop-1    | 17-Sep-2026 09:37:44 [---] Local time is UTC +0 hours
client-desktop-1    | 17-Sep-2026 09:37:44 [---] Config: GUI RPC allowed from any host
client-desktop-1    | 17-Sep-2026 09:37:44 [---] Config: simulate 2 CPUs
client-desktop-1    | 17-Sep-2026 09:37:44 [---] Config: report completed tasks immediately
client-desktop-1    | 17-Sep-2026 09:37:44 [---] No general preferences found - using defaults
client-desktop-1    | 17-Sep-2026 09:37:44 [---] Reading preferences override file
client-desktop-1    | 17-Sep-2026 09:37:44 [---] Preferences:
makeproject-1   | added platform: (create_time, name, user_friendly_name) values (1789637775, 'windows_arm64', 'Microsoft Windows running on ARM 64-bit')
makeproject-1       | added platform: (create_time, name, user_friendly_name) values (1789637775, 'i686-pc-linux-gnu', 'Linux running on an Intel x86-compatible CPU')
makeproject-1       | added platform: (create_time, name, user_friendly_name) values (1789637775, 'x86_64-pc-linux-gnu', 'Linux running on an AMD x86_64 or Intel EM64T CPU')
makeproject-1       | added platform: (create_time, name, user_friendly_name) values (1789637775, 'powerpc-apple-darwin', 'Mac OS X 10.3 or later running on Motorola PowerPC')
makeproject-1       | added platform: (create_time, name, user_friendly_name) values (1789637775, 'i686-apple-darwin', 'Mac OS 10.4 or later running on Intel')
makeproject-1       | added platform: (create_time, name, user_friendly_name) values (1789637775, 'x86_64-apple-darwin', 'Intel 64-bit Mac OS 10.5 or later')
makeproject-1       | added platform: (create_time, name, user_friendly_name) values (1789637775, 'arm64-apple-darwin', 'Mac OS running on ARM')
makeproject-1       | added platform: (create_time, name, user_friendly_name) values (1789637775, 'sparc-sun-solaris2.7', 'Solaris 2.7 running on a SPARC-compatible CPU')
makeproject-1       | added platform: (create_time, name, user_friendly_name) values (1789637775, 'sparc-sun-solaris', 'Solaris 2.8 or later running on a SPARC-compatible CPU')
makeproject-1       | added platform: (create_time, name, user_friendly_name) values (1789637775, 'sparc64-sun-solaris', 'Solaris 2.8 or later running on a SPARC 64-bit CPU')
makeproject-1       | added platform: (create_time, name, user_friendly_name) values (1789637775, 'powerpc64-ps3-linux-gnu', 'Sony Playstation 3 running Linux')
mysql-1           | '/usr/bin/mysqladmin' -u root -h  password 'new-password'
mysql-1             | 
mysql-1             | Alternatively you can run:
mysql-1             | '/usr/bin/mysql_secure_installation'
mysql-1             | 
mysql-1             | which will also give you the option of removing the test
mysql-1             | databases and anonymous user created by default.  This is
mysql-1             | strongly recommended for production servers.
client-desktop-1    | 17-Sep-2026 09:37:44 [---]    max memory usage when active: 8929.14 MB
client-desktop-1    | 17-Sep-2026 09:37:44 [---]    max memory usage when idle: 8929.14 MB
client-desktop-1    | 17-Sep-2026 09:37:44 [---]    max disk usage: 2.00 GB
client-desktop-1    | 17-Sep-2026 09:37:44 [---]    don't use GPU while active
makeproject-1       | added platform: (create_time, name, user_friendly_name) values (1789637775, 'arm-android-linux-gnu', 'Android running on ARM armeabi-v7a')
makeproject-1       | added platform: (create_time, name, user_friendly_name) values (1789637775, 'aarch64-android-linux-gnu', 'Android running on ARM 64-bit arm64-v8a')
makeproject-1       | added platform: (create_time, name, user_friendly_name) values (1789637775, 'x86_64-android-linux-gnu', 'Android running on Intel x64 compatible')
makeproject-1       | added platform: (create_time, name, user_friendly_name) values (1789637775, 'x86-android-linux-gnu', 'Android running on Intel x86 compatible')
makeproject-1       | added platform: (create_time, name, user_friendly_name) values (1789637775, 'arm-unknown-linux-gnueabihf', 'Linux running on ARM, hardware FP')
client-desktop-1    | 17-Sep-2026 09:37:44 [---]    suspend work if non-BOINC CPU load exceeds 25%
client-desktop-1    | 17-Sep-2026 09:37:44 [---]    (to change preferences, visit a project web site or select Preferences in the Manager)
client-desktop-1    | 17-Sep-2026 09:37:44 [---] Setting up project and slot directories
client-desktop-1    | 17-Sep-2026 09:37:44 [---] Checking active tasks
client-cluster-2-1  | 17-Sep-2026 09:37:39 [---] Starting BOINC client version 7.20.5 for aarch64-unknown-linux-gnu
client-cluster-2-1  | 17-Sep-2026 09:37:39 [---] This a development version of BOINC and may not function properly
client-cluster-2-1  | 17-Sep-2026 09:37:39 [---] log flags: file_xfer, sched_ops, task
client-cluster-2-1  | 17-Sep-2026 09:37:39 [---] Libraries: libcurl/7.88.1 OpenSSL/3.0.20 zlib/1.2.13 brotli/1.0.9 zstd/1.5.4 libidn2/2.3.3 libpsl/0.21.2 (+libidn2/2.3.3) libssh2/1.10.0 nghttp2/1.52.0 librtmp/2.3 OpenLDAP/2.5.13
client-cluster-2-1  | 17-Sep-2026 09:37:39 [---] Data directory: /var/lib/boinc-client
client-cluster-2-1  | 17-Sep-2026 09:37:39 [---] No usable GPUs found
client-desktop-1    | dir_open: Could not open directory 'slots' from '/var/lib/boinc-client'.
client-desktop-1    | 17-Sep-2026 09:37:44 [---] Setting up GUI RPC socket
client-desktop-1    | 17-Sep-2026 09:37:44 [---] Checking presence of 0 project files
client-desktop-1    | 17-Sep-2026 09:37:44 [---] This computer is not attached to any projects
client-desktop-1    | 17-Sep-2026 09:37:44 Initialization completed
client-desktop-1    | dir_open: Could not open directory 'projects/boincserver.local_boincserver' from '/var/lib/boinc-client'.
client-desktop-1    | 17-Sep-2026 09:37:45 [---] No general preferences found - using defaults
client-desktop-1    | 17-Sep-2026 09:37:45 [---] Reading preferences override file
client-desktop-1    | 17-Sep-2026 09:37:45 [---] Preferences:
client-desktop-1    | 17-Sep-2026 09:37:45 [---]    max memory usage when active: 8929.14 MB
client-desktop-1    | 17-Sep-2026 09:37:45 [---]    max memory usage when idle: 8929.14 MB
client-desktop-1    | 17-Sep-2026 09:37:45 [---]    max disk usage: 2.00 GB
client-desktop-1    | 17-Sep-2026 09:37:45 [---]    don't use GPU while active
client-desktop-1    | 17-Sep-2026 09:37:45 [---]    suspend work if non-BOINC CPU load exceeds 25%
client-desktop-1    | 17-Sep-2026 09:37:45 [---]    (to change preferences, visit a project web site or select Preferences in the Manager)
client-cluster-2-1  | 17-Sep-2026 09:37:39 [---] Creating new client state file
client-cluster-2-1  | 17-Sep-2026 09:37:39 [---] libc:  version 2.36
client-cluster-2-1  | 17-Sep-2026 09:37:39 [---] Host name: cluster-02
client-cluster-2-1  | 17-Sep-2026 09:37:39 [---] Processor: 4 ARM  [Impl 0x61 Arch 8 Variant 0x0 Part 0x000 Rev 0]
client-cluster-2-1  | 17-Sep-2026 09:37:39 [---] Processor features: fp asimd evtstrm aes pmull sha1 sha2 crc32 atomics fphp asimdhp cpuid asimdrdm jscvt fcma lrcpc dcpop sha3 asimddp sha512 asimdfhm dit uscat ilrcpc flagm sb paca pacg dcpodp flagm2 frint i8mm bf16 bti afp
client-cluster-2-1  | 17-Sep-2026 09:37:39 [---] OS: Linux Debian GNU/Linux: Debian GNU/Linux 12 (bookworm) [6.8.0-100-generic|libc 2.36]
client-cluster-2-1  | 17-Sep-2026 09:37:39 [---] Memory: 9.69 GB physical, 0 bytes virtual
mysql-1             | 
mysql-1             | See the MariaDB Knowledgebase at http://mariadb.com/kb or the
client-cluster-2-1  | 17-Sep-2026 09:37:39 [---] Disk: 18.33 GB total, 15.31 GB free
client-cluster-2-1  | 17-Sep-2026 09:37:39 [---] Local time is UTC +0 hours
client-cluster-2-1  | 17-Sep-2026 09:37:39 [---] Config: GUI RPC allowed from any host
client-cluster-2-1  | 17-Sep-2026 09:37:39 [---] Config: simulate 4 CPUs
client-cluster-2-1  | 17-Sep-2026 09:37:39 [---] Config: report completed tasks immediately
client-cluster-2-1  | 17-Sep-2026 09:37:39 [---] No general preferences found - using defaults
client-phone-2-1    | 17-Sep-2026 09:37:39 [---] Starting BOINC client version 7.20.5 for aarch64-unknown-linux-gnu
client-phone-2-1    | 17-Sep-2026 09:37:39 [---] This a development version of BOINC and may not function properly
client-phone-2-1    | 17-Sep-2026 09:37:39 [---] log flags: file_xfer, sched_ops, task
client-low-power-1  | 17-Sep-2026 09:37:39 [---] Starting BOINC client version 7.20.5 for aarch64-unknown-linux-gnu
client-low-power-1  | 17-Sep-2026 09:37:39 [---] This a development version of BOINC and may not function properly
client-low-power-1  | 17-Sep-2026 09:37:39 [---] log flags: file_xfer, sched_ops, task
makeproject-1       | added platform: (create_time, name, user_friendly_name) values (1789637775, 'aarch64-unknown-linux-gnu', 'Linux running on ARM64')
makeproject-1       | added platform: (create_time, name, user_friendly_name) values (1789637775, 'anonymous', 'anonymous')
makeproject-1       | 
client-phone-1    | 17-Sep-2026 09:37:44 [---] Libraries: libcurl/7.88.1 OpenSSL/3.0.20 zlib/1.2.13 brotli/1.0.9 zstd/1.5.4 libidn2/2.3.3 libpsl/0.21.2 (+libidn2/2.3.3) libssh2/1.10.0 nghttp2/1.52.0 librtmp/2.3 OpenLDAP/2.5.13
client-phone-2-1    | 17-Sep-2026 09:37:39 [---] Libraries: libcurl/7.88.1 OpenSSL/3.0.20 zlib/1.2.13 brotli/1.0.9 zstd/1.5.4 libidn2/2.3.3 libpsl/0.21.2 (+libidn2/2.3.3) libssh2/1.10.0 nghttp2/1.52.0 librtmp/2.3 OpenLDAP/2.5.13
client-phone-2-1    | 17-Sep-2026 09:37:39 [---] Data directory: /var/lib/boinc-client
client-phone-2-1    | 17-Sep-2026 09:37:39 [---] No usable GPUs found
client-phone-2-1    | 17-Sep-2026 09:37:39 [---] Creating new client state file
client-phone-2-1    | 17-Sep-2026 09:37:39 [---] libc:  version 2.36
client-phone-2-1    | 17-Sep-2026 09:37:39 [---] Host name: phone-02
client-phone-2-1    | 17-Sep-2026 09:37:39 [---] Processor: 1 ARM  [Impl 0x61 Arch 8 Variant 0x0 Part 0x000 Rev 0]
client-phone-2-1    | 17-Sep-2026 09:37:39 [---] Processor features: fp asimd evtstrm aes pmull sha1 sha2 crc32 atomics fphp asimdhp cpuid asimdrdm jscvt fcma lrcpc dcpop sha3 asimddp sha512 asimdfhm dit uscat ilrcpc flagm sb paca pacg dcpodp flagm2 frint i8mm bf16 bti afp
client-cluster-1    | 17-Sep-2026 09:37:39 [---] Starting BOINC client version 7.20.5 for aarch64-unknown-linux-gnu
client-cluster-1    | 17-Sep-2026 09:37:39 [---] This a development version of BOINC and may not function properly
client-cluster-1    | 17-Sep-2026 09:37:39 [---] log flags: file_xfer, sched_ops, task
client-cluster-1    | 17-Sep-2026 09:37:39 [---] Libraries: libcurl/7.88.1 OpenSSL/3.0.20 zlib/1.2.13 brotli/1.0.9 zstd/1.5.4 libidn2/2.3.3 libpsl/0.21.2 (+libidn2/2.3.3) libssh2/1.10.0 nghttp2/1.52.0 librtmp/2.3 OpenLDAP/2.5.13
client-phone-1      | 17-Sep-2026 09:37:44 [---] Data directory: /var/lib/boinc-client
client-phone-1      | 17-Sep-2026 09:37:44 [---] No usable GPUs found
client-phone-1      | 17-Sep-2026 09:37:44 [---] Creating new client state file
client-phone-1      | 17-Sep-2026 09:37:44 [---] libc:  version 2.36
mysql-1             | MySQL manual for more instructions.
mysql-1             | 
mysql-1             | Please report any problems at http://mariadb.org/jira
mysql-1             | 
client-cluster-1    | 17-Sep-2026 09:37:39 [---] Data directory: /var/lib/boinc-client
client-cluster-1    | 17-Sep-2026 09:37:39 [---] No usable GPUs found
client-cluster-1    | 17-Sep-2026 09:37:39 [---] Creating new client state file
client-cluster-1    | 17-Sep-2026 09:37:39 [---] libc:  version 2.36
client-cluster-1    | 17-Sep-2026 09:37:39 [---] Host name: cluster-01
client-low-power-1  | 17-Sep-2026 09:37:39 [---] Libraries: libcurl/7.88.1 OpenSSL/3.0.20 zlib/1.2.13 brotli/1.0.9 zstd/1.5.4 libidn2/2.3.3 libpsl/0.21.2 (+libidn2/2.3.3) libssh2/1.10.0 nghttp2/1.52.0 librtmp/2.3 OpenLDAP/2.5.13
client-low-power-1  | 17-Sep-2026 09:37:39 [---] Data directory: /var/lib/boinc-client
client-low-power-1  | 17-Sep-2026 09:37:39 [---] No usable GPUs found
client-low-power-1  | 17-Sep-2026 09:37:39 [---] Creating new client state file
client-low-power-1  | 17-Sep-2026 09:37:39 [---] libc:  version 2.36
client-cluster-2-1  | 17-Sep-2026 09:37:39 [---] Reading preferences override file
client-cluster-2-1  | 17-Sep-2026 09:37:39 [---] Preferences:
apache-1            | /usr/lib/python2.7/dist-packages/supervisor/options.py:461: UserWarning: Supervisord is running as root and it is searching for its configuration file in default locations (including its current working directory); you probably want to specify a "-c" argument specifying an absolute path to a configuration file for improved security.
apache-1            |   'Supervisord is running as root and it is searching '
client-desktop-1    | 17-Sep-2026 09:37:49 [http://boincserver.local/boincserver/] Fetching scheduler list
client-desktop-1    | 17-Sep-2026 09:37:51 [http://boincserver.local/boincserver/] Master file download succeeded
client-desktop-1    | 17-Sep-2026 09:37:57 [http://boincserver.local/boincserver/] Sending scheduler request: Project initialization.
client-desktop-1    | 17-Sep-2026 09:37:57 [http://boincserver.local/boincserver/] Requesting new tasks for CPU
client-desktop-1    | 17-Sep-2026 09:38:04 [boincserver] Scheduler request completed: got 1 new tasks
client-desktop-1    | 17-Sep-2026 09:38:04 [boincserver] Project requested delay of 7 seconds
client-desktop-1    | 17-Sep-2026 09:38:06 [boincserver] Started download of hybrid_synthetic_1.0_aarch64-unknown-linux-gnu
client-phone-1      | 17-Sep-2026 09:37:44 [---] Host name: phone-01
client-phone-1      | 17-Sep-2026 09:37:44 [---] Processor: 1 ARM  [Impl 0x61 Arch 8 Variant 0x0 Part 0x000 Rev 0]
client-desktop-1    | 17-Sep-2026 09:38:06 [boincserver] Started download of hybrid_synthetic_input.txt
client-desktop-1    | 17-Sep-2026 09:38:08 [boincserver] Finished download of hybrid_synthetic_1.0_aarch64-unknown-linux-gnu
client-desktop-1    | 17-Sep-2026 09:38:08 [boincserver] Finished download of hybrid_synthetic_input.txt
client-desktop-1    | 17-Sep-2026 09:38:08 [boincserver] Starting task exp_20260917T092942Z_random_long_3_0
client-desktop-1    | 17-Sep-2026 09:38:14 [boincserver] Sending scheduler request: To fetch work.
client-desktop-1    | 17-Sep-2026 09:38:14 [boincserver] Requesting new tasks for CPU
client-desktop-1    | 17-Sep-2026 09:38:16 [boincserver] Scheduler request completed: got 2 new tasks
client-desktop-1    | 17-Sep-2026 09:38:16 [boincserver] Project requested delay of 7 seconds
client-phone-2-1    | 17-Sep-2026 09:37:39 [---] OS: Linux Debian GNU/Linux: Debian GNU/Linux 12 (bookworm) [6.8.0-100-generic|libc 2.36]
client-phone-2-1    | 17-Sep-2026 09:37:39 [---] Memory: 9.69 GB physical, 0 bytes virtual
client-phone-2-1    | 17-Sep-2026 09:37:39 [---] Disk: 18.33 GB total, 15.31 GB free
client-phone-2-1    | 17-Sep-2026 09:37:39 [---] Local time is UTC +0 hours
client-phone-2-1    | 17-Sep-2026 09:37:39 [---] Config: GUI RPC allowed from any host
client-phone-2-1    | 17-Sep-2026 09:37:39 [---] Config: simulate 1 CPUs
client-phone-2-1    | 17-Sep-2026 09:37:39 [---] Config: report completed tasks immediately
client-phone-2-1    | 17-Sep-2026 09:37:39 [---] No general preferences found - using defaults
client-phone-2-1    | 17-Sep-2026 09:37:39 [---] Reading preferences override file
client-cluster-2-1  | 17-Sep-2026 09:37:39 [---]    max memory usage when active: 8929.14 MB
apache-1            | 2026-09-17 09:36:04,293 CRIT Supervisor is running as root.  Privileges were not dropped because no user is specified in the config file.  If you intend to run as root, you can set user=root in the config file to avoid this message.
apache-1            | 2026-09-17 09:36:04,293 INFO Included extra file "/etc/supervisor/conf.d/supervisord.conf" during parsing
apache-1            | 2026-09-17 09:36:04,297 INFO RPC interface 'supervisor' initialized
apache-1            | 2026-09-17 09:36:04,297 CRIT Server 'unix_http_server' running without any HTTP authentication checking
apache-1            | 2026-09-17 09:36:04,297 INFO supervisord started with pid 1
apache-1            | 2026-09-17 09:36:05,302 INFO spawned: 'cron' with pid 9
apache-1            | 2026-09-17 09:36:05,308 INFO spawned: 'start' with pid 10
apache-1            | 2026-09-17 09:36:05,312 INFO spawned: 'rsyslogd' with pid 11
apache-1            | 2026-09-17 09:36:05,314 INFO spawned: 'apache2' with pid 12
apache-1            | 2026-09-17 09:36:07,268 INFO success: cron entered RUNNING state, process has stayed up for > than 1 seconds (startsecs)
apache-1            | 2026-09-17 09:36:07,268 INFO success: start entered RUNNING state, process has stayed up for > than 1 seconds (startsecs)
client-phone-1      | 17-Sep-2026 09:37:44 [---] Processor features: fp asimd evtstrm aes pmull sha1 sha2 crc32 atomics fphp asimdhp cpuid asimdrdm jscvt fcma lrcpc dcpop sha3 asimddp sha512 asimdfhm dit uscat ilrcpc flagm sb paca pacg dcpodp flagm2 frint i8mm bf16 bti afp
client-phone-1      | 17-Sep-2026 09:37:44 [---] OS: Linux Debian GNU/Linux: Debian GNU/Linux 12 (bookworm) [6.8.0-100-generic|libc 2.36]
client-phone-1      | 17-Sep-2026 09:37:44 [---] Memory: 9.69 GB physical, 0 bytes virtual
client-phone-1      | 17-Sep-2026 09:37:44 [---] Disk: 18.33 GB total, 15.31 GB free
client-phone-1      | 17-Sep-2026 09:37:44 [---] Local time is UTC +0 hours
client-desktop-1    | 17-Sep-2026 09:38:18 [boincserver] Starting task exp_20260917T092942Z_random_medium_3_0
client-desktop-1    | 17-Sep-2026 09:38:26 [boincserver] Sending scheduler request: To fetch work.
client-desktop-1    | 17-Sep-2026 09:38:26 [boincserver] Requesting new tasks for CPU
client-desktop-1    | 17-Sep-2026 09:38:28 [boincserver] Scheduler request completed: got 1 new tasks
client-low-power-1  | 17-Sep-2026 09:37:39 [---] Host name: low-power-01
client-low-power-1  | 17-Sep-2026 09:37:39 [---] Processor: 1 ARM  [Impl 0x61 Arch 8 Variant 0x0 Part 0x000 Rev 0]
client-low-power-1  | 17-Sep-2026 09:37:39 [---] Processor features: fp asimd evtstrm aes pmull sha1 sha2 crc32 atomics fphp asimdhp cpuid asimdrdm jscvt fcma lrcpc dcpop sha3 asimddp sha512 asimdfhm dit uscat ilrcpc flagm sb paca pacg dcpodp flagm2 frint i8mm bf16 bti afp
client-phone-1      | 17-Sep-2026 09:37:44 [---] Config: GUI RPC allowed from any host
client-phone-1      | 17-Sep-2026 09:37:44 [---] Config: simulate 1 CPUs
client-phone-1      | 17-Sep-2026 09:37:44 [---] Config: report completed tasks immediately
client-phone-1      | 17-Sep-2026 09:37:44 [---] No general preferences found - using defaults
client-phone-1      | 17-Sep-2026 09:37:44 [---] Reading preferences override file
client-phone-1      | 17-Sep-2026 09:37:44 [---] Preferences:
client-phone-1      | 17-Sep-2026 09:37:44 [---]    max memory usage when active: 8929.14 MB
client-phone-1      | 17-Sep-2026 09:37:44 [---]    max memory usage when idle: 8929.14 MB
client-phone-1      | 17-Sep-2026 09:37:44 [---]    max disk usage: 2.00 GB
client-phone-1      | 17-Sep-2026 09:37:44 [---]    don't use GPU while active
client-cluster-1    | 17-Sep-2026 09:37:39 [---] Processor: 4 ARM  [Impl 0x61 Arch 8 Variant 0x0 Part 0x000 Rev 0]
client-cluster-1    | 17-Sep-2026 09:37:39 [---] Processor features: fp asimd evtstrm aes pmull sha1 sha2 crc32 atomics fphp asimdhp cpuid asimdrdm jscvt fcma lrcpc dcpop sha3 asimddp sha512 asimdfhm dit uscat ilrcpc flagm sb paca pacg dcpodp flagm2 frint i8mm bf16 bti afp
client-cluster-1    | 17-Sep-2026 09:37:39 [---] OS: Linux Debian GNU/Linux: Debian GNU/Linux 12 (bookworm) [6.8.0-100-generic|libc 2.36]
client-cluster-1    | 17-Sep-2026 09:37:39 [---] Memory: 9.69 GB physical, 0 bytes virtual
client-cluster-1    | 17-Sep-2026 09:37:39 [---] Disk: 18.33 GB total, 15.31 GB free
client-phone-2-1    | 17-Sep-2026 09:37:39 [---] Preferences:
client-phone-2-1    | 17-Sep-2026 09:37:39 [---]    max memory usage when active: 8929.14 MB
client-phone-2-1    | 17-Sep-2026 09:37:39 [---]    max memory usage when idle: 8929.14 MB
client-low-power-1  | 17-Sep-2026 09:37:39 [---] OS: Linux Debian GNU/Linux: Debian GNU/Linux 12 (bookworm) [6.8.0-100-generic|libc 2.36]
client-low-power-1  | 17-Sep-2026 09:37:39 [---] Memory: 9.69 GB physical, 0 bytes virtual
client-low-power-1  | 17-Sep-2026 09:37:39 [---] Disk: 18.33 GB total, 15.31 GB free
client-low-power-1  | 17-Sep-2026 09:37:39 [---] Local time is UTC +0 hours
mysql-1             | The latest information about MariaDB is available at http://mariadb.org/.
mysql-1             | You can find additional information about the MySQL part at:
mysql-1             | http://dev.mysql.com
mysql-1             | Consider joining MariaDB's strong and vibrant community:
mysql-1             | https://mariadb.org/get-involved/
mysql-1             | 
mysql-1             | Database initialized
mysql-1             | MySQL init process in progress...
apache-1            | 2026-09-17 09:36:07,268 INFO success: rsyslogd entered RUNNING state, process has stayed up for > than 1 seconds (startsecs)
apache-1            | 2026-09-17 09:36:07,268 INFO success: apache2 entered RUNNING state, process has stayed up for > than 1 seconds (startsecs)
apache-1            | 2026-09-17 09:36:20,804 INFO reaped unknown pid 64
apache-1            | 2026-09-17 09:36:20,805 INFO reaped unknown pid 66
apache-1            | 2026-09-17 09:36:20,805 INFO reaped unknown pid 68
apache-1            | 2026-09-17 09:36:22,346 INFO reaped unknown pid 67
mysql-1             | 2026-09-17  9:36:06 0 [Note] mysqld (mysqld 10.3.8-MariaDB-1:10.3.8+maria~bionic) starting as process 105 ...
mysql-1             | 2026-09-17  9:36:06 0 [Note] InnoDB: Using Linux native AIO
mysql-1             | 2026-09-17  9:36:06 0 [Note] InnoDB: Mutexes and rw_locks use GCC atomic builtins
mysql-1             | 2026-09-17  9:36:06 0 [Note] InnoDB: Uses event mutexes
mysql-1             | 2026-09-17  9:36:06 0 [Note] InnoDB: Compressed tables use zlib 1.2.11
mysql-1             | 2026-09-17  9:36:06 0 [Note] InnoDB: Number of pools: 1
mysql-1             | 2026-09-17  9:36:06 0 [Note] InnoDB: Using generic crc32 instructions
apache-1            | 2026-09-17 09:36:22,346 INFO reaped unknown pid 69
apache-1            | 2026-09-17 09:36:22,348 INFO reaped unknown pid 65
apache-1            | 2026-09-17 09:36:30,539 INFO reaped unknown pid 152
apache-1            | 2026-09-17 09:36:30,539 INFO reaped unknown pid 154
client-low-power-1  | 17-Sep-2026 09:37:39 [---] Config: GUI RPC allowed from any host
client-low-power-1  | 17-Sep-2026 09:37:39 [---] Config: simulate 1 CPUs
mysql-1             | 2026-09-17  9:36:06 0 [Note] InnoDB: Initializing buffer pool, total size = 256M, instances = 1, chunk size = 128M
mysql-1             | 2026-09-17  9:36:06 0 [Note] InnoDB: Completed initialization of buffer pool
mysql-1             | 2026-09-17  9:36:06 0 [Note] InnoDB: If the mysqld execution user is authorized, page cleaner thread priority can be changed. See the man page of setpriority().
mysql-1             | 2026-09-17  9:36:06 0 [Note] InnoDB: 128 out of 128 rollback segments are active.
client-phone-2-1    | 17-Sep-2026 09:37:39 [---]    max disk usage: 2.00 GB
client-phone-2-1    | 17-Sep-2026 09:37:39 [---]    don't use GPU while active
client-phone-1      | 17-Sep-2026 09:37:44 [---]    suspend work if non-BOINC CPU load exceeds 25%
client-phone-1      | 17-Sep-2026 09:37:44 [---]    (to change preferences, visit a project web site or select Preferences in the Manager)
client-phone-1      | 17-Sep-2026 09:37:44 [---] Setting up project and slot directories
client-cluster-2-1  | 17-Sep-2026 09:37:39 [---]    max memory usage when idle: 8929.14 MB
client-cluster-2-1  | 17-Sep-2026 09:37:39 [---]    max disk usage: 2.00 GB
client-cluster-2-1  | 17-Sep-2026 09:37:39 [---]    don't use GPU while active
client-cluster-2-1  | 17-Sep-2026 09:37:39 [---]    suspend work if non-BOINC CPU load exceeds 25%
client-cluster-2-1  | 17-Sep-2026 09:37:39 [---]    (to change preferences, visit a project web site or select Preferences in the Manager)
client-low-power-1  | 17-Sep-2026 09:37:39 [---] Config: report completed tasks immediately
client-low-power-1  | 17-Sep-2026 09:37:39 [---] No general preferences found - using defaults
mysql-1             | 2026-09-17  9:36:06 0 [Note] InnoDB: Creating shared tablespace for temporary tables
mysql-1             | 2026-09-17  9:36:06 0 [Note] InnoDB: Setting file './ibtmp1' size to 12 MB. Physically writing the file full; Please wait ...
mysql-1             | 2026-09-17  9:36:06 0 [Note] InnoDB: File './ibtmp1' size is now 12 MB.
mysql-1             | 2026-09-17  9:36:06 0 [Note] InnoDB: 10.3.8 started; log sequence number 1630815; transaction id 21
apache-1            | 2026-09-17 09:36:30,539 INFO reaped unknown pid 156
client-desktop-1    | 17-Sep-2026 09:38:28 [boincserver] Project requested delay of 7 seconds
client-desktop-1    | 17-Sep-2026 09:38:38 [boincserver] Sending scheduler request: To fetch work.
client-desktop-1    | 17-Sep-2026 09:38:38 [boincserver] Requesting new tasks for CPU
client-desktop-1    | 17-Sep-2026 09:38:40 [boincserver] Scheduler request completed: got 0 new tasks
client-cluster-1    | 17-Sep-2026 09:37:39 [---] Local time is UTC +0 hours
client-cluster-1    | 17-Sep-2026 09:37:39 [---] Config: GUI RPC allowed from any host
client-cluster-1    | 17-Sep-2026 09:37:39 [---] Config: simulate 4 CPUs
client-phone-1      | 17-Sep-2026 09:37:44 [---] Checking active tasks
client-phone-1      | 17-Sep-2026 09:37:44 [---] Setting up GUI RPC socket
client-phone-1      | dir_open: Could not open directory 'slots' from '/var/lib/boinc-client'.
client-phone-1      | 17-Sep-2026 09:37:44 [---] Checking presence of 0 project files
client-desktop-1    | 17-Sep-2026 09:38:40 [boincserver] No tasks sent
client-desktop-1    | 17-Sep-2026 09:38:40 [boincserver] This computer has reached a limit on tasks in progress
client-cluster-1    | 17-Sep-2026 09:37:39 [---] Config: report completed tasks immediately
client-cluster-1    | 17-Sep-2026 09:37:39 [---] No general preferences found - using defaults
client-cluster-1    | 17-Sep-2026 09:37:39 [---] Reading preferences override file
client-cluster-1    | 17-Sep-2026 09:37:39 [---] Preferences:
client-cluster-1    | 17-Sep-2026 09:37:39 [---]    max memory usage when active: 8929.14 MB
client-cluster-1    | 17-Sep-2026 09:37:39 [---]    max memory usage when idle: 8929.14 MB
client-cluster-2-1  | 17-Sep-2026 09:37:39 [---] Setting up project and slot directories
client-cluster-2-1  | 17-Sep-2026 09:37:39 [---] Checking active tasks
client-cluster-2-1  | 17-Sep-2026 09:37:39 [---] Setting up GUI RPC socket
client-desktop-1    | 17-Sep-2026 09:38:40 [boincserver] Project requested delay of 7 seconds
client-desktop-1    | 17-Sep-2026 09:39:14 [boincserver] Computation for task exp_20260917T092942Z_random_medium_3_0 finished
client-desktop-1    | 17-Sep-2026 09:39:14 [boincserver] Starting task exp_20260917T092942Z_random_medium_8_0
client-desktop-1    | 17-Sep-2026 09:39:16 [boincserver] Started upload of exp_20260917T092942Z_random_medium_3_0_r443578286_0
client-desktop-1    | 17-Sep-2026 09:39:18 [boincserver] Finished upload of exp_20260917T092942Z_random_medium_3_0_r443578286_0
client-desktop-1    | 17-Sep-2026 09:39:21 [boincserver] Sending scheduler request: To report completed tasks.
client-desktop-1    | 17-Sep-2026 09:39:21 [boincserver] Reporting 1 completed tasks
client-desktop-1    | 17-Sep-2026 09:39:21 [boincserver] Requesting new tasks for CPU
client-desktop-1    | 17-Sep-2026 09:39:23 [boincserver] Scheduler request completed: got 1 new tasks
client-desktop-1    | 17-Sep-2026 09:39:23 [boincserver] Project requested delay of 7 seconds
client-desktop-1    | 17-Sep-2026 09:39:33 [boincserver] Sending scheduler request: To fetch work.
client-desktop-1    | 17-Sep-2026 09:39:33 [boincserver] Requesting new tasks for CPU
client-desktop-1    | 17-Sep-2026 09:39:40 [boincserver] Scheduler request completed: got 0 new tasks
client-desktop-1    | 17-Sep-2026 09:39:40 [boincserver] Project has no tasks available
client-desktop-1    | 17-Sep-2026 09:39:40 [boincserver] Project requested delay of 7 seconds
client-low-power-1  | 17-Sep-2026 09:37:39 [---] Reading preferences override file
client-low-power-1  | 17-Sep-2026 09:37:39 [---] Preferences:
client-low-power-1  | 17-Sep-2026 09:37:39 [---]    max memory usage when active: 8929.14 MB
client-low-power-1  | 17-Sep-2026 09:37:39 [---]    max memory usage when idle: 8929.14 MB
client-cluster-1    | dir_open: Could not open directory 'slots' from '/var/lib/boinc-client'.
client-cluster-1    | 17-Sep-2026 09:37:39 [---]    max disk usage: 2.00 GB
client-cluster-1    | 17-Sep-2026 09:37:39 [---]    don't use GPU while active
mysql-1             | 2026-09-17  9:36:06 0 [Note] InnoDB: Loading buffer pool(s) from /var/lib/mysql/ib_buffer_pool
mysql-1             | 2026-09-17  9:36:06 0 [Note] Plugin 'FEEDBACK' is disabled.
mysql-1             | 2026-09-17  9:36:06 0 [Note] InnoDB: Buffer pool(s) load completed at 260917  9:36:06
mysql-1             | 2026-09-17  9:36:06 0 [Warning] 'user' entry 'root@cd40e8df4819' ignored in --skip-name-resolve mode.
client-phone-1      | 17-Sep-2026 09:37:44 [---] This computer is not attached to any projects
client-phone-1      | 17-Sep-2026 09:37:44 Initialization completed
client-phone-1      | dir_open: Could not open directory 'projects/boincserver.local_boincserver' from '/var/lib/boinc-client'.
client-phone-1      | 17-Sep-2026 09:37:45 [---] No general preferences found - using defaults
client-phone-1      | 17-Sep-2026 09:37:45 [---] Reading preferences override file
client-phone-1      | 17-Sep-2026 09:37:45 [---] Preferences:
client-phone-1      | 17-Sep-2026 09:37:45 [---]    max memory usage when active: 8929.14 MB
client-phone-1      | 17-Sep-2026 09:37:45 [---]    max memory usage when idle: 8929.14 MB
client-phone-1      | 17-Sep-2026 09:37:45 [---]    max disk usage: 2.00 GB
client-phone-1      | 17-Sep-2026 09:37:45 [---]    don't use GPU while active
client-phone-1      | 17-Sep-2026 09:37:45 [---]    suspend work if non-BOINC CPU load exceeds 25%
client-phone-1      | 17-Sep-2026 09:37:45 [---]    (to change preferences, visit a project web site or select Preferences in the Manager)
client-phone-1      | 17-Sep-2026 09:37:49 [http://boincserver.local/boincserver/] Fetching scheduler list
client-cluster-1    | 17-Sep-2026 09:37:39 [---]    suspend work if non-BOINC CPU load exceeds 25%
client-cluster-1    | 17-Sep-2026 09:37:39 [---]    (to change preferences, visit a project web site or select Preferences in the Manager)
client-cluster-1    | 17-Sep-2026 09:37:39 [---] Setting up project and slot directories
mysql-1             | 2026-09-17  9:36:06 0 [Warning] 'user' entry '@cd40e8df4819' ignored in --skip-name-resolve mode.
mysql-1             | 2026-09-17  9:36:06 0 [Warning] 'proxies_priv' entry '@% root@cd40e8df4819' ignored in --skip-name-resolve mode.
apache-1            | 2026-09-17 09:36:30,539 INFO reaped unknown pid 158
apache-1            | 2026-09-17 09:36:30,540 INFO reaped unknown pid 160
apache-1            | 2026-09-17 09:40:01,344 INFO reaped unknown pid 455
apache-1            | 2026-09-17 09:40:01,442 INFO reaped unknown pid 457
apache-1            | 2026-09-17 09:40:01,542 INFO reaped unknown pid 459
apache-1            | 2026-09-17 09:40:01,643 INFO reaped unknown pid 461
apache-1            | 2026-09-17 09:40:01,745 INFO reaped unknown pid 463
apache-1            | 2026-09-17 09:40:02,751 INFO reaped unknown pid 454
client-low-power-1  | dir_open: Could not open directory 'slots' from '/var/lib/boinc-client'.
client-low-power-1  | 17-Sep-2026 09:37:39 [---]    max disk usage: 2.00 GB
client-low-power-1  | 17-Sep-2026 09:37:39 [---]    don't use GPU while active
client-low-power-1  | 17-Sep-2026 09:37:39 [---]    suspend work if non-BOINC CPU load exceeds 25%
client-low-power-1  | 17-Sep-2026 09:37:39 [---]    (to change preferences, visit a project web site or select Preferences in the Manager)
client-phone-1      | 17-Sep-2026 09:37:51 [http://boincserver.local/boincserver/] Master file download succeeded
client-phone-1      | 17-Sep-2026 09:37:57 [http://boincserver.local/boincserver/] Sending scheduler request: Project initialization.
client-phone-1      | 17-Sep-2026 09:37:57 [http://boincserver.local/boincserver/] Requesting new tasks for CPU
client-phone-1      | 17-Sep-2026 09:37:59 [boincserver] Scheduler request completed: got 1 new tasks
client-cluster-2-1  | 17-Sep-2026 09:37:39 [---] Checking presence of 0 project files
client-cluster-2-1  | dir_open: Could not open directory 'slots' from '/var/lib/boinc-client'.
client-cluster-2-1  | 17-Sep-2026 09:37:39 [---] This computer is not attached to any projects
client-cluster-2-1  | 17-Sep-2026 09:37:39 Initialization completed
apache-1            | 2026-09-17 09:40:02,751 INFO reaped unknown pid 456
apache-1            | 2026-09-17 09:40:02,751 INFO reaped unknown pid 458
client-phone-1      | 17-Sep-2026 09:37:59 [boincserver] Project requested delay of 7 seconds
client-phone-1      | 17-Sep-2026 09:38:01 [boincserver] Started download of hybrid_synthetic_1.0_aarch64-unknown-linux-gnu
client-phone-1      | 17-Sep-2026 09:38:01 [boincserver] Started download of hybrid_synthetic_input.txt
client-phone-1      | 17-Sep-2026 09:38:03 [boincserver] Finished download of hybrid_synthetic_1.0_aarch64-unknown-linux-gnu
client-phone-1      | 17-Sep-2026 09:38:03 [boincserver] Finished download of hybrid_synthetic_input.txt
client-phone-1      | 17-Sep-2026 09:38:03 [boincserver] Starting task exp_20260917T092942Z_random_medium_11_0
client-phone-1      | 17-Sep-2026 09:38:09 [boincserver] Sending scheduler request: To fetch work.
client-phone-1      | 17-Sep-2026 09:38:09 [boincserver] Requesting new tasks for CPU
mysql-1             | 2026-09-17  9:36:06 0 [Note] Reading of all Master_info entries succeded
mysql-1             | 2026-09-17  9:36:06 0 [Note] Added new Master_info '' to hash table
mysql-1             | 2026-09-17  9:36:06 0 [Note] mysqld: ready for connections.
client-phone-2-1    | 17-Sep-2026 09:37:39 [---]    suspend work if non-BOINC CPU load exceeds 25%
client-phone-2-1    | 17-Sep-2026 09:37:39 [---]    (to change preferences, visit a project web site or select Preferences in the Manager)
client-cluster-2-1  | dir_open: Could not open directory 'projects/boincserver.local_boincserver' from '/var/lib/boinc-client'.
client-cluster-2-1  | 17-Sep-2026 09:37:40 [---] No general preferences found - using defaults
client-cluster-2-1  | 17-Sep-2026 09:37:40 [---] Reading preferences override file
client-cluster-2-1  | 17-Sep-2026 09:37:40 [---] Preferences:
client-low-power-1  | 17-Sep-2026 09:37:39 [---] Setting up project and slot directories
client-low-power-1  | 17-Sep-2026 09:37:39 [---] Checking active tasks
client-low-power-1  | 17-Sep-2026 09:37:39 [---] Setting up GUI RPC socket
client-low-power-1  | 17-Sep-2026 09:37:39 [---] Checking presence of 0 project files
client-low-power-1  | 17-Sep-2026 09:37:39 [---] This computer is not attached to any projects
client-phone-1      | 17-Sep-2026 09:38:11 [boincserver] Scheduler request completed: got 1 new tasks
client-phone-1      | 17-Sep-2026 09:38:11 [boincserver] Project requested delay of 7 seconds
client-phone-1      | 17-Sep-2026 09:38:21 [boincserver] Sending scheduler request: To fetch work.
client-phone-1      | 17-Sep-2026 09:38:21 [boincserver] Requesting new tasks for CPU
client-desktop-1    | 17-Sep-2026 09:40:14 [boincserver] Computation for task exp_20260917T092942Z_random_long_3_0 finished
client-desktop-1    | 17-Sep-2026 09:40:14 [boincserver] Elapsed time limit 50.000000 < 120.000000; setting to 43200.000000
client-desktop-1    | 17-Sep-2026 09:40:14 [boincserver] Starting task exp_20260917T092942Z_random_short_16_0
client-desktop-1    | 17-Sep-2026 09:40:15 [boincserver] Computation for task exp_20260917T092942Z_random_medium_8_0 finished
client-desktop-1    | 17-Sep-2026 09:40:15 [boincserver] Elapsed time limit 50.000000 < 120.000000; setting to 43200.000000
client-desktop-1    | 17-Sep-2026 09:40:15 [boincserver] Starting task exp_20260917T092942Z_random_short_2_0
client-cluster-1    | 17-Sep-2026 09:37:39 [---] Checking active tasks
client-phone-2-1    | dir_open: Could not open directory 'slots' from '/var/lib/boinc-client'.
client-phone-2-1    | 17-Sep-2026 09:37:39 [---] Setting up project and slot directories
client-cluster-1    | 17-Sep-2026 09:37:39 [---] Setting up GUI RPC socket
mysql-1             | Version: '10.3.8-MariaDB-1:10.3.8+maria~bionic'  socket: '/var/run/mysqld/mysqld.sock'  port: 0  mariadb.org binary distribution
client-phone-2-1    | 17-Sep-2026 09:37:39 [---] Checking active tasks
client-phone-2-1    | 17-Sep-2026 09:37:39 [---] Setting up GUI RPC socket
client-desktop-1    | 17-Sep-2026 09:40:16 [boincserver] Started upload of exp_20260917T092942Z_random_long_3_0_r794808408_0
client-desktop-1    | 17-Sep-2026 09:40:17 [boincserver] Started upload of exp_20260917T092942Z_random_medium_8_0_r1691063571_0
client-desktop-1    | 17-Sep-2026 09:40:18 [boincserver] Finished upload of exp_20260917T092942Z_random_long_3_0_r794808408_0
client-desktop-1    | 17-Sep-2026 09:40:18 [boincserver] Finished upload of exp_20260917T092942Z_random_medium_8_0_r1691063571_0
client-desktop-1    | 17-Sep-2026 09:40:21 [boincserver] Computation for task exp_20260917T092942Z_random_short_16_0 finished
client-cluster-1    | 17-Sep-2026 09:37:39 [---] Checking presence of 0 project files
client-cluster-1    | 17-Sep-2026 09:37:39 [---] This computer is not attached to any projects
client-cluster-1    | 17-Sep-2026 09:37:39 Initialization completed
client-cluster-1    | dir_open: Could not open directory 'projects/boincserver.local_boincserver' from '/var/lib/boinc-client'.
client-desktop-1    | 17-Sep-2026 09:40:21 [boincserver] Sending scheduler request: To report completed tasks.
client-desktop-1    | 17-Sep-2026 09:40:21 [boincserver] Reporting 2 completed tasks
client-desktop-1    | 17-Sep-2026 09:40:21 [boincserver] Requesting new tasks for CPU
client-desktop-1    | 17-Sep-2026 09:40:23 [boincserver] Started upload of exp_20260917T092942Z_random_short_16_0_r833978296_0
client-desktop-1    | 17-Sep-2026 09:40:23 [boincserver] Computation for task exp_20260917T092942Z_random_short_2_0 finished
client-desktop-1    | 17-Sep-2026 09:40:23 [boincserver] Scheduler request completed: got 0 new tasks
client-desktop-1    | 17-Sep-2026 09:40:23 [boincserver] Project has no tasks available
client-desktop-1    | 17-Sep-2026 09:40:23 [boincserver] Project requested delay of 7 seconds
client-desktop-1    | 17-Sep-2026 09:40:25 [boincserver] Finished upload of exp_20260917T092942Z_random_short_16_0_r833978296_0
client-cluster-2-1  | 17-Sep-2026 09:37:40 [---]    max memory usage when active: 8929.14 MB
client-cluster-2-1  | 17-Sep-2026 09:37:40 [---]    max memory usage when idle: 8929.14 MB
client-cluster-2-1  | 17-Sep-2026 09:37:40 [---]    max disk usage: 2.00 GB
client-cluster-2-1  | 17-Sep-2026 09:37:40 [---]    don't use GPU while active
client-cluster-2-1  | 17-Sep-2026 09:37:40 [---]    suspend work if non-BOINC CPU load exceeds 25%
client-cluster-2-1  | 17-Sep-2026 09:37:40 [---]    (to change preferences, visit a project web site or select Preferences in the Manager)
client-cluster-1    | 17-Sep-2026 09:37:40 [---] No general preferences found - using defaults
client-cluster-1    | 17-Sep-2026 09:37:40 [---] Reading preferences override file
mysql-1             | Warning: Unable to load '/usr/share/zoneinfo/leap-seconds.list' as time zone. Skipping it.
mysql-1             | 2026-09-17  9:36:07 10 [Warning] 'proxies_priv' entry '@% root@cd40e8df4819' ignored in --skip-name-resolve mode.
mysql-1             | 
client-phone-1      | 17-Sep-2026 09:38:23 [boincserver] Scheduler request completed: got 0 new tasks
client-phone-1      | 17-Sep-2026 09:38:23 [boincserver] No tasks sent
client-phone-1      | 17-Sep-2026 09:38:23 [boincserver] This computer has reached a limit on tasks in progress
client-phone-1      | 17-Sep-2026 09:38:23 [boincserver] Project requested delay of 7 seconds
client-desktop-1    | 17-Sep-2026 09:40:25 [boincserver] Started upload of exp_20260917T092942Z_random_short_2_0_r2125861323_0
client-desktop-1    | 17-Sep-2026 09:40:27 [boincserver] Finished upload of exp_20260917T092942Z_random_short_2_0_r2125861323_0
client-desktop-1    | 17-Sep-2026 09:40:33 [boincserver] Sending scheduler request: To report completed tasks.
client-desktop-1    | 17-Sep-2026 09:40:33 [boincserver] Reporting 2 completed tasks
client-phone-2-1    | 17-Sep-2026 09:37:39 [---] Checking presence of 0 project files
client-phone-2-1    | 17-Sep-2026 09:37:39 [---] This computer is not attached to any projects
client-low-power-1  | 17-Sep-2026 09:37:39 Initialization completed
client-low-power-1  | dir_open: Could not open directory 'projects/boincserver.local_boincserver' from '/var/lib/boinc-client'.
client-low-power-1  | 17-Sep-2026 09:37:40 [---] No general preferences found - using defaults
client-low-power-1  | 17-Sep-2026 09:37:40 [---] Reading preferences override file
client-low-power-1  | 17-Sep-2026 09:37:40 [---] Preferences:
client-low-power-1  | 17-Sep-2026 09:37:40 [---]    max memory usage when active: 8929.14 MB
client-low-power-1  | 17-Sep-2026 09:37:40 [---]    max memory usage when idle: 8929.14 MB
client-cluster-1    | 17-Sep-2026 09:37:40 [---] Preferences:
client-cluster-1    | 17-Sep-2026 09:37:40 [---]    max memory usage when active: 8929.14 MB
client-cluster-1    | 17-Sep-2026 09:37:40 [---]    max memory usage when idle: 8929.14 MB
client-cluster-1    | 17-Sep-2026 09:37:40 [---]    max disk usage: 2.00 GB
client-cluster-1    | 17-Sep-2026 09:37:40 [---]    don't use GPU while active
client-cluster-1    | 17-Sep-2026 09:37:40 [---]    suspend work if non-BOINC CPU load exceeds 25%
client-cluster-1    | 17-Sep-2026 09:37:40 [---]    (to change preferences, visit a project web site or select Preferences in the Manager)
apache-1            | 2026-09-17 09:40:02,751 INFO reaped unknown pid 460
apache-1            | 2026-09-17 09:40:02,751 INFO reaped unknown pid 462
apache-1            | 2026-09-17 09:40:02,751 INFO reaped unknown pid 465
apache-1            | 2026-09-17 09:40:02,751 INFO reaped unknown pid 469
apache-1            | 2026-09-17 09:40:02,751 INFO reaped unknown pid 472
client-cluster-2-1  | 17-Sep-2026 09:37:44 [http://boincserver.local/boincserver/] Fetching scheduler list
client-cluster-2-1  | 17-Sep-2026 09:37:51 [http://boincserver.local/boincserver/] Master file download succeeded
client-cluster-2-1  | 17-Sep-2026 09:37:56 [http://boincserver.local/boincserver/] Sending scheduler request: Project initialization.
client-phone-1      | 17-Sep-2026 09:38:36 [boincserver] Computation for task exp_20260917T092942Z_random_medium_11_0 finished
client-phone-1      | 17-Sep-2026 09:38:36 [boincserver] Starting task exp_20260917T092942Z_random_medium_9_0
client-phone-1      | 17-Sep-2026 09:38:38 [boincserver] Started upload of exp_20260917T092942Z_random_medium_11_0_r551346630_0
client-low-power-1  | 17-Sep-2026 09:37:40 [---]    max disk usage: 2.00 GB
client-low-power-1  | 17-Sep-2026 09:37:40 [---]    don't use GPU while active
client-low-power-1  | 17-Sep-2026 09:37:40 [---]    suspend work if non-BOINC CPU load exceeds 25%
client-low-power-1  | 17-Sep-2026 09:37:40 [---]    (to change preferences, visit a project web site or select Preferences in the Manager)
client-low-power-1  | 17-Sep-2026 09:37:44 [http://boincserver.local/boincserver/] Fetching scheduler list
client-low-power-1  | 17-Sep-2026 09:37:47 [http://boincserver.local/boincserver/] Master file download succeeded
client-low-power-1  | 17-Sep-2026 09:37:52 [http://boincserver.local/boincserver/] Sending scheduler request: Project initialization.
client-low-power-1  | 17-Sep-2026 09:37:52 [http://boincserver.local/boincserver/] Requesting new tasks for CPU
client-low-power-1  | 17-Sep-2026 09:37:54 [boincserver] Scheduler request completed: got 1 new tasks
apache-1            | 2026-09-17 09:40:02,751 INFO reaped unknown pid 479
apache-1            | 2026-09-17 09:40:02,751 INFO reaped unknown pid 481
apache-1            | 2026-09-17 09:40:06,851 INFO reaped unknown pid 464
apache-1            | 2026-09-17 09:40:07,154 INFO reaped unknown pid 471
apache-1            | 2026-09-17 09:40:07,374 INFO reaped unknown pid 474
apache-1            | 2026-09-17 09:40:07,483 INFO reaped unknown pid 476
client-low-power-1  | 17-Sep-2026 09:37:54 [boincserver] Project requested delay of 7 seconds
client-low-power-1  | 17-Sep-2026 09:37:56 [boincserver] Started download of hybrid_synthetic_1.0_aarch64-unknown-linux-gnu
client-phone-2-1    | 17-Sep-2026 09:37:39 Initialization completed
client-phone-2-1    | dir_open: Could not open directory 'projects/boincserver.local_boincserver' from '/var/lib/boinc-client'.
client-phone-2-1    | 17-Sep-2026 09:37:40 [---] No general preferences found - using defaults
client-phone-2-1    | 17-Sep-2026 09:37:40 [---] Reading preferences override file
client-phone-2-1    | 17-Sep-2026 09:37:40 [---] Preferences:
client-cluster-1    | 17-Sep-2026 09:37:44 [http://boincserver.local/boincserver/] Fetching scheduler list
client-cluster-1    | 17-Sep-2026 09:37:46 [http://boincserver.local/boincserver/] Master file download succeeded
client-cluster-1    | 17-Sep-2026 09:37:52 [http://boincserver.local/boincserver/] Sending scheduler request: Project initialization.
client-cluster-1    | 17-Sep-2026 09:37:52 [http://boincserver.local/boincserver/] Requesting new tasks for CPU
client-cluster-2-1  | 17-Sep-2026 09:37:56 [http://boincserver.local/boincserver/] Requesting new tasks for CPU
client-cluster-2-1  | 17-Sep-2026 09:37:58 [boincserver] Scheduler request completed: got 1 new tasks
client-cluster-2-1  | 17-Sep-2026 09:37:58 [boincserver] Project requested delay of 7 seconds
client-cluster-2-1  | 17-Sep-2026 09:38:00 [boincserver] Started download of hybrid_synthetic_1.0_aarch64-unknown-linux-gnu
client-phone-2-1    | 17-Sep-2026 09:37:40 [---]    max memory usage when active: 8929.14 MB
client-cluster-2-1  | 17-Sep-2026 09:38:00 [boincserver] Started download of hybrid_synthetic_input.txt
client-cluster-2-1  | 17-Sep-2026 09:38:02 [boincserver] Finished download of hybrid_synthetic_1.0_aarch64-unknown-linux-gnu
client-cluster-2-1  | 17-Sep-2026 09:38:02 [boincserver] Finished download of hybrid_synthetic_input.txt
client-cluster-2-1  | 17-Sep-2026 09:38:02 [boincserver] Starting task exp_20260917T092942Z_random_long_5_0
client-cluster-2-1  | 17-Sep-2026 09:38:08 [boincserver] Sending scheduler request: To fetch work.
client-cluster-2-1  | 17-Sep-2026 09:38:08 [boincserver] Requesting new tasks for CPU
client-desktop-1    | 17-Sep-2026 09:40:33 [boincserver] Requesting new tasks for CPU
client-desktop-1    | 17-Sep-2026 09:40:35 [boincserver] Scheduler request completed: got 0 new tasks
client-desktop-1    | 17-Sep-2026 09:40:35 [boincserver] Project has no tasks available
client-desktop-1    | 17-Sep-2026 09:40:35 [boincserver] Project requested delay of 7 seconds
client-desktop-1    | 17-Sep-2026 09:41:12 [boincserver] Sending scheduler request: To fetch work.
client-desktop-1    | 17-Sep-2026 09:41:12 [boincserver] Requesting new tasks for CPU
client-desktop-1    | 17-Sep-2026 09:41:14 [boincserver] Scheduler request completed: got 0 new tasks
client-desktop-1    | 17-Sep-2026 09:41:14 [boincserver] Project has no tasks available
client-phone-2-1    | 17-Sep-2026 09:37:40 [---]    max memory usage when idle: 8929.14 MB
client-phone-2-1    | 17-Sep-2026 09:37:40 [---]    max disk usage: 2.00 GB
client-phone-2-1    | 17-Sep-2026 09:37:40 [---]    don't use GPU while active
client-phone-2-1    | 17-Sep-2026 09:37:40 [---]    suspend work if non-BOINC CPU load exceeds 25%
client-phone-2-1    | 17-Sep-2026 09:37:40 [---]    (to change preferences, visit a project web site or select Preferences in the Manager)
client-phone-2-1    | 17-Sep-2026 09:37:44 [http://boincserver.local/boincserver/] Fetching scheduler list
client-phone-2-1    | 17-Sep-2026 09:37:51 [http://boincserver.local/boincserver/] Master file download succeeded
client-phone-2-1    | 17-Sep-2026 09:37:57 [http://boincserver.local/boincserver/] Sending scheduler request: Project initialization.
client-phone-2-1    | 17-Sep-2026 09:37:57 [http://boincserver.local/boincserver/] Requesting new tasks for CPU
client-phone-2-1    | 17-Sep-2026 09:37:59 [boincserver] Scheduler request completed: got 1 new tasks
client-cluster-1    | 17-Sep-2026 09:37:54 [boincserver] Scheduler request completed: got 1 new tasks
client-cluster-1    | 17-Sep-2026 09:37:54 [boincserver] Project requested delay of 7 seconds
client-cluster-1    | 17-Sep-2026 09:37:56 [boincserver] Started download of hybrid_synthetic_1.0_aarch64-unknown-linux-gnu
client-cluster-1    | 17-Sep-2026 09:37:56 [boincserver] Started download of hybrid_synthetic_input.txt
client-phone-1      | 17-Sep-2026 09:38:40 [boincserver] Finished upload of exp_20260917T092942Z_random_medium_11_0_r551346630_0
client-phone-1      | 17-Sep-2026 09:38:43 [boincserver] Sending scheduler request: To report completed tasks.
client-phone-1      | 17-Sep-2026 09:38:43 [boincserver] Reporting 1 completed tasks
client-phone-1      | 17-Sep-2026 09:38:43 [boincserver] Requesting new tasks for CPU
client-phone-1      | 17-Sep-2026 09:38:45 [boincserver] Scheduler request completed: got 1 new tasks
client-phone-1      | 17-Sep-2026 09:38:45 [boincserver] Project requested delay of 7 seconds
client-cluster-1    | 17-Sep-2026 09:37:58 [boincserver] Finished download of hybrid_synthetic_1.0_aarch64-unknown-linux-gnu
client-cluster-1    | 17-Sep-2026 09:37:58 [boincserver] Finished download of hybrid_synthetic_input.txt
client-phone-2-1    | 17-Sep-2026 09:37:59 [boincserver] Project requested delay of 7 seconds
client-phone-2-1    | 17-Sep-2026 09:38:01 [boincserver] Started download of hybrid_synthetic_1.0_aarch64-unknown-linux-gnu
client-phone-2-1    | 17-Sep-2026 09:38:01 [boincserver] Started download of hybrid_synthetic_input.txt
client-phone-2-1    | 17-Sep-2026 09:38:03 [boincserver] Finished download of hybrid_synthetic_1.0_aarch64-unknown-linux-gnu
client-phone-2-1    | 17-Sep-2026 09:38:03 [boincserver] Finished download of hybrid_synthetic_input.txt
client-phone-2-1    | 17-Sep-2026 09:38:03 [boincserver] Starting task exp_20260917T092942Z_random_long_2_0
client-phone-2-1    | 17-Sep-2026 09:38:09 [boincserver] Sending scheduler request: To fetch work.
client-phone-2-1    | 17-Sep-2026 09:38:09 [boincserver] Requesting new tasks for CPU
client-phone-2-1    | 17-Sep-2026 09:38:16 [boincserver] Scheduler request completed: got 1 new tasks
mysql-1             | 2026-09-17  9:36:07 0 [Note] mysqld (initiated by: unknown): Normal shutdown
mysql-1             | 2026-09-17  9:36:07 0 [Note] Event Scheduler: Purging the queue. 0 events
mysql-1             | 2026-09-17  9:36:07 0 [Note] InnoDB: FTS optimize thread exiting.
mysql-1             | 2026-09-17  9:36:07 0 [Note] InnoDB: Starting shutdown...
client-desktop-1    | 17-Sep-2026 09:41:14 [boincserver] Project requested delay of 7 seconds
client-phone-2-1    | 17-Sep-2026 09:38:16 [boincserver] Project requested delay of 7 seconds
client-phone-2-1    | 17-Sep-2026 09:38:26 [boincserver] Sending scheduler request: To fetch work.
client-phone-1      | 17-Sep-2026 09:38:55 [boincserver] Sending scheduler request: To fetch work.
client-phone-1      | 17-Sep-2026 09:38:55 [boincserver] Requesting new tasks for CPU
client-phone-1      | 17-Sep-2026 09:38:57 [boincserver] Scheduler request completed: got 0 new tasks
client-phone-1      | 17-Sep-2026 09:38:57 [boincserver] No tasks sent
mysql-1             | 2026-09-17  9:36:07 0 [Note] InnoDB: Dumping buffer pool(s) to /var/lib/mysql/ib_buffer_pool
mysql-1             | 2026-09-17  9:36:07 0 [Note] InnoDB: Buffer pool(s) dump completed at 260917  9:36:07
mysql-1             | 2026-09-17  9:36:08 0 [Note] InnoDB: Shutdown completed; log sequence number 1630824; transaction id 24
mysql-1             | 2026-09-17  9:36:08 0 [Note] InnoDB: Removed temporary tablespace data file: "ibtmp1"
client-low-power-1  | 17-Sep-2026 09:37:56 [boincserver] Started download of hybrid_synthetic_input.txt
client-low-power-1  | 17-Sep-2026 09:37:58 [boincserver] Finished download of hybrid_synthetic_1.0_aarch64-unknown-linux-gnu
client-low-power-1  | 17-Sep-2026 09:37:58 [boincserver] Finished download of hybrid_synthetic_input.txt
client-low-power-1  | 17-Sep-2026 09:37:58 [boincserver] Starting task exp_20260917T092942Z_random_long_6_0
client-low-power-1  | 17-Sep-2026 09:38:04 [boincserver] Sending scheduler request: To fetch work.
client-low-power-1  | 17-Sep-2026 09:38:04 [boincserver] Requesting new tasks for CPU
client-low-power-1  | 17-Sep-2026 09:38:06 [boincserver] Scheduler request completed: got 1 new tasks
client-low-power-1  | 17-Sep-2026 09:38:06 [boincserver] Project requested delay of 7 seconds
client-low-power-1  | 17-Sep-2026 09:38:16 [boincserver] Sending scheduler request: To fetch work.
client-low-power-1  | 17-Sep-2026 09:38:16 [boincserver] Requesting new tasks for CPU
client-cluster-1    | 17-Sep-2026 09:37:58 [boincserver] Starting task exp_20260917T092942Z_random_long_4_0
client-cluster-1    | 17-Sep-2026 09:38:04 [boincserver] Sending scheduler request: To fetch work.
client-cluster-1    | 17-Sep-2026 09:38:04 [boincserver] Requesting new tasks for CPU
client-cluster-1    | 17-Sep-2026 09:38:11 [boincserver] Scheduler request completed: got 4 new tasks
client-cluster-2-1  | 17-Sep-2026 09:38:15 [boincserver] Scheduler request completed: got 4 new tasks
client-cluster-2-1  | 17-Sep-2026 09:38:15 [boincserver] Project requested delay of 7 seconds
client-cluster-2-1  | 17-Sep-2026 09:38:17 [boincserver] Elapsed time limit 50.000000 < 120.000000; setting to 43200.000000
client-phone-1      | 17-Sep-2026 09:38:57 [boincserver] This computer has reached a limit on tasks in progress
client-phone-1      | 17-Sep-2026 09:38:57 [boincserver] Project requested delay of 7 seconds
client-phone-1      | 17-Sep-2026 09:39:34 [boincserver] Computation for task exp_20260917T092942Z_random_medium_9_0 finished
client-phone-1      | 17-Sep-2026 09:39:34 [boincserver] Elapsed time limit 50.000000 < 120.000000; setting to 43200.000000
client-phone-1      | 17-Sep-2026 09:39:34 [boincserver] Starting task exp_20260917T092942Z_random_short_15_0
client-low-power-1  | 17-Sep-2026 09:38:18 [boincserver] Scheduler request completed: got 0 new tasks
client-low-power-1  | 17-Sep-2026 09:38:18 [boincserver] No tasks sent
mysql-1             | 2026-09-17  9:36:08 0 [Note] mysqld: Shutdown complete
mysql-1             | 
mysql-1             | 
mysql-1             | MySQL init process done. Ready for start up.
client-cluster-2-1  | 17-Sep-2026 09:38:17 [boincserver] Elapsed time limit 50.000000 < 120.000000; setting to 43200.000000
client-cluster-2-1  | 17-Sep-2026 09:38:17 [boincserver] Starting task exp_20260917T092942Z_random_short_18_0
client-cluster-2-1  | 17-Sep-2026 09:38:17 [boincserver] Starting task exp_20260917T092942Z_random_medium_5_0
client-cluster-2-1  | 17-Sep-2026 09:38:17 [boincserver] Starting task exp_20260917T092942Z_random_short_17_0
client-cluster-2-1  | 17-Sep-2026 09:38:25 [boincserver] Computation for task exp_20260917T092942Z_random_short_18_0 finished
client-low-power-1  | 17-Sep-2026 09:38:18 [boincserver] This computer has reached a limit on tasks in progress
client-low-power-1  | 17-Sep-2026 09:38:18 [boincserver] Project requested delay of 7 seconds
client-low-power-1  | 17-Sep-2026 09:40:23 [boincserver] Computation for task exp_20260917T092942Z_random_long_6_0 finished
client-low-power-1  | 17-Sep-2026 09:40:23 [boincserver] Starting task exp_20260917T092942Z_random_medium_12_0
client-cluster-2-1  | 17-Sep-2026 09:38:25 [boincserver] Starting task exp_20260917T092942Z_random_medium_6_0
client-cluster-2-1  | 17-Sep-2026 09:38:25 [boincserver] Sending scheduler request: To fetch work.
client-cluster-2-1  | 17-Sep-2026 09:38:25 [boincserver] Requesting new tasks for CPU
client-cluster-2-1  | 17-Sep-2026 09:38:26 [boincserver] Computation for task exp_20260917T092942Z_random_short_17_0 finished
client-phone-1      | 17-Sep-2026 09:39:36 [boincserver] Started upload of exp_20260917T092942Z_random_medium_9_0_r344840132_0
client-phone-1      | 17-Sep-2026 09:39:38 [boincserver] Finished upload of exp_20260917T092942Z_random_medium_9_0_r344840132_0
client-phone-1      | 17-Sep-2026 09:39:41 [boincserver] Sending scheduler request: To report completed tasks.
client-phone-1      | 17-Sep-2026 09:39:41 [boincserver] Reporting 1 completed tasks
client-low-power-1  | 17-Sep-2026 09:40:25 [boincserver] Started upload of exp_20260917T092942Z_random_long_6_0_r394886577_0
client-low-power-1  | 17-Sep-2026 09:40:27 [boincserver] Finished upload of exp_20260917T092942Z_random_long_6_0_r394886577_0
client-low-power-1  | 17-Sep-2026 09:40:31 [boincserver] Sending scheduler request: To report completed tasks.
client-low-power-1  | 17-Sep-2026 09:40:31 [boincserver] Reporting 1 completed tasks
client-cluster-2-1  | 17-Sep-2026 09:38:27 [boincserver] Started upload of exp_20260917T092942Z_random_short_18_0_r1577403486_0
client-cluster-2-1  | 17-Sep-2026 09:38:28 [boincserver] Started upload of exp_20260917T092942Z_random_short_17_0_r1318472522_0
client-cluster-2-1  | 17-Sep-2026 09:38:29 [boincserver] Finished upload of exp_20260917T092942Z_random_short_18_0_r1577403486_0
client-cluster-2-1  | 17-Sep-2026 09:38:29 [boincserver] Finished upload of exp_20260917T092942Z_random_short_17_0_r1318472522_0
client-phone-2-1    | 17-Sep-2026 09:38:26 [boincserver] Requesting new tasks for CPU
client-phone-2-1    | 17-Sep-2026 09:38:28 [boincserver] Scheduler request completed: got 0 new tasks
client-phone-2-1    | 17-Sep-2026 09:38:28 [boincserver] No tasks sent
client-phone-2-1    | 17-Sep-2026 09:38:28 [boincserver] This computer has reached a limit on tasks in progress
client-phone-1      | 17-Sep-2026 09:39:41 [boincserver] Requesting new tasks for CPU
client-phone-1      | 17-Sep-2026 09:39:42 [boincserver] Computation for task exp_20260917T092942Z_random_short_15_0 finished
client-phone-1      | 17-Sep-2026 09:39:44 [boincserver] Started upload of exp_20260917T092942Z_random_short_15_0_r1136271027_0
client-phone-1      | 17-Sep-2026 09:39:46 [boincserver] Finished upload of exp_20260917T092942Z_random_short_15_0_r1136271027_0
client-phone-1      | 17-Sep-2026 09:39:47 [boincserver] Scheduler request completed: got 0 new tasks
client-phone-1      | 17-Sep-2026 09:39:47 [boincserver] Project has no tasks available
client-phone-1      | 17-Sep-2026 09:39:47 [boincserver] Project requested delay of 7 seconds
client-cluster-1    | 17-Sep-2026 09:38:11 [boincserver] Project requested delay of 7 seconds
client-cluster-1    | 17-Sep-2026 09:38:13 [boincserver] Starting task exp_20260917T092942Z_random_medium_7_0
client-cluster-1    | 17-Sep-2026 09:38:13 [boincserver] Starting task exp_20260917T092942Z_random_medium_10_0
mysql-1             | 
mysql-1             | 2026-09-17  9:36:08 0 [Note] mysqld (mysqld 10.3.8-MariaDB-1:10.3.8+maria~bionic) starting as process 1 ...
mysql-1             | 2026-09-17  9:36:08 0 [Note] InnoDB: Using Linux native AIO
mysql-1             | 2026-09-17  9:36:08 0 [Note] InnoDB: Mutexes and rw_locks use GCC atomic builtins
mysql-1             | 2026-09-17  9:36:08 0 [Note] InnoDB: Uses event mutexes
mysql-1             | 2026-09-17  9:36:08 0 [Note] InnoDB: Compressed tables use zlib 1.2.11
client-cluster-2-1  | 17-Sep-2026 09:39:00 [boincserver] Scheduler request completed: got 3 new tasks
client-cluster-2-1  | 17-Sep-2026 09:39:00 [boincserver] Project requested delay of 7 seconds
client-cluster-2-1  | 17-Sep-2026 09:39:02 [boincserver] Elapsed time limit 50.000000 < 120.000000; setting to 43200.000000
client-cluster-1    | 17-Sep-2026 09:38:13 [boincserver] Starting task exp_20260917T092942Z_random_long_1_0
client-cluster-1    | 17-Sep-2026 09:38:51 [boincserver] Sending scheduler request: To fetch work.
mysql-1             | 2026-09-17  9:36:08 0 [Note] InnoDB: Number of pools: 1
mysql-1             | 2026-09-17  9:36:08 0 [Note] InnoDB: Using generic crc32 instructions
mysql-1             | 2026-09-17  9:36:08 0 [Note] InnoDB: Initializing buffer pool, total size = 256M, instances = 1, chunk size = 128M
mysql-1             | 2026-09-17  9:36:08 0 [Note] InnoDB: Completed initialization of buffer pool
mysql-1             | 2026-09-17  9:36:08 0 [Note] InnoDB: If the mysqld execution user is authorized, page cleaner thread priority can be changed. See the man page of setpriority().
mysql-1             | 2026-09-17  9:36:08 0 [Note] InnoDB: 128 out of 128 rollback segments are active.
client-phone-1      | 17-Sep-2026 09:39:57 [boincserver] Sending scheduler request: To report completed tasks.
client-phone-1      | 17-Sep-2026 09:39:57 [boincserver] Reporting 1 completed tasks
client-phone-1      | 17-Sep-2026 09:39:57 [boincserver] Requesting new tasks for CPU
client-phone-1      | 17-Sep-2026 09:39:59 [boincserver] Scheduler request completed: got 0 new tasks
client-phone-1      | 17-Sep-2026 09:39:59 [boincserver] Project has no tasks available
mysql-1             | 2026-09-17  9:36:08 0 [Note] InnoDB: Creating shared tablespace for temporary tables
mysql-1             | 2026-09-17  9:36:08 0 [Note] InnoDB: Setting file './ibtmp1' size to 12 MB. Physically writing the file full; Please wait ...
mysql-1             | 2026-09-17  9:36:08 0 [Note] InnoDB: File './ibtmp1' size is now 12 MB.
mysql-1             | 2026-09-17  9:36:08 0 [Note] InnoDB: Waiting for purge to start
client-cluster-2-1  | 17-Sep-2026 09:39:02 [boincserver] Starting task exp_20260917T092942Z_random_short_6_0
client-cluster-2-1  | 17-Sep-2026 09:39:04 [boincserver] Computation for task exp_20260917T092942Z_random_medium_5_0 finished
client-cluster-2-1  | 17-Sep-2026 09:39:04 [boincserver] Elapsed time limit 50.000000 < 120.000000; setting to 43200.000000
client-cluster-2-1  | 17-Sep-2026 09:39:04 [boincserver] Starting task exp_20260917T092942Z_random_short_12_0
client-cluster-2-1  | 17-Sep-2026 09:39:05 [boincserver] Computation for task exp_20260917T092942Z_random_medium_6_0 finished
client-cluster-2-1  | 17-Sep-2026 09:39:05 [boincserver] Elapsed time limit 50.000000 < 120.000000; setting to 43200.000000
client-cluster-2-1  | 17-Sep-2026 09:39:05 [boincserver] Starting task exp_20260917T092942Z_random_short_11_0
client-cluster-2-1  | 17-Sep-2026 09:39:06 [boincserver] Started upload of exp_20260917T092942Z_random_medium_5_0_r643755856_0
client-cluster-2-1  | 17-Sep-2026 09:39:07 [boincserver] Started upload of exp_20260917T092942Z_random_medium_6_0_r2064502100_0
client-phone-2-1    | 17-Sep-2026 09:38:28 [boincserver] Project requested delay of 7 seconds
client-phone-2-1    | 17-Sep-2026 09:40:05 [boincserver] Computation for task exp_20260917T092942Z_random_long_2_0 finished
client-low-power-1  | 17-Sep-2026 09:40:31 [boincserver] Requesting new tasks for CPU
client-low-power-1  | 17-Sep-2026 09:40:33 [boincserver] Scheduler request completed: got 0 new tasks
mysql-1             | 2026-09-17  9:36:09 0 [Note] InnoDB: 10.3.8 started; log sequence number 1630824; transaction id 21
mysql-1             | 2026-09-17  9:36:09 0 [Note] InnoDB: Loading buffer pool(s) from /var/lib/mysql/ib_buffer_pool
mysql-1             | 2026-09-17  9:36:09 0 [Note] Plugin 'FEEDBACK' is disabled.
mysql-1             | 2026-09-17  9:36:09 0 [Note] InnoDB: Buffer pool(s) load completed at 260917  9:36:09
mysql-1             | 2026-09-17  9:36:09 0 [Note] Server socket created on IP: '::'.
client-low-power-1  | 17-Sep-2026 09:40:33 [boincserver] Project has no tasks available
client-low-power-1  | 17-Sep-2026 09:40:33 [boincserver] Project requested delay of 7 seconds
client-low-power-1  | 17-Sep-2026 09:40:43 [boincserver] Sending scheduler request: To fetch work.
client-low-power-1  | 17-Sep-2026 09:40:43 [boincserver] Requesting new tasks for CPU
client-low-power-1  | 17-Sep-2026 09:40:49 [boincserver] Scheduler request completed: got 0 new tasks
client-low-power-1  | 17-Sep-2026 09:40:49 [boincserver] Project has no tasks available
client-low-power-1  | 17-Sep-2026 09:40:49 [boincserver] Project requested delay of 7 seconds
client-phone-2-1    | 17-Sep-2026 09:40:05 [boincserver] Starting task exp_20260917T092942Z_random_medium_2_0
client-phone-2-1    | 17-Sep-2026 09:40:07 [boincserver] Started upload of exp_20260917T092942Z_random_long_2_0_r918896516_0
client-cluster-1    | 17-Sep-2026 09:38:51 [boincserver] Requesting new tasks for CPU
client-cluster-1    | 17-Sep-2026 09:38:54 [boincserver] Computation for task exp_20260917T092942Z_random_medium_7_0 finished
client-cluster-1    | 17-Sep-2026 09:38:54 [boincserver] Starting task exp_20260917T092942Z_random_medium_4_0
client-cluster-2-1  | 17-Sep-2026 09:39:08 [boincserver] Finished upload of exp_20260917T092942Z_random_medium_5_0_r643755856_0
client-cluster-2-1  | 17-Sep-2026 09:39:08 [boincserver] Finished upload of exp_20260917T092942Z_random_medium_6_0_r2064502100_0
client-cluster-2-1  | 17-Sep-2026 09:39:10 [boincserver] Computation for task exp_20260917T092942Z_random_short_6_0 finished
client-cluster-2-1  | 17-Sep-2026 09:39:10 [boincserver] Sending scheduler request: To report completed tasks.
client-cluster-2-1  | 17-Sep-2026 09:39:10 [boincserver] Reporting 4 completed tasks
client-cluster-2-1  | 17-Sep-2026 09:39:10 [boincserver] Requesting new tasks for CPU
client-cluster-2-1  | 17-Sep-2026 09:39:12 [boincserver] Started upload of exp_20260917T092942Z_random_short_6_0_r637726389_0
client-cluster-2-1  | 17-Sep-2026 09:39:12 [boincserver] Computation for task exp_20260917T092942Z_random_short_12_0 finished
client-cluster-2-1  | 17-Sep-2026 09:39:13 [boincserver] Computation for task exp_20260917T092942Z_random_short_11_0 finished
client-cluster-2-1  | 17-Sep-2026 09:39:14 [boincserver] Finished upload of exp_20260917T092942Z_random_short_6_0_r637726389_0
client-cluster-2-1  | 17-Sep-2026 09:39:14 [boincserver] Started upload of exp_20260917T092942Z_random_short_12_0_r1505723095_0
client-low-power-1  | 17-Sep-2026 09:41:25 [boincserver] Computation for task exp_20260917T092942Z_random_medium_12_0 finished
mysql-1             | 2026-09-17  9:36:09 0 [Warning] 'proxies_priv' entry '@% root@cd40e8df4819' ignored in --skip-name-resolve mode.
mysql-1             | 2026-09-17  9:36:09 0 [Note] Reading of all Master_info entries succeded
mysql-1             | 2026-09-17  9:36:09 0 [Note] Added new Master_info '' to hash table
mysql-1             | 2026-09-17  9:36:09 0 [Note] mysqld: ready for connections.
client-cluster-2-1  | 17-Sep-2026 09:39:15 [boincserver] Started upload of exp_20260917T092942Z_random_short_11_0_r156358915_0
client-cluster-2-1  | 17-Sep-2026 09:39:16 [boincserver] Finished upload of exp_20260917T092942Z_random_short_12_0_r1505723095_0
client-cluster-2-1  | 17-Sep-2026 09:39:16 [boincserver] Finished upload of exp_20260917T092942Z_random_short_11_0_r156358915_0
client-cluster-2-1  | 17-Sep-2026 09:39:17 [boincserver] Scheduler request completed: got 4 new tasks
client-cluster-2-1  | 17-Sep-2026 09:39:17 [boincserver] Project requested delay of 7 seconds
client-phone-1      | 17-Sep-2026 09:39:59 [boincserver] Project requested delay of 7 seconds
client-phone-1      | 17-Sep-2026 09:40:32 [boincserver] Sending scheduler request: To fetch work.
client-cluster-1    | 17-Sep-2026 09:38:55 [boincserver] Computation for task exp_20260917T092942Z_random_medium_10_0 finished
client-cluster-1    | 17-Sep-2026 09:38:56 [boincserver] Started upload of exp_20260917T092942Z_random_medium_7_0_r1182518029_0
client-cluster-1    | 17-Sep-2026 09:38:57 [boincserver] Finished upload of exp_20260917T092942Z_random_medium_7_0_r1182518029_0
client-cluster-1    | 17-Sep-2026 09:38:57 [boincserver] Started upload of exp_20260917T092942Z_random_medium_10_0_r699122108_0
mysql-1             | Version: '10.3.8-MariaDB-1:10.3.8+maria~bionic'  socket: '/var/run/mysqld/mysqld.sock'  port: 3306  mariadb.org binary distribution
mysql-1             | 2026-09-17  9:36:09 8 [Warning] Access denied for user 'boincadm'@'172.21.0.2' (using password: NO)
client-low-power-1  | 17-Sep-2026 09:41:27 [boincserver] Started upload of exp_20260917T092942Z_random_medium_12_0_r1552486021_0
client-low-power-1  | 17-Sep-2026 09:41:29 [boincserver] Finished upload of exp_20260917T092942Z_random_medium_12_0_r1552486021_0
client-phone-2-1    | 17-Sep-2026 09:40:09 [boincserver] Finished upload of exp_20260917T092942Z_random_long_2_0_r918896516_0
client-phone-2-1    | 17-Sep-2026 09:40:42 [boincserver] Sending scheduler request: To report completed tasks.
client-phone-1      | 17-Sep-2026 09:40:32 [boincserver] Requesting new tasks for CPU
client-phone-1      | 17-Sep-2026 09:40:34 [boincserver] Scheduler request completed: got 0 new tasks
client-phone-1      | 17-Sep-2026 09:40:34 [boincserver] Project has no tasks available
client-phone-1      | 17-Sep-2026 09:40:34 [boincserver] Project requested delay of 7 seconds
client-cluster-2-1  | 17-Sep-2026 09:39:19 [boincserver] Elapsed time limit 50.000000 < 120.000000; setting to 43200.000000
client-low-power-1  | 17-Sep-2026 09:41:32 [boincserver] Sending scheduler request: To report completed tasks.
client-low-power-1  | 17-Sep-2026 09:41:32 [boincserver] Reporting 1 completed tasks
client-low-power-1  | 17-Sep-2026 09:41:32 [boincserver] Requesting new tasks for CPU
client-low-power-1  | 17-Sep-2026 09:41:34 [boincserver] Scheduler request completed: got 0 new tasks
mysql-1             | 2026-09-17  9:36:22 16 [Warning] Aborted connection 16 to db: 'boincserver' user: 'root' host: '172.21.0.4' (Got an error reading communication packets)
mysql-1             | 2026-09-17  9:36:22 19 [Warning] Aborted connection 19 to db: 'boincserver' user: 'root' host: '172.21.0.4' (Got an error reading communication packets)
mysql-1             | 2026-09-17  9:36:22 15 [Warning] Aborted connection 15 to db: 'boincserver' user: 'root' host: '172.21.0.4' (Got an error reading communication packets)
mysql-1             | 2026-09-17  9:40:06 149 [Warning] Aborted connection 149 to db: 'boincserver' user: 'root' host: '172.21.0.4' (Got an error reading communication packets)
client-phone-2-1    | 17-Sep-2026 09:40:42 [boincserver] Reporting 1 completed tasks
client-phone-2-1    | 17-Sep-2026 09:40:42 [boincserver] Requesting new tasks for CPU
mysql-1             | 2026-09-17  9:40:07 150 [Warning] Aborted connection 150 to db: 'boincserver' user: 'root' host: '172.21.0.4' (Got an error reading communication packets)
client-cluster-2-1  | 17-Sep-2026 09:39:19 [boincserver] Elapsed time limit 50.000000 < 120.000000; setting to 43200.000000
client-cluster-2-1  | 17-Sep-2026 09:39:19 [boincserver] Elapsed time limit 50.000000 < 120.000000; setting to 43200.000000
client-cluster-2-1  | 17-Sep-2026 09:39:19 [boincserver] Starting task exp_20260917T092942Z_random_short_14_0
client-cluster-2-1  | 17-Sep-2026 09:39:19 [boincserver] Starting task exp_20260917T092942Z_random_short_3_0
client-cluster-2-1  | 17-Sep-2026 09:39:19 [boincserver] Starting task exp_20260917T092942Z_random_short_5_0
client-cluster-2-1  | 17-Sep-2026 09:39:27 [boincserver] Computation for task exp_20260917T092942Z_random_short_14_0 finished
client-cluster-2-1  | 17-Sep-2026 09:39:27 [boincserver] Elapsed time limit 50.000000 < 120.000000; setting to 43200.000000
client-cluster-2-1  | 17-Sep-2026 09:39:27 [boincserver] Starting task exp_20260917T092942Z_random_short_9_0
client-cluster-2-1  | 17-Sep-2026 09:39:27 [boincserver] Sending scheduler request: To report completed tasks.
client-cluster-2-1  | 17-Sep-2026 09:39:27 [boincserver] Reporting 3 completed tasks
client-cluster-2-1  | 17-Sep-2026 09:39:27 [boincserver] Requesting new tasks for CPU
client-low-power-1  | 17-Sep-2026 09:41:34 [boincserver] Project has no tasks available
client-low-power-1  | 17-Sep-2026 09:41:34 [boincserver] Project requested delay of 7 seconds
client-low-power-1  | 17-Sep-2026 09:41:44 [boincserver] Sending scheduler request: To fetch work.
client-cluster-1    | 17-Sep-2026 09:38:57 [boincserver] Scheduler request completed: got 3 new tasks
client-cluster-1    | 17-Sep-2026 09:38:57 [boincserver] Project requested delay of 7 seconds
client-cluster-1    | 17-Sep-2026 09:38:59 [boincserver] Finished upload of exp_20260917T092942Z_random_medium_10_0_r699122108_0
client-cluster-1    | 17-Sep-2026 09:38:59 [boincserver] Starting task exp_20260917T092942Z_random_medium_1_0
client-cluster-1    | 17-Sep-2026 09:39:07 [boincserver] Sending scheduler request: To report completed tasks.
client-cluster-1    | 17-Sep-2026 09:39:07 [boincserver] Reporting 2 completed tasks
client-cluster-1    | 17-Sep-2026 09:39:07 [boincserver] Requesting new tasks for CPU
client-cluster-1    | 17-Sep-2026 09:39:09 [boincserver] Scheduler request completed: got 2 new tasks
client-cluster-1    | 17-Sep-2026 09:39:09 [boincserver] Project requested delay of 7 seconds
client-cluster-1    | 17-Sep-2026 09:39:19 [boincserver] Sending scheduler request: To fetch work.
client-cluster-1    | 17-Sep-2026 09:39:19 [boincserver] Requesting new tasks for CPU
client-cluster-1    | 17-Sep-2026 09:39:51 [boincserver] Scheduler request completed: got 0 new tasks
client-cluster-1    | 17-Sep-2026 09:39:51 [boincserver] No tasks sent
client-cluster-1    | 17-Sep-2026 09:39:51 [boincserver] This computer has reached a limit on tasks in progress
client-cluster-1    | 17-Sep-2026 09:39:51 [boincserver] Project requested delay of 7 seconds
client-cluster-1    | 17-Sep-2026 09:39:53 [boincserver] Computation for task exp_20260917T092942Z_random_medium_4_0 finished
client-cluster-2-1  | 17-Sep-2026 09:39:28 [boincserver] Computation for task exp_20260917T092942Z_random_short_3_0 finished
client-cluster-2-1  | 17-Sep-2026 09:39:29 [boincserver] Started upload of exp_20260917T092942Z_random_short_14_0_r399781582_0
client-cluster-2-1  | 17-Sep-2026 09:39:29 [boincserver] Computation for task exp_20260917T092942Z_random_short_5_0 finished
client-cluster-2-1  | 17-Sep-2026 09:39:30 [boincserver] Started upload of exp_20260917T092942Z_random_short_3_0_r849029052_0
client-cluster-2-1  | 17-Sep-2026 09:40:01 [boincserver] Finished upload of exp_20260917T092942Z_random_short_14_0_r399781582_0
client-cluster-2-1  | 17-Sep-2026 09:40:01 [boincserver] Finished upload of exp_20260917T092942Z_random_short_3_0_r849029052_0
client-low-power-1  | 17-Sep-2026 09:41:44 [boincserver] Requesting new tasks for CPU
client-phone-2-1    | 17-Sep-2026 09:40:44 [boincserver] Computation for task exp_20260917T092942Z_random_medium_2_0 finished
client-phone-2-1    | 17-Sep-2026 09:40:46 [boincserver] Started upload of exp_20260917T092942Z_random_medium_2_0_r649081438_0
client-phone-2-1    | 17-Sep-2026 09:40:48 [boincserver] Finished upload of exp_20260917T092942Z_random_medium_2_0_r649081438_0
client-phone-2-1    | 17-Sep-2026 09:40:48 [boincserver] Scheduler request completed: got 0 new tasks
client-phone-2-1    | 17-Sep-2026 09:40:48 [boincserver] Project has no tasks available
client-phone-2-1    | 17-Sep-2026 09:40:48 [boincserver] Project requested delay of 7 seconds
client-phone-2-1    | 17-Sep-2026 09:40:58 [boincserver] Sending scheduler request: To report completed tasks.
client-phone-2-1    | 17-Sep-2026 09:40:58 [boincserver] Reporting 1 completed tasks
client-phone-2-1    | 17-Sep-2026 09:40:58 [boincserver] Requesting new tasks for CPU
client-cluster-1    | 17-Sep-2026 09:39:53 [boincserver] Elapsed time limit 50.000000 < 120.000000; setting to 43200.000000
client-cluster-1    | 17-Sep-2026 09:39:53 [boincserver] Starting task exp_20260917T092942Z_random_short_13_0
client-cluster-1    | 17-Sep-2026 09:39:54 [boincserver] Computation for task exp_20260917T092942Z_random_medium_1_0 finished
client-cluster-1    | 17-Sep-2026 09:39:54 [boincserver] Elapsed time limit 50.000000 < 120.000000; setting to 43200.000000
client-cluster-1    | 17-Sep-2026 09:39:54 [boincserver] Starting task exp_20260917T092942Z_random_short_10_0
client-phone-2-1    | 17-Sep-2026 09:41:00 [boincserver] Scheduler request completed: got 0 new tasks
client-phone-2-1    | 17-Sep-2026 09:41:00 [boincserver] Project has no tasks available
client-phone-2-1    | 17-Sep-2026 09:41:00 [boincserver] Project requested delay of 7 seconds
client-phone-2-1    | 17-Sep-2026 09:41:10 [boincserver] Sending scheduler request: To fetch work.
client-phone-2-1    | 17-Sep-2026 09:41:10 [boincserver] Requesting new tasks for CPU
client-phone-2-1    | 17-Sep-2026 09:41:34 [boincserver] Scheduler request completed: got 0 new tasks
client-phone-2-1    | 17-Sep-2026 09:41:34 [boincserver] Project has no tasks available
client-phone-2-1    | 17-Sep-2026 09:41:34 [boincserver] Project requested delay of 7 seconds
client-cluster-1    | 17-Sep-2026 09:39:55 [boincserver] Started upload of exp_20260917T092942Z_random_medium_4_0_r130476635_0
client-cluster-1    | 17-Sep-2026 09:39:56 [boincserver] Started upload of exp_20260917T092942Z_random_medium_1_0_r1854140887_0
client-cluster-1    | 17-Sep-2026 09:39:57 [boincserver] Finished upload of exp_20260917T092942Z_random_medium_4_0_r130476635_0
client-cluster-1    | 17-Sep-2026 09:39:57 [boincserver] Finished upload of exp_20260917T092942Z_random_medium_1_0_r1854140887_0
client-cluster-1    | 17-Sep-2026 09:40:00 [boincserver] Computation for task exp_20260917T092942Z_random_long_4_0 finished
client-cluster-1    | 17-Sep-2026 09:40:00 [boincserver] Elapsed time limit 50.000000 < 120.000000; setting to 43200.000000
client-cluster-1    | 17-Sep-2026 09:40:00 [boincserver] Starting task exp_20260917T092942Z_random_short_4_0
client-cluster-1    | 17-Sep-2026 09:40:01 [boincserver] Computation for task exp_20260917T092942Z_random_short_13_0 finished
client-cluster-1    | 17-Sep-2026 09:40:01 [boincserver] Elapsed time limit 50.000000 < 120.000000; setting to 43200.000000
client-cluster-1    | 17-Sep-2026 09:40:01 [boincserver] Starting task exp_20260917T092942Z_random_short_7_0
client-cluster-1    | 17-Sep-2026 09:40:01 [boincserver] Sending scheduler request: To report completed tasks.
client-cluster-1    | 17-Sep-2026 09:40:01 [boincserver] Reporting 2 completed tasks
client-cluster-2-1  | 17-Sep-2026 09:40:01 [boincserver] Started upload of exp_20260917T092942Z_random_short_5_0_r1955901214_0
client-cluster-2-1  | 17-Sep-2026 09:40:01 [boincserver] Scheduler request completed: got 2 new tasks
client-cluster-2-1  | 17-Sep-2026 09:40:01 [boincserver] Project requested delay of 7 seconds
client-cluster-2-1  | 17-Sep-2026 09:40:03 [boincserver] Finished upload of exp_20260917T092942Z_random_short_5_0_r1955901214_0
client-cluster-1    | 17-Sep-2026 09:40:01 [boincserver] Requesting new tasks for CPU
client-cluster-1    | 17-Sep-2026 09:40:02 [boincserver] Started upload of exp_20260917T092942Z_random_long_4_0_r697744035_0
client-cluster-1    | 17-Sep-2026 09:40:02 [boincserver] Computation for task exp_20260917T092942Z_random_short_10_0 finished
client-cluster-2-1  | 17-Sep-2026 09:40:03 [boincserver] Elapsed time limit 50.000000 < 120.000000; setting to 43200.000000
client-cluster-2-1  | 17-Sep-2026 09:40:03 [boincserver] Elapsed time limit 50.000000 < 120.000000; setting to 43200.000000
client-cluster-2-1  | 17-Sep-2026 09:40:03 [boincserver] Starting task exp_20260917T092942Z_random_short_1_0
client-cluster-2-1  | 17-Sep-2026 09:40:03 [boincserver] Starting task exp_20260917T092942Z_random_short_8_0
client-cluster-2-1  | 17-Sep-2026 09:40:04 [boincserver] Computation for task exp_20260917T092942Z_random_short_9_0 finished
client-cluster-2-1  | 17-Sep-2026 09:40:05 [boincserver] Computation for task exp_20260917T092942Z_random_long_5_0 finished
client-cluster-2-1  | 17-Sep-2026 09:40:06 [boincserver] Started upload of exp_20260917T092942Z_random_short_9_0_r516012331_0
client-cluster-1    | 17-Sep-2026 09:40:03 [boincserver] Finished upload of exp_20260917T092942Z_random_long_4_0_r697744035_0
client-cluster-1    | 17-Sep-2026 09:40:03 [boincserver] Started upload of exp_20260917T092942Z_random_short_13_0_r1479214951_0
client-cluster-1    | 17-Sep-2026 09:40:03 [boincserver] Scheduler request completed: got 0 new tasks
client-cluster-1    | 17-Sep-2026 09:40:03 [boincserver] Project has no tasks available
client-cluster-1    | 17-Sep-2026 09:40:03 [boincserver] Project requested delay of 7 seconds
client-cluster-1    | 17-Sep-2026 09:40:04 [boincserver] Started upload of exp_20260917T092942Z_random_short_10_0_r1680969423_0
client-cluster-1    | 17-Sep-2026 09:40:05 [boincserver] Finished upload of exp_20260917T092942Z_random_short_13_0_r1479214951_0
client-cluster-1    | 17-Sep-2026 09:40:05 [boincserver] Finished upload of exp_20260917T092942Z_random_short_10_0_r1680969423_0
client-cluster-1    | 17-Sep-2026 09:40:07 [boincserver] Computation for task exp_20260917T092942Z_random_short_4_0 finished
client-cluster-2-1  | 17-Sep-2026 09:40:07 [boincserver] Started upload of exp_20260917T092942Z_random_long_5_0_r828009592_0
client-cluster-2-1  | 17-Sep-2026 09:40:08 [boincserver] Finished upload of exp_20260917T092942Z_random_short_9_0_r516012331_0
client-cluster-2-1  | 17-Sep-2026 09:40:08 [boincserver] Finished upload of exp_20260917T092942Z_random_long_5_0_r828009592_0
client-cluster-2-1  | 17-Sep-2026 09:40:10 [boincserver] Computation for task exp_20260917T092942Z_random_short_1_0 finished
client-cluster-2-1  | 17-Sep-2026 09:40:11 [boincserver] Computation for task exp_20260917T092942Z_random_short_8_0 finished
client-cluster-2-1  | 17-Sep-2026 09:40:11 [boincserver] Sending scheduler request: To report completed tasks.
client-cluster-2-1  | 17-Sep-2026 09:40:11 [boincserver] Reporting 5 completed tasks
client-cluster-2-1  | 17-Sep-2026 09:40:11 [boincserver] Requesting new tasks for CPU
client-cluster-2-1  | 17-Sep-2026 09:40:12 [boincserver] Started upload of exp_20260917T092942Z_random_short_1_0_r1551726314_0
client-cluster-2-1  | 17-Sep-2026 09:40:13 [boincserver] Finished upload of exp_20260917T092942Z_random_short_1_0_r1551726314_0
client-cluster-2-1  | 17-Sep-2026 09:40:13 [boincserver] Started upload of exp_20260917T092942Z_random_short_8_0_r1740083072_0
client-cluster-2-1  | 17-Sep-2026 09:40:13 [boincserver] Scheduler request completed: got 0 new tasks
client-cluster-2-1  | 17-Sep-2026 09:40:13 [boincserver] Project has no tasks available
client-cluster-2-1  | 17-Sep-2026 09:40:13 [boincserver] Project requested delay of 7 seconds
client-cluster-2-1  | 17-Sep-2026 09:40:15 [boincserver] Finished upload of exp_20260917T092942Z_random_short_8_0_r1740083072_0
client-cluster-2-1  | 17-Sep-2026 09:40:23 [boincserver] Sending scheduler request: To report completed tasks.
client-cluster-2-1  | 17-Sep-2026 09:40:23 [boincserver] Reporting 2 completed tasks
client-cluster-2-1  | 17-Sep-2026 09:40:23 [boincserver] Requesting new tasks for CPU
client-cluster-2-1  | 17-Sep-2026 09:40:25 [boincserver] Scheduler request completed: got 0 new tasks
client-cluster-1    | 17-Sep-2026 09:40:09 [boincserver] Started upload of exp_20260917T092942Z_random_short_4_0_r541888392_0
client-cluster-1    | 17-Sep-2026 09:40:09 [boincserver] Computation for task exp_20260917T092942Z_random_short_7_0 finished
client-cluster-1    | 17-Sep-2026 09:40:11 [boincserver] Finished upload of exp_20260917T092942Z_random_short_4_0_r541888392_0
client-cluster-1    | 17-Sep-2026 09:40:11 [boincserver] Started upload of exp_20260917T092942Z_random_short_7_0_r332544358_0
client-cluster-2-1  | 17-Sep-2026 09:40:25 [boincserver] Project has no tasks available
client-cluster-2-1  | 17-Sep-2026 09:40:25 [boincserver] Project requested delay of 7 seconds
client-cluster-2-1  | 17-Sep-2026 09:41:02 [boincserver] Sending scheduler request: To fetch work.
client-cluster-1    | 17-Sep-2026 09:40:13 [boincserver] Finished upload of exp_20260917T092942Z_random_short_7_0_r332544358_0
client-cluster-1    | 17-Sep-2026 09:40:13 [boincserver] Sending scheduler request: To report completed tasks.
client-cluster-1    | 17-Sep-2026 09:40:13 [boincserver] Reporting 5 completed tasks
client-cluster-1    | 17-Sep-2026 09:40:13 [boincserver] Requesting new tasks for CPU
client-cluster-1    | 17-Sep-2026 09:40:15 [boincserver] Computation for task exp_20260917T092942Z_random_long_1_0 finished
client-cluster-2-1  | 17-Sep-2026 09:41:02 [boincserver] Requesting new tasks for CPU
client-cluster-2-1  | 17-Sep-2026 09:41:04 [boincserver] Scheduler request completed: got 0 new tasks
client-cluster-2-1  | 17-Sep-2026 09:41:04 [boincserver] Project has no tasks available
client-cluster-2-1  | 17-Sep-2026 09:41:04 [boincserver] Project requested delay of 7 seconds
client-cluster-1    | 17-Sep-2026 09:40:15 [boincserver] Scheduler request completed: got 0 new tasks
client-cluster-1    | 17-Sep-2026 09:40:15 [boincserver] Project has no tasks available
client-cluster-1    | 17-Sep-2026 09:40:15 [boincserver] Project requested delay of 7 seconds
client-cluster-1    | 17-Sep-2026 09:40:17 [boincserver] Started upload of exp_20260917T092942Z_random_long_1_0_r227182041_0
client-cluster-1    | 17-Sep-2026 09:40:20 [boincserver] Finished upload of exp_20260917T092942Z_random_long_1_0_r227182041_0
client-cluster-1    | 17-Sep-2026 09:40:52 [boincserver] Sending scheduler request: To report completed tasks.
client-cluster-1    | 17-Sep-2026 09:40:52 [boincserver] Reporting 1 completed tasks
client-cluster-1    | 17-Sep-2026 09:40:52 [boincserver] Requesting new tasks for CPU
client-cluster-1    | 17-Sep-2026 09:40:54 [boincserver] Scheduler request completed: got 0 new tasks
client-cluster-1    | 17-Sep-2026 09:40:54 [boincserver] Project has no tasks available
client-cluster-1    | 17-Sep-2026 09:40:54 [boincserver] Project requested delay of 7 seconds
client-cluster-1    | 17-Sep-2026 09:41:04 [boincserver] Sending scheduler request: To fetch work.
client-cluster-1    | 17-Sep-2026 09:41:04 [boincserver] Requesting new tasks for CPU
client-cluster-1    | 17-Sep-2026 09:41:06 [boincserver] Scheduler request completed: got 0 new tasks
client-cluster-1    | 17-Sep-2026 09:41:06 [boincserver] Project has no tasks available
client-cluster-1    | 17-Sep-2026 09:41:06 [boincserver] Project requested delay of 7 seconds
