makeproject-1     | Updating project files in data volume...
makeproject-1       | Waiting for MySQL server to start...
makeproject-1       | Creating database...
makeproject-1       | added platform: (create_time, name, user_friendly_name) values (1789642138, 'windows_intelx86', 'Microsoft Windows (98 or later) running on an Intel x86-compatible CPU')
makeproject-1       | added platform: (create_time, name, user_friendly_name) values (1789642138, 'windows_x86_64', 'Microsoft Windows running on an AMD x86_64 or Intel EM64T CPU')
makeproject-1       | added platform: (create_time, name, user_friendly_name) values (1789642138, 'windows_arm64', 'Microsoft Windows running on ARM 64-bit')
makeproject-1       | added platform: (create_time, name, user_friendly_name) values (1789642138, 'i686-pc-linux-gnu', 'Linux running on an Intel x86-compatible CPU')
makeproject-1       | added platform: (create_time, name, user_friendly_name) values (1789642138, 'x86_64-pc-linux-gnu', 'Linux running on an AMD x86_64 or Intel EM64T CPU')
makeproject-1       | added platform: (create_time, name, user_friendly_name) values (1789642138, 'powerpc-apple-darwin', 'Mac OS X 10.3 or later running on Motorola PowerPC')
makeproject-1       | added platform: (create_time, name, user_friendly_name) values (1789642138, 'i686-apple-darwin', 'Mac OS 10.4 or later running on Intel')
client-desktop-1    | 17-Sep-2026 10:50:24 [---] Starting BOINC client version 7.20.5 for aarch64-unknown-linux-gnu
client-desktop-1    | 17-Sep-2026 10:50:24 [---] This a development version of BOINC and may not function properly
client-desktop-1    | 17-Sep-2026 10:50:24 [---] log flags: file_xfer, sched_ops, task
client-desktop-1    | 17-Sep-2026 10:50:24 [---] Libraries: libcurl/7.88.1 OpenSSL/3.0.20 zlib/1.2.13 brotli/1.0.9 zstd/1.5.4 libidn2/2.3.3 libpsl/0.21.2 (+libidn2/2.3.3) libssh2/1.10.0 nghttp2/1.52.0 librtmp/2.3 OpenLDAP/2.5.13
client-desktop-1    | 17-Sep-2026 10:50:24 [---] Data directory: /var/lib/boinc-client
client-desktop-1    | 17-Sep-2026 10:50:24 [---] No usable GPUs found
client-desktop-1    | 17-Sep-2026 10:50:24 [---] Creating new client state file
client-desktop-1    | 17-Sep-2026 10:50:24 [---] libc:  version 2.36
client-desktop-1    | 17-Sep-2026 10:50:24 [---] Host name: desktop-01
client-desktop-1    | 17-Sep-2026 10:50:24 [---] Processor: 2 ARM  [Impl 0x61 Arch 8 Variant 0x0 Part 0x000 Rev 0]
client-desktop-1    | 17-Sep-2026 10:50:24 [---] Processor features: fp asimd evtstrm aes pmull sha1 sha2 crc32 atomics fphp asimdhp cpuid asimdrdm jscvt fcma lrcpc dcpop sha3 asimddp sha512 asimdfhm dit uscat ilrcpc flagm sb paca pacg dcpodp flagm2 frint i8mm bf16 bti afp
client-low-power-1  | 17-Sep-2026 10:50:24 [---] Starting BOINC client version 7.20.5 for aarch64-unknown-linux-gnu
client-low-power-1  | 17-Sep-2026 10:50:24 [---] This a development version of BOINC and may not function properly
client-low-power-1  | 17-Sep-2026 10:50:24 [---] log flags: file_xfer, sched_ops, task
client-low-power-1  | 17-Sep-2026 10:50:24 [---] Libraries: libcurl/7.88.1 OpenSSL/3.0.20 zlib/1.2.13 brotli/1.0.9 zstd/1.5.4 libidn2/2.3.3 libpsl/0.21.2 (+libidn2/2.3.3) libssh2/1.10.0 nghttp2/1.52.0 librtmp/2.3 OpenLDAP/2.5.13
client-low-power-1  | 17-Sep-2026 10:50:24 [---] Data directory: /var/lib/boinc-client
client-low-power-1  | 17-Sep-2026 10:50:24 [---] No usable GPUs found
client-low-power-1  | 17-Sep-2026 10:50:24 [---] Creating new client state file
client-low-power-1  | 17-Sep-2026 10:50:24 [---] libc:  version 2.36
client-low-power-1  | 17-Sep-2026 10:50:24 [---] Host name: low-power-01
client-low-power-1  | 17-Sep-2026 10:50:24 [---] Processor: 1 ARM  [Impl 0x61 Arch 8 Variant 0x0 Part 0x000 Rev 0]
client-cluster-2-1  | 17-Sep-2026 10:50:24 [---] Starting BOINC client version 7.20.5 for aarch64-unknown-linux-gnu
client-cluster-2-1  | 17-Sep-2026 10:50:24 [---] This a development version of BOINC and may not function properly
client-cluster-2-1  | 17-Sep-2026 10:50:24 [---] log flags: file_xfer, sched_ops, task
client-cluster-2-1  | 17-Sep-2026 10:50:24 [---] Libraries: libcurl/7.88.1 OpenSSL/3.0.20 zlib/1.2.13 brotli/1.0.9 zstd/1.5.4 libidn2/2.3.3 libpsl/0.21.2 (+libidn2/2.3.3) libssh2/1.10.0 nghttp2/1.52.0 librtmp/2.3 OpenLDAP/2.5.13
client-cluster-2-1  | 17-Sep-2026 10:50:24 [---] Data directory: /var/lib/boinc-client
client-cluster-2-1  | 17-Sep-2026 10:50:24 [---] No usable GPUs found
client-cluster-2-1  | 17-Sep-2026 10:50:24 [---] Creating new client state file
client-cluster-2-1  | 17-Sep-2026 10:50:24 [---] libc:  version 2.36
apache-1            | /usr/lib/python2.7/dist-packages/supervisor/options.py:461: UserWarning: Supervisord is running as root and it is searching for its configuration file in default locations (including its current working directory); you probably want to specify a "-c" argument specifying an absolute path to a configuration file for improved security.
apache-1            |   'Supervisord is running as root and it is searching '
client-phone-1      | 17-Sep-2026 10:50:24 [---] Starting BOINC client version 7.20.5 for aarch64-unknown-linux-gnu
client-phone-1      | 17-Sep-2026 10:50:24 [---] This a development version of BOINC and may not function properly
client-phone-2-1    | 17-Sep-2026 10:50:24 [---] Starting BOINC client version 7.20.5 for aarch64-unknown-linux-gnu
client-phone-2-1    | 17-Sep-2026 10:50:24 [---] This a development version of BOINC and may not function properly
client-phone-2-1    | 17-Sep-2026 10:50:24 [---] log flags: file_xfer, sched_ops, task
client-phone-2-1    | 17-Sep-2026 10:50:24 [---] Libraries: libcurl/7.88.1 OpenSSL/3.0.20 zlib/1.2.13 brotli/1.0.9 zstd/1.5.4 libidn2/2.3.3 libpsl/0.21.2 (+libidn2/2.3.3) libssh2/1.10.0 nghttp2/1.52.0 librtmp/2.3 OpenLDAP/2.5.13
client-phone-2-1    | 17-Sep-2026 10:50:24 [---] Data directory: /var/lib/boinc-client
client-phone-2-1    | 17-Sep-2026 10:50:24 [---] No usable GPUs found
client-phone-2-1    | 17-Sep-2026 10:50:24 [---] Creating new client state file
client-phone-2-1    | 17-Sep-2026 10:50:24 [---] libc:  version 2.36
client-phone-2-1    | 17-Sep-2026 10:50:24 [---] Host name: phone-02
client-phone-2-1    | 17-Sep-2026 10:50:24 [---] Processor: 1 ARM  [Impl 0x61 Arch 8 Variant 0x0 Part 0x000 Rev 0]
client-phone-2-1    | 17-Sep-2026 10:50:24 [---] Processor features: fp asimd evtstrm aes pmull sha1 sha2 crc32 atomics fphp asimdhp cpuid asimdrdm jscvt fcma lrcpc dcpop sha3 asimddp sha512 asimdfhm dit uscat ilrcpc flagm sb paca pacg dcpodp flagm2 frint i8mm bf16 bti afp
client-desktop-1    | 17-Sep-2026 10:50:24 [---] OS: Linux Debian GNU/Linux: Debian GNU/Linux 12 (bookworm) [6.8.0-100-generic|libc 2.36]
client-phone-2-1    | 17-Sep-2026 10:50:24 [---] OS: Linux Debian GNU/Linux: Debian GNU/Linux 12 (bookworm) [6.8.0-100-generic|libc 2.36]
client-phone-2-1    | 17-Sep-2026 10:50:24 [---] Memory: 9.69 GB physical, 0 bytes virtual
client-phone-2-1    | 17-Sep-2026 10:50:24 [---] Disk: 18.33 GB total, 15.18 GB free
client-phone-2-1    | 17-Sep-2026 10:50:24 [---] Local time is UTC +0 hours
client-cluster-1    | 17-Sep-2026 10:50:23 [---] Starting BOINC client version 7.20.5 for aarch64-unknown-linux-gnu
client-cluster-1    | 17-Sep-2026 10:50:23 [---] This a development version of BOINC and may not function properly
client-cluster-1    | 17-Sep-2026 10:50:23 [---] log flags: file_xfer, sched_ops, task
client-desktop-1    | 17-Sep-2026 10:50:24 [---] Memory: 9.69 GB physical, 0 bytes virtual
client-desktop-1    | 17-Sep-2026 10:50:24 [---] Disk: 18.33 GB total, 15.18 GB free
client-desktop-1    | 17-Sep-2026 10:50:24 [---] Local time is UTC +0 hours
client-desktop-1    | 17-Sep-2026 10:50:24 [---] Config: GUI RPC allowed from any host
client-cluster-2-1  | 17-Sep-2026 10:50:24 [---] Host name: cluster-02
client-cluster-2-1  | 17-Sep-2026 10:50:24 [---] Processor: 4 ARM  [Impl 0x61 Arch 8 Variant 0x0 Part 0x000 Rev 0]
client-phone-1      | 17-Sep-2026 10:50:24 [---] log flags: file_xfer, sched_ops, task
client-phone-1      | 17-Sep-2026 10:50:24 [---] Libraries: libcurl/7.88.1 OpenSSL/3.0.20 zlib/1.2.13 brotli/1.0.9 zstd/1.5.4 libidn2/2.3.3 libpsl/0.21.2 (+libidn2/2.3.3) libssh2/1.10.0 nghttp2/1.52.0 librtmp/2.3 OpenLDAP/2.5.13
client-phone-1      | 17-Sep-2026 10:50:24 [---] Data directory: /var/lib/boinc-client
mysql-1             | Initializing database
mysql-1             | 
mysql-1             | 
mysql-1             | PLEASE REMEMBER TO SET A PASSWORD FOR THE MariaDB root USER !
client-phone-2-1    | 17-Sep-2026 10:50:24 [---] Config: GUI RPC allowed from any host
client-phone-2-1    | 17-Sep-2026 10:50:24 [---] Config: simulate 1 CPUs
client-phone-2-1    | 17-Sep-2026 10:50:24 [---] Config: report completed tasks immediately
client-phone-2-1    | 17-Sep-2026 10:50:24 [---] No general preferences found - using defaults
client-phone-2-1    | 17-Sep-2026 10:50:24 [---] Reading preferences override file
client-phone-2-1    | 17-Sep-2026 10:50:24 [---] Preferences:
client-phone-2-1    | 17-Sep-2026 10:50:24 [---]    max memory usage when active: 8929.14 MB
mysql-1             | To do so, start the server, then issue the following commands:
mysql-1             | 
mysql-1             | '/usr/bin/mysqladmin' -u root password 'new-password'
client-cluster-1    | 17-Sep-2026 10:50:23 [---] Libraries: libcurl/7.88.1 OpenSSL/3.0.20 zlib/1.2.13 brotli/1.0.9 zstd/1.5.4 libidn2/2.3.3 libpsl/0.21.2 (+libidn2/2.3.3) libssh2/1.10.0 nghttp2/1.52.0 librtmp/2.3 OpenLDAP/2.5.13
client-cluster-1    | 17-Sep-2026 10:50:23 [---] Data directory: /var/lib/boinc-client
client-cluster-1    | 17-Sep-2026 10:50:24 [---] No usable GPUs found
client-cluster-1    | 17-Sep-2026 10:50:24 [---] Creating new client state file
client-phone-1      | 17-Sep-2026 10:50:24 [---] No usable GPUs found
client-phone-1      | 17-Sep-2026 10:50:24 [---] Creating new client state file
client-cluster-2-1  | 17-Sep-2026 10:50:24 [---] Processor features: fp asimd evtstrm aes pmull sha1 sha2 crc32 atomics fphp asimdhp cpuid asimdrdm jscvt fcma lrcpc dcpop sha3 asimddp sha512 asimdfhm dit uscat ilrcpc flagm sb paca pacg dcpodp flagm2 frint i8mm bf16 bti afp
client-cluster-2-1  | 17-Sep-2026 10:50:24 [---] OS: Linux Debian GNU/Linux: Debian GNU/Linux 12 (bookworm) [6.8.0-100-generic|libc 2.36]
client-cluster-2-1  | 17-Sep-2026 10:50:24 [---] Memory: 9.69 GB physical, 0 bytes virtual
client-cluster-2-1  | 17-Sep-2026 10:50:24 [---] Disk: 18.33 GB total, 15.18 GB free
client-cluster-2-1  | 17-Sep-2026 10:50:24 [---] Local time is UTC +0 hours
client-cluster-1    | 17-Sep-2026 10:50:24 [---] libc:  version 2.36
client-cluster-1    | 17-Sep-2026 10:50:24 [---] Host name: cluster-01
client-cluster-1    | 17-Sep-2026 10:50:24 [---] Processor: 4 ARM  [Impl 0x61 Arch 8 Variant 0x0 Part 0x000 Rev 0]
client-cluster-1    | 17-Sep-2026 10:50:24 [---] Processor features: fp asimd evtstrm aes pmull sha1 sha2 crc32 atomics fphp asimdhp cpuid asimdrdm jscvt fcma lrcpc dcpop sha3 asimddp sha512 asimdfhm dit uscat ilrcpc flagm sb paca pacg dcpodp flagm2 frint i8mm bf16 bti afp
client-cluster-1    | 17-Sep-2026 10:50:24 [---] OS: Linux Debian GNU/Linux: Debian GNU/Linux 12 (bookworm) [6.8.0-100-generic|libc 2.36]
client-cluster-1    | 17-Sep-2026 10:50:24 [---] Memory: 9.69 GB physical, 0 bytes virtual
client-cluster-1    | 17-Sep-2026 10:50:24 [---] Disk: 18.33 GB total, 15.18 GB free
client-cluster-1    | 17-Sep-2026 10:50:24 [---] Local time is UTC +0 hours
client-cluster-1    | 17-Sep-2026 10:50:24 [---] Config: GUI RPC allowed from any host
client-cluster-1    | 17-Sep-2026 10:50:24 [---] Config: simulate 4 CPUs
client-phone-2-1    | 17-Sep-2026 10:50:24 [---]    max memory usage when idle: 8929.14 MB
client-phone-2-1    | 17-Sep-2026 10:50:24 [---]    max disk usage: 2.00 GB
client-phone-2-1    | 17-Sep-2026 10:50:24 [---]    don't use GPU while active
client-phone-2-1    | 17-Sep-2026 10:50:24 [---]    suspend work if non-BOINC CPU load exceeds 25%
client-phone-2-1    | 17-Sep-2026 10:50:24 [---]    (to change preferences, visit a project web site or select Preferences in the Manager)
client-phone-2-1    | 17-Sep-2026 10:50:24 [---] Setting up project and slot directories
client-phone-2-1    | 17-Sep-2026 10:50:24 [---] Checking active tasks
client-phone-2-1    | 17-Sep-2026 10:50:24 [---] Setting up GUI RPC socket
client-phone-2-1    | dir_open: Could not open directory 'slots' from '/var/lib/boinc-client'.
client-phone-2-1    | 17-Sep-2026 10:50:24 [---] Checking presence of 0 project files
client-phone-2-1    | 17-Sep-2026 10:50:24 [---] This computer is not attached to any projects
mysql-1             | '/usr/bin/mysqladmin' -u root -h  password 'new-password'
mysql-1             | 
mysql-1             | Alternatively you can run:
mysql-1             | '/usr/bin/mysql_secure_installation'
mysql-1             | 
mysql-1             | which will also give you the option of removing the test
client-cluster-1    | 17-Sep-2026 10:50:24 [---] Config: report completed tasks immediately
client-cluster-1    | 17-Sep-2026 10:50:24 [---] No general preferences found - using defaults
client-cluster-1    | 17-Sep-2026 10:50:24 [---] Reading preferences override file
client-phone-2-1    | 17-Sep-2026 10:50:24 Initialization completed
client-phone-2-1    | dir_open: Could not open directory 'projects/boincserver.local_boincserver' from '/var/lib/boinc-client'.
client-phone-2-1    | 17-Sep-2026 10:50:25 [---] No general preferences found - using defaults
client-phone-2-1    | 17-Sep-2026 10:50:25 [---] Reading preferences override file
mysql-1             | databases and anonymous user created by default.  This is
mysql-1             | strongly recommended for production servers.
mysql-1             | 
mysql-1             | See the MariaDB Knowledgebase at http://mariadb.com/kb or the
client-cluster-2-1  | 17-Sep-2026 10:50:24 [---] Config: GUI RPC allowed from any host
client-cluster-2-1  | 17-Sep-2026 10:50:24 [---] Config: simulate 4 CPUs
client-cluster-2-1  | 17-Sep-2026 10:50:24 [---] Config: report completed tasks immediately
client-cluster-2-1  | dir_open: Could not open directory 'slots' from '/var/lib/boinc-client'.
client-phone-2-1    | 17-Sep-2026 10:50:25 [---] Preferences:
client-phone-2-1    | 17-Sep-2026 10:50:25 [---]    max memory usage when active: 8929.14 MB
client-phone-2-1    | 17-Sep-2026 10:50:25 [---]    max memory usage when idle: 8929.14 MB
client-phone-2-1    | 17-Sep-2026 10:50:25 [---]    max disk usage: 2.00 GB
client-phone-1      | 17-Sep-2026 10:50:24 [---] libc:  version 2.36
client-phone-1      | 17-Sep-2026 10:50:24 [---] Host name: phone-01
client-phone-1      | 17-Sep-2026 10:50:24 [---] Processor: 1 ARM  [Impl 0x61 Arch 8 Variant 0x0 Part 0x000 Rev 0]
client-phone-1      | 17-Sep-2026 10:50:24 [---] Processor features: fp asimd evtstrm aes pmull sha1 sha2 crc32 atomics fphp asimdhp cpuid asimdrdm jscvt fcma lrcpc dcpop sha3 asimddp sha512 asimdfhm dit uscat ilrcpc flagm sb paca pacg dcpodp flagm2 frint i8mm bf16 bti afp
client-phone-1      | 17-Sep-2026 10:50:24 [---] OS: Linux Debian GNU/Linux: Debian GNU/Linux 12 (bookworm) [6.8.0-100-generic|libc 2.36]
client-phone-1      | 17-Sep-2026 10:50:24 [---] Memory: 9.69 GB physical, 0 bytes virtual
client-phone-1      | 17-Sep-2026 10:50:24 [---] Disk: 18.33 GB total, 15.18 GB free
client-phone-1      | 17-Sep-2026 10:50:24 [---] Local time is UTC +0 hours
client-cluster-1    | 17-Sep-2026 10:50:24 [---] Preferences:
client-cluster-1    | 17-Sep-2026 10:50:24 [---]    max memory usage when active: 8929.14 MB
client-cluster-1    | 17-Sep-2026 10:50:24 [---]    max memory usage when idle: 8929.14 MB
client-cluster-1    | 17-Sep-2026 10:50:24 [---]    max disk usage: 2.00 GB
apache-1            | 2026-09-17 10:48:48,382 CRIT Supervisor is running as root.  Privileges were not dropped because no user is specified in the config file.  If you intend to run as root, you can set user=root in the config file to avoid this message.
apache-1            | 2026-09-17 10:48:48,382 INFO Included extra file "/etc/supervisor/conf.d/supervisord.conf" during parsing
apache-1            | 2026-09-17 10:48:48,387 INFO RPC interface 'supervisor' initialized
apache-1            | 2026-09-17 10:48:48,387 CRIT Server 'unix_http_server' running without any HTTP authentication checking
apache-1            | 2026-09-17 10:48:48,387 INFO supervisord started with pid 1
apache-1            | 2026-09-17 10:48:49,392 INFO spawned: 'cron' with pid 10
apache-1            | 2026-09-17 10:48:49,395 INFO spawned: 'start' with pid 11
apache-1            | 2026-09-17 10:48:49,399 INFO spawned: 'rsyslogd' with pid 12
apache-1            | 2026-09-17 10:48:49,403 INFO spawned: 'apache2' with pid 13
apache-1            | 2026-09-17 10:48:51,348 INFO success: cron entered RUNNING state, process has stayed up for > than 1 seconds (startsecs)
client-desktop-1    | 17-Sep-2026 10:50:24 [---] Config: simulate 2 CPUs
client-desktop-1    | 17-Sep-2026 10:50:24 [---] Config: report completed tasks immediately
client-desktop-1    | 17-Sep-2026 10:50:24 [---] No general preferences found - using defaults
client-low-power-1  | 17-Sep-2026 10:50:24 [---] Processor features: fp asimd evtstrm aes pmull sha1 sha2 crc32 atomics fphp asimdhp cpuid asimdrdm jscvt fcma lrcpc dcpop sha3 asimddp sha512 asimdfhm dit uscat ilrcpc flagm sb paca pacg dcpodp flagm2 frint i8mm bf16 bti afp
client-low-power-1  | 17-Sep-2026 10:50:24 [---] OS: Linux Debian GNU/Linux: Debian GNU/Linux 12 (bookworm) [6.8.0-100-generic|libc 2.36]
client-low-power-1  | 17-Sep-2026 10:50:24 [---] Memory: 9.69 GB physical, 0 bytes virtual
client-low-power-1  | 17-Sep-2026 10:50:24 [---] Disk: 18.33 GB total, 15.18 GB free
apache-1            | 2026-09-17 10:48:51,348 INFO success: start entered RUNNING state, process has stayed up for > than 1 seconds (startsecs)
apache-1            | 2026-09-17 10:48:51,348 INFO success: rsyslogd entered RUNNING state, process has stayed up for > than 1 seconds (startsecs)
apache-1            | 2026-09-17 10:48:51,348 INFO success: apache2 entered RUNNING state, process has stayed up for > than 1 seconds (startsecs)
apache-1            | 2026-09-17 10:49:04,891 INFO reaped unknown pid 65
apache-1            | 2026-09-17 10:49:04,891 INFO reaped unknown pid 67
apache-1            | 2026-09-17 10:49:04,891 INFO reaped unknown pid 69
mysql-1             | MySQL manual for more instructions.
mysql-1             | 
mysql-1             | Please report any problems at http://mariadb.org/jira
makeproject-1       | added platform: (create_time, name, user_friendly_name) values (1789642138, 'x86_64-apple-darwin', 'Intel 64-bit Mac OS 10.5 or later')
makeproject-1       | added platform: (create_time, name, user_friendly_name) values (1789642138, 'arm64-apple-darwin', 'Mac OS running on ARM')
makeproject-1       | added platform: (create_time, name, user_friendly_name) values (1789642138, 'sparc-sun-solaris2.7', 'Solaris 2.7 running on a SPARC-compatible CPU')
makeproject-1       | added platform: (create_time, name, user_friendly_name) values (1789642138, 'sparc-sun-solaris', 'Solaris 2.8 or later running on a SPARC-compatible CPU')
makeproject-1       | added platform: (create_time, name, user_friendly_name) values (1789642138, 'sparc64-sun-solaris', 'Solaris 2.8 or later running on a SPARC 64-bit CPU')
makeproject-1       | added platform: (create_time, name, user_friendly_name) values (1789642138, 'powerpc64-ps3-linux-gnu', 'Sony Playstation 3 running Linux')
makeproject-1       | added platform: (create_time, name, user_friendly_name) values (1789642138, 'arm-android-linux-gnu', 'Android running on ARM armeabi-v7a')
makeproject-1       | added platform: (create_time, name, user_friendly_name) values (1789642138, 'aarch64-android-linux-gnu', 'Android running on ARM 64-bit arm64-v8a')
makeproject-1       | added platform: (create_time, name, user_friendly_name) values (1789642138, 'x86_64-android-linux-gnu', 'Android running on Intel x64 compatible')
makeproject-1       | added platform: (create_time, name, user_friendly_name) values (1789642138, 'x86-android-linux-gnu', 'Android running on Intel x86 compatible')
makeproject-1       | added platform: (create_time, name, user_friendly_name) values (1789642138, 'arm-unknown-linux-gnueabihf', 'Linux running on ARM, hardware FP')
makeproject-1       | added platform: (create_time, name, user_friendly_name) values (1789642138, 'aarch64-unknown-linux-gnu', 'Linux running on ARM64')
makeproject-1       | added platform: (create_time, name, user_friendly_name) values (1789642138, 'anonymous', 'anonymous')
makeproject-1       | 
apache-1            | 2026-09-17 10:49:21,549 INFO reaped unknown pid 68
apache-1            | 2026-09-17 10:49:21,549 INFO reaped unknown pid 70
apache-1            | 2026-09-17 10:49:21,551 INFO reaped unknown pid 66
apache-1            | 2026-09-17 10:49:29,759 INFO reaped unknown pid 153
client-cluster-1    | 17-Sep-2026 10:50:24 [---]    don't use GPU while active
client-cluster-1    | 17-Sep-2026 10:50:24 [---]    suspend work if non-BOINC CPU load exceeds 25%
client-cluster-1    | 17-Sep-2026 10:50:24 [---]    (to change preferences, visit a project web site or select Preferences in the Manager)
client-cluster-1    | 17-Sep-2026 10:50:24 [---] Setting up project and slot directories
client-cluster-2-1  | 17-Sep-2026 10:50:24 [---] No general preferences found - using defaults
client-cluster-2-1  | 17-Sep-2026 10:50:24 [---] Reading preferences override file
client-cluster-2-1  | 17-Sep-2026 10:50:24 [---] Preferences:
client-cluster-2-1  | 17-Sep-2026 10:50:24 [---]    max memory usage when active: 8929.14 MB
client-cluster-2-1  | 17-Sep-2026 10:50:24 [---]    max memory usage when idle: 8929.14 MB
client-cluster-1    | 17-Sep-2026 10:50:24 [---] Checking active tasks
client-cluster-1    | 17-Sep-2026 10:50:24 [---] Setting up GUI RPC socket
client-cluster-1    | 17-Sep-2026 10:50:24 [---] Checking presence of 0 project files
client-cluster-1    | 17-Sep-2026 10:50:24 [---] This computer is not attached to any projects
client-cluster-1    | 17-Sep-2026 10:50:24 Initialization completed
client-cluster-1    | dir_open: Could not open directory 'slots' from '/var/lib/boinc-client'.
client-cluster-1    | dir_open: Could not open directory 'projects/boincserver.local_boincserver' from '/var/lib/boinc-client'.
client-cluster-1    | 17-Sep-2026 10:50:25 [---] No general preferences found - using defaults
client-cluster-1    | 17-Sep-2026 10:50:25 [---] Reading preferences override file
client-cluster-1    | 17-Sep-2026 10:50:25 [---] Preferences:
client-cluster-1    | 17-Sep-2026 10:50:25 [---]    max memory usage when active: 8929.14 MB
client-phone-2-1    | 17-Sep-2026 10:50:25 [---]    don't use GPU while active
client-phone-2-1    | 17-Sep-2026 10:50:25 [---]    suspend work if non-BOINC CPU load exceeds 25%
client-phone-2-1    | 17-Sep-2026 10:50:25 [---]    (to change preferences, visit a project web site or select Preferences in the Manager)
client-phone-2-1    | 17-Sep-2026 10:50:29 [http://boincserver.local/boincserver/] Fetching scheduler list
mysql-1             | 
mysql-1             | The latest information about MariaDB is available at http://mariadb.org/.
mysql-1             | You can find additional information about the MySQL part at:
mysql-1             | http://dev.mysql.com
client-phone-1      | 17-Sep-2026 10:50:24 [---] Config: GUI RPC allowed from any host
client-phone-1      | 17-Sep-2026 10:50:24 [---] Config: simulate 1 CPUs
client-phone-1      | 17-Sep-2026 10:50:24 [---] Config: report completed tasks immediately
client-phone-1      | 17-Sep-2026 10:50:24 [---] No general preferences found - using defaults
client-low-power-1  | 17-Sep-2026 10:50:24 [---] Local time is UTC +0 hours
client-low-power-1  | 17-Sep-2026 10:50:24 [---] Config: GUI RPC allowed from any host
client-low-power-1  | 17-Sep-2026 10:50:24 [---] Config: simulate 1 CPUs
client-low-power-1  | 17-Sep-2026 10:50:24 [---] Config: report completed tasks immediately
client-desktop-1    | 17-Sep-2026 10:50:24 [---] Reading preferences override file
client-desktop-1    | 17-Sep-2026 10:50:24 [---] Preferences:
client-desktop-1    | 17-Sep-2026 10:50:24 [---]    max memory usage when active: 8929.14 MB
client-desktop-1    | 17-Sep-2026 10:50:24 [---]    max memory usage when idle: 8929.14 MB
client-desktop-1    | 17-Sep-2026 10:50:24 [---]    max disk usage: 2.00 GB
mysql-1             | Consider joining MariaDB's strong and vibrant community:
mysql-1             | https://mariadb.org/get-involved/
mysql-1             | 
mysql-1             | Database initialized
client-phone-2-1    | 17-Sep-2026 10:50:36 [http://boincserver.local/boincserver/] Master file download succeeded
client-phone-2-1    | 17-Sep-2026 10:50:41 [http://boincserver.local/boincserver/] Sending scheduler request: Project initialization.
client-cluster-1    | 17-Sep-2026 10:50:25 [---]    max memory usage when idle: 8929.14 MB
client-cluster-1    | 17-Sep-2026 10:50:25 [---]    max disk usage: 2.00 GB
client-cluster-1    | 17-Sep-2026 10:50:25 [---]    don't use GPU while active
client-cluster-1    | 17-Sep-2026 10:50:25 [---]    suspend work if non-BOINC CPU load exceeds 25%
client-cluster-1    | 17-Sep-2026 10:50:25 [---]    (to change preferences, visit a project web site or select Preferences in the Manager)
client-cluster-1    | 17-Sep-2026 10:50:29 [http://boincserver.local/boincserver/] Fetching scheduler list
client-cluster-1    | 17-Sep-2026 10:50:31 [http://boincserver.local/boincserver/] Master file download succeeded
client-cluster-1    | 17-Sep-2026 10:50:36 [http://boincserver.local/boincserver/] Sending scheduler request: Project initialization.
client-cluster-1    | 17-Sep-2026 10:50:36 [http://boincserver.local/boincserver/] Requesting new tasks for CPU
client-cluster-1    | 17-Sep-2026 10:50:38 [boincserver] Scheduler request completed: got 1 new tasks
client-cluster-1    | 17-Sep-2026 10:50:38 [boincserver] Project requested delay of 7 seconds
client-cluster-1    | 17-Sep-2026 10:50:40 [boincserver] Started download of hybrid_synthetic_1.0_aarch64-unknown-linux-gnu
client-cluster-1    | 17-Sep-2026 10:50:40 [boincserver] Started download of hybrid_synthetic_input.txt
client-cluster-1    | 17-Sep-2026 10:50:42 [boincserver] Finished download of hybrid_synthetic_1.0_aarch64-unknown-linux-gnu
client-cluster-1    | 17-Sep-2026 10:50:42 [boincserver] Finished download of hybrid_synthetic_input.txt
client-desktop-1    | 17-Sep-2026 10:50:24 [---]    don't use GPU while active
client-desktop-1    | 17-Sep-2026 10:50:24 [---]    suspend work if non-BOINC CPU load exceeds 25%
client-desktop-1    | 17-Sep-2026 10:50:24 [---]    (to change preferences, visit a project web site or select Preferences in the Manager)
client-desktop-1    | 17-Sep-2026 10:50:24 [---] Setting up project and slot directories
client-cluster-2-1  | 17-Sep-2026 10:50:24 [---]    max disk usage: 2.00 GB
client-cluster-2-1  | 17-Sep-2026 10:50:24 [---]    don't use GPU while active
client-cluster-2-1  | 17-Sep-2026 10:50:24 [---]    suspend work if non-BOINC CPU load exceeds 25%
client-cluster-2-1  | 17-Sep-2026 10:50:24 [---]    (to change preferences, visit a project web site or select Preferences in the Manager)
client-cluster-2-1  | 17-Sep-2026 10:50:24 [---] Setting up project and slot directories
client-cluster-2-1  | 17-Sep-2026 10:50:24 [---] Checking active tasks
client-phone-1      | 17-Sep-2026 10:50:24 [---] Reading preferences override file
client-phone-1      | 17-Sep-2026 10:50:24 [---] Preferences:
client-phone-1      | 17-Sep-2026 10:50:24 [---]    max memory usage when active: 8929.14 MB
client-phone-1      | 17-Sep-2026 10:50:24 [---]    max memory usage when idle: 8929.14 MB
client-phone-1      | 17-Sep-2026 10:50:24 [---]    max disk usage: 2.00 GB
client-phone-1      | 17-Sep-2026 10:50:24 [---]    don't use GPU while active
client-phone-1      | 17-Sep-2026 10:50:24 [---]    suspend work if non-BOINC CPU load exceeds 25%
client-cluster-2-1  | 17-Sep-2026 10:50:24 [---] Setting up GUI RPC socket
client-cluster-2-1  | 17-Sep-2026 10:50:24 [---] Checking presence of 0 project files
mysql-1             | MySQL init process in progress...
mysql-1             | 2026-09-17 10:48:50 0 [Note] mysqld (mysqld 10.3.8-MariaDB-1:10.3.8+maria~bionic) starting as process 104 ...
mysql-1             | 2026-09-17 10:48:50 0 [Note] InnoDB: Using Linux native AIO
mysql-1             | 2026-09-17 10:48:50 0 [Note] InnoDB: Mutexes and rw_locks use GCC atomic builtins
client-cluster-1    | 17-Sep-2026 10:50:42 [boincserver] Starting task exp_20260917T102241Z_hybrid_long_1_0
client-cluster-1    | 17-Sep-2026 10:51:12 [boincserver] Sending scheduler request: To fetch work.
apache-1            | 2026-09-17 10:49:29,759 INFO reaped unknown pid 155
apache-1            | 2026-09-17 10:49:29,759 INFO reaped unknown pid 157
apache-1            | 2026-09-17 10:49:29,760 INFO reaped unknown pid 159
apache-1            | 2026-09-17 10:49:29,760 INFO reaped unknown pid 161
client-phone-2-1    | 17-Sep-2026 10:50:41 [http://boincserver.local/boincserver/] Requesting new tasks for CPU
client-phone-2-1    | 17-Sep-2026 10:50:43 [boincserver] Scheduler request completed: got 1 new tasks
client-phone-2-1    | 17-Sep-2026 10:50:43 [boincserver] Project requested delay of 7 seconds
client-phone-2-1    | 17-Sep-2026 10:50:45 [boincserver] Started download of hybrid_synthetic_1.0_aarch64-unknown-linux-gnu
client-phone-2-1    | 17-Sep-2026 10:50:45 [boincserver] Started download of hybrid_synthetic_input.txt
client-phone-2-1    | 17-Sep-2026 10:50:47 [boincserver] Finished download of hybrid_synthetic_1.0_aarch64-unknown-linux-gnu
client-low-power-1  | 17-Sep-2026 10:50:24 [---] No general preferences found - using defaults
client-low-power-1  | 17-Sep-2026 10:50:24 [---] Reading preferences override file
client-low-power-1  | 17-Sep-2026 10:50:24 [---] Preferences:
client-low-power-1  | 17-Sep-2026 10:50:24 [---]    max memory usage when active: 8929.14 MB
client-phone-1      | 17-Sep-2026 10:50:24 [---]    (to change preferences, visit a project web site or select Preferences in the Manager)
client-phone-1      | 17-Sep-2026 10:50:24 [---] Setting up project and slot directories
apache-1            | 2026-09-17 10:50:01,446 INFO reaped unknown pid 209
apache-1            | 2026-09-17 10:50:01,559 INFO reaped unknown pid 211
apache-1            | 2026-09-17 10:50:01,663 INFO reaped unknown pid 213
apache-1            | 2026-09-17 10:50:01,755 INFO reaped unknown pid 215
apache-1            | 2026-09-17 10:50:01,855 INFO reaped unknown pid 217
apache-1            | 2026-09-17 10:50:02,920 INFO reaped unknown pid 208
apache-1            | 2026-09-17 10:50:02,920 INFO reaped unknown pid 210
apache-1            | 2026-09-17 10:50:02,920 INFO reaped unknown pid 212
apache-1            | 2026-09-17 10:50:02,920 INFO reaped unknown pid 214
client-phone-2-1    | 17-Sep-2026 10:50:48 [boincserver] Finished download of hybrid_synthetic_input.txt
client-phone-2-1    | 17-Sep-2026 10:50:48 [boincserver] Elapsed time limit 50.000000 < 120.000000; setting to 43200.000000
client-cluster-2-1  | 17-Sep-2026 10:50:24 [---] This computer is not attached to any projects
client-cluster-2-1  | 17-Sep-2026 10:50:24 Initialization completed
client-cluster-2-1  | dir_open: Could not open directory 'projects/boincserver.local_boincserver' from '/var/lib/boinc-client'.
client-cluster-2-1  | 17-Sep-2026 10:50:25 [---] No general preferences found - using defaults
client-cluster-2-1  | 17-Sep-2026 10:50:25 [---] Reading preferences override file
client-cluster-2-1  | 17-Sep-2026 10:50:25 [---] Preferences:
client-cluster-2-1  | 17-Sep-2026 10:50:25 [---]    max memory usage when active: 8929.14 MB
client-cluster-2-1  | 17-Sep-2026 10:50:25 [---]    max memory usage when idle: 8929.14 MB
client-cluster-2-1  | 17-Sep-2026 10:50:25 [---]    max disk usage: 2.00 GB
client-cluster-2-1  | 17-Sep-2026 10:50:25 [---]    don't use GPU while active
client-desktop-1    | 17-Sep-2026 10:50:24 [---] Checking active tasks
client-desktop-1    | 17-Sep-2026 10:50:24 [---] Setting up GUI RPC socket
client-desktop-1    | dir_open: Could not open directory 'slots' from '/var/lib/boinc-client'.
client-desktop-1    | 17-Sep-2026 10:50:24 [---] Checking presence of 0 project files
client-desktop-1    | 17-Sep-2026 10:50:24 [---] This computer is not attached to any projects
client-desktop-1    | 17-Sep-2026 10:50:24 Initialization completed
client-desktop-1    | dir_open: Could not open directory 'projects/boincserver.local_boincserver' from '/var/lib/boinc-client'.
client-desktop-1    | 17-Sep-2026 10:50:25 [---] No general preferences found - using defaults
client-desktop-1    | 17-Sep-2026 10:50:25 [---] Reading preferences override file
client-desktop-1    | 17-Sep-2026 10:50:25 [---] Preferences:
mysql-1             | 2026-09-17 10:48:50 0 [Note] InnoDB: Uses event mutexes
client-cluster-2-1  | 17-Sep-2026 10:50:25 [---]    suspend work if non-BOINC CPU load exceeds 25%
client-cluster-2-1  | 17-Sep-2026 10:50:25 [---]    (to change preferences, visit a project web site or select Preferences in the Manager)
client-cluster-2-1  | 17-Sep-2026 10:50:29 [http://boincserver.local/boincserver/] Fetching scheduler list
apache-1            | 2026-09-17 10:50:02,920 INFO reaped unknown pid 216
client-cluster-1    | 17-Sep-2026 10:51:12 [boincserver] Requesting new tasks for CPU
client-phone-1      | 17-Sep-2026 10:50:24 [---] Checking active tasks
client-phone-1      | 17-Sep-2026 10:50:24 [---] Setting up GUI RPC socket
client-phone-1      | dir_open: Could not open directory 'slots' from '/var/lib/boinc-client'.
client-phone-1      | 17-Sep-2026 10:50:24 [---] Checking presence of 0 project files
client-phone-1      | 17-Sep-2026 10:50:24 [---] This computer is not attached to any projects
client-phone-1      | 17-Sep-2026 10:50:24 Initialization completed
client-phone-1      | dir_open: Could not open directory 'projects/boincserver.local_boincserver' from '/var/lib/boinc-client'.
client-phone-2-1    | 17-Sep-2026 10:50:48 [boincserver] Starting task exp_20260917T102241Z_hybrid_short_1_0
apache-1            | 2026-09-17 10:50:02,920 INFO reaped unknown pid 218
apache-1            | 2026-09-17 10:50:02,920 INFO reaped unknown pid 219
apache-1            | 2026-09-17 10:50:02,921 INFO reaped unknown pid 223
apache-1            | 2026-09-17 10:50:02,921 INFO reaped unknown pid 225
apache-1            | 2026-09-17 10:50:02,921 INFO reaped unknown pid 228
mysql-1             | 2026-09-17 10:48:50 0 [Note] InnoDB: Compressed tables use zlib 1.2.11
mysql-1             | 2026-09-17 10:48:50 0 [Note] InnoDB: Number of pools: 1
mysql-1             | 2026-09-17 10:48:50 0 [Note] InnoDB: Using generic crc32 instructions
mysql-1             | 2026-09-17 10:48:50 0 [Note] InnoDB: Initializing buffer pool, total size = 256M, instances = 1, chunk size = 128M
mysql-1             | 2026-09-17 10:48:50 0 [Note] InnoDB: Completed initialization of buffer pool
mysql-1             | 2026-09-17 10:48:50 0 [Note] InnoDB: If the mysqld execution user is authorized, page cleaner thread priority can be changed. See the man page of setpriority().
mysql-1             | 2026-09-17 10:48:50 0 [Note] InnoDB: 128 out of 128 rollback segments are active.
mysql-1             | 2026-09-17 10:48:50 0 [Note] InnoDB: Creating shared tablespace for temporary tables
mysql-1             | 2026-09-17 10:48:50 0 [Note] InnoDB: Setting file './ibtmp1' size to 12 MB. Physically writing the file full; Please wait ...
mysql-1             | 2026-09-17 10:48:50 0 [Note] InnoDB: File './ibtmp1' size is now 12 MB.
client-cluster-2-1  | 17-Sep-2026 10:50:36 [http://boincserver.local/boincserver/] Master file download succeeded
client-cluster-2-1  | 17-Sep-2026 10:50:41 [http://boincserver.local/boincserver/] Sending scheduler request: Project initialization.
mysql-1             | 2026-09-17 10:48:50 0 [Note] InnoDB: Waiting for purge to start
mysql-1             | 2026-09-17 10:48:50 0 [Note] InnoDB: 10.3.8 started; log sequence number 1630815; transaction id 21
mysql-1             | 2026-09-17 10:48:50 0 [Note] InnoDB: Loading buffer pool(s) from /var/lib/mysql/ib_buffer_pool
mysql-1             | 2026-09-17 10:48:50 0 [Note] Plugin 'FEEDBACK' is disabled.
client-phone-1      | 17-Sep-2026 10:50:25 [---] No general preferences found - using defaults
client-phone-1      | 17-Sep-2026 10:50:25 [---] Reading preferences override file
client-desktop-1    | 17-Sep-2026 10:50:25 [---]    max memory usage when active: 8929.14 MB
client-desktop-1    | 17-Sep-2026 10:50:25 [---]    max memory usage when idle: 8929.14 MB
client-phone-2-1    | 17-Sep-2026 10:50:53 [boincserver] Sending scheduler request: To fetch work.
client-phone-2-1    | 17-Sep-2026 10:50:53 [boincserver] Requesting new tasks for CPU
client-desktop-1    | 17-Sep-2026 10:50:25 [---]    max disk usage: 2.00 GB
client-desktop-1    | 17-Sep-2026 10:50:25 [---]    don't use GPU while active
client-desktop-1    | 17-Sep-2026 10:50:25 [---]    suspend work if non-BOINC CPU load exceeds 25%
client-desktop-1    | 17-Sep-2026 10:50:25 [---]    (to change preferences, visit a project web site or select Preferences in the Manager)
client-desktop-1    | 17-Sep-2026 10:50:29 [http://boincserver.local/boincserver/] Fetching scheduler list
client-desktop-1    | 17-Sep-2026 10:50:31 [http://boincserver.local/boincserver/] Master file download succeeded
client-desktop-1    | 17-Sep-2026 10:50:36 [http://boincserver.local/boincserver/] Sending scheduler request: Project initialization.
client-phone-1      | 17-Sep-2026 10:50:25 [---] Preferences:
client-phone-1      | 17-Sep-2026 10:50:25 [---]    max memory usage when active: 8929.14 MB
client-phone-1      | 17-Sep-2026 10:50:25 [---]    max memory usage when idle: 8929.14 MB
client-phone-1      | 17-Sep-2026 10:50:25 [---]    max disk usage: 2.00 GB
client-phone-1      | 17-Sep-2026 10:50:25 [---]    don't use GPU while active
apache-1            | 2026-09-17 10:50:02,921 INFO reaped unknown pid 232
apache-1            | 2026-09-17 10:50:02,921 INFO reaped unknown pid 234
apache-1            | 2026-09-17 10:50:07,426 INFO reaped unknown pid 226
apache-1            | 2026-09-17 10:50:07,636 INFO reaped unknown pid 230
client-phone-1      | 17-Sep-2026 10:50:25 [---]    suspend work if non-BOINC CPU load exceeds 25%
client-phone-1      | 17-Sep-2026 10:50:25 [---]    (to change preferences, visit a project web site or select Preferences in the Manager)
client-phone-1      | 17-Sep-2026 10:50:29 [http://boincserver.local/boincserver/] Fetching scheduler list
client-phone-1      | 17-Sep-2026 10:50:36 [http://boincserver.local/boincserver/] Master file download succeeded
client-phone-1      | 17-Sep-2026 10:50:41 [http://boincserver.local/boincserver/] Sending scheduler request: Project initialization.
client-cluster-1    | 17-Sep-2026 10:51:18 [boincserver] Scheduler request completed: got 4 new tasks
client-cluster-1    | 17-Sep-2026 10:51:18 [boincserver] Project requested delay of 7 seconds
apache-1            | 2026-09-17 10:55:01,973 INFO reaped unknown pid 668
apache-1            | 2026-09-17 10:55:02,084 INFO reaped unknown pid 670
apache-1            | 2026-09-17 10:55:02,186 INFO reaped unknown pid 672
mysql-1             | 2026-09-17 10:48:50 0 [Note] InnoDB: Buffer pool(s) load completed at 260917 10:48:50
mysql-1             | 2026-09-17 10:48:50 0 [Warning] 'user' entry 'root@6bbcb1fcf670' ignored in --skip-name-resolve mode.
mysql-1             | 2026-09-17 10:48:50 0 [Warning] 'user' entry '@6bbcb1fcf670' ignored in --skip-name-resolve mode.
mysql-1             | 2026-09-17 10:48:50 0 [Warning] 'proxies_priv' entry '@% root@6bbcb1fcf670' ignored in --skip-name-resolve mode.
mysql-1             | 2026-09-17 10:48:50 0 [Note] Reading of all Master_info entries succeded
mysql-1             | 2026-09-17 10:48:50 0 [Note] Added new Master_info '' to hash table
mysql-1             | 2026-09-17 10:48:50 0 [Note] mysqld: ready for connections.
client-low-power-1  | 17-Sep-2026 10:50:24 [---]    max memory usage when idle: 8929.14 MB
client-low-power-1  | dir_open: Could not open directory 'slots' from '/var/lib/boinc-client'.
client-low-power-1  | 17-Sep-2026 10:50:24 [---]    max disk usage: 2.00 GB
client-low-power-1  | 17-Sep-2026 10:50:24 [---]    don't use GPU while active
client-cluster-1    | 17-Sep-2026 10:51:20 [boincserver] Starting task exp_20260917T102241Z_hybrid_medium_7_0
client-cluster-1    | 17-Sep-2026 10:51:20 [boincserver] Starting task exp_20260917T102241Z_hybrid_medium_8_0
client-cluster-1    | 17-Sep-2026 10:51:20 [boincserver] Starting task exp_20260917T102241Z_hybrid_medium_10_0
client-cluster-1    | 17-Sep-2026 10:51:49 [boincserver] Sending scheduler request: To fetch work.
client-cluster-1    | 17-Sep-2026 10:51:49 [boincserver] Requesting new tasks for CPU
client-cluster-1    | 17-Sep-2026 10:51:51 [boincserver] Scheduler request completed: got 3 new tasks
client-cluster-1    | 17-Sep-2026 10:51:51 [boincserver] Project requested delay of 7 seconds
client-phone-2-1    | 17-Sep-2026 10:50:56 [boincserver] Computation for task exp_20260917T102241Z_hybrid_short_1_0 finished
client-phone-2-1    | 17-Sep-2026 10:50:58 [boincserver] Started upload of exp_20260917T102241Z_hybrid_short_1_0_r1779860776_0
client-phone-2-1    | 17-Sep-2026 10:51:00 [boincserver] Finished upload of exp_20260917T102241Z_hybrid_short_1_0_r1779860776_0
client-phone-2-1    | 17-Sep-2026 10:51:00 [boincserver] Scheduler request completed: got 1 new tasks
client-phone-2-1    | 17-Sep-2026 10:51:00 [boincserver] Project requested delay of 7 seconds
client-phone-2-1    | 17-Sep-2026 10:51:02 [boincserver] Elapsed time limit 50.000000 < 120.000000; setting to 43200.000000
client-phone-2-1    | 17-Sep-2026 10:51:02 [boincserver] Starting task exp_20260917T102241Z_hybrid_short_5_0
client-phone-2-1    | 17-Sep-2026 10:51:10 [boincserver] Computation for task exp_20260917T102241Z_hybrid_short_5_0 finished
client-low-power-1  | 17-Sep-2026 10:50:24 [---]    suspend work if non-BOINC CPU load exceeds 25%
client-low-power-1  | 17-Sep-2026 10:50:24 [---]    (to change preferences, visit a project web site or select Preferences in the Manager)
client-low-power-1  | 17-Sep-2026 10:50:24 [---] Setting up project and slot directories
client-low-power-1  | 17-Sep-2026 10:50:24 [---] Checking active tasks
client-low-power-1  | 17-Sep-2026 10:50:24 [---] Setting up GUI RPC socket
client-low-power-1  | 17-Sep-2026 10:50:24 [---] Checking presence of 0 project files
client-low-power-1  | 17-Sep-2026 10:50:24 [---] This computer is not attached to any projects
client-desktop-1    | 17-Sep-2026 10:50:36 [http://boincserver.local/boincserver/] Requesting new tasks for CPU
client-desktop-1    | 17-Sep-2026 10:50:43 [boincserver] Scheduler request completed: got 1 new tasks
client-desktop-1    | 17-Sep-2026 10:50:43 [boincserver] Project requested delay of 7 seconds
client-desktop-1    | 17-Sep-2026 10:50:45 [boincserver] Started download of hybrid_synthetic_1.0_aarch64-unknown-linux-gnu
client-cluster-1    | 17-Sep-2026 10:51:53 [boincserver] Computation for task exp_20260917T102241Z_hybrid_medium_7_0 finished
client-cluster-1    | 17-Sep-2026 10:51:53 [boincserver] Starting task exp_20260917T102241Z_hybrid_medium_9_0
client-cluster-1    | 17-Sep-2026 10:51:54 [boincserver] Computation for task exp_20260917T102241Z_hybrid_medium_8_0 finished
client-cluster-1    | 17-Sep-2026 10:51:54 [boincserver] Elapsed time limit 50.000000 < 120.000000; setting to 43200.000000
mysql-1             | Version: '10.3.8-MariaDB-1:10.3.8+maria~bionic'  socket: '/var/run/mysqld/mysqld.sock'  port: 0  mariadb.org binary distribution
mysql-1             | Warning: Unable to load '/usr/share/zoneinfo/leap-seconds.list' as time zone. Skipping it.
mysql-1             | 2026-09-17 10:48:52 10 [Warning] 'proxies_priv' entry '@% root@6bbcb1fcf670' ignored in --skip-name-resolve mode.
apache-1            | 2026-09-17 10:55:02,291 INFO reaped unknown pid 674
apache-1            | 2026-09-17 10:55:02,397 INFO reaped unknown pid 676
apache-1            | 2026-09-17 10:55:02,499 INFO reaped unknown pid 667
client-phone-1      | 17-Sep-2026 10:50:41 [http://boincserver.local/boincserver/] Requesting new tasks for CPU
client-phone-1      | 17-Sep-2026 10:50:43 [boincserver] Scheduler request completed: got 1 new tasks
client-phone-1      | 17-Sep-2026 10:50:43 [boincserver] Project requested delay of 7 seconds
client-phone-1      | 17-Sep-2026 10:50:45 [boincserver] Started download of hybrid_synthetic_1.0_aarch64-unknown-linux-gnu
client-phone-2-1    | 17-Sep-2026 10:51:10 [boincserver] Sending scheduler request: To report completed tasks.
client-phone-2-1    | 17-Sep-2026 10:51:10 [boincserver] Reporting 1 completed tasks
client-phone-2-1    | 17-Sep-2026 10:51:10 [boincserver] Requesting new tasks for CPU
client-phone-2-1    | 17-Sep-2026 10:51:12 [boincserver] Started upload of exp_20260917T102241Z_hybrid_short_5_0_r1444808476_0
client-phone-2-1    | 17-Sep-2026 10:51:14 [boincserver] Finished upload of exp_20260917T102241Z_hybrid_short_5_0_r1444808476_0
client-phone-2-1    | 17-Sep-2026 10:51:16 [boincserver] Scheduler request completed: got 1 new tasks
client-phone-2-1    | 17-Sep-2026 10:51:16 [boincserver] Project requested delay of 7 seconds
client-phone-2-1    | 17-Sep-2026 10:51:18 [boincserver] Elapsed time limit 50.000000 < 120.000000; setting to 43200.000000
client-phone-2-1    | 17-Sep-2026 10:51:18 [boincserver] Starting task exp_20260917T102241Z_hybrid_short_6_0
client-phone-2-1    | 17-Sep-2026 10:51:26 [boincserver] Computation for task exp_20260917T102241Z_hybrid_short_6_0 finished
client-phone-2-1    | 17-Sep-2026 10:51:26 [boincserver] Sending scheduler request: To report completed tasks.
client-phone-2-1    | 17-Sep-2026 10:51:26 [boincserver] Reporting 1 completed tasks
client-phone-2-1    | 17-Sep-2026 10:51:26 [boincserver] Requesting new tasks for CPU
client-phone-2-1    | 17-Sep-2026 10:51:28 [boincserver] Started upload of exp_20260917T102241Z_hybrid_short_6_0_r470282723_0
client-phone-2-1    | 17-Sep-2026 10:51:30 [boincserver] Finished upload of exp_20260917T102241Z_hybrid_short_6_0_r470282723_0
client-phone-2-1    | 17-Sep-2026 10:51:33 [boincserver] Scheduler request completed: got 1 new tasks
client-phone-2-1    | 17-Sep-2026 10:51:33 [boincserver] Project requested delay of 7 seconds
client-phone-2-1    | 17-Sep-2026 10:51:35 [boincserver] Elapsed time limit 50.000000 < 120.000000; setting to 43200.000000
client-phone-2-1    | 17-Sep-2026 10:51:35 [boincserver] Starting task exp_20260917T102241Z_hybrid_short_8_0
client-phone-2-1    | 17-Sep-2026 10:52:02 [boincserver] Sending scheduler request: To report completed tasks.
client-phone-2-1    | 17-Sep-2026 10:52:02 [boincserver] Reporting 1 completed tasks
client-phone-1      | 17-Sep-2026 10:50:45 [boincserver] Started download of hybrid_synthetic_input.txt
client-phone-1      | 17-Sep-2026 10:50:47 [boincserver] Finished download of hybrid_synthetic_1.0_aarch64-unknown-linux-gnu
client-phone-1      | 17-Sep-2026 10:50:48 [boincserver] Finished download of hybrid_synthetic_input.txt
client-phone-1      | 17-Sep-2026 10:50:48 [boincserver] Elapsed time limit 50.000000 < 120.000000; setting to 43200.000000
client-phone-1      | 17-Sep-2026 10:50:48 [boincserver] Starting task exp_20260917T102241Z_hybrid_short_2_0
client-phone-1      | 17-Sep-2026 10:50:53 [boincserver] Sending scheduler request: To fetch work.
client-cluster-2-1  | 17-Sep-2026 10:50:41 [http://boincserver.local/boincserver/] Requesting new tasks for CPU
client-cluster-2-1  | 17-Sep-2026 10:50:43 [boincserver] Scheduler request completed: got 1 new tasks
client-cluster-2-1  | 17-Sep-2026 10:50:43 [boincserver] Project requested delay of 7 seconds
client-desktop-1    | 17-Sep-2026 10:50:45 [boincserver] Started download of hybrid_synthetic_input.txt
client-desktop-1    | 17-Sep-2026 10:50:47 [boincserver] Finished download of hybrid_synthetic_1.0_aarch64-unknown-linux-gnu
client-desktop-1    | 17-Sep-2026 10:50:47 [boincserver] Finished download of hybrid_synthetic_input.txt
client-desktop-1    | 17-Sep-2026 10:50:47 [boincserver] Starting task exp_20260917T102241Z_hybrid_medium_1_0
client-desktop-1    | 17-Sep-2026 10:50:53 [boincserver] Sending scheduler request: To fetch work.
apache-1            | 2026-09-17 10:55:02,500 INFO reaped unknown pid 669
apache-1            | 2026-09-17 10:55:02,500 INFO reaped unknown pid 671
apache-1            | 2026-09-17 10:55:02,500 INFO reaped unknown pid 673
apache-1            | 2026-09-17 10:55:02,500 INFO reaped unknown pid 675
mysql-1             | 
mysql-1             | 2026-09-17 10:48:52 0 [Note] mysqld (initiated by: unknown): Normal shutdown
mysql-1             | 2026-09-17 10:48:52 0 [Note] Event Scheduler: Purging the queue. 0 events
mysql-1             | 2026-09-17 10:48:52 0 [Note] InnoDB: FTS optimize thread exiting.
mysql-1             | 2026-09-17 10:48:52 0 [Note] InnoDB: Starting shutdown...
mysql-1             | 2026-09-17 10:48:52 0 [Note] InnoDB: Dumping buffer pool(s) to /var/lib/mysql/ib_buffer_pool
mysql-1             | 2026-09-17 10:48:52 0 [Note] InnoDB: Buffer pool(s) dump completed at 260917 10:48:52
mysql-1             | 2026-09-17 10:48:53 0 [Note] InnoDB: Shutdown completed; log sequence number 1630824; transaction id 24
mysql-1             | 2026-09-17 10:48:53 0 [Note] InnoDB: Removed temporary tablespace data file: "ibtmp1"
mysql-1             | 2026-09-17 10:48:53 0 [Note] mysqld: Shutdown complete
mysql-1             | 
mysql-1             | 
mysql-1             | MySQL init process done. Ready for start up.
mysql-1             | 
mysql-1             | 2026-09-17 10:48:53 0 [Note] mysqld (mysqld 10.3.8-MariaDB-1:10.3.8+maria~bionic) starting as process 1 ...
mysql-1             | 2026-09-17 10:48:53 0 [Note] InnoDB: Using Linux native AIO
mysql-1             | 2026-09-17 10:48:53 0 [Note] InnoDB: Mutexes and rw_locks use GCC atomic builtins
mysql-1             | 2026-09-17 10:48:53 0 [Note] InnoDB: Uses event mutexes
mysql-1             | 2026-09-17 10:48:53 0 [Note] InnoDB: Compressed tables use zlib 1.2.11
mysql-1             | 2026-09-17 10:48:53 0 [Note] InnoDB: Number of pools: 1
mysql-1             | 2026-09-17 10:48:53 0 [Note] InnoDB: Using generic crc32 instructions
mysql-1             | 2026-09-17 10:48:53 0 [Note] InnoDB: Initializing buffer pool, total size = 256M, instances = 1, chunk size = 128M
mysql-1             | 2026-09-17 10:48:53 0 [Note] InnoDB: Completed initialization of buffer pool
mysql-1             | 2026-09-17 10:48:53 0 [Note] InnoDB: If the mysqld execution user is authorized, page cleaner thread priority can be changed. See the man page of setpriority().
mysql-1             | 2026-09-17 10:48:53 0 [Note] InnoDB: 128 out of 128 rollback segments are active.
mysql-1             | 2026-09-17 10:48:53 0 [Note] InnoDB: Creating shared tablespace for temporary tables
client-phone-1      | 17-Sep-2026 10:50:53 [boincserver] Requesting new tasks for CPU
client-phone-1      | 17-Sep-2026 10:50:56 [boincserver] Computation for task exp_20260917T102241Z_hybrid_short_2_0 finished
client-phone-1      | 17-Sep-2026 10:50:58 [boincserver] Started upload of exp_20260917T102241Z_hybrid_short_2_0_r2085311801_0
client-phone-1      | 17-Sep-2026 10:51:00 [boincserver] Finished upload of exp_20260917T102241Z_hybrid_short_2_0_r2085311801_0
client-cluster-1    | 17-Sep-2026 10:51:54 [boincserver] Starting task exp_20260917T102241Z_hybrid_short_13_0
client-cluster-1    | 17-Sep-2026 10:51:55 [boincserver] Started upload of exp_20260917T102241Z_hybrid_medium_7_0_r1073912779_0
client-cluster-1    | 17-Sep-2026 10:51:55 [boincserver] Computation for task exp_20260917T102241Z_hybrid_medium_10_0 finished
client-cluster-1    | 17-Sep-2026 10:51:55 [boincserver] Elapsed time limit 50.000000 < 120.000000; setting to 43200.000000
client-phone-1      | 17-Sep-2026 10:51:00 [boincserver] Scheduler request completed: got 1 new tasks
client-phone-1      | 17-Sep-2026 10:51:00 [boincserver] Project requested delay of 7 seconds
client-phone-1      | 17-Sep-2026 10:51:02 [boincserver] Elapsed time limit 50.000000 < 120.000000; setting to 43200.000000
client-low-power-1  | 17-Sep-2026 10:50:24 Initialization completed
client-low-power-1  | dir_open: Could not open directory 'projects/boincserver.local_boincserver' from '/var/lib/boinc-client'.
client-low-power-1  | 17-Sep-2026 10:50:25 [---] No general preferences found - using defaults
client-low-power-1  | 17-Sep-2026 10:50:25 [---] Reading preferences override file
client-desktop-1    | 17-Sep-2026 10:50:53 [boincserver] Requesting new tasks for CPU
client-desktop-1    | 17-Sep-2026 10:50:55 [boincserver] Scheduler request completed: got 2 new tasks
client-desktop-1    | 17-Sep-2026 10:50:55 [boincserver] Project requested delay of 7 seconds
client-desktop-1    | 17-Sep-2026 10:50:57 [boincserver] Starting task exp_20260917T102241Z_hybrid_medium_4_0
client-desktop-1    | 17-Sep-2026 10:51:05 [boincserver] Sending scheduler request: To fetch work.
client-desktop-1    | 17-Sep-2026 10:51:05 [boincserver] Requesting new tasks for CPU
client-desktop-1    | 17-Sep-2026 10:51:31 [boincserver] Scheduler request completed: got 1 new tasks
client-desktop-1    | 17-Sep-2026 10:51:31 [boincserver] Project requested delay of 7 seconds
client-phone-2-1    | 17-Sep-2026 10:52:02 [boincserver] Requesting new tasks for CPU
client-phone-2-1    | 17-Sep-2026 10:52:04 [boincserver] Computation for task exp_20260917T102241Z_hybrid_short_8_0 finished
client-phone-2-1    | 17-Sep-2026 10:52:04 [boincserver] Scheduler request completed: got 1 new tasks
client-phone-2-1    | 17-Sep-2026 10:52:04 [boincserver] Project requested delay of 7 seconds
client-phone-2-1    | 17-Sep-2026 10:52:06 [boincserver] Started upload of exp_20260917T102241Z_hybrid_short_8_0_r136501134_0
client-cluster-1    | 17-Sep-2026 10:51:55 [boincserver] Starting task exp_20260917T102241Z_hybrid_short_14_0
client-cluster-1    | 17-Sep-2026 10:51:56 [boincserver] Started upload of exp_20260917T102241Z_hybrid_medium_8_0_r1618910977_0
client-cluster-1    | 17-Sep-2026 10:51:57 [boincserver] Finished upload of exp_20260917T102241Z_hybrid_medium_7_0_r1073912779_0
client-cluster-1    | 17-Sep-2026 10:51:57 [boincserver] Finished upload of exp_20260917T102241Z_hybrid_medium_8_0_r1618910977_0
client-cluster-2-1  | 17-Sep-2026 10:50:45 [boincserver] Started download of hybrid_synthetic_1.0_aarch64-unknown-linux-gnu
client-cluster-2-1  | 17-Sep-2026 10:50:45 [boincserver] Started download of hybrid_synthetic_input.txt
client-cluster-2-1  | 17-Sep-2026 10:50:47 [boincserver] Finished download of hybrid_synthetic_1.0_aarch64-unknown-linux-gnu
client-cluster-2-1  | 17-Sep-2026 10:50:47 [boincserver] Finished download of hybrid_synthetic_input.txt
client-desktop-1    | 17-Sep-2026 10:51:34 [boincserver] Computation for task exp_20260917T102241Z_hybrid_medium_1_0 finished
client-desktop-1    | 17-Sep-2026 10:51:34 [boincserver] Starting task exp_20260917T102241Z_hybrid_medium_3_0
client-desktop-1    | 17-Sep-2026 10:51:35 [boincserver] Computation for task exp_20260917T102241Z_hybrid_medium_4_0 finished
client-desktop-1    | 17-Sep-2026 10:51:35 [boincserver] Starting task exp_20260917T102241Z_hybrid_medium_6_0
client-cluster-1    | 17-Sep-2026 10:51:57 [boincserver] Started upload of exp_20260917T102241Z_hybrid_medium_10_0_r673627274_0
client-cluster-1    | 17-Sep-2026 10:51:59 [boincserver] Finished upload of exp_20260917T102241Z_hybrid_medium_10_0_r673627274_0
client-cluster-1    | 17-Sep-2026 10:52:26 [boincserver] Computation for task exp_20260917T102241Z_hybrid_short_13_0 finished
client-cluster-1    | 17-Sep-2026 10:52:26 [boincserver] Elapsed time limit 50.000000 < 120.000000; setting to 43200.000000
mysql-1             | 2026-09-17 10:48:53 0 [Note] InnoDB: Setting file './ibtmp1' size to 12 MB. Physically writing the file full; Please wait ...
mysql-1             | 2026-09-17 10:48:53 0 [Note] InnoDB: File './ibtmp1' size is now 12 MB.
mysql-1             | 2026-09-17 10:48:53 0 [Note] InnoDB: 10.3.8 started; log sequence number 1630824; transaction id 21
mysql-1             | 2026-09-17 10:48:53 0 [Note] InnoDB: Loading buffer pool(s) from /var/lib/mysql/ib_buffer_pool
mysql-1             | 2026-09-17 10:48:53 0 [Note] Plugin 'FEEDBACK' is disabled.
mysql-1             | 2026-09-17 10:48:53 0 [Note] Server socket created on IP: '::'.
client-low-power-1  | 17-Sep-2026 10:50:25 [---] Preferences:
client-low-power-1  | 17-Sep-2026 10:50:25 [---]    max memory usage when active: 8929.14 MB
client-low-power-1  | 17-Sep-2026 10:50:25 [---]    max memory usage when idle: 8929.14 MB
client-low-power-1  | 17-Sep-2026 10:50:25 [---]    max disk usage: 2.00 GB
client-phone-1      | 17-Sep-2026 10:51:02 [boincserver] Starting task exp_20260917T102241Z_hybrid_short_4_0
client-phone-1      | 17-Sep-2026 10:51:10 [boincserver] Computation for task exp_20260917T102241Z_hybrid_short_4_0 finished
client-phone-1      | 17-Sep-2026 10:51:10 [boincserver] Sending scheduler request: To report completed tasks.
client-phone-1      | 17-Sep-2026 10:51:10 [boincserver] Reporting 1 completed tasks
client-phone-1      | 17-Sep-2026 10:51:10 [boincserver] Requesting new tasks for CPU
client-phone-1      | 17-Sep-2026 10:51:12 [boincserver] Started upload of exp_20260917T102241Z_hybrid_short_4_0_r337894358_0
client-phone-1      | 17-Sep-2026 10:51:12 [boincserver] Scheduler request completed: got 1 new tasks
client-phone-1      | 17-Sep-2026 10:51:12 [boincserver] Project requested delay of 7 seconds
client-phone-1      | 17-Sep-2026 10:51:14 [boincserver] Finished upload of exp_20260917T102241Z_hybrid_short_4_0_r337894358_0
client-phone-1      | 17-Sep-2026 10:51:14 [boincserver] Elapsed time limit 50.000000 < 120.000000; setting to 43200.000000
client-phone-1      | 17-Sep-2026 10:51:14 [boincserver] Starting task exp_20260917T102241Z_hybrid_short_3_0
client-desktop-1    | 17-Sep-2026 10:51:36 [boincserver] Started upload of exp_20260917T102241Z_hybrid_medium_1_0_r988892405_0
client-desktop-1    | 17-Sep-2026 10:51:37 [boincserver] Started upload of exp_20260917T102241Z_hybrid_medium_4_0_r572726409_0
client-desktop-1    | 17-Sep-2026 10:51:38 [boincserver] Finished upload of exp_20260917T102241Z_hybrid_medium_1_0_r988892405_0
client-desktop-1    | 17-Sep-2026 10:51:38 [boincserver] Finished upload of exp_20260917T102241Z_hybrid_medium_4_0_r572726409_0
mysql-1             | 2026-09-17 10:48:53 0 [Note] InnoDB: Buffer pool(s) load completed at 260917 10:48:53
client-cluster-1    | 17-Sep-2026 10:52:26 [boincserver] Starting task exp_20260917T102241Z_hybrid_short_12_0
client-cluster-1    | 17-Sep-2026 10:52:26 [boincserver] Sending scheduler request: To report completed tasks.
client-cluster-2-1  | 17-Sep-2026 10:50:47 [boincserver] Starting task exp_20260917T102241Z_hybrid_long_2_0
client-cluster-2-1  | 17-Sep-2026 10:50:53 [boincserver] Sending scheduler request: To fetch work.
client-cluster-2-1  | 17-Sep-2026 10:50:53 [boincserver] Requesting new tasks for CPU
client-phone-1      | 17-Sep-2026 10:51:22 [boincserver] Computation for task exp_20260917T102241Z_hybrid_short_3_0 finished
client-phone-1      | 17-Sep-2026 10:51:22 [boincserver] Sending scheduler request: To report completed tasks.
client-phone-1      | 17-Sep-2026 10:51:22 [boincserver] Reporting 1 completed tasks
client-phone-1      | 17-Sep-2026 10:51:22 [boincserver] Requesting new tasks for CPU
client-low-power-1  | 17-Sep-2026 10:50:25 [---]    don't use GPU while active
client-low-power-1  | 17-Sep-2026 10:50:25 [---]    suspend work if non-BOINC CPU load exceeds 25%
client-low-power-1  | 17-Sep-2026 10:50:25 [---]    (to change preferences, visit a project web site or select Preferences in the Manager)
client-low-power-1  | 17-Sep-2026 10:50:29 [http://boincserver.local/boincserver/] Fetching scheduler list
client-low-power-1  | 17-Sep-2026 10:50:36 [http://boincserver.local/boincserver/] Master file download succeeded
client-low-power-1  | 17-Sep-2026 10:50:41 [http://boincserver.local/boincserver/] Sending scheduler request: Project initialization.
client-low-power-1  | 17-Sep-2026 10:50:41 [http://boincserver.local/boincserver/] Requesting new tasks for CPU
mysql-1             | 2026-09-17 10:48:53 0 [Warning] 'proxies_priv' entry '@% root@6bbcb1fcf670' ignored in --skip-name-resolve mode.
mysql-1             | 2026-09-17 10:48:53 0 [Note] Reading of all Master_info entries succeded
client-phone-2-1    | 17-Sep-2026 10:52:06 [boincserver] Elapsed time limit 50.000000 < 120.000000; setting to 43200.000000
client-phone-2-1    | 17-Sep-2026 10:52:06 [boincserver] Starting task exp_20260917T102241Z_hybrid_short_18_0
client-phone-2-1    | 17-Sep-2026 10:52:08 [boincserver] Finished upload of exp_20260917T102241Z_hybrid_short_8_0_r136501134_0
client-cluster-1    | 17-Sep-2026 10:52:26 [boincserver] Reporting 3 completed tasks
client-cluster-1    | 17-Sep-2026 10:52:26 [boincserver] Requesting new tasks for CPU
client-cluster-1    | 17-Sep-2026 10:52:27 [boincserver] Computation for task exp_20260917T102241Z_hybrid_short_14_0 finished
client-cluster-1    | 17-Sep-2026 10:52:28 [boincserver] Started upload of exp_20260917T102241Z_hybrid_short_13_0_r1305631461_0
client-cluster-1    | 17-Sep-2026 10:52:28 [boincserver] Scheduler request completed: got 0 new tasks
client-cluster-1    | 17-Sep-2026 10:52:28 [boincserver] Project has no tasks available
client-cluster-1    | 17-Sep-2026 10:52:28 [boincserver] Project requested delay of 7 seconds
client-cluster-1    | 17-Sep-2026 10:52:29 [boincserver] Started upload of exp_20260917T102241Z_hybrid_short_14_0_r1241012604_0
client-cluster-1    | 17-Sep-2026 10:52:29 [boincserver] Computation for task exp_20260917T102241Z_hybrid_medium_9_0 finished
client-cluster-1    | 17-Sep-2026 10:52:30 [boincserver] Finished upload of exp_20260917T102241Z_hybrid_short_13_0_r1305631461_0
client-cluster-1    | 17-Sep-2026 10:52:30 [boincserver] Finished upload of exp_20260917T102241Z_hybrid_short_14_0_r1241012604_0
client-cluster-1    | 17-Sep-2026 10:52:31 [boincserver] Started upload of exp_20260917T102241Z_hybrid_medium_9_0_r1621112418_0
client-cluster-1    | 17-Sep-2026 10:52:34 [boincserver] Finished upload of exp_20260917T102241Z_hybrid_medium_9_0_r1621112418_0
client-low-power-1  | 17-Sep-2026 10:50:43 [boincserver] Scheduler request completed: got 1 new tasks
client-low-power-1  | 17-Sep-2026 10:50:43 [boincserver] Project requested delay of 7 seconds
mysql-1             | 2026-09-17 10:48:53 0 [Note] Added new Master_info '' to hash table
mysql-1             | 2026-09-17 10:48:53 0 [Note] mysqld: ready for connections.
mysql-1             | Version: '10.3.8-MariaDB-1:10.3.8+maria~bionic'  socket: '/var/run/mysqld/mysqld.sock'  port: 3306  mariadb.org binary distribution
mysql-1             | 2026-09-17 10:48:53 8 [Warning] Access denied for user 'boincadm'@'172.21.0.2' (using password: NO)
client-cluster-1    | 17-Sep-2026 10:52:34 [boincserver] Computation for task exp_20260917T102241Z_hybrid_short_12_0 finished
client-cluster-1    | 17-Sep-2026 10:52:36 [boincserver] Started upload of exp_20260917T102241Z_hybrid_short_12_0_r1163558565_0
client-cluster-1    | 17-Sep-2026 10:52:38 [boincserver] Finished upload of exp_20260917T102241Z_hybrid_short_12_0_r1163558565_0
client-cluster-1    | 17-Sep-2026 10:53:04 [boincserver] Sending scheduler request: To report completed tasks.
client-cluster-1    | 17-Sep-2026 10:53:04 [boincserver] Reporting 4 completed tasks
client-phone-2-1    | 17-Sep-2026 10:52:39 [boincserver] Computation for task exp_20260917T102241Z_hybrid_short_18_0 finished
client-phone-2-1    | 17-Sep-2026 10:52:39 [boincserver] Sending scheduler request: To report completed tasks.
client-phone-2-1    | 17-Sep-2026 10:52:39 [boincserver] Reporting 1 completed tasks
client-phone-2-1    | 17-Sep-2026 10:52:39 [boincserver] Requesting new tasks for CPU
client-phone-2-1    | 17-Sep-2026 10:52:41 [boincserver] Started upload of exp_20260917T102241Z_hybrid_short_18_0_r139908812_0
client-cluster-2-1  | 17-Sep-2026 10:51:21 [boincserver] Scheduler request completed: got 4 new tasks
client-cluster-2-1  | 17-Sep-2026 10:51:21 [boincserver] Project requested delay of 7 seconds
client-phone-1      | 17-Sep-2026 10:51:24 [boincserver] Started upload of exp_20260917T102241Z_hybrid_short_3_0_r716577754_0
client-phone-1      | 17-Sep-2026 10:51:24 [boincserver] Scheduler request completed: got 1 new tasks
client-phone-1      | 17-Sep-2026 10:51:24 [boincserver] Project requested delay of 7 seconds
client-phone-1      | 17-Sep-2026 10:51:26 [boincserver] Finished upload of exp_20260917T102241Z_hybrid_short_3_0_r716577754_0
client-phone-2-1    | 17-Sep-2026 10:52:41 [boincserver] Scheduler request completed: got 0 new tasks
client-phone-2-1    | 17-Sep-2026 10:52:41 [boincserver] Project has no tasks available
client-phone-2-1    | 17-Sep-2026 10:52:41 [boincserver] Project requested delay of 7 seconds
client-phone-2-1    | 17-Sep-2026 10:52:43 [boincserver] Finished upload of exp_20260917T102241Z_hybrid_short_18_0_r139908812_0
client-phone-2-1    | 17-Sep-2026 10:53:17 [boincserver] Sending scheduler request: To report completed tasks.
client-phone-2-1    | 17-Sep-2026 10:53:17 [boincserver] Reporting 1 completed tasks
client-phone-2-1    | 17-Sep-2026 10:53:17 [boincserver] Requesting new tasks for CPU
client-phone-2-1    | 17-Sep-2026 10:53:19 [boincserver] Scheduler request completed: got 0 new tasks
client-phone-2-1    | 17-Sep-2026 10:53:19 [boincserver] Project has no tasks available
client-phone-2-1    | 17-Sep-2026 10:53:19 [boincserver] Project requested delay of 7 seconds
client-phone-2-1    | 17-Sep-2026 10:53:54 [boincserver] Sending scheduler request: To fetch work.
client-phone-2-1    | 17-Sep-2026 10:53:54 [boincserver] Requesting new tasks for CPU
client-phone-2-1    | 17-Sep-2026 10:53:56 [boincserver] Scheduler request completed: got 0 new tasks
client-phone-2-1    | 17-Sep-2026 10:53:56 [boincserver] Project has no tasks available
client-phone-2-1    | 17-Sep-2026 10:53:56 [boincserver] Project requested delay of 7 seconds
mysql-1             | 2026-09-17 10:49:21 16 [Warning] Aborted connection 16 to db: 'boincserver' user: 'root' host: '172.21.0.4' (Got an error reading communication packets)
mysql-1             | 2026-09-17 10:49:21 15 [Warning] Aborted connection 15 to db: 'boincserver' user: 'root' host: '172.21.0.4' (Got an error reading communication packets)
mysql-1             | 2026-09-17 10:49:21 17 [Warning] Aborted connection 17 to db: 'boincserver' user: 'root' host: '172.21.0.4' (Got an error reading communication packets)
mysql-1             | 2026-09-17 10:50:01 50 [Warning] Aborted connection 50 to db: 'boincserver' user: 'root' host: '172.21.0.4' (Got an error reading communication packets)
mysql-1             | 2026-09-17 10:50:02 53 [Warning] Aborted connection 53 to db: 'boincserver' user: 'root' host: '172.21.0.4' (Got an error reading communication packets)
client-cluster-1    | 17-Sep-2026 10:53:04 [boincserver] Requesting new tasks for CPU
client-cluster-1    | 17-Sep-2026 10:53:06 [boincserver] Scheduler request completed: got 0 new tasks
client-cluster-1    | 17-Sep-2026 10:53:06 [boincserver] Project has no tasks available
client-cluster-1    | 17-Sep-2026 10:53:06 [boincserver] Project requested delay of 7 seconds
client-cluster-1    | 17-Sep-2026 10:53:07 [boincserver] Computation for task exp_20260917T102241Z_hybrid_long_1_0 finished
client-desktop-1    | 17-Sep-2026 10:51:41 [boincserver] Sending scheduler request: To report completed tasks.
client-desktop-1    | 17-Sep-2026 10:51:41 [boincserver] Reporting 2 completed tasks
client-desktop-1    | 17-Sep-2026 10:51:41 [boincserver] Requesting new tasks for CPU
client-desktop-1    | 17-Sep-2026 10:52:09 [boincserver] Scheduler request completed: got 2 new tasks
client-desktop-1    | 17-Sep-2026 10:52:09 [boincserver] Project requested delay of 7 seconds
client-cluster-1    | 17-Sep-2026 10:53:09 [boincserver] Started upload of exp_20260917T102241Z_hybrid_long_1_0_r327342647_0
client-cluster-1    | 17-Sep-2026 10:53:11 [boincserver] Finished upload of exp_20260917T102241Z_hybrid_long_1_0_r327342647_0
client-cluster-1    | 17-Sep-2026 10:53:41 [boincserver] Sending scheduler request: To report completed tasks.
client-cluster-1    | 17-Sep-2026 10:53:41 [boincserver] Reporting 1 completed tasks
client-cluster-1    | 17-Sep-2026 10:53:41 [boincserver] Requesting new tasks for CPU
client-cluster-1    | 17-Sep-2026 10:53:48 [boincserver] Scheduler request completed: got 0 new tasks
client-desktop-1    | 17-Sep-2026 10:52:12 [boincserver] Computation for task exp_20260917T102241Z_hybrid_medium_3_0 finished
client-desktop-1    | 17-Sep-2026 10:52:12 [boincserver] Elapsed time limit 50.000000 < 120.000000; setting to 43200.000000
client-desktop-1    | 17-Sep-2026 10:52:12 [boincserver] Starting task exp_20260917T102241Z_hybrid_short_10_0
client-cluster-2-1  | 17-Sep-2026 10:51:23 [boincserver] Starting task exp_20260917T102241Z_hybrid_long_3_0
client-cluster-2-1  | 17-Sep-2026 10:51:23 [boincserver] Starting task exp_20260917T102241Z_hybrid_long_5_0
client-cluster-2-1  | 17-Sep-2026 10:51:23 [boincserver] Starting task exp_20260917T102241Z_hybrid_long_4_0
client-cluster-2-1  | 17-Sep-2026 10:51:31 [boincserver] Sending scheduler request: To fetch work.
client-cluster-2-1  | 17-Sep-2026 10:51:31 [boincserver] Requesting new tasks for CPU
client-cluster-2-1  | 17-Sep-2026 10:51:33 [boincserver] Scheduler request completed: got 3 new tasks
client-cluster-2-1  | 17-Sep-2026 10:51:33 [boincserver] Project requested delay of 7 seconds
client-cluster-2-1  | 17-Sep-2026 10:52:00 [boincserver] Sending scheduler request: To fetch work.
client-cluster-2-1  | 17-Sep-2026 10:52:00 [boincserver] Requesting new tasks for CPU
client-cluster-2-1  | 17-Sep-2026 10:52:07 [boincserver] Scheduler request completed: got 0 new tasks
client-cluster-2-1  | 17-Sep-2026 10:52:07 [boincserver] No tasks sent
client-cluster-2-1  | 17-Sep-2026 10:52:07 [boincserver] This computer has reached a limit on tasks in progress
client-cluster-2-1  | 17-Sep-2026 10:52:07 [boincserver] Project requested delay of 7 seconds
client-cluster-2-1  | 17-Sep-2026 10:53:14 [boincserver] Computation for task exp_20260917T102241Z_hybrid_long_2_0 finished
client-cluster-2-1  | 17-Sep-2026 10:53:14 [boincserver] Starting task exp_20260917T102241Z_hybrid_long_6_0
client-cluster-2-1  | 17-Sep-2026 10:53:16 [boincserver] Started upload of exp_20260917T102241Z_hybrid_long_2_0_r405505554_0
client-cluster-2-1  | 17-Sep-2026 10:53:18 [boincserver] Finished upload of exp_20260917T102241Z_hybrid_long_2_0_r405505554_0
client-cluster-2-1  | 17-Sep-2026 10:53:19 [boincserver] Sending scheduler request: To report completed tasks.
client-cluster-2-1  | 17-Sep-2026 10:53:19 [boincserver] Reporting 1 completed tasks
client-cluster-2-1  | 17-Sep-2026 10:53:19 [boincserver] Requesting new tasks for CPU
client-cluster-2-1  | 17-Sep-2026 10:53:25 [boincserver] Scheduler request completed: got 0 new tasks
client-cluster-2-1  | 17-Sep-2026 10:53:25 [boincserver] Project has no tasks available
client-desktop-1    | 17-Sep-2026 10:52:13 [boincserver] Computation for task exp_20260917T102241Z_hybrid_medium_6_0 finished
client-desktop-1    | 17-Sep-2026 10:52:13 [boincserver] Elapsed time limit 50.000000 < 120.000000; setting to 43200.000000
client-cluster-2-1  | 17-Sep-2026 10:53:25 [boincserver] Project requested delay of 7 seconds
client-cluster-2-1  | 17-Sep-2026 10:53:51 [boincserver] Computation for task exp_20260917T102241Z_hybrid_long_3_0 finished
client-cluster-2-1  | 17-Sep-2026 10:53:51 [boincserver] Starting task exp_20260917T102241Z_hybrid_medium_11_0
client-cluster-2-1  | 17-Sep-2026 10:53:51 [boincserver] Sending scheduler request: To fetch work.
client-cluster-2-1  | 17-Sep-2026 10:53:51 [boincserver] Requesting new tasks for CPU
client-cluster-2-1  | 17-Sep-2026 10:53:52 [boincserver] Computation for task exp_20260917T102241Z_hybrid_long_5_0 finished
client-cluster-2-1  | 17-Sep-2026 10:53:52 [boincserver] Elapsed time limit 50.000000 < 120.000000; setting to 43200.000000
client-low-power-1  | 17-Sep-2026 10:50:45 [boincserver] Started download of hybrid_synthetic_1.0_aarch64-unknown-linux-gnu
client-cluster-2-1  | 17-Sep-2026 10:53:52 [boincserver] Starting task exp_20260917T102241Z_hybrid_short_9_0
client-cluster-2-1  | 17-Sep-2026 10:53:53 [boincserver] Started upload of exp_20260917T102241Z_hybrid_long_3_0_r1851018390_0
client-low-power-1  | 17-Sep-2026 10:50:45 [boincserver] Started download of hybrid_synthetic_input.txt
client-low-power-1  | 17-Sep-2026 10:50:47 [boincserver] Finished download of hybrid_synthetic_1.0_aarch64-unknown-linux-gnu
client-low-power-1  | 17-Sep-2026 10:50:47 [boincserver] Finished download of hybrid_synthetic_input.txt
client-cluster-1    | 17-Sep-2026 10:53:48 [boincserver] Project has no tasks available
client-cluster-1    | 17-Sep-2026 10:53:48 [boincserver] Project requested delay of 7 seconds
client-cluster-1    | 17-Sep-2026 10:54:19 [boincserver] Sending scheduler request: To fetch work.
client-cluster-1    | 17-Sep-2026 10:54:19 [boincserver] Requesting new tasks for CPU
client-cluster-1    | 17-Sep-2026 10:54:21 [boincserver] Scheduler request completed: got 0 new tasks
client-cluster-1    | 17-Sep-2026 10:54:21 [boincserver] Project has no tasks available
client-cluster-1    | 17-Sep-2026 10:54:21 [boincserver] Project requested delay of 7 seconds
client-low-power-1  | 17-Sep-2026 10:50:47 [boincserver] Starting task exp_20260917T102241Z_hybrid_medium_2_0
client-low-power-1  | 17-Sep-2026 10:50:53 [boincserver] Sending scheduler request: To fetch work.
client-low-power-1  | 17-Sep-2026 10:50:53 [boincserver] Requesting new tasks for CPU
client-low-power-1  | 17-Sep-2026 10:51:00 [boincserver] Scheduler request completed: got 1 new tasks
client-phone-1      | 17-Sep-2026 10:51:26 [boincserver] Elapsed time limit 50.000000 < 120.000000; setting to 43200.000000
client-phone-1      | 17-Sep-2026 10:51:26 [boincserver] Starting task exp_20260917T102241Z_hybrid_short_7_0
client-phone-1      | 17-Sep-2026 10:51:52 [boincserver] Sending scheduler request: To report completed tasks.
client-phone-1      | 17-Sep-2026 10:51:52 [boincserver] Reporting 1 completed tasks
client-phone-1      | 17-Sep-2026 10:51:52 [boincserver] Requesting new tasks for CPU
client-phone-1      | 17-Sep-2026 10:51:54 [boincserver] Scheduler request completed: got 1 new tasks
client-low-power-1  | 17-Sep-2026 10:51:00 [boincserver] Project requested delay of 7 seconds
client-low-power-1  | 17-Sep-2026 10:51:10 [boincserver] Sending scheduler request: To fetch work.
client-low-power-1  | 17-Sep-2026 10:51:10 [boincserver] Requesting new tasks for CPU
client-low-power-1  | 17-Sep-2026 10:51:12 [boincserver] Scheduler request completed: got 0 new tasks
client-low-power-1  | 17-Sep-2026 10:51:12 [boincserver] No tasks sent
client-low-power-1  | 17-Sep-2026 10:51:12 [boincserver] This computer has reached a limit on tasks in progress
client-low-power-1  | 17-Sep-2026 10:51:12 [boincserver] Project requested delay of 7 seconds
client-low-power-1  | 17-Sep-2026 10:51:44 [boincserver] Computation for task exp_20260917T102241Z_hybrid_medium_2_0 finished
client-low-power-1  | 17-Sep-2026 10:51:44 [boincserver] Starting task exp_20260917T102241Z_hybrid_medium_5_0
client-low-power-1  | 17-Sep-2026 10:51:46 [boincserver] Started upload of exp_20260917T102241Z_hybrid_medium_2_0_r140098988_0
client-low-power-1  | 17-Sep-2026 10:51:48 [boincserver] Finished upload of exp_20260917T102241Z_hybrid_medium_2_0_r140098988_0
client-cluster-2-1  | 17-Sep-2026 10:53:53 [boincserver] Computation for task exp_20260917T102241Z_hybrid_long_4_0 finished
client-cluster-2-1  | 17-Sep-2026 10:53:53 [boincserver] Starting task exp_20260917T102241Z_hybrid_medium_12_0
client-cluster-2-1  | 17-Sep-2026 10:53:54 [boincserver] Started upload of exp_20260917T102241Z_hybrid_long_5_0_r1180282518_0
client-cluster-2-1  | 17-Sep-2026 10:53:55 [boincserver] Finished upload of exp_20260917T102241Z_hybrid_long_3_0_r1851018390_0
client-cluster-2-1  | 17-Sep-2026 10:53:55 [boincserver] Finished upload of exp_20260917T102241Z_hybrid_long_5_0_r1180282518_0
client-cluster-2-1  | 17-Sep-2026 10:53:55 [boincserver] Started upload of exp_20260917T102241Z_hybrid_long_4_0_r939006993_0
client-cluster-2-1  | 17-Sep-2026 10:53:57 [boincserver] Finished upload of exp_20260917T102241Z_hybrid_long_4_0_r939006993_0
client-desktop-1    | 17-Sep-2026 10:52:13 [boincserver] Starting task exp_20260917T102241Z_hybrid_short_11_0
client-desktop-1    | 17-Sep-2026 10:52:14 [boincserver] Started upload of exp_20260917T102241Z_hybrid_medium_3_0_r1571530412_0
client-desktop-1    | 17-Sep-2026 10:52:15 [boincserver] Started upload of exp_20260917T102241Z_hybrid_medium_6_0_r1941189730_0
client-desktop-1    | 17-Sep-2026 10:52:16 [boincserver] Finished upload of exp_20260917T102241Z_hybrid_medium_3_0_r1571530412_0
client-desktop-1    | 17-Sep-2026 10:52:16 [boincserver] Finished upload of exp_20260917T102241Z_hybrid_medium_6_0_r1941189730_0
client-cluster-2-1  | 17-Sep-2026 10:53:57 [boincserver] Scheduler request completed: got 0 new tasks
client-cluster-2-1  | 17-Sep-2026 10:53:57 [boincserver] Project has no tasks available
client-cluster-2-1  | 17-Sep-2026 10:53:57 [boincserver] Project requested delay of 7 seconds
client-desktop-1    | 17-Sep-2026 10:52:19 [boincserver] Sending scheduler request: To report completed tasks.
client-desktop-1    | 17-Sep-2026 10:52:19 [boincserver] Reporting 2 completed tasks
client-desktop-1    | 17-Sep-2026 10:52:19 [boincserver] Requesting new tasks for CPU
client-desktop-1    | 17-Sep-2026 10:52:20 [boincserver] Computation for task exp_20260917T102241Z_hybrid_short_10_0 finished
client-desktop-1    | 17-Sep-2026 10:52:21 [boincserver] Computation for task exp_20260917T102241Z_hybrid_short_11_0 finished
client-desktop-1    | 17-Sep-2026 10:52:21 [boincserver] Scheduler request completed: got 1 new tasks
client-desktop-1    | 17-Sep-2026 10:52:21 [boincserver] Project requested delay of 7 seconds
client-desktop-1    | 17-Sep-2026 10:52:47 [boincserver] Started upload of exp_20260917T102241Z_hybrid_short_10_0_r1064733117_0
client-desktop-1    | 17-Sep-2026 10:52:48 [boincserver] Started upload of exp_20260917T102241Z_hybrid_short_11_0_r464130209_0
client-desktop-1    | 17-Sep-2026 10:52:48 [boincserver] Elapsed time limit 50.000000 < 120.000000; setting to 43200.000000
client-desktop-1    | 17-Sep-2026 10:52:48 [boincserver] Starting task exp_20260917T102241Z_hybrid_short_17_0
client-desktop-1    | 17-Sep-2026 10:52:49 [boincserver] Finished upload of exp_20260917T102241Z_hybrid_short_10_0_r1064733117_0
client-desktop-1    | 17-Sep-2026 10:52:49 [boincserver] Finished upload of exp_20260917T102241Z_hybrid_short_11_0_r464130209_0
client-desktop-1    | 17-Sep-2026 10:52:52 [boincserver] Sending scheduler request: To report completed tasks.
client-desktop-1    | 17-Sep-2026 10:52:52 [boincserver] Reporting 2 completed tasks
client-desktop-1    | 17-Sep-2026 10:52:52 [boincserver] Requesting new tasks for CPU
client-desktop-1    | 17-Sep-2026 10:52:54 [boincserver] Scheduler request completed: got 0 new tasks
client-cluster-2-1  | 17-Sep-2026 10:54:00 [boincserver] Computation for task exp_20260917T102241Z_hybrid_short_9_0 finished
client-cluster-2-1  | 17-Sep-2026 10:54:03 [boincserver] Started upload of exp_20260917T102241Z_hybrid_short_9_0_r2027082473_0
client-cluster-2-1  | 17-Sep-2026 10:54:30 [boincserver] Finished upload of exp_20260917T102241Z_hybrid_short_9_0_r2027082473_0
client-cluster-2-1  | 17-Sep-2026 10:54:31 [boincserver] Computation for task exp_20260917T102241Z_hybrid_medium_12_0 finished
client-low-power-1  | 17-Sep-2026 10:51:52 [boincserver] Sending scheduler request: To report completed tasks.
client-low-power-1  | 17-Sep-2026 10:51:52 [boincserver] Reporting 1 completed tasks
client-low-power-1  | 17-Sep-2026 10:51:52 [boincserver] Requesting new tasks for CPU
client-low-power-1  | 17-Sep-2026 10:52:19 [boincserver] Scheduler request completed: got 1 new tasks
client-low-power-1  | 17-Sep-2026 10:52:19 [boincserver] Project requested delay of 7 seconds
client-low-power-1  | 17-Sep-2026 10:52:22 [boincserver] Computation for task exp_20260917T102241Z_hybrid_medium_5_0 finished
client-low-power-1  | 17-Sep-2026 10:52:22 [boincserver] Elapsed time limit 50.000000 < 120.000000; setting to 43200.000000
client-cluster-2-1  | 17-Sep-2026 10:54:32 [boincserver] Computation for task exp_20260917T102241Z_hybrid_medium_11_0 finished
client-cluster-2-1  | 17-Sep-2026 10:54:33 [boincserver] Started upload of exp_20260917T102241Z_hybrid_medium_12_0_r1127098419_0
client-cluster-2-1  | 17-Sep-2026 10:54:34 [boincserver] Started upload of exp_20260917T102241Z_hybrid_medium_11_0_r878300228_0
client-cluster-2-1  | 17-Sep-2026 10:54:34 [boincserver] Sending scheduler request: To fetch work.
client-cluster-2-1  | 17-Sep-2026 10:54:34 [boincserver] Reporting 4 completed tasks
client-cluster-2-1  | 17-Sep-2026 10:54:34 [boincserver] Requesting new tasks for CPU
client-desktop-1    | 17-Sep-2026 10:52:54 [boincserver] Project has no tasks available
client-desktop-1    | 17-Sep-2026 10:52:54 [boincserver] Project requested delay of 7 seconds
client-desktop-1    | 17-Sep-2026 10:52:56 [boincserver] Computation for task exp_20260917T102241Z_hybrid_short_17_0 finished
client-desktop-1    | 17-Sep-2026 10:52:58 [boincserver] Started upload of exp_20260917T102241Z_hybrid_short_17_0_r960057480_0
client-desktop-1    | 17-Sep-2026 10:53:24 [boincserver] Sending scheduler request: To fetch work.
client-desktop-1    | 17-Sep-2026 10:53:24 [boincserver] Requesting new tasks for CPU
client-desktop-1    | 17-Sep-2026 10:53:25 [boincserver] Finished upload of exp_20260917T102241Z_hybrid_short_17_0_r960057480_0
client-desktop-1    | 17-Sep-2026 10:53:25 [boincserver] Scheduler request completed: got 0 new tasks
client-cluster-2-1  | 17-Sep-2026 10:54:35 [boincserver] Finished upload of exp_20260917T102241Z_hybrid_medium_12_0_r1127098419_0
client-cluster-2-1  | 17-Sep-2026 10:54:35 [boincserver] Finished upload of exp_20260917T102241Z_hybrid_medium_11_0_r878300228_0
client-desktop-1    | 17-Sep-2026 10:53:25 [boincserver] Project has no tasks available
client-desktop-1    | 17-Sep-2026 10:53:25 [boincserver] Project requested delay of 7 seconds
client-phone-1      | 17-Sep-2026 10:51:54 [boincserver] Project requested delay of 7 seconds
client-phone-1      | 17-Sep-2026 10:51:55 [boincserver] Computation for task exp_20260917T102241Z_hybrid_short_7_0 finished
client-phone-1      | 17-Sep-2026 10:51:56 [boincserver] Elapsed time limit 50.000000 < 120.000000; setting to 43200.000000
client-phone-1      | 17-Sep-2026 10:51:56 [boincserver] Starting task exp_20260917T102241Z_hybrid_short_15_0
client-phone-1      | 17-Sep-2026 10:51:57 [boincserver] Started upload of exp_20260917T102241Z_hybrid_short_7_0_r926962500_0
client-low-power-1  | 17-Sep-2026 10:52:22 [boincserver] Starting task exp_20260917T102241Z_hybrid_short_16_0
client-low-power-1  | 17-Sep-2026 10:52:24 [boincserver] Started upload of exp_20260917T102241Z_hybrid_medium_5_0_r962940974_0
client-cluster-2-1  | 17-Sep-2026 10:54:35 [boincserver] Scheduler request completed: got 0 new tasks
client-cluster-2-1  | 17-Sep-2026 10:54:35 [boincserver] Project has no tasks available
client-cluster-2-1  | 17-Sep-2026 10:54:35 [boincserver] Project requested delay of 7 seconds
client-cluster-2-1  | 17-Sep-2026 10:55:06 [boincserver] Sending scheduler request: To report completed tasks.
client-desktop-1    | 17-Sep-2026 10:53:35 [boincserver] Sending scheduler request: To report completed tasks.
client-desktop-1    | 17-Sep-2026 10:53:35 [boincserver] Reporting 1 completed tasks
client-desktop-1    | 17-Sep-2026 10:53:35 [boincserver] Requesting new tasks for CPU
client-desktop-1    | 17-Sep-2026 10:54:08 [boincserver] Scheduler request completed: got 0 new tasks
client-low-power-1  | 17-Sep-2026 10:52:26 [boincserver] Finished upload of exp_20260917T102241Z_hybrid_medium_5_0_r962940974_0
client-low-power-1  | 17-Sep-2026 10:52:29 [boincserver] Sending scheduler request: To report completed tasks.
client-phone-1      | 17-Sep-2026 10:51:59 [boincserver] Finished upload of exp_20260917T102241Z_hybrid_short_7_0_r926962500_0
client-phone-1      | 17-Sep-2026 10:52:29 [boincserver] Computation for task exp_20260917T102241Z_hybrid_short_15_0 finished
client-phone-1      | 17-Sep-2026 10:52:29 [boincserver] Sending scheduler request: To report completed tasks.
client-phone-1      | 17-Sep-2026 10:52:29 [boincserver] Reporting 1 completed tasks
client-phone-1      | 17-Sep-2026 10:52:29 [boincserver] Requesting new tasks for CPU
client-phone-1      | 17-Sep-2026 10:52:31 [boincserver] Started upload of exp_20260917T102241Z_hybrid_short_15_0_r393899025_0
client-phone-1      | 17-Sep-2026 10:52:33 [boincserver] Finished upload of exp_20260917T102241Z_hybrid_short_15_0_r393899025_0
client-phone-1      | 17-Sep-2026 10:52:36 [boincserver] Scheduler request completed: got 0 new tasks
client-desktop-1    | 17-Sep-2026 10:54:08 [boincserver] Project has no tasks available
client-desktop-1    | 17-Sep-2026 10:54:08 [boincserver] Project requested delay of 7 seconds
client-phone-1      | 17-Sep-2026 10:52:36 [boincserver] Project has no tasks available
client-low-power-1  | 17-Sep-2026 10:52:29 [boincserver] Reporting 1 completed tasks
client-low-power-1  | 17-Sep-2026 10:52:29 [boincserver] Requesting new tasks for CPU
client-low-power-1  | 17-Sep-2026 10:52:30 [boincserver] Computation for task exp_20260917T102241Z_hybrid_short_16_0 finished
client-low-power-1  | 17-Sep-2026 10:52:31 [boincserver] Scheduler request completed: got 0 new tasks
client-low-power-1  | 17-Sep-2026 10:52:31 [boincserver] Project has no tasks available
client-low-power-1  | 17-Sep-2026 10:52:31 [boincserver] Project requested delay of 7 seconds
client-low-power-1  | 17-Sep-2026 10:52:57 [boincserver] Started upload of exp_20260917T102241Z_hybrid_short_16_0_r702211910_0
client-low-power-1  | 17-Sep-2026 10:52:59 [boincserver] Finished upload of exp_20260917T102241Z_hybrid_short_16_0_r702211910_0
client-phone-1      | 17-Sep-2026 10:52:36 [boincserver] Project requested delay of 7 seconds
client-phone-1      | 17-Sep-2026 10:53:07 [boincserver] Sending scheduler request: To report completed tasks.
client-phone-1      | 17-Sep-2026 10:53:07 [boincserver] Reporting 1 completed tasks
client-cluster-2-1  | 17-Sep-2026 10:55:06 [boincserver] Reporting 2 completed tasks
client-cluster-2-1  | 17-Sep-2026 10:55:06 [boincserver] Requesting new tasks for CPU
client-cluster-2-1  | 17-Sep-2026 10:55:08 [boincserver] Scheduler request completed: got 0 new tasks
client-cluster-2-1  | 17-Sep-2026 10:55:08 [boincserver] Project has no tasks available
client-cluster-2-1  | 17-Sep-2026 10:55:08 [boincserver] Project requested delay of 7 seconds
client-cluster-2-1  | 17-Sep-2026 10:55:17 [boincserver] Computation for task exp_20260917T102241Z_hybrid_long_6_0 finished
client-cluster-2-1  | 17-Sep-2026 10:55:45 [boincserver] Started upload of exp_20260917T102241Z_hybrid_long_6_0_r269535231_0
client-cluster-2-1  | 17-Sep-2026 10:55:47 [boincserver] Finished upload of exp_20260917T102241Z_hybrid_long_6_0_r269535231_0
client-cluster-2-1  | 17-Sep-2026 10:55:49 [boincserver] Sending scheduler request: To report completed tasks.
client-phone-1      | 17-Sep-2026 10:53:07 [boincserver] Requesting new tasks for CPU
client-phone-1      | 17-Sep-2026 10:53:09 [boincserver] Scheduler request completed: got 0 new tasks
client-phone-1      | 17-Sep-2026 10:53:09 [boincserver] Project has no tasks available
client-phone-1      | 17-Sep-2026 10:53:09 [boincserver] Project requested delay of 7 seconds
client-low-power-1  | 17-Sep-2026 10:53:02 [boincserver] Sending scheduler request: To report completed tasks.
client-low-power-1  | 17-Sep-2026 10:53:02 [boincserver] Reporting 1 completed tasks
client-low-power-1  | 17-Sep-2026 10:53:02 [boincserver] Requesting new tasks for CPU
client-low-power-1  | 17-Sep-2026 10:53:04 [boincserver] Scheduler request completed: got 0 new tasks
client-low-power-1  | 17-Sep-2026 10:53:04 [boincserver] Project has no tasks available
client-low-power-1  | 17-Sep-2026 10:53:04 [boincserver] Project requested delay of 7 seconds
client-low-power-1  | 17-Sep-2026 10:53:34 [boincserver] Sending scheduler request: To fetch work.
client-cluster-2-1  | 17-Sep-2026 10:55:49 [boincserver] Reporting 1 completed tasks
client-cluster-2-1  | 17-Sep-2026 10:55:49 [boincserver] Requesting new tasks for CPU
client-cluster-2-1  | 17-Sep-2026 10:55:51 [boincserver] Scheduler request completed: got 0 new tasks
client-low-power-1  | 17-Sep-2026 10:53:34 [boincserver] Requesting new tasks for CPU
client-low-power-1  | 17-Sep-2026 10:53:36 [boincserver] Scheduler request completed: got 0 new tasks
client-low-power-1  | 17-Sep-2026 10:53:36 [boincserver] Project has no tasks available
client-low-power-1  | 17-Sep-2026 10:53:36 [boincserver] Project requested delay of 7 seconds
client-phone-1      | 17-Sep-2026 10:53:44 [boincserver] Sending scheduler request: To fetch work.
client-phone-1      | 17-Sep-2026 10:53:44 [boincserver] Requesting new tasks for CPU
client-phone-1      | 17-Sep-2026 10:53:46 [boincserver] Scheduler request completed: got 0 new tasks
client-phone-1      | 17-Sep-2026 10:53:46 [boincserver] Project has no tasks available
client-phone-1      | 17-Sep-2026 10:53:46 [boincserver] Project requested delay of 7 seconds
client-cluster-2-1  | 17-Sep-2026 10:55:51 [boincserver] Project has no tasks available
client-cluster-2-1  | 17-Sep-2026 10:55:51 [boincserver] Project requested delay of 7 seconds
client-cluster-2-1  | 17-Sep-2026 10:56:01 [boincserver] Sending scheduler request: To fetch work.
client-cluster-2-1  | 17-Sep-2026 10:56:01 [boincserver] Requesting new tasks for CPU
client-cluster-2-1  | 17-Sep-2026 10:56:03 [boincserver] Scheduler request completed: got 0 new tasks
client-cluster-2-1  | 17-Sep-2026 10:56:03 [boincserver] Project has no tasks available
client-cluster-2-1  | 17-Sep-2026 10:56:03 [boincserver] Project requested delay of 7 seconds
