mysql-1  | Initializing database
mysql-1  | 
mysql-1  | 
mysql-1  | PLEASE REMEMBER TO SET A PASSWORD FOR THE MariaDB root USER !
mysql-1  | To do so, start the server, then issue the following commands:
mysql-1  | 
mysql-1  | '/usr/bin/mysqladmin' -u root password 'new-password'
mysql-1  | '/usr/bin/mysqladmin' -u root -h  password 'new-password'
mysql-1  | 
mysql-1  | Alternatively you can run:
mysql-1  | '/usr/bin/mysql_secure_installation'
mysql-1  | 
mysql-1  | which will also give you the option of removing the test
mysql-1  | databases and anonymous user created by default.  This is
mysql-1  | strongly recommended for production servers.
mysql-1  | 
mysql-1  | See the MariaDB Knowledgebase at http://mariadb.com/kb or the
mysql-1  | MySQL manual for more instructions.
mysql-1  | 
mysql-1  | Please report any problems at http://mariadb.org/jira
mysql-1  | 
mysql-1  | The latest information about MariaDB is available at http://mariadb.org/.
mysql-1  | You can find additional information about the MySQL part at:
mysql-1  | http://dev.mysql.com
mysql-1  | Consider joining MariaDB's strong and vibrant community:
mysql-1  | https://mariadb.org/get-involved/
mysql-1  | 
mysql-1  | Database initialized
mysql-1  | 2026-09-16 18:32:27 0 [Note] mysqld (mysqld 10.3.8-MariaDB-1:10.3.8+maria~bionic) starting as process 104 ...
mysql-1  | MySQL init process in progress...
mysql-1  | 2026-09-16 18:32:27 0 [Note] InnoDB: Using Linux native AIO
mysql-1  | 2026-09-16 18:32:27 0 [Note] InnoDB: Mutexes and rw_locks use GCC atomic builtins
mysql-1  | 2026-09-16 18:32:27 0 [Note] InnoDB: Uses event mutexes
mysql-1  | 2026-09-16 18:32:27 0 [Note] InnoDB: Compressed tables use zlib 1.2.11
mysql-1  | 2026-09-16 18:32:27 0 [Note] InnoDB: Number of pools: 1
mysql-1  | 2026-09-16 18:32:27 0 [Note] InnoDB: Using generic crc32 instructions
mysql-1  | 2026-09-16 18:32:27 0 [Note] InnoDB: Initializing buffer pool, total size = 256M, instances = 1, chunk size = 128M
mysql-1  | 2026-09-16 18:32:27 0 [Note] InnoDB: Completed initialization of buffer pool
mysql-1  | 2026-09-16 18:32:27 0 [Note] InnoDB: If the mysqld execution user is authorized, page cleaner thread priority can be changed. See the man page of setpriority().
mysql-1  | 2026-09-16 18:32:27 0 [Note] InnoDB: 128 out of 128 rollback segments are active.
mysql-1  | 2026-09-16 18:32:27 0 [Note] InnoDB: Creating shared tablespace for temporary tables
mysql-1  | 2026-09-16 18:32:27 0 [Note] InnoDB: Setting file './ibtmp1' size to 12 MB. Physically writing the file full; Please wait ...
mysql-1  | 2026-09-16 18:32:27 0 [Note] InnoDB: File './ibtmp1' size is now 12 MB.
mysql-1  | 2026-09-16 18:32:27 0 [Note] InnoDB: 10.3.8 started; log sequence number 1630815; transaction id 21
mysql-1  | 2026-09-16 18:32:27 0 [Note] InnoDB: Loading buffer pool(s) from /var/lib/mysql/ib_buffer_pool
mysql-1  | 2026-09-16 18:32:27 0 [Note] Plugin 'FEEDBACK' is disabled.
mysql-1  | 2026-09-16 18:32:27 0 [Note] InnoDB: Buffer pool(s) load completed at 260916 18:32:27
mysql-1  | 2026-09-16 18:32:27 0 [Warning] 'user' entry 'root@77d936e6a914' ignored in --skip-name-resolve mode.
mysql-1  | 2026-09-16 18:32:27 0 [Warning] 'user' entry '@77d936e6a914' ignored in --skip-name-resolve mode.
mysql-1  | 2026-09-16 18:32:27 0 [Warning] 'proxies_priv' entry '@% root@77d936e6a914' ignored in --skip-name-resolve mode.
mysql-1  | 2026-09-16 18:32:27 0 [Note] Reading of all Master_info entries succeded
mysql-1  | 2026-09-16 18:32:27 0 [Note] Added new Master_info '' to hash table
mysql-1  | 2026-09-16 18:32:27 0 [Note] mysqld: ready for connections.
mysql-1  | Version: '10.3.8-MariaDB-1:10.3.8+maria~bionic'  socket: '/var/run/mysqld/mysqld.sock'  port: 0  mariadb.org binary distribution
mysql-1  | Warning: Unable to load '/usr/share/zoneinfo/leap-seconds.list' as time zone. Skipping it.
mysql-1  | 2026-09-16 18:32:28 10 [Warning] 'proxies_priv' entry '@% root@77d936e6a914' ignored in --skip-name-resolve mode.
mysql-1  | 
mysql-1  | 2026-09-16 18:32:28 0 [Note] mysqld (initiated by: unknown): Normal shutdown
mysql-1  | 2026-09-16 18:32:28 0 [Note] Event Scheduler: Purging the queue. 0 events
mysql-1  | 2026-09-16 18:32:28 0 [Note] InnoDB: FTS optimize thread exiting.
mysql-1  | 2026-09-16 18:32:29 0 [Note] InnoDB: Starting shutdown...
mysql-1  | 2026-09-16 18:32:29 0 [Note] InnoDB: Dumping buffer pool(s) to /var/lib/mysql/ib_buffer_pool
mysql-1  | 2026-09-16 18:32:29 0 [Note] InnoDB: Buffer pool(s) dump completed at 260916 18:32:29
mysql-1  | 2026-09-16 18:32:29 0 [Note] InnoDB: Shutdown completed; log sequence number 1630824; transaction id 24
mysql-1  | 2026-09-16 18:32:29 0 [Note] InnoDB: Removed temporary tablespace data file: "ibtmp1"
mysql-1  | 2026-09-16 18:32:29 0 [Note] mysqld: Shutdown complete
mysql-1  | 
mysql-1  | 
mysql-1  | MySQL init process done. Ready for start up.
mysql-1  | 
mysql-1  | 2026-09-16 18:32:29 0 [Note] mysqld (mysqld 10.3.8-MariaDB-1:10.3.8+maria~bionic) starting as process 1 ...
mysql-1  | 2026-09-16 18:32:29 0 [Note] InnoDB: Using Linux native AIO
mysql-1  | 2026-09-16 18:32:29 0 [Note] InnoDB: Mutexes and rw_locks use GCC atomic builtins
mysql-1  | 2026-09-16 18:32:29 0 [Note] InnoDB: Uses event mutexes
mysql-1  | 2026-09-16 18:32:29 0 [Note] InnoDB: Compressed tables use zlib 1.2.11
mysql-1  | 2026-09-16 18:32:29 0 [Note] InnoDB: Number of pools: 1
mysql-1  | 2026-09-16 18:32:29 0 [Note] InnoDB: Using generic crc32 instructions
mysql-1  | 2026-09-16 18:32:29 0 [Note] InnoDB: Initializing buffer pool, total size = 256M, instances = 1, chunk size = 128M
mysql-1  | 2026-09-16 18:32:29 0 [Note] InnoDB: Completed initialization of buffer pool
mysql-1  | 2026-09-16 18:32:29 0 [Note] InnoDB: If the mysqld execution user is authorized, page cleaner thread priority can be changed. See the man page of setpriority().
mysql-1  | 2026-09-16 18:32:29 0 [Note] InnoDB: 128 out of 128 rollback segments are active.
mysql-1  | 2026-09-16 18:32:29 0 [Note] InnoDB: Creating shared tablespace for temporary tables
mysql-1  | 2026-09-16 18:32:29 0 [Note] InnoDB: Setting file './ibtmp1' size to 12 MB. Physically writing the file full; Please wait ...
mysql-1  | 2026-09-16 18:32:29 0 [Note] InnoDB: File './ibtmp1' size is now 12 MB.
mysql-1  | 2026-09-16 18:32:29 0 [Note] InnoDB: 10.3.8 started; log sequence number 1630824; transaction id 21
mysql-1  | 2026-09-16 18:32:29 0 [Note] InnoDB: Loading buffer pool(s) from /var/lib/mysql/ib_buffer_pool
mysql-1  | 2026-09-16 18:32:29 0 [Note] Plugin 'FEEDBACK' is disabled.
mysql-1  | 2026-09-16 18:32:30 0 [Note] InnoDB: Buffer pool(s) load completed at 260916 18:32:30
mysql-1  | 2026-09-16 18:32:30 0 [Note] Server socket created on IP: '::'.
mysql-1  | 2026-09-16 18:32:30 0 [Warning] 'proxies_priv' entry '@% root@77d936e6a914' ignored in --skip-name-resolve mode.
mysql-1  | 2026-09-16 18:32:30 0 [Note] Reading of all Master_info entries succeded
mysql-1  | 2026-09-16 18:32:30 0 [Note] Added new Master_info '' to hash table
mysql-1  | 2026-09-16 18:32:30 0 [Note] mysqld: ready for connections.
mysql-1  | Version: '10.3.8-MariaDB-1:10.3.8+maria~bionic'  socket: '/var/run/mysqld/mysqld.sock'  port: 3306  mariadb.org binary distribution
mysql-1  | 2026-09-16 18:32:30 8 [Warning] Access denied for user 'boincadm'@'172.21.0.2' (using password: NO)
mysql-1  | 2026-09-16 18:33:09 17 [Warning] Aborted connection 17 to db: 'boincserver' user: 'root' host: '172.21.0.4' (Got an error reading communication packets)
mysql-1  | 2026-09-16 18:33:09 15 [Warning] Aborted connection 15 to db: 'boincserver' user: 'root' host: '172.21.0.4' (Got an error reading communication packets)
mysql-1  | 2026-09-16 18:33:09 16 [Warning] Aborted connection 16 to db: 'boincserver' user: 'root' host: '172.21.0.4' (Got an error reading communication packets)
mysql-1  | 2026-09-16 18:35:01 102 [Warning] Aborted connection 102 to db: 'boincserver' user: 'root' host: '172.21.0.4' (Got an error reading communication packets)
mysql-1  | 2026-09-16 18:35:02 104 [Warning] Aborted connection 104 to db: 'boincserver' user: 'root' host: '172.21.0.4' (Got an error reading communication packets)
makeproject-1  | Updating project files in data volume...
makeproject-1  | Waiting for MySQL server to start...
makeproject-1  | Creating database...
makeproject-1  | added platform: (create_time, name, user_friendly_name) values (1789583560, 'windows_intelx86', 'Microsoft Windows (98 or later) running on an Intel x86-compatible CPU')
makeproject-1  | added platform: (create_time, name, user_friendly_name) values (1789583560, 'windows_x86_64', 'Microsoft Windows running on an AMD x86_64 or Intel EM64T CPU')
makeproject-1  | added platform: (create_time, name, user_friendly_name) values (1789583560, 'windows_arm64', 'Microsoft Windows running on ARM 64-bit')
makeproject-1  | added platform: (create_time, name, user_friendly_name) values (1789583560, 'i686-pc-linux-gnu', 'Linux running on an Intel x86-compatible CPU')
makeproject-1  | added platform: (create_time, name, user_friendly_name) values (1789583560, 'x86_64-pc-linux-gnu', 'Linux running on an AMD x86_64 or Intel EM64T CPU')
makeproject-1  | added platform: (create_time, name, user_friendly_name) values (1789583560, 'powerpc-apple-darwin', 'Mac OS X 10.3 or later running on Motorola PowerPC')
makeproject-1  | added platform: (create_time, name, user_friendly_name) values (1789583560, 'i686-apple-darwin', 'Mac OS 10.4 or later running on Intel')
makeproject-1  | added platform: (create_time, name, user_friendly_name) values (1789583560, 'x86_64-apple-darwin', 'Intel 64-bit Mac OS 10.5 or later')
makeproject-1  | added platform: (create_time, name, user_friendly_name) values (1789583560, 'arm64-apple-darwin', 'Mac OS running on ARM')
makeproject-1  | added platform: (create_time, name, user_friendly_name) values (1789583560, 'sparc-sun-solaris2.7', 'Solaris 2.7 running on a SPARC-compatible CPU')
makeproject-1  | added platform: (create_time, name, user_friendly_name) values (1789583560, 'sparc-sun-solaris', 'Solaris 2.8 or later running on a SPARC-compatible CPU')
makeproject-1  | added platform: (create_time, name, user_friendly_name) values (1789583560, 'sparc64-sun-solaris', 'Solaris 2.8 or later running on a SPARC 64-bit CPU')
makeproject-1  | added platform: (create_time, name, user_friendly_name) values (1789583560, 'powerpc64-ps3-linux-gnu', 'Sony Playstation 3 running Linux')
makeproject-1  | added platform: (create_time, name, user_friendly_name) values (1789583560, 'arm-android-linux-gnu', 'Android running on ARM armeabi-v7a')
makeproject-1  | added platform: (create_time, name, user_friendly_name) values (1789583560, 'aarch64-android-linux-gnu', 'Android running on ARM 64-bit arm64-v8a')
makeproject-1  | added platform: (create_time, name, user_friendly_name) values (1789583560, 'x86_64-android-linux-gnu', 'Android running on Intel x64 compatible')
makeproject-1  | added platform: (create_time, name, user_friendly_name) values (1789583560, 'x86-android-linux-gnu', 'Android running on Intel x86 compatible')
makeproject-1  | added platform: (create_time, name, user_friendly_name) values (1789583560, 'arm-unknown-linux-gnueabihf', 'Linux running on ARM, hardware FP')
makeproject-1  | added platform: (create_time, name, user_friendly_name) values (1789583560, 'aarch64-unknown-linux-gnu', 'Linux running on ARM64')
makeproject-1  | added platform: (create_time, name, user_friendly_name) values (1789583560, 'anonymous', 'anonymous')
makeproject-1  | 
apache-1       | /usr/lib/python2.7/dist-packages/supervisor/options.py:461: UserWarning: Supervisord is running as root and it is searching for its configuration file in default locations (including its current working directory); you probably want to specify a "-c" argument specifying an absolute path to a configuration file for improved security.
apache-1            |   'Supervisord is running as root and it is searching '
apache-1            | 2026-09-16 18:32:25,314 CRIT Supervisor is running as root.  Privileges were not dropped because no user is specified in the config file.  If you intend to run as root, you can set user=root in the config file to avoid this message.
client-low-power-1  | 16-Sep-2026 18:34:27 [---] Starting BOINC client version 7.20.5 for aarch64-unknown-linux-gnu
client-low-power-1  | 16-Sep-2026 18:34:27 [---] This a development version of BOINC and may not function properly
client-low-power-1  | 16-Sep-2026 18:34:27 [---] log flags: file_xfer, sched_ops, task
client-low-power-1  | 16-Sep-2026 18:34:27 [---] Libraries: libcurl/7.88.1 OpenSSL/3.0.20 zlib/1.2.13 brotli/1.0.9 zstd/1.5.4 libidn2/2.3.3 libpsl/0.21.2 (+libidn2/2.3.3) libssh2/1.10.0 nghttp2/1.52.0 librtmp/2.3 OpenLDAP/2.5.13
client-cluster-1    | 16-Sep-2026 18:34:27 [---] Starting BOINC client version 7.20.5 for aarch64-unknown-linux-gnu
client-cluster-1    | 16-Sep-2026 18:34:27 [---] This a development version of BOINC and may not function properly
apache-1            | 2026-09-16 18:32:25,314 INFO Included extra file "/etc/supervisor/conf.d/supervisord.conf" during parsing
apache-1            | 2026-09-16 18:32:25,318 INFO RPC interface 'supervisor' initialized
apache-1            | 2026-09-16 18:32:25,318 CRIT Server 'unix_http_server' running without any HTTP authentication checking
apache-1            | 2026-09-16 18:32:25,318 INFO supervisord started with pid 1
apache-1            | 2026-09-16 18:32:26,324 INFO spawned: 'cron' with pid 9
apache-1            | 2026-09-16 18:32:26,326 INFO spawned: 'start' with pid 10
apache-1            | 2026-09-16 18:32:26,330 INFO spawned: 'rsyslogd' with pid 11
apache-1            | 2026-09-16 18:32:26,333 INFO spawned: 'apache2' with pid 12
apache-1            | 2026-09-16 18:32:28,288 INFO success: cron entered RUNNING state, process has stayed up for > than 1 seconds (startsecs)
apache-1            | 2026-09-16 18:32:28,288 INFO success: start entered RUNNING state, process has stayed up for > than 1 seconds (startsecs)
apache-1            | 2026-09-16 18:32:28,288 INFO success: rsyslogd entered RUNNING state, process has stayed up for > than 1 seconds (startsecs)
apache-1            | 2026-09-16 18:32:28,288 INFO success: apache2 entered RUNNING state, process has stayed up for > than 1 seconds (startsecs)
apache-1            | 2026-09-16 18:32:46,842 INFO reaped unknown pid 69
apache-1            | 2026-09-16 18:32:46,842 INFO reaped unknown pid 71
client-low-power-1  | 16-Sep-2026 18:34:27 [---] Data directory: /var/lib/boinc-client
client-low-power-1  | 16-Sep-2026 18:34:27 [---] No usable GPUs found
apache-1            | 2026-09-16 18:32:46,842 INFO reaped unknown pid 73
apache-1            | 2026-09-16 18:33:09,512 INFO reaped unknown pid 72
apache-1            | 2026-09-16 18:33:09,512 INFO reaped unknown pid 74
apache-1            | 2026-09-16 18:33:09,514 INFO reaped unknown pid 70
apache-1            | 2026-09-16 18:33:17,732 INFO reaped unknown pid 159
apache-1            | 2026-09-16 18:33:17,732 INFO reaped unknown pid 161
apache-1            | 2026-09-16 18:33:17,732 INFO reaped unknown pid 163
apache-1            | 2026-09-16 18:33:17,733 INFO reaped unknown pid 165
apache-1            | 2026-09-16 18:33:17,733 INFO reaped unknown pid 167
apache-1            | 2026-09-16 18:35:01,361 INFO reaped unknown pid 304
apache-1            | 2026-09-16 18:35:01,468 INFO reaped unknown pid 306
apache-1            | 2026-09-16 18:35:01,567 INFO reaped unknown pid 308
apache-1            | 2026-09-16 18:35:01,668 INFO reaped unknown pid 310
client-low-power-1  | 16-Sep-2026 18:34:27 [---] Creating new client state file
client-low-power-1  | 16-Sep-2026 18:34:27 [---] libc:  version 2.36
client-low-power-1  | 16-Sep-2026 18:34:27 [---] Host name: low-power-01
client-low-power-1  | 16-Sep-2026 18:34:27 [---] Processor: 1 ARM  [Impl 0x61 Arch 8 Variant 0x0 Part 0x000 Rev 0]
client-cluster-1    | 16-Sep-2026 18:34:27 [---] log flags: file_xfer, sched_ops, task
client-cluster-1    | 16-Sep-2026 18:34:27 [---] Libraries: libcurl/7.88.1 OpenSSL/3.0.20 zlib/1.2.13 brotli/1.0.9 zstd/1.5.4 libidn2/2.3.3 libpsl/0.21.2 (+libidn2/2.3.3) libssh2/1.10.0 nghttp2/1.52.0 librtmp/2.3 OpenLDAP/2.5.13
client-cluster-1    | 16-Sep-2026 18:34:27 [---] Data directory: /var/lib/boinc-client
client-cluster-1    | 16-Sep-2026 18:34:27 [---] No usable GPUs found
client-cluster-1    | 16-Sep-2026 18:34:27 [---] Creating new client state file
client-cluster-1    | 16-Sep-2026 18:34:27 [---] libc:  version 2.36
client-cluster-1    | 16-Sep-2026 18:34:27 [---] Host name: cluster-01
client-cluster-1    | 16-Sep-2026 18:34:27 [---] Processor: 4 ARM  [Impl 0x61 Arch 8 Variant 0x0 Part 0x000 Rev 0]
client-cluster-1    | 16-Sep-2026 18:34:27 [---] Processor features: fp asimd evtstrm aes pmull sha1 sha2 crc32 atomics fphp asimdhp cpuid asimdrdm jscvt fcma lrcpc dcpop sha3 asimddp sha512 asimdfhm dit uscat ilrcpc flagm sb paca pacg dcpodp flagm2 frint i8mm bf16 bti afp
client-cluster-1    | 16-Sep-2026 18:34:27 [---] OS: Linux Debian GNU/Linux: Debian GNU/Linux 12 (bookworm) [6.8.0-100-generic|libc 2.36]
client-cluster-1    | 16-Sep-2026 18:34:27 [---] Memory: 9.69 GB physical, 0 bytes virtual
client-cluster-1    | 16-Sep-2026 18:34:27 [---] Disk: 18.33 GB total, 15.44 GB free
client-cluster-1    | 16-Sep-2026 18:34:27 [---] Local time is UTC +0 hours
client-cluster-1    | 16-Sep-2026 18:34:27 [---] Config: GUI RPC allowed from any host
client-cluster-1    | 16-Sep-2026 18:34:27 [---] Config: simulate 4 CPUs
client-cluster-1    | 16-Sep-2026 18:34:27 [---] Config: report completed tasks immediately
apache-1            | 2026-09-16 18:35:01,766 INFO reaped unknown pid 312
apache-1            | 2026-09-16 18:35:02,772 INFO reaped unknown pid 303
apache-1            | 2026-09-16 18:35:02,772 INFO reaped unknown pid 305
apache-1            | 2026-09-16 18:35:02,772 INFO reaped unknown pid 307
apache-1            | 2026-09-16 18:35:02,772 INFO reaped unknown pid 309
apache-1            | 2026-09-16 18:35:02,772 INFO reaped unknown pid 311
apache-1            | 2026-09-16 18:35:02,772 INFO reaped unknown pid 313
apache-1            | 2026-09-16 18:35:02,772 INFO reaped unknown pid 314
apache-1            | 2026-09-16 18:35:02,772 INFO reaped unknown pid 320
client-cluster-1    | 16-Sep-2026 18:34:27 [---] No general preferences found - using defaults
client-cluster-1    | 16-Sep-2026 18:34:27 [---] Reading preferences override file
client-cluster-1    | 16-Sep-2026 18:34:27 [---] Preferences:
apache-1            | 2026-09-16 18:35:02,772 INFO reaped unknown pid 321
apache-1            | 2026-09-16 18:35:02,772 INFO reaped unknown pid 325
apache-1            | 2026-09-16 18:35:02,772 INFO reaped unknown pid 327
client-cluster-2-1  | 16-Sep-2026 18:34:27 [---] Starting BOINC client version 7.20.5 for aarch64-unknown-linux-gnu
client-cluster-2-1  | 16-Sep-2026 18:34:27 [---] This a development version of BOINC and may not function properly
apache-1            | 2026-09-16 18:35:07,097 INFO reaped unknown pid 318
client-phone-2-1    | 16-Sep-2026 18:34:27 [---] Starting BOINC client version 7.20.5 for aarch64-unknown-linux-gnu
client-cluster-1    | 16-Sep-2026 18:34:27 [---]    max memory usage when active: 8929.14 MB
client-cluster-1    | 16-Sep-2026 18:34:27 [---]    max memory usage when idle: 8929.14 MB
client-desktop-1    | 16-Sep-2026 18:34:32 [---] Starting BOINC client version 7.20.5 for aarch64-unknown-linux-gnu
client-desktop-1    | 16-Sep-2026 18:34:32 [---] This a development version of BOINC and may not function properly
client-desktop-1    | 16-Sep-2026 18:34:32 [---] log flags: file_xfer, sched_ops, task
client-desktop-1    | 16-Sep-2026 18:34:32 [---] Libraries: libcurl/7.88.1 OpenSSL/3.0.20 zlib/1.2.13 brotli/1.0.9 zstd/1.5.4 libidn2/2.3.3 libpsl/0.21.2 (+libidn2/2.3.3) libssh2/1.10.0 nghttp2/1.52.0 librtmp/2.3 OpenLDAP/2.5.13
client-desktop-1    | 16-Sep-2026 18:34:32 [---] Data directory: /var/lib/boinc-client
client-phone-1      | 16-Sep-2026 18:34:27 [---] Starting BOINC client version 7.20.5 for aarch64-unknown-linux-gnu
client-phone-1      | 16-Sep-2026 18:34:27 [---] This a development version of BOINC and may not function properly
client-phone-1      | 16-Sep-2026 18:34:27 [---] log flags: file_xfer, sched_ops, task
client-phone-1      | 16-Sep-2026 18:34:27 [---] Libraries: libcurl/7.88.1 OpenSSL/3.0.20 zlib/1.2.13 brotli/1.0.9 zstd/1.5.4 libidn2/2.3.3 libpsl/0.21.2 (+libidn2/2.3.3) libssh2/1.10.0 nghttp2/1.52.0 librtmp/2.3 OpenLDAP/2.5.13
client-phone-1      | 16-Sep-2026 18:34:27 [---] Data directory: /var/lib/boinc-client
client-phone-1      | 16-Sep-2026 18:34:27 [---] No usable GPUs found
client-phone-1      | 16-Sep-2026 18:34:27 [---] Creating new client state file
client-cluster-1    | dir_open: Could not open directory 'slots' from '/var/lib/boinc-client'.
client-cluster-1    | 16-Sep-2026 18:34:27 [---]    max disk usage: 2.00 GB
client-cluster-1    | 16-Sep-2026 18:34:27 [---]    don't use GPU while active
client-cluster-1    | 16-Sep-2026 18:34:27 [---]    suspend work if non-BOINC CPU load exceeds 25%
client-cluster-1    | 16-Sep-2026 18:34:27 [---]    (to change preferences, visit a project web site or select Preferences in the Manager)
client-cluster-2-1  | 16-Sep-2026 18:34:27 [---] log flags: file_xfer, sched_ops, task
client-cluster-2-1  | 16-Sep-2026 18:34:27 [---] Libraries: libcurl/7.88.1 OpenSSL/3.0.20 zlib/1.2.13 brotli/1.0.9 zstd/1.5.4 libidn2/2.3.3 libpsl/0.21.2 (+libidn2/2.3.3) libssh2/1.10.0 nghttp2/1.52.0 librtmp/2.3 OpenLDAP/2.5.13
client-cluster-2-1  | 16-Sep-2026 18:34:27 [---] Data directory: /var/lib/boinc-client
apache-1            | 2026-09-16 18:35:07,405 INFO reaped unknown pid 323
apache-1            | 2026-09-16 18:35:07,700 INFO reaped unknown pid 329
client-phone-1      | 16-Sep-2026 18:34:27 [---] libc:  version 2.36
client-phone-1      | 16-Sep-2026 18:34:27 [---] Host name: phone-01
client-phone-1      | 16-Sep-2026 18:34:27 [---] Processor: 1 ARM  [Impl 0x61 Arch 8 Variant 0x0 Part 0x000 Rev 0]
client-phone-1      | 16-Sep-2026 18:34:27 [---] Processor features: fp asimd evtstrm aes pmull sha1 sha2 crc32 atomics fphp asimdhp cpuid asimdrdm jscvt fcma lrcpc dcpop sha3 asimddp sha512 asimdfhm dit uscat ilrcpc flagm sb paca pacg dcpodp flagm2 frint i8mm bf16 bti afp
client-cluster-2-1  | 16-Sep-2026 18:34:27 [---] No usable GPUs found
client-cluster-2-1  | 16-Sep-2026 18:34:27 [---] Creating new client state file
client-cluster-2-1  | 16-Sep-2026 18:34:27 [---] libc:  version 2.36
client-cluster-2-1  | 16-Sep-2026 18:34:27 [---] Host name: cluster-02
client-cluster-1    | 16-Sep-2026 18:34:27 [---] Setting up project and slot directories
client-cluster-1    | 16-Sep-2026 18:34:27 [---] Checking active tasks
client-cluster-1    | 16-Sep-2026 18:34:27 [---] Setting up GUI RPC socket
client-cluster-2-1  | 16-Sep-2026 18:34:27 [---] Processor: 4 ARM  [Impl 0x61 Arch 8 Variant 0x0 Part 0x000 Rev 0]
client-desktop-1    | 16-Sep-2026 18:34:32 [---] No usable GPUs found
client-desktop-1    | 16-Sep-2026 18:34:32 [---] Creating new client state file
client-phone-1      | 16-Sep-2026 18:34:27 [---] OS: Linux Debian GNU/Linux: Debian GNU/Linux 12 (bookworm) [6.8.0-100-generic|libc 2.36]
client-cluster-1    | 16-Sep-2026 18:34:27 [---] Checking presence of 0 project files
client-cluster-1    | 16-Sep-2026 18:34:27 [---] This computer is not attached to any projects
client-cluster-1    | 16-Sep-2026 18:34:27 Initialization completed
client-cluster-1    | dir_open: Could not open directory 'projects/boincserver.local_boincserver' from '/var/lib/boinc-client'.
client-cluster-1    | 16-Sep-2026 18:34:28 [---] No general preferences found - using defaults
client-low-power-1  | 16-Sep-2026 18:34:27 [---] Processor features: fp asimd evtstrm aes pmull sha1 sha2 crc32 atomics fphp asimdhp cpuid asimdrdm jscvt fcma lrcpc dcpop sha3 asimddp sha512 asimdfhm dit uscat ilrcpc flagm sb paca pacg dcpodp flagm2 frint i8mm bf16 bti afp
client-low-power-1  | 16-Sep-2026 18:34:27 [---] OS: Linux Debian GNU/Linux: Debian GNU/Linux 12 (bookworm) [6.8.0-100-generic|libc 2.36]
client-low-power-1  | 16-Sep-2026 18:34:27 [---] Memory: 9.69 GB physical, 0 bytes virtual
client-low-power-1  | 16-Sep-2026 18:34:27 [---] Disk: 18.33 GB total, 15.44 GB free
client-low-power-1  | 16-Sep-2026 18:34:27 [---] Local time is UTC +0 hours
client-desktop-1    | 16-Sep-2026 18:34:32 [---] libc:  version 2.36
client-cluster-2-1  | 16-Sep-2026 18:34:27 [---] Processor features: fp asimd evtstrm aes pmull sha1 sha2 crc32 atomics fphp asimdhp cpuid asimdrdm jscvt fcma lrcpc dcpop sha3 asimddp sha512 asimdfhm dit uscat ilrcpc flagm sb paca pacg dcpodp flagm2 frint i8mm bf16 bti afp
client-cluster-2-1  | 16-Sep-2026 18:34:27 [---] OS: Linux Debian GNU/Linux: Debian GNU/Linux 12 (bookworm) [6.8.0-100-generic|libc 2.36]
client-cluster-2-1  | 16-Sep-2026 18:34:27 [---] Memory: 9.69 GB physical, 0 bytes virtual
client-phone-1      | 16-Sep-2026 18:34:27 [---] Memory: 9.69 GB physical, 0 bytes virtual
client-phone-1      | 16-Sep-2026 18:34:27 [---] Disk: 18.33 GB total, 15.44 GB free
client-phone-1      | 16-Sep-2026 18:34:27 [---] Local time is UTC +0 hours
client-phone-1      | 16-Sep-2026 18:34:27 [---] Config: GUI RPC allowed from any host
client-cluster-2-1  | 16-Sep-2026 18:34:27 [---] Disk: 18.33 GB total, 15.44 GB free
client-cluster-2-1  | 16-Sep-2026 18:34:27 [---] Local time is UTC +0 hours
client-cluster-2-1  | 16-Sep-2026 18:34:27 [---] Config: GUI RPC allowed from any host
client-phone-2-1    | 16-Sep-2026 18:34:27 [---] This a development version of BOINC and may not function properly
client-phone-2-1    | 16-Sep-2026 18:34:27 [---] log flags: file_xfer, sched_ops, task
client-phone-2-1    | 16-Sep-2026 18:34:27 [---] Libraries: libcurl/7.88.1 OpenSSL/3.0.20 zlib/1.2.13 brotli/1.0.9 zstd/1.5.4 libidn2/2.3.3 libpsl/0.21.2 (+libidn2/2.3.3) libssh2/1.10.0 nghttp2/1.52.0 librtmp/2.3 OpenLDAP/2.5.13
client-desktop-1    | 16-Sep-2026 18:34:32 [---] Host name: desktop-01
client-desktop-1    | 16-Sep-2026 18:34:32 [---] Processor: 2 ARM  [Impl 0x61 Arch 8 Variant 0x0 Part 0x000 Rev 0]
client-low-power-1  | 16-Sep-2026 18:34:27 [---] Config: GUI RPC allowed from any host
client-low-power-1  | 16-Sep-2026 18:34:27 [---] Config: simulate 1 CPUs
client-low-power-1  | 16-Sep-2026 18:34:27 [---] Config: report completed tasks immediately
client-low-power-1  | 16-Sep-2026 18:34:27 [---] No general preferences found - using defaults
client-low-power-1  | 16-Sep-2026 18:34:27 [---] Reading preferences override file
client-low-power-1  | 16-Sep-2026 18:34:27 [---] Preferences:
client-phone-1      | 16-Sep-2026 18:34:27 [---] Config: simulate 1 CPUs
client-phone-1      | 16-Sep-2026 18:34:27 [---] Config: report completed tasks immediately
client-phone-1      | 16-Sep-2026 18:34:27 [---] No general preferences found - using defaults
client-phone-1      | 16-Sep-2026 18:34:27 [---] Reading preferences override file
client-phone-1      | 16-Sep-2026 18:34:27 [---] Preferences:
client-low-power-1  | 16-Sep-2026 18:34:27 [---]    max memory usage when active: 8929.14 MB
client-low-power-1  | 16-Sep-2026 18:34:27 [---]    max memory usage when idle: 8929.14 MB
client-low-power-1  | 16-Sep-2026 18:34:27 [---]    max disk usage: 2.00 GB
client-low-power-1  | 16-Sep-2026 18:34:27 [---]    don't use GPU while active
client-low-power-1  | 16-Sep-2026 18:34:27 [---]    suspend work if non-BOINC CPU load exceeds 25%
client-low-power-1  | 16-Sep-2026 18:34:27 [---]    (to change preferences, visit a project web site or select Preferences in the Manager)
client-low-power-1  | 16-Sep-2026 18:34:27 [---] Setting up project and slot directories
client-cluster-2-1  | 16-Sep-2026 18:34:27 [---] Config: simulate 4 CPUs
client-cluster-2-1  | 16-Sep-2026 18:34:27 [---] Config: report completed tasks immediately
client-cluster-2-1  | 16-Sep-2026 18:34:27 [---] No general preferences found - using defaults
client-low-power-1  | dir_open: Could not open directory 'slots' from '/var/lib/boinc-client'.
client-cluster-1    | 16-Sep-2026 18:34:28 [---] Reading preferences override file
client-cluster-1    | 16-Sep-2026 18:34:28 [---] Preferences:
client-phone-1      | 16-Sep-2026 18:34:27 [---]    max memory usage when active: 8929.14 MB
client-phone-1      | 16-Sep-2026 18:34:27 [---]    max memory usage when idle: 8929.14 MB
client-desktop-1    | 16-Sep-2026 18:34:32 [---] Processor features: fp asimd evtstrm aes pmull sha1 sha2 crc32 atomics fphp asimdhp cpuid asimdrdm jscvt fcma lrcpc dcpop sha3 asimddp sha512 asimdfhm dit uscat ilrcpc flagm sb paca pacg dcpodp flagm2 frint i8mm bf16 bti afp
client-desktop-1    | 16-Sep-2026 18:34:32 [---] OS: Linux Debian GNU/Linux: Debian GNU/Linux 12 (bookworm) [6.8.0-100-generic|libc 2.36]
client-desktop-1    | 16-Sep-2026 18:34:32 [---] Memory: 9.69 GB physical, 0 bytes virtual
client-phone-2-1    | 16-Sep-2026 18:34:27 [---] Data directory: /var/lib/boinc-client
client-phone-2-1    | 16-Sep-2026 18:34:27 [---] No usable GPUs found
client-phone-1      | 16-Sep-2026 18:34:27 [---]    max disk usage: 2.00 GB
client-phone-1      | 16-Sep-2026 18:34:27 [---]    don't use GPU while active
client-phone-1      | 16-Sep-2026 18:34:27 [---]    suspend work if non-BOINC CPU load exceeds 25%
client-desktop-1    | 16-Sep-2026 18:34:32 [---] Disk: 18.33 GB total, 15.44 GB free
client-phone-1      | 16-Sep-2026 18:34:27 [---]    (to change preferences, visit a project web site or select Preferences in the Manager)
client-phone-1      | 16-Sep-2026 18:34:27 [---] Setting up project and slot directories
client-low-power-1  | 16-Sep-2026 18:34:27 [---] Checking active tasks
client-low-power-1  | 16-Sep-2026 18:34:27 [---] Setting up GUI RPC socket
client-low-power-1  | 16-Sep-2026 18:34:27 [---] Checking presence of 0 project files
client-low-power-1  | 16-Sep-2026 18:34:27 [---] This computer is not attached to any projects
client-low-power-1  | 16-Sep-2026 18:34:27 Initialization completed
client-low-power-1  | dir_open: Could not open directory 'projects/boincserver.local_boincserver' from '/var/lib/boinc-client'.
client-phone-1      | 16-Sep-2026 18:34:27 [---] Checking active tasks
client-phone-1      | dir_open: Could not open directory 'slots' from '/var/lib/boinc-client'.
client-phone-1      | 16-Sep-2026 18:34:27 [---] Setting up GUI RPC socket
client-phone-1      | 16-Sep-2026 18:34:27 [---] Checking presence of 0 project files
client-phone-1      | 16-Sep-2026 18:34:27 [---] This computer is not attached to any projects
client-phone-1      | 16-Sep-2026 18:34:27 Initialization completed
client-phone-1      | dir_open: Could not open directory 'projects/boincserver.local_boincserver' from '/var/lib/boinc-client'.
client-phone-1      | 16-Sep-2026 18:34:28 [---] No general preferences found - using defaults
client-cluster-1    | 16-Sep-2026 18:34:28 [---]    max memory usage when active: 8929.14 MB
client-cluster-1    | 16-Sep-2026 18:34:28 [---]    max memory usage when idle: 8929.14 MB
client-phone-1      | 16-Sep-2026 18:34:28 [---] Reading preferences override file
client-phone-1      | 16-Sep-2026 18:34:28 [---] Preferences:
client-phone-1      | 16-Sep-2026 18:34:28 [---]    max memory usage when active: 8929.14 MB
client-phone-1      | 16-Sep-2026 18:34:28 [---]    max memory usage when idle: 8929.14 MB
client-phone-1      | 16-Sep-2026 18:34:28 [---]    max disk usage: 2.00 GB
client-phone-2-1    | 16-Sep-2026 18:34:27 [---] Creating new client state file
client-phone-2-1    | 16-Sep-2026 18:34:27 [---] libc:  version 2.36
client-phone-2-1    | 16-Sep-2026 18:34:27 [---] Host name: phone-02
client-desktop-1    | 16-Sep-2026 18:34:32 [---] Local time is UTC +0 hours
client-desktop-1    | 16-Sep-2026 18:34:32 [---] Config: GUI RPC allowed from any host
client-desktop-1    | 16-Sep-2026 18:34:32 [---] Config: simulate 2 CPUs
client-desktop-1    | 16-Sep-2026 18:34:32 [---] Config: report completed tasks immediately
client-desktop-1    | 16-Sep-2026 18:34:32 [---] No general preferences found - using defaults
client-desktop-1    | 16-Sep-2026 18:34:32 [---] Reading preferences override file
client-desktop-1    | 16-Sep-2026 18:34:32 [---] Preferences:
client-phone-1      | 16-Sep-2026 18:34:28 [---]    don't use GPU while active
client-phone-1      | 16-Sep-2026 18:34:28 [---]    suspend work if non-BOINC CPU load exceeds 25%
client-phone-1      | 16-Sep-2026 18:34:28 [---]    (to change preferences, visit a project web site or select Preferences in the Manager)
client-phone-1      | 16-Sep-2026 18:34:32 [http://boincserver.local/boincserver/] Fetching scheduler list
client-phone-1      | 16-Sep-2026 18:34:34 [http://boincserver.local/boincserver/] Master file download succeeded
client-phone-1      | 16-Sep-2026 18:34:39 [http://boincserver.local/boincserver/] Sending scheduler request: Project initialization.
client-phone-1      | 16-Sep-2026 18:34:39 [http://boincserver.local/boincserver/] Requesting new tasks for CPU
client-phone-1      | 16-Sep-2026 18:34:41 [boincserver] Scheduler request completed: got 1 new tasks
client-phone-1      | 16-Sep-2026 18:34:41 [boincserver] Project requested delay of 7 seconds
client-phone-1      | 16-Sep-2026 18:34:43 [boincserver] Started download of hybrid_synthetic_1.0_aarch64-unknown-linux-gnu
client-phone-1      | 16-Sep-2026 18:34:43 [boincserver] Started download of hybrid_synthetic_input.txt
client-phone-1      | 16-Sep-2026 18:34:45 [boincserver] Finished download of hybrid_synthetic_1.0_aarch64-unknown-linux-gnu
client-phone-1      | 16-Sep-2026 18:34:45 [boincserver] Finished download of hybrid_synthetic_input.txt
client-phone-1      | 16-Sep-2026 18:34:45 [boincserver] Elapsed time limit 50.000000 < 120.000000; setting to 43200.000000
client-phone-1      | 16-Sep-2026 18:34:45 [boincserver] Starting task exp_20260916T180210Z_round_robin_short_2_0
client-low-power-1  | 16-Sep-2026 18:34:28 [---] No general preferences found - using defaults
client-low-power-1  | 16-Sep-2026 18:34:28 [---] Reading preferences override file
client-phone-1      | 16-Sep-2026 18:34:51 [boincserver] Sending scheduler request: To fetch work.
client-phone-1      | 16-Sep-2026 18:34:51 [boincserver] Requesting new tasks for CPU
client-phone-1      | 16-Sep-2026 18:34:53 [boincserver] Computation for task exp_20260916T180210Z_round_robin_short_2_0 finished
client-phone-1      | 16-Sep-2026 18:34:55 [boincserver] Started upload of exp_20260916T180210Z_round_robin_short_2_0_r600637350_0
client-phone-1      | 16-Sep-2026 18:34:57 [boincserver] Finished upload of exp_20260916T180210Z_round_robin_short_2_0_r600637350_0
client-phone-1      | 16-Sep-2026 18:34:58 [boincserver] Scheduler request completed: got 1 new tasks
client-phone-1      | 16-Sep-2026 18:34:58 [boincserver] Project requested delay of 7 seconds
client-phone-1      | 16-Sep-2026 18:35:00 [boincserver] Elapsed time limit 50.000000 < 120.000000; setting to 43200.000000
client-desktop-1    | 16-Sep-2026 18:34:32 [---]    max memory usage when active: 8929.14 MB
client-desktop-1    | 16-Sep-2026 18:34:32 [---]    max memory usage when idle: 8929.14 MB
client-desktop-1    | 16-Sep-2026 18:34:32 [---]    max disk usage: 2.00 GB
client-cluster-2-1  | 16-Sep-2026 18:34:27 [---] Reading preferences override file
client-cluster-2-1  | 16-Sep-2026 18:34:27 [---] Preferences:
client-cluster-2-1  | 16-Sep-2026 18:34:27 [---]    max memory usage when active: 8929.14 MB
client-cluster-2-1  | dir_open: Could not open directory 'slots' from '/var/lib/boinc-client'.
client-cluster-2-1  | 16-Sep-2026 18:34:27 [---]    max memory usage when idle: 8929.14 MB
client-cluster-2-1  | 16-Sep-2026 18:34:27 [---]    max disk usage: 2.00 GB
client-cluster-1    | 16-Sep-2026 18:34:28 [---]    max disk usage: 2.00 GB
client-cluster-1    | 16-Sep-2026 18:34:28 [---]    don't use GPU while active
client-cluster-1    | 16-Sep-2026 18:34:28 [---]    suspend work if non-BOINC CPU load exceeds 25%
client-cluster-1    | 16-Sep-2026 18:34:28 [---]    (to change preferences, visit a project web site or select Preferences in the Manager)
client-phone-2-1    | 16-Sep-2026 18:34:27 [---] Processor: 1 ARM  [Impl 0x61 Arch 8 Variant 0x0 Part 0x000 Rev 0]
client-phone-2-1    | 16-Sep-2026 18:34:27 [---] Processor features: fp asimd evtstrm aes pmull sha1 sha2 crc32 atomics fphp asimdhp cpuid asimdrdm jscvt fcma lrcpc dcpop sha3 asimddp sha512 asimdfhm dit uscat ilrcpc flagm sb paca pacg dcpodp flagm2 frint i8mm bf16 bti afp
client-phone-2-1    | 16-Sep-2026 18:34:27 [---] OS: Linux Debian GNU/Linux: Debian GNU/Linux 12 (bookworm) [6.8.0-100-generic|libc 2.36]
client-low-power-1  | 16-Sep-2026 18:34:28 [---] Preferences:
client-low-power-1  | 16-Sep-2026 18:34:28 [---]    max memory usage when active: 8929.14 MB
client-low-power-1  | 16-Sep-2026 18:34:28 [---]    max memory usage when idle: 8929.14 MB
client-phone-1      | 16-Sep-2026 18:35:00 [boincserver] Starting task exp_20260916T180210Z_round_robin_short_14_0
client-phone-1      | 16-Sep-2026 18:35:08 [boincserver] Sending scheduler request: To report completed tasks.
client-phone-1      | 16-Sep-2026 18:35:08 [boincserver] Reporting 1 completed tasks
client-phone-1      | 16-Sep-2026 18:35:08 [boincserver] Requesting new tasks for CPU
client-cluster-1    | 16-Sep-2026 18:34:32 [http://boincserver.local/boincserver/] Fetching scheduler list
client-cluster-1    | 16-Sep-2026 18:34:34 [http://boincserver.local/boincserver/] Master file download succeeded
client-cluster-1    | 16-Sep-2026 18:34:39 [http://boincserver.local/boincserver/] Sending scheduler request: Project initialization.
client-cluster-1    | 16-Sep-2026 18:34:39 [http://boincserver.local/boincserver/] Requesting new tasks for CPU
client-cluster-1    | 16-Sep-2026 18:34:46 [boincserver] Scheduler request completed: got 1 new tasks
client-phone-1      | 16-Sep-2026 18:35:09 [boincserver] Computation for task exp_20260916T180210Z_round_robin_short_14_0 finished
client-phone-1      | 16-Sep-2026 18:35:10 [boincserver] Scheduler request completed: got 1 new tasks
client-phone-1      | 16-Sep-2026 18:35:10 [boincserver] Project requested delay of 7 seconds
client-phone-1      | 16-Sep-2026 18:35:11 [boincserver] Started upload of exp_20260916T180210Z_round_robin_short_14_0_r418308553_0
client-phone-1      | 16-Sep-2026 18:35:12 [boincserver] Starting task exp_20260916T180210Z_round_robin_medium_8_0
client-low-power-1  | 16-Sep-2026 18:34:28 [---]    max disk usage: 2.00 GB
client-low-power-1  | 16-Sep-2026 18:34:28 [---]    don't use GPU while active
client-low-power-1  | 16-Sep-2026 18:34:28 [---]    suspend work if non-BOINC CPU load exceeds 25%
client-low-power-1  | 16-Sep-2026 18:34:28 [---]    (to change preferences, visit a project web site or select Preferences in the Manager)
client-low-power-1  | 16-Sep-2026 18:34:32 [http://boincserver.local/boincserver/] Fetching scheduler list
client-phone-1      | 16-Sep-2026 18:35:13 [boincserver] Finished upload of exp_20260916T180210Z_round_robin_short_14_0_r418308553_0
client-phone-1      | 16-Sep-2026 18:35:20 [boincserver] Sending scheduler request: To report completed tasks.
client-phone-1      | 16-Sep-2026 18:35:20 [boincserver] Reporting 1 completed tasks
client-phone-1      | 16-Sep-2026 18:35:20 [boincserver] Requesting new tasks for CPU
client-phone-1      | 16-Sep-2026 18:35:22 [boincserver] Scheduler request completed: got 1 new tasks
client-phone-2-1    | 16-Sep-2026 18:34:27 [---] Memory: 9.69 GB physical, 0 bytes virtual
client-phone-2-1    | 16-Sep-2026 18:34:27 [---] Disk: 18.33 GB total, 15.44 GB free
client-phone-2-1    | 16-Sep-2026 18:34:27 [---] Local time is UTC +0 hours
client-phone-2-1    | 16-Sep-2026 18:34:27 [---] Config: GUI RPC allowed from any host
client-phone-2-1    | 16-Sep-2026 18:34:27 [---] Config: simulate 1 CPUs
client-phone-2-1    | 16-Sep-2026 18:34:27 [---] Config: report completed tasks immediately
client-phone-2-1    | 16-Sep-2026 18:34:27 [---] No general preferences found - using defaults
client-phone-2-1    | 16-Sep-2026 18:34:27 [---] Reading preferences override file
client-desktop-1    | 16-Sep-2026 18:34:32 [---]    don't use GPU while active
client-desktop-1    | 16-Sep-2026 18:34:32 [---]    suspend work if non-BOINC CPU load exceeds 25%
client-desktop-1    | 16-Sep-2026 18:34:32 [---]    (to change preferences, visit a project web site or select Preferences in the Manager)
client-desktop-1    | 16-Sep-2026 18:34:32 [---] Setting up project and slot directories
client-desktop-1    | 16-Sep-2026 18:34:32 [---] Checking active tasks
client-desktop-1    | 16-Sep-2026 18:34:32 [---] Setting up GUI RPC socket
client-low-power-1  | 16-Sep-2026 18:34:34 [http://boincserver.local/boincserver/] Master file download succeeded
client-low-power-1  | 16-Sep-2026 18:34:39 [http://boincserver.local/boincserver/] Sending scheduler request: Project initialization.
client-low-power-1  | 16-Sep-2026 18:34:39 [http://boincserver.local/boincserver/] Requesting new tasks for CPU
client-low-power-1  | 16-Sep-2026 18:34:41 [boincserver] Scheduler request completed: got 1 new tasks
client-low-power-1  | 16-Sep-2026 18:34:41 [boincserver] Project requested delay of 7 seconds
client-low-power-1  | 16-Sep-2026 18:34:43 [boincserver] Started download of hybrid_synthetic_1.0_aarch64-unknown-linux-gnu
client-low-power-1  | 16-Sep-2026 18:34:43 [boincserver] Started download of hybrid_synthetic_input.txt
client-low-power-1  | 16-Sep-2026 18:34:45 [boincserver] Finished download of hybrid_synthetic_1.0_aarch64-unknown-linux-gnu
client-low-power-1  | 16-Sep-2026 18:34:45 [boincserver] Finished download of hybrid_synthetic_input.txt
client-low-power-1  | 16-Sep-2026 18:34:45 [boincserver] Elapsed time limit 50.000000 < 120.000000; setting to 43200.000000
client-low-power-1  | 16-Sep-2026 18:34:45 [boincserver] Starting task exp_20260916T180210Z_round_robin_short_10_0
client-low-power-1  | 16-Sep-2026 18:34:51 [boincserver] Sending scheduler request: To fetch work.
client-low-power-1  | 16-Sep-2026 18:34:51 [boincserver] Requesting new tasks for CPU
client-low-power-1  | 16-Sep-2026 18:34:53 [boincserver] Computation for task exp_20260916T180210Z_round_robin_short_10_0 finished
client-low-power-1  | 16-Sep-2026 18:34:55 [boincserver] Started upload of exp_20260916T180210Z_round_robin_short_10_0_r1679534442_0
client-cluster-2-1  | 16-Sep-2026 18:34:27 [---]    don't use GPU while active
client-cluster-2-1  | 16-Sep-2026 18:34:27 [---]    suspend work if non-BOINC CPU load exceeds 25%
client-cluster-2-1  | 16-Sep-2026 18:34:27 [---]    (to change preferences, visit a project web site or select Preferences in the Manager)
client-desktop-1    | dir_open: Could not open directory 'slots' from '/var/lib/boinc-client'.
client-desktop-1    | 16-Sep-2026 18:34:32 [---] Checking presence of 0 project files
client-desktop-1    | 16-Sep-2026 18:34:32 [---] This computer is not attached to any projects
client-desktop-1    | 16-Sep-2026 18:34:32 Initialization completed
client-desktop-1    | dir_open: Could not open directory 'projects/boincserver.local_boincserver' from '/var/lib/boinc-client'.
client-desktop-1    | 16-Sep-2026 18:34:33 [---] No general preferences found - using defaults
client-desktop-1    | 16-Sep-2026 18:34:33 [---] Reading preferences override file
client-desktop-1    | 16-Sep-2026 18:34:33 [---] Preferences:
client-low-power-1  | 16-Sep-2026 18:34:57 [boincserver] Finished upload of exp_20260916T180210Z_round_robin_short_10_0_r1679534442_0
client-low-power-1  | 16-Sep-2026 18:34:58 [boincserver] Scheduler request completed: got 1 new tasks
client-low-power-1  | 16-Sep-2026 18:34:58 [boincserver] Project requested delay of 7 seconds
client-low-power-1  | 16-Sep-2026 18:35:00 [boincserver] Elapsed time limit 50.000000 < 120.000000; setting to 43200.000000
client-low-power-1  | 16-Sep-2026 18:35:00 [boincserver] Starting task exp_20260916T180210Z_round_robin_short_4_0
client-phone-2-1    | 16-Sep-2026 18:34:27 [---] Preferences:
client-phone-2-1    | 16-Sep-2026 18:34:27 [---]    max memory usage when active: 8929.14 MB
client-phone-2-1    | 16-Sep-2026 18:34:27 [---]    max memory usage when idle: 8929.14 MB
client-phone-2-1    | 16-Sep-2026 18:34:27 [---]    max disk usage: 2.00 GB
client-phone-2-1    | 16-Sep-2026 18:34:27 [---]    don't use GPU while active
client-phone-2-1    | 16-Sep-2026 18:34:27 [---]    suspend work if non-BOINC CPU load exceeds 25%
client-phone-2-1    | 16-Sep-2026 18:34:27 [---]    (to change preferences, visit a project web site or select Preferences in the Manager)
client-phone-2-1    | 16-Sep-2026 18:34:27 [---] Setting up project and slot directories
client-phone-2-1    | 16-Sep-2026 18:34:27 [---] Checking active tasks
client-phone-2-1    | 16-Sep-2026 18:34:27 [---] Setting up GUI RPC socket
client-phone-2-1    | dir_open: Could not open directory 'slots' from '/var/lib/boinc-client'.
client-phone-2-1    | 16-Sep-2026 18:34:27 [---] Checking presence of 0 project files
client-phone-2-1    | 16-Sep-2026 18:34:27 [---] This computer is not attached to any projects
client-phone-2-1    | 16-Sep-2026 18:34:27 Initialization completed
client-phone-2-1    | dir_open: Could not open directory 'projects/boincserver.local_boincserver' from '/var/lib/boinc-client'.
client-phone-2-1    | 16-Sep-2026 18:34:28 [---] No general preferences found - using defaults
client-phone-2-1    | 16-Sep-2026 18:34:28 [---] Reading preferences override file
client-phone-2-1    | 16-Sep-2026 18:34:28 [---] Preferences:
client-phone-2-1    | 16-Sep-2026 18:34:28 [---]    max memory usage when active: 8929.14 MB
client-phone-2-1    | 16-Sep-2026 18:34:28 [---]    max memory usage when idle: 8929.14 MB
client-phone-2-1    | 16-Sep-2026 18:34:28 [---]    max disk usage: 2.00 GB
client-phone-2-1    | 16-Sep-2026 18:34:28 [---]    don't use GPU while active
client-phone-2-1    | 16-Sep-2026 18:34:28 [---]    suspend work if non-BOINC CPU load exceeds 25%
client-phone-2-1    | 16-Sep-2026 18:34:28 [---]    (to change preferences, visit a project web site or select Preferences in the Manager)
client-phone-2-1    | 16-Sep-2026 18:34:32 [http://boincserver.local/boincserver/] Fetching scheduler list
client-phone-2-1    | 16-Sep-2026 18:34:34 [http://boincserver.local/boincserver/] Master file download succeeded
client-phone-2-1    | 16-Sep-2026 18:34:39 [http://boincserver.local/boincserver/] Sending scheduler request: Project initialization.
client-phone-2-1    | 16-Sep-2026 18:34:39 [http://boincserver.local/boincserver/] Requesting new tasks for CPU
client-phone-2-1    | 16-Sep-2026 18:34:41 [boincserver] Scheduler request completed: got 1 new tasks
client-phone-2-1    | 16-Sep-2026 18:34:41 [boincserver] Project requested delay of 7 seconds
client-phone-2-1    | 16-Sep-2026 18:34:43 [boincserver] Started download of hybrid_synthetic_1.0_aarch64-unknown-linux-gnu
client-phone-2-1    | 16-Sep-2026 18:34:43 [boincserver] Started download of hybrid_synthetic_input.txt
client-phone-2-1    | 16-Sep-2026 18:34:45 [boincserver] Finished download of hybrid_synthetic_1.0_aarch64-unknown-linux-gnu
client-phone-2-1    | 16-Sep-2026 18:34:45 [boincserver] Finished download of hybrid_synthetic_input.txt
client-phone-2-1    | 16-Sep-2026 18:34:45 [boincserver] Elapsed time limit 50.000000 < 120.000000; setting to 43200.000000
client-phone-2-1    | 16-Sep-2026 18:34:45 [boincserver] Starting task exp_20260916T180210Z_round_robin_short_9_0
client-phone-2-1    | 16-Sep-2026 18:34:51 [boincserver] Sending scheduler request: To fetch work.
client-phone-2-1    | 16-Sep-2026 18:34:51 [boincserver] Requesting new tasks for CPU
client-phone-2-1    | 16-Sep-2026 18:34:53 [boincserver] Computation for task exp_20260916T180210Z_round_robin_short_9_0 finished
client-phone-2-1    | 16-Sep-2026 18:34:55 [boincserver] Started upload of exp_20260916T180210Z_round_robin_short_9_0_r1837936014_0
client-phone-2-1    | 16-Sep-2026 18:34:57 [boincserver] Finished upload of exp_20260916T180210Z_round_robin_short_9_0_r1837936014_0
client-phone-2-1    | 16-Sep-2026 18:34:58 [boincserver] Scheduler request completed: got 1 new tasks
client-phone-2-1    | 16-Sep-2026 18:34:58 [boincserver] Project requested delay of 7 seconds
client-phone-2-1    | 16-Sep-2026 18:35:00 [boincserver] Elapsed time limit 50.000000 < 120.000000; setting to 43200.000000
client-phone-2-1    | 16-Sep-2026 18:35:00 [boincserver] Starting task exp_20260916T180210Z_round_robin_short_15_0
client-phone-2-1    | 16-Sep-2026 18:35:08 [boincserver] Sending scheduler request: To report completed tasks.
client-phone-2-1    | 16-Sep-2026 18:35:08 [boincserver] Reporting 1 completed tasks
client-phone-2-1    | 16-Sep-2026 18:35:08 [boincserver] Requesting new tasks for CPU
client-phone-2-1    | 16-Sep-2026 18:35:10 [boincserver] Computation for task exp_20260916T180210Z_round_robin_short_15_0 finished
client-phone-2-1    | 16-Sep-2026 18:35:10 [boincserver] Scheduler request completed: got 1 new tasks
client-phone-2-1    | 16-Sep-2026 18:35:10 [boincserver] Project requested delay of 7 seconds
client-phone-2-1    | 16-Sep-2026 18:35:12 [boincserver] Started upload of exp_20260916T180210Z_round_robin_short_15_0_r1556829606_0
client-phone-2-1    | 16-Sep-2026 18:35:12 [boincserver] Starting task exp_20260916T180210Z_round_robin_medium_3_0
client-phone-2-1    | 16-Sep-2026 18:35:14 [boincserver] Finished upload of exp_20260916T180210Z_round_robin_short_15_0_r1556829606_0
client-phone-2-1    | 16-Sep-2026 18:35:20 [boincserver] Sending scheduler request: To report completed tasks.
client-phone-2-1    | 16-Sep-2026 18:35:20 [boincserver] Reporting 1 completed tasks
client-phone-2-1    | 16-Sep-2026 18:35:20 [boincserver] Requesting new tasks for CPU
client-phone-2-1    | 16-Sep-2026 18:35:22 [boincserver] Scheduler request completed: got 1 new tasks
client-phone-2-1    | 16-Sep-2026 18:35:22 [boincserver] Project requested delay of 7 seconds
client-phone-2-1    | 16-Sep-2026 18:35:32 [boincserver] Sending scheduler request: To fetch work.
client-phone-2-1    | 16-Sep-2026 18:35:32 [boincserver] Requesting new tasks for CPU
client-phone-2-1    | 16-Sep-2026 18:35:38 [boincserver] Scheduler request completed: got 0 new tasks
client-phone-2-1    | 16-Sep-2026 18:35:38 [boincserver] Project has no tasks available
client-phone-2-1    | 16-Sep-2026 18:35:38 [boincserver] Project requested delay of 7 seconds
client-phone-2-1    | 16-Sep-2026 18:35:45 [boincserver] Computation for task exp_20260916T180210Z_round_robin_medium_3_0 finished
client-phone-2-1    | 16-Sep-2026 18:35:45 [boincserver] Starting task exp_20260916T180210Z_round_robin_long_3_0
client-phone-2-1    | 16-Sep-2026 18:35:47 [boincserver] Started upload of exp_20260916T180210Z_round_robin_medium_3_0_r277441585_0
client-phone-2-1    | 16-Sep-2026 18:35:49 [boincserver] Finished upload of exp_20260916T180210Z_round_robin_medium_3_0_r277441585_0
client-phone-2-1    | 16-Sep-2026 18:35:53 [boincserver] Sending scheduler request: To report completed tasks.
client-phone-2-1    | 16-Sep-2026 18:35:53 [boincserver] Reporting 1 completed tasks
client-phone-2-1    | 16-Sep-2026 18:35:53 [boincserver] Requesting new tasks for CPU
client-phone-2-1    | 16-Sep-2026 18:36:00 [boincserver] Scheduler request completed: got 0 new tasks
client-phone-2-1    | 16-Sep-2026 18:36:00 [boincserver] Project has no tasks available
client-phone-2-1    | 16-Sep-2026 18:36:00 [boincserver] Project requested delay of 7 seconds
client-phone-2-1    | 16-Sep-2026 18:36:18 [boincserver] Sending scheduler request: To fetch work.
client-phone-2-1    | 16-Sep-2026 18:36:18 [boincserver] Requesting new tasks for CPU
client-phone-2-1    | 16-Sep-2026 18:36:20 [boincserver] Scheduler request completed: got 0 new tasks
client-phone-2-1    | 16-Sep-2026 18:36:20 [boincserver] Project has no tasks available
client-phone-2-1    | 16-Sep-2026 18:36:20 [boincserver] Project requested delay of 7 seconds
client-phone-2-1    | 16-Sep-2026 18:37:49 [boincserver] Computation for task exp_20260916T180210Z_round_robin_long_3_0 finished
client-phone-2-1    | 16-Sep-2026 18:38:01 [boincserver] Started upload of exp_20260916T180210Z_round_robin_long_3_0_r1610346747_0
client-phone-2-1    | 16-Sep-2026 18:38:03 [boincserver] Finished upload of exp_20260916T180210Z_round_robin_long_3_0_r1610346747_0
client-phone-2-1    | 16-Sep-2026 18:38:05 [boincserver] Sending scheduler request: To report completed tasks.
client-phone-2-1    | 16-Sep-2026 18:38:05 [boincserver] Reporting 1 completed tasks
client-phone-2-1    | 16-Sep-2026 18:38:05 [boincserver] Requesting new tasks for CPU
client-phone-2-1    | 16-Sep-2026 18:38:07 [boincserver] Scheduler request completed: got 0 new tasks
client-phone-2-1    | 16-Sep-2026 18:38:07 [boincserver] Project has no tasks available
client-phone-2-1    | 16-Sep-2026 18:38:07 [boincserver] Project requested delay of 7 seconds
client-phone-2-1    | 16-Sep-2026 18:38:17 [boincserver] Sending scheduler request: To fetch work.
client-phone-2-1    | 16-Sep-2026 18:38:17 [boincserver] Requesting new tasks for CPU
client-phone-2-1    | 16-Sep-2026 18:38:19 [boincserver] Scheduler request completed: got 0 new tasks
client-phone-2-1    | 16-Sep-2026 18:38:19 [boincserver] Project has no tasks available
client-phone-2-1    | 16-Sep-2026 18:38:19 [boincserver] Project requested delay of 7 seconds
client-phone-1      | 16-Sep-2026 18:35:22 [boincserver] Project requested delay of 7 seconds
client-phone-1      | 16-Sep-2026 18:35:32 [boincserver] Sending scheduler request: To fetch work.
client-phone-1      | 16-Sep-2026 18:35:32 [boincserver] Requesting new tasks for CPU
client-phone-1      | 16-Sep-2026 18:35:39 [boincserver] Scheduler request completed: got 0 new tasks
client-phone-1      | 16-Sep-2026 18:35:39 [boincserver] Project has no tasks available
client-phone-1      | 16-Sep-2026 18:35:39 [boincserver] Project requested delay of 7 seconds
client-phone-1      | 16-Sep-2026 18:35:45 [boincserver] Computation for task exp_20260916T180210Z_round_robin_medium_8_0 finished
client-phone-1      | 16-Sep-2026 18:35:45 [boincserver] Elapsed time limit 50.000000 < 120.000000; setting to 43200.000000
client-phone-1      | 16-Sep-2026 18:35:45 [boincserver] Starting task exp_20260916T180210Z_round_robin_short_16_0
client-phone-1      | 16-Sep-2026 18:35:47 [boincserver] Started upload of exp_20260916T180210Z_round_robin_medium_8_0_r324409646_0
client-phone-1      | 16-Sep-2026 18:35:49 [boincserver] Finished upload of exp_20260916T180210Z_round_robin_medium_8_0_r324409646_0
client-phone-1      | 16-Sep-2026 18:35:49 [boincserver] Sending scheduler request: To report completed tasks.
client-phone-1      | 16-Sep-2026 18:35:49 [boincserver] Reporting 1 completed tasks
client-phone-1      | 16-Sep-2026 18:35:49 [boincserver] Requesting new tasks for CPU
client-phone-1      | 16-Sep-2026 18:35:51 [boincserver] Scheduler request completed: got 0 new tasks
client-phone-1      | 16-Sep-2026 18:35:51 [boincserver] Project has no tasks available
client-phone-1      | 16-Sep-2026 18:35:51 [boincserver] Project requested delay of 7 seconds
client-phone-1      | 16-Sep-2026 18:35:54 [boincserver] Computation for task exp_20260916T180210Z_round_robin_short_16_0 finished
client-phone-1      | 16-Sep-2026 18:35:56 [boincserver] Started upload of exp_20260916T180210Z_round_robin_short_16_0_r487229283_0
client-phone-1      | 16-Sep-2026 18:36:08 [boincserver] Finished upload of exp_20260916T180210Z_round_robin_short_16_0_r487229283_0
client-phone-1      | 16-Sep-2026 18:36:08 [boincserver] Sending scheduler request: To report completed tasks.
client-phone-1      | 16-Sep-2026 18:36:08 [boincserver] Reporting 1 completed tasks
client-phone-1      | 16-Sep-2026 18:36:08 [boincserver] Requesting new tasks for CPU
client-phone-1      | 16-Sep-2026 18:36:15 [boincserver] Scheduler request completed: got 0 new tasks
client-phone-1      | 16-Sep-2026 18:36:15 [boincserver] Project has no tasks available
client-phone-1      | 16-Sep-2026 18:36:15 [boincserver] Project requested delay of 7 seconds
client-phone-1      | 16-Sep-2026 18:36:25 [boincserver] Sending scheduler request: To fetch work.
client-phone-1      | 16-Sep-2026 18:36:25 [boincserver] Requesting new tasks for CPU
client-phone-1      | 16-Sep-2026 18:36:32 [boincserver] Scheduler request completed: got 0 new tasks
client-phone-1      | 16-Sep-2026 18:36:32 [boincserver] Project has no tasks available
client-phone-1      | 16-Sep-2026 18:36:32 [boincserver] Project requested delay of 7 seconds
client-cluster-2-1  | 16-Sep-2026 18:34:27 [---] Setting up project and slot directories
client-cluster-2-1  | 16-Sep-2026 18:34:27 [---] Checking active tasks
client-cluster-2-1  | 16-Sep-2026 18:34:27 [---] Setting up GUI RPC socket
client-cluster-2-1  | 16-Sep-2026 18:34:27 [---] Checking presence of 0 project files
client-cluster-2-1  | 16-Sep-2026 18:34:27 [---] This computer is not attached to any projects
client-cluster-2-1  | 16-Sep-2026 18:34:27 Initialization completed
client-cluster-2-1  | dir_open: Could not open directory 'projects/boincserver.local_boincserver' from '/var/lib/boinc-client'.
client-cluster-2-1  | 16-Sep-2026 18:34:28 [---] No general preferences found - using defaults
client-cluster-2-1  | 16-Sep-2026 18:34:28 [---] Reading preferences override file
client-cluster-2-1  | 16-Sep-2026 18:34:28 [---] Preferences:
client-cluster-2-1  | 16-Sep-2026 18:34:28 [---]    max memory usage when active: 8929.14 MB
client-cluster-2-1  | 16-Sep-2026 18:34:28 [---]    max memory usage when idle: 8929.14 MB
client-cluster-2-1  | 16-Sep-2026 18:34:28 [---]    max disk usage: 2.00 GB
client-cluster-2-1  | 16-Sep-2026 18:34:28 [---]    don't use GPU while active
client-cluster-2-1  | 16-Sep-2026 18:34:28 [---]    suspend work if non-BOINC CPU load exceeds 25%
client-cluster-2-1  | 16-Sep-2026 18:34:28 [---]    (to change preferences, visit a project web site or select Preferences in the Manager)
client-cluster-2-1  | 16-Sep-2026 18:34:32 [http://boincserver.local/boincserver/] Fetching scheduler list
client-cluster-2-1  | 16-Sep-2026 18:34:34 [http://boincserver.local/boincserver/] Master file download succeeded
client-cluster-2-1  | 16-Sep-2026 18:34:39 [http://boincserver.local/boincserver/] Sending scheduler request: Project initialization.
client-cluster-2-1  | 16-Sep-2026 18:34:39 [http://boincserver.local/boincserver/] Requesting new tasks for CPU
client-cluster-2-1  | 16-Sep-2026 18:34:41 [boincserver] Scheduler request completed: got 1 new tasks
client-cluster-2-1  | 16-Sep-2026 18:34:41 [boincserver] Project requested delay of 7 seconds
client-cluster-2-1  | 16-Sep-2026 18:34:43 [boincserver] Started download of hybrid_synthetic_1.0_aarch64-unknown-linux-gnu
client-cluster-2-1  | 16-Sep-2026 18:34:43 [boincserver] Started download of hybrid_synthetic_input.txt
client-cluster-2-1  | 16-Sep-2026 18:34:45 [boincserver] Finished download of hybrid_synthetic_1.0_aarch64-unknown-linux-gnu
client-cluster-2-1  | 16-Sep-2026 18:34:45 [boincserver] Finished download of hybrid_synthetic_input.txt
client-cluster-2-1  | 16-Sep-2026 18:34:45 [boincserver] Elapsed time limit 50.000000 < 120.000000; setting to 43200.000000
client-cluster-2-1  | 16-Sep-2026 18:34:45 [boincserver] Starting task exp_20260916T180210Z_round_robin_short_1_0
client-cluster-2-1  | 16-Sep-2026 18:34:51 [boincserver] Sending scheduler request: To fetch work.
client-cluster-2-1  | 16-Sep-2026 18:34:51 [boincserver] Requesting new tasks for CPU
client-cluster-2-1  | 16-Sep-2026 18:34:53 [boincserver] Computation for task exp_20260916T180210Z_round_robin_short_1_0 finished
client-cluster-2-1  | 16-Sep-2026 18:34:55 [boincserver] Started upload of exp_20260916T180210Z_round_robin_short_1_0_r1682947213_0
client-cluster-2-1  | 16-Sep-2026 18:34:57 [boincserver] Finished upload of exp_20260916T180210Z_round_robin_short_1_0_r1682947213_0
client-cluster-2-1  | 16-Sep-2026 18:34:58 [boincserver] Scheduler request completed: got 4 new tasks
client-cluster-2-1  | 16-Sep-2026 18:34:58 [boincserver] Project requested delay of 7 seconds
client-cluster-2-1  | 16-Sep-2026 18:35:00 [boincserver] Elapsed time limit 50.000000 < 120.000000; setting to 43200.000000
client-cluster-2-1  | 16-Sep-2026 18:35:00 [boincserver] Starting task exp_20260916T180210Z_round_robin_medium_7_0
client-cluster-2-1  | 16-Sep-2026 18:35:00 [boincserver] Starting task exp_20260916T180210Z_round_robin_short_13_0
client-desktop-1    | 16-Sep-2026 18:34:33 [---]    max memory usage when active: 8929.14 MB
client-desktop-1    | 16-Sep-2026 18:34:33 [---]    max memory usage when idle: 8929.14 MB
client-desktop-1    | 16-Sep-2026 18:34:33 [---]    max disk usage: 2.00 GB
client-desktop-1    | 16-Sep-2026 18:34:33 [---]    don't use GPU while active
client-desktop-1    | 16-Sep-2026 18:34:33 [---]    suspend work if non-BOINC CPU load exceeds 25%
client-desktop-1    | 16-Sep-2026 18:34:33 [---]    (to change preferences, visit a project web site or select Preferences in the Manager)
client-desktop-1    | 16-Sep-2026 18:34:37 [http://boincserver.local/boincserver/] Fetching scheduler list
client-desktop-1    | 16-Sep-2026 18:34:39 [http://boincserver.local/boincserver/] Master file download succeeded
client-desktop-1    | 16-Sep-2026 18:34:44 [http://boincserver.local/boincserver/] Sending scheduler request: Project initialization.
client-desktop-1    | 16-Sep-2026 18:34:44 [http://boincserver.local/boincserver/] Requesting new tasks for CPU
client-desktop-1    | 16-Sep-2026 18:34:46 [boincserver] Scheduler request completed: got 1 new tasks
client-desktop-1    | 16-Sep-2026 18:34:46 [boincserver] Project requested delay of 7 seconds
client-desktop-1    | 16-Sep-2026 18:34:48 [boincserver] Started download of hybrid_synthetic_1.0_aarch64-unknown-linux-gnu
client-desktop-1    | 16-Sep-2026 18:34:48 [boincserver] Started download of hybrid_synthetic_input.txt
client-desktop-1    | 16-Sep-2026 18:34:50 [boincserver] Finished download of hybrid_synthetic_1.0_aarch64-unknown-linux-gnu
client-desktop-1    | 16-Sep-2026 18:34:50 [boincserver] Finished download of hybrid_synthetic_input.txt
client-desktop-1    | 16-Sep-2026 18:34:50 [boincserver] Elapsed time limit 50.000000 < 120.000000; setting to 43200.000000
client-desktop-1    | 16-Sep-2026 18:34:50 [boincserver] Starting task exp_20260916T180210Z_round_robin_short_6_0
client-desktop-1    | 16-Sep-2026 18:34:56 [boincserver] Sending scheduler request: To fetch work.
client-desktop-1    | 16-Sep-2026 18:34:56 [boincserver] Requesting new tasks for CPU
client-desktop-1    | 16-Sep-2026 18:34:58 [boincserver] Computation for task exp_20260916T180210Z_round_robin_short_6_0 finished
client-desktop-1    | 16-Sep-2026 18:34:58 [boincserver] Scheduler request completed: got 2 new tasks
client-desktop-1    | 16-Sep-2026 18:34:58 [boincserver] Project requested delay of 7 seconds
client-desktop-1    | 16-Sep-2026 18:35:00 [boincserver] Started upload of exp_20260916T180210Z_round_robin_short_6_0_r291085552_0
client-desktop-1    | 16-Sep-2026 18:35:00 [boincserver] Elapsed time limit 50.000000 < 120.000000; setting to 43200.000000
client-desktop-1    | 16-Sep-2026 18:35:00 [boincserver] Elapsed time limit 50.000000 < 120.000000; setting to 43200.000000
client-desktop-1    | 16-Sep-2026 18:35:00 [boincserver] Starting task exp_20260916T180210Z_round_robin_short_12_0
client-desktop-1    | 16-Sep-2026 18:35:00 [boincserver] Starting task exp_20260916T180210Z_round_robin_short_18_0
client-desktop-1    | 16-Sep-2026 18:35:02 [boincserver] Finished upload of exp_20260916T180210Z_round_robin_short_6_0_r291085552_0
client-desktop-1    | 16-Sep-2026 18:35:08 [boincserver] Computation for task exp_20260916T180210Z_round_robin_short_18_0 finished
client-desktop-1    | 16-Sep-2026 18:35:08 [boincserver] Sending scheduler request: To report completed tasks.
client-desktop-1    | 16-Sep-2026 18:35:08 [boincserver] Reporting 1 completed tasks
client-desktop-1    | 16-Sep-2026 18:35:08 [boincserver] Requesting new tasks for CPU
client-desktop-1    | 16-Sep-2026 18:35:09 [boincserver] Computation for task exp_20260916T180210Z_round_robin_short_12_0 finished
client-desktop-1    | 16-Sep-2026 18:35:10 [boincserver] Started upload of exp_20260916T180210Z_round_robin_short_18_0_r1525103545_0
client-desktop-1    | 16-Sep-2026 18:35:11 [boincserver] Started upload of exp_20260916T180210Z_round_robin_short_12_0_r1473170466_0
client-desktop-1    | 16-Sep-2026 18:35:12 [boincserver] Finished upload of exp_20260916T180210Z_round_robin_short_18_0_r1525103545_0
client-desktop-1    | 16-Sep-2026 18:35:12 [boincserver] Finished upload of exp_20260916T180210Z_round_robin_short_12_0_r1473170466_0
client-desktop-1    | 16-Sep-2026 18:35:15 [boincserver] Scheduler request completed: got 2 new tasks
client-desktop-1    | 16-Sep-2026 18:35:15 [boincserver] Project requested delay of 7 seconds
client-cluster-2-1  | 16-Sep-2026 18:35:00 [boincserver] Starting task exp_20260916T180210Z_round_robin_long_1_0
client-cluster-2-1  | 16-Sep-2026 18:35:00 [boincserver] Starting task exp_20260916T180210Z_round_robin_medium_1_0
client-cluster-2-1  | 16-Sep-2026 18:35:08 [boincserver] Computation for task exp_20260916T180210Z_round_robin_short_13_0 finished
client-desktop-1    | 16-Sep-2026 18:35:17 [boincserver] Elapsed time limit 50.000000 < 120.000000; setting to 43200.000000
client-desktop-1    | 16-Sep-2026 18:35:17 [boincserver] Elapsed time limit 50.000000 < 120.000000; setting to 43200.000000
client-desktop-1    | 16-Sep-2026 18:35:17 [boincserver] Starting task exp_20260916T180210Z_round_robin_short_8_0
client-cluster-1    | 16-Sep-2026 18:34:46 [boincserver] Project requested delay of 7 seconds
client-cluster-1    | 16-Sep-2026 18:34:48 [boincserver] Started download of hybrid_synthetic_1.0_aarch64-unknown-linux-gnu
client-cluster-1    | 16-Sep-2026 18:34:48 [boincserver] Started download of hybrid_synthetic_input.txt
client-cluster-2-1  | 16-Sep-2026 18:35:08 [boincserver] Sending scheduler request: To report completed tasks.
client-cluster-2-1  | 16-Sep-2026 18:35:08 [boincserver] Reporting 1 completed tasks
client-cluster-2-1  | 16-Sep-2026 18:35:08 [boincserver] Requesting new tasks for CPU
client-cluster-2-1  | 16-Sep-2026 18:35:10 [boincserver] Started upload of exp_20260916T180210Z_round_robin_short_13_0_r1567425834_0
client-cluster-2-1  | 16-Sep-2026 18:35:10 [boincserver] Scheduler request completed: got 4 new tasks
client-desktop-1    | 16-Sep-2026 18:35:17 [boincserver] Starting task exp_20260916T180210Z_round_robin_short_7_0
client-cluster-2-1  | 16-Sep-2026 18:35:10 [boincserver] Project requested delay of 7 seconds
client-cluster-2-1  | 16-Sep-2026 18:35:12 [boincserver] Finished upload of exp_20260916T180210Z_round_robin_short_13_0_r1567425834_0
client-cluster-2-1  | 16-Sep-2026 18:35:12 [boincserver] Starting task exp_20260916T180210Z_round_robin_medium_12_0
client-cluster-2-1  | 16-Sep-2026 18:35:20 [boincserver] Sending scheduler request: To report completed tasks.
client-cluster-2-1  | 16-Sep-2026 18:35:20 [boincserver] Reporting 1 completed tasks
client-cluster-2-1  | 16-Sep-2026 18:35:20 [boincserver] Requesting new tasks for CPU
client-cluster-2-1  | 16-Sep-2026 18:35:22 [boincserver] Scheduler request completed: got 1 new tasks
client-cluster-2-1  | 16-Sep-2026 18:35:22 [boincserver] Project requested delay of 7 seconds
client-low-power-1  | 16-Sep-2026 18:35:08 [boincserver] Sending scheduler request: To report completed tasks.
client-low-power-1  | 16-Sep-2026 18:35:08 [boincserver] Reporting 1 completed tasks
client-low-power-1  | 16-Sep-2026 18:35:08 [boincserver] Requesting new tasks for CPU
client-desktop-1    | 16-Sep-2026 18:35:25 [boincserver] Computation for task exp_20260916T180210Z_round_robin_short_8_0 finished
client-desktop-1    | 16-Sep-2026 18:35:25 [boincserver] Sending scheduler request: To report completed tasks.
client-desktop-1    | 16-Sep-2026 18:35:25 [boincserver] Reporting 2 completed tasks
client-desktop-1    | 16-Sep-2026 18:35:25 [boincserver] Requesting new tasks for CPU
client-desktop-1    | 16-Sep-2026 18:35:26 [boincserver] Computation for task exp_20260916T180210Z_round_robin_short_7_0 finished
client-desktop-1    | 16-Sep-2026 18:35:27 [boincserver] Started upload of exp_20260916T180210Z_round_robin_short_8_0_r306513515_0
client-desktop-1    | 16-Sep-2026 18:35:28 [boincserver] Started upload of exp_20260916T180210Z_round_robin_short_7_0_r1330511257_0
client-desktop-1    | 16-Sep-2026 18:35:29 [boincserver] Finished upload of exp_20260916T180210Z_round_robin_short_8_0_r306513515_0
client-desktop-1    | 16-Sep-2026 18:35:29 [boincserver] Finished upload of exp_20260916T180210Z_round_robin_short_7_0_r1330511257_0
client-desktop-1    | 16-Sep-2026 18:35:32 [boincserver] Scheduler request completed: got 0 new tasks
client-desktop-1    | 16-Sep-2026 18:35:32 [boincserver] Project has no tasks available
client-desktop-1    | 16-Sep-2026 18:35:32 [boincserver] Project requested delay of 7 seconds
client-desktop-1    | 16-Sep-2026 18:35:48 [boincserver] Sending scheduler request: To report completed tasks.
client-desktop-1    | 16-Sep-2026 18:35:48 [boincserver] Reporting 2 completed tasks
client-desktop-1    | 16-Sep-2026 18:35:48 [boincserver] Requesting new tasks for CPU
client-desktop-1    | 16-Sep-2026 18:35:50 [boincserver] Scheduler request completed: got 0 new tasks
client-desktop-1    | 16-Sep-2026 18:35:50 [boincserver] Project has no tasks available
client-desktop-1    | 16-Sep-2026 18:35:50 [boincserver] Project requested delay of 7 seconds
client-desktop-1    | 16-Sep-2026 18:36:00 [boincserver] Sending scheduler request: To fetch work.
client-desktop-1    | 16-Sep-2026 18:36:00 [boincserver] Requesting new tasks for CPU
client-desktop-1    | 16-Sep-2026 18:36:02 [boincserver] Scheduler request completed: got 0 new tasks
client-desktop-1    | 16-Sep-2026 18:36:02 [boincserver] Project has no tasks available
client-desktop-1    | 16-Sep-2026 18:36:02 [boincserver] Project requested delay of 7 seconds
client-cluster-1    | 16-Sep-2026 18:34:50 [boincserver] Finished download of hybrid_synthetic_1.0_aarch64-unknown-linux-gnu
client-cluster-1    | 16-Sep-2026 18:34:50 [boincserver] Finished download of hybrid_synthetic_input.txt
client-cluster-1    | 16-Sep-2026 18:34:50 [boincserver] Elapsed time limit 50.000000 < 120.000000; setting to 43200.000000
client-cluster-1    | 16-Sep-2026 18:34:50 [boincserver] Starting task exp_20260916T180210Z_round_robin_short_5_0
client-cluster-1    | 16-Sep-2026 18:34:56 [boincserver] Sending scheduler request: To fetch work.
client-cluster-1    | 16-Sep-2026 18:34:56 [boincserver] Requesting new tasks for CPU
client-cluster-1    | 16-Sep-2026 18:34:58 [boincserver] Computation for task exp_20260916T180210Z_round_robin_short_5_0 finished
client-cluster-1    | 16-Sep-2026 18:34:58 [boincserver] Scheduler request completed: got 4 new tasks
client-cluster-1    | 16-Sep-2026 18:34:58 [boincserver] Project requested delay of 7 seconds
client-cluster-1    | 16-Sep-2026 18:35:00 [boincserver] Started upload of exp_20260916T180210Z_round_robin_short_5_0_r1568597537_0
client-cluster-1    | 16-Sep-2026 18:35:00 [boincserver] Elapsed time limit 50.000000 < 120.000000; setting to 43200.000000
client-cluster-1    | 16-Sep-2026 18:35:00 [boincserver] Elapsed time limit 50.000000 < 120.000000; setting to 43200.000000
client-cluster-1    | 16-Sep-2026 18:35:00 [boincserver] Starting task exp_20260916T180210Z_round_robin_short_17_0
client-cluster-1    | 16-Sep-2026 18:35:00 [boincserver] Starting task exp_20260916T180210Z_round_robin_medium_5_0
client-cluster-1    | 16-Sep-2026 18:35:00 [boincserver] Starting task exp_20260916T180210Z_round_robin_medium_11_0
client-cluster-1    | 16-Sep-2026 18:35:00 [boincserver] Starting task exp_20260916T180210Z_round_robin_short_11_0
client-cluster-1    | 16-Sep-2026 18:35:02 [boincserver] Finished upload of exp_20260916T180210Z_round_robin_short_5_0_r1568597537_0
client-cluster-1    | 16-Sep-2026 18:35:08 [boincserver] Computation for task exp_20260916T180210Z_round_robin_short_17_0 finished
client-cluster-1    | 16-Sep-2026 18:35:08 [boincserver] Sending scheduler request: To report completed tasks.
client-cluster-1    | 16-Sep-2026 18:35:08 [boincserver] Reporting 1 completed tasks
client-cluster-1    | 16-Sep-2026 18:35:08 [boincserver] Requesting new tasks for CPU
client-cluster-1    | 16-Sep-2026 18:35:09 [boincserver] Computation for task exp_20260916T180210Z_round_robin_short_11_0 finished
client-cluster-1    | 16-Sep-2026 18:35:10 [boincserver] Started upload of exp_20260916T180210Z_round_robin_short_17_0_r1122180717_0
client-cluster-1    | 16-Sep-2026 18:35:10 [boincserver] Scheduler request completed: got 4 new tasks
client-cluster-1    | 16-Sep-2026 18:35:10 [boincserver] Project requested delay of 7 seconds
client-cluster-1    | 16-Sep-2026 18:35:11 [boincserver] Started upload of exp_20260916T180210Z_round_robin_short_11_0_r461426838_0
client-cluster-1    | 16-Sep-2026 18:35:12 [boincserver] Finished upload of exp_20260916T180210Z_round_robin_short_17_0_r1122180717_0
client-cluster-1    | 16-Sep-2026 18:35:12 [boincserver] Finished upload of exp_20260916T180210Z_round_robin_short_11_0_r461426838_0
client-cluster-1    | 16-Sep-2026 18:35:12 [boincserver] Starting task exp_20260916T180210Z_round_robin_long_5_0
client-cluster-1    | 16-Sep-2026 18:35:12 [boincserver] Starting task exp_20260916T180210Z_round_robin_medium_10_0
client-cluster-1    | 16-Sep-2026 18:35:28 [boincserver] Sending scheduler request: To report completed tasks.
client-cluster-1    | 16-Sep-2026 18:35:28 [boincserver] Reporting 2 completed tasks
client-cluster-1    | 16-Sep-2026 18:35:28 [boincserver] Requesting new tasks for CPU
client-cluster-1    | 16-Sep-2026 18:35:30 [boincserver] Scheduler request completed: got 0 new tasks
client-cluster-1    | 16-Sep-2026 18:35:30 [boincserver] Project has no tasks available
client-cluster-1    | 16-Sep-2026 18:35:30 [boincserver] Project requested delay of 7 seconds
client-cluster-1    | 16-Sep-2026 18:35:32 [boincserver] Computation for task exp_20260916T180210Z_round_robin_medium_11_0 finished
client-cluster-1    | 16-Sep-2026 18:35:32 [boincserver] Starting task exp_20260916T180210Z_round_robin_long_4_0
client-cluster-1    | 16-Sep-2026 18:35:33 [boincserver] Computation for task exp_20260916T180210Z_round_robin_medium_5_0 finished
client-cluster-1    | 16-Sep-2026 18:35:33 [boincserver] Starting task exp_20260916T180210Z_round_robin_medium_9_0
client-cluster-1    | 16-Sep-2026 18:35:34 [boincserver] Started upload of exp_20260916T180210Z_round_robin_medium_11_0_r980942089_0
client-cluster-1    | 16-Sep-2026 18:35:35 [boincserver] Started upload of exp_20260916T180210Z_round_robin_medium_5_0_r742902019_0
client-cluster-1    | 16-Sep-2026 18:35:36 [boincserver] Finished upload of exp_20260916T180210Z_round_robin_medium_11_0_r980942089_0
client-cluster-1    | 16-Sep-2026 18:35:36 [boincserver] Finished upload of exp_20260916T180210Z_round_robin_medium_5_0_r742902019_0
client-cluster-1    | 16-Sep-2026 18:35:40 [boincserver] Sending scheduler request: To report completed tasks.
client-cluster-1    | 16-Sep-2026 18:35:40 [boincserver] Reporting 2 completed tasks
client-cluster-1    | 16-Sep-2026 18:35:40 [boincserver] Requesting new tasks for CPU
client-cluster-1    | 16-Sep-2026 18:35:45 [boincserver] Computation for task exp_20260916T180210Z_round_robin_medium_10_0 finished
client-cluster-1    | 16-Sep-2026 18:35:47 [boincserver] Started upload of exp_20260916T180210Z_round_robin_medium_10_0_r1770556551_0
client-cluster-1    | 16-Sep-2026 18:35:47 [boincserver] Scheduler request completed: got 0 new tasks
client-cluster-1    | 16-Sep-2026 18:35:47 [boincserver] Project has no tasks available
client-cluster-1    | 16-Sep-2026 18:35:47 [boincserver] Project requested delay of 7 seconds
client-cluster-1    | 16-Sep-2026 18:35:49 [boincserver] Finished upload of exp_20260916T180210Z_round_robin_medium_10_0_r1770556551_0
client-cluster-1    | 16-Sep-2026 18:35:57 [boincserver] Sending scheduler request: To report completed tasks.
client-cluster-1    | 16-Sep-2026 18:35:57 [boincserver] Reporting 1 completed tasks
client-cluster-1    | 16-Sep-2026 18:35:57 [boincserver] Requesting new tasks for CPU
client-cluster-1    | 16-Sep-2026 18:35:59 [boincserver] Scheduler request completed: got 0 new tasks
client-cluster-1    | 16-Sep-2026 18:35:59 [boincserver] Project has no tasks available
client-cluster-1    | 16-Sep-2026 18:35:59 [boincserver] Project requested delay of 7 seconds
client-cluster-1    | 16-Sep-2026 18:36:06 [boincserver] Computation for task exp_20260916T180210Z_round_robin_medium_9_0 finished
client-cluster-1    | 16-Sep-2026 18:36:18 [boincserver] Started upload of exp_20260916T180210Z_round_robin_medium_9_0_r447157463_0
client-cluster-1    | 16-Sep-2026 18:36:18 [boincserver] Sending scheduler request: To fetch work.
client-cluster-1    | 16-Sep-2026 18:36:18 [boincserver] Requesting new tasks for CPU
client-cluster-1    | 16-Sep-2026 18:36:20 [boincserver] Finished upload of exp_20260916T180210Z_round_robin_medium_9_0_r447157463_0
client-cluster-1    | 16-Sep-2026 18:36:20 [boincserver] Scheduler request completed: got 0 new tasks
client-cluster-1    | 16-Sep-2026 18:36:20 [boincserver] Project has no tasks available
client-cluster-1    | 16-Sep-2026 18:36:20 [boincserver] Project requested delay of 7 seconds
client-cluster-1    | 16-Sep-2026 18:36:30 [boincserver] Sending scheduler request: To report completed tasks.
client-cluster-1    | 16-Sep-2026 18:36:30 [boincserver] Reporting 1 completed tasks
client-cluster-1    | 16-Sep-2026 18:36:30 [boincserver] Requesting new tasks for CPU
client-cluster-1    | 16-Sep-2026 18:36:32 [boincserver] Scheduler request completed: got 0 new tasks
client-cluster-1    | 16-Sep-2026 18:36:32 [boincserver] Project has no tasks available
client-cluster-1    | 16-Sep-2026 18:36:32 [boincserver] Project requested delay of 7 seconds
client-cluster-1    | 16-Sep-2026 18:37:15 [boincserver] Computation for task exp_20260916T180210Z_round_robin_long_5_0 finished
client-cluster-1    | 16-Sep-2026 18:37:17 [boincserver] Started upload of exp_20260916T180210Z_round_robin_long_5_0_r1020859467_0
client-cluster-1    | 16-Sep-2026 18:37:19 [boincserver] Finished upload of exp_20260916T180210Z_round_robin_long_5_0_r1020859467_0
client-cluster-1    | 16-Sep-2026 18:37:19 [boincserver] Sending scheduler request: To report completed tasks.
client-cluster-1    | 16-Sep-2026 18:37:19 [boincserver] Reporting 1 completed tasks
client-cluster-1    | 16-Sep-2026 18:37:19 [boincserver] Requesting new tasks for CPU
client-cluster-1    | 16-Sep-2026 18:37:26 [boincserver] Scheduler request completed: got 0 new tasks
client-cluster-1    | 16-Sep-2026 18:37:26 [boincserver] Project has no tasks available
client-cluster-1    | 16-Sep-2026 18:37:26 [boincserver] Project requested delay of 7 seconds
client-cluster-1    | 16-Sep-2026 18:37:35 [boincserver] Computation for task exp_20260916T180210Z_round_robin_long_4_0 finished
client-cluster-1    | 16-Sep-2026 18:37:36 [boincserver] Sending scheduler request: To fetch work.
client-cluster-1    | 16-Sep-2026 18:37:36 [boincserver] Requesting new tasks for CPU
client-cluster-1    | 16-Sep-2026 18:37:37 [boincserver] Started upload of exp_20260916T180210Z_round_robin_long_4_0_r201751422_0
client-cluster-1    | 16-Sep-2026 18:37:38 [boincserver] Finished upload of exp_20260916T180210Z_round_robin_long_4_0_r201751422_0
client-cluster-1    | 16-Sep-2026 18:37:43 [boincserver] Scheduler request completed: got 0 new tasks
client-cluster-1    | 16-Sep-2026 18:37:43 [boincserver] Project has no tasks available
client-cluster-1    | 16-Sep-2026 18:37:43 [boincserver] Project requested delay of 7 seconds
client-cluster-1    | 16-Sep-2026 18:38:00 [boincserver] Sending scheduler request: To report completed tasks.
client-cluster-1    | 16-Sep-2026 18:38:00 [boincserver] Reporting 1 completed tasks
client-cluster-1    | 16-Sep-2026 18:38:00 [boincserver] Requesting new tasks for CPU
client-cluster-1    | 16-Sep-2026 18:38:02 [boincserver] Scheduler request completed: got 0 new tasks
client-cluster-1    | 16-Sep-2026 18:38:02 [boincserver] Project has no tasks available
client-cluster-1    | 16-Sep-2026 18:38:02 [boincserver] Project requested delay of 7 seconds
client-cluster-2-1  | 16-Sep-2026 18:35:38 [boincserver] Sending scheduler request: To fetch work.
client-cluster-2-1  | 16-Sep-2026 18:35:38 [boincserver] Requesting new tasks for CPU
client-cluster-2-1  | 16-Sep-2026 18:35:40 [boincserver] Computation for task exp_20260916T180210Z_round_robin_medium_1_0 finished
client-cluster-2-1  | 16-Sep-2026 18:35:40 [boincserver] Starting task exp_20260916T180210Z_round_robin_medium_6_0
client-cluster-2-1  | 16-Sep-2026 18:35:40 [boincserver] Scheduler request completed: got 0 new tasks
client-cluster-2-1  | 16-Sep-2026 18:35:40 [boincserver] Project has no tasks available
client-cluster-2-1  | 16-Sep-2026 18:35:40 [boincserver] Project requested delay of 7 seconds
client-cluster-2-1  | 16-Sep-2026 18:35:41 [boincserver] Computation for task exp_20260916T180210Z_round_robin_medium_7_0 finished
client-cluster-2-1  | 16-Sep-2026 18:35:41 [boincserver] Starting task exp_20260916T180210Z_round_robin_long_2_0
client-cluster-2-1  | 16-Sep-2026 18:35:42 [boincserver] Started upload of exp_20260916T180210Z_round_robin_medium_1_0_r956036138_0
client-cluster-2-1  | 16-Sep-2026 18:35:43 [boincserver] Started upload of exp_20260916T180210Z_round_robin_medium_7_0_r864005360_0
client-cluster-2-1  | 16-Sep-2026 18:35:44 [boincserver] Finished upload of exp_20260916T180210Z_round_robin_medium_1_0_r956036138_0
client-cluster-2-1  | 16-Sep-2026 18:35:44 [boincserver] Finished upload of exp_20260916T180210Z_round_robin_medium_7_0_r864005360_0
client-cluster-2-1  | 16-Sep-2026 18:35:45 [boincserver] Computation for task exp_20260916T180210Z_round_robin_medium_12_0 finished
client-cluster-2-1  | 16-Sep-2026 18:35:45 [boincserver] Starting task exp_20260916T180210Z_round_robin_long_6_0
client-cluster-2-1  | 16-Sep-2026 18:35:47 [boincserver] Started upload of exp_20260916T180210Z_round_robin_medium_12_0_r1096276736_0
client-cluster-2-1  | 16-Sep-2026 18:35:49 [boincserver] Finished upload of exp_20260916T180210Z_round_robin_medium_12_0_r1096276736_0
client-cluster-2-1  | 16-Sep-2026 18:35:50 [boincserver] Sending scheduler request: To report completed tasks.
client-cluster-2-1  | 16-Sep-2026 18:35:50 [boincserver] Reporting 3 completed tasks
client-cluster-2-1  | 16-Sep-2026 18:35:50 [boincserver] Requesting new tasks for CPU
client-cluster-2-1  | 16-Sep-2026 18:35:52 [boincserver] Scheduler request completed: got 0 new tasks
client-cluster-2-1  | 16-Sep-2026 18:35:52 [boincserver] Project has no tasks available
client-cluster-2-1  | 16-Sep-2026 18:35:52 [boincserver] Project requested delay of 7 seconds
client-cluster-2-1  | 16-Sep-2026 18:36:02 [boincserver] Sending scheduler request: To fetch work.
client-cluster-2-1  | 16-Sep-2026 18:36:02 [boincserver] Requesting new tasks for CPU
client-cluster-2-1  | 16-Sep-2026 18:36:04 [boincserver] Scheduler request completed: got 0 new tasks
client-cluster-2-1  | 16-Sep-2026 18:36:04 [boincserver] Project has no tasks available
client-cluster-2-1  | 16-Sep-2026 18:36:04 [boincserver] Project requested delay of 7 seconds
client-cluster-2-1  | 16-Sep-2026 18:36:13 [boincserver] Computation for task exp_20260916T180210Z_round_robin_medium_6_0 finished
client-cluster-2-1  | 16-Sep-2026 18:36:13 [boincserver] Starting task exp_20260916T180210Z_round_robin_medium_2_0
client-cluster-2-1  | 16-Sep-2026 18:36:15 [boincserver] Started upload of exp_20260916T180210Z_round_robin_medium_6_0_r2133857727_0
client-cluster-2-1  | 16-Sep-2026 18:36:17 [boincserver] Finished upload of exp_20260916T180210Z_round_robin_medium_6_0_r2133857727_0
client-cluster-2-1  | 16-Sep-2026 18:36:28 [boincserver] Sending scheduler request: To report completed tasks.
client-cluster-2-1  | 16-Sep-2026 18:36:28 [boincserver] Reporting 1 completed tasks
client-cluster-2-1  | 16-Sep-2026 18:36:28 [boincserver] Requesting new tasks for CPU
client-cluster-2-1  | 16-Sep-2026 18:36:35 [boincserver] Scheduler request completed: got 0 new tasks
client-cluster-2-1  | 16-Sep-2026 18:36:35 [boincserver] Project has no tasks available
client-cluster-2-1  | 16-Sep-2026 18:36:35 [boincserver] Project requested delay of 7 seconds
client-cluster-2-1  | 16-Sep-2026 18:36:45 [boincserver] Sending scheduler request: To fetch work.
client-cluster-2-1  | 16-Sep-2026 18:36:45 [boincserver] Requesting new tasks for CPU
client-cluster-2-1  | 16-Sep-2026 18:36:46 [boincserver] Computation for task exp_20260916T180210Z_round_robin_medium_2_0 finished
client-cluster-2-1  | 16-Sep-2026 18:36:47 [boincserver] Scheduler request completed: got 0 new tasks
client-cluster-2-1  | 16-Sep-2026 18:36:47 [boincserver] Project has no tasks available
client-cluster-2-1  | 16-Sep-2026 18:36:47 [boincserver] Project requested delay of 7 seconds
client-cluster-2-1  | 16-Sep-2026 18:36:48 [boincserver] Started upload of exp_20260916T180210Z_round_robin_medium_2_0_r488662121_0
client-cluster-2-1  | 16-Sep-2026 18:36:50 [boincserver] Finished upload of exp_20260916T180210Z_round_robin_medium_2_0_r488662121_0
client-cluster-2-1  | 16-Sep-2026 18:36:57 [boincserver] Sending scheduler request: To report completed tasks.
client-cluster-2-1  | 16-Sep-2026 18:36:57 [boincserver] Reporting 1 completed tasks
client-cluster-2-1  | 16-Sep-2026 18:36:57 [boincserver] Requesting new tasks for CPU
client-cluster-2-1  | 16-Sep-2026 18:36:59 [boincserver] Scheduler request completed: got 0 new tasks
client-cluster-2-1  | 16-Sep-2026 18:36:59 [boincserver] Project has no tasks available
client-cluster-2-1  | 16-Sep-2026 18:36:59 [boincserver] Project requested delay of 7 seconds
client-cluster-2-1  | 16-Sep-2026 18:37:03 [boincserver] Computation for task exp_20260916T180210Z_round_robin_long_1_0 finished
client-cluster-2-1  | 16-Sep-2026 18:37:05 [boincserver] Started upload of exp_20260916T180210Z_round_robin_long_1_0_r611922508_0
client-cluster-2-1  | 16-Sep-2026 18:37:07 [boincserver] Finished upload of exp_20260916T180210Z_round_robin_long_1_0_r611922508_0
client-low-power-1  | 16-Sep-2026 18:35:09 [boincserver] Computation for task exp_20260916T180210Z_round_robin_short_4_0 finished
client-low-power-1  | 16-Sep-2026 18:35:10 [boincserver] Scheduler request completed: got 1 new tasks
client-low-power-1  | 16-Sep-2026 18:35:10 [boincserver] Project requested delay of 7 seconds
client-low-power-1  | 16-Sep-2026 18:35:11 [boincserver] Started upload of exp_20260916T180210Z_round_robin_short_4_0_r1203413011_0
client-low-power-1  | 16-Sep-2026 18:35:12 [boincserver] Starting task exp_20260916T180210Z_round_robin_medium_4_0
client-low-power-1  | 16-Sep-2026 18:35:13 [boincserver] Finished upload of exp_20260916T180210Z_round_robin_short_4_0_r1203413011_0
client-cluster-2-1  | 16-Sep-2026 18:37:19 [boincserver] Sending scheduler request: To report completed tasks.
client-cluster-2-1  | 16-Sep-2026 18:37:19 [boincserver] Reporting 1 completed tasks
client-cluster-2-1  | 16-Sep-2026 18:37:19 [boincserver] Requesting new tasks for CPU
client-cluster-2-1  | 16-Sep-2026 18:37:21 [boincserver] Scheduler request completed: got 0 new tasks
client-cluster-2-1  | 16-Sep-2026 18:37:21 [boincserver] Project has no tasks available
client-cluster-2-1  | 16-Sep-2026 18:37:21 [boincserver] Project requested delay of 7 seconds
client-cluster-2-1  | 16-Sep-2026 18:37:31 [boincserver] Sending scheduler request: To fetch work.
client-cluster-2-1  | 16-Sep-2026 18:37:31 [boincserver] Requesting new tasks for CPU
client-cluster-2-1  | 16-Sep-2026 18:37:33 [boincserver] Scheduler request completed: got 0 new tasks
client-low-power-1  | 16-Sep-2026 18:35:20 [boincserver] Sending scheduler request: To report completed tasks.
client-low-power-1  | 16-Sep-2026 18:35:20 [boincserver] Reporting 1 completed tasks
client-low-power-1  | 16-Sep-2026 18:35:20 [boincserver] Requesting new tasks for CPU
client-low-power-1  | 16-Sep-2026 18:35:22 [boincserver] Scheduler request completed: got 1 new tasks
client-low-power-1  | 16-Sep-2026 18:35:22 [boincserver] Project requested delay of 7 seconds
client-low-power-1  | 16-Sep-2026 18:35:32 [boincserver] Sending scheduler request: To fetch work.
client-low-power-1  | 16-Sep-2026 18:35:32 [boincserver] Requesting new tasks for CPU
client-low-power-1  | 16-Sep-2026 18:35:39 [boincserver] Scheduler request completed: got 0 new tasks
client-low-power-1  | 16-Sep-2026 18:35:39 [boincserver] Project has no tasks available
client-low-power-1  | 16-Sep-2026 18:35:39 [boincserver] Project requested delay of 7 seconds
client-low-power-1  | 16-Sep-2026 18:35:45 [boincserver] Computation for task exp_20260916T180210Z_round_robin_medium_4_0 finished
client-low-power-1  | 16-Sep-2026 18:35:45 [boincserver] Elapsed time limit 50.000000 < 120.000000; setting to 43200.000000
client-low-power-1  | 16-Sep-2026 18:35:45 [boincserver] Starting task exp_20260916T180210Z_round_robin_short_3_0
client-low-power-1  | 16-Sep-2026 18:35:47 [boincserver] Started upload of exp_20260916T180210Z_round_robin_medium_4_0_r1051742742_0
client-low-power-1  | 16-Sep-2026 18:35:59 [boincserver] Finished upload of exp_20260916T180210Z_round_robin_medium_4_0_r1051742742_0
client-low-power-1  | 16-Sep-2026 18:36:01 [boincserver] Computation for task exp_20260916T180210Z_round_robin_short_3_0 finished
client-low-power-1  | 16-Sep-2026 18:36:03 [boincserver] Started upload of exp_20260916T180210Z_round_robin_short_3_0_r2087535759_0
client-cluster-2-1  | 16-Sep-2026 18:37:33 [boincserver] Project has no tasks available
client-cluster-2-1  | 16-Sep-2026 18:37:33 [boincserver] Project requested delay of 7 seconds
client-cluster-2-1  | 16-Sep-2026 18:37:44 [boincserver] Computation for task exp_20260916T180210Z_round_robin_long_2_0 finished
client-cluster-2-1  | 16-Sep-2026 18:37:46 [boincserver] Started upload of exp_20260916T180210Z_round_robin_long_2_0_r2022078639_0
client-cluster-2-1  | 16-Sep-2026 18:37:48 [boincserver] Finished upload of exp_20260916T180210Z_round_robin_long_2_0_r2022078639_0
client-cluster-2-1  | 16-Sep-2026 18:37:48 [boincserver] Computation for task exp_20260916T180210Z_round_robin_long_6_0 finished
client-cluster-2-1  | 16-Sep-2026 18:37:48 [boincserver] Sending scheduler request: To report completed tasks.
client-cluster-2-1  | 16-Sep-2026 18:37:48 [boincserver] Reporting 1 completed tasks
client-cluster-2-1  | 16-Sep-2026 18:37:48 [boincserver] Requesting new tasks for CPU
client-cluster-2-1  | 16-Sep-2026 18:37:50 [boincserver] Started upload of exp_20260916T180210Z_round_robin_long_6_0_r204116284_0
client-cluster-2-1  | 16-Sep-2026 18:37:50 [boincserver] Scheduler request completed: got 0 new tasks
client-cluster-2-1  | 16-Sep-2026 18:37:50 [boincserver] Project has no tasks available
client-cluster-2-1  | 16-Sep-2026 18:37:50 [boincserver] Project requested delay of 7 seconds
client-cluster-2-1  | 16-Sep-2026 18:37:52 [boincserver] Finished upload of exp_20260916T180210Z_round_robin_long_6_0_r204116284_0
client-cluster-2-1  | 16-Sep-2026 18:38:10 [boincserver] Sending scheduler request: To report completed tasks.
client-cluster-2-1  | 16-Sep-2026 18:38:10 [boincserver] Reporting 1 completed tasks
client-cluster-2-1  | 16-Sep-2026 18:38:10 [boincserver] Requesting new tasks for CPU
client-cluster-2-1  | 16-Sep-2026 18:38:12 [boincserver] Scheduler request completed: got 0 new tasks
client-cluster-2-1  | 16-Sep-2026 18:38:12 [boincserver] Project has no tasks available
client-low-power-1  | 16-Sep-2026 18:36:03 [boincserver] Sending scheduler request: To fetch work.
client-low-power-1  | 16-Sep-2026 18:36:03 [boincserver] Reporting 1 completed tasks
client-low-power-1  | 16-Sep-2026 18:36:03 [boincserver] Requesting new tasks for CPU
client-low-power-1  | 16-Sep-2026 18:36:05 [boincserver] Finished upload of exp_20260916T180210Z_round_robin_short_3_0_r2087535759_0
client-low-power-1  | 16-Sep-2026 18:36:05 [boincserver] Scheduler request completed: got 0 new tasks
client-low-power-1  | 16-Sep-2026 18:36:05 [boincserver] Project has no tasks available
client-low-power-1  | 16-Sep-2026 18:36:05 [boincserver] Project requested delay of 7 seconds
client-low-power-1  | 16-Sep-2026 18:36:15 [boincserver] Sending scheduler request: To report completed tasks.
client-low-power-1  | 16-Sep-2026 18:36:15 [boincserver] Reporting 1 completed tasks
client-cluster-2-1  | 16-Sep-2026 18:38:12 [boincserver] Project requested delay of 7 seconds
client-low-power-1  | 16-Sep-2026 18:36:15 [boincserver] Requesting new tasks for CPU
client-low-power-1  | 16-Sep-2026 18:36:17 [boincserver] Scheduler request completed: got 0 new tasks
client-low-power-1  | 16-Sep-2026 18:36:17 [boincserver] Project has no tasks available
client-low-power-1  | 16-Sep-2026 18:36:17 [boincserver] Project requested delay of 7 seconds
