client-desktop-1    | 17-Sep-2026 09:43:44 [---] Starting BOINC client version 7.20.5 for aarch64-unknown-linux-gnu
client-desktop-1    | 17-Sep-2026 09:43:44 [---] This a development version of BOINC and may not function properly
client-desktop-1    | 17-Sep-2026 09:43:44 [---] log flags: file_xfer, sched_ops, task
client-desktop-1    | 17-Sep-2026 09:43:44 [---] Libraries: libcurl/7.88.1 OpenSSL/3.0.20 zlib/1.2.13 brotli/1.0.9 zstd/1.5.4 libidn2/2.3.3 libpsl/0.21.2 (+libidn2/2.3.3) libssh2/1.10.0 nghttp2/1.52.0 librtmp/2.3 OpenLDAP/2.5.13
client-desktop-1    | 17-Sep-2026 09:43:44 [---] Data directory: /var/lib/boinc-client
client-desktop-1    | 17-Sep-2026 09:43:44 [---] No usable GPUs found
client-desktop-1    | 17-Sep-2026 09:43:44 [---] Creating new client state file
client-desktop-1    | 17-Sep-2026 09:43:44 [---] libc:  version 2.36
client-desktop-1    | 17-Sep-2026 09:43:44 [---] Host name: desktop-01
client-desktop-1    | 17-Sep-2026 09:43:44 [---] Processor: 2 ARM  [Impl 0x61 Arch 8 Variant 0x0 Part 0x000 Rev 0]
client-low-power-1  | 17-Sep-2026 09:43:44 [---] Starting BOINC client version 7.20.5 for aarch64-unknown-linux-gnu
client-low-power-1  | 17-Sep-2026 09:43:44 [---] This a development version of BOINC and may not function properly
client-low-power-1  | 17-Sep-2026 09:43:44 [---] log flags: file_xfer, sched_ops, task
client-low-power-1  | 17-Sep-2026 09:43:44 [---] Libraries: libcurl/7.88.1 OpenSSL/3.0.20 zlib/1.2.13 brotli/1.0.9 zstd/1.5.4 libidn2/2.3.3 libpsl/0.21.2 (+libidn2/2.3.3) libssh2/1.10.0 nghttp2/1.52.0 librtmp/2.3 OpenLDAP/2.5.13
client-low-power-1  | 17-Sep-2026 09:43:44 [---] Data directory: /var/lib/boinc-client
client-low-power-1  | 17-Sep-2026 09:43:44 [---] No usable GPUs found
client-low-power-1  | 17-Sep-2026 09:43:44 [---] Creating new client state file
client-phone-1      | 17-Sep-2026 09:43:49 [---] Starting BOINC client version 7.20.5 for aarch64-unknown-linux-gnu
client-phone-1      | 17-Sep-2026 09:43:49 [---] This a development version of BOINC and may not function properly
client-phone-1      | 17-Sep-2026 09:43:49 [---] log flags: file_xfer, sched_ops, task
client-phone-1      | 17-Sep-2026 09:43:49 [---] Libraries: libcurl/7.88.1 OpenSSL/3.0.20 zlib/1.2.13 brotli/1.0.9 zstd/1.5.4 libidn2/2.3.3 libpsl/0.21.2 (+libidn2/2.3.3) libssh2/1.10.0 nghttp2/1.52.0 librtmp/2.3 OpenLDAP/2.5.13
client-phone-1      | 17-Sep-2026 09:43:49 [---] Data directory: /var/lib/boinc-client
client-cluster-1    | 17-Sep-2026 09:43:44 [---] Starting BOINC client version 7.20.5 for aarch64-unknown-linux-gnu
client-cluster-1    | 17-Sep-2026 09:43:44 [---] This a development version of BOINC and may not function properly
client-cluster-1    | 17-Sep-2026 09:43:44 [---] log flags: file_xfer, sched_ops, task
client-cluster-1    | 17-Sep-2026 09:43:44 [---] Libraries: libcurl/7.88.1 OpenSSL/3.0.20 zlib/1.2.13 brotli/1.0.9 zstd/1.5.4 libidn2/2.3.3 libpsl/0.21.2 (+libidn2/2.3.3) libssh2/1.10.0 nghttp2/1.52.0 librtmp/2.3 OpenLDAP/2.5.13
client-phone-2-1    | 17-Sep-2026 09:43:44 [---] Starting BOINC client version 7.20.5 for aarch64-unknown-linux-gnu
client-phone-2-1    | 17-Sep-2026 09:43:44 [---] This a development version of BOINC and may not function properly
client-phone-2-1    | 17-Sep-2026 09:43:44 [---] log flags: file_xfer, sched_ops, task
client-cluster-1    | 17-Sep-2026 09:43:44 [---] Data directory: /var/lib/boinc-client
client-cluster-1    | 17-Sep-2026 09:43:44 [---] No usable GPUs found
client-cluster-1    | 17-Sep-2026 09:43:44 [---] Creating new client state file
client-desktop-1    | 17-Sep-2026 09:43:44 [---] Processor features: fp asimd evtstrm aes pmull sha1 sha2 crc32 atomics fphp asimdhp cpuid asimdrdm jscvt fcma lrcpc dcpop sha3 asimddp sha512 asimdfhm dit uscat ilrcpc flagm sb paca pacg dcpodp flagm2 frint i8mm bf16 bti afp
client-desktop-1    | 17-Sep-2026 09:43:44 [---] OS: Linux Debian GNU/Linux: Debian GNU/Linux 12 (bookworm) [6.8.0-100-generic|libc 2.36]
client-desktop-1    | 17-Sep-2026 09:43:44 [---] Memory: 9.69 GB physical, 0 bytes virtual
client-desktop-1    | 17-Sep-2026 09:43:44 [---] Disk: 18.33 GB total, 15.30 GB free
client-desktop-1    | 17-Sep-2026 09:43:44 [---] Local time is UTC +0 hours
client-desktop-1    | 17-Sep-2026 09:43:44 [---] Config: GUI RPC allowed from any host
client-desktop-1    | 17-Sep-2026 09:43:44 [---] Config: simulate 2 CPUs
client-desktop-1    | 17-Sep-2026 09:43:44 [---] Config: report completed tasks immediately
client-desktop-1    | dir_open: Could not open directory 'slots' from '/var/lib/boinc-client'.
client-cluster-1    | 17-Sep-2026 09:43:44 [---] libc:  version 2.36
client-phone-2-1    | 17-Sep-2026 09:43:44 [---] Libraries: libcurl/7.88.1 OpenSSL/3.0.20 zlib/1.2.13 brotli/1.0.9 zstd/1.5.4 libidn2/2.3.3 libpsl/0.21.2 (+libidn2/2.3.3) libssh2/1.10.0 nghttp2/1.52.0 librtmp/2.3 OpenLDAP/2.5.13
client-phone-2-1    | 17-Sep-2026 09:43:44 [---] Data directory: /var/lib/boinc-client
client-phone-2-1    | 17-Sep-2026 09:43:44 [---] No usable GPUs found
client-phone-2-1    | 17-Sep-2026 09:43:44 [---] Creating new client state file
client-phone-2-1    | 17-Sep-2026 09:43:44 [---] libc:  version 2.36
makeproject-1       | Updating project files in data volume...
makeproject-1       | Waiting for MySQL server to start...
makeproject-1       | Creating database...
makeproject-1       | added platform: (create_time, name, user_friendly_name) values (1789638145, 'windows_intelx86', 'Microsoft Windows (98 or later) running on an Intel x86-compatible CPU')
makeproject-1       | added platform: (create_time, name, user_friendly_name) values (1789638145, 'windows_x86_64', 'Microsoft Windows running on an AMD x86_64 or Intel EM64T CPU')
makeproject-1       | added platform: (create_time, name, user_friendly_name) values (1789638145, 'windows_arm64', 'Microsoft Windows running on ARM 64-bit')
makeproject-1       | added platform: (create_time, name, user_friendly_name) values (1789638145, 'i686-pc-linux-gnu', 'Linux running on an Intel x86-compatible CPU')
client-phone-2-1    | 17-Sep-2026 09:43:44 [---] Host name: phone-02
client-phone-2-1    | 17-Sep-2026 09:43:44 [---] Processor: 1 ARM  [Impl 0x61 Arch 8 Variant 0x0 Part 0x000 Rev 0]
mysql-1             | Initializing database
mysql-1             | 
mysql-1             | 
apache-1            | /usr/lib/python2.7/dist-packages/supervisor/options.py:461: UserWarning: Supervisord is running as root and it is searching for its configuration file in default locations (including its current working directory); you probably want to specify a "-c" argument specifying an absolute path to a configuration file for improved security.
apache-1            |   'Supervisord is running as root and it is searching '
apache-1            | 2026-09-17 09:42:09,549 CRIT Supervisor is running as root.  Privileges were not dropped because no user is specified in the config file.  If you intend to run as root, you can set user=root in the config file to avoid this message.
makeproject-1       | added platform: (create_time, name, user_friendly_name) values (1789638145, 'x86_64-pc-linux-gnu', 'Linux running on an AMD x86_64 or Intel EM64T CPU')
makeproject-1       | added platform: (create_time, name, user_friendly_name) values (1789638145, 'powerpc-apple-darwin', 'Mac OS X 10.3 or later running on Motorola PowerPC')
makeproject-1       | added platform: (create_time, name, user_friendly_name) values (1789638145, 'i686-apple-darwin', 'Mac OS 10.4 or later running on Intel')
client-phone-1      | 17-Sep-2026 09:43:49 [---] No usable GPUs found
client-phone-1      | 17-Sep-2026 09:43:49 [---] Creating new client state file
client-phone-1      | 17-Sep-2026 09:43:49 [---] libc:  version 2.36
client-phone-1      | 17-Sep-2026 09:43:49 [---] Host name: phone-01
client-phone-1      | 17-Sep-2026 09:43:49 [---] Processor: 1 ARM  [Impl 0x61 Arch 8 Variant 0x0 Part 0x000 Rev 0]
apache-1            | 2026-09-17 09:42:09,549 INFO Included extra file "/etc/supervisor/conf.d/supervisord.conf" during parsing
apache-1            | 2026-09-17 09:42:09,553 INFO RPC interface 'supervisor' initialized
client-phone-2-1    | 17-Sep-2026 09:43:44 [---] Processor features: fp asimd evtstrm aes pmull sha1 sha2 crc32 atomics fphp asimdhp cpuid asimdrdm jscvt fcma lrcpc dcpop sha3 asimddp sha512 asimdfhm dit uscat ilrcpc flagm sb paca pacg dcpodp flagm2 frint i8mm bf16 bti afp
client-phone-2-1    | 17-Sep-2026 09:43:44 [---] OS: Linux Debian GNU/Linux: Debian GNU/Linux 12 (bookworm) [6.8.0-100-generic|libc 2.36]
client-phone-2-1    | 17-Sep-2026 09:43:44 [---] Memory: 9.69 GB physical, 0 bytes virtual
client-phone-2-1    | 17-Sep-2026 09:43:44 [---] Disk: 18.33 GB total, 15.30 GB free
client-phone-1      | 17-Sep-2026 09:43:49 [---] Processor features: fp asimd evtstrm aes pmull sha1 sha2 crc32 atomics fphp asimdhp cpuid asimdrdm jscvt fcma lrcpc dcpop sha3 asimddp sha512 asimdfhm dit uscat ilrcpc flagm sb paca pacg dcpodp flagm2 frint i8mm bf16 bti afp
client-phone-2-1    | 17-Sep-2026 09:43:44 [---] Local time is UTC +0 hours
client-phone-2-1    | 17-Sep-2026 09:43:44 [---] Config: GUI RPC allowed from any host
client-phone-2-1    | 17-Sep-2026 09:43:44 [---] Config: simulate 1 CPUs
apache-1            | 2026-09-17 09:42:09,553 CRIT Server 'unix_http_server' running without any HTTP authentication checking
apache-1            | 2026-09-17 09:42:09,553 INFO supervisord started with pid 1
client-cluster-2-1  | 17-Sep-2026 09:43:44 [---] Starting BOINC client version 7.20.5 for aarch64-unknown-linux-gnu
client-cluster-2-1  | 17-Sep-2026 09:43:44 [---] This a development version of BOINC and may not function properly
client-cluster-2-1  | 17-Sep-2026 09:43:44 [---] log flags: file_xfer, sched_ops, task
client-cluster-2-1  | 17-Sep-2026 09:43:44 [---] Libraries: libcurl/7.88.1 OpenSSL/3.0.20 zlib/1.2.13 brotli/1.0.9 zstd/1.5.4 libidn2/2.3.3 libpsl/0.21.2 (+libidn2/2.3.3) libssh2/1.10.0 nghttp2/1.52.0 librtmp/2.3 OpenLDAP/2.5.13
client-cluster-2-1  | 17-Sep-2026 09:43:44 [---] Data directory: /var/lib/boinc-client
client-cluster-2-1  | 17-Sep-2026 09:43:44 [---] No usable GPUs found
client-cluster-2-1  | 17-Sep-2026 09:43:44 [---] Creating new client state file
makeproject-1       | added platform: (create_time, name, user_friendly_name) values (1789638145, 'x86_64-apple-darwin', 'Intel 64-bit Mac OS 10.5 or later')
makeproject-1       | added platform: (create_time, name, user_friendly_name) values (1789638145, 'arm64-apple-darwin', 'Mac OS running on ARM')
makeproject-1       | added platform: (create_time, name, user_friendly_name) values (1789638145, 'sparc-sun-solaris2.7', 'Solaris 2.7 running on a SPARC-compatible CPU')
mysql-1             | PLEASE REMEMBER TO SET A PASSWORD FOR THE MariaDB root USER !
mysql-1             | To do so, start the server, then issue the following commands:
mysql-1             | 
client-low-power-1  | 17-Sep-2026 09:43:44 [---] libc:  version 2.36
client-low-power-1  | 17-Sep-2026 09:43:44 [---] Host name: low-power-01
client-low-power-1  | 17-Sep-2026 09:43:44 [---] Processor: 1 ARM  [Impl 0x61 Arch 8 Variant 0x0 Part 0x000 Rev 0]
client-low-power-1  | 17-Sep-2026 09:43:44 [---] Processor features: fp asimd evtstrm aes pmull sha1 sha2 crc32 atomics fphp asimdhp cpuid asimdrdm jscvt fcma lrcpc dcpop sha3 asimddp sha512 asimdfhm dit uscat ilrcpc flagm sb paca pacg dcpodp flagm2 frint i8mm bf16 bti afp
client-low-power-1  | 17-Sep-2026 09:43:44 [---] OS: Linux Debian GNU/Linux: Debian GNU/Linux 12 (bookworm) [6.8.0-100-generic|libc 2.36]
client-low-power-1  | 17-Sep-2026 09:43:44 [---] Memory: 9.69 GB physical, 0 bytes virtual
client-low-power-1  | 17-Sep-2026 09:43:44 [---] Disk: 18.33 GB total, 15.30 GB free
mysql-1             | '/usr/bin/mysqladmin' -u root password 'new-password'
mysql-1             | '/usr/bin/mysqladmin' -u root -h  password 'new-password'
mysql-1             | 
mysql-1             | Alternatively you can run:
mysql-1             | '/usr/bin/mysql_secure_installation'
mysql-1             | 
mysql-1             | which will also give you the option of removing the test
client-cluster-1    | 17-Sep-2026 09:43:44 [---] Host name: cluster-01
client-cluster-1    | 17-Sep-2026 09:43:44 [---] Processor: 4 ARM  [Impl 0x61 Arch 8 Variant 0x0 Part 0x000 Rev 0]
client-cluster-1    | 17-Sep-2026 09:43:44 [---] Processor features: fp asimd evtstrm aes pmull sha1 sha2 crc32 atomics fphp asimdhp cpuid asimdrdm jscvt fcma lrcpc dcpop sha3 asimddp sha512 asimdfhm dit uscat ilrcpc flagm sb paca pacg dcpodp flagm2 frint i8mm bf16 bti afp
client-cluster-1    | 17-Sep-2026 09:43:44 [---] OS: Linux Debian GNU/Linux: Debian GNU/Linux 12 (bookworm) [6.8.0-100-generic|libc 2.36]
client-cluster-1    | 17-Sep-2026 09:43:44 [---] Memory: 9.69 GB physical, 0 bytes virtual
client-desktop-1    | 17-Sep-2026 09:43:44 [---] No general preferences found - using defaults
client-desktop-1    | 17-Sep-2026 09:43:44 [---] Reading preferences override file
makeproject-1       | added platform: (create_time, name, user_friendly_name) values (1789638145, 'sparc-sun-solaris', 'Solaris 2.8 or later running on a SPARC-compatible CPU')
makeproject-1       | added platform: (create_time, name, user_friendly_name) values (1789638145, 'sparc64-sun-solaris', 'Solaris 2.8 or later running on a SPARC 64-bit CPU')
makeproject-1       | added platform: (create_time, name, user_friendly_name) values (1789638145, 'powerpc64-ps3-linux-gnu', 'Sony Playstation 3 running Linux')
makeproject-1       | added platform: (create_time, name, user_friendly_name) values (1789638145, 'arm-android-linux-gnu', 'Android running on ARM armeabi-v7a')
makeproject-1       | added platform: (create_time, name, user_friendly_name) values (1789638145, 'aarch64-android-linux-gnu', 'Android running on ARM 64-bit arm64-v8a')
makeproject-1       | added platform: (create_time, name, user_friendly_name) values (1789638145, 'x86_64-android-linux-gnu', 'Android running on Intel x64 compatible')
makeproject-1       | added platform: (create_time, name, user_friendly_name) values (1789638145, 'x86-android-linux-gnu', 'Android running on Intel x86 compatible')
makeproject-1       | added platform: (create_time, name, user_friendly_name) values (1789638145, 'arm-unknown-linux-gnueabihf', 'Linux running on ARM, hardware FP')
makeproject-1       | added platform: (create_time, name, user_friendly_name) values (1789638145, 'aarch64-unknown-linux-gnu', 'Linux running on ARM64')
makeproject-1       | added platform: (create_time, name, user_friendly_name) values (1789638145, 'anonymous', 'anonymous')
apache-1            | 2026-09-17 09:42:10,556 INFO spawned: 'cron' with pid 9
apache-1            | 2026-09-17 09:42:10,559 INFO spawned: 'start' with pid 10
client-cluster-1    | 17-Sep-2026 09:43:44 [---] Disk: 18.33 GB total, 15.30 GB free
client-cluster-1    | 17-Sep-2026 09:43:44 [---] Local time is UTC +0 hours
client-cluster-1    | 17-Sep-2026 09:43:44 [---] Config: GUI RPC allowed from any host
client-cluster-2-1  | 17-Sep-2026 09:43:44 [---] libc:  version 2.36
client-cluster-2-1  | 17-Sep-2026 09:43:44 [---] Host name: cluster-02
client-cluster-2-1  | 17-Sep-2026 09:43:44 [---] Processor: 4 ARM  [Impl 0x61 Arch 8 Variant 0x0 Part 0x000 Rev 0]
client-phone-1      | 17-Sep-2026 09:43:49 [---] OS: Linux Debian GNU/Linux: Debian GNU/Linux 12 (bookworm) [6.8.0-100-generic|libc 2.36]
client-phone-1      | 17-Sep-2026 09:43:49 [---] Memory: 9.69 GB physical, 0 bytes virtual
apache-1            | 2026-09-17 09:42:10,561 INFO spawned: 'rsyslogd' with pid 11
apache-1            | 2026-09-17 09:42:10,563 INFO spawned: 'apache2' with pid 12
apache-1            | 2026-09-17 09:42:12,539 INFO success: cron entered RUNNING state, process has stayed up for > than 1 seconds (startsecs)
apache-1            | 2026-09-17 09:42:12,539 INFO success: start entered RUNNING state, process has stayed up for > than 1 seconds (startsecs)
apache-1            | 2026-09-17 09:42:12,539 INFO success: rsyslogd entered RUNNING state, process has stayed up for > than 1 seconds (startsecs)
apache-1            | 2026-09-17 09:42:12,539 INFO success: apache2 entered RUNNING state, process has stayed up for > than 1 seconds (startsecs)
apache-1            | 2026-09-17 09:42:31,055 INFO reaped unknown pid 69
apache-1            | 2026-09-17 09:42:31,056 INFO reaped unknown pid 71
apache-1            | 2026-09-17 09:42:31,056 INFO reaped unknown pid 79
apache-1            | 2026-09-17 09:42:31,729 INFO reaped unknown pid 72
apache-1            | 2026-09-17 09:42:31,729 INFO reaped unknown pid 80
apache-1            | 2026-09-17 09:42:31,731 INFO reaped unknown pid 70
apache-1            | 2026-09-17 09:42:39,929 INFO reaped unknown pid 159
apache-1            | 2026-09-17 09:42:39,929 INFO reaped unknown pid 161
apache-1            | 2026-09-17 09:42:39,929 INFO reaped unknown pid 163
apache-1            | 2026-09-17 09:42:39,929 INFO reaped unknown pid 165
apache-1            | 2026-09-17 09:42:39,929 INFO reaped unknown pid 167
apache-1            | 2026-09-17 09:45:01,594 INFO reaped unknown pid 353
apache-1            | 2026-09-17 09:45:01,694 INFO reaped unknown pid 355
apache-1            | 2026-09-17 09:45:01,795 INFO reaped unknown pid 357
apache-1            | 2026-09-17 09:45:01,898 INFO reaped unknown pid 359
apache-1            | 2026-09-17 09:45:01,998 INFO reaped unknown pid 361
apache-1            | 2026-09-17 09:45:03,010 INFO reaped unknown pid 352
apache-1            | 2026-09-17 09:45:03,010 INFO reaped unknown pid 354
client-low-power-1  | 17-Sep-2026 09:43:44 [---] Local time is UTC +0 hours
client-low-power-1  | 17-Sep-2026 09:43:44 [---] Config: GUI RPC allowed from any host
client-low-power-1  | 17-Sep-2026 09:43:44 [---] Config: simulate 1 CPUs
apache-1            | 2026-09-17 09:45:03,010 INFO reaped unknown pid 356
apache-1            | 2026-09-17 09:45:03,010 INFO reaped unknown pid 358
apache-1            | 2026-09-17 09:45:03,010 INFO reaped unknown pid 360
client-phone-2-1    | 17-Sep-2026 09:43:44 [---] Config: report completed tasks immediately
client-phone-2-1    | 17-Sep-2026 09:43:44 [---] No general preferences found - using defaults
client-phone-2-1    | 17-Sep-2026 09:43:44 [---] Reading preferences override file
client-phone-2-1    | 17-Sep-2026 09:43:44 [---] Preferences:
client-desktop-1    | 17-Sep-2026 09:43:44 [---] Preferences:
client-desktop-1    | 17-Sep-2026 09:43:44 [---]    max memory usage when active: 8929.14 MB
client-cluster-2-1  | 17-Sep-2026 09:43:44 [---] Processor features: fp asimd evtstrm aes pmull sha1 sha2 crc32 atomics fphp asimdhp cpuid asimdrdm jscvt fcma lrcpc dcpop sha3 asimddp sha512 asimdfhm dit uscat ilrcpc flagm sb paca pacg dcpodp flagm2 frint i8mm bf16 bti afp
client-cluster-2-1  | 17-Sep-2026 09:43:44 [---] OS: Linux Debian GNU/Linux: Debian GNU/Linux 12 (bookworm) [6.8.0-100-generic|libc 2.36]
client-cluster-2-1  | 17-Sep-2026 09:43:44 [---] Memory: 9.69 GB physical, 0 bytes virtual
client-cluster-2-1  | 17-Sep-2026 09:43:44 [---] Disk: 18.33 GB total, 15.30 GB free
client-phone-1      | 17-Sep-2026 09:43:49 [---] Disk: 18.33 GB total, 15.30 GB free
client-phone-1      | 17-Sep-2026 09:43:49 [---] Local time is UTC +0 hours
client-phone-1      | 17-Sep-2026 09:43:49 [---] Config: GUI RPC allowed from any host
client-phone-1      | 17-Sep-2026 09:43:49 [---] Config: simulate 1 CPUs
client-phone-1      | 17-Sep-2026 09:43:49 [---] Config: report completed tasks immediately
client-phone-1      | 17-Sep-2026 09:43:49 [---] No general preferences found - using defaults
client-desktop-1    | 17-Sep-2026 09:43:44 [---]    max memory usage when idle: 8929.14 MB
client-desktop-1    | 17-Sep-2026 09:43:44 [---]    max disk usage: 2.00 GB
client-desktop-1    | 17-Sep-2026 09:43:44 [---]    don't use GPU while active
client-desktop-1    | 17-Sep-2026 09:43:44 [---]    suspend work if non-BOINC CPU load exceeds 25%
client-desktop-1    | 17-Sep-2026 09:43:44 [---]    (to change preferences, visit a project web site or select Preferences in the Manager)
client-desktop-1    | 17-Sep-2026 09:43:44 [---] Setting up project and slot directories
client-cluster-1    | 17-Sep-2026 09:43:44 [---] Config: simulate 4 CPUs
client-cluster-1    | 17-Sep-2026 09:43:44 [---] Config: report completed tasks immediately
client-cluster-1    | 17-Sep-2026 09:43:44 [---] No general preferences found - using defaults
client-cluster-1    | 17-Sep-2026 09:43:44 [---] Reading preferences override file
client-cluster-1    | 17-Sep-2026 09:43:44 [---] Preferences:
client-cluster-1    | 17-Sep-2026 09:43:44 [---]    max memory usage when active: 8929.14 MB
client-cluster-1    | 17-Sep-2026 09:43:44 [---]    max memory usage when idle: 8929.14 MB
client-cluster-1    | dir_open: Could not open directory 'slots' from '/var/lib/boinc-client'.
client-cluster-1    | 17-Sep-2026 09:43:44 [---]    max disk usage: 2.00 GB
client-cluster-1    | 17-Sep-2026 09:43:44 [---]    don't use GPU while active
apache-1            | 2026-09-17 09:45:03,010 INFO reaped unknown pid 362
apache-1            | 2026-09-17 09:45:03,010 INFO reaped unknown pid 363
apache-1            | 2026-09-17 09:45:03,010 INFO reaped unknown pid 367
client-cluster-2-1  | 17-Sep-2026 09:43:44 [---] Local time is UTC +0 hours
client-cluster-2-1  | 17-Sep-2026 09:43:44 [---] Config: GUI RPC allowed from any host
client-cluster-2-1  | 17-Sep-2026 09:43:44 [---] Config: simulate 4 CPUs
client-cluster-2-1  | 17-Sep-2026 09:43:44 [---] Config: report completed tasks immediately
client-cluster-2-1  | 17-Sep-2026 09:43:44 [---] No general preferences found - using defaults
client-cluster-2-1  | 17-Sep-2026 09:43:44 [---] Reading preferences override file
client-cluster-2-1  | 17-Sep-2026 09:43:44 [---] Preferences:
client-cluster-2-1  | 17-Sep-2026 09:43:44 [---]    max memory usage when active: 8929.14 MB
client-cluster-2-1  | 17-Sep-2026 09:43:44 [---]    max memory usage when idle: 8929.14 MB
client-cluster-2-1  | 17-Sep-2026 09:43:44 [---]    max disk usage: 2.00 GB
client-desktop-1    | 17-Sep-2026 09:43:44 [---] Checking active tasks
client-desktop-1    | 17-Sep-2026 09:43:44 [---] Setting up GUI RPC socket
client-desktop-1    | 17-Sep-2026 09:43:44 [---] Checking presence of 0 project files
client-desktop-1    | 17-Sep-2026 09:43:44 [---] This computer is not attached to any projects
makeproject-1       | 
client-low-power-1  | 17-Sep-2026 09:43:44 [---] Config: report completed tasks immediately
client-low-power-1  | dir_open: Could not open directory 'slots' from '/var/lib/boinc-client'.
client-low-power-1  | 17-Sep-2026 09:43:44 [---] No general preferences found - using defaults
client-low-power-1  | 17-Sep-2026 09:43:44 [---] Reading preferences override file
client-low-power-1  | 17-Sep-2026 09:43:44 [---] Preferences:
client-low-power-1  | 17-Sep-2026 09:43:44 [---]    max memory usage when active: 8929.14 MB
client-low-power-1  | 17-Sep-2026 09:43:44 [---]    max memory usage when idle: 8929.14 MB
client-low-power-1  | 17-Sep-2026 09:43:44 [---]    max disk usage: 2.00 GB
apache-1            | 2026-09-17 09:45:03,010 INFO reaped unknown pid 374
apache-1            | 2026-09-17 09:45:03,010 INFO reaped unknown pid 377
apache-1            | 2026-09-17 09:45:03,010 INFO reaped unknown pid 379
apache-1            | 2026-09-17 09:45:07,405 INFO reaped unknown pid 369
client-phone-1      | 17-Sep-2026 09:43:49 [---] Reading preferences override file
client-phone-1      | 17-Sep-2026 09:43:49 [---] Preferences:
client-phone-1      | 17-Sep-2026 09:43:49 [---]    max memory usage when active: 8929.14 MB
client-phone-1      | 17-Sep-2026 09:43:49 [---]    max memory usage when idle: 8929.14 MB
client-phone-1      | dir_open: Could not open directory 'slots' from '/var/lib/boinc-client'.
client-phone-1      | 17-Sep-2026 09:43:49 [---]    max disk usage: 2.00 GB
client-phone-1      | 17-Sep-2026 09:43:49 [---]    don't use GPU while active
client-phone-1      | 17-Sep-2026 09:43:49 [---]    suspend work if non-BOINC CPU load exceeds 25%
client-phone-1      | 17-Sep-2026 09:43:49 [---]    (to change preferences, visit a project web site or select Preferences in the Manager)
client-phone-1      | 17-Sep-2026 09:43:49 [---] Setting up project and slot directories
client-cluster-1    | 17-Sep-2026 09:43:44 [---]    suspend work if non-BOINC CPU load exceeds 25%
client-cluster-1    | 17-Sep-2026 09:43:44 [---]    (to change preferences, visit a project web site or select Preferences in the Manager)
client-cluster-1    | 17-Sep-2026 09:43:44 [---] Setting up project and slot directories
client-cluster-1    | 17-Sep-2026 09:43:44 [---] Checking active tasks
client-cluster-1    | 17-Sep-2026 09:43:44 [---] Setting up GUI RPC socket
client-cluster-1    | 17-Sep-2026 09:43:44 [---] Checking presence of 0 project files
client-low-power-1  | 17-Sep-2026 09:43:44 [---]    don't use GPU while active
client-low-power-1  | 17-Sep-2026 09:43:44 [---]    suspend work if non-BOINC CPU load exceeds 25%
apache-1            | 2026-09-17 09:45:07,524 INFO reaped unknown pid 370
apache-1            | 2026-09-17 09:45:07,629 INFO reaped unknown pid 372
client-phone-1      | 17-Sep-2026 09:43:49 [---] Checking active tasks
client-phone-1      | 17-Sep-2026 09:43:49 [---] Setting up GUI RPC socket
client-cluster-2-1  | 17-Sep-2026 09:43:44 [---]    don't use GPU while active
client-cluster-2-1  | 17-Sep-2026 09:43:44 [---]    suspend work if non-BOINC CPU load exceeds 25%
client-cluster-2-1  | 17-Sep-2026 09:43:44 [---]    (to change preferences, visit a project web site or select Preferences in the Manager)
client-cluster-2-1  | 17-Sep-2026 09:43:44 [---] Setting up project and slot directories
client-cluster-2-1  | 17-Sep-2026 09:43:44 [---] Checking active tasks
client-cluster-2-1  | 17-Sep-2026 09:43:44 [---] Setting up GUI RPC socket
mysql-1             | databases and anonymous user created by default.  This is
mysql-1             | strongly recommended for production servers.
mysql-1             | 
mysql-1             | See the MariaDB Knowledgebase at http://mariadb.com/kb or the
mysql-1             | MySQL manual for more instructions.
mysql-1             | 
mysql-1             | Please report any problems at http://mariadb.org/jira
mysql-1             | 
mysql-1             | The latest information about MariaDB is available at http://mariadb.org/.
mysql-1             | You can find additional information about the MySQL part at:
mysql-1             | http://dev.mysql.com
client-phone-2-1    | 17-Sep-2026 09:43:44 [---]    max memory usage when active: 8929.14 MB
client-phone-2-1    | 17-Sep-2026 09:43:44 [---]    max memory usage when idle: 8929.14 MB
client-phone-2-1    | 17-Sep-2026 09:43:44 [---]    max disk usage: 2.00 GB
client-phone-2-1    | 17-Sep-2026 09:43:44 [---]    don't use GPU while active
client-phone-2-1    | 17-Sep-2026 09:43:44 [---]    suspend work if non-BOINC CPU load exceeds 25%
client-phone-2-1    | 17-Sep-2026 09:43:44 [---]    (to change preferences, visit a project web site or select Preferences in the Manager)
client-phone-2-1    | 17-Sep-2026 09:43:44 [---] Setting up project and slot directories
client-phone-2-1    | 17-Sep-2026 09:43:44 [---] Checking active tasks
client-phone-2-1    | 17-Sep-2026 09:43:44 [---] Setting up GUI RPC socket
client-phone-2-1    | 17-Sep-2026 09:43:44 [---] Checking presence of 0 project files
client-phone-2-1    | 17-Sep-2026 09:43:44 [---] This computer is not attached to any projects
client-phone-2-1    | 17-Sep-2026 09:43:44 Initialization completed
client-phone-2-1    | dir_open: Could not open directory 'slots' from '/var/lib/boinc-client'.
client-phone-2-1    | dir_open: Could not open directory 'projects/boincserver.local_boincserver' from '/var/lib/boinc-client'.
client-phone-2-1    | 17-Sep-2026 09:43:45 [---] No general preferences found - using defaults
client-phone-2-1    | 17-Sep-2026 09:43:45 [---] Reading preferences override file
client-phone-2-1    | 17-Sep-2026 09:43:45 [---] Preferences:
client-phone-2-1    | 17-Sep-2026 09:43:45 [---]    max memory usage when active: 8929.14 MB
client-phone-2-1    | 17-Sep-2026 09:43:45 [---]    max memory usage when idle: 8929.14 MB
client-phone-2-1    | 17-Sep-2026 09:43:45 [---]    max disk usage: 2.00 GB
client-phone-2-1    | 17-Sep-2026 09:43:45 [---]    don't use GPU while active
client-phone-2-1    | 17-Sep-2026 09:43:45 [---]    suspend work if non-BOINC CPU load exceeds 25%
client-phone-2-1    | 17-Sep-2026 09:43:45 [---]    (to change preferences, visit a project web site or select Preferences in the Manager)
client-phone-2-1    | 17-Sep-2026 09:43:49 [http://boincserver.local/boincserver/] Fetching scheduler list
client-cluster-1    | 17-Sep-2026 09:43:44 [---] This computer is not attached to any projects
client-cluster-1    | 17-Sep-2026 09:43:44 Initialization completed
client-cluster-1    | dir_open: Could not open directory 'projects/boincserver.local_boincserver' from '/var/lib/boinc-client'.
client-cluster-1    | 17-Sep-2026 09:43:45 [---] No general preferences found - using defaults
client-cluster-1    | 17-Sep-2026 09:43:45 [---] Reading preferences override file
client-cluster-1    | 17-Sep-2026 09:43:45 [---] Preferences:
client-phone-2-1    | 17-Sep-2026 09:43:51 [http://boincserver.local/boincserver/] Master file download succeeded
client-phone-2-1    | 17-Sep-2026 09:43:56 [http://boincserver.local/boincserver/] Sending scheduler request: Project initialization.
client-phone-1      | 17-Sep-2026 09:43:49 [---] Checking presence of 0 project files
client-phone-1      | 17-Sep-2026 09:43:49 [---] This computer is not attached to any projects
client-phone-1      | 17-Sep-2026 09:43:49 Initialization completed
client-phone-1      | dir_open: Could not open directory 'projects/boincserver.local_boincserver' from '/var/lib/boinc-client'.
client-cluster-1    | 17-Sep-2026 09:43:45 [---]    max memory usage when active: 8929.14 MB
client-cluster-1    | 17-Sep-2026 09:43:45 [---]    max memory usage when idle: 8929.14 MB
client-cluster-1    | 17-Sep-2026 09:43:45 [---]    max disk usage: 2.00 GB
client-cluster-1    | 17-Sep-2026 09:43:45 [---]    don't use GPU while active
client-cluster-1    | 17-Sep-2026 09:43:45 [---]    suspend work if non-BOINC CPU load exceeds 25%
client-cluster-1    | 17-Sep-2026 09:43:45 [---]    (to change preferences, visit a project web site or select Preferences in the Manager)
client-cluster-1    | 17-Sep-2026 09:43:49 [http://boincserver.local/boincserver/] Fetching scheduler list
client-cluster-1    | 17-Sep-2026 09:43:51 [http://boincserver.local/boincserver/] Master file download succeeded
client-cluster-1    | 17-Sep-2026 09:43:56 [http://boincserver.local/boincserver/] Sending scheduler request: Project initialization.
client-cluster-1    | 17-Sep-2026 09:43:56 [http://boincserver.local/boincserver/] Requesting new tasks for CPU
client-cluster-1    | 17-Sep-2026 09:44:03 [boincserver] Scheduler request completed: got 1 new tasks
client-cluster-1    | 17-Sep-2026 09:44:03 [boincserver] Project requested delay of 7 seconds
client-cluster-1    | 17-Sep-2026 09:44:05 [boincserver] Started download of hybrid_synthetic_1.0_aarch64-unknown-linux-gnu
client-phone-1      | 17-Sep-2026 09:43:50 [---] No general preferences found - using defaults
client-phone-1      | 17-Sep-2026 09:43:50 [---] Reading preferences override file
client-phone-1      | 17-Sep-2026 09:43:50 [---] Preferences:
client-phone-1      | 17-Sep-2026 09:43:50 [---]    max memory usage when active: 8929.14 MB
mysql-1             | Consider joining MariaDB's strong and vibrant community:
mysql-1             | https://mariadb.org/get-involved/
mysql-1             | 
mysql-1             | Database initialized
mysql-1             | MySQL init process in progress...
mysql-1             | 2026-09-17  9:42:11 0 [Note] mysqld (mysqld 10.3.8-MariaDB-1:10.3.8+maria~bionic) starting as process 104 ...
mysql-1             | 2026-09-17  9:42:11 0 [Note] InnoDB: Using Linux native AIO
mysql-1             | 2026-09-17  9:42:11 0 [Note] InnoDB: Mutexes and rw_locks use GCC atomic builtins
mysql-1             | 2026-09-17  9:42:11 0 [Note] InnoDB: Uses event mutexes
client-cluster-2-1  | dir_open: Could not open directory 'slots' from '/var/lib/boinc-client'.
client-cluster-2-1  | 17-Sep-2026 09:43:44 [---] Checking presence of 0 project files
client-low-power-1  | 17-Sep-2026 09:43:44 [---]    (to change preferences, visit a project web site or select Preferences in the Manager)
client-low-power-1  | 17-Sep-2026 09:43:44 [---] Setting up project and slot directories
client-phone-2-1    | 17-Sep-2026 09:43:56 [http://boincserver.local/boincserver/] Requesting new tasks for CPU
client-phone-2-1    | 17-Sep-2026 09:43:58 [boincserver] Scheduler request completed: got 1 new tasks
client-phone-2-1    | 17-Sep-2026 09:43:58 [boincserver] Project requested delay of 7 seconds
client-phone-2-1    | 17-Sep-2026 09:44:00 [boincserver] Started download of hybrid_synthetic_1.0_aarch64-unknown-linux-gnu
client-phone-2-1    | 17-Sep-2026 09:44:00 [boincserver] Started download of hybrid_synthetic_input.txt
client-cluster-1    | 17-Sep-2026 09:44:05 [boincserver] Started download of hybrid_synthetic_input.txt
client-cluster-1    | 17-Sep-2026 09:44:07 [boincserver] Finished download of hybrid_synthetic_1.0_aarch64-unknown-linux-gnu
client-cluster-1    | 17-Sep-2026 09:44:07 [boincserver] Finished download of hybrid_synthetic_input.txt
mysql-1             | 2026-09-17  9:42:11 0 [Note] InnoDB: Compressed tables use zlib 1.2.11
mysql-1             | 2026-09-17  9:42:11 0 [Note] InnoDB: Number of pools: 1
client-cluster-2-1  | 17-Sep-2026 09:43:44 [---] This computer is not attached to any projects
client-cluster-2-1  | 17-Sep-2026 09:43:44 Initialization completed
client-cluster-2-1  | dir_open: Could not open directory 'projects/boincserver.local_boincserver' from '/var/lib/boinc-client'.
client-cluster-1    | 17-Sep-2026 09:44:07 [boincserver] Starting task exp_20260917T092942Z_lpt_long_5_0
client-cluster-1    | 17-Sep-2026 09:44:13 [boincserver] Sending scheduler request: To fetch work.
client-cluster-1    | 17-Sep-2026 09:44:13 [boincserver] Requesting new tasks for CPU
client-cluster-1    | 17-Sep-2026 09:44:20 [boincserver] Scheduler request completed: got 4 new tasks
client-cluster-1    | 17-Sep-2026 09:44:20 [boincserver] Project requested delay of 7 seconds
mysql-1             | 2026-09-17  9:42:11 0 [Note] InnoDB: Using generic crc32 instructions
mysql-1             | 2026-09-17  9:42:11 0 [Note] InnoDB: Initializing buffer pool, total size = 256M, instances = 1, chunk size = 128M
client-desktop-1    | 17-Sep-2026 09:43:44 Initialization completed
client-desktop-1    | dir_open: Could not open directory 'projects/boincserver.local_boincserver' from '/var/lib/boinc-client'.
client-cluster-2-1  | 17-Sep-2026 09:43:45 [---] No general preferences found - using defaults
client-cluster-2-1  | 17-Sep-2026 09:43:45 [---] Reading preferences override file
client-cluster-2-1  | 17-Sep-2026 09:43:45 [---] Preferences:
client-cluster-2-1  | 17-Sep-2026 09:43:45 [---]    max memory usage when active: 8929.14 MB
client-cluster-2-1  | 17-Sep-2026 09:43:45 [---]    max memory usage when idle: 8929.14 MB
client-cluster-2-1  | 17-Sep-2026 09:43:45 [---]    max disk usage: 2.00 GB
client-cluster-2-1  | 17-Sep-2026 09:43:45 [---]    don't use GPU while active
client-cluster-2-1  | 17-Sep-2026 09:43:45 [---]    suspend work if non-BOINC CPU load exceeds 25%
client-low-power-1  | 17-Sep-2026 09:43:44 [---] Checking active tasks
client-low-power-1  | 17-Sep-2026 09:43:44 [---] Setting up GUI RPC socket
mysql-1             | 2026-09-17  9:42:11 0 [Note] InnoDB: Completed initialization of buffer pool
mysql-1             | 2026-09-17  9:42:11 0 [Note] InnoDB: If the mysqld execution user is authorized, page cleaner thread priority can be changed. See the man page of setpriority().
mysql-1             | 2026-09-17  9:42:11 0 [Note] InnoDB: 128 out of 128 rollback segments are active.
mysql-1             | 2026-09-17  9:42:11 0 [Note] InnoDB: Creating shared tablespace for temporary tables
mysql-1             | 2026-09-17  9:42:11 0 [Note] InnoDB: Setting file './ibtmp1' size to 12 MB. Physically writing the file full; Please wait ...
mysql-1             | 2026-09-17  9:42:11 0 [Note] InnoDB: File './ibtmp1' size is now 12 MB.
mysql-1             | 2026-09-17  9:42:11 0 [Note] InnoDB: 10.3.8 started; log sequence number 1630815; transaction id 21
client-phone-1      | 17-Sep-2026 09:43:50 [---]    max memory usage when idle: 8929.14 MB
client-phone-1      | 17-Sep-2026 09:43:50 [---]    max disk usage: 2.00 GB
client-phone-1      | 17-Sep-2026 09:43:50 [---]    don't use GPU while active
client-phone-2-1    | 17-Sep-2026 09:44:02 [boincserver] Finished download of hybrid_synthetic_1.0_aarch64-unknown-linux-gnu
client-phone-2-1    | 17-Sep-2026 09:44:02 [boincserver] Finished download of hybrid_synthetic_input.txt
client-phone-2-1    | 17-Sep-2026 09:44:02 [boincserver] Starting task exp_20260917T092942Z_lpt_long_2_0
client-cluster-1    | 17-Sep-2026 09:44:22 [boincserver] Elapsed time limit 50.000000 < 120.000000; setting to 43200.000000
client-cluster-1    | 17-Sep-2026 09:44:22 [boincserver] Starting task exp_20260917T092942Z_lpt_medium_10_0
client-cluster-1    | 17-Sep-2026 09:44:22 [boincserver] Starting task exp_20260917T092942Z_lpt_medium_7_0
client-cluster-1    | 17-Sep-2026 09:44:22 [boincserver] Starting task exp_20260917T092942Z_lpt_short_1_0
client-phone-1      | 17-Sep-2026 09:43:50 [---]    suspend work if non-BOINC CPU load exceeds 25%
client-phone-1      | 17-Sep-2026 09:43:50 [---]    (to change preferences, visit a project web site or select Preferences in the Manager)
client-phone-2-1    | 17-Sep-2026 09:44:08 [boincserver] Sending scheduler request: To fetch work.
client-phone-2-1    | 17-Sep-2026 09:44:08 [boincserver] Requesting new tasks for CPU
client-cluster-1    | 17-Sep-2026 09:44:55 [boincserver] Sending scheduler request: To fetch work.
client-cluster-1    | 17-Sep-2026 09:44:55 [boincserver] Requesting new tasks for CPU
client-cluster-1    | 17-Sep-2026 09:44:57 [boincserver] Computation for task exp_20260917T092942Z_lpt_medium_10_0 finished
client-cluster-1    | 17-Sep-2026 09:44:57 [boincserver] Starting task exp_20260917T092942Z_lpt_medium_12_0
mysql-1             | 2026-09-17  9:42:11 0 [Note] InnoDB: Loading buffer pool(s) from /var/lib/mysql/ib_buffer_pool
mysql-1             | 2026-09-17  9:42:11 0 [Note] Plugin 'FEEDBACK' is disabled.
mysql-1             | 2026-09-17  9:42:11 0 [Note] InnoDB: Buffer pool(s) load completed at 260917  9:42:11
mysql-1             | 2026-09-17  9:42:11 0 [Warning] 'user' entry 'root@a65f1eb8afd5' ignored in --skip-name-resolve mode.
client-desktop-1    | 17-Sep-2026 09:43:45 [---] No general preferences found - using defaults
client-desktop-1    | 17-Sep-2026 09:43:45 [---] Reading preferences override file
client-desktop-1    | 17-Sep-2026 09:43:45 [---] Preferences:
client-desktop-1    | 17-Sep-2026 09:43:45 [---]    max memory usage when active: 8929.14 MB
client-phone-2-1    | 17-Sep-2026 09:44:10 [boincserver] Scheduler request completed: got 1 new tasks
client-phone-2-1    | 17-Sep-2026 09:44:10 [boincserver] Project requested delay of 7 seconds
client-phone-2-1    | 17-Sep-2026 09:44:20 [boincserver] Sending scheduler request: To fetch work.
mysql-1             | 2026-09-17  9:42:11 0 [Warning] 'user' entry '@a65f1eb8afd5' ignored in --skip-name-resolve mode.
client-desktop-1    | 17-Sep-2026 09:43:45 [---]    max memory usage when idle: 8929.14 MB
client-desktop-1    | 17-Sep-2026 09:43:45 [---]    max disk usage: 2.00 GB
client-desktop-1    | 17-Sep-2026 09:43:45 [---]    don't use GPU while active
client-desktop-1    | 17-Sep-2026 09:43:45 [---]    suspend work if non-BOINC CPU load exceeds 25%
client-desktop-1    | 17-Sep-2026 09:43:45 [---]    (to change preferences, visit a project web site or select Preferences in the Manager)
client-desktop-1    | 17-Sep-2026 09:43:49 [http://boincserver.local/boincserver/] Fetching scheduler list
client-desktop-1    | 17-Sep-2026 09:43:56 [http://boincserver.local/boincserver/] Master file download succeeded
client-desktop-1    | 17-Sep-2026 09:44:01 [http://boincserver.local/boincserver/] Sending scheduler request: Project initialization.
client-desktop-1    | 17-Sep-2026 09:44:01 [http://boincserver.local/boincserver/] Requesting new tasks for CPU
client-desktop-1    | 17-Sep-2026 09:44:03 [boincserver] Scheduler request completed: got 1 new tasks
client-desktop-1    | 17-Sep-2026 09:44:03 [boincserver] Project requested delay of 7 seconds
client-desktop-1    | 17-Sep-2026 09:44:05 [boincserver] Started download of hybrid_synthetic_1.0_aarch64-unknown-linux-gnu
client-desktop-1    | 17-Sep-2026 09:44:05 [boincserver] Started download of hybrid_synthetic_input.txt
client-phone-1      | 17-Sep-2026 09:43:54 [http://boincserver.local/boincserver/] Fetching scheduler list
client-phone-1      | 17-Sep-2026 09:43:56 [http://boincserver.local/boincserver/] Master file download succeeded
client-phone-1      | 17-Sep-2026 09:44:01 [http://boincserver.local/boincserver/] Sending scheduler request: Project initialization.
client-phone-1      | 17-Sep-2026 09:44:01 [http://boincserver.local/boincserver/] Requesting new tasks for CPU
client-phone-1      | 17-Sep-2026 09:44:03 [boincserver] Scheduler request completed: got 1 new tasks
client-phone-1      | 17-Sep-2026 09:44:03 [boincserver] Project requested delay of 7 seconds
client-phone-1      | 17-Sep-2026 09:44:05 [boincserver] Started download of hybrid_synthetic_1.0_aarch64-unknown-linux-gnu
client-phone-1      | 17-Sep-2026 09:44:05 [boincserver] Started download of hybrid_synthetic_input.txt
client-phone-1      | 17-Sep-2026 09:44:07 [boincserver] Finished download of hybrid_synthetic_1.0_aarch64-unknown-linux-gnu
client-phone-1      | 17-Sep-2026 09:44:07 [boincserver] Finished download of hybrid_synthetic_input.txt
client-cluster-2-1  | 17-Sep-2026 09:43:45 [---]    (to change preferences, visit a project web site or select Preferences in the Manager)
client-cluster-2-1  | 17-Sep-2026 09:43:49 [http://boincserver.local/boincserver/] Fetching scheduler list
client-cluster-2-1  | 17-Sep-2026 09:43:51 [http://boincserver.local/boincserver/] Master file download succeeded
client-phone-2-1    | 17-Sep-2026 09:44:20 [boincserver] Requesting new tasks for CPU
client-phone-2-1    | 17-Sep-2026 09:44:22 [boincserver] Scheduler request completed: got 0 new tasks
client-phone-2-1    | 17-Sep-2026 09:44:22 [boincserver] No tasks sent
client-phone-2-1    | 17-Sep-2026 09:44:22 [boincserver] This computer has reached a limit on tasks in progress
client-phone-2-1    | 17-Sep-2026 09:44:22 [boincserver] Project requested delay of 7 seconds
client-phone-2-1    | 17-Sep-2026 09:46:05 [boincserver] Computation for task exp_20260917T092942Z_lpt_long_2_0 finished
client-phone-2-1    | 17-Sep-2026 09:46:05 [boincserver] Starting task exp_20260917T092942Z_lpt_medium_1_0
client-phone-2-1    | 17-Sep-2026 09:46:07 [boincserver] Started upload of exp_20260917T092942Z_lpt_long_2_0_r1671060544_0
client-low-power-1  | 17-Sep-2026 09:43:44 [---] Checking presence of 0 project files
client-low-power-1  | 17-Sep-2026 09:43:44 [---] This computer is not attached to any projects
client-low-power-1  | 17-Sep-2026 09:43:44 Initialization completed
client-low-power-1  | dir_open: Could not open directory 'projects/boincserver.local_boincserver' from '/var/lib/boinc-client'.
client-low-power-1  | 17-Sep-2026 09:43:45 [---] No general preferences found - using defaults
client-low-power-1  | 17-Sep-2026 09:43:45 [---] Reading preferences override file
client-cluster-2-1  | 17-Sep-2026 09:43:56 [http://boincserver.local/boincserver/] Sending scheduler request: Project initialization.
client-cluster-2-1  | 17-Sep-2026 09:43:56 [http://boincserver.local/boincserver/] Requesting new tasks for CPU
client-cluster-1    | 17-Sep-2026 09:44:57 [boincserver] Scheduler request completed: got 3 new tasks
client-cluster-1    | 17-Sep-2026 09:44:57 [boincserver] Project requested delay of 7 seconds
client-cluster-1    | 17-Sep-2026 09:44:58 [boincserver] Computation for task exp_20260917T092942Z_lpt_medium_7_0 finished
client-cluster-1    | 17-Sep-2026 09:44:59 [boincserver] Started upload of exp_20260917T092942Z_lpt_medium_10_0_r485126904_0
client-cluster-1    | 17-Sep-2026 09:44:59 [boincserver] Computation for task exp_20260917T092942Z_lpt_short_1_0 finished
client-phone-1      | 17-Sep-2026 09:44:07 [boincserver] Starting task exp_20260917T092942Z_lpt_long_6_0
client-phone-1      | 17-Sep-2026 09:44:13 [boincserver] Sending scheduler request: To fetch work.
client-phone-1      | 17-Sep-2026 09:44:13 [boincserver] Requesting new tasks for CPU
client-phone-1      | 17-Sep-2026 09:44:20 [boincserver] Scheduler request completed: got 1 new tasks
client-phone-1      | 17-Sep-2026 09:44:20 [boincserver] Project requested delay of 7 seconds
client-phone-1      | 17-Sep-2026 09:44:30 [boincserver] Sending scheduler request: To fetch work.
client-phone-1      | 17-Sep-2026 09:44:30 [boincserver] Requesting new tasks for CPU
client-phone-1      | 17-Sep-2026 09:44:32 [boincserver] Scheduler request completed: got 0 new tasks
client-phone-1      | 17-Sep-2026 09:44:32 [boincserver] No tasks sent
client-phone-1      | 17-Sep-2026 09:44:32 [boincserver] This computer has reached a limit on tasks in progress
client-phone-1      | 17-Sep-2026 09:44:32 [boincserver] Project requested delay of 7 seconds
mysql-1             | 2026-09-17  9:42:11 0 [Warning] 'proxies_priv' entry '@% root@a65f1eb8afd5' ignored in --skip-name-resolve mode.
mysql-1             | 2026-09-17  9:42:11 0 [Note] Reading of all Master_info entries succeded
client-phone-2-1    | 17-Sep-2026 09:46:09 [boincserver] Finished upload of exp_20260917T092942Z_lpt_long_2_0_r1671060544_0
client-phone-2-1    | 17-Sep-2026 09:46:11 [boincserver] Sending scheduler request: To report completed tasks.
client-phone-2-1    | 17-Sep-2026 09:46:11 [boincserver] Reporting 1 completed tasks
client-phone-2-1    | 17-Sep-2026 09:46:11 [boincserver] Requesting new tasks for CPU
client-low-power-1  | 17-Sep-2026 09:43:45 [---] Preferences:
client-low-power-1  | 17-Sep-2026 09:43:45 [---]    max memory usage when active: 8929.14 MB
client-low-power-1  | 17-Sep-2026 09:43:45 [---]    max memory usage when idle: 8929.14 MB
client-desktop-1    | 17-Sep-2026 09:44:07 [boincserver] Finished download of hybrid_synthetic_1.0_aarch64-unknown-linux-gnu
client-desktop-1    | 17-Sep-2026 09:44:07 [boincserver] Finished download of hybrid_synthetic_input.txt
client-cluster-1    | 17-Sep-2026 09:44:59 [boincserver] Elapsed time limit 50.000000 < 120.000000; setting to 43200.000000
client-cluster-1    | 17-Sep-2026 09:44:59 [boincserver] Elapsed time limit 50.000000 < 120.000000; setting to 43200.000000
client-cluster-1    | 17-Sep-2026 09:44:59 [boincserver] Starting task exp_20260917T092942Z_lpt_short_6_0
client-cluster-1    | 17-Sep-2026 09:44:59 [boincserver] Starting task exp_20260917T092942Z_lpt_short_8_0
client-cluster-1    | 17-Sep-2026 09:45:00 [boincserver] Started upload of exp_20260917T092942Z_lpt_medium_7_0_r1496788265_0
client-cluster-1    | 17-Sep-2026 09:45:01 [boincserver] Finished upload of exp_20260917T092942Z_lpt_medium_10_0_r485126904_0
client-low-power-1  | 17-Sep-2026 09:43:45 [---]    max disk usage: 2.00 GB
client-low-power-1  | 17-Sep-2026 09:43:45 [---]    don't use GPU while active
client-low-power-1  | 17-Sep-2026 09:43:45 [---]    suspend work if non-BOINC CPU load exceeds 25%
client-low-power-1  | 17-Sep-2026 09:43:45 [---]    (to change preferences, visit a project web site or select Preferences in the Manager)
client-low-power-1  | 17-Sep-2026 09:43:49 [http://boincserver.local/boincserver/] Fetching scheduler list
client-low-power-1  | 17-Sep-2026 09:43:51 [http://boincserver.local/boincserver/] Master file download succeeded
client-low-power-1  | 17-Sep-2026 09:43:56 [http://boincserver.local/boincserver/] Sending scheduler request: Project initialization.
client-low-power-1  | 17-Sep-2026 09:43:56 [http://boincserver.local/boincserver/] Requesting new tasks for CPU
client-low-power-1  | 17-Sep-2026 09:43:58 [boincserver] Scheduler request completed: got 1 new tasks
client-low-power-1  | 17-Sep-2026 09:43:58 [boincserver] Project requested delay of 7 seconds
client-low-power-1  | 17-Sep-2026 09:44:00 [boincserver] Started download of hybrid_synthetic_1.0_aarch64-unknown-linux-gnu
client-low-power-1  | 17-Sep-2026 09:44:00 [boincserver] Started download of hybrid_synthetic_input.txt
client-phone-2-1    | 17-Sep-2026 09:46:46 [boincserver] Scheduler request completed: got 0 new tasks
client-phone-2-1    | 17-Sep-2026 09:46:46 [boincserver] Project has no tasks available
client-phone-2-1    | 17-Sep-2026 09:46:46 [boincserver] Project requested delay of 7 seconds
client-phone-2-1    | 17-Sep-2026 09:46:49 [boincserver] Computation for task exp_20260917T092942Z_lpt_medium_1_0 finished
client-phone-2-1    | 17-Sep-2026 09:46:51 [boincserver] Started upload of exp_20260917T092942Z_lpt_medium_1_0_r487451315_0
client-phone-2-1    | 17-Sep-2026 09:46:53 [boincserver] Finished upload of exp_20260917T092942Z_lpt_medium_1_0_r487451315_0
client-phone-2-1    | 17-Sep-2026 09:46:56 [boincserver] Sending scheduler request: To report completed tasks.
client-phone-2-1    | 17-Sep-2026 09:46:56 [boincserver] Reporting 1 completed tasks
client-phone-2-1    | 17-Sep-2026 09:46:56 [boincserver] Requesting new tasks for CPU
client-phone-2-1    | 17-Sep-2026 09:46:58 [boincserver] Scheduler request completed: got 0 new tasks
client-phone-2-1    | 17-Sep-2026 09:46:58 [boincserver] Project has no tasks available
client-cluster-1    | 17-Sep-2026 09:45:01 [boincserver] Finished upload of exp_20260917T092942Z_lpt_medium_7_0_r1496788265_0
client-desktop-1    | 17-Sep-2026 09:44:07 [boincserver] Starting task exp_20260917T092942Z_lpt_long_4_0
client-desktop-1    | 17-Sep-2026 09:44:13 [boincserver] Sending scheduler request: To fetch work.
client-desktop-1    | 17-Sep-2026 09:44:13 [boincserver] Requesting new tasks for CPU
client-desktop-1    | 17-Sep-2026 09:44:20 [boincserver] Scheduler request completed: got 2 new tasks
client-phone-2-1    | 17-Sep-2026 09:46:58 [boincserver] Project requested delay of 7 seconds
client-phone-2-1    | 17-Sep-2026 09:47:08 [boincserver] Sending scheduler request: To fetch work.
client-phone-1      | 17-Sep-2026 09:46:39 [boincserver] Computation for task exp_20260917T092942Z_lpt_long_6_0 finished
client-phone-1      | 17-Sep-2026 09:46:39 [boincserver] Starting task exp_20260917T092942Z_lpt_medium_11_0
client-phone-1      | 17-Sep-2026 09:46:41 [boincserver] Started upload of exp_20260917T092942Z_lpt_long_6_0_r654767597_0
client-phone-1      | 17-Sep-2026 09:46:43 [boincserver] Finished upload of exp_20260917T092942Z_lpt_long_6_0_r654767597_0
client-phone-1      | 17-Sep-2026 09:46:46 [boincserver] Sending scheduler request: To report completed tasks.
client-phone-1      | 17-Sep-2026 09:46:46 [boincserver] Reporting 1 completed tasks
client-desktop-1    | 17-Sep-2026 09:44:20 [boincserver] Project requested delay of 7 seconds
client-desktop-1    | 17-Sep-2026 09:44:22 [boincserver] Starting task exp_20260917T092942Z_lpt_medium_8_0
client-cluster-1    | 17-Sep-2026 09:45:01 [boincserver] Started upload of exp_20260917T092942Z_lpt_short_1_0_r1392843782_0
client-cluster-1    | 17-Sep-2026 09:45:03 [boincserver] Finished upload of exp_20260917T092942Z_lpt_short_1_0_r1392843782_0
client-phone-1      | 17-Sep-2026 09:46:46 [boincserver] Requesting new tasks for CPU
client-phone-1      | 17-Sep-2026 09:46:48 [boincserver] Scheduler request completed: got 0 new tasks
client-phone-1      | 17-Sep-2026 09:46:48 [boincserver] Project has no tasks available
client-phone-1      | 17-Sep-2026 09:46:48 [boincserver] Project requested delay of 7 seconds
client-phone-1      | 17-Sep-2026 09:46:58 [boincserver] Sending scheduler request: To fetch work.
client-phone-1      | 17-Sep-2026 09:46:58 [boincserver] Requesting new tasks for CPU
client-phone-1      | 17-Sep-2026 09:47:00 [boincserver] Scheduler request completed: got 0 new tasks
client-phone-1      | 17-Sep-2026 09:47:00 [boincserver] Project has no tasks available
client-phone-1      | 17-Sep-2026 09:47:00 [boincserver] Project requested delay of 7 seconds
client-phone-1      | 17-Sep-2026 09:47:39 [boincserver] Computation for task exp_20260917T092942Z_lpt_medium_11_0 finished
client-phone-1      | 17-Sep-2026 09:47:41 [boincserver] Started upload of exp_20260917T092942Z_lpt_medium_11_0_r2130701154_0
client-phone-2-1    | 17-Sep-2026 09:47:08 [boincserver] Requesting new tasks for CPU
client-phone-2-1    | 17-Sep-2026 09:47:10 [boincserver] Scheduler request completed: got 0 new tasks
client-phone-2-1    | 17-Sep-2026 09:47:10 [boincserver] Project has no tasks available
client-phone-2-1    | 17-Sep-2026 09:47:10 [boincserver] Project requested delay of 7 seconds
client-cluster-1    | 17-Sep-2026 09:45:07 [boincserver] Computation for task exp_20260917T092942Z_lpt_short_6_0 finished
client-cluster-1    | 17-Sep-2026 09:45:07 [boincserver] Elapsed time limit 50.000000 < 120.000000; setting to 43200.000000
client-cluster-1    | 17-Sep-2026 09:45:07 [boincserver] Starting task exp_20260917T092942Z_lpt_short_7_0
client-cluster-1    | 17-Sep-2026 09:45:07 [boincserver] Sending scheduler request: To report completed tasks.
client-cluster-1    | 17-Sep-2026 09:45:07 [boincserver] Reporting 3 completed tasks
client-cluster-1    | 17-Sep-2026 09:45:07 [boincserver] Requesting new tasks for CPU
client-phone-1      | 17-Sep-2026 09:47:43 [boincserver] Finished upload of exp_20260917T092942Z_lpt_medium_11_0_r2130701154_0
client-phone-1      | 17-Sep-2026 09:47:46 [boincserver] Sending scheduler request: To report completed tasks.
client-phone-1      | 17-Sep-2026 09:47:46 [boincserver] Reporting 1 completed tasks
client-phone-1      | 17-Sep-2026 09:47:46 [boincserver] Requesting new tasks for CPU
client-phone-1      | 17-Sep-2026 09:47:48 [boincserver] Scheduler request completed: got 0 new tasks
client-low-power-1  | 17-Sep-2026 09:44:02 [boincserver] Finished download of hybrid_synthetic_1.0_aarch64-unknown-linux-gnu
client-low-power-1  | 17-Sep-2026 09:44:02 [boincserver] Finished download of hybrid_synthetic_input.txt
client-low-power-1  | 17-Sep-2026 09:44:02 [boincserver] Starting task exp_20260917T092942Z_lpt_long_1_0
client-low-power-1  | 17-Sep-2026 09:44:08 [boincserver] Sending scheduler request: To fetch work.
client-low-power-1  | 17-Sep-2026 09:44:08 [boincserver] Requesting new tasks for CPU
client-low-power-1  | 17-Sep-2026 09:44:10 [boincserver] Scheduler request completed: got 1 new tasks
client-low-power-1  | 17-Sep-2026 09:44:10 [boincserver] Project requested delay of 7 seconds
client-low-power-1  | 17-Sep-2026 09:44:20 [boincserver] Sending scheduler request: To fetch work.
client-cluster-2-1  | 17-Sep-2026 09:44:03 [boincserver] Scheduler request completed: got 1 new tasks
client-cluster-2-1  | 17-Sep-2026 09:44:03 [boincserver] Project requested delay of 7 seconds
client-cluster-2-1  | 17-Sep-2026 09:44:05 [boincserver] Started download of hybrid_synthetic_1.0_aarch64-unknown-linux-gnu
client-phone-1      | 17-Sep-2026 09:47:48 [boincserver] Project has no tasks available
client-phone-1      | 17-Sep-2026 09:47:48 [boincserver] Project requested delay of 7 seconds
client-phone-1      | 17-Sep-2026 09:47:59 [boincserver] Sending scheduler request: To fetch work.
client-low-power-1  | 17-Sep-2026 09:44:20 [boincserver] Requesting new tasks for CPU
client-low-power-1  | 17-Sep-2026 09:44:22 [boincserver] Scheduler request completed: got 0 new tasks
client-low-power-1  | 17-Sep-2026 09:44:22 [boincserver] No tasks sent
client-low-power-1  | 17-Sep-2026 09:44:22 [boincserver] This computer has reached a limit on tasks in progress
client-low-power-1  | 17-Sep-2026 09:44:22 [boincserver] Project requested delay of 7 seconds
client-low-power-1  | 17-Sep-2026 09:46:29 [boincserver] Computation for task exp_20260917T092942Z_lpt_long_1_0 finished
client-low-power-1  | 17-Sep-2026 09:46:29 [boincserver] Starting task exp_20260917T092942Z_lpt_medium_2_0
client-low-power-1  | 17-Sep-2026 09:46:31 [boincserver] Started upload of exp_20260917T092942Z_lpt_long_1_0_r2034175285_0
client-low-power-1  | 17-Sep-2026 09:46:33 [boincserver] Finished upload of exp_20260917T092942Z_lpt_long_1_0_r2034175285_0
client-low-power-1  | 17-Sep-2026 09:46:36 [boincserver] Sending scheduler request: To report completed tasks.
client-desktop-1    | 17-Sep-2026 09:44:30 [boincserver] Sending scheduler request: To fetch work.
client-desktop-1    | 17-Sep-2026 09:44:30 [boincserver] Requesting new tasks for CPU
client-desktop-1    | 17-Sep-2026 09:44:32 [boincserver] Scheduler request completed: got 1 new tasks
client-desktop-1    | 17-Sep-2026 09:44:32 [boincserver] Project requested delay of 7 seconds
client-desktop-1    | 17-Sep-2026 09:44:42 [boincserver] Sending scheduler request: To fetch work.
client-desktop-1    | 17-Sep-2026 09:44:42 [boincserver] Requesting new tasks for CPU
client-desktop-1    | 17-Sep-2026 09:45:15 [boincserver] Scheduler request completed: got 0 new tasks
client-desktop-1    | 17-Sep-2026 09:45:15 [boincserver] No tasks sent
client-desktop-1    | 17-Sep-2026 09:45:15 [boincserver] This computer has reached a limit on tasks in progress
client-desktop-1    | 17-Sep-2026 09:45:15 [boincserver] Project requested delay of 7 seconds
client-cluster-1    | 17-Sep-2026 09:45:08 [boincserver] Computation for task exp_20260917T092942Z_lpt_short_8_0 finished
client-cluster-1    | 17-Sep-2026 09:45:09 [boincserver] Started upload of exp_20260917T092942Z_lpt_short_6_0_r1874580145_0
client-cluster-1    | 17-Sep-2026 09:45:09 [boincserver] Scheduler request completed: got 3 new tasks
client-cluster-2-1  | 17-Sep-2026 09:44:05 [boincserver] Started download of hybrid_synthetic_input.txt
client-cluster-2-1  | 17-Sep-2026 09:44:07 [boincserver] Finished download of hybrid_synthetic_1.0_aarch64-unknown-linux-gnu
client-cluster-2-1  | 17-Sep-2026 09:44:07 [boincserver] Finished download of hybrid_synthetic_input.txt
client-cluster-2-1  | 17-Sep-2026 09:44:07 [boincserver] Starting task exp_20260917T092942Z_lpt_long_3_0
client-cluster-2-1  | 17-Sep-2026 09:44:13 [boincserver] Sending scheduler request: To fetch work.
client-cluster-2-1  | 17-Sep-2026 09:44:13 [boincserver] Requesting new tasks for CPU
client-cluster-2-1  | 17-Sep-2026 09:44:15 [boincserver] Scheduler request completed: got 4 new tasks
client-cluster-2-1  | 17-Sep-2026 09:44:15 [boincserver] Project requested delay of 7 seconds
client-cluster-2-1  | 17-Sep-2026 09:44:17 [boincserver] Starting task exp_20260917T092942Z_lpt_medium_6_0
client-cluster-2-1  | 17-Sep-2026 09:44:17 [boincserver] Starting task exp_20260917T092942Z_lpt_medium_4_0
client-cluster-2-1  | 17-Sep-2026 09:44:17 [boincserver] Starting task exp_20260917T092942Z_lpt_medium_3_0
client-cluster-2-1  | 17-Sep-2026 09:44:25 [boincserver] Sending scheduler request: To fetch work.
client-cluster-2-1  | 17-Sep-2026 09:44:25 [boincserver] Requesting new tasks for CPU
client-cluster-2-1  | 17-Sep-2026 09:44:27 [boincserver] Scheduler request completed: got 3 new tasks
mysql-1             | 2026-09-17  9:42:11 0 [Note] Added new Master_info '' to hash table
mysql-1             | 2026-09-17  9:42:11 0 [Note] mysqld: ready for connections.
client-low-power-1  | 17-Sep-2026 09:46:36 [boincserver] Reporting 1 completed tasks
client-low-power-1  | 17-Sep-2026 09:46:36 [boincserver] Requesting new tasks for CPU
client-low-power-1  | 17-Sep-2026 09:46:38 [boincserver] Scheduler request completed: got 0 new tasks
client-low-power-1  | 17-Sep-2026 09:46:38 [boincserver] Project has no tasks available
client-low-power-1  | 17-Sep-2026 09:46:38 [boincserver] Project requested delay of 7 seconds
client-low-power-1  | 17-Sep-2026 09:46:48 [boincserver] Sending scheduler request: To fetch work.
client-low-power-1  | 17-Sep-2026 09:46:48 [boincserver] Requesting new tasks for CPU
client-low-power-1  | 17-Sep-2026 09:46:55 [boincserver] Scheduler request completed: got 0 new tasks
client-low-power-1  | 17-Sep-2026 09:46:55 [boincserver] Project has no tasks available
client-low-power-1  | 17-Sep-2026 09:46:55 [boincserver] Project requested delay of 7 seconds
client-low-power-1  | 17-Sep-2026 09:47:29 [boincserver] Computation for task exp_20260917T092942Z_lpt_medium_2_0 finished
client-desktop-1    | 17-Sep-2026 09:45:18 [boincserver] Computation for task exp_20260917T092942Z_lpt_medium_8_0 finished
client-desktop-1    | 17-Sep-2026 09:45:18 [boincserver] Starting task exp_20260917T092942Z_lpt_medium_9_0
client-desktop-1    | 17-Sep-2026 09:45:20 [boincserver] Started upload of exp_20260917T092942Z_lpt_medium_8_0_r1610345103_0
client-desktop-1    | 17-Sep-2026 09:45:22 [boincserver] Finished upload of exp_20260917T092942Z_lpt_medium_8_0_r1610345103_0
client-desktop-1    | 17-Sep-2026 09:45:25 [boincserver] Sending scheduler request: To report completed tasks.
client-desktop-1    | 17-Sep-2026 09:45:25 [boincserver] Reporting 1 completed tasks
client-desktop-1    | 17-Sep-2026 09:45:25 [boincserver] Requesting new tasks for CPU
client-desktop-1    | 17-Sep-2026 09:45:32 [boincserver] Scheduler request completed: got 0 new tasks
client-desktop-1    | 17-Sep-2026 09:45:32 [boincserver] Project has no tasks available
mysql-1             | Version: '10.3.8-MariaDB-1:10.3.8+maria~bionic'  socket: '/var/run/mysqld/mysqld.sock'  port: 0  mariadb.org binary distribution
mysql-1             | Warning: Unable to load '/usr/share/zoneinfo/leap-seconds.list' as time zone. Skipping it.
mysql-1             | 2026-09-17  9:42:13 10 [Warning] 'proxies_priv' entry '@% root@a65f1eb8afd5' ignored in --skip-name-resolve mode.
mysql-1             | 
mysql-1             | 2026-09-17  9:42:13 0 [Note] mysqld (initiated by: unknown): Normal shutdown
mysql-1             | 2026-09-17  9:42:13 0 [Note] Event Scheduler: Purging the queue. 0 events
mysql-1             | 2026-09-17  9:42:13 0 [Note] InnoDB: FTS optimize thread exiting.
mysql-1             | 2026-09-17  9:42:13 0 [Note] InnoDB: Starting shutdown...
mysql-1             | 2026-09-17  9:42:13 0 [Note] InnoDB: Dumping buffer pool(s) to /var/lib/mysql/ib_buffer_pool
mysql-1             | 2026-09-17  9:42:13 0 [Note] InnoDB: Buffer pool(s) dump completed at 260917  9:42:13
mysql-1             | 2026-09-17  9:42:14 0 [Note] InnoDB: Shutdown completed; log sequence number 1630824; transaction id 24
client-low-power-1  | 17-Sep-2026 09:47:31 [boincserver] Started upload of exp_20260917T092942Z_lpt_medium_2_0_r595582106_0
client-low-power-1  | 17-Sep-2026 09:47:33 [boincserver] Finished upload of exp_20260917T092942Z_lpt_medium_2_0_r595582106_0
client-low-power-1  | 17-Sep-2026 09:47:36 [boincserver] Sending scheduler request: To report completed tasks.
client-cluster-1    | 17-Sep-2026 09:45:09 [boincserver] Project requested delay of 7 seconds
client-cluster-1    | 17-Sep-2026 09:45:10 [boincserver] Started upload of exp_20260917T092942Z_lpt_short_8_0_r1021916988_0
mysql-1             | 2026-09-17  9:42:14 0 [Note] InnoDB: Removed temporary tablespace data file: "ibtmp1"
mysql-1             | 2026-09-17  9:42:14 0 [Note] mysqld: Shutdown complete
mysql-1             | 
mysql-1             | 
mysql-1             | MySQL init process done. Ready for start up.
mysql-1             | 
mysql-1             | 2026-09-17  9:42:14 0 [Note] mysqld (mysqld 10.3.8-MariaDB-1:10.3.8+maria~bionic) starting as process 1 ...
mysql-1             | 2026-09-17  9:42:14 0 [Note] InnoDB: Using Linux native AIO
mysql-1             | 2026-09-17  9:42:14 0 [Note] InnoDB: Mutexes and rw_locks use GCC atomic builtins
mysql-1             | 2026-09-17  9:42:14 0 [Note] InnoDB: Uses event mutexes
mysql-1             | 2026-09-17  9:42:14 0 [Note] InnoDB: Compressed tables use zlib 1.2.11
client-cluster-2-1  | 17-Sep-2026 09:44:27 [boincserver] Project requested delay of 7 seconds
client-cluster-2-1  | 17-Sep-2026 09:45:05 [boincserver] Sending scheduler request: To fetch work.
client-cluster-2-1  | 17-Sep-2026 09:45:05 [boincserver] Requesting new tasks for CPU
client-cluster-2-1  | 17-Sep-2026 09:45:07 [boincserver] Computation for task exp_20260917T092942Z_lpt_medium_6_0 finished
client-cluster-2-1  | 17-Sep-2026 09:45:07 [boincserver] Starting task exp_20260917T092942Z_lpt_medium_5_0
client-cluster-2-1  | 17-Sep-2026 09:45:08 [boincserver] Computation for task exp_20260917T092942Z_lpt_medium_4_0 finished
client-cluster-2-1  | 17-Sep-2026 09:45:08 [boincserver] Elapsed time limit 50.000000 < 120.000000; setting to 43200.000000
client-cluster-2-1  | 17-Sep-2026 09:45:08 [boincserver] Starting task exp_20260917T092942Z_lpt_short_2_0
client-cluster-2-1  | 17-Sep-2026 09:45:09 [boincserver] Started upload of exp_20260917T092942Z_lpt_medium_6_0_r1798963984_0
client-cluster-2-1  | 17-Sep-2026 09:45:09 [boincserver] Computation for task exp_20260917T092942Z_lpt_medium_3_0 finished
client-cluster-2-1  | 17-Sep-2026 09:45:09 [boincserver] Elapsed time limit 50.000000 < 120.000000; setting to 43200.000000
client-cluster-2-1  | 17-Sep-2026 09:45:09 [boincserver] Starting task exp_20260917T092942Z_lpt_short_3_0
client-cluster-2-1  | 17-Sep-2026 09:45:10 [boincserver] Started upload of exp_20260917T092942Z_lpt_medium_4_0_r135101527_0
client-cluster-2-1  | 17-Sep-2026 09:45:11 [boincserver] Finished upload of exp_20260917T092942Z_lpt_medium_6_0_r1798963984_0
client-cluster-2-1  | 17-Sep-2026 09:45:11 [boincserver] Finished upload of exp_20260917T092942Z_lpt_medium_4_0_r135101527_0
client-cluster-2-1  | 17-Sep-2026 09:45:11 [boincserver] Started upload of exp_20260917T092942Z_lpt_medium_3_0_r1858314826_0
client-cluster-2-1  | 17-Sep-2026 09:45:11 [boincserver] Scheduler request completed: got 0 new tasks
client-cluster-2-1  | 17-Sep-2026 09:45:11 [boincserver] No tasks sent
client-cluster-2-1  | 17-Sep-2026 09:45:11 [boincserver] This computer has reached a limit on tasks in progress
client-cluster-2-1  | 17-Sep-2026 09:45:11 [boincserver] Project requested delay of 7 seconds
client-cluster-2-1  | 17-Sep-2026 09:45:13 [boincserver] Finished upload of exp_20260917T092942Z_lpt_medium_3_0_r1858314826_0
mysql-1             | 2026-09-17  9:42:14 0 [Note] InnoDB: Number of pools: 1
mysql-1             | 2026-09-17  9:42:14 0 [Note] InnoDB: Using generic crc32 instructions
client-desktop-1    | 17-Sep-2026 09:45:32 [boincserver] Project requested delay of 7 seconds
client-desktop-1    | 17-Sep-2026 09:45:42 [boincserver] Sending scheduler request: To fetch work.
client-desktop-1    | 17-Sep-2026 09:45:42 [boincserver] Requesting new tasks for CPU
client-desktop-1    | 17-Sep-2026 09:46:15 [boincserver] Scheduler request completed: got 0 new tasks
client-desktop-1    | 17-Sep-2026 09:46:15 [boincserver] Project has no tasks available
client-desktop-1    | 17-Sep-2026 09:46:15 [boincserver] Project requested delay of 7 seconds
client-desktop-1    | 17-Sep-2026 09:46:18 [boincserver] Computation for task exp_20260917T092942Z_lpt_long_4_0 finished
client-desktop-1    | 17-Sep-2026 09:46:18 [boincserver] Elapsed time limit 50.000000 < 120.000000; setting to 43200.000000
client-low-power-1  | 17-Sep-2026 09:47:36 [boincserver] Reporting 1 completed tasks
client-low-power-1  | 17-Sep-2026 09:47:36 [boincserver] Requesting new tasks for CPU
mysql-1             | 2026-09-17  9:42:14 0 [Note] InnoDB: Initializing buffer pool, total size = 256M, instances = 1, chunk size = 128M
mysql-1             | 2026-09-17  9:42:14 0 [Note] InnoDB: Completed initialization of buffer pool
client-cluster-2-1  | 17-Sep-2026 09:45:16 [boincserver] Computation for task exp_20260917T092942Z_lpt_short_2_0 finished
client-cluster-2-1  | 17-Sep-2026 09:45:16 [boincserver] Elapsed time limit 50.000000 < 120.000000; setting to 43200.000000
client-phone-1      | 17-Sep-2026 09:47:59 [boincserver] Requesting new tasks for CPU
client-cluster-1    | 17-Sep-2026 09:45:11 [boincserver] Finished upload of exp_20260917T092942Z_lpt_short_6_0_r1874580145_0
client-cluster-1    | 17-Sep-2026 09:45:11 [boincserver] Finished upload of exp_20260917T092942Z_lpt_short_8_0_r1021916988_0
mysql-1             | 2026-09-17  9:42:14 0 [Note] InnoDB: If the mysqld execution user is authorized, page cleaner thread priority can be changed. See the man page of setpriority().
mysql-1             | 2026-09-17  9:42:14 0 [Note] InnoDB: 128 out of 128 rollback segments are active.
client-cluster-2-1  | 17-Sep-2026 09:45:16 [boincserver] Starting task exp_20260917T092942Z_lpt_short_4_0
client-cluster-2-1  | 17-Sep-2026 09:45:17 [boincserver] Computation for task exp_20260917T092942Z_lpt_short_3_0 finished
client-cluster-1    | 17-Sep-2026 09:45:11 [boincserver] Elapsed time limit 50.000000 < 120.000000; setting to 43200.000000
client-cluster-1    | 17-Sep-2026 09:45:11 [boincserver] Starting task exp_20260917T092942Z_lpt_short_11_0
client-cluster-1    | 17-Sep-2026 09:45:15 [boincserver] Computation for task exp_20260917T092942Z_lpt_short_7_0 finished
client-cluster-1    | 17-Sep-2026 09:45:15 [boincserver] Elapsed time limit 50.000000 < 120.000000; setting to 43200.000000
client-cluster-1    | 17-Sep-2026 09:45:15 [boincserver] Starting task exp_20260917T092942Z_lpt_short_10_0
client-cluster-1    | 17-Sep-2026 09:45:17 [boincserver] Started upload of exp_20260917T092942Z_lpt_short_7_0_r940544962_0
client-cluster-1    | 17-Sep-2026 09:45:19 [boincserver] Finished upload of exp_20260917T092942Z_lpt_short_7_0_r940544962_0
client-cluster-1    | 17-Sep-2026 09:45:19 [boincserver] Computation for task exp_20260917T092942Z_lpt_short_11_0 finished
client-cluster-1    | 17-Sep-2026 09:45:19 [boincserver] Elapsed time limit 50.000000 < 120.000000; setting to 43200.000000
client-cluster-1    | 17-Sep-2026 09:45:19 [boincserver] Starting task exp_20260917T092942Z_lpt_short_12_0
client-cluster-1    | 17-Sep-2026 09:45:19 [boincserver] Sending scheduler request: To report completed tasks.
client-low-power-1  | 17-Sep-2026 09:47:38 [boincserver] Scheduler request completed: got 0 new tasks
client-low-power-1  | 17-Sep-2026 09:47:38 [boincserver] Project has no tasks available
client-low-power-1  | 17-Sep-2026 09:47:38 [boincserver] Project requested delay of 7 seconds
mysql-1             | 2026-09-17  9:42:14 0 [Note] InnoDB: Creating shared tablespace for temporary tables
mysql-1             | 2026-09-17  9:42:14 0 [Note] InnoDB: Setting file './ibtmp1' size to 12 MB. Physically writing the file full; Please wait ...
client-cluster-2-1  | 17-Sep-2026 09:45:18 [boincserver] Started upload of exp_20260917T092942Z_lpt_short_2_0_r55304775_0
client-cluster-2-1  | 17-Sep-2026 09:45:19 [boincserver] Started upload of exp_20260917T092942Z_lpt_short_3_0_r1286767256_0
client-low-power-1  | 17-Sep-2026 09:47:48 [boincserver] Sending scheduler request: To fetch work.
client-low-power-1  | 17-Sep-2026 09:47:48 [boincserver] Requesting new tasks for CPU
client-low-power-1  | 17-Sep-2026 09:47:50 [boincserver] Scheduler request completed: got 0 new tasks
client-desktop-1    | 17-Sep-2026 09:46:18 [boincserver] Starting task exp_20260917T092942Z_lpt_short_5_0
client-desktop-1    | 17-Sep-2026 09:46:19 [boincserver] Computation for task exp_20260917T092942Z_lpt_medium_9_0 finished
client-desktop-1    | 17-Sep-2026 09:46:20 [boincserver] Started upload of exp_20260917T092942Z_lpt_long_4_0_r230123295_0
client-desktop-1    | 17-Sep-2026 09:46:21 [boincserver] Started upload of exp_20260917T092942Z_lpt_medium_9_0_r1027063712_0
client-desktop-1    | 17-Sep-2026 09:46:23 [boincserver] Finished upload of exp_20260917T092942Z_lpt_long_4_0_r230123295_0
client-cluster-2-1  | 17-Sep-2026 09:45:20 [boincserver] Finished upload of exp_20260917T092942Z_lpt_short_2_0_r55304775_0
client-cluster-2-1  | 17-Sep-2026 09:45:20 [boincserver] Finished upload of exp_20260917T092942Z_lpt_short_3_0_r1286767256_0
client-cluster-2-1  | 17-Sep-2026 09:45:21 [boincserver] Sending scheduler request: To report completed tasks.
mysql-1             | 2026-09-17  9:42:14 0 [Note] InnoDB: File './ibtmp1' size is now 12 MB.
mysql-1             | 2026-09-17  9:42:14 0 [Note] InnoDB: 10.3.8 started; log sequence number 1630824; transaction id 21
client-cluster-1    | 17-Sep-2026 09:45:19 [boincserver] Reporting 3 completed tasks
client-cluster-1    | 17-Sep-2026 09:45:19 [boincserver] Requesting new tasks for CPU
client-cluster-1    | 17-Sep-2026 09:45:21 [boincserver] Started upload of exp_20260917T092942Z_lpt_short_11_0_r61186783_0
client-cluster-1    | 17-Sep-2026 09:45:21 [boincserver] Scheduler request completed: got 3 new tasks
client-cluster-1    | 17-Sep-2026 09:45:21 [boincserver] Project requested delay of 7 seconds
client-cluster-1    | 17-Sep-2026 09:45:23 [boincserver] Finished upload of exp_20260917T092942Z_lpt_short_11_0_r61186783_0
client-cluster-2-1  | 17-Sep-2026 09:45:21 [boincserver] Reporting 5 completed tasks
client-cluster-2-1  | 17-Sep-2026 09:45:21 [boincserver] Requesting new tasks for CPU
mysql-1             | 2026-09-17  9:42:14 0 [Note] InnoDB: Loading buffer pool(s) from /var/lib/mysql/ib_buffer_pool
mysql-1             | 2026-09-17  9:42:14 0 [Note] Plugin 'FEEDBACK' is disabled.
mysql-1             | 2026-09-17  9:42:14 0 [Note] InnoDB: Buffer pool(s) load completed at 260917  9:42:14
mysql-1             | 2026-09-17  9:42:14 0 [Note] Server socket created on IP: '::'.
client-cluster-2-1  | 17-Sep-2026 09:45:23 [boincserver] Scheduler request completed: got 4 new tasks
client-cluster-2-1  | 17-Sep-2026 09:45:23 [boincserver] Project requested delay of 7 seconds
client-cluster-2-1  | 17-Sep-2026 09:45:24 [boincserver] Computation for task exp_20260917T092942Z_lpt_short_4_0 finished
client-cluster-2-1  | 17-Sep-2026 09:45:25 [boincserver] Elapsed time limit 50.000000 < 120.000000; setting to 43200.000000
client-cluster-2-1  | 17-Sep-2026 09:45:25 [boincserver] Elapsed time limit 50.000000 < 120.000000; setting to 43200.000000
client-cluster-2-1  | 17-Sep-2026 09:45:25 [boincserver] Starting task exp_20260917T092942Z_lpt_short_18_0
client-cluster-2-1  | 17-Sep-2026 09:45:25 [boincserver] Starting task exp_20260917T092942Z_lpt_short_15_0
client-cluster-2-1  | 17-Sep-2026 09:45:26 [boincserver] Started upload of exp_20260917T092942Z_lpt_short_4_0_r2146266052_0
client-cluster-2-1  | 17-Sep-2026 09:45:28 [boincserver] Finished upload of exp_20260917T092942Z_lpt_short_4_0_r2146266052_0
client-cluster-2-1  | 17-Sep-2026 09:45:33 [boincserver] Computation for task exp_20260917T092942Z_lpt_short_18_0 finished
client-cluster-2-1  | 17-Sep-2026 09:45:33 [boincserver] Elapsed time limit 50.000000 < 120.000000; setting to 43200.000000
client-desktop-1    | 17-Sep-2026 09:46:23 [boincserver] Finished upload of exp_20260917T092942Z_lpt_medium_9_0_r1027063712_0
client-desktop-1    | 17-Sep-2026 09:46:26 [boincserver] Sending scheduler request: To report completed tasks.
client-desktop-1    | 17-Sep-2026 09:46:26 [boincserver] Reporting 2 completed tasks
client-low-power-1  | 17-Sep-2026 09:47:50 [boincserver] Project has no tasks available
client-low-power-1  | 17-Sep-2026 09:47:50 [boincserver] Project requested delay of 7 seconds
client-cluster-1    | 17-Sep-2026 09:45:23 [boincserver] Computation for task exp_20260917T092942Z_lpt_short_10_0 finished
client-cluster-1    | 17-Sep-2026 09:45:23 [boincserver] Elapsed time limit 50.000000 < 120.000000; setting to 43200.000000
client-desktop-1    | 17-Sep-2026 09:46:26 [boincserver] Requesting new tasks for CPU
client-desktop-1    | 17-Sep-2026 09:46:27 [boincserver] Computation for task exp_20260917T092942Z_lpt_short_5_0 finished
client-desktop-1    | 17-Sep-2026 09:46:28 [boincserver] Scheduler request completed: got 0 new tasks
client-desktop-1    | 17-Sep-2026 09:46:28 [boincserver] Project has no tasks available
client-desktop-1    | 17-Sep-2026 09:46:28 [boincserver] Project requested delay of 7 seconds
client-desktop-1    | 17-Sep-2026 09:46:29 [boincserver] Started upload of exp_20260917T092942Z_lpt_short_5_0_r1017732026_0
client-desktop-1    | 17-Sep-2026 09:46:31 [boincserver] Finished upload of exp_20260917T092942Z_lpt_short_5_0_r1017732026_0
client-desktop-1    | 17-Sep-2026 09:46:38 [boincserver] Sending scheduler request: To report completed tasks.
client-desktop-1    | 17-Sep-2026 09:46:38 [boincserver] Reporting 1 completed tasks
client-desktop-1    | 17-Sep-2026 09:46:38 [boincserver] Requesting new tasks for CPU
client-desktop-1    | 17-Sep-2026 09:46:44 [boincserver] Scheduler request completed: got 0 new tasks
client-desktop-1    | 17-Sep-2026 09:46:44 [boincserver] Project has no tasks available
client-desktop-1    | 17-Sep-2026 09:46:44 [boincserver] Project requested delay of 7 seconds
client-desktop-1    | 17-Sep-2026 09:47:17 [boincserver] Sending scheduler request: To fetch work.
client-desktop-1    | 17-Sep-2026 09:47:17 [boincserver] Requesting new tasks for CPU
client-desktop-1    | 17-Sep-2026 09:47:23 [boincserver] Scheduler request completed: got 0 new tasks
client-desktop-1    | 17-Sep-2026 09:47:23 [boincserver] Project has no tasks available
mysql-1             | 2026-09-17  9:42:14 0 [Warning] 'proxies_priv' entry '@% root@a65f1eb8afd5' ignored in --skip-name-resolve mode.
mysql-1             | 2026-09-17  9:42:14 0 [Note] Reading of all Master_info entries succeded
mysql-1             | 2026-09-17  9:42:14 0 [Note] Added new Master_info '' to hash table
mysql-1             | 2026-09-17  9:42:14 0 [Note] mysqld: ready for connections.
mysql-1             | Version: '10.3.8-MariaDB-1:10.3.8+maria~bionic'  socket: '/var/run/mysqld/mysqld.sock'  port: 3306  mariadb.org binary distribution
mysql-1             | 2026-09-17  9:42:14 8 [Warning] Access denied for user 'boincadm'@'172.21.0.2' (using password: NO)
mysql-1             | 2026-09-17  9:42:31 17 [Warning] Aborted connection 17 to db: 'boincserver' user: 'root' host: '172.21.0.4' (Got an error reading communication packets)
mysql-1             | 2026-09-17  9:42:31 19 [Warning] Aborted connection 19 to db: 'boincserver' user: 'root' host: '172.21.0.4' (Got an error reading communication packets)
mysql-1             | 2026-09-17  9:42:31 15 [Warning] Aborted connection 15 to db: 'boincserver' user: 'root' host: '172.21.0.4' (Got an error reading communication packets)
mysql-1             | 2026-09-17  9:45:02 117 [Warning] Aborted connection 117 to db: 'boincserver' user: 'root' host: '172.21.0.4' (Got an error reading communication packets)
mysql-1             | 2026-09-17  9:45:07 125 [Warning] Aborted connection 125 to db: 'boincserver' user: 'root' host: '172.21.0.4' (Got an error reading communication packets)
client-desktop-1    | 17-Sep-2026 09:47:23 [boincserver] Project requested delay of 7 seconds
client-cluster-1    | 17-Sep-2026 09:45:23 [boincserver] Starting task exp_20260917T092942Z_lpt_short_14_0
client-cluster-1    | 17-Sep-2026 09:45:56 [boincserver] Started upload of exp_20260917T092942Z_lpt_short_10_0_r839677515_0
client-cluster-2-1  | 17-Sep-2026 09:45:33 [boincserver] Starting task exp_20260917T092942Z_lpt_short_16_0
client-cluster-2-1  | 17-Sep-2026 09:45:33 [boincserver] Sending scheduler request: To report completed tasks.
client-cluster-2-1  | 17-Sep-2026 09:45:33 [boincserver] Reporting 1 completed tasks
client-cluster-2-1  | 17-Sep-2026 09:45:33 [boincserver] Requesting new tasks for CPU
client-cluster-2-1  | 17-Sep-2026 09:45:34 [boincserver] Computation for task exp_20260917T092942Z_lpt_short_15_0 finished
client-cluster-2-1  | 17-Sep-2026 09:45:34 [boincserver] Elapsed time limit 50.000000 < 120.000000; setting to 43200.000000
client-cluster-2-1  | 17-Sep-2026 09:45:34 [boincserver] Starting task exp_20260917T092942Z_lpt_short_17_0
client-cluster-2-1  | 17-Sep-2026 09:46:06 [boincserver] Started upload of exp_20260917T092942Z_lpt_short_18_0_r1016660698_0
client-cluster-2-1  | 17-Sep-2026 09:46:06 [boincserver] Scheduler request completed: got 0 new tasks
client-cluster-1    | 17-Sep-2026 09:45:56 [boincserver] Computation for task exp_20260917T092942Z_lpt_short_12_0 finished
client-cluster-1    | 17-Sep-2026 09:45:56 [boincserver] Elapsed time limit 50.000000 < 120.000000; setting to 43200.000000
client-cluster-2-1  | 17-Sep-2026 09:46:06 [boincserver] Project has no tasks available
client-cluster-2-1  | 17-Sep-2026 09:46:06 [boincserver] Project requested delay of 7 seconds
client-cluster-2-1  | 17-Sep-2026 09:46:07 [boincserver] Started upload of exp_20260917T092942Z_lpt_short_15_0_r1672661007_0
client-cluster-2-1  | 17-Sep-2026 09:46:08 [boincserver] Finished upload of exp_20260917T092942Z_lpt_short_18_0_r1016660698_0
client-cluster-2-1  | 17-Sep-2026 09:46:08 [boincserver] Finished upload of exp_20260917T092942Z_lpt_short_15_0_r1672661007_0
client-cluster-2-1  | 17-Sep-2026 09:46:09 [boincserver] Computation for task exp_20260917T092942Z_lpt_medium_5_0 finished
client-cluster-1    | 17-Sep-2026 09:45:56 [boincserver] Starting task exp_20260917T092942Z_lpt_short_9_0
client-cluster-1    | 17-Sep-2026 09:45:58 [boincserver] Finished upload of exp_20260917T092942Z_lpt_short_10_0_r839677515_0
client-cluster-1    | 17-Sep-2026 09:45:58 [boincserver] Started upload of exp_20260917T092942Z_lpt_short_12_0_r780133907_0
client-cluster-1    | 17-Sep-2026 09:45:59 [boincserver] Computation for task exp_20260917T092942Z_lpt_medium_12_0 finished
client-cluster-1    | 17-Sep-2026 09:45:59 [boincserver] Elapsed time limit 50.000000 < 120.000000; setting to 43200.000000
client-cluster-1    | 17-Sep-2026 09:45:59 [boincserver] Starting task exp_20260917T092942Z_lpt_short_13_0
client-cluster-1    | 17-Sep-2026 09:46:00 [boincserver] Finished upload of exp_20260917T092942Z_lpt_short_12_0_r780133907_0
client-cluster-1    | 17-Sep-2026 09:46:00 [boincserver] Computation for task exp_20260917T092942Z_lpt_short_14_0 finished
client-cluster-1    | 17-Sep-2026 09:46:01 [boincserver] Started upload of exp_20260917T092942Z_lpt_medium_12_0_r566761345_0
client-cluster-2-1  | 17-Sep-2026 09:46:10 [boincserver] Computation for task exp_20260917T092942Z_lpt_long_3_0 finished
client-cluster-2-1  | 17-Sep-2026 09:46:11 [boincserver] Started upload of exp_20260917T092942Z_lpt_medium_5_0_r1938073516_0
client-cluster-2-1  | 17-Sep-2026 09:46:11 [boincserver] Computation for task exp_20260917T092942Z_lpt_short_16_0 finished
client-cluster-2-1  | 17-Sep-2026 09:46:12 [boincserver] Started upload of exp_20260917T092942Z_lpt_long_3_0_r1550315892_0
client-cluster-2-1  | 17-Sep-2026 09:46:12 [boincserver] Computation for task exp_20260917T092942Z_lpt_short_17_0 finished
client-cluster-2-1  | 17-Sep-2026 09:46:13 [boincserver] Finished upload of exp_20260917T092942Z_lpt_medium_5_0_r1938073516_0
client-cluster-2-1  | 17-Sep-2026 09:46:13 [boincserver] Finished upload of exp_20260917T092942Z_lpt_long_3_0_r1550315892_0
client-cluster-2-1  | 17-Sep-2026 09:46:13 [boincserver] Started upload of exp_20260917T092942Z_lpt_short_16_0_r936414836_0
client-cluster-2-1  | 17-Sep-2026 09:46:14 [boincserver] Started upload of exp_20260917T092942Z_lpt_short_17_0_r348302950_0
client-cluster-2-1  | 17-Sep-2026 09:46:15 [boincserver] Finished upload of exp_20260917T092942Z_lpt_short_16_0_r936414836_0
client-cluster-1    | 17-Sep-2026 09:46:01 [boincserver] Sending scheduler request: To fetch work.
client-cluster-1    | 17-Sep-2026 09:46:01 [boincserver] Reporting 3 completed tasks
client-cluster-1    | 17-Sep-2026 09:46:01 [boincserver] Requesting new tasks for CPU
client-cluster-1    | 17-Sep-2026 09:46:02 [boincserver] Started upload of exp_20260917T092942Z_lpt_short_14_0_r264112586_0
client-cluster-1    | 17-Sep-2026 09:46:03 [boincserver] Finished upload of exp_20260917T092942Z_lpt_medium_12_0_r566761345_0
client-cluster-1    | 17-Sep-2026 09:46:03 [boincserver] Finished upload of exp_20260917T092942Z_lpt_short_14_0_r264112586_0
client-cluster-1    | 17-Sep-2026 09:46:03 [boincserver] Computation for task exp_20260917T092942Z_lpt_short_9_0 finished
client-cluster-1    | 17-Sep-2026 09:46:03 [boincserver] Scheduler request completed: got 0 new tasks
client-cluster-1    | 17-Sep-2026 09:46:03 [boincserver] Project has no tasks available
client-cluster-2-1  | 17-Sep-2026 09:46:15 [boincserver] Finished upload of exp_20260917T092942Z_lpt_short_17_0_r348302950_0
client-cluster-2-1  | 17-Sep-2026 09:46:16 [boincserver] Sending scheduler request: To report completed tasks.
client-cluster-2-1  | 17-Sep-2026 09:46:16 [boincserver] Reporting 6 completed tasks
client-cluster-1    | 17-Sep-2026 09:46:03 [boincserver] Project requested delay of 7 seconds
client-cluster-1    | 17-Sep-2026 09:46:05 [boincserver] Started upload of exp_20260917T092942Z_lpt_short_9_0_r388816199_0
client-cluster-2-1  | 17-Sep-2026 09:46:16 [boincserver] Requesting new tasks for CPU
client-cluster-2-1  | 17-Sep-2026 09:46:18 [boincserver] Scheduler request completed: got 0 new tasks
client-cluster-2-1  | 17-Sep-2026 09:46:18 [boincserver] Project has no tasks available
client-cluster-2-1  | 17-Sep-2026 09:46:18 [boincserver] Project requested delay of 7 seconds
client-cluster-1    | 17-Sep-2026 09:46:07 [boincserver] Finished upload of exp_20260917T092942Z_lpt_short_9_0_r388816199_0
client-cluster-1    | 17-Sep-2026 09:46:07 [boincserver] Computation for task exp_20260917T092942Z_lpt_short_13_0 finished
client-cluster-1    | 17-Sep-2026 09:46:09 [boincserver] Started upload of exp_20260917T092942Z_lpt_short_13_0_r91493123_0
client-cluster-2-1  | 17-Sep-2026 09:46:28 [boincserver] Sending scheduler request: To fetch work.
client-cluster-2-1  | 17-Sep-2026 09:46:28 [boincserver] Requesting new tasks for CPU
client-cluster-1    | 17-Sep-2026 09:46:10 [boincserver] Computation for task exp_20260917T092942Z_lpt_long_5_0 finished
client-cluster-1    | 17-Sep-2026 09:46:11 [boincserver] Finished upload of exp_20260917T092942Z_lpt_short_13_0_r91493123_0
client-cluster-1    | 17-Sep-2026 09:46:12 [boincserver] Started upload of exp_20260917T092942Z_lpt_long_5_0_r1744700244_0
client-cluster-1    | 17-Sep-2026 09:46:13 [boincserver] Sending scheduler request: To fetch work.
client-cluster-2-1  | 17-Sep-2026 09:46:34 [boincserver] Scheduler request completed: got 0 new tasks
client-cluster-2-1  | 17-Sep-2026 09:46:34 [boincserver] Project has no tasks available
client-cluster-2-1  | 17-Sep-2026 09:46:34 [boincserver] Project requested delay of 7 seconds
client-cluster-1    | 17-Sep-2026 09:46:13 [boincserver] Reporting 4 completed tasks
client-cluster-1    | 17-Sep-2026 09:46:13 [boincserver] Requesting new tasks for CPU
client-cluster-1    | 17-Sep-2026 09:46:14 [boincserver] Finished upload of exp_20260917T092942Z_lpt_long_5_0_r1744700244_0
client-cluster-1    | 17-Sep-2026 09:46:14 [boincserver] Scheduler request completed: got 0 new tasks
client-cluster-1    | 17-Sep-2026 09:46:14 [boincserver] Project has no tasks available
client-cluster-1    | 17-Sep-2026 09:46:14 [boincserver] Project requested delay of 7 seconds
client-cluster-1    | 17-Sep-2026 09:46:24 [boincserver] Sending scheduler request: To report completed tasks.
client-cluster-1    | 17-Sep-2026 09:46:24 [boincserver] Reporting 1 completed tasks
client-cluster-1    | 17-Sep-2026 09:46:24 [boincserver] Requesting new tasks for CPU
client-cluster-1    | 17-Sep-2026 09:46:56 [boincserver] Scheduler request completed: got 0 new tasks
client-cluster-1    | 17-Sep-2026 09:46:56 [boincserver] Project has no tasks available
client-cluster-1    | 17-Sep-2026 09:46:56 [boincserver] Project requested delay of 7 seconds
