mysql-1  | Initializing database
mysql-1  | 
mysql-1        | 
mysql-1        | PLEASE REMEMBER TO SET A PASSWORD FOR THE MariaDB root USER !
mysql-1         | To do so, start the server, then issue the following commands:
client-phone-2-1  | 16-Sep-2026 18:09:29 [---] Starting BOINC client version 7.20.5 for aarch64-unknown-linux-gnu
client-phone-2-1  | 16-Sep-2026 18:09:29 [---] This a development version of BOINC and may not function properly
client-phone-2-1  | 16-Sep-2026 18:09:29 [---] log flags: file_xfer, sched_ops, task
client-phone-2-1  | 16-Sep-2026 18:09:29 [---] Libraries: libcurl/7.88.1 OpenSSL/3.0.20 zlib/1.2.13 brotli/1.0.9 zstd/1.5.4 libidn2/2.3.3 libpsl/0.21.2 (+libidn2/2.3.3) libssh2/1.10.0 nghttp2/1.52.0 librtmp/2.3 OpenLDAP/2.5.13
client-phone-2-1  | 16-Sep-2026 18:09:29 [---] Data directory: /var/lib/boinc-client
client-phone-1  | 16-Sep-2026 18:09:29 [---] Starting BOINC client version 7.20.5 for aarch64-unknown-linux-gnu
client-phone-1    | 16-Sep-2026 18:09:29 [---] This a development version of BOINC and may not function properly
client-phone-1    | 16-Sep-2026 18:09:29 [---] log flags: file_xfer, sched_ops, task
client-phone-1    | 16-Sep-2026 18:09:29 [---] Libraries: libcurl/7.88.1 OpenSSL/3.0.20 zlib/1.2.13 brotli/1.0.9 zstd/1.5.4 libidn2/2.3.3 libpsl/0.21.2 (+libidn2/2.3.3) libssh2/1.10.0 nghttp2/1.52.0 librtmp/2.3 OpenLDAP/2.5.13
client-phone-1    | 16-Sep-2026 18:09:29 [---] Data directory: /var/lib/boinc-client
mysql-1           | 
mysql-1           | '/usr/bin/mysqladmin' -u root password 'new-password'
mysql-1           | '/usr/bin/mysqladmin' -u root -h  password 'new-password'
mysql-1           | 
client-phone-1    | 16-Sep-2026 18:09:29 [---] No usable GPUs found
client-phone-1    | 16-Sep-2026 18:09:29 [---] Creating new client state file
client-phone-1    | 16-Sep-2026 18:09:29 [---] libc:  version 2.36
client-phone-1    | 16-Sep-2026 18:09:29 [---] Host name: phone-01
client-phone-1    | 16-Sep-2026 18:09:29 [---] Processor: 1 ARM  [Impl 0x61 Arch 8 Variant 0x0 Part 0x000 Rev 0]
client-desktop-1  | 16-Sep-2026 18:09:28 [---] Starting BOINC client version 7.20.5 for aarch64-unknown-linux-gnu
client-desktop-1  | 16-Sep-2026 18:09:28 [---] This a development version of BOINC and may not function properly
client-desktop-1  | 16-Sep-2026 18:09:28 [---] log flags: file_xfer, sched_ops, task
client-desktop-1  | 16-Sep-2026 18:09:28 [---] Libraries: libcurl/7.88.1 OpenSSL/3.0.20 zlib/1.2.13 brotli/1.0.9 zstd/1.5.4 libidn2/2.3.3 libpsl/0.21.2 (+libidn2/2.3.3) libssh2/1.10.0 nghttp2/1.52.0 librtmp/2.3 OpenLDAP/2.5.13
client-desktop-1  | 16-Sep-2026 18:09:28 [---] Data directory: /var/lib/boinc-client
client-desktop-1  | 16-Sep-2026 18:09:28 [---] No usable GPUs found
mysql-1           | Alternatively you can run:
mysql-1           | '/usr/bin/mysql_secure_installation'
mysql-1           | 
mysql-1           | which will also give you the option of removing the test
mysql-1           | databases and anonymous user created by default.  This is
client-phone-2-1  | 16-Sep-2026 18:09:29 [---] No usable GPUs found
client-phone-2-1  | 16-Sep-2026 18:09:29 [---] Creating new client state file
makeproject-1  | Updating project files in data volume...
makeproject-1     | Waiting for MySQL server to start...
makeproject-1     | Creating database...
mysql-1           | strongly recommended for production servers.
mysql-1           | 
mysql-1           | See the MariaDB Knowledgebase at http://mariadb.com/kb or the
mysql-1           | MySQL manual for more instructions.
mysql-1           | 
mysql-1           | Please report any problems at http://mariadb.org/jira
mysql-1           | 
makeproject-1     | added platform: (create_time, name, user_friendly_name) values (1789582083, 'windows_intelx86', 'Microsoft Windows (98 or later) running on an Intel x86-compatible CPU')
makeproject-1     | added platform: (create_time, name, user_friendly_name) values (1789582083, 'windows_x86_64', 'Microsoft Windows running on an AMD x86_64 or Intel EM64T CPU')
makeproject-1     | added platform: (create_time, name, user_friendly_name) values (1789582083, 'windows_arm64', 'Microsoft Windows running on ARM 64-bit')
makeproject-1     | added platform: (create_time, name, user_friendly_name) values (1789582083, 'i686-pc-linux-gnu', 'Linux running on an Intel x86-compatible CPU')
makeproject-1     | added platform: (create_time, name, user_friendly_name) values (1789582083, 'x86_64-pc-linux-gnu', 'Linux running on an AMD x86_64 or Intel EM64T CPU')
makeproject-1     | added platform: (create_time, name, user_friendly_name) values (1789582083, 'powerpc-apple-darwin', 'Mac OS X 10.3 or later running on Motorola PowerPC')
client-phone-1    | 16-Sep-2026 18:09:29 [---] Processor features: fp asimd evtstrm aes pmull sha1 sha2 crc32 atomics fphp asimdhp cpuid asimdrdm jscvt fcma lrcpc dcpop sha3 asimddp sha512 asimdfhm dit uscat ilrcpc flagm sb paca pacg dcpodp flagm2 frint i8mm bf16 bti afp
client-phone-1    | 16-Sep-2026 18:09:29 [---] OS: Linux Debian GNU/Linux: Debian GNU/Linux 12 (bookworm) [6.8.0-100-generic|libc 2.36]
client-phone-1    | 16-Sep-2026 18:09:29 [---] Memory: 9.69 GB physical, 0 bytes virtual
mysql-1           | The latest information about MariaDB is available at http://mariadb.org/.
mysql-1           | You can find additional information about the MySQL part at:
mysql-1           | http://dev.mysql.com
mysql-1           | Consider joining MariaDB's strong and vibrant community:
mysql-1           | https://mariadb.org/get-involved/
mysql-1           | 
mysql-1           | Database initialized
mysql-1           | MySQL init process in progress...
mysql-1           | 2026-09-16 18:07:44 0 [Note] mysqld (mysqld 10.3.8-MariaDB-1:10.3.8+maria~bionic) starting as process 104 ...
mysql-1           | 2026-09-16 18:07:44 0 [Note] InnoDB: Using Linux native AIO
mysql-1           | 2026-09-16 18:07:44 0 [Note] InnoDB: Mutexes and rw_locks use GCC atomic builtins
mysql-1           | 2026-09-16 18:07:44 0 [Note] InnoDB: Uses event mutexes
mysql-1           | 2026-09-16 18:07:44 0 [Note] InnoDB: Compressed tables use zlib 1.2.11
mysql-1           | 2026-09-16 18:07:44 0 [Note] InnoDB: Number of pools: 1
client-phone-1    | 16-Sep-2026 18:09:29 [---] Disk: 18.33 GB total, 15.49 GB free
client-phone-1    | 16-Sep-2026 18:09:29 [---] Local time is UTC +0 hours
mysql-1           | 2026-09-16 18:07:44 0 [Note] InnoDB: Using generic crc32 instructions
client-phone-1    | 16-Sep-2026 18:09:29 [---] Config: GUI RPC allowed from any host
client-phone-1    | 16-Sep-2026 18:09:29 [---] Config: simulate 1 CPUs
client-phone-1    | 16-Sep-2026 18:09:29 [---] Config: report completed tasks immediately
client-phone-1    | 16-Sep-2026 18:09:29 [---] No general preferences found - using defaults
client-phone-1    | 16-Sep-2026 18:09:29 [---] Reading preferences override file
client-phone-2-1  | 16-Sep-2026 18:09:29 [---] libc:  version 2.36
client-phone-2-1  | 16-Sep-2026 18:09:29 [---] Host name: phone-02
client-phone-2-1  | 16-Sep-2026 18:09:29 [---] Processor: 1 ARM  [Impl 0x61 Arch 8 Variant 0x0 Part 0x000 Rev 0]
mysql-1           | 2026-09-16 18:07:44 0 [Note] InnoDB: Initializing buffer pool, total size = 256M, instances = 1, chunk size = 128M
apache-1            | /usr/lib/python2.7/dist-packages/supervisor/options.py:461: UserWarning: Supervisord is running as root and it is searching for its configuration file in default locations (including its current working directory); you probably want to specify a "-c" argument specifying an absolute path to a configuration file for improved security.
apache-1            |   'Supervisord is running as root and it is searching '
apache-1            | 2026-09-16 18:07:42,930 CRIT Supervisor is running as root.  Privileges were not dropped because no user is specified in the config file.  If you intend to run as root, you can set user=root in the config file to avoid this message.
client-cluster-2-1  | 16-Sep-2026 18:09:33 [---] Starting BOINC client version 7.20.5 for aarch64-unknown-linux-gnu
client-cluster-2-1  | 16-Sep-2026 18:09:33 [---] This a development version of BOINC and may not function properly
client-cluster-2-1  | 16-Sep-2026 18:09:33 [---] log flags: file_xfer, sched_ops, task
mysql-1             | 2026-09-16 18:07:44 0 [Note] InnoDB: Completed initialization of buffer pool
mysql-1             | 2026-09-16 18:07:44 0 [Note] InnoDB: If the mysqld execution user is authorized, page cleaner thread priority can be changed. See the man page of setpriority().
mysql-1             | 2026-09-16 18:07:44 0 [Note] InnoDB: 128 out of 128 rollback segments are active.
mysql-1             | 2026-09-16 18:07:44 0 [Note] InnoDB: Creating shared tablespace for temporary tables
mysql-1             | 2026-09-16 18:07:44 0 [Note] InnoDB: Setting file './ibtmp1' size to 12 MB. Physically writing the file full; Please wait ...
mysql-1             | 2026-09-16 18:07:44 0 [Note] InnoDB: File './ibtmp1' size is now 12 MB.
client-desktop-1  | 16-Sep-2026 18:09:28 [---] Creating new client state file
client-desktop-1    | 16-Sep-2026 18:09:28 [---] libc:  version 2.36
client-desktop-1    | 16-Sep-2026 18:09:28 [---] Host name: desktop-01
client-desktop-1    | 16-Sep-2026 18:09:28 [---] Processor: 2 ARM  [Impl 0x61 Arch 8 Variant 0x0 Part 0x000 Rev 0]
client-cluster-1    | 16-Sep-2026 18:09:29 [---] Starting BOINC client version 7.20.5 for aarch64-unknown-linux-gnu
client-cluster-1    | 16-Sep-2026 18:09:29 [---] This a development version of BOINC and may not function properly
client-cluster-1    | 16-Sep-2026 18:09:29 [---] log flags: file_xfer, sched_ops, task
client-cluster-1    | 16-Sep-2026 18:09:29 [---] Libraries: libcurl/7.88.1 OpenSSL/3.0.20 zlib/1.2.13 brotli/1.0.9 zstd/1.5.4 libidn2/2.3.3 libpsl/0.21.2 (+libidn2/2.3.3) libssh2/1.10.0 nghttp2/1.52.0 librtmp/2.3 OpenLDAP/2.5.13
client-cluster-1    | 16-Sep-2026 18:09:29 [---] Data directory: /var/lib/boinc-client
client-phone-2-1    | 16-Sep-2026 18:09:29 [---] Processor features: fp asimd evtstrm aes pmull sha1 sha2 crc32 atomics fphp asimdhp cpuid asimdrdm jscvt fcma lrcpc dcpop sha3 asimddp sha512 asimdfhm dit uscat ilrcpc flagm sb paca pacg dcpodp flagm2 frint i8mm bf16 bti afp
client-phone-2-1    | 16-Sep-2026 18:09:29 [---] OS: Linux Debian GNU/Linux: Debian GNU/Linux 12 (bookworm) [6.8.0-100-generic|libc 2.36]
client-phone-2-1    | 16-Sep-2026 18:09:29 [---] Memory: 9.69 GB physical, 0 bytes virtual
client-desktop-1    | 16-Sep-2026 18:09:28 [---] Processor features: fp asimd evtstrm aes pmull sha1 sha2 crc32 atomics fphp asimdhp cpuid asimdrdm jscvt fcma lrcpc dcpop sha3 asimddp sha512 asimdfhm dit uscat ilrcpc flagm sb paca pacg dcpodp flagm2 frint i8mm bf16 bti afp
client-desktop-1    | 16-Sep-2026 18:09:28 [---] OS: Linux Debian GNU/Linux: Debian GNU/Linux 12 (bookworm) [6.8.0-100-generic|libc 2.36]
makeproject-1     | added platform: (create_time, name, user_friendly_name) values (1789582083, 'i686-apple-darwin', 'Mac OS 10.4 or later running on Intel')
makeproject-1       | added platform: (create_time, name, user_friendly_name) values (1789582083, 'x86_64-apple-darwin', 'Intel 64-bit Mac OS 10.5 or later')
makeproject-1       | added platform: (create_time, name, user_friendly_name) values (1789582083, 'arm64-apple-darwin', 'Mac OS running on ARM')
client-cluster-2-1  | 16-Sep-2026 18:09:34 [---] Libraries: libcurl/7.88.1 OpenSSL/3.0.20 zlib/1.2.13 brotli/1.0.9 zstd/1.5.4 libidn2/2.3.3 libpsl/0.21.2 (+libidn2/2.3.3) libssh2/1.10.0 nghttp2/1.52.0 librtmp/2.3 OpenLDAP/2.5.13
client-cluster-2-1  | 16-Sep-2026 18:09:34 [---] Data directory: /var/lib/boinc-client
client-cluster-2-1  | 16-Sep-2026 18:09:34 [---] No usable GPUs found
client-cluster-2-1  | 16-Sep-2026 18:09:34 [---] Creating new client state file
mysql-1             | 2026-09-16 18:07:44 0 [Note] InnoDB: 10.3.8 started; log sequence number 1630815; transaction id 21
mysql-1             | 2026-09-16 18:07:44 0 [Note] InnoDB: Loading buffer pool(s) from /var/lib/mysql/ib_buffer_pool
client-low-power-1  | 16-Sep-2026 18:09:29 [---] Starting BOINC client version 7.20.5 for aarch64-unknown-linux-gnu
client-low-power-1  | 16-Sep-2026 18:09:29 [---] This a development version of BOINC and may not function properly
client-low-power-1  | 16-Sep-2026 18:09:29 [---] log flags: file_xfer, sched_ops, task
client-low-power-1  | 16-Sep-2026 18:09:29 [---] Libraries: libcurl/7.88.1 OpenSSL/3.0.20 zlib/1.2.13 brotli/1.0.9 zstd/1.5.4 libidn2/2.3.3 libpsl/0.21.2 (+libidn2/2.3.3) libssh2/1.10.0 nghttp2/1.52.0 librtmp/2.3 OpenLDAP/2.5.13
client-low-power-1  | 16-Sep-2026 18:09:29 [---] Data directory: /var/lib/boinc-client
client-low-power-1  | 16-Sep-2026 18:09:29 [---] No usable GPUs found
client-low-power-1  | 16-Sep-2026 18:09:29 [---] Creating new client state file
client-low-power-1  | 16-Sep-2026 18:09:29 [---] libc:  version 2.36
client-low-power-1  | 16-Sep-2026 18:09:29 [---] Host name: low-power-01
client-low-power-1  | 16-Sep-2026 18:09:29 [---] Processor: 1 ARM  [Impl 0x61 Arch 8 Variant 0x0 Part 0x000 Rev 0]
client-low-power-1  | 16-Sep-2026 18:09:29 [---] Processor features: fp asimd evtstrm aes pmull sha1 sha2 crc32 atomics fphp asimdhp cpuid asimdrdm jscvt fcma lrcpc dcpop sha3 asimddp sha512 asimdfhm dit uscat ilrcpc flagm sb paca pacg dcpodp flagm2 frint i8mm bf16 bti afp
client-low-power-1  | 16-Sep-2026 18:09:29 [---] OS: Linux Debian GNU/Linux: Debian GNU/Linux 12 (bookworm) [6.8.0-100-generic|libc 2.36]
client-low-power-1  | 16-Sep-2026 18:09:29 [---] Memory: 9.69 GB physical, 0 bytes virtual
client-low-power-1  | 16-Sep-2026 18:09:29 [---] Disk: 18.33 GB total, 15.49 GB free
client-low-power-1  | 16-Sep-2026 18:09:29 [---] Local time is UTC +0 hours
client-low-power-1  | 16-Sep-2026 18:09:29 [---] Config: GUI RPC allowed from any host
client-low-power-1  | 16-Sep-2026 18:09:29 [---] Config: simulate 1 CPUs
client-low-power-1  | 16-Sep-2026 18:09:29 [---] Config: report completed tasks immediately
client-low-power-1  | 16-Sep-2026 18:09:29 [---] No general preferences found - using defaults
client-low-power-1  | 16-Sep-2026 18:09:29 [---] Reading preferences override file
client-phone-2-1    | 16-Sep-2026 18:09:29 [---] Disk: 18.33 GB total, 15.49 GB free
client-phone-2-1    | 16-Sep-2026 18:09:29 [---] Local time is UTC +0 hours
client-phone-2-1    | 16-Sep-2026 18:09:29 [---] Config: GUI RPC allowed from any host
client-phone-2-1    | 16-Sep-2026 18:09:29 [---] Config: simulate 1 CPUs
client-phone-2-1    | 16-Sep-2026 18:09:29 [---] Config: report completed tasks immediately
client-low-power-1  | 16-Sep-2026 18:09:29 [---] Preferences:
client-low-power-1  | 16-Sep-2026 18:09:29 [---]    max memory usage when active: 8929.14 MB
client-low-power-1  | 16-Sep-2026 18:09:29 [---]    max memory usage when idle: 8929.14 MB
client-low-power-1  | dir_open: Could not open directory 'slots' from '/var/lib/boinc-client'.
client-low-power-1  | 16-Sep-2026 18:09:29 [---]    max disk usage: 2.00 GB
client-low-power-1  | 16-Sep-2026 18:09:29 [---]    don't use GPU while active
client-phone-1    | 16-Sep-2026 18:09:29 [---] Preferences:
client-desktop-1    | 16-Sep-2026 18:09:28 [---] Memory: 9.69 GB physical, 0 bytes virtual
client-desktop-1    | 16-Sep-2026 18:09:28 [---] Disk: 18.33 GB total, 15.49 GB free
client-desktop-1    | 16-Sep-2026 18:09:28 [---] Local time is UTC +0 hours
client-desktop-1    | 16-Sep-2026 18:09:28 [---] Config: GUI RPC allowed from any host
client-desktop-1    | 16-Sep-2026 18:09:28 [---] Config: simulate 2 CPUs
client-desktop-1    | 16-Sep-2026 18:09:28 [---] Config: report completed tasks immediately
client-desktop-1    | dir_open: Could not open directory 'slots' from '/var/lib/boinc-client'.
client-desktop-1    | 16-Sep-2026 18:09:28 [---] No general preferences found - using defaults
client-low-power-1  | 16-Sep-2026 18:09:29 [---]    suspend work if non-BOINC CPU load exceeds 25%
client-low-power-1  | 16-Sep-2026 18:09:29 [---]    (to change preferences, visit a project web site or select Preferences in the Manager)
client-low-power-1  | 16-Sep-2026 18:09:29 [---] Setting up project and slot directories
client-low-power-1  | 16-Sep-2026 18:09:29 [---] Checking active tasks
client-low-power-1  | 16-Sep-2026 18:09:29 [---] Setting up GUI RPC socket
client-low-power-1  | 16-Sep-2026 18:09:29 [---] Checking presence of 0 project files
client-low-power-1  | 16-Sep-2026 18:09:29 [---] This computer is not attached to any projects
client-low-power-1  | 16-Sep-2026 18:09:29 Initialization completed
client-low-power-1  | dir_open: Could not open directory 'projects/boincserver.local_boincserver' from '/var/lib/boinc-client'.
client-low-power-1  | 16-Sep-2026 18:09:30 [---] No general preferences found - using defaults
client-low-power-1  | 16-Sep-2026 18:09:30 [---] Reading preferences override file
client-low-power-1  | 16-Sep-2026 18:09:30 [---] Preferences:
client-low-power-1  | 16-Sep-2026 18:09:30 [---]    max memory usage when active: 8929.14 MB
mysql-1             | 2026-09-16 18:07:44 0 [Note] Plugin 'FEEDBACK' is disabled.
mysql-1             | 2026-09-16 18:07:44 0 [Note] InnoDB: Buffer pool(s) load completed at 260916 18:07:44
mysql-1             | 2026-09-16 18:07:44 0 [Warning] 'user' entry 'root@297c66c7f027' ignored in --skip-name-resolve mode.
mysql-1             | 2026-09-16 18:07:44 0 [Warning] 'user' entry '@297c66c7f027' ignored in --skip-name-resolve mode.
mysql-1             | 2026-09-16 18:07:44 0 [Warning] 'proxies_priv' entry '@% root@297c66c7f027' ignored in --skip-name-resolve mode.
mysql-1             | 2026-09-16 18:07:44 0 [Note] Reading of all Master_info entries succeded
client-cluster-2-1  | 16-Sep-2026 18:09:34 [---] libc:  version 2.36
client-cluster-2-1  | 16-Sep-2026 18:09:34 [---] Host name: cluster-02
client-cluster-2-1  | 16-Sep-2026 18:09:34 [---] Processor: 4 ARM  [Impl 0x61 Arch 8 Variant 0x0 Part 0x000 Rev 0]
client-cluster-2-1  | 16-Sep-2026 18:09:34 [---] Processor features: fp asimd evtstrm aes pmull sha1 sha2 crc32 atomics fphp asimdhp cpuid asimdrdm jscvt fcma lrcpc dcpop sha3 asimddp sha512 asimdfhm dit uscat ilrcpc flagm sb paca pacg dcpodp flagm2 frint i8mm bf16 bti afp
client-cluster-2-1  | 16-Sep-2026 18:09:34 [---] OS: Linux Debian GNU/Linux: Debian GNU/Linux 12 (bookworm) [6.8.0-100-generic|libc 2.36]
client-cluster-2-1  | 16-Sep-2026 18:09:34 [---] Memory: 9.69 GB physical, 0 bytes virtual
client-cluster-2-1  | 16-Sep-2026 18:09:34 [---] Disk: 18.33 GB total, 15.49 GB free
client-cluster-2-1  | 16-Sep-2026 18:09:34 [---] Local time is UTC +0 hours
client-cluster-2-1  | 16-Sep-2026 18:09:34 [---] Config: GUI RPC allowed from any host
client-cluster-2-1  | 16-Sep-2026 18:09:34 [---] Config: simulate 4 CPUs
client-cluster-1    | 16-Sep-2026 18:09:29 [---] No usable GPUs found
client-cluster-1    | 16-Sep-2026 18:09:29 [---] Creating new client state file
client-cluster-1    | 16-Sep-2026 18:09:29 [---] libc:  version 2.36
client-cluster-1    | 16-Sep-2026 18:09:29 [---] Host name: cluster-01
mysql-1             | 2026-09-16 18:07:44 0 [Note] Added new Master_info '' to hash table
mysql-1             | 2026-09-16 18:07:44 0 [Note] mysqld: ready for connections.
mysql-1             | Version: '10.3.8-MariaDB-1:10.3.8+maria~bionic'  socket: '/var/run/mysqld/mysqld.sock'  port: 0  mariadb.org binary distribution
mysql-1             | Warning: Unable to load '/usr/share/zoneinfo/leap-seconds.list' as time zone. Skipping it.
client-cluster-2-1  | 16-Sep-2026 18:09:34 [---] Config: report completed tasks immediately
client-cluster-2-1  | 16-Sep-2026 18:09:34 [---] No general preferences found - using defaults
client-phone-1      | 16-Sep-2026 18:09:29 [---]    max memory usage when active: 8929.14 MB
client-low-power-1  | 16-Sep-2026 18:09:30 [---]    max memory usage when idle: 8929.14 MB
client-low-power-1  | 16-Sep-2026 18:09:30 [---]    max disk usage: 2.00 GB
client-low-power-1  | 16-Sep-2026 18:09:30 [---]    don't use GPU while active
client-low-power-1  | 16-Sep-2026 18:09:30 [---]    suspend work if non-BOINC CPU load exceeds 25%
client-low-power-1  | 16-Sep-2026 18:09:30 [---]    (to change preferences, visit a project web site or select Preferences in the Manager)
client-low-power-1  | 16-Sep-2026 18:09:34 [http://boincserver.local/boincserver/] Fetching scheduler list
client-low-power-1  | 16-Sep-2026 18:09:36 [http://boincserver.local/boincserver/] Master file download succeeded
client-low-power-1  | 16-Sep-2026 18:09:41 [http://boincserver.local/boincserver/] Sending scheduler request: Project initialization.
client-low-power-1  | 16-Sep-2026 18:09:41 [http://boincserver.local/boincserver/] Requesting new tasks for CPU
client-low-power-1  | 16-Sep-2026 18:09:43 [boincserver] Scheduler request completed: got 1 new tasks
client-low-power-1  | 16-Sep-2026 18:09:43 [boincserver] Project requested delay of 7 seconds
client-low-power-1  | 16-Sep-2026 18:09:45 [boincserver] Started download of hybrid_synthetic_1.0_aarch64-unknown-linux-gnu
makeproject-1       | added platform: (create_time, name, user_friendly_name) values (1789582083, 'sparc-sun-solaris2.7', 'Solaris 2.7 running on a SPARC-compatible CPU')
makeproject-1       | added platform: (create_time, name, user_friendly_name) values (1789582083, 'sparc-sun-solaris', 'Solaris 2.8 or later running on a SPARC-compatible CPU')
makeproject-1       | added platform: (create_time, name, user_friendly_name) values (1789582083, 'sparc64-sun-solaris', 'Solaris 2.8 or later running on a SPARC 64-bit CPU')
makeproject-1       | added platform: (create_time, name, user_friendly_name) values (1789582083, 'powerpc64-ps3-linux-gnu', 'Sony Playstation 3 running Linux')
client-cluster-2-1  | 16-Sep-2026 18:09:34 [---] Reading preferences override file
client-cluster-2-1  | 16-Sep-2026 18:09:34 [---] Preferences:
client-desktop-1    | 16-Sep-2026 18:09:28 [---] Reading preferences override file
client-desktop-1    | 16-Sep-2026 18:09:28 [---] Preferences:
client-desktop-1    | 16-Sep-2026 18:09:28 [---]    max memory usage when active: 8929.14 MB
client-desktop-1    | 16-Sep-2026 18:09:28 [---]    max memory usage when idle: 8929.14 MB
client-phone-2-1    | 16-Sep-2026 18:09:29 [---] No general preferences found - using defaults
client-phone-2-1    | 16-Sep-2026 18:09:29 [---] Reading preferences override file
client-phone-2-1    | 16-Sep-2026 18:09:29 [---] Preferences:
apache-1            | 2026-09-16 18:07:42,931 INFO Included extra file "/etc/supervisor/conf.d/supervisord.conf" during parsing
apache-1            | 2026-09-16 18:07:42,935 INFO RPC interface 'supervisor' initialized
mysql-1             | 2026-09-16 18:07:46 10 [Warning] 'proxies_priv' entry '@% root@297c66c7f027' ignored in --skip-name-resolve mode.
mysql-1             | 
makeproject-1       | added platform: (create_time, name, user_friendly_name) values (1789582083, 'arm-android-linux-gnu', 'Android running on ARM armeabi-v7a')
makeproject-1       | added platform: (create_time, name, user_friendly_name) values (1789582083, 'aarch64-android-linux-gnu', 'Android running on ARM 64-bit arm64-v8a')
makeproject-1       | added platform: (create_time, name, user_friendly_name) values (1789582083, 'x86_64-android-linux-gnu', 'Android running on Intel x64 compatible')
makeproject-1       | added platform: (create_time, name, user_friendly_name) values (1789582083, 'x86-android-linux-gnu', 'Android running on Intel x86 compatible')
makeproject-1       | added platform: (create_time, name, user_friendly_name) values (1789582083, 'arm-unknown-linux-gnueabihf', 'Linux running on ARM, hardware FP')
client-phone-1      | 16-Sep-2026 18:09:29 [---]    max memory usage when idle: 8929.14 MB
client-phone-1      | 16-Sep-2026 18:09:29 [---]    max disk usage: 2.00 GB
client-desktop-1    | 16-Sep-2026 18:09:28 [---]    max disk usage: 2.00 GB
client-desktop-1    | 16-Sep-2026 18:09:28 [---]    don't use GPU while active
client-desktop-1    | 16-Sep-2026 18:09:28 [---]    suspend work if non-BOINC CPU load exceeds 25%
client-cluster-1    | 16-Sep-2026 18:09:29 [---] Processor: 4 ARM  [Impl 0x61 Arch 8 Variant 0x0 Part 0x000 Rev 0]
client-cluster-1    | 16-Sep-2026 18:09:29 [---] Processor features: fp asimd evtstrm aes pmull sha1 sha2 crc32 atomics fphp asimdhp cpuid asimdrdm jscvt fcma lrcpc dcpop sha3 asimddp sha512 asimdfhm dit uscat ilrcpc flagm sb paca pacg dcpodp flagm2 frint i8mm bf16 bti afp
apache-1            | 2026-09-16 18:07:42,935 CRIT Server 'unix_http_server' running without any HTTP authentication checking
apache-1            | 2026-09-16 18:07:42,935 INFO supervisord started with pid 1
apache-1            | 2026-09-16 18:07:43,942 INFO spawned: 'cron' with pid 9
apache-1            | 2026-09-16 18:07:43,944 INFO spawned: 'start' with pid 10
apache-1            | 2026-09-16 18:07:43,946 INFO spawned: 'rsyslogd' with pid 11
apache-1            | 2026-09-16 18:07:43,947 INFO spawned: 'apache2' with pid 12
client-desktop-1    | 16-Sep-2026 18:09:28 [---]    (to change preferences, visit a project web site or select Preferences in the Manager)
client-desktop-1    | 16-Sep-2026 18:09:28 [---] Setting up project and slot directories
client-desktop-1    | 16-Sep-2026 18:09:28 [---] Checking active tasks
client-desktop-1    | 16-Sep-2026 18:09:28 [---] Setting up GUI RPC socket
client-low-power-1  | 16-Sep-2026 18:09:45 [boincserver] Started download of hybrid_synthetic_input.txt
client-low-power-1  | 16-Sep-2026 18:09:47 [boincserver] Finished download of hybrid_synthetic_1.0_aarch64-unknown-linux-gnu
mysql-1             | 2026-09-16 18:07:46 0 [Note] mysqld (initiated by: unknown): Normal shutdown
mysql-1             | 2026-09-16 18:07:46 0 [Note] Event Scheduler: Purging the queue. 0 events
mysql-1             | 2026-09-16 18:07:46 0 [Note] InnoDB: FTS optimize thread exiting.
mysql-1             | 2026-09-16 18:07:46 0 [Note] InnoDB: Starting shutdown...
mysql-1             | 2026-09-16 18:07:46 0 [Note] InnoDB: Dumping buffer pool(s) to /var/lib/mysql/ib_buffer_pool
mysql-1             | 2026-09-16 18:07:46 0 [Note] InnoDB: Buffer pool(s) dump completed at 260916 18:07:46
mysql-1             | 2026-09-16 18:07:47 0 [Note] InnoDB: Shutdown completed; log sequence number 1630824; transaction id 24
mysql-1             | 2026-09-16 18:07:47 0 [Note] InnoDB: Removed temporary tablespace data file: "ibtmp1"
mysql-1             | 2026-09-16 18:07:47 0 [Note] mysqld: Shutdown complete
mysql-1             | 
mysql-1             | 
mysql-1             | MySQL init process done. Ready for start up.
mysql-1             | 
client-cluster-1    | 16-Sep-2026 18:09:29 [---] OS: Linux Debian GNU/Linux: Debian GNU/Linux 12 (bookworm) [6.8.0-100-generic|libc 2.36]
client-cluster-1    | 16-Sep-2026 18:09:29 [---] Memory: 9.69 GB physical, 0 bytes virtual
client-cluster-1    | 16-Sep-2026 18:09:29 [---] Disk: 18.33 GB total, 15.49 GB free
client-cluster-1    | 16-Sep-2026 18:09:29 [---] Local time is UTC +0 hours
client-cluster-1    | 16-Sep-2026 18:09:29 [---] Config: GUI RPC allowed from any host
apache-1            | 2026-09-16 18:07:45,909 INFO success: cron entered RUNNING state, process has stayed up for > than 1 seconds (startsecs)
apache-1            | 2026-09-16 18:07:45,909 INFO success: start entered RUNNING state, process has stayed up for > than 1 seconds (startsecs)
apache-1            | 2026-09-16 18:07:45,909 INFO success: rsyslogd entered RUNNING state, process has stayed up for > than 1 seconds (startsecs)
apache-1            | 2026-09-16 18:07:45,909 INFO success: apache2 entered RUNNING state, process has stayed up for > than 1 seconds (startsecs)
apache-1            | 2026-09-16 18:08:09,481 INFO reaped unknown pid 74
apache-1            | 2026-09-16 18:08:09,481 INFO reaped unknown pid 76
client-low-power-1  | 16-Sep-2026 18:09:47 [boincserver] Finished download of hybrid_synthetic_input.txt
client-low-power-1  | 16-Sep-2026 18:09:47 [boincserver] Starting task exp_20260916T180210Z_random_long_6_0
client-cluster-2-1  | 16-Sep-2026 18:09:34 [---]    max memory usage when active: 8929.14 MB
client-cluster-2-1  | 16-Sep-2026 18:09:34 [---]    max memory usage when idle: 8929.14 MB
client-cluster-2-1  | 16-Sep-2026 18:09:34 [---]    max disk usage: 2.00 GB
client-cluster-2-1  | 16-Sep-2026 18:09:34 [---]    don't use GPU while active
client-desktop-1    | 16-Sep-2026 18:09:28 [---] Checking presence of 0 project files
client-desktop-1    | 16-Sep-2026 18:09:28 [---] This computer is not attached to any projects
apache-1            | 2026-09-16 18:08:09,481 INFO reaped unknown pid 78
apache-1            | 2026-09-16 18:08:16,137 INFO reaped unknown pid 77
apache-1            | 2026-09-16 18:08:16,137 INFO reaped unknown pid 79
client-phone-2-1    | 16-Sep-2026 18:09:29 [---]    max memory usage when active: 8929.14 MB
client-phone-2-1    | 16-Sep-2026 18:09:29 [---]    max memory usage when idle: 8929.14 MB
client-phone-2-1    | 16-Sep-2026 18:09:29 [---]    max disk usage: 2.00 GB
client-phone-2-1    | 16-Sep-2026 18:09:29 [---]    don't use GPU while active
client-phone-2-1    | 16-Sep-2026 18:09:29 [---]    suspend work if non-BOINC CPU load exceeds 25%
client-phone-2-1    | 16-Sep-2026 18:09:29 [---]    (to change preferences, visit a project web site or select Preferences in the Manager)
client-phone-2-1    | 16-Sep-2026 18:09:29 [---] Setting up project and slot directories
client-phone-2-1    | dir_open: Could not open directory 'slots' from '/var/lib/boinc-client'.
client-phone-2-1    | 16-Sep-2026 18:09:29 [---] Checking active tasks
client-phone-2-1    | 16-Sep-2026 18:09:29 [---] Setting up GUI RPC socket
client-phone-2-1    | 16-Sep-2026 18:09:29 [---] Checking presence of 0 project files
client-phone-2-1    | 16-Sep-2026 18:09:29 [---] This computer is not attached to any projects
client-phone-2-1    | 16-Sep-2026 18:09:29 Initialization completed
client-phone-2-1    | dir_open: Could not open directory 'projects/boincserver.local_boincserver' from '/var/lib/boinc-client'.
client-phone-2-1    | 16-Sep-2026 18:09:30 [---] No general preferences found - using defaults
client-cluster-1    | 16-Sep-2026 18:09:29 [---] Config: simulate 4 CPUs
client-cluster-1    | 16-Sep-2026 18:09:29 [---] Config: report completed tasks immediately
client-cluster-2-1  | 16-Sep-2026 18:09:34 [---]    suspend work if non-BOINC CPU load exceeds 25%
client-cluster-2-1  | 16-Sep-2026 18:09:34 [---]    (to change preferences, visit a project web site or select Preferences in the Manager)
client-cluster-2-1  | 16-Sep-2026 18:09:34 [---] Setting up project and slot directories
client-cluster-2-1  | 16-Sep-2026 18:09:34 [---] Checking active tasks
makeproject-1       | added platform: (create_time, name, user_friendly_name) values (1789582083, 'aarch64-unknown-linux-gnu', 'Linux running on ARM64')
makeproject-1       | added platform: (create_time, name, user_friendly_name) values (1789582083, 'anonymous', 'anonymous')
makeproject-1       | 
client-cluster-1    | 16-Sep-2026 18:09:29 [---] No general preferences found - using defaults
client-cluster-1    | 16-Sep-2026 18:09:29 [---] Reading preferences override file
client-cluster-1    | 16-Sep-2026 18:09:29 [---] Preferences:
client-cluster-2-1  | 16-Sep-2026 18:09:34 [---] Setting up GUI RPC socket
client-cluster-2-1  | dir_open: Could not open directory 'slots' from '/var/lib/boinc-client'.
client-cluster-2-1  | 16-Sep-2026 18:09:34 [---] Checking presence of 0 project files
client-cluster-2-1  | 16-Sep-2026 18:09:34 [---] This computer is not attached to any projects
client-low-power-1  | 16-Sep-2026 18:09:53 [boincserver] Sending scheduler request: To fetch work.
client-low-power-1  | 16-Sep-2026 18:09:53 [boincserver] Requesting new tasks for CPU
client-low-power-1  | 16-Sep-2026 18:09:55 [boincserver] Scheduler request completed: got 1 new tasks
client-low-power-1  | 16-Sep-2026 18:09:55 [boincserver] Project requested delay of 7 seconds
client-low-power-1  | 16-Sep-2026 18:10:05 [boincserver] Sending scheduler request: To fetch work.
client-low-power-1  | 16-Sep-2026 18:10:05 [boincserver] Requesting new tasks for CPU
client-low-power-1  | 16-Sep-2026 18:10:07 [boincserver] Scheduler request completed: got 0 new tasks
client-low-power-1  | 16-Sep-2026 18:10:07 [boincserver] No tasks sent
client-low-power-1  | 16-Sep-2026 18:10:07 [boincserver] This computer has reached a limit on tasks in progress
mysql-1             | 2026-09-16 18:07:47 0 [Note] mysqld (mysqld 10.3.8-MariaDB-1:10.3.8+maria~bionic) starting as process 1 ...
mysql-1             | 2026-09-16 18:07:47 0 [Note] InnoDB: Using Linux native AIO
mysql-1             | 2026-09-16 18:07:47 0 [Note] InnoDB: Mutexes and rw_locks use GCC atomic builtins
mysql-1             | 2026-09-16 18:07:47 0 [Note] InnoDB: Uses event mutexes
mysql-1             | 2026-09-16 18:07:47 0 [Note] InnoDB: Compressed tables use zlib 1.2.11
mysql-1             | 2026-09-16 18:07:47 0 [Note] InnoDB: Number of pools: 1
mysql-1             | 2026-09-16 18:07:47 0 [Note] InnoDB: Using generic crc32 instructions
mysql-1             | 2026-09-16 18:07:47 0 [Note] InnoDB: Initializing buffer pool, total size = 256M, instances = 1, chunk size = 128M
mysql-1             | 2026-09-16 18:07:47 0 [Note] InnoDB: Completed initialization of buffer pool
client-cluster-1    | 16-Sep-2026 18:09:29 [---]    max memory usage when active: 8929.14 MB
client-cluster-1    | 16-Sep-2026 18:09:29 [---]    max memory usage when idle: 8929.14 MB
client-cluster-1    | dir_open: Could not open directory 'slots' from '/var/lib/boinc-client'.
client-cluster-1    | 16-Sep-2026 18:09:29 [---]    max disk usage: 2.00 GB
client-desktop-1    | 16-Sep-2026 18:09:28 Initialization completed
client-desktop-1    | dir_open: Could not open directory 'projects/boincserver.local_boincserver' from '/var/lib/boinc-client'.
client-desktop-1    | 16-Sep-2026 18:09:30 [---] No general preferences found - using defaults
client-desktop-1    | 16-Sep-2026 18:09:30 [---] Reading preferences override file
client-desktop-1    | 16-Sep-2026 18:09:30 [---] Preferences:
client-cluster-2-1  | 16-Sep-2026 18:09:34 Initialization completed
client-cluster-2-1  | dir_open: Could not open directory 'projects/boincserver.local_boincserver' from '/var/lib/boinc-client'.
client-cluster-1    | 16-Sep-2026 18:09:29 [---]    don't use GPU while active
client-cluster-1    | 16-Sep-2026 18:09:29 [---]    suspend work if non-BOINC CPU load exceeds 25%
client-cluster-1    | 16-Sep-2026 18:09:29 [---]    (to change preferences, visit a project web site or select Preferences in the Manager)
client-cluster-1    | 16-Sep-2026 18:09:29 [---] Setting up project and slot directories
client-cluster-1    | 16-Sep-2026 18:09:29 [---] Checking active tasks
client-cluster-1    | 16-Sep-2026 18:09:29 [---] Setting up GUI RPC socket
client-desktop-1    | 16-Sep-2026 18:09:30 [---]    max memory usage when active: 8929.14 MB
client-desktop-1    | 16-Sep-2026 18:09:30 [---]    max memory usage when idle: 8929.14 MB
client-low-power-1  | 16-Sep-2026 18:10:07 [boincserver] Project requested delay of 7 seconds
client-low-power-1  | 16-Sep-2026 18:11:53 [boincserver] Computation for task exp_20260916T180210Z_random_long_6_0 finished
client-low-power-1  | 16-Sep-2026 18:11:53 [boincserver] Starting task exp_20260916T180210Z_random_medium_12_0
client-low-power-1  | 16-Sep-2026 18:11:55 [boincserver] Started upload of exp_20260916T180210Z_random_long_6_0_r1973542212_0
client-cluster-1    | 16-Sep-2026 18:09:29 [---] Checking presence of 0 project files
client-cluster-1    | 16-Sep-2026 18:09:29 [---] This computer is not attached to any projects
client-cluster-1    | 16-Sep-2026 18:09:29 Initialization completed
client-cluster-1    | dir_open: Could not open directory 'projects/boincserver.local_boincserver' from '/var/lib/boinc-client'.
mysql-1             | 2026-09-16 18:07:47 0 [Note] InnoDB: If the mysqld execution user is authorized, page cleaner thread priority can be changed. See the man page of setpriority().
mysql-1             | 2026-09-16 18:07:47 0 [Note] InnoDB: 128 out of 128 rollback segments are active.
mysql-1             | 2026-09-16 18:07:47 0 [Note] InnoDB: Creating shared tablespace for temporary tables
mysql-1             | 2026-09-16 18:07:47 0 [Note] InnoDB: Setting file './ibtmp1' size to 12 MB. Physically writing the file full; Please wait ...
mysql-1             | 2026-09-16 18:07:47 0 [Note] InnoDB: File './ibtmp1' size is now 12 MB.
mysql-1             | 2026-09-16 18:07:47 0 [Note] InnoDB: Waiting for purge to start
mysql-1             | 2026-09-16 18:07:47 0 [Note] InnoDB: 10.3.8 started; log sequence number 1630824; transaction id 21
client-cluster-1    | 16-Sep-2026 18:09:30 [---] No general preferences found - using defaults
client-cluster-1    | 16-Sep-2026 18:09:30 [---] Reading preferences override file
client-cluster-1    | 16-Sep-2026 18:09:30 [---] Preferences:
apache-1            | 2026-09-16 18:08:16,139 INFO reaped unknown pid 75
apache-1            | 2026-09-16 18:08:24,340 INFO reaped unknown pid 164
apache-1            | 2026-09-16 18:08:24,340 INFO reaped unknown pid 166
apache-1            | 2026-09-16 18:08:24,340 INFO reaped unknown pid 168
client-phone-2-1    | 16-Sep-2026 18:09:30 [---] Reading preferences override file
client-phone-2-1    | 16-Sep-2026 18:09:30 [---] Preferences:
client-phone-2-1    | 16-Sep-2026 18:09:30 [---]    max memory usage when active: 8929.14 MB
client-cluster-1    | 16-Sep-2026 18:09:30 [---]    max memory usage when active: 8929.14 MB
client-cluster-1    | 16-Sep-2026 18:09:30 [---]    max memory usage when idle: 8929.14 MB
client-cluster-1    | 16-Sep-2026 18:09:30 [---]    max disk usage: 2.00 GB
client-cluster-1    | 16-Sep-2026 18:09:30 [---]    don't use GPU while active
client-cluster-1    | 16-Sep-2026 18:09:30 [---]    suspend work if non-BOINC CPU load exceeds 25%
client-cluster-1    | 16-Sep-2026 18:09:30 [---]    (to change preferences, visit a project web site or select Preferences in the Manager)
client-cluster-1    | 16-Sep-2026 18:09:34 [http://boincserver.local/boincserver/] Fetching scheduler list
client-cluster-1    | 16-Sep-2026 18:09:36 [http://boincserver.local/boincserver/] Master file download succeeded
client-cluster-1    | 16-Sep-2026 18:09:41 [http://boincserver.local/boincserver/] Sending scheduler request: Project initialization.
apache-1            | 2026-09-16 18:08:24,340 INFO reaped unknown pid 170
apache-1            | 2026-09-16 18:08:24,340 INFO reaped unknown pid 172
client-desktop-1    | 16-Sep-2026 18:09:30 [---]    max disk usage: 2.00 GB
client-desktop-1    | 16-Sep-2026 18:09:30 [---]    don't use GPU while active
client-desktop-1    | 16-Sep-2026 18:09:30 [---]    suspend work if non-BOINC CPU load exceeds 25%
client-phone-2-1    | 16-Sep-2026 18:09:30 [---]    max memory usage when idle: 8929.14 MB
client-phone-2-1    | 16-Sep-2026 18:09:30 [---]    max disk usage: 2.00 GB
client-phone-2-1    | 16-Sep-2026 18:09:30 [---]    don't use GPU while active
client-phone-2-1    | 16-Sep-2026 18:09:30 [---]    suspend work if non-BOINC CPU load exceeds 25%
client-phone-2-1    | 16-Sep-2026 18:09:30 [---]    (to change preferences, visit a project web site or select Preferences in the Manager)
client-phone-2-1    | 16-Sep-2026 18:09:34 [http://boincserver.local/boincserver/] Fetching scheduler list
client-phone-2-1    | 16-Sep-2026 18:09:36 [http://boincserver.local/boincserver/] Master file download succeeded
client-cluster-2-1  | 16-Sep-2026 18:09:35 [---] No general preferences found - using defaults
client-cluster-2-1  | 16-Sep-2026 18:09:35 [---] Reading preferences override file
client-cluster-2-1  | 16-Sep-2026 18:09:35 [---] Preferences:
client-cluster-2-1  | 16-Sep-2026 18:09:35 [---]    max memory usage when active: 8929.14 MB
apache-1            | 2026-09-16 18:10:01,977 INFO reaped unknown pid 298
apache-1            | 2026-09-16 18:10:02,081 INFO reaped unknown pid 300
apache-1            | 2026-09-16 18:10:02,182 INFO reaped unknown pid 302
apache-1            | 2026-09-16 18:10:02,285 INFO reaped unknown pid 304
client-desktop-1    | 16-Sep-2026 18:09:30 [---]    (to change preferences, visit a project web site or select Preferences in the Manager)
client-desktop-1    | 16-Sep-2026 18:09:33 [http://boincserver.local/boincserver/] Fetching scheduler list
client-phone-1      | 16-Sep-2026 18:09:29 [---]    don't use GPU while active
client-phone-1      | 16-Sep-2026 18:09:29 [---]    suspend work if non-BOINC CPU load exceeds 25%
client-phone-1      | 16-Sep-2026 18:09:29 [---]    (to change preferences, visit a project web site or select Preferences in the Manager)
client-phone-1      | 16-Sep-2026 18:09:29 [---] Setting up project and slot directories
client-phone-1      | dir_open: Could not open directory 'slots' from '/var/lib/boinc-client'.
client-phone-1      | 16-Sep-2026 18:09:29 [---] Checking active tasks
client-phone-1      | 16-Sep-2026 18:09:29 [---] Setting up GUI RPC socket
client-phone-1      | 16-Sep-2026 18:09:29 [---] Checking presence of 0 project files
client-cluster-2-1  | 16-Sep-2026 18:09:35 [---]    max memory usage when idle: 8929.14 MB
client-cluster-2-1  | 16-Sep-2026 18:09:35 [---]    max disk usage: 2.00 GB
client-cluster-2-1  | 16-Sep-2026 18:09:35 [---]    don't use GPU while active
client-cluster-2-1  | 16-Sep-2026 18:09:35 [---]    suspend work if non-BOINC CPU load exceeds 25%
client-cluster-2-1  | 16-Sep-2026 18:09:35 [---]    (to change preferences, visit a project web site or select Preferences in the Manager)
client-cluster-2-1  | 16-Sep-2026 18:09:39 [http://boincserver.local/boincserver/] Fetching scheduler list
client-cluster-2-1  | 16-Sep-2026 18:09:41 [http://boincserver.local/boincserver/] Master file download succeeded
client-cluster-2-1  | 16-Sep-2026 18:09:46 [http://boincserver.local/boincserver/] Sending scheduler request: Project initialization.
client-cluster-2-1  | 16-Sep-2026 18:09:46 [http://boincserver.local/boincserver/] Requesting new tasks for CPU
client-cluster-2-1  | 16-Sep-2026 18:09:48 [boincserver] Scheduler request completed: got 1 new tasks
client-cluster-1    | 16-Sep-2026 18:09:41 [http://boincserver.local/boincserver/] Requesting new tasks for CPU
client-cluster-1    | 16-Sep-2026 18:09:48 [boincserver] Scheduler request completed: got 1 new tasks
client-cluster-1    | 16-Sep-2026 18:09:48 [boincserver] Project requested delay of 7 seconds
client-low-power-1  | 16-Sep-2026 18:11:57 [boincserver] Finished upload of exp_20260916T180210Z_random_long_6_0_r1973542212_0
client-low-power-1  | 16-Sep-2026 18:12:00 [boincserver] Sending scheduler request: To report completed tasks.
client-low-power-1  | 16-Sep-2026 18:12:00 [boincserver] Reporting 1 completed tasks
client-low-power-1  | 16-Sep-2026 18:12:00 [boincserver] Requesting new tasks for CPU
client-low-power-1  | 16-Sep-2026 18:12:07 [boincserver] Scheduler request completed: got 0 new tasks
client-low-power-1  | 16-Sep-2026 18:12:07 [boincserver] Project has no tasks available
client-low-power-1  | 16-Sep-2026 18:12:07 [boincserver] Project requested delay of 7 seconds
client-low-power-1  | 16-Sep-2026 18:12:17 [boincserver] Sending scheduler request: To fetch work.
client-desktop-1    | 16-Sep-2026 18:09:35 [http://boincserver.local/boincserver/] Master file download succeeded
client-desktop-1    | 16-Sep-2026 18:09:41 [http://boincserver.local/boincserver/] Sending scheduler request: Project initialization.
client-desktop-1    | 16-Sep-2026 18:09:41 [http://boincserver.local/boincserver/] Requesting new tasks for CPU
client-desktop-1    | 16-Sep-2026 18:09:43 [boincserver] Scheduler request completed: got 1 new tasks
client-phone-2-1    | 16-Sep-2026 18:09:41 [http://boincserver.local/boincserver/] Sending scheduler request: Project initialization.
client-phone-2-1    | 16-Sep-2026 18:09:41 [http://boincserver.local/boincserver/] Requesting new tasks for CPU
client-phone-2-1    | 16-Sep-2026 18:09:43 [boincserver] Scheduler request completed: got 1 new tasks
client-phone-2-1    | 16-Sep-2026 18:09:43 [boincserver] Project requested delay of 7 seconds
client-phone-2-1    | 16-Sep-2026 18:09:45 [boincserver] Started download of hybrid_synthetic_1.0_aarch64-unknown-linux-gnu
client-phone-2-1    | 16-Sep-2026 18:09:45 [boincserver] Started download of hybrid_synthetic_input.txt
client-phone-2-1    | 16-Sep-2026 18:09:47 [boincserver] Finished download of hybrid_synthetic_1.0_aarch64-unknown-linux-gnu
client-phone-2-1    | 16-Sep-2026 18:09:47 [boincserver] Finished download of hybrid_synthetic_input.txt
client-phone-2-1    | 16-Sep-2026 18:09:47 [boincserver] Starting task exp_20260916T180210Z_random_long_5_0
client-phone-1      | 16-Sep-2026 18:09:29 [---] This computer is not attached to any projects
client-phone-1      | 16-Sep-2026 18:09:29 Initialization completed
client-phone-1      | dir_open: Could not open directory 'projects/boincserver.local_boincserver' from '/var/lib/boinc-client'.
client-phone-1      | 16-Sep-2026 18:09:30 [---] No general preferences found - using defaults
client-phone-1      | 16-Sep-2026 18:09:30 [---] Reading preferences override file
client-cluster-2-1  | 16-Sep-2026 18:09:48 [boincserver] Project requested delay of 7 seconds
client-cluster-2-1  | 16-Sep-2026 18:09:50 [boincserver] Started download of hybrid_synthetic_1.0_aarch64-unknown-linux-gnu
client-cluster-2-1  | 16-Sep-2026 18:09:50 [boincserver] Started download of hybrid_synthetic_input.txt
client-cluster-2-1  | 16-Sep-2026 18:09:52 [boincserver] Finished download of hybrid_synthetic_1.0_aarch64-unknown-linux-gnu
client-cluster-2-1  | 16-Sep-2026 18:09:52 [boincserver] Finished download of hybrid_synthetic_input.txt
apache-1            | 2026-09-16 18:10:02,386 INFO reaped unknown pid 306
apache-1            | 2026-09-16 18:10:03,398 INFO reaped unknown pid 297
apache-1            | 2026-09-16 18:10:03,398 INFO reaped unknown pid 299
apache-1            | 2026-09-16 18:10:03,398 INFO reaped unknown pid 301
apache-1            | 2026-09-16 18:10:03,398 INFO reaped unknown pid 303
apache-1            | 2026-09-16 18:10:03,398 INFO reaped unknown pid 305
mysql-1             | 2026-09-16 18:07:47 0 [Note] InnoDB: Loading buffer pool(s) from /var/lib/mysql/ib_buffer_pool
mysql-1             | 2026-09-16 18:07:47 0 [Note] Plugin 'FEEDBACK' is disabled.
client-phone-1      | 16-Sep-2026 18:09:30 [---] Preferences:
client-phone-1      | 16-Sep-2026 18:09:30 [---]    max memory usage when active: 8929.14 MB
client-phone-1      | 16-Sep-2026 18:09:30 [---]    max memory usage when idle: 8929.14 MB
client-cluster-1    | 16-Sep-2026 18:09:50 [boincserver] Started download of hybrid_synthetic_1.0_aarch64-unknown-linux-gnu
client-cluster-1    | 16-Sep-2026 18:09:50 [boincserver] Started download of hybrid_synthetic_input.txt
client-cluster-1    | 16-Sep-2026 18:09:52 [boincserver] Finished download of hybrid_synthetic_1.0_aarch64-unknown-linux-gnu
client-cluster-1    | 16-Sep-2026 18:09:52 [boincserver] Finished download of hybrid_synthetic_input.txt
apache-1            | 2026-09-16 18:10:03,398 INFO reaped unknown pid 307
apache-1            | 2026-09-16 18:10:03,398 INFO reaped unknown pid 308
apache-1            | 2026-09-16 18:10:03,398 INFO reaped unknown pid 312
apache-1            | 2026-09-16 18:10:03,398 INFO reaped unknown pid 317
client-phone-2-1    | 16-Sep-2026 18:09:53 [boincserver] Sending scheduler request: To fetch work.
client-phone-2-1    | 16-Sep-2026 18:09:53 [boincserver] Requesting new tasks for CPU
client-phone-2-1    | 16-Sep-2026 18:10:00 [boincserver] Scheduler request completed: got 1 new tasks
client-phone-2-1    | 16-Sep-2026 18:10:00 [boincserver] Project requested delay of 7 seconds
client-phone-2-1    | 16-Sep-2026 18:10:10 [boincserver] Sending scheduler request: To fetch work.
client-phone-2-1    | 16-Sep-2026 18:10:10 [boincserver] Requesting new tasks for CPU
client-phone-2-1    | 16-Sep-2026 18:10:12 [boincserver] Scheduler request completed: got 0 new tasks
client-phone-2-1    | 16-Sep-2026 18:10:12 [boincserver] No tasks sent
client-phone-2-1    | 16-Sep-2026 18:10:12 [boincserver] This computer has reached a limit on tasks in progress
client-phone-2-1    | 16-Sep-2026 18:10:12 [boincserver] Project requested delay of 7 seconds
client-cluster-2-1  | 16-Sep-2026 18:09:52 [boincserver] Starting task exp_20260916T180210Z_random_long_2_0
client-cluster-2-1  | 16-Sep-2026 18:09:58 [boincserver] Sending scheduler request: To fetch work.
client-cluster-2-1  | 16-Sep-2026 18:09:58 [boincserver] Requesting new tasks for CPU
client-cluster-2-1  | 16-Sep-2026 18:10:00 [boincserver] Scheduler request completed: got 4 new tasks
client-cluster-2-1  | 16-Sep-2026 18:10:00 [boincserver] Project requested delay of 7 seconds
client-cluster-2-1  | 16-Sep-2026 18:10:02 [boincserver] Elapsed time limit 50.000000 < 120.000000; setting to 43200.000000
client-cluster-2-1  | 16-Sep-2026 18:10:02 [boincserver] Starting task exp_20260916T180210Z_random_short_18_0
client-cluster-2-1  | 16-Sep-2026 18:10:02 [boincserver] Starting task exp_20260916T180210Z_random_medium_2_0
client-cluster-2-1  | 16-Sep-2026 18:10:02 [boincserver] Starting task exp_20260916T180210Z_random_medium_9_0
mysql-1             | 2026-09-16 18:07:47 0 [Note] InnoDB: Buffer pool(s) load completed at 260916 18:07:47
mysql-1             | 2026-09-16 18:07:47 0 [Note] Server socket created on IP: '::'.
mysql-1             | 2026-09-16 18:07:47 0 [Warning] 'proxies_priv' entry '@% root@297c66c7f027' ignored in --skip-name-resolve mode.
apache-1            | 2026-09-16 18:10:03,398 INFO reaped unknown pid 319
apache-1            | 2026-09-16 18:10:03,398 INFO reaped unknown pid 321
apache-1            | 2026-09-16 18:10:03,398 INFO reaped unknown pid 323
apache-1            | 2026-09-16 18:10:07,806 INFO reaped unknown pid 314
apache-1            | 2026-09-16 18:10:07,937 INFO reaped unknown pid 315
client-phone-1      | 16-Sep-2026 18:09:30 [---]    max disk usage: 2.00 GB
client-phone-1      | 16-Sep-2026 18:09:30 [---]    don't use GPU while active
client-phone-1      | 16-Sep-2026 18:09:30 [---]    suspend work if non-BOINC CPU load exceeds 25%
client-phone-1      | 16-Sep-2026 18:09:30 [---]    (to change preferences, visit a project web site or select Preferences in the Manager)
client-cluster-1    | 16-Sep-2026 18:09:52 [boincserver] Starting task exp_20260916T180210Z_random_medium_11_0
client-cluster-1    | 16-Sep-2026 18:09:58 [boincserver] Sending scheduler request: To fetch work.
client-cluster-1    | 16-Sep-2026 18:09:58 [boincserver] Requesting new tasks for CPU
client-cluster-1    | 16-Sep-2026 18:10:00 [boincserver] Scheduler request completed: got 4 new tasks
client-desktop-1    | 16-Sep-2026 18:09:43 [boincserver] Project requested delay of 7 seconds
client-desktop-1    | 16-Sep-2026 18:09:45 [boincserver] Started download of hybrid_synthetic_1.0_aarch64-unknown-linux-gnu
client-desktop-1    | 16-Sep-2026 18:09:45 [boincserver] Started download of hybrid_synthetic_input.txt
client-desktop-1    | 16-Sep-2026 18:09:47 [boincserver] Finished download of hybrid_synthetic_1.0_aarch64-unknown-linux-gnu
client-desktop-1    | 16-Sep-2026 18:09:47 [boincserver] Finished download of hybrid_synthetic_input.txt
client-desktop-1    | 16-Sep-2026 18:09:47 [boincserver] Starting task exp_20260916T180210Z_random_long_4_0
client-desktop-1    | 16-Sep-2026 18:09:53 [boincserver] Sending scheduler request: To fetch work.
client-desktop-1    | 16-Sep-2026 18:09:53 [boincserver] Requesting new tasks for CPU
client-cluster-1    | 16-Sep-2026 18:10:00 [boincserver] Project requested delay of 7 seconds
client-cluster-1    | 16-Sep-2026 18:10:02 [boincserver] Elapsed time limit 50.000000 < 120.000000; setting to 43200.000000
client-cluster-1    | 16-Sep-2026 18:10:02 [boincserver] Elapsed time limit 50.000000 < 120.000000; setting to 43200.000000
client-cluster-1    | 16-Sep-2026 18:10:02 [boincserver] Elapsed time limit 50.000000 < 120.000000; setting to 43200.000000
client-low-power-1  | 16-Sep-2026 18:12:17 [boincserver] Requesting new tasks for CPU
client-low-power-1  | 16-Sep-2026 18:12:19 [boincserver] Scheduler request completed: got 0 new tasks
client-low-power-1  | 16-Sep-2026 18:12:19 [boincserver] Project has no tasks available
mysql-1             | 2026-09-16 18:07:47 0 [Note] Reading of all Master_info entries succeded
mysql-1             | 2026-09-16 18:07:47 0 [Note] Added new Master_info '' to hash table
mysql-1             | 2026-09-16 18:07:47 0 [Note] mysqld: ready for connections.
mysql-1             | Version: '10.3.8-MariaDB-1:10.3.8+maria~bionic'  socket: '/var/run/mysqld/mysqld.sock'  port: 3306  mariadb.org binary distribution
mysql-1             | 2026-09-16 18:07:53 8 [Warning] Access denied for user 'boincadm'@'172.21.0.3' (using password: NO)
mysql-1             | 2026-09-16 18:08:16 16 [Warning] Aborted connection 16 to db: 'boincserver' user: 'root' host: '172.21.0.4' (Got an error reading communication packets)
client-low-power-1  | 16-Sep-2026 18:12:19 [boincserver] Project requested delay of 7 seconds
client-low-power-1  | 16-Sep-2026 18:12:26 [boincserver] Computation for task exp_20260916T180210Z_random_medium_12_0 finished
client-low-power-1  | 16-Sep-2026 18:12:28 [boincserver] Started upload of exp_20260916T180210Z_random_medium_12_0_r1595861279_0
client-low-power-1  | 16-Sep-2026 18:12:30 [boincserver] Finished upload of exp_20260916T180210Z_random_medium_12_0_r1595861279_0
client-low-power-1  | 16-Sep-2026 18:12:41 [boincserver] Sending scheduler request: To report completed tasks.
client-low-power-1  | 16-Sep-2026 18:12:41 [boincserver] Reporting 1 completed tasks
client-cluster-2-1  | 16-Sep-2026 18:10:10 [boincserver] Computation for task exp_20260916T180210Z_random_short_18_0 finished
client-cluster-2-1  | 16-Sep-2026 18:10:10 [boincserver] Elapsed time limit 50.000000 < 120.000000; setting to 43200.000000
client-cluster-2-1  | 16-Sep-2026 18:10:10 [boincserver] Starting task exp_20260916T180210Z_random_short_17_0
client-cluster-2-1  | 16-Sep-2026 18:10:10 [boincserver] Sending scheduler request: To fetch work.
client-low-power-1  | 16-Sep-2026 18:12:41 [boincserver] Requesting new tasks for CPU
client-low-power-1  | 16-Sep-2026 18:12:43 [boincserver] Scheduler request completed: got 0 new tasks
client-low-power-1  | 16-Sep-2026 18:12:43 [boincserver] Project has no tasks available
client-low-power-1  | 16-Sep-2026 18:12:43 [boincserver] Project requested delay of 7 seconds
client-low-power-1  | 16-Sep-2026 18:12:54 [boincserver] Sending scheduler request: To fetch work.
client-low-power-1  | 16-Sep-2026 18:12:54 [boincserver] Requesting new tasks for CPU
client-cluster-2-1  | 16-Sep-2026 18:10:10 [boincserver] Requesting new tasks for CPU
client-cluster-2-1  | 16-Sep-2026 18:10:12 [boincserver] Started upload of exp_20260916T180210Z_random_short_18_0_r1946615945_0
client-cluster-2-1  | 16-Sep-2026 18:10:12 [boincserver] Scheduler request completed: got 3 new tasks
client-cluster-2-1  | 16-Sep-2026 18:10:12 [boincserver] Project requested delay of 7 seconds
client-cluster-2-1  | 16-Sep-2026 18:10:14 [boincserver] Finished upload of exp_20260916T180210Z_random_short_18_0_r1946615945_0
client-cluster-2-1  | 16-Sep-2026 18:10:19 [boincserver] Computation for task exp_20260916T180210Z_random_short_17_0 finished
client-cluster-2-1  | 16-Sep-2026 18:10:19 [boincserver] Starting task exp_20260916T180210Z_random_medium_4_0
client-cluster-2-1  | 16-Sep-2026 18:10:21 [boincserver] Started upload of exp_20260916T180210Z_random_short_17_0_r1280307153_0
client-cluster-2-1  | 16-Sep-2026 18:10:23 [boincserver] Finished upload of exp_20260916T180210Z_random_short_17_0_r1280307153_0
client-cluster-2-1  | 16-Sep-2026 18:10:27 [boincserver] Sending scheduler request: To report completed tasks.
client-cluster-2-1  | 16-Sep-2026 18:10:27 [boincserver] Reporting 2 completed tasks
client-cluster-2-1  | 16-Sep-2026 18:10:27 [boincserver] Requesting new tasks for CPU
client-desktop-1    | 16-Sep-2026 18:09:55 [boincserver] Scheduler request completed: got 2 new tasks
client-desktop-1    | 16-Sep-2026 18:09:55 [boincserver] Project requested delay of 7 seconds
client-desktop-1    | 16-Sep-2026 18:09:57 [boincserver] Starting task exp_20260916T180210Z_random_medium_10_0
client-desktop-1    | 16-Sep-2026 18:10:05 [boincserver] Sending scheduler request: To fetch work.
client-desktop-1    | 16-Sep-2026 18:10:05 [boincserver] Requesting new tasks for CPU
client-desktop-1    | 16-Sep-2026 18:10:07 [boincserver] Scheduler request completed: got 1 new tasks
client-desktop-1    | 16-Sep-2026 18:10:07 [boincserver] Project requested delay of 7 seconds
client-desktop-1    | 16-Sep-2026 18:10:17 [boincserver] Sending scheduler request: To fetch work.
client-desktop-1    | 16-Sep-2026 18:10:17 [boincserver] Requesting new tasks for CPU
mysql-1             | 2026-09-16 18:08:16 17 [Warning] Aborted connection 17 to db: 'boincserver' user: 'root' host: '172.21.0.4' (Got an error reading communication packets)
mysql-1             | 2026-09-16 18:08:16 15 [Warning] Aborted connection 15 to db: 'boincserver' user: 'root' host: '172.21.0.4' (Got an error reading communication packets)
mysql-1             | 2026-09-16 18:10:02 100 [Warning] Aborted connection 100 to db: 'boincserver' user: 'root' host: '172.21.0.4' (Got an error reading communication packets)
mysql-1             | 2026-09-16 18:10:07 111 [Warning] Aborted connection 111 to db: 'boincserver' user: 'root' host: '172.21.0.4' (Got an error reading communication packets)
client-cluster-1    | 16-Sep-2026 18:10:02 [boincserver] Starting task exp_20260916T180210Z_random_short_8_0
client-cluster-1    | 16-Sep-2026 18:10:02 [boincserver] Starting task exp_20260916T180210Z_random_short_15_0
client-cluster-1    | 16-Sep-2026 18:10:02 [boincserver] Starting task exp_20260916T180210Z_random_short_5_0
client-cluster-1    | 16-Sep-2026 18:10:10 [boincserver] Computation for task exp_20260916T180210Z_random_short_8_0 finished
client-cluster-1    | 16-Sep-2026 18:10:10 [boincserver] Elapsed time limit 50.000000 < 120.000000; setting to 43200.000000
client-cluster-1    | 16-Sep-2026 18:10:10 [boincserver] Starting task exp_20260916T180210Z_random_short_6_0
client-phone-1      | 16-Sep-2026 18:09:34 [http://boincserver.local/boincserver/] Fetching scheduler list
client-phone-1      | 16-Sep-2026 18:09:36 [http://boincserver.local/boincserver/] Master file download succeeded
client-phone-1      | 16-Sep-2026 18:09:41 [http://boincserver.local/boincserver/] Sending scheduler request: Project initialization.
client-phone-1      | 16-Sep-2026 18:09:41 [http://boincserver.local/boincserver/] Requesting new tasks for CPU
client-phone-2-1    | 16-Sep-2026 18:11:49 [boincserver] Computation for task exp_20260916T180210Z_random_long_5_0 finished
client-phone-2-1    | 16-Sep-2026 18:11:49 [boincserver] Starting task exp_20260916T180210Z_random_medium_6_0
client-phone-2-1    | 16-Sep-2026 18:11:51 [boincserver] Started upload of exp_20260916T180210Z_random_long_5_0_r1834130470_0
client-phone-2-1    | 16-Sep-2026 18:11:53 [boincserver] Finished upload of exp_20260916T180210Z_random_long_5_0_r1834130470_0
client-phone-2-1    | 16-Sep-2026 18:11:55 [boincserver] Sending scheduler request: To report completed tasks.
client-phone-2-1    | 16-Sep-2026 18:11:55 [boincserver] Reporting 1 completed tasks
client-phone-2-1    | 16-Sep-2026 18:11:55 [boincserver] Requesting new tasks for CPU
client-phone-2-1    | 16-Sep-2026 18:11:57 [boincserver] Scheduler request completed: got 0 new tasks
client-phone-2-1    | 16-Sep-2026 18:11:57 [boincserver] Project has no tasks available
client-phone-2-1    | 16-Sep-2026 18:11:57 [boincserver] Project requested delay of 7 seconds
client-phone-2-1    | 16-Sep-2026 18:12:10 [boincserver] Sending scheduler request: To fetch work.
client-cluster-1    | 16-Sep-2026 18:10:10 [boincserver] Sending scheduler request: To fetch work.
client-cluster-1    | 16-Sep-2026 18:10:10 [boincserver] Requesting new tasks for CPU
client-cluster-1    | 16-Sep-2026 18:10:11 [boincserver] Computation for task exp_20260916T180210Z_random_short_15_0 finished
client-cluster-1    | 16-Sep-2026 18:10:12 [boincserver] Started upload of exp_20260916T180210Z_random_short_8_0_r283408482_0
client-cluster-1    | 16-Sep-2026 18:10:12 [boincserver] Computation for task exp_20260916T180210Z_random_short_5_0 finished
client-cluster-1    | 16-Sep-2026 18:10:12 [boincserver] Scheduler request completed: got 3 new tasks
client-cluster-1    | 16-Sep-2026 18:10:12 [boincserver] Project requested delay of 7 seconds
client-cluster-1    | 16-Sep-2026 18:10:13 [boincserver] Started upload of exp_20260916T180210Z_random_short_15_0_r666329042_0
client-cluster-1    | 16-Sep-2026 18:10:14 [boincserver] Finished upload of exp_20260916T180210Z_random_short_8_0_r283408482_0
client-cluster-1    | 16-Sep-2026 18:10:14 [boincserver] Finished upload of exp_20260916T180210Z_random_short_15_0_r666329042_0
client-cluster-1    | 16-Sep-2026 18:10:14 [boincserver] Started upload of exp_20260916T180210Z_random_short_5_0_r1708515508_0
client-cluster-1    | 16-Sep-2026 18:10:14 [boincserver] Elapsed time limit 50.000000 < 120.000000; setting to 43200.000000
client-cluster-1    | 16-Sep-2026 18:10:14 [boincserver] Starting task exp_20260916T180210Z_random_medium_1_0
client-cluster-1    | 16-Sep-2026 18:10:14 [boincserver] Starting task exp_20260916T180210Z_random_short_9_0
client-cluster-1    | 16-Sep-2026 18:10:16 [boincserver] Finished upload of exp_20260916T180210Z_random_short_5_0_r1708515508_0
client-cluster-1    | 16-Sep-2026 18:10:18 [boincserver] Computation for task exp_20260916T180210Z_random_short_6_0 finished
client-cluster-1    | 16-Sep-2026 18:10:18 [boincserver] Elapsed time limit 50.000000 < 120.000000; setting to 43200.000000
client-cluster-1    | 16-Sep-2026 18:10:18 [boincserver] Starting task exp_20260916T180210Z_random_short_12_0
client-cluster-1    | 16-Sep-2026 18:10:30 [boincserver] Started upload of exp_20260916T180210Z_random_short_6_0_r270542448_0
client-phone-2-1    | 16-Sep-2026 18:12:10 [boincserver] Requesting new tasks for CPU
client-phone-2-1    | 16-Sep-2026 18:12:12 [boincserver] Scheduler request completed: got 0 new tasks
client-phone-2-1    | 16-Sep-2026 18:12:12 [boincserver] Project has no tasks available
client-phone-2-1    | 16-Sep-2026 18:12:12 [boincserver] Project requested delay of 7 seconds
client-cluster-2-1  | 16-Sep-2026 18:10:29 [boincserver] Scheduler request completed: got 2 new tasks
client-cluster-2-1  | 16-Sep-2026 18:10:29 [boincserver] Project requested delay of 7 seconds
client-cluster-2-1  | 16-Sep-2026 18:10:40 [boincserver] Sending scheduler request: To fetch work.
client-cluster-2-1  | 16-Sep-2026 18:10:40 [boincserver] Requesting new tasks for CPU
client-cluster-2-1  | 16-Sep-2026 18:10:42 [boincserver] Computation for task exp_20260916T180210Z_random_medium_2_0 finished
client-cluster-2-1  | 16-Sep-2026 18:10:42 [boincserver] Starting task exp_20260916T180210Z_random_medium_3_0
client-cluster-2-1  | 16-Sep-2026 18:10:42 [boincserver] Scheduler request completed: got 0 new tasks
client-desktop-1    | 16-Sep-2026 18:10:19 [boincserver] Scheduler request completed: got 0 new tasks
client-desktop-1    | 16-Sep-2026 18:10:19 [boincserver] No tasks sent
client-desktop-1    | 16-Sep-2026 18:10:19 [boincserver] This computer has reached a limit on tasks in progress
client-desktop-1    | 16-Sep-2026 18:10:19 [boincserver] Project requested delay of 7 seconds
client-cluster-1    | 16-Sep-2026 18:10:32 [boincserver] Finished upload of exp_20260916T180210Z_random_short_6_0_r270542448_0
client-cluster-1    | 16-Sep-2026 18:10:33 [boincserver] Computation for task exp_20260916T180210Z_random_medium_11_0 finished
client-cluster-1    | 16-Sep-2026 18:10:34 [boincserver] Computation for task exp_20260916T180210Z_random_short_9_0 finished
client-cluster-1    | 16-Sep-2026 18:10:35 [boincserver] Started upload of exp_20260916T180210Z_random_medium_11_0_r1026196285_0
client-phone-1      | 16-Sep-2026 18:09:47 [boincserver] Scheduler request completed: got 1 new tasks
client-phone-1      | 16-Sep-2026 18:09:47 [boincserver] Project requested delay of 7 seconds
client-phone-1      | 16-Sep-2026 18:09:49 [boincserver] Started download of hybrid_synthetic_1.0_aarch64-unknown-linux-gnu
client-phone-1      | 16-Sep-2026 18:09:49 [boincserver] Started download of hybrid_synthetic_input.txt
client-cluster-2-1  | 16-Sep-2026 18:10:42 [boincserver] No tasks sent
client-cluster-2-1  | 16-Sep-2026 18:10:42 [boincserver] This computer has reached a limit on tasks in progress
client-cluster-2-1  | 16-Sep-2026 18:10:42 [boincserver] Project requested delay of 7 seconds
client-cluster-2-1  | 16-Sep-2026 18:10:43 [boincserver] Computation for task exp_20260916T180210Z_random_medium_9_0 finished
client-desktop-1    | 16-Sep-2026 18:10:30 [boincserver] Computation for task exp_20260916T180210Z_random_medium_10_0 finished
client-desktop-1    | 16-Sep-2026 18:10:30 [boincserver] Starting task exp_20260916T180210Z_random_long_1_0
client-desktop-1    | 16-Sep-2026 18:10:32 [boincserver] Started upload of exp_20260916T180210Z_random_medium_10_0_r824623022_0
client-desktop-1    | 16-Sep-2026 18:10:34 [boincserver] Finished upload of exp_20260916T180210Z_random_medium_10_0_r824623022_0
client-desktop-1    | 16-Sep-2026 18:10:34 [boincserver] Sending scheduler request: To report completed tasks.
client-desktop-1    | 16-Sep-2026 18:10:34 [boincserver] Reporting 1 completed tasks
client-cluster-2-1  | 16-Sep-2026 18:10:43 [boincserver] Elapsed time limit 50.000000 < 120.000000; setting to 43200.000000
client-cluster-2-1  | 16-Sep-2026 18:10:43 [boincserver] Starting task exp_20260916T180210Z_random_short_3_0
client-cluster-2-1  | 16-Sep-2026 18:10:44 [boincserver] Started upload of exp_20260916T180210Z_random_medium_2_0_r1517254320_0
client-phone-2-1    | 16-Sep-2026 18:12:23 [boincserver] Computation for task exp_20260916T180210Z_random_medium_6_0 finished
client-phone-2-1    | 16-Sep-2026 18:12:26 [boincserver] Started upload of exp_20260916T180210Z_random_medium_6_0_r261183863_0
client-phone-2-1    | 16-Sep-2026 18:12:28 [boincserver] Finished upload of exp_20260916T180210Z_random_medium_6_0_r261183863_0
client-phone-2-1    | 16-Sep-2026 18:12:28 [boincserver] Sending scheduler request: To report completed tasks.
client-phone-2-1    | 16-Sep-2026 18:12:28 [boincserver] Reporting 1 completed tasks
client-phone-2-1    | 16-Sep-2026 18:12:28 [boincserver] Requesting new tasks for CPU
client-phone-2-1    | 16-Sep-2026 18:12:30 [boincserver] Scheduler request completed: got 0 new tasks
client-phone-2-1    | 16-Sep-2026 18:12:30 [boincserver] Project has no tasks available
client-phone-2-1    | 16-Sep-2026 18:12:30 [boincserver] Project requested delay of 7 seconds
client-desktop-1    | 16-Sep-2026 18:10:34 [boincserver] Requesting new tasks for CPU
client-desktop-1    | 16-Sep-2026 18:10:36 [boincserver] Scheduler request completed: got 1 new tasks
client-phone-1      | 16-Sep-2026 18:09:51 [boincserver] Finished download of hybrid_synthetic_1.0_aarch64-unknown-linux-gnu
client-phone-1      | 16-Sep-2026 18:09:51 [boincserver] Finished download of hybrid_synthetic_input.txt
client-phone-1      | 16-Sep-2026 18:09:51 [boincserver] Starting task exp_20260916T180210Z_random_long_3_0
client-phone-1      | 16-Sep-2026 18:09:57 [boincserver] Sending scheduler request: To fetch work.
client-phone-1      | 16-Sep-2026 18:09:57 [boincserver] Requesting new tasks for CPU
client-phone-1      | 16-Sep-2026 18:09:59 [boincserver] Scheduler request completed: got 1 new tasks
client-phone-1      | 16-Sep-2026 18:09:59 [boincserver] Project requested delay of 7 seconds
client-phone-1      | 16-Sep-2026 18:10:09 [boincserver] Sending scheduler request: To fetch work.
client-phone-1      | 16-Sep-2026 18:10:09 [boincserver] Requesting new tasks for CPU
client-phone-1      | 16-Sep-2026 18:10:11 [boincserver] Scheduler request completed: got 0 new tasks
client-phone-1      | 16-Sep-2026 18:10:11 [boincserver] No tasks sent
client-phone-1      | 16-Sep-2026 18:10:11 [boincserver] This computer has reached a limit on tasks in progress
client-phone-1      | 16-Sep-2026 18:10:11 [boincserver] Project requested delay of 7 seconds
client-phone-1      | 16-Sep-2026 18:12:03 [boincserver] Computation for task exp_20260916T180210Z_random_long_3_0 finished
client-cluster-2-1  | 16-Sep-2026 18:10:45 [boincserver] Started upload of exp_20260916T180210Z_random_medium_9_0_r943859411_0
client-cluster-2-1  | 16-Sep-2026 18:10:46 [boincserver] Finished upload of exp_20260916T180210Z_random_medium_2_0_r1517254320_0
client-cluster-2-1  | 16-Sep-2026 18:10:46 [boincserver] Finished upload of exp_20260916T180210Z_random_medium_9_0_r943859411_0
client-cluster-2-1  | 16-Sep-2026 18:10:51 [boincserver] Computation for task exp_20260916T180210Z_random_short_3_0 finished
client-cluster-2-1  | 16-Sep-2026 18:10:51 [boincserver] Elapsed time limit 50.000000 < 120.000000; setting to 43200.000000
client-cluster-2-1  | 16-Sep-2026 18:10:51 [boincserver] Starting task exp_20260916T180210Z_random_short_7_0
client-cluster-2-1  | 16-Sep-2026 18:10:52 [boincserver] Computation for task exp_20260916T180210Z_random_medium_4_0 finished
client-cluster-2-1  | 16-Sep-2026 18:10:52 [boincserver] Elapsed time limit 50.000000 < 120.000000; setting to 43200.000000
client-cluster-2-1  | 16-Sep-2026 18:10:52 [boincserver] Starting task exp_20260916T180210Z_random_short_10_0
client-cluster-2-1  | 16-Sep-2026 18:10:52 [boincserver] Sending scheduler request: To report completed tasks.
client-phone-2-1    | 16-Sep-2026 18:12:40 [boincserver] Sending scheduler request: To fetch work.
client-phone-2-1    | 16-Sep-2026 18:12:40 [boincserver] Requesting new tasks for CPU
client-phone-2-1    | 16-Sep-2026 18:12:42 [boincserver] Scheduler request completed: got 0 new tasks
client-phone-2-1    | 16-Sep-2026 18:12:42 [boincserver] Project has no tasks available
client-phone-2-1    | 16-Sep-2026 18:12:42 [boincserver] Project requested delay of 7 seconds
client-phone-1      | 16-Sep-2026 18:12:03 [boincserver] Starting task exp_20260916T180210Z_random_medium_8_0
client-phone-1      | 16-Sep-2026 18:12:05 [boincserver] Started upload of exp_20260916T180210Z_random_long_3_0_r2085272095_0
client-phone-1      | 16-Sep-2026 18:12:07 [boincserver] Finished upload of exp_20260916T180210Z_random_long_3_0_r2085272095_0
client-phone-1      | 16-Sep-2026 18:12:10 [boincserver] Sending scheduler request: To report completed tasks.
client-phone-1      | 16-Sep-2026 18:12:10 [boincserver] Reporting 1 completed tasks
client-phone-1      | 16-Sep-2026 18:12:10 [boincserver] Requesting new tasks for CPU
client-phone-1      | 16-Sep-2026 18:12:18 [boincserver] Scheduler request completed: got 0 new tasks
client-phone-1      | 16-Sep-2026 18:12:18 [boincserver] Project has no tasks available
client-phone-1      | 16-Sep-2026 18:12:18 [boincserver] Project requested delay of 7 seconds
client-phone-1      | 16-Sep-2026 18:12:28 [boincserver] Sending scheduler request: To fetch work.
client-phone-1      | 16-Sep-2026 18:12:28 [boincserver] Requesting new tasks for CPU
client-phone-1      | 16-Sep-2026 18:12:30 [boincserver] Scheduler request completed: got 0 new tasks
client-phone-1      | 16-Sep-2026 18:12:30 [boincserver] Project has no tasks available
client-phone-1      | 16-Sep-2026 18:12:30 [boincserver] Project requested delay of 7 seconds
client-low-power-1  | 16-Sep-2026 18:12:56 [boincserver] Scheduler request completed: got 0 new tasks
client-low-power-1  | 16-Sep-2026 18:12:56 [boincserver] Project has no tasks available
client-low-power-1  | 16-Sep-2026 18:12:56 [boincserver] Project requested delay of 7 seconds
client-cluster-2-1  | 16-Sep-2026 18:10:52 [boincserver] Reporting 2 completed tasks
client-phone-1      | 16-Sep-2026 18:12:38 [boincserver] Computation for task exp_20260916T180210Z_random_medium_8_0 finished
client-phone-1      | 16-Sep-2026 18:12:40 [boincserver] Started upload of exp_20260916T180210Z_random_medium_8_0_r838250717_0
client-phone-1      | 16-Sep-2026 18:12:52 [boincserver] Finished upload of exp_20260916T180210Z_random_medium_8_0_r838250717_0
client-phone-1      | 16-Sep-2026 18:12:52 [boincserver] Sending scheduler request: To report completed tasks.
client-phone-1      | 16-Sep-2026 18:12:52 [boincserver] Reporting 1 completed tasks
client-cluster-2-1  | 16-Sep-2026 18:10:52 [boincserver] Requesting new tasks for CPU
client-cluster-2-1  | 16-Sep-2026 18:10:53 [boincserver] Started upload of exp_20260916T180210Z_random_short_3_0_r850937067_0
client-cluster-2-1  | 16-Sep-2026 18:10:54 [boincserver] Finished upload of exp_20260916T180210Z_random_short_3_0_r850937067_0
client-cluster-2-1  | 16-Sep-2026 18:10:54 [boincserver] Started upload of exp_20260916T180210Z_random_medium_4_0_r159584598_0
client-cluster-2-1  | 16-Sep-2026 18:10:56 [boincserver] Finished upload of exp_20260916T180210Z_random_medium_4_0_r159584598_0
client-cluster-2-1  | 16-Sep-2026 18:10:59 [boincserver] Computation for task exp_20260916T180210Z_random_short_7_0 finished
client-cluster-2-1  | 16-Sep-2026 18:10:59 [boincserver] Scheduler request completed: got 1 new tasks
client-phone-1      | 16-Sep-2026 18:12:52 [boincserver] Requesting new tasks for CPU
client-phone-1      | 16-Sep-2026 18:12:54 [boincserver] Scheduler request completed: got 0 new tasks
client-phone-1      | 16-Sep-2026 18:12:54 [boincserver] Project has no tasks available
client-phone-1      | 16-Sep-2026 18:12:54 [boincserver] Project requested delay of 7 seconds
client-desktop-1    | 16-Sep-2026 18:10:36 [boincserver] Project requested delay of 7 seconds
client-desktop-1    | 16-Sep-2026 18:10:50 [boincserver] Sending scheduler request: To fetch work.
client-desktop-1    | 16-Sep-2026 18:10:50 [boincserver] Requesting new tasks for CPU
client-desktop-1    | 16-Sep-2026 18:10:52 [boincserver] Scheduler request completed: got 0 new tasks
client-desktop-1    | 16-Sep-2026 18:10:52 [boincserver] No tasks sent
client-desktop-1    | 16-Sep-2026 18:10:52 [boincserver] This computer has reached a limit on tasks in progress
client-desktop-1    | 16-Sep-2026 18:10:52 [boincserver] Project requested delay of 7 seconds
client-desktop-1    | 16-Sep-2026 18:11:50 [boincserver] Computation for task exp_20260916T180210Z_random_long_4_0 finished
client-phone-1      | 16-Sep-2026 18:13:04 [boincserver] Sending scheduler request: To fetch work.
client-phone-1      | 16-Sep-2026 18:13:04 [boincserver] Requesting new tasks for CPU
client-phone-1      | 16-Sep-2026 18:13:10 [boincserver] Scheduler request completed: got 0 new tasks
client-phone-1      | 16-Sep-2026 18:13:10 [boincserver] Project has no tasks available
client-cluster-2-1  | 16-Sep-2026 18:10:59 [boincserver] Project requested delay of 7 seconds
client-cluster-2-1  | 16-Sep-2026 18:11:00 [boincserver] Computation for task exp_20260916T180210Z_random_short_10_0 finished
client-cluster-2-1  | 16-Sep-2026 18:11:01 [boincserver] Started upload of exp_20260916T180210Z_random_short_7_0_r1173052900_0
client-cluster-2-1  | 16-Sep-2026 18:11:01 [boincserver] Elapsed time limit 50.000000 < 120.000000; setting to 43200.000000
client-cluster-1    | 16-Sep-2026 18:10:35 [boincserver] Computation for task exp_20260916T180210Z_random_short_12_0 finished
client-cluster-1    | 16-Sep-2026 18:10:35 [boincserver] Sending scheduler request: To fetch work.
client-cluster-1    | 16-Sep-2026 18:10:35 [boincserver] Reporting 4 completed tasks
client-cluster-1    | 16-Sep-2026 18:10:35 [boincserver] Requesting new tasks for CPU
client-desktop-1    | 16-Sep-2026 18:11:50 [boincserver] Starting task exp_20260916T180210Z_random_medium_7_0
client-desktop-1    | 16-Sep-2026 18:11:52 [boincserver] Started upload of exp_20260916T180210Z_random_long_4_0_r528637454_0
client-desktop-1    | 16-Sep-2026 18:11:54 [boincserver] Finished upload of exp_20260916T180210Z_random_long_4_0_r528637454_0
client-desktop-1    | 16-Sep-2026 18:11:55 [boincserver] Sending scheduler request: To report completed tasks.
client-cluster-1    | 16-Sep-2026 18:10:36 [boincserver] Started upload of exp_20260916T180210Z_random_short_9_0_r1513494289_0
client-cluster-1    | 16-Sep-2026 18:10:37 [boincserver] Finished upload of exp_20260916T180210Z_random_medium_11_0_r1026196285_0
client-cluster-1    | 16-Sep-2026 18:10:37 [boincserver] Finished upload of exp_20260916T180210Z_random_short_9_0_r1513494289_0
client-cluster-1    | 16-Sep-2026 18:10:37 [boincserver] Started upload of exp_20260916T180210Z_random_short_12_0_r1667937674_0
client-cluster-1    | 16-Sep-2026 18:10:37 [boincserver] Scheduler request completed: got 4 new tasks
client-cluster-2-1  | 16-Sep-2026 18:11:01 [boincserver] Starting task exp_20260916T180210Z_random_short_2_0
client-cluster-2-1  | 16-Sep-2026 18:11:02 [boincserver] Started upload of exp_20260916T180210Z_random_short_10_0_r453448537_0
client-cluster-2-1  | 16-Sep-2026 18:11:03 [boincserver] Finished upload of exp_20260916T180210Z_random_short_7_0_r1173052900_0
client-cluster-2-1  | 16-Sep-2026 18:11:03 [boincserver] Finished upload of exp_20260916T180210Z_random_short_10_0_r453448537_0
client-cluster-2-1  | 16-Sep-2026 18:11:09 [boincserver] Computation for task exp_20260916T180210Z_random_short_2_0 finished
client-cluster-2-1  | 16-Sep-2026 18:11:09 [boincserver] Sending scheduler request: To report completed tasks.
client-cluster-2-1  | 16-Sep-2026 18:11:09 [boincserver] Reporting 4 completed tasks
client-cluster-2-1  | 16-Sep-2026 18:11:09 [boincserver] Requesting new tasks for CPU
client-cluster-2-1  | 16-Sep-2026 18:11:11 [boincserver] Started upload of exp_20260916T180210Z_random_short_2_0_r256018101_0
client-cluster-2-1  | 16-Sep-2026 18:11:11 [boincserver] Scheduler request completed: got 0 new tasks
client-cluster-2-1  | 16-Sep-2026 18:11:11 [boincserver] Project has no tasks available
client-cluster-2-1  | 16-Sep-2026 18:11:11 [boincserver] Project requested delay of 7 seconds
client-cluster-2-1  | 16-Sep-2026 18:11:13 [boincserver] Finished upload of exp_20260916T180210Z_random_short_2_0_r256018101_0
client-desktop-1    | 16-Sep-2026 18:11:55 [boincserver] Reporting 1 completed tasks
client-desktop-1    | 16-Sep-2026 18:11:55 [boincserver] Requesting new tasks for CPU
client-desktop-1    | 16-Sep-2026 18:11:57 [boincserver] Scheduler request completed: got 0 new tasks
client-phone-1      | 16-Sep-2026 18:13:10 [boincserver] Project requested delay of 7 seconds
client-desktop-1    | 16-Sep-2026 18:11:57 [boincserver] Project has no tasks available
client-desktop-1    | 16-Sep-2026 18:11:57 [boincserver] Project requested delay of 7 seconds
client-cluster-1    | 16-Sep-2026 18:10:37 [boincserver] Project requested delay of 7 seconds
client-cluster-1    | 16-Sep-2026 18:10:39 [boincserver] Finished upload of exp_20260916T180210Z_random_short_12_0_r1667937674_0
client-cluster-1    | 16-Sep-2026 18:10:39 [boincserver] Elapsed time limit 50.000000 < 120.000000; setting to 43200.000000
client-cluster-1    | 16-Sep-2026 18:10:39 [boincserver] Elapsed time limit 50.000000 < 120.000000; setting to 43200.000000
client-cluster-1    | 16-Sep-2026 18:10:39 [boincserver] Starting task exp_20260916T180210Z_random_short_14_0
client-cluster-1    | 16-Sep-2026 18:10:39 [boincserver] Starting task exp_20260916T180210Z_random_short_11_0
client-cluster-1    | 16-Sep-2026 18:10:39 [boincserver] Starting task exp_20260916T180210Z_random_medium_5_0
client-cluster-1    | 16-Sep-2026 18:10:47 [boincserver] Computation for task exp_20260916T180210Z_random_medium_1_0 finished
client-cluster-1    | 16-Sep-2026 18:10:47 [boincserver] Elapsed time limit 50.000000 < 120.000000; setting to 43200.000000
client-cluster-1    | 16-Sep-2026 18:10:47 [boincserver] Starting task exp_20260916T180210Z_random_short_13_0
client-cluster-1    | 16-Sep-2026 18:10:47 [boincserver] Sending scheduler request: To report completed tasks.
client-desktop-1    | 16-Sep-2026 18:12:07 [boincserver] Sending scheduler request: To fetch work.
client-desktop-1    | 16-Sep-2026 18:12:07 [boincserver] Requesting new tasks for CPU
client-desktop-1    | 16-Sep-2026 18:12:09 [boincserver] Scheduler request completed: got 0 new tasks
client-desktop-1    | 16-Sep-2026 18:12:09 [boincserver] Project has no tasks available
client-cluster-1    | 16-Sep-2026 18:10:47 [boincserver] Reporting 3 completed tasks
client-cluster-1    | 16-Sep-2026 18:10:47 [boincserver] Requesting new tasks for CPU
client-cluster-1    | 16-Sep-2026 18:10:48 [boincserver] Computation for task exp_20260916T180210Z_random_short_14_0 finished
client-cluster-1    | 16-Sep-2026 18:10:49 [boincserver] Started upload of exp_20260916T180210Z_random_medium_1_0_r2021902405_0
client-cluster-2-1  | 16-Sep-2026 18:11:14 [boincserver] Computation for task exp_20260916T180210Z_random_medium_3_0 finished
client-cluster-2-1  | 16-Sep-2026 18:11:16 [boincserver] Started upload of exp_20260916T180210Z_random_medium_3_0_r1837020804_0
client-cluster-2-1  | 16-Sep-2026 18:11:18 [boincserver] Finished upload of exp_20260916T180210Z_random_medium_3_0_r1837020804_0
client-cluster-2-1  | 16-Sep-2026 18:11:30 [boincserver] Sending scheduler request: To report completed tasks.
client-cluster-1    | 16-Sep-2026 18:10:49 [boincserver] Computation for task exp_20260916T180210Z_random_short_11_0 finished
client-cluster-1    | 16-Sep-2026 18:10:50 [boincserver] Started upload of exp_20260916T180210Z_random_short_14_0_r1949354537_0
client-cluster-1    | 16-Sep-2026 18:10:51 [boincserver] Finished upload of exp_20260916T180210Z_random_medium_1_0_r2021902405_0
client-cluster-1    | 16-Sep-2026 18:10:51 [boincserver] Finished upload of exp_20260916T180210Z_random_short_14_0_r1949354537_0
client-cluster-1    | 16-Sep-2026 18:10:51 [boincserver] Started upload of exp_20260916T180210Z_random_short_11_0_r1946328786_0
client-cluster-2-1  | 16-Sep-2026 18:11:30 [boincserver] Reporting 2 completed tasks
client-cluster-2-1  | 16-Sep-2026 18:11:30 [boincserver] Requesting new tasks for CPU
client-cluster-2-1  | 16-Sep-2026 18:11:32 [boincserver] Scheduler request completed: got 0 new tasks
client-cluster-1    | 16-Sep-2026 18:10:53 [boincserver] Finished upload of exp_20260916T180210Z_random_short_11_0_r1946328786_0
client-cluster-1    | 16-Sep-2026 18:10:54 [boincserver] Scheduler request completed: got 2 new tasks
client-cluster-1    | 16-Sep-2026 18:10:54 [boincserver] Project requested delay of 7 seconds
client-cluster-1    | 16-Sep-2026 18:10:55 [boincserver] Computation for task exp_20260916T180210Z_random_short_13_0 finished
client-cluster-2-1  | 16-Sep-2026 18:11:32 [boincserver] Project has no tasks available
client-cluster-2-1  | 16-Sep-2026 18:11:32 [boincserver] Project requested delay of 7 seconds
client-cluster-2-1  | 16-Sep-2026 18:11:42 [boincserver] Sending scheduler request: To fetch work.
client-cluster-2-1  | 16-Sep-2026 18:11:42 [boincserver] Requesting new tasks for CPU
client-cluster-2-1  | 16-Sep-2026 18:11:48 [boincserver] Scheduler request completed: got 0 new tasks
client-cluster-2-1  | 16-Sep-2026 18:11:48 [boincserver] Project has no tasks available
client-cluster-2-1  | 16-Sep-2026 18:11:48 [boincserver] Project requested delay of 7 seconds
client-cluster-2-1  | 16-Sep-2026 18:11:54 [boincserver] Computation for task exp_20260916T180210Z_random_long_2_0 finished
client-cluster-2-1  | 16-Sep-2026 18:11:56 [boincserver] Started upload of exp_20260916T180210Z_random_long_2_0_r1659246919_0
client-cluster-2-1  | 16-Sep-2026 18:11:58 [boincserver] Finished upload of exp_20260916T180210Z_random_long_2_0_r1659246919_0
client-cluster-2-1  | 16-Sep-2026 18:11:58 [boincserver] Sending scheduler request: To report completed tasks.
client-cluster-2-1  | 16-Sep-2026 18:11:58 [boincserver] Reporting 1 completed tasks
client-cluster-2-1  | 16-Sep-2026 18:11:58 [boincserver] Requesting new tasks for CPU
client-cluster-2-1  | 16-Sep-2026 18:12:00 [boincserver] Scheduler request completed: got 0 new tasks
client-cluster-2-1  | 16-Sep-2026 18:12:00 [boincserver] Project has no tasks available
client-cluster-2-1  | 16-Sep-2026 18:12:00 [boincserver] Project requested delay of 7 seconds
client-cluster-2-1  | 16-Sep-2026 18:12:10 [boincserver] Sending scheduler request: To fetch work.
client-cluster-2-1  | 16-Sep-2026 18:12:10 [boincserver] Requesting new tasks for CPU
client-cluster-2-1  | 16-Sep-2026 18:12:27 [boincserver] Scheduler request completed: got 0 new tasks
client-cluster-2-1  | 16-Sep-2026 18:12:27 [boincserver] Project has no tasks available
client-cluster-2-1  | 16-Sep-2026 18:12:27 [boincserver] Project requested delay of 7 seconds
client-desktop-1    | 16-Sep-2026 18:12:09 [boincserver] Project requested delay of 7 seconds
client-desktop-1    | 16-Sep-2026 18:12:33 [boincserver] Computation for task exp_20260916T180210Z_random_long_1_0 finished
client-desktop-1    | 16-Sep-2026 18:12:33 [boincserver] Elapsed time limit 50.000000 < 120.000000; setting to 43200.000000
client-desktop-1    | 16-Sep-2026 18:12:33 [boincserver] Starting task exp_20260916T180210Z_random_short_16_0
client-cluster-1    | 16-Sep-2026 18:10:56 [boincserver] Elapsed time limit 50.000000 < 120.000000; setting to 43200.000000
client-cluster-1    | 16-Sep-2026 18:10:56 [boincserver] Elapsed time limit 50.000000 < 120.000000; setting to 43200.000000
client-cluster-1    | 16-Sep-2026 18:10:56 [boincserver] Starting task exp_20260916T180210Z_random_short_1_0
client-cluster-1    | 16-Sep-2026 18:10:56 [boincserver] Starting task exp_20260916T180210Z_random_short_4_0
client-cluster-1    | 16-Sep-2026 18:10:57 [boincserver] Started upload of exp_20260916T180210Z_random_short_13_0_r72207262_0
client-cluster-1    | 16-Sep-2026 18:10:59 [boincserver] Finished upload of exp_20260916T180210Z_random_short_13_0_r72207262_0
client-cluster-1    | 16-Sep-2026 18:11:04 [boincserver] Computation for task exp_20260916T180210Z_random_short_1_0 finished
client-cluster-1    | 16-Sep-2026 18:11:04 [boincserver] Sending scheduler request: To report completed tasks.
client-cluster-1    | 16-Sep-2026 18:11:04 [boincserver] Reporting 4 completed tasks
client-cluster-1    | 16-Sep-2026 18:11:04 [boincserver] Requesting new tasks for CPU
client-cluster-1    | 16-Sep-2026 18:11:05 [boincserver] Computation for task exp_20260916T180210Z_random_short_4_0 finished
client-desktop-1    | 16-Sep-2026 18:12:34 [boincserver] Computation for task exp_20260916T180210Z_random_medium_7_0 finished
client-desktop-1    | 16-Sep-2026 18:12:35 [boincserver] Started upload of exp_20260916T180210Z_random_long_1_0_r326842424_0
client-cluster-1    | 16-Sep-2026 18:11:06 [boincserver] Started upload of exp_20260916T180210Z_random_short_1_0_r1392604721_0
client-cluster-1    | 16-Sep-2026 18:11:06 [boincserver] Scheduler request completed: got 0 new tasks
client-desktop-1    | 16-Sep-2026 18:12:36 [boincserver] Started upload of exp_20260916T180210Z_random_medium_7_0_r584687156_0
client-desktop-1    | 16-Sep-2026 18:12:37 [boincserver] Finished upload of exp_20260916T180210Z_random_long_1_0_r326842424_0
client-desktop-1    | 16-Sep-2026 18:12:37 [boincserver] Finished upload of exp_20260916T180210Z_random_medium_7_0_r584687156_0
client-desktop-1    | 16-Sep-2026 18:12:41 [boincserver] Computation for task exp_20260916T180210Z_random_short_16_0 finished
client-desktop-1    | 16-Sep-2026 18:12:41 [boincserver] Sending scheduler request: To report completed tasks.
client-desktop-1    | 16-Sep-2026 18:12:41 [boincserver] Reporting 2 completed tasks
client-desktop-1    | 16-Sep-2026 18:12:41 [boincserver] Requesting new tasks for CPU
client-cluster-1    | 16-Sep-2026 18:11:06 [boincserver] Project has no tasks available
client-cluster-1    | 16-Sep-2026 18:11:06 [boincserver] Project requested delay of 7 seconds
client-cluster-1    | 16-Sep-2026 18:11:07 [boincserver] Started upload of exp_20260916T180210Z_random_short_4_0_r1926322331_0
client-cluster-1    | 16-Sep-2026 18:11:08 [boincserver] Finished upload of exp_20260916T180210Z_random_short_1_0_r1392604721_0
client-cluster-1    | 16-Sep-2026 18:11:08 [boincserver] Finished upload of exp_20260916T180210Z_random_short_4_0_r1926322331_0
client-cluster-1    | 16-Sep-2026 18:11:20 [boincserver] Computation for task exp_20260916T180210Z_random_medium_5_0 finished
client-cluster-1    | 16-Sep-2026 18:11:20 [boincserver] Sending scheduler request: To report completed tasks.
client-cluster-1    | 16-Sep-2026 18:11:20 [boincserver] Reporting 2 completed tasks
client-cluster-1    | 16-Sep-2026 18:11:20 [boincserver] Requesting new tasks for CPU
client-desktop-1    | 16-Sep-2026 18:12:43 [boincserver] Started upload of exp_20260916T180210Z_random_short_16_0_r1989174843_0
client-desktop-1    | 16-Sep-2026 18:12:43 [boincserver] Scheduler request completed: got 0 new tasks
client-cluster-1    | 16-Sep-2026 18:11:22 [boincserver] Started upload of exp_20260916T180210Z_random_medium_5_0_r1979757839_0
client-cluster-1    | 16-Sep-2026 18:11:22 [boincserver] Scheduler request completed: got 0 new tasks
client-cluster-1    | 16-Sep-2026 18:11:22 [boincserver] Project has no tasks available
client-cluster-1    | 16-Sep-2026 18:11:22 [boincserver] Project requested delay of 7 seconds
client-cluster-1    | 16-Sep-2026 18:11:24 [boincserver] Finished upload of exp_20260916T180210Z_random_medium_5_0_r1979757839_0
client-cluster-1    | 16-Sep-2026 18:11:32 [boincserver] Sending scheduler request: To report completed tasks.
client-cluster-1    | 16-Sep-2026 18:11:32 [boincserver] Reporting 1 completed tasks
client-desktop-1    | 16-Sep-2026 18:12:43 [boincserver] Project has no tasks available
client-desktop-1    | 16-Sep-2026 18:12:43 [boincserver] Project requested delay of 7 seconds
client-desktop-1    | 16-Sep-2026 18:12:46 [boincserver] Finished upload of exp_20260916T180210Z_random_short_16_0_r1989174843_0
client-desktop-1    | 16-Sep-2026 18:12:54 [boincserver] Sending scheduler request: To report completed tasks.
client-desktop-1    | 16-Sep-2026 18:12:54 [boincserver] Reporting 1 completed tasks
client-desktop-1    | 16-Sep-2026 18:12:54 [boincserver] Requesting new tasks for CPU
client-desktop-1    | 16-Sep-2026 18:12:56 [boincserver] Scheduler request completed: got 0 new tasks
client-desktop-1    | 16-Sep-2026 18:12:56 [boincserver] Project has no tasks available
client-desktop-1    | 16-Sep-2026 18:12:56 [boincserver] Project requested delay of 7 seconds
client-desktop-1    | 16-Sep-2026 18:13:06 [boincserver] Sending scheduler request: To fetch work.
client-desktop-1    | 16-Sep-2026 18:13:06 [boincserver] Requesting new tasks for CPU
client-cluster-1    | 16-Sep-2026 18:11:32 [boincserver] Requesting new tasks for CPU
client-cluster-1    | 16-Sep-2026 18:11:34 [boincserver] Scheduler request completed: got 0 new tasks
client-cluster-1    | 16-Sep-2026 18:11:34 [boincserver] Project has no tasks available
client-cluster-1    | 16-Sep-2026 18:11:34 [boincserver] Project requested delay of 7 seconds
client-cluster-1    | 16-Sep-2026 18:11:44 [boincserver] Sending scheduler request: To fetch work.
client-cluster-1    | 16-Sep-2026 18:11:44 [boincserver] Requesting new tasks for CPU
client-cluster-1    | 16-Sep-2026 18:11:51 [boincserver] Scheduler request completed: got 0 new tasks
client-cluster-1    | 16-Sep-2026 18:11:51 [boincserver] Project has no tasks available
client-cluster-1    | 16-Sep-2026 18:11:51 [boincserver] Project requested delay of 7 seconds
